#-----------------------------------------------------------
# xsim v2025.2 (64-bit)
# SW Build 6299465 on Fri Nov 14 12:34:56 MST 2025
# IP Build 6300035 on Fri Nov 14 10:48:45 MST 2025
# SharedData Build 6298862 on Thu Nov 13 04:50:51 MST 2025
# Start of session at: Thu Sep 10 18:11:43 2026
# Process ID         : 3583114
# Current directory  : /home/nashita/Desktop/practice/axi_xbar/sim
# Command line       : xsim -log regress_results/BT_run18.log -mode tcl -source {xsim.dir/tb_top_snap/xsim_script.tcl}
# Log file           : /home/nashita/Desktop/practice/axi_xbar/sim/regress_results/BT_run18.log
# Journal file       : /home/nashita/Desktop/practice/axi_xbar/sim/xsim.jou
# Running On         : vlsi-vivado
# Platform           : Ubuntu
# Operating System   : Ubuntu 24.04.4 LTS
# Processor Detail   : Intel(R) Core(TM) i5-10400 CPU @ 2.90GHz
# CPU Frequency      : 4002.974 MHz
# CPU Physical cores : 6
# CPU Logical cores  : 12
# Host memory        : 41875 MB
# Swap memory        : 27648 MB
# Total Virtual      : 69524 MB
# Available Virtual  : 62647 MB
#-----------------------------------------------------------
source xsim.dir/tb_top_snap/xsim_script.tcl
# xsim {tb_top_snap} -testplusarg BT -autoloadwcfg -runall -sv_seed 19
Time resolution is 1 ps
run -all
[0] RUNNING BASE TEST
[0] INSIDE THE BASE TEST CONSTRUCTOR
[0] ENV: before agent
[0] SLAVE CONSTRUCTED
[0] MASTER MONITOR CONSTRUCTED
[0] MASTER MONITOR CONSTRUCTED
[0] SLAVE MONITOR CONSTRUCTED
[0] SLAVE MONITOR CONSTRUCTED
[0] ARB MONITOR CONSTRUCTED
GENERATOR CONSTRUCTED
[0] ENV: after agent
[0] ENV: before scoreboard
[0] ENV: after scoreboard
[15000] [SEQUENCER] mst_id=0 s_id=0 awaddr=1e8ed080 awid=1110 awlen=3 awsize=1 awburst=0 wdata=[a80fa813dccf1881 e4da50f8d0bd33df eb9cf922d7c0f101 b49009822352a58c ] wstrb=[36 6b 7a 37 ] bresp=0 bid=0
[15000] [SEQUENCER] READ mst_id=0 s_id=0 araddr=6ab20f8 arid=1 arlen=1 arsize=3 arburst=1 rid=[] rresp=[] rdata=[]
[15000] [SEQUENCER] READ mst_id=1 s_id=0 araddr=12884aa0 arid=0 arlen=1 arsize=3 arburst=1 rid=[] rresp=[] rdata=[]
[15000] [SEQUENCER] READ mst_id=0 s_id=0 araddr=174b0990 arid=2 arlen=1 arsize=3 arburst=1 rid=[] rresp=[] rdata=[]
[15000] [SEQUENCER] mst_id=1 s_id=0 awaddr=1c43eda0 awid=100 awlen=7 awsize=3 awburst=2 wdata=[c7b116221b46164d a929659b327b2e5d 1b6d6c22cd90a844 e8d6be919a95329e cd1060fbe31e8244 b0af2a889200242c 2c9556cbe87dcd1d cb9c4f629985e919 ] wstrb=[c6 46 ea e4 11 4 46 d7 ] bresp=0 bid=0
[15000] MASTER_DRIVER0 received transaction, op=AXI_WRITE
[15000] MASTER_DRIVER1 received transaction, op=AXI_READ
[35000] MASTER 0 AW_VALID_RDY Handshake
[35000] MASTER_DRIVER1 received transaction, op=AXI_WRITE
[45000] ARB MONITOR: slave=1 m0_req=1 m1_req=0 winner=0
[45000] ARB MONITOR: slave=1 m0_req=0 m1_req=1 winner=1
[45000] AXI S0_ARVALID_RDY HANDSHAKE
[45000] MEMORY READ MISS beat=0 addr=12884aa0 -> default data id=16
[45000] AXI S1_AWVALID_RDY HANDSHAKE
[55000] MEMORY READ MISS beat=1 addr=12884aa8 -> default data id=16
[55000] SLAVE 1 R_VALID_RDY Handshake beat=0 rlast=0
[55000] MASTER 1 AW_VALID_RDY Handshake
[55000] MASTER 0 W_VALID_RDY Handshake beat=0 wlast=0
[65000] MASTER 0 W_VALID_RDY Handshake beat=1 wlast=0
[65000] SLAVE 1 R_VALID_RDY Handshake beat=1 rlast=1
[65000] [SLAVE MONITOR] READ mst_id=1 s_id=1 araddr=12884aa0 arid=0 arlen=1 arsize=3 arburst=1 rid=[1010] rresp=[00] rdata=[baadf00d12345678baadf00d12345678]
[65000] S1 MEMORY WRITE beat=0 addr=1e8ed080 data=a80fa813dccf1881 id=0e
[75000] S1 MEMORY WRITE beat=1 addr=1e8ed080 data=e4da50f8d0bd33df id=0e
[75000] MASTER 1 R_VALID_RDY Handshake beat=0 rlast=0
[75000] MASTER 1 W_VALID_RDY Handshake beat=0 wlast=0
[75000] MASTER 0 W_VALID_RDY Handshake beat=2 wlast=0
[85000] [MASTER DRIVER] READ mst_id=1 s_id=0 araddr=12884aa0 arid=0 arlen=1 arsize=3 arburst=1 rid=[00] rresp=[00] rdata=[baadf00d12345678baadf00d12345678]
[85000] MASTER_DRIVER0 received transaction, op=AXI_READ
[85000] MASTER 0 W_VALID_RDY Handshake beat=3 wlast=1
[85000] MASTER 1 W_VALID_RDY Handshake beat=1 wlast=0
[85000] MASTER 1 R_VALID_RDY Handshake beat=1 rlast=1
[85000] [MASTER MONITOR] READ mst_id=1 s_id=1 araddr=12884aa0 arid=0 arlen=1 arsize=3 arburst=1 rid=[00] rresp=[00] rdata=[baadf00d12345678baadf00d12345678]
[85000] S1 MEMORY WRITE beat=2 addr=1e8ed080 data=eb9cf922d7c0f101 id=0e
[85000] SCOREBOARD MATCH: decode_err expected = 0, actual =0
[85000] SCOREBOARD MATCH: slave_id expected = 1, actual =1
[85000] SCOREBOARD MATCH: araddr passthrough expected = 12884aa0, actual =12884aa0
[85000] SCOREBOARD MATCH: arlen passthrough expected = 1, actual =1
[85000] SCOREBOARD MATCH: arsize passthrough expected = 3, actual =3
[85000] SCOREBOARD MATCH: arburst passthrough expected = 1, actual =1
[85000] SCOREBOARD MATCH: rdata size check expected = 2, actual =2
[85000] SCOREBOARD MATCH: rdata passthrough beat=0 expected = baadf00d12345678, actual =baadf00d12345678
[85000] SCOREBOARD MATCH: rdata passthrough beat=1 expected = baadf00d12345678, actual =baadf00d12345678
[85000] SCOREBOARD MATCH: rresp size check expected = 2, actual =2
[85000] SCOREBOARD MATCH: rresp passthrough beat=0 expected = 0, actual =0
[85000] SCOREBOARD MATCH: rresp passthrough beat=1 expected = 0, actual =0
[85000] SCOREBOARD MATCH: response routed to correct master (read beat 0) expected = 1, actual =1
[85000] SCOREBOARD MATCH: response routed to correct master (read beat 1) expected = 1, actual =1
[85000] [SCOREBOARD-M] READ mst_id=1 s_id=1 araddr=12884aa0 arid=0 arlen=1 arsize=3 arburst=1 rid=[00] rresp=[00] rdata=[baadf00d12345678baadf00d12345678]
[85000] [SCOREBOARD-S] READ mst_id=1 s_id=1 araddr=12884aa0 arid=0 arlen=1 arsize=3 arburst=1 rid=[1010] rresp=[00] rdata=[baadf00d12345678baadf00d12345678]
[85000] SCOREBOARD: Transaction 1 received. pass=14 fail=0
[85000] ALL PASS. Total transactions: 1
[95000] S1 MEMORY WRITE beat=3 addr=1e8ed080 data=b49009822352a58c id=0e
[95000] MASTER 1 W_VALID_RDY Handshake beat=2 wlast=0
[105000] MASTER_DRIVER0 received transaction, op=AXI_READ
[105000] MASTER 1 W_VALID_RDY Handshake beat=3 wlast=0
[105000] SLAVE1 sent B resp, id=14
[115000] AXI S1_AWVALID_RDY HANDSHAKE
[115000] AXI S0_ARVALID_RDY HANDSHAKE
[115000] MEMORY READ MISS beat=0 addr=6ab20f8 -> default data id=1
[115000] [SLAVE MONITOR] mst_id=0 s_id=1 awaddr=1e8ed080 awid=1110 awlen=3 awsize=1 awburst=0 wdata=[a80fa813dccf1881 e4da50f8d0bd33df eb9cf922d7c0f101 b49009822352a58c ] wstrb=[36 6b 7a 37 ] bresp=0 bid=1110
[115000] ARB MONITOR: slave=0 m0_req=1 m1_req=0 winner=0
[115000] ARB MONITOR: slave=1 m0_req=0 m1_req=1 winner=1
[115000] MASTER 1 W_VALID_RDY Handshake beat=4 wlast=0
[125000] MASTER 0 RECEIVED BRESP. BRESP=0
[125000] [MASTER DRIVER] mst_id=0 s_id=0 awaddr=1e8ed080 awid=1110 awlen=3 awsize=1 awburst=0 wdata=[a80fa813dccf1881 e4da50f8d0bd33df eb9cf922d7c0f101 b49009822352a58c ] wstrb=[36 6b 7a 37 ] bresp=0 bid=1110
[125000] MASTER 0 B_VALID_RDY Handshake
[125000] [MASTER MONITOR] mst_id=0 s_id=1 awaddr=1e8ed080 awid=1110 awlen=3 awsize=1 awburst=0 wdata=[a80fa813dccf1881 e4da50f8d0bd33df eb9cf922d7c0f101 b49009822352a58c ] wstrb=[36 6b 7a 37 ] bresp=0 bid=1110
[125000] MASTER 1 W_VALID_RDY Handshake beat=5 wlast=0
[125000] SLAVE 0 R_VALID_RDY Handshake beat=0 rlast=0
[125000] MEMORY READ MISS beat=1 addr=6ab2100 -> default data id=1
[125000] S1 MEMORY WRITE beat=0 addr=1c43eda0 data=c7b116221b46164d id=14
[125000] SCOREBOARD MATCH: decode_err expected = 0, actual =0
[125000] SCOREBOARD MATCH: slave_id expected = 1, actual =1
[125000] SCOREBOARD MATCH: awaddr passthrough expected = 1e8ed080, actual =1e8ed080
[125000] SCOREBOARD MATCH: awlen passthrough expected = 3, actual =3
[125000] SCOREBOARD MATCH: awsize passthrough expected = 1, actual =1
[125000] SCOREBOARD MATCH: awburst passthrough expected = 0, actual =0
[125000] SCOREBOARD MATCH: wdata size check expected = 4, actual =4
[125000] SCOREBOARD MATCH: wdata passthrough beat=0 expected = a80fa813dccf1881, actual =a80fa813dccf1881
[125000] SCOREBOARD MATCH: wdata passthrough beat=1 expected = e4da50f8d0bd33df, actual =e4da50f8d0bd33df
[125000] SCOREBOARD MATCH: wdata passthrough beat=2 expected = eb9cf922d7c0f101, actual =eb9cf922d7c0f101
[125000] SCOREBOARD MATCH: wdata passthrough beat=3 expected = b49009822352a58c, actual =b49009822352a58c
[125000] SCOREBOARD MATCH: wstrb size check expected = 4, actual =4
[125000] SCOREBOARD MATCH: wstrb passthrough beat=0 expected = 36, actual =36
[125000] SCOREBOARD MATCH: wstrb passthrough beat=1 expected = 6b, actual =6b
[125000] SCOREBOARD MATCH: wstrb passthrough beat=2 expected = 7a, actual =7a
[125000] SCOREBOARD MATCH: wstrb passthrough beat=3 expected = 37, actual =37
[125000] SCOREBOARD MATCH: bresp passthrough expected = 0, actual =0
[125000] SCOREBOARD MATCH: response routed to correct master (write) expected = 0, actual =0
[125000] [SCOREBOARD-M] mst_id=0 s_id=1 awaddr=1e8ed080 awid=1110 awlen=3 awsize=1 awburst=0 wdata=[a80fa813dccf1881 e4da50f8d0bd33df eb9cf922d7c0f101 b49009822352a58c ] wstrb=[36 6b 7a 37 ] bresp=0 bid=1110
[125000] [SCOREBOARD-S] mst_id=0 s_id=1 awaddr=1e8ed080 awid=1110 awlen=3 awsize=1 awburst=0 wdata=[a80fa813dccf1881 e4da50f8d0bd33df eb9cf922d7c0f101 b49009822352a58c ] wstrb=[36 6b 7a 37 ] bresp=0 bid=1110
[125000] SCOREBOARD: Transaction 2 received. pass=32 fail=0
[125000] ALL PASS. Total transactions: 2
[135000] S1 MEMORY WRITE beat=1 addr=1c43eda8 data=a929659b327b2e5d id=14
[135000] AXI S0_ARVALID_RDY HANDSHAKE
[135000] MEMORY READ MISS beat=0 addr=174b0990 -> default data id=2
[135000] SLAVE 0 R_VALID_RDY Handshake beat=1 rlast=1
[135000] [SLAVE MONITOR] READ mst_id=0 s_id=0 araddr=6ab20f8 arid=1 arlen=1 arsize=3 arburst=1 rid=[11] rresp=[00] rdata=[baadf00d12345678baadf00d12345678]
[135000] ARB MONITOR: slave=1 m0_req=1 m1_req=0 winner=0
[135000] MASTER 1 W_VALID_RDY Handshake beat=6 wlast=0
[145000] MASTER 0 R_VALID_RDY Handshake beat=0 rlast=0
[145000] MASTER 1 W_VALID_RDY Handshake beat=7 wlast=1
[145000] SLAVE 1 R_VALID_RDY Handshake beat=0 rlast=0
[145000] MEMORY READ MISS beat=1 addr=174b0998 -> default data id=2
[145000] S1 MEMORY WRITE beat=2 addr=1c43edb0 data=1b6d6c22cd90a844 id=14
[155000] S1 MEMORY WRITE beat=3 addr=1c43edb8 data=e8d6be919a95329e id=14
[155000] SLAVE 1 R_VALID_RDY Handshake beat=1 rlast=1
[155000] [SLAVE MONITOR] READ mst_id=0 s_id=1 araddr=174b0990 arid=2 arlen=1 arsize=3 arburst=1 rid=[22] rresp=[00] rdata=[baadf00d12345678baadf00d12345678]
[155000] MASTER 0 R_VALID_RDY Handshake beat=1 rlast=1
[155000] [MASTER MONITOR] READ mst_id=0 s_id=0 araddr=6ab20f8 arid=1 arlen=1 arsize=3 arburst=1 rid=[11] rresp=[00] rdata=[baadf00d12345678baadf00d12345678]
[155000] [MASTER DRIVER] READ mst_id=0 s_id=0 araddr=6ab20f8 arid=1 arlen=1 arsize=3 arburst=1 rid=[11] rresp=[00] rdata=[baadf00d12345678baadf00d12345678]
[155000] SCOREBOARD MATCH: decode_err expected = 0, actual =0
[155000] SCOREBOARD MATCH: slave_id expected = 0, actual =0
[155000] SCOREBOARD MATCH: araddr passthrough expected = 6ab20f8, actual =6ab20f8
[155000] SCOREBOARD MATCH: arlen passthrough expected = 1, actual =1
[155000] SCOREBOARD MATCH: arsize passthrough expected = 3, actual =3
[155000] SCOREBOARD MATCH: arburst passthrough expected = 1, actual =1
[155000] SCOREBOARD MATCH: rdata size check expected = 2, actual =2
[155000] SCOREBOARD MATCH: rdata passthrough beat=0 expected = baadf00d12345678, actual =baadf00d12345678
[155000] SCOREBOARD MATCH: rdata passthrough beat=1 expected = baadf00d12345678, actual =baadf00d12345678
[155000] SCOREBOARD MATCH: rresp size check expected = 2, actual =2
[155000] SCOREBOARD MATCH: rresp passthrough beat=0 expected = 0, actual =0
[155000] SCOREBOARD MATCH: rresp passthrough beat=1 expected = 0, actual =0
[155000] SCOREBOARD MATCH: response routed to correct master (read beat 0) expected = 0, actual =0
[155000] SCOREBOARD MATCH: response routed to correct master (read beat 1) expected = 0, actual =0
[155000] [SCOREBOARD-M] READ mst_id=0 s_id=0 araddr=6ab20f8 arid=1 arlen=1 arsize=3 arburst=1 rid=[11] rresp=[00] rdata=[baadf00d12345678baadf00d12345678]
[155000] [SCOREBOARD-S] READ mst_id=0 s_id=0 araddr=6ab20f8 arid=1 arlen=1 arsize=3 arburst=1 rid=[11] rresp=[00] rdata=[baadf00d12345678baadf00d12345678]
[155000] SCOREBOARD: Transaction 3 received. pass=46 fail=0
[155000] ALL PASS. Total transactions: 3
[165000] S1 MEMORY WRITE beat=4 addr=1c43ed80 data=cd1060fbe31e8244 id=14
[175000] S1 MEMORY WRITE beat=5 addr=1c43ed88 data=b0af2a889200242c id=14
[175000] MASTER 0 R_VALID_RDY Handshake beat=0 rlast=0
[185000] [MASTER DRIVER] READ mst_id=0 s_id=0 araddr=174b0990 arid=2 arlen=1 arsize=3 arburst=1 rid=[22] rresp=[00] rdata=[baadf00d12345678baadf00d12345678]
[185000] MASTER 0 R_VALID_RDY Handshake beat=1 rlast=1
[185000] [MASTER MONITOR] READ mst_id=0 s_id=1 araddr=174b0990 arid=2 arlen=1 arsize=3 arburst=1 rid=[22] rresp=[00] rdata=[baadf00d12345678baadf00d12345678]
[185000] S1 MEMORY WRITE beat=6 addr=1c43ed90 data=2c9556cbe87dcd1d id=14
[185000] SCOREBOARD MATCH: decode_err expected = 0, actual =0
[185000] SCOREBOARD MATCH: slave_id expected = 1, actual =1
[185000] SCOREBOARD MATCH: araddr passthrough expected = 174b0990, actual =174b0990
[185000] SCOREBOARD MATCH: arlen passthrough expected = 1, actual =1
[185000] SCOREBOARD MATCH: arsize passthrough expected = 3, actual =3
[185000] SCOREBOARD MATCH: arburst passthrough expected = 1, actual =1
[185000] SCOREBOARD MATCH: rdata size check expected = 2, actual =2
[185000] SCOREBOARD MATCH: rdata passthrough beat=0 expected = baadf00d12345678, actual =baadf00d12345678
[185000] SCOREBOARD MATCH: rdata passthrough beat=1 expected = baadf00d12345678, actual =baadf00d12345678
[185000] SCOREBOARD MATCH: rresp size check expected = 2, actual =2
[185000] SCOREBOARD MATCH: rresp passthrough beat=0 expected = 0, actual =0
[185000] SCOREBOARD MATCH: rresp passthrough beat=1 expected = 0, actual =0
[185000] SCOREBOARD MATCH: response routed to correct master (read beat 0) expected = 0, actual =0
[185000] SCOREBOARD MATCH: response routed to correct master (read beat 1) expected = 0, actual =0
[185000] [SCOREBOARD-M] READ mst_id=0 s_id=1 araddr=174b0990 arid=2 arlen=1 arsize=3 arburst=1 rid=[22] rresp=[00] rdata=[baadf00d12345678baadf00d12345678]
[185000] [SCOREBOARD-S] READ mst_id=0 s_id=1 araddr=174b0990 arid=2 arlen=1 arsize=3 arburst=1 rid=[22] rresp=[00] rdata=[baadf00d12345678baadf00d12345678]
[185000] SCOREBOARD: Transaction 4 received. pass=60 fail=0
[185000] ALL PASS. Total transactions: 4
[195000] S1 MEMORY WRITE beat=7 addr=1c43ed98 data=cb9c4f629985e919 id=14
[205000] SLAVE1 sent B resp, id=4
[215000] [SLAVE MONITOR] mst_id=1 s_id=1 awaddr=1c43eda0 awid=100 awlen=7 awsize=3 awburst=2 wdata=[c7b116221b46164d a929659b327b2e5d 1b6d6c22cd90a844 e8d6be919a95329e cd1060fbe31e8244 b0af2a889200242c 2c9556cbe87dcd1d cb9c4f629985e919 ] wstrb=[c6 46 ea e4 11 4 46 d7 ] bresp=0 bid=10100
[225000] MASTER 1 RECEIVED BRESP. BRESP=0
[225000] [MASTER DRIVER] mst_id=1 s_id=0 awaddr=1c43eda0 awid=100 awlen=7 awsize=3 awburst=2 wdata=[c7b116221b46164d a929659b327b2e5d 1b6d6c22cd90a844 e8d6be919a95329e cd1060fbe31e8244 b0af2a889200242c 2c9556cbe87dcd1d cb9c4f629985e919 ] wstrb=[c6 46 ea e4 11 4 46 d7 ] bresp=0 bid=100
[225000] MASTER 1 B_VALID_RDY Handshake
[225000] [MASTER MONITOR] mst_id=1 s_id=1 awaddr=1c43eda0 awid=100 awlen=7 awsize=3 awburst=2 wdata=[c7b116221b46164d a929659b327b2e5d 1b6d6c22cd90a844 e8d6be919a95329e cd1060fbe31e8244 b0af2a889200242c 2c9556cbe87dcd1d cb9c4f629985e919 ] wstrb=[c6 46 ea e4 11 4 46 d7 ] bresp=0 bid=100
[225000] SCOREBOARD MATCH: decode_err expected = 0, actual =0
[225000] SCOREBOARD MATCH: slave_id expected = 1, actual =1
[225000] SCOREBOARD MATCH: awaddr passthrough expected = 1c43eda0, actual =1c43eda0
[225000] SCOREBOARD MATCH: awlen passthrough expected = 7, actual =7
[225000] SCOREBOARD MATCH: awsize passthrough expected = 3, actual =3
[225000] SCOREBOARD MATCH: awburst passthrough expected = 2, actual =2
[225000] SCOREBOARD MATCH: wdata size check expected = 8, actual =8
[225000] SCOREBOARD MATCH: wdata passthrough beat=0 expected = c7b116221b46164d, actual =c7b116221b46164d
[225000] SCOREBOARD MATCH: wdata passthrough beat=1 expected = a929659b327b2e5d, actual =a929659b327b2e5d
[225000] SCOREBOARD MATCH: wdata passthrough beat=2 expected = 1b6d6c22cd90a844, actual =1b6d6c22cd90a844
[225000] SCOREBOARD MATCH: wdata passthrough beat=3 expected = e8d6be919a95329e, actual =e8d6be919a95329e
[225000] SCOREBOARD MATCH: wdata passthrough beat=4 expected = cd1060fbe31e8244, actual =cd1060fbe31e8244
[225000] SCOREBOARD MATCH: wdata passthrough beat=5 expected = b0af2a889200242c, actual =b0af2a889200242c
[225000] SCOREBOARD MATCH: wdata passthrough beat=6 expected = 2c9556cbe87dcd1d, actual =2c9556cbe87dcd1d
[225000] SCOREBOARD MATCH: wdata passthrough beat=7 expected = cb9c4f629985e919, actual =cb9c4f629985e919
[225000] SCOREBOARD MATCH: wstrb size check expected = 8, actual =8
[225000] SCOREBOARD MATCH: wstrb passthrough beat=0 expected = c6, actual =c6
[225000] SCOREBOARD MATCH: wstrb passthrough beat=1 expected = 46, actual =46
[225000] SCOREBOARD MATCH: wstrb passthrough beat=2 expected = ea, actual =ea
[225000] SCOREBOARD MATCH: wstrb passthrough beat=3 expected = e4, actual =e4
[225000] SCOREBOARD MATCH: wstrb passthrough beat=4 expected = 11, actual =11
[225000] SCOREBOARD MATCH: wstrb passthrough beat=5 expected = 4, actual =4
[225000] SCOREBOARD MATCH: wstrb passthrough beat=6 expected = 46, actual =46
[225000] SCOREBOARD MATCH: wstrb passthrough beat=7 expected = d7, actual =d7
[225000] SCOREBOARD MATCH: bresp passthrough expected = 0, actual =0
[225000] SCOREBOARD MATCH: response routed to correct master (write) expected = 1, actual =1
[225000] [SCOREBOARD-M] mst_id=1 s_id=1 awaddr=1c43eda0 awid=100 awlen=7 awsize=3 awburst=2 wdata=[c7b116221b46164d a929659b327b2e5d 1b6d6c22cd90a844 e8d6be919a95329e cd1060fbe31e8244 b0af2a889200242c 2c9556cbe87dcd1d cb9c4f629985e919 ] wstrb=[c6 46 ea e4 11 4 46 d7 ] bresp=0 bid=100
[225000] [SCOREBOARD-S] mst_id=1 s_id=1 awaddr=1c43eda0 awid=100 awlen=7 awsize=3 awburst=2 wdata=[c7b116221b46164d a929659b327b2e5d 1b6d6c22cd90a844 e8d6be919a95329e cd1060fbe31e8244 b0af2a889200242c 2c9556cbe87dcd1d cb9c4f629985e919 ] wstrb=[c6 46 ea e4 11 4 46 d7 ] bresp=0 bid=10100
[225000] SCOREBOARD: Transaction 5 received. pass=86 fail=0
[225000] SCOREBOARD: Expected 5 transactions completed, PASS=86 FAIL=0
[225000] ALL PASS. Total transactions: 5
[225000] ALL TRANSACTIONS MONITORED
$finish called at time : 245 ns : File "/home/nashita/Desktop/practice/axi_xbar/tb/top/axi_tb_top.sv" Line 220
exit
INFO: xsimkernel Simulation Memory Usage: 289464 KB (Peak: 337864 KB), Simulation CPU Usage: 1180 ms
INFO: [Common 17-206] Exiting xsim at Thu Sep 10 18:11:47 2026...
