#-----------------------------------------------------------
# xsim v2025.2 (64-bit)
# SW Build 6299465 on Fri Nov 14 12:34:56 MST 2025
# IP Build 6300035 on Fri Nov 14 10:48:45 MST 2025
# SharedData Build 6298862 on Thu Nov 13 04:50:51 MST 2025
# Start of session at: Thu Sep 10 17:52:55 2026
# Process ID         : 3541072
# Current directory  : /home/nashita/Desktop/practice/axi_xbar/sim
# Command line       : xsim -log regress_results/BT_run56.log -mode tcl -source {xsim.dir/tb_top_snap/xsim_script.tcl}
# Log file           : /home/nashita/Desktop/practice/axi_xbar/sim/regress_results/BT_run56.log
# Journal file       : /home/nashita/Desktop/practice/axi_xbar/sim/xsim.jou
# Running On         : vlsi-vivado
# Platform           : Ubuntu
# Operating System   : Ubuntu 24.04.4 LTS
# Processor Detail   : Intel(R) Core(TM) i5-10400 CPU @ 2.90GHz
# CPU Frequency      : 3999.982 MHz
# CPU Physical cores : 6
# CPU Logical cores  : 12
# Host memory        : 41875 MB
# Swap memory        : 27648 MB
# Total Virtual      : 69524 MB
# Available Virtual  : 62674 MB
#-----------------------------------------------------------
source xsim.dir/tb_top_snap/xsim_script.tcl
# xsim {tb_top_snap} -testplusarg BT -autoloadwcfg -runall -sv_seed 57
Time resolution is 1 ps
run -all
[0] RUNNING BASE TEST
[0] INSIDE THE BASE TEST CONSTRUCTOR
[0] ENV: before agent
[0] SLAVE CONSTRUCTED
[0] MASTER MONITOR CONSTRUCTED
[0] MASTER MONITOR CONSTRUCTED
[0] SLAVE MONITOR CONSTRUCTED
[0] SLAVE MONITOR CONSTRUCTED
[0] ARB MONITOR CONSTRUCTED
GENERATOR CONSTRUCTED
[0] ENV: after agent
[0] ENV: before scoreboard
[0] ENV: after scoreboard
[15000] [SEQUENCER] mst_id=0 s_id=0 awaddr=138c7478 awid=1000 awlen=1 awsize=3 awburst=1 wdata=[df1552fb08cae597 c184721eda04700c ] wstrb=[62 78 ] bresp=0 bid=0
[15000] [SEQUENCER] mst_id=0 s_id=0 awaddr=6141b50 awid=1110 awlen=1 awsize=3 awburst=1 wdata=[c67ebb33d8292119 ffc51c0a873e5251 ] wstrb=[91 1b ] bresp=0 bid=0
[15000] [SEQUENCER] mst_id=0 s_id=0 awaddr=e1ffe58 awid=1110 awlen=1 awsize=3 awburst=1 wdata=[38624e5a20898105 fd8c99f0ddb4d851 ] wstrb=[54 75 ] bresp=0 bid=0
[15000] [SEQUENCER] mst_id=0 s_id=0 awaddr=1a1ecd70 awid=110 awlen=1 awsize=3 awburst=1 wdata=[e5fed098c3cd21b6 f45efbafabed70bf ] wstrb=[de 4c ] bresp=0 bid=0
[15000] [SEQUENCER] READ mst_id=1 s_id=0 araddr=4e19d0 arid=0 arlen=1 arsize=3 arburst=1 rid=[] rresp=[] rdata=[]
[15000] MASTER_DRIVER0 received transaction, op=AXI_WRITE
[15000] MASTER_DRIVER1 received transaction, op=AXI_READ
[35000] MASTER 0 AW_VALID_RDY Handshake
[45000] ARB MONITOR: slave=0 m0_req=0 m1_req=1 winner=1
[45000] ARB MONITOR: slave=1 m0_req=1 m1_req=0 winner=0
[45000] AXI S0_ARVALID_RDY HANDSHAKE
[45000] MEMORY READ MISS beat=0 addr=4e19d0 -> default data id=16
[45000] AXI S1_AWVALID_RDY HANDSHAKE
[55000] MEMORY READ MISS beat=1 addr=4e19d8 -> default data id=16
[55000] SLAVE 0 R_VALID_RDY Handshake beat=0 rlast=0
[55000] MASTER 0 W_VALID_RDY Handshake beat=0 wlast=0
[65000] MASTER_DRIVER0 received transaction, op=AXI_WRITE
[65000] MASTER 0 W_VALID_RDY Handshake beat=1 wlast=1
[65000] SLAVE 0 R_VALID_RDY Handshake beat=1 rlast=1
[65000] [SLAVE MONITOR] READ mst_id=1 s_id=0 araddr=4e19d0 arid=0 arlen=1 arsize=3 arburst=1 rid=[1010] rresp=[00] rdata=[baadf00d12345678baadf00d12345678]
[65000] S1 MEMORY WRITE beat=0 addr=138c7478 data=df1552fb08cae597 id=08
[75000] S1 MEMORY WRITE beat=1 addr=138c7480 data=c184721eda04700c id=08
[75000] MASTER 1 R_VALID_RDY Handshake beat=0 rlast=0
[85000] [MASTER DRIVER] READ mst_id=1 s_id=0 araddr=4e19d0 arid=0 arlen=1 arsize=3 arburst=1 rid=[00] rresp=[00] rdata=[baadf00d12345678baadf00d12345678]
[85000] MASTER 0 AW_VALID_RDY Handshake
[85000] MASTER 1 R_VALID_RDY Handshake beat=1 rlast=1
[85000] [MASTER MONITOR] READ mst_id=1 s_id=0 araddr=4e19d0 arid=0 arlen=1 arsize=3 arburst=1 rid=[00] rresp=[00] rdata=[baadf00d12345678baadf00d12345678]
[85000] SLAVE1 sent B resp, id=8
[85000] SCOREBOARD MATCH: decode_err expected = 0, actual =0
[85000] SCOREBOARD MATCH: slave_id expected = 0, actual =0
[85000] SCOREBOARD MATCH: araddr passthrough expected = 4e19d0, actual =4e19d0
[85000] SCOREBOARD MATCH: arlen passthrough expected = 1, actual =1
[85000] SCOREBOARD MATCH: arsize passthrough expected = 3, actual =3
[85000] SCOREBOARD MATCH: arburst passthrough expected = 1, actual =1
[85000] SCOREBOARD MATCH: rdata size check expected = 2, actual =2
[85000] SCOREBOARD MATCH: rdata passthrough beat=0 expected = baadf00d12345678, actual =baadf00d12345678
[85000] SCOREBOARD MATCH: rdata passthrough beat=1 expected = baadf00d12345678, actual =baadf00d12345678
[85000] SCOREBOARD MATCH: rresp size check expected = 2, actual =2
[85000] SCOREBOARD MATCH: rresp passthrough beat=0 expected = 0, actual =0
[85000] SCOREBOARD MATCH: rresp passthrough beat=1 expected = 0, actual =0
[85000] SCOREBOARD MATCH: response routed to correct master (read beat 0) expected = 1, actual =1
[85000] SCOREBOARD MATCH: response routed to correct master (read beat 1) expected = 1, actual =1
[85000] [SCOREBOARD-M] READ mst_id=1 s_id=0 araddr=4e19d0 arid=0 arlen=1 arsize=3 arburst=1 rid=[00] rresp=[00] rdata=[baadf00d12345678baadf00d12345678]
[85000] [SCOREBOARD-S] READ mst_id=1 s_id=0 araddr=4e19d0 arid=0 arlen=1 arsize=3 arburst=1 rid=[1010] rresp=[00] rdata=[baadf00d12345678baadf00d12345678]
[85000] SCOREBOARD: Transaction 1 received. pass=14 fail=0
[85000] ALL PASS. Total transactions: 1
[95000] AXI S0_AWVALID_RDY HANDSHAKE
[95000] [SLAVE MONITOR] mst_id=0 s_id=1 awaddr=138c7478 awid=1000 awlen=1 awsize=3 awburst=1 wdata=[df1552fb08cae597 c184721eda04700c ] wstrb=[62 78 ] bresp=0 bid=1000
[95000] ARB MONITOR: slave=0 m0_req=1 m1_req=0 winner=0
[105000] MASTER 0 RECEIVED BRESP. BRESP=0
[105000] [MASTER DRIVER] mst_id=0 s_id=0 awaddr=138c7478 awid=1000 awlen=1 awsize=3 awburst=1 wdata=[df1552fb08cae597 c184721eda04700c ] wstrb=[62 78 ] bresp=0 bid=1000
[105000] MASTER 0 W_VALID_RDY Handshake beat=0 wlast=0
[105000] MASTER 0 B_VALID_RDY Handshake
[105000] [MASTER MONITOR] mst_id=0 s_id=1 awaddr=138c7478 awid=1000 awlen=1 awsize=3 awburst=1 wdata=[df1552fb08cae597 c184721eda04700c ] wstrb=[62 78 ] bresp=0 bid=1000
[105000] SCOREBOARD MATCH: decode_err expected = 0, actual =0
[105000] SCOREBOARD MATCH: slave_id expected = 1, actual =1
[105000] SCOREBOARD MATCH: awaddr passthrough expected = 138c7478, actual =138c7478
[105000] SCOREBOARD MATCH: awlen passthrough expected = 1, actual =1
[105000] SCOREBOARD MATCH: awsize passthrough expected = 3, actual =3
[105000] SCOREBOARD MATCH: awburst passthrough expected = 1, actual =1
[105000] SCOREBOARD MATCH: wdata size check expected = 2, actual =2
[105000] SCOREBOARD MATCH: wdata passthrough beat=0 expected = df1552fb08cae597, actual =df1552fb08cae597
[105000] SCOREBOARD MATCH: wdata passthrough beat=1 expected = c184721eda04700c, actual =c184721eda04700c
[105000] SCOREBOARD MATCH: wstrb size check expected = 2, actual =2
[105000] SCOREBOARD MATCH: wstrb passthrough beat=0 expected = 62, actual =62
[105000] SCOREBOARD MATCH: wstrb passthrough beat=1 expected = 78, actual =78
[105000] SCOREBOARD MATCH: bresp passthrough expected = 0, actual =0
[105000] SCOREBOARD MATCH: response routed to correct master (write) expected = 0, actual =0
[105000] [SCOREBOARD-M] mst_id=0 s_id=1 awaddr=138c7478 awid=1000 awlen=1 awsize=3 awburst=1 wdata=[df1552fb08cae597 c184721eda04700c ] wstrb=[62 78 ] bresp=0 bid=1000
[105000] [SCOREBOARD-S] mst_id=0 s_id=1 awaddr=138c7478 awid=1000 awlen=1 awsize=3 awburst=1 wdata=[df1552fb08cae597 c184721eda04700c ] wstrb=[62 78 ] bresp=0 bid=1000
[105000] SCOREBOARD: Transaction 2 received. pass=28 fail=0
[105000] ALL PASS. Total transactions: 2
[115000] AXI S0_WVALID_RDY HANDSHAKE
[115000] S0 MEMORY WRITE beat=0 addr=06141b50 data=c67ebb33d8292119 id=0e
[115000] MASTER 0 W_VALID_RDY Handshake beat=1 wlast=1
[115000] MASTER_DRIVER0 received transaction, op=AXI_WRITE
[125000] AXI S0_WVALID_RDY HANDSHAKE
[125000] S0 MEMORY WRITE beat=1 addr=06141b58 data=ffc51c0a873e5251 id=0e
[135000] SLAVE0 sent B resp, id=14
[135000] [SLAVE MONITOR] mst_id=0 s_id=0 awaddr=6141b50 awid=1110 awlen=1 awsize=3 awburst=1 wdata=[c67ebb33d8292119 ffc51c0a873e5251 ] wstrb=[91 1b ] bresp=0 bid=1110
[135000] MASTER 0 AW_VALID_RDY Handshake
[145000] ARB MONITOR: slave=0 m0_req=1 m1_req=0 winner=0
[145000] AXI S0_AWVALID_RDY HANDSHAKE
[155000] MASTER 0 W_VALID_RDY Handshake beat=0 wlast=0
[155000] MASTER 0 B_VALID_RDY Handshake
[155000] [MASTER MONITOR] mst_id=0 s_id=0 awaddr=6141b50 awid=1110 awlen=1 awsize=3 awburst=1 wdata=[c67ebb33d8292119 ffc51c0a873e5251 ] wstrb=[91 1b ] bresp=0 bid=1110
[155000] MASTER 0 RECEIVED BRESP. BRESP=0
[155000] [MASTER DRIVER] mst_id=0 s_id=0 awaddr=6141b50 awid=1110 awlen=1 awsize=3 awburst=1 wdata=[c67ebb33d8292119 ffc51c0a873e5251 ] wstrb=[91 1b ] bresp=0 bid=1110
[155000] SCOREBOARD MATCH: decode_err expected = 0, actual =0
[155000] SCOREBOARD MATCH: slave_id expected = 0, actual =0
[155000] SCOREBOARD MATCH: awaddr passthrough expected = 6141b50, actual =6141b50
[155000] SCOREBOARD MATCH: awlen passthrough expected = 1, actual =1
[155000] SCOREBOARD MATCH: awsize passthrough expected = 3, actual =3
[155000] SCOREBOARD MATCH: awburst passthrough expected = 1, actual =1
[155000] SCOREBOARD MATCH: wdata size check expected = 2, actual =2
[155000] SCOREBOARD MATCH: wdata passthrough beat=0 expected = c67ebb33d8292119, actual =c67ebb33d8292119
[155000] SCOREBOARD MATCH: wdata passthrough beat=1 expected = ffc51c0a873e5251, actual =ffc51c0a873e5251
[155000] SCOREBOARD MATCH: wstrb size check expected = 2, actual =2
[155000] SCOREBOARD MATCH: wstrb passthrough beat=0 expected = 91, actual =91
[155000] SCOREBOARD MATCH: wstrb passthrough beat=1 expected = 1b, actual =1b
[155000] SCOREBOARD MATCH: bresp passthrough expected = 0, actual =0
[155000] SCOREBOARD MATCH: response routed to correct master (write) expected = 0, actual =0
[155000] [SCOREBOARD-M] mst_id=0 s_id=0 awaddr=6141b50 awid=1110 awlen=1 awsize=3 awburst=1 wdata=[c67ebb33d8292119 ffc51c0a873e5251 ] wstrb=[91 1b ] bresp=0 bid=1110
[155000] [SCOREBOARD-S] mst_id=0 s_id=0 awaddr=6141b50 awid=1110 awlen=1 awsize=3 awburst=1 wdata=[c67ebb33d8292119 ffc51c0a873e5251 ] wstrb=[91 1b ] bresp=0 bid=1110
[155000] SCOREBOARD: Transaction 3 received. pass=42 fail=0
[155000] ALL PASS. Total transactions: 3
[165000] MASTER_DRIVER0 received transaction, op=AXI_WRITE
[165000] MASTER 0 W_VALID_RDY Handshake beat=1 wlast=1
[165000] AXI S0_WVALID_RDY HANDSHAKE
[165000] S0 MEMORY WRITE beat=0 addr=0e1ffe58 data=38624e5a20898105 id=0e
[175000] AXI S0_WVALID_RDY HANDSHAKE
[175000] S0 MEMORY WRITE beat=1 addr=0e1ffe60 data=fd8c99f0ddb4d851 id=0e
[185000] MASTER 0 AW_VALID_RDY Handshake
[185000] SLAVE0 sent B resp, id=14
[195000] AXI S1_AWVALID_RDY HANDSHAKE
[195000] [SLAVE MONITOR] mst_id=0 s_id=0 awaddr=e1ffe58 awid=1110 awlen=1 awsize=3 awburst=1 wdata=[38624e5a20898105 fd8c99f0ddb4d851 ] wstrb=[54 75 ] bresp=0 bid=1110
[195000] ARB MONITOR: slave=1 m0_req=1 m1_req=0 winner=0
[205000] MASTER 0 RECEIVED BRESP. BRESP=0
[205000] [MASTER DRIVER] mst_id=0 s_id=0 awaddr=e1ffe58 awid=1110 awlen=1 awsize=3 awburst=1 wdata=[38624e5a20898105 fd8c99f0ddb4d851 ] wstrb=[54 75 ] bresp=0 bid=1110
[205000] MASTER 0 W_VALID_RDY Handshake beat=0 wlast=0
[205000] MASTER 0 B_VALID_RDY Handshake
[205000] [MASTER MONITOR] mst_id=0 s_id=0 awaddr=e1ffe58 awid=1110 awlen=1 awsize=3 awburst=1 wdata=[38624e5a20898105 fd8c99f0ddb4d851 ] wstrb=[54 75 ] bresp=0 bid=1110
[205000] SCOREBOARD MATCH: decode_err expected = 0, actual =0
[205000] SCOREBOARD MATCH: slave_id expected = 0, actual =0
[205000] SCOREBOARD MATCH: awaddr passthrough expected = e1ffe58, actual =e1ffe58
[205000] SCOREBOARD MATCH: awlen passthrough expected = 1, actual =1
[205000] SCOREBOARD MATCH: awsize passthrough expected = 3, actual =3
[205000] SCOREBOARD MATCH: awburst passthrough expected = 1, actual =1
[205000] SCOREBOARD MATCH: wdata size check expected = 2, actual =2
[205000] SCOREBOARD MATCH: wdata passthrough beat=0 expected = 38624e5a20898105, actual =38624e5a20898105
[205000] SCOREBOARD MATCH: wdata passthrough beat=1 expected = fd8c99f0ddb4d851, actual =fd8c99f0ddb4d851
[205000] SCOREBOARD MATCH: wstrb size check expected = 2, actual =2
[205000] SCOREBOARD MATCH: wstrb passthrough beat=0 expected = 54, actual =54
[205000] SCOREBOARD MATCH: wstrb passthrough beat=1 expected = 75, actual =75
[205000] SCOREBOARD MATCH: bresp passthrough expected = 0, actual =0
[205000] SCOREBOARD MATCH: response routed to correct master (write) expected = 0, actual =0
[205000] [SCOREBOARD-M] mst_id=0 s_id=0 awaddr=e1ffe58 awid=1110 awlen=1 awsize=3 awburst=1 wdata=[38624e5a20898105 fd8c99f0ddb4d851 ] wstrb=[54 75 ] bresp=0 bid=1110
[205000] [SCOREBOARD-S] mst_id=0 s_id=0 awaddr=e1ffe58 awid=1110 awlen=1 awsize=3 awburst=1 wdata=[38624e5a20898105 fd8c99f0ddb4d851 ] wstrb=[54 75 ] bresp=0 bid=1110
[205000] SCOREBOARD: Transaction 4 received. pass=56 fail=0
[205000] ALL PASS. Total transactions: 4
[215000] S1 MEMORY WRITE beat=0 addr=1a1ecd70 data=e5fed098c3cd21b6 id=06
[215000] MASTER 0 W_VALID_RDY Handshake beat=1 wlast=1
[225000] S1 MEMORY WRITE beat=1 addr=1a1ecd78 data=f45efbafabed70bf id=06
[235000] SLAVE1 sent B resp, id=6
[235000] [SLAVE MONITOR] mst_id=0 s_id=1 awaddr=1a1ecd70 awid=110 awlen=1 awsize=3 awburst=1 wdata=[e5fed098c3cd21b6 f45efbafabed70bf ] wstrb=[de 4c ] bresp=0 bid=110
[255000] MASTER 0 B_VALID_RDY Handshake
[255000] [MASTER MONITOR] mst_id=0 s_id=1 awaddr=1a1ecd70 awid=110 awlen=1 awsize=3 awburst=1 wdata=[e5fed098c3cd21b6 f45efbafabed70bf ] wstrb=[de 4c ] bresp=0 bid=110
[255000] MASTER 0 RECEIVED BRESP. BRESP=0
[255000] [MASTER DRIVER] mst_id=0 s_id=0 awaddr=1a1ecd70 awid=110 awlen=1 awsize=3 awburst=1 wdata=[e5fed098c3cd21b6 f45efbafabed70bf ] wstrb=[de 4c ] bresp=0 bid=110
[255000] SCOREBOARD MATCH: decode_err expected = 0, actual =0
[255000] SCOREBOARD MATCH: slave_id expected = 1, actual =1
[255000] SCOREBOARD MATCH: awaddr passthrough expected = 1a1ecd70, actual =1a1ecd70
[255000] SCOREBOARD MATCH: awlen passthrough expected = 1, actual =1
[255000] SCOREBOARD MATCH: awsize passthrough expected = 3, actual =3
[255000] SCOREBOARD MATCH: awburst passthrough expected = 1, actual =1
[255000] SCOREBOARD MATCH: wdata size check expected = 2, actual =2
[255000] SCOREBOARD MATCH: wdata passthrough beat=0 expected = e5fed098c3cd21b6, actual =e5fed098c3cd21b6
[255000] SCOREBOARD MATCH: wdata passthrough beat=1 expected = f45efbafabed70bf, actual =f45efbafabed70bf
[255000] SCOREBOARD MATCH: wstrb size check expected = 2, actual =2
[255000] SCOREBOARD MATCH: wstrb passthrough beat=0 expected = de, actual =de
[255000] SCOREBOARD MATCH: wstrb passthrough beat=1 expected = 4c, actual =4c
[255000] SCOREBOARD MATCH: bresp passthrough expected = 0, actual =0
[255000] SCOREBOARD MATCH: response routed to correct master (write) expected = 0, actual =0
[255000] [SCOREBOARD-M] mst_id=0 s_id=1 awaddr=1a1ecd70 awid=110 awlen=1 awsize=3 awburst=1 wdata=[e5fed098c3cd21b6 f45efbafabed70bf ] wstrb=[de 4c ] bresp=0 bid=110
[255000] [SCOREBOARD-S] mst_id=0 s_id=1 awaddr=1a1ecd70 awid=110 awlen=1 awsize=3 awburst=1 wdata=[e5fed098c3cd21b6 f45efbafabed70bf ] wstrb=[de 4c ] bresp=0 bid=110
[255000] SCOREBOARD: Transaction 5 received. pass=70 fail=0
[255000] SCOREBOARD: Expected 5 transactions completed, PASS=70 FAIL=0
[255000] ALL PASS. Total transactions: 5
[255000] ALL TRANSACTIONS MONITORED
$finish called at time : 275 ns : File "/home/nashita/Desktop/practice/axi_xbar/tb/top/axi_tb_top.sv" Line 220
exit
INFO: xsimkernel Simulation Memory Usage: 289464 KB (Peak: 337864 KB), Simulation CPU Usage: 1170 ms
INFO: [Common 17-206] Exiting xsim at Thu Sep 10 17:52:59 2026...
