#-----------------------------------------------------------
# xsim v2025.2 (64-bit)
# SW Build 6299465 on Fri Nov 14 12:34:56 MST 2025
# IP Build 6300035 on Fri Nov 14 10:48:45 MST 2025
# SharedData Build 6298862 on Thu Nov 13 04:50:51 MST 2025
# Start of session at: Thu Sep 10 17:55:01 2026
# Process ID         : 3546729
# Current directory  : /home/nashita/Desktop/practice/axi_xbar/sim
# Command line       : xsim -log regress_results/BT_run83.log -mode tcl -source {xsim.dir/tb_top_snap/xsim_script.tcl}
# Log file           : /home/nashita/Desktop/practice/axi_xbar/sim/regress_results/BT_run83.log
# Journal file       : /home/nashita/Desktop/practice/axi_xbar/sim/xsim.jou
# Running On         : vlsi-vivado
# Platform           : Ubuntu
# Operating System   : Ubuntu 24.04.4 LTS
# Processor Detail   : Intel(R) Core(TM) i5-10400 CPU @ 2.90GHz
# CPU Frequency      : 3999.997 MHz
# CPU Physical cores : 6
# CPU Logical cores  : 12
# Host memory        : 41875 MB
# Swap memory        : 27648 MB
# Total Virtual      : 69524 MB
# Available Virtual  : 62454 MB
#-----------------------------------------------------------
source xsim.dir/tb_top_snap/xsim_script.tcl
# xsim {tb_top_snap} -testplusarg BT -autoloadwcfg -runall -sv_seed 84
Time resolution is 1 ps
run -all
[0] RUNNING BASE TEST
[0] INSIDE THE BASE TEST CONSTRUCTOR
[0] ENV: before agent
[0] SLAVE CONSTRUCTED
[0] MASTER MONITOR CONSTRUCTED
[0] MASTER MONITOR CONSTRUCTED
[0] SLAVE MONITOR CONSTRUCTED
[0] SLAVE MONITOR CONSTRUCTED
[0] ARB MONITOR CONSTRUCTED
GENERATOR CONSTRUCTED
[0] ENV: after agent
[0] ENV: before scoreboard
[0] ENV: after scoreboard
[15000] [SEQUENCER] mst_id=0 s_id=0 awaddr=98535f0 awid=1111 awlen=1 awsize=3 awburst=1 wdata=[e62cd8059426889d f62695312a9ef309 ] wstrb=[5 50 ] bresp=0 bid=0
[15000] [SEQUENCER] READ mst_id=1 s_id=0 araddr=9368c50 arid=0 arlen=1 arsize=3 arburst=1 rid=[] rresp=[] rdata=[]
[15000] [SEQUENCER] READ mst_id=0 s_id=0 araddr=1d0ece60 arid=1 arlen=1 arsize=3 arburst=1 rid=[] rresp=[] rdata=[]
[15000] [SEQUENCER] mst_id=0 s_id=0 awaddr=9a84d90 awid=1110 awlen=1 awsize=3 awburst=1 wdata=[eadaf66ad99a54cb fecf5e7ddbb09c70 ] wstrb=[93 31 ] bresp=0 bid=0
[15000] [SEQUENCER] mst_id=1 s_id=0 awaddr=14efc500 awid=10 awlen=1 awsize=3 awburst=1 wdata=[fc37c998f6d0d207 b12390bfdb62c58e ] wstrb=[d8 b8 ] bresp=0 bid=0
[15000] MASTER_DRIVER0 received transaction, op=AXI_WRITE
[15000] MASTER_DRIVER1 received transaction, op=AXI_READ
[35000] MASTER 0 AW_VALID_RDY Handshake
[35000] MASTER_DRIVER1 received transaction, op=AXI_WRITE
[45000] ARB MONITOR: slave=0 m0_req=1 m1_req=0 winner=0
[45000] ARB MONITOR: slave=0 m0_req=0 m1_req=1 winner=1
[45000] AXI S0_ARVALID_RDY HANDSHAKE
[45000] MEMORY READ MISS beat=0 addr=9368c50 -> default data id=16
[45000] AXI S0_AWVALID_RDY HANDSHAKE
[55000] MEMORY READ MISS beat=1 addr=9368c58 -> default data id=16
[55000] SLAVE 0 R_VALID_RDY Handshake beat=0 rlast=0
[55000] MASTER 1 AW_VALID_RDY Handshake
[55000] MASTER 0 W_VALID_RDY Handshake beat=0 wlast=0
[65000] MASTER_DRIVER0 received transaction, op=AXI_READ
[65000] MASTER 0 W_VALID_RDY Handshake beat=1 wlast=1
[65000] ARB MONITOR: slave=1 m0_req=0 m1_req=1 winner=1
[65000] SLAVE 0 R_VALID_RDY Handshake beat=1 rlast=1
[65000] [SLAVE MONITOR] READ mst_id=1 s_id=0 araddr=9368c50 arid=0 arlen=1 arsize=3 arburst=1 rid=[1010] rresp=[00] rdata=[baadf00d12345678baadf00d12345678]
[65000] AXI S1_AWVALID_RDY HANDSHAKE
[65000] AXI S0_WVALID_RDY HANDSHAKE
[65000] S0 MEMORY WRITE beat=0 addr=098535f0 data=e62cd8059426889d id=0f
[75000] AXI S0_WVALID_RDY HANDSHAKE
[75000] S0 MEMORY WRITE beat=1 addr=098535f8 data=f62695312a9ef309 id=0f
[75000] MASTER 1 R_VALID_RDY Handshake beat=0 rlast=0
[75000] MASTER 1 W_VALID_RDY Handshake beat=0 wlast=0
[85000] [MASTER DRIVER] READ mst_id=1 s_id=0 araddr=9368c50 arid=0 arlen=1 arsize=3 arburst=1 rid=[00] rresp=[00] rdata=[baadf00d12345678baadf00d12345678]
[85000] MASTER_DRIVER0 received transaction, op=AXI_WRITE
[85000] MASTER 1 W_VALID_RDY Handshake beat=1 wlast=1
[85000] MASTER 1 R_VALID_RDY Handshake beat=1 rlast=1
[85000] [MASTER MONITOR] READ mst_id=1 s_id=0 araddr=9368c50 arid=0 arlen=1 arsize=3 arburst=1 rid=[00] rresp=[00] rdata=[baadf00d12345678baadf00d12345678]
[85000] S1 MEMORY WRITE beat=0 addr=14efc500 data=fc37c998f6d0d207 id=12
[85000] SLAVE0 sent B resp, id=15
[85000] SCOREBOARD MATCH: decode_err expected = 0, actual =0
[85000] SCOREBOARD MATCH: slave_id expected = 0, actual =0
[85000] SCOREBOARD MATCH: araddr passthrough expected = 9368c50, actual =9368c50
[85000] SCOREBOARD MATCH: arlen passthrough expected = 1, actual =1
[85000] SCOREBOARD MATCH: arsize passthrough expected = 3, actual =3
[85000] SCOREBOARD MATCH: arburst passthrough expected = 1, actual =1
[85000] SCOREBOARD MATCH: rdata size check expected = 2, actual =2
[85000] SCOREBOARD MATCH: rdata passthrough beat=0 expected = baadf00d12345678, actual =baadf00d12345678
[85000] SCOREBOARD MATCH: rdata passthrough beat=1 expected = baadf00d12345678, actual =baadf00d12345678
[85000] SCOREBOARD MATCH: rresp size check expected = 2, actual =2
[85000] SCOREBOARD MATCH: rresp passthrough beat=0 expected = 0, actual =0
[85000] SCOREBOARD MATCH: rresp passthrough beat=1 expected = 0, actual =0
[85000] SCOREBOARD MATCH: response routed to correct master (read beat 0) expected = 1, actual =1
[85000] SCOREBOARD MATCH: response routed to correct master (read beat 1) expected = 1, actual =1
[85000] [SCOREBOARD-M] READ mst_id=1 s_id=0 araddr=9368c50 arid=0 arlen=1 arsize=3 arburst=1 rid=[00] rresp=[00] rdata=[baadf00d12345678baadf00d12345678]
[85000] [SCOREBOARD-S] READ mst_id=1 s_id=0 araddr=9368c50 arid=0 arlen=1 arsize=3 arburst=1 rid=[1010] rresp=[00] rdata=[baadf00d12345678baadf00d12345678]
[85000] SCOREBOARD: Transaction 1 received. pass=14 fail=0
[85000] ALL PASS. Total transactions: 1
[95000] S1 MEMORY WRITE beat=1 addr=14efc508 data=b12390bfdb62c58e id=12
[95000] AXI S0_ARVALID_RDY HANDSHAKE
[95000] MEMORY READ MISS beat=0 addr=1d0ece60 -> default data id=1
[95000] [SLAVE MONITOR] mst_id=0 s_id=0 awaddr=98535f0 awid=1111 awlen=1 awsize=3 awburst=1 wdata=[e62cd8059426889d f62695312a9ef309 ] wstrb=[5 50 ] bresp=0 bid=1111
[95000] ARB MONITOR: slave=1 m0_req=1 m1_req=0 winner=0
[105000] MASTER 0 RECEIVED BRESP. BRESP=0
[105000] [MASTER DRIVER] mst_id=0 s_id=0 awaddr=98535f0 awid=1111 awlen=1 awsize=3 awburst=1 wdata=[e62cd8059426889d f62695312a9ef309 ] wstrb=[5 50 ] bresp=0 bid=1111
[105000] MASTER 0 AW_VALID_RDY Handshake
[105000] MASTER 0 B_VALID_RDY Handshake
[105000] [MASTER MONITOR] mst_id=0 s_id=0 awaddr=98535f0 awid=1111 awlen=1 awsize=3 awburst=1 wdata=[e62cd8059426889d f62695312a9ef309 ] wstrb=[5 50 ] bresp=0 bid=1111
[105000] SLAVE 1 R_VALID_RDY Handshake beat=0 rlast=0
[105000] MEMORY READ MISS beat=1 addr=1d0ece68 -> default data id=1
[105000] SLAVE1 sent B resp, id=2
[105000] SCOREBOARD MATCH: decode_err expected = 0, actual =0
[105000] SCOREBOARD MATCH: slave_id expected = 0, actual =0
[105000] SCOREBOARD MATCH: awaddr passthrough expected = 98535f0, actual =98535f0
[105000] SCOREBOARD MATCH: awlen passthrough expected = 1, actual =1
[105000] SCOREBOARD MATCH: awsize passthrough expected = 3, actual =3
[105000] SCOREBOARD MATCH: awburst passthrough expected = 1, actual =1
[105000] SCOREBOARD MATCH: wdata size check expected = 2, actual =2
[105000] SCOREBOARD MATCH: wdata passthrough beat=0 expected = e62cd8059426889d, actual =e62cd8059426889d
[105000] SCOREBOARD MATCH: wdata passthrough beat=1 expected = f62695312a9ef309, actual =f62695312a9ef309
[105000] SCOREBOARD MATCH: wstrb size check expected = 2, actual =2
[105000] SCOREBOARD MATCH: wstrb passthrough beat=0 expected = 5, actual =5
[105000] SCOREBOARD MATCH: wstrb passthrough beat=1 expected = 50, actual =50
[105000] SCOREBOARD MATCH: bresp passthrough expected = 0, actual =0
[105000] SCOREBOARD MATCH: response routed to correct master (write) expected = 0, actual =0
[105000] [SCOREBOARD-M] mst_id=0 s_id=0 awaddr=98535f0 awid=1111 awlen=1 awsize=3 awburst=1 wdata=[e62cd8059426889d f62695312a9ef309 ] wstrb=[5 50 ] bresp=0 bid=1111
[105000] [SCOREBOARD-S] mst_id=0 s_id=0 awaddr=98535f0 awid=1111 awlen=1 awsize=3 awburst=1 wdata=[e62cd8059426889d f62695312a9ef309 ] wstrb=[5 50 ] bresp=0 bid=1111
[105000] SCOREBOARD: Transaction 2 received. pass=28 fail=0
[105000] ALL PASS. Total transactions: 2
[115000] AXI S0_AWVALID_RDY HANDSHAKE
[115000] [SLAVE MONITOR] mst_id=1 s_id=1 awaddr=14efc500 awid=10 awlen=1 awsize=3 awburst=1 wdata=[fc37c998f6d0d207 b12390bfdb62c58e ] wstrb=[d8 b8 ] bresp=0 bid=10010
[115000] SLAVE 1 R_VALID_RDY Handshake beat=1 rlast=1
[115000] [SLAVE MONITOR] READ mst_id=0 s_id=1 araddr=1d0ece60 arid=1 arlen=1 arsize=3 arburst=1 rid=[11] rresp=[00] rdata=[baadf00d12345678baadf00d12345678]
[115000] ARB MONITOR: slave=0 m0_req=1 m1_req=0 winner=0
[125000] MASTER 1 RECEIVED BRESP. BRESP=0
[125000] [MASTER DRIVER] mst_id=1 s_id=0 awaddr=14efc500 awid=10 awlen=1 awsize=3 awburst=1 wdata=[fc37c998f6d0d207 b12390bfdb62c58e ] wstrb=[d8 b8 ] bresp=0 bid=10
[125000] MASTER 0 W_VALID_RDY Handshake beat=0 wlast=0
[125000] MASTER 0 R_VALID_RDY Handshake beat=0 rlast=0
[125000] MASTER 1 B_VALID_RDY Handshake
[125000] [MASTER MONITOR] mst_id=1 s_id=1 awaddr=14efc500 awid=10 awlen=1 awsize=3 awburst=1 wdata=[fc37c998f6d0d207 b12390bfdb62c58e ] wstrb=[d8 b8 ] bresp=0 bid=10
[125000] SCOREBOARD MATCH: decode_err expected = 0, actual =0
[125000] SCOREBOARD MATCH: slave_id expected = 1, actual =1
[125000] SCOREBOARD MATCH: awaddr passthrough expected = 14efc500, actual =14efc500
[125000] SCOREBOARD MATCH: awlen passthrough expected = 1, actual =1
[125000] SCOREBOARD MATCH: awsize passthrough expected = 3, actual =3
[125000] SCOREBOARD MATCH: awburst passthrough expected = 1, actual =1
[125000] SCOREBOARD MATCH: wdata size check expected = 2, actual =2
[125000] SCOREBOARD MATCH: wdata passthrough beat=0 expected = fc37c998f6d0d207, actual =fc37c998f6d0d207
[125000] SCOREBOARD MATCH: wdata passthrough beat=1 expected = b12390bfdb62c58e, actual =b12390bfdb62c58e
[125000] SCOREBOARD MATCH: wstrb size check expected = 2, actual =2
[125000] SCOREBOARD MATCH: wstrb passthrough beat=0 expected = d8, actual =d8
[125000] SCOREBOARD MATCH: wstrb passthrough beat=1 expected = b8, actual =b8
[125000] SCOREBOARD MATCH: bresp passthrough expected = 0, actual =0
[125000] SCOREBOARD MATCH: response routed to correct master (write) expected = 1, actual =1
[125000] [SCOREBOARD-M] mst_id=1 s_id=1 awaddr=14efc500 awid=10 awlen=1 awsize=3 awburst=1 wdata=[fc37c998f6d0d207 b12390bfdb62c58e ] wstrb=[d8 b8 ] bresp=0 bid=10
[125000] [SCOREBOARD-S] mst_id=1 s_id=1 awaddr=14efc500 awid=10 awlen=1 awsize=3 awburst=1 wdata=[fc37c998f6d0d207 b12390bfdb62c58e ] wstrb=[d8 b8 ] bresp=0 bid=10010
[125000] SCOREBOARD: Transaction 3 received. pass=42 fail=0
[125000] ALL PASS. Total transactions: 3
[135000] AXI S0_WVALID_RDY HANDSHAKE
[135000] S0 MEMORY WRITE beat=0 addr=09a84d90 data=eadaf66ad99a54cb id=0e
[135000] MASTER 0 R_VALID_RDY Handshake beat=1 rlast=1
[135000] [MASTER MONITOR] READ mst_id=0 s_id=1 araddr=1d0ece60 arid=1 arlen=1 arsize=3 arburst=1 rid=[11] rresp=[00] rdata=[baadf00d12345678baadf00d12345678]
[135000] MASTER 0 W_VALID_RDY Handshake beat=1 wlast=1
[135000] [MASTER DRIVER] READ mst_id=0 s_id=0 araddr=1d0ece60 arid=1 arlen=1 arsize=3 arburst=1 rid=[11] rresp=[00] rdata=[baadf00d12345678baadf00d12345678]
[135000] SCOREBOARD MATCH: decode_err expected = 0, actual =0
[135000] SCOREBOARD MATCH: slave_id expected = 1, actual =1
[135000] SCOREBOARD MATCH: araddr passthrough expected = 1d0ece60, actual =1d0ece60
[135000] SCOREBOARD MATCH: arlen passthrough expected = 1, actual =1
[135000] SCOREBOARD MATCH: arsize passthrough expected = 3, actual =3
[135000] SCOREBOARD MATCH: arburst passthrough expected = 1, actual =1
[135000] SCOREBOARD MATCH: rdata size check expected = 2, actual =2
[135000] SCOREBOARD MATCH: rdata passthrough beat=0 expected = baadf00d12345678, actual =baadf00d12345678
[135000] SCOREBOARD MATCH: rdata passthrough beat=1 expected = baadf00d12345678, actual =baadf00d12345678
[135000] SCOREBOARD MATCH: rresp size check expected = 2, actual =2
[135000] SCOREBOARD MATCH: rresp passthrough beat=0 expected = 0, actual =0
[135000] SCOREBOARD MATCH: rresp passthrough beat=1 expected = 0, actual =0
[135000] SCOREBOARD MATCH: response routed to correct master (read beat 0) expected = 0, actual =0
[135000] SCOREBOARD MATCH: response routed to correct master (read beat 1) expected = 0, actual =0
[135000] [SCOREBOARD-M] READ mst_id=0 s_id=1 araddr=1d0ece60 arid=1 arlen=1 arsize=3 arburst=1 rid=[11] rresp=[00] rdata=[baadf00d12345678baadf00d12345678]
[135000] [SCOREBOARD-S] READ mst_id=0 s_id=1 araddr=1d0ece60 arid=1 arlen=1 arsize=3 arburst=1 rid=[11] rresp=[00] rdata=[baadf00d12345678baadf00d12345678]
[135000] SCOREBOARD: Transaction 4 received. pass=56 fail=0
[135000] ALL PASS. Total transactions: 4
[145000] AXI S0_WVALID_RDY HANDSHAKE
[145000] S0 MEMORY WRITE beat=1 addr=09a84d98 data=fecf5e7ddbb09c70 id=0e
[155000] SLAVE0 sent B resp, id=14
[155000] [SLAVE MONITOR] mst_id=0 s_id=0 awaddr=9a84d90 awid=1110 awlen=1 awsize=3 awburst=1 wdata=[eadaf66ad99a54cb fecf5e7ddbb09c70 ] wstrb=[93 31 ] bresp=0 bid=1110
[175000] MASTER 0 B_VALID_RDY Handshake
[175000] [MASTER MONITOR] mst_id=0 s_id=0 awaddr=9a84d90 awid=1110 awlen=1 awsize=3 awburst=1 wdata=[eadaf66ad99a54cb fecf5e7ddbb09c70 ] wstrb=[93 31 ] bresp=0 bid=1110
[175000] MASTER 0 RECEIVED BRESP. BRESP=0
[175000] [MASTER DRIVER] mst_id=0 s_id=0 awaddr=9a84d90 awid=1110 awlen=1 awsize=3 awburst=1 wdata=[eadaf66ad99a54cb fecf5e7ddbb09c70 ] wstrb=[93 31 ] bresp=0 bid=1110
[175000] SCOREBOARD MATCH: decode_err expected = 0, actual =0
[175000] SCOREBOARD MATCH: slave_id expected = 0, actual =0
[175000] SCOREBOARD MATCH: awaddr passthrough expected = 9a84d90, actual =9a84d90
[175000] SCOREBOARD MATCH: awlen passthrough expected = 1, actual =1
[175000] SCOREBOARD MATCH: awsize passthrough expected = 3, actual =3
[175000] SCOREBOARD MATCH: awburst passthrough expected = 1, actual =1
[175000] SCOREBOARD MATCH: wdata size check expected = 2, actual =2
[175000] SCOREBOARD MATCH: wdata passthrough beat=0 expected = eadaf66ad99a54cb, actual =eadaf66ad99a54cb
[175000] SCOREBOARD MATCH: wdata passthrough beat=1 expected = fecf5e7ddbb09c70, actual =fecf5e7ddbb09c70
[175000] SCOREBOARD MATCH: wstrb size check expected = 2, actual =2
[175000] SCOREBOARD MATCH: wstrb passthrough beat=0 expected = 93, actual =93
[175000] SCOREBOARD MATCH: wstrb passthrough beat=1 expected = 31, actual =31
[175000] SCOREBOARD MATCH: bresp passthrough expected = 0, actual =0
[175000] SCOREBOARD MATCH: response routed to correct master (write) expected = 0, actual =0
[175000] [SCOREBOARD-M] mst_id=0 s_id=0 awaddr=9a84d90 awid=1110 awlen=1 awsize=3 awburst=1 wdata=[eadaf66ad99a54cb fecf5e7ddbb09c70 ] wstrb=[93 31 ] bresp=0 bid=1110
[175000] [SCOREBOARD-S] mst_id=0 s_id=0 awaddr=9a84d90 awid=1110 awlen=1 awsize=3 awburst=1 wdata=[eadaf66ad99a54cb fecf5e7ddbb09c70 ] wstrb=[93 31 ] bresp=0 bid=1110
[175000] SCOREBOARD: Transaction 5 received. pass=70 fail=0
[175000] SCOREBOARD: Expected 5 transactions completed, PASS=70 FAIL=0
[175000] ALL PASS. Total transactions: 5
[175000] ALL TRANSACTIONS MONITORED
$finish called at time : 195 ns : File "/home/nashita/Desktop/practice/axi_xbar/tb/top/axi_tb_top.sv" Line 220
exit
INFO: xsimkernel Simulation Memory Usage: 289464 KB (Peak: 337864 KB), Simulation CPU Usage: 1200 ms
INFO: [Common 17-206] Exiting xsim at Thu Sep 10 17:55:05 2026...
