#-----------------------------------------------------------
# xsim v2025.2 (64-bit)
# SW Build 6299465 on Fri Nov 14 12:34:56 MST 2025
# IP Build 6300035 on Fri Nov 14 10:48:45 MST 2025
# SharedData Build 6298862 on Thu Nov 13 04:50:51 MST 2025
# Start of session at: Thu Sep 10 18:35:12 2026
# Process ID         : 3646285
# Current directory  : /home/nashita/Desktop/practice/axi_xbar/sim
# Command line       : xsim -log regress_results/BT_run320.log -mode tcl -source {xsim.dir/tb_top_snap/xsim_script.tcl}
# Log file           : /home/nashita/Desktop/practice/axi_xbar/sim/regress_results/BT_run320.log
# Journal file       : /home/nashita/Desktop/practice/axi_xbar/sim/xsim.jou
# Running On         : vlsi-vivado
# Platform           : Ubuntu
# Operating System   : Ubuntu 24.04.4 LTS
# Processor Detail   : Intel(R) Core(TM) i5-10400 CPU @ 2.90GHz
# CPU Frequency      : 3999.960 MHz
# CPU Physical cores : 6
# CPU Logical cores  : 12
# Host memory        : 41875 MB
# Swap memory        : 27648 MB
# Total Virtual      : 69524 MB
# Available Virtual  : 62683 MB
#-----------------------------------------------------------
source xsim.dir/tb_top_snap/xsim_script.tcl
# xsim {tb_top_snap} -testplusarg BT -autoloadwcfg -runall -sv_seed 321
Time resolution is 1 ps
run -all
[0] RUNNING BASE TEST
[0] INSIDE THE BASE TEST CONSTRUCTOR
[0] ENV: before agent
[0] SLAVE CONSTRUCTED
[0] MASTER MONITOR CONSTRUCTED
[0] MASTER MONITOR CONSTRUCTED
[0] SLAVE MONITOR CONSTRUCTED
[0] SLAVE MONITOR CONSTRUCTED
[0] ARB MONITOR CONSTRUCTED
GENERATOR CONSTRUCTED
[0] ENV: after agent
[0] ENV: before scoreboard
[0] ENV: after scoreboard
[15000] [SEQUENCER] mst_id=1 s_id=0 awaddr=5d691e0 awid=1001 awlen=12 awsize=6 awburst=2 wdata=[13eb1ab6b98656d5 b6d58910da76822e 17af8673bef2d6c9 f8792d9f1a14dfeb f48b62192b9aa129 ea8d77f2af4eb6af c963969a8c3ae88c b7d589b5e306a591 12555c413deef8b4 ca29e140226301a8 8569a739dbb8f2db 99a7eb8f01ff6af6 24626c9e97bf037a ] wstrb=[d0 56 d7 c6 e5 52 64 b5 a8 3b 7b 8d 8d ] bresp=0 bid=0
[15000] [SEQUENCER] mst_id=1 s_id=0 awaddr=18810838 awid=10 awlen=10 awsize=1 awburst=2 wdata=[2673873d0f555016 dea8accbebd6b014 35e89adc1eb8b64c 2e0e06621af6caf0 6cd7b04dc5c2219 fb14d8658cb6b32d a7ad7e1d3cb615e0 191237f92922dec7 b5d991f4ae7af921 eb310f011427105e 3d49ef25dd871012 ] wstrb=[fa 33 19 58 35 2b 7d 2f 5f 97 88 ] bresp=0 bid=0
[15000] [SEQUENCER] READ mst_id=1 s_id=0 araddr=13767ac0 arid=2 arlen=1 arsize=3 arburst=1 rid=[] rresp=[] rdata=[]
[15000] [SEQUENCER] mst_id=0 s_id=0 awaddr=17915c0 awid=0 awlen=4 awsize=2 awburst=0 wdata=[c4d8c0e8e339476a 85f386c0f9d7dc28 d1274c9933db2705 17146e6f07ecc540 81c4a16896000d81 ] wstrb=[2f 86 1 6f f5 ] bresp=0 bid=0
[15000] [SEQUENCER] READ mst_id=1 s_id=0 araddr=ade33a0 arid=3 arlen=1 arsize=3 arburst=1 rid=[] rresp=[] rdata=[]
[15000] MASTER_DRIVER1 received transaction, op=AXI_WRITE
[15000] MASTER_DRIVER0 received transaction, op=AXI_WRITE
[35000] MASTER 1 AW_VALID_RDY Handshake
[35000] MASTER 0 AW_VALID_RDY Handshake
[45000] ARB MONITOR: slave=0 m0_req=1 m1_req=1 winner=0
[45000] AXI S0_AWVALID_RDY HANDSHAKE
[45000] SCOREBOARD MATCH: arbitration winner (slave 0) expected = 0, actual =0
[55000] MASTER 1 W_VALID_RDY Handshake beat=0 wlast=0
[55000] MASTER 0 W_VALID_RDY Handshake beat=0 wlast=0
[65000] MASTER 0 W_VALID_RDY Handshake beat=1 wlast=0
[65000] MASTER 1 W_VALID_RDY Handshake beat=1 wlast=0
[65000] AXI S0_WVALID_RDY HANDSHAKE
[65000] S0 MEMORY WRITE beat=0 addr=017915c0 data=c4d8c0e8e339476a id=00
[75000] AXI S0_WVALID_RDY HANDSHAKE
[75000] S0 MEMORY WRITE beat=1 addr=017915c0 data=85f386c0f9d7dc28 id=00
[75000] MASTER 1 W_VALID_RDY Handshake beat=2 wlast=0
[75000] MASTER 0 W_VALID_RDY Handshake beat=2 wlast=0
[85000] MASTER 0 W_VALID_RDY Handshake beat=3 wlast=0
[85000] MASTER 1 W_VALID_RDY Handshake beat=3 wlast=0
[85000] AXI S0_WVALID_RDY HANDSHAKE
[85000] S0 MEMORY WRITE beat=2 addr=017915c0 data=d1274c9933db2705 id=00
[95000] AXI S0_WVALID_RDY HANDSHAKE
[95000] S0 MEMORY WRITE beat=3 addr=017915c0 data=17146e6f07ecc540 id=00
[95000] MASTER 1 W_VALID_RDY Handshake beat=4 wlast=0
[95000] MASTER 0 W_VALID_RDY Handshake beat=4 wlast=1
[105000] MASTER 1 W_VALID_RDY Handshake beat=5 wlast=0
[105000] AXI S0_WVALID_RDY HANDSHAKE
[105000] S0 MEMORY WRITE beat=4 addr=017915c0 data=81c4a16896000d81 id=00
[115000] SLAVE0 sent B resp, id=0
[115000] [SLAVE MONITOR] mst_id=0 s_id=0 awaddr=17915c0 awid=0 awlen=4 awsize=2 awburst=0 wdata=[c4d8c0e8e339476a 85f386c0f9d7dc28 d1274c9933db2705 17146e6f07ecc540 81c4a16896000d81 ] wstrb=[2f 86 1 6f f5 ] bresp=0 bid=0
[115000] MASTER 1 W_VALID_RDY Handshake beat=6 wlast=0
[125000] MASTER 1 W_VALID_RDY Handshake beat=7 wlast=0
[125000] ARB MONITOR: slave=0 m0_req=0 m1_req=1 winner=1
[125000] AXI S0_AWVALID_RDY HANDSHAKE
[135000] AXI S0_WVALID_RDY HANDSHAKE
[135000] S0 MEMORY WRITE beat=0 addr=05d691e0 data=13eb1ab6b98656d5 id=19
[135000] MASTER 0 B_VALID_RDY Handshake
[135000] [MASTER MONITOR] mst_id=0 s_id=0 awaddr=17915c0 awid=0 awlen=4 awsize=2 awburst=0 wdata=[c4d8c0e8e339476a 85f386c0f9d7dc28 d1274c9933db2705 17146e6f07ecc540 81c4a16896000d81 ] wstrb=[2f 86 1 6f f5 ] bresp=0 bid=0
[135000] MASTER 0 RECEIVED BRESP. BRESP=0
[135000] [MASTER DRIVER] mst_id=0 s_id=0 awaddr=17915c0 awid=0 awlen=4 awsize=2 awburst=0 wdata=[c4d8c0e8e339476a 85f386c0f9d7dc28 d1274c9933db2705 17146e6f07ecc540 81c4a16896000d81 ] wstrb=[2f 86 1 6f f5 ] bresp=0 bid=0
[135000] SCOREBOARD MATCH: decode_err expected = 0, actual =0
[135000] SCOREBOARD MATCH: slave_id expected = 0, actual =0
[135000] SCOREBOARD MATCH: awaddr passthrough expected = 17915c0, actual =17915c0
[135000] SCOREBOARD MATCH: awlen passthrough expected = 4, actual =4
[135000] SCOREBOARD MATCH: awsize passthrough expected = 2, actual =2
[135000] SCOREBOARD MATCH: awburst passthrough expected = 0, actual =0
[135000] SCOREBOARD MATCH: wdata size check expected = 5, actual =5
[135000] SCOREBOARD MATCH: wdata passthrough beat=0 expected = c4d8c0e8e339476a, actual =c4d8c0e8e339476a
[135000] SCOREBOARD MATCH: wdata passthrough beat=1 expected = 85f386c0f9d7dc28, actual =85f386c0f9d7dc28
[135000] SCOREBOARD MATCH: wdata passthrough beat=2 expected = d1274c9933db2705, actual =d1274c9933db2705
[135000] SCOREBOARD MATCH: wdata passthrough beat=3 expected = 17146e6f07ecc540, actual =17146e6f07ecc540
[135000] SCOREBOARD MATCH: wdata passthrough beat=4 expected = 81c4a16896000d81, actual =81c4a16896000d81
[135000] SCOREBOARD MATCH: wstrb size check expected = 5, actual =5
[135000] SCOREBOARD MATCH: wstrb passthrough beat=0 expected = 2f, actual =2f
[135000] SCOREBOARD MATCH: wstrb passthrough beat=1 expected = 86, actual =86
[135000] SCOREBOARD MATCH: wstrb passthrough beat=2 expected = 1, actual =1
[135000] SCOREBOARD MATCH: wstrb passthrough beat=3 expected = 6f, actual =6f
[135000] SCOREBOARD MATCH: wstrb passthrough beat=4 expected = f5, actual =f5
[135000] SCOREBOARD MATCH: bresp passthrough expected = 0, actual =0
[135000] SCOREBOARD MATCH: response routed to correct master (write) expected = 0, actual =0
[135000] [SCOREBOARD-M] mst_id=0 s_id=0 awaddr=17915c0 awid=0 awlen=4 awsize=2 awburst=0 wdata=[c4d8c0e8e339476a 85f386c0f9d7dc28 d1274c9933db2705 17146e6f07ecc540 81c4a16896000d81 ] wstrb=[2f 86 1 6f f5 ] bresp=0 bid=0
[135000] [SCOREBOARD-S] mst_id=0 s_id=0 awaddr=17915c0 awid=0 awlen=4 awsize=2 awburst=0 wdata=[c4d8c0e8e339476a 85f386c0f9d7dc28 d1274c9933db2705 17146e6f07ecc540 81c4a16896000d81 ] wstrb=[2f 86 1 6f f5 ] bresp=0 bid=0
[135000] SCOREBOARD: Transaction 1 received. pass=21 fail=0
[135000] ALL PASS. Total transactions: 1
[145000] MASTER 1 W_VALID_RDY Handshake beat=8 wlast=0
[145000] AXI S0_WVALID_RDY HANDSHAKE
[145000] S0 MEMORY WRITE beat=1 addr=05d69220 data=b6d58910da76822e id=19
[155000] AXI S0_WVALID_RDY HANDSHAKE
[155000] S0 MEMORY WRITE beat=2 addr=05d69260 data=17af8673bef2d6c9 id=19
[155000] MASTER 1 W_VALID_RDY Handshake beat=9 wlast=0
[165000] MASTER 1 W_VALID_RDY Handshake beat=10 wlast=0
[165000] AXI S0_WVALID_RDY HANDSHAKE
[165000] S0 MEMORY WRITE beat=3 addr=05d692a0 data=f8792d9f1a14dfeb id=19
[175000] AXI S0_WVALID_RDY HANDSHAKE
[175000] S0 MEMORY WRITE beat=4 addr=05d692e0 data=f48b62192b9aa129 id=19
[175000] MASTER 1 W_VALID_RDY Handshake beat=11 wlast=0
[185000] MASTER_DRIVER1 received transaction, op=AXI_WRITE
[185000] MASTER 1 W_VALID_RDY Handshake beat=12 wlast=1
[185000] AXI S0_WVALID_RDY HANDSHAKE
[185000] S0 MEMORY WRITE beat=5 addr=05d69320 data=ea8d77f2af4eb6af id=19
[195000] AXI S0_WVALID_RDY HANDSHAKE
[195000] S0 MEMORY WRITE beat=6 addr=05d69360 data=c963969a8c3ae88c id=19
[205000] MASTER 1 AW_VALID_RDY Handshake
[205000] AXI S0_WVALID_RDY HANDSHAKE
[205000] S0 MEMORY WRITE beat=7 addr=05d693a0 data=b7d589b5e306a591 id=19
[215000] AXI S0_WVALID_RDY HANDSHAKE
[215000] S0 MEMORY WRITE beat=8 addr=05d693e0 data=12555c413deef8b4 id=19
[225000] MASTER 1 W_VALID_RDY Handshake beat=0 wlast=0
[225000] AXI S0_WVALID_RDY HANDSHAKE
[225000] S0 MEMORY WRITE beat=9 addr=05d69420 data=ca29e140226301a8 id=19
[235000] AXI S0_WVALID_RDY HANDSHAKE
[235000] S0 MEMORY WRITE beat=10 addr=05d69460 data=8569a739dbb8f2db id=19
[235000] MASTER 1 W_VALID_RDY Handshake beat=1 wlast=0
[245000] MASTER 1 W_VALID_RDY Handshake beat=2 wlast=0
[245000] AXI S0_WVALID_RDY HANDSHAKE
[245000] S0 MEMORY WRITE beat=11 addr=05d694a0 data=99a7eb8f01ff6af6 id=19
[255000] AXI S0_WVALID_RDY HANDSHAKE
[255000] S0 MEMORY WRITE beat=12 addr=05d69180 data=24626c9e97bf037a id=19
[255000] MASTER 1 W_VALID_RDY Handshake beat=3 wlast=0
[265000] MASTER 1 W_VALID_RDY Handshake beat=4 wlast=0
[265000] ARB MONITOR: slave=1 m0_req=0 m1_req=1 winner=1
[265000] AXI S1_AWVALID_RDY HANDSHAKE
[265000] SLAVE0 sent B resp, id=9
[275000] S1 MEMORY WRITE beat=0 addr=18810838 data=2673873d0f555016 id=12
[275000] [SLAVE MONITOR] mst_id=1 s_id=0 awaddr=5d691e0 awid=1001 awlen=12 awsize=6 awburst=2 wdata=[13eb1ab6b98656d5 b6d58910da76822e 17af8673bef2d6c9 f8792d9f1a14dfeb f48b62192b9aa129 ea8d77f2af4eb6af c963969a8c3ae88c b7d589b5e306a591 12555c413deef8b4 ca29e140226301a8 8569a739dbb8f2db 99a7eb8f01ff6af6 24626c9e97bf037a ] wstrb=[d0 56 d7 c6 e5 52 64 b5 a8 3b 7b 8d 8d ] bresp=0 bid=11001
[275000] MASTER 1 W_VALID_RDY Handshake beat=5 wlast=0
[285000] MASTER 1 RECEIVED BRESP. BRESP=0
[285000] [MASTER DRIVER] mst_id=1 s_id=0 awaddr=5d691e0 awid=1001 awlen=12 awsize=6 awburst=2 wdata=[13eb1ab6b98656d5 b6d58910da76822e 17af8673bef2d6c9 f8792d9f1a14dfeb f48b62192b9aa129 ea8d77f2af4eb6af c963969a8c3ae88c b7d589b5e306a591 12555c413deef8b4 ca29e140226301a8 8569a739dbb8f2db 99a7eb8f01ff6af6 24626c9e97bf037a ] wstrb=[d0 56 d7 c6 e5 52 64 b5 a8 3b 7b 8d 8d ] bresp=0 bid=1001
[285000] MASTER 1 W_VALID_RDY Handshake beat=6 wlast=0
[285000] MASTER 1 B_VALID_RDY Handshake
[285000] [MASTER MONITOR] mst_id=1 s_id=0 awaddr=5d691e0 awid=1001 awlen=12 awsize=6 awburst=2 wdata=[13eb1ab6b98656d5 b6d58910da76822e 17af8673bef2d6c9 f8792d9f1a14dfeb f48b62192b9aa129 ea8d77f2af4eb6af c963969a8c3ae88c b7d589b5e306a591 12555c413deef8b4 ca29e140226301a8 8569a739dbb8f2db 99a7eb8f01ff6af6 24626c9e97bf037a ] wstrb=[d0 56 d7 c6 e5 52 64 b5 a8 3b 7b 8d 8d ] bresp=0 bid=1001
[285000] S1 MEMORY WRITE beat=1 addr=1881083a data=dea8accbebd6b014 id=12
[285000] SCOREBOARD MATCH: decode_err expected = 0, actual =0
[285000] SCOREBOARD MATCH: slave_id expected = 0, actual =0
[285000] SCOREBOARD MATCH: awaddr passthrough expected = 5d691e0, actual =5d691e0
[285000] SCOREBOARD MATCH: awlen passthrough expected = 12, actual =12
[285000] SCOREBOARD MATCH: awsize passthrough expected = 6, actual =6
[285000] SCOREBOARD MATCH: awburst passthrough expected = 2, actual =2
[285000] SCOREBOARD MATCH: wdata size check expected = d, actual =d
[285000] SCOREBOARD MATCH: wdata passthrough beat=0 expected = 13eb1ab6b98656d5, actual =13eb1ab6b98656d5
[285000] SCOREBOARD MATCH: wdata passthrough beat=1 expected = b6d58910da76822e, actual =b6d58910da76822e
[285000] SCOREBOARD MATCH: wdata passthrough beat=2 expected = 17af8673bef2d6c9, actual =17af8673bef2d6c9
[285000] SCOREBOARD MATCH: wdata passthrough beat=3 expected = f8792d9f1a14dfeb, actual =f8792d9f1a14dfeb
[285000] SCOREBOARD MATCH: wdata passthrough beat=4 expected = f48b62192b9aa129, actual =f48b62192b9aa129
[285000] SCOREBOARD MATCH: wdata passthrough beat=5 expected = ea8d77f2af4eb6af, actual =ea8d77f2af4eb6af
[285000] SCOREBOARD MATCH: wdata passthrough beat=6 expected = c963969a8c3ae88c, actual =c963969a8c3ae88c
[285000] SCOREBOARD MATCH: wdata passthrough beat=7 expected = b7d589b5e306a591, actual =b7d589b5e306a591
[285000] SCOREBOARD MATCH: wdata passthrough beat=8 expected = 12555c413deef8b4, actual =12555c413deef8b4
[285000] SCOREBOARD MATCH: wdata passthrough beat=9 expected = ca29e140226301a8, actual =ca29e140226301a8
[285000] SCOREBOARD MATCH: wdata passthrough beat=10 expected = 8569a739dbb8f2db, actual =8569a739dbb8f2db
[285000] SCOREBOARD MATCH: wdata passthrough beat=11 expected = 99a7eb8f01ff6af6, actual =99a7eb8f01ff6af6
[285000] SCOREBOARD MATCH: wdata passthrough beat=12 expected = 24626c9e97bf037a, actual =24626c9e97bf037a
[285000] SCOREBOARD MATCH: wstrb size check expected = d, actual =d
[285000] SCOREBOARD MATCH: wstrb passthrough beat=0 expected = d0, actual =d0
[285000] SCOREBOARD MATCH: wstrb passthrough beat=1 expected = 56, actual =56
[285000] SCOREBOARD MATCH: wstrb passthrough beat=2 expected = d7, actual =d7
[285000] SCOREBOARD MATCH: wstrb passthrough beat=3 expected = c6, actual =c6
[285000] SCOREBOARD MATCH: wstrb passthrough beat=4 expected = e5, actual =e5
[285000] SCOREBOARD MATCH: wstrb passthrough beat=5 expected = 52, actual =52
[285000] SCOREBOARD MATCH: wstrb passthrough beat=6 expected = 64, actual =64
[285000] SCOREBOARD MATCH: wstrb passthrough beat=7 expected = b5, actual =b5
[285000] SCOREBOARD MATCH: wstrb passthrough beat=8 expected = a8, actual =a8
[285000] SCOREBOARD MATCH: wstrb passthrough beat=9 expected = 3b, actual =3b
[285000] SCOREBOARD MATCH: wstrb passthrough beat=10 expected = 7b, actual =7b
[285000] SCOREBOARD MATCH: wstrb passthrough beat=11 expected = 8d, actual =8d
[285000] SCOREBOARD MATCH: wstrb passthrough beat=12 expected = 8d, actual =8d
[285000] SCOREBOARD MATCH: bresp passthrough expected = 0, actual =0
[285000] SCOREBOARD MATCH: response routed to correct master (write) expected = 1, actual =1
[285000] [SCOREBOARD-M] mst_id=1 s_id=0 awaddr=5d691e0 awid=1001 awlen=12 awsize=6 awburst=2 wdata=[13eb1ab6b98656d5 b6d58910da76822e 17af8673bef2d6c9 f8792d9f1a14dfeb f48b62192b9aa129 ea8d77f2af4eb6af c963969a8c3ae88c b7d589b5e306a591 12555c413deef8b4 ca29e140226301a8 8569a739dbb8f2db 99a7eb8f01ff6af6 24626c9e97bf037a ] wstrb=[d0 56 d7 c6 e5 52 64 b5 a8 3b 7b 8d 8d ] bresp=0 bid=1001
[285000] [SCOREBOARD-S] mst_id=1 s_id=0 awaddr=5d691e0 awid=1001 awlen=12 awsize=6 awburst=2 wdata=[13eb1ab6b98656d5 b6d58910da76822e 17af8673bef2d6c9 f8792d9f1a14dfeb f48b62192b9aa129 ea8d77f2af4eb6af c963969a8c3ae88c b7d589b5e306a591 12555c413deef8b4 ca29e140226301a8 8569a739dbb8f2db 99a7eb8f01ff6af6 24626c9e97bf037a ] wstrb=[d0 56 d7 c6 e5 52 64 b5 a8 3b 7b 8d 8d ] bresp=0 bid=11001
[285000] SCOREBOARD: Transaction 2 received. pass=57 fail=0
[285000] ALL PASS. Total transactions: 2
[295000] S1 MEMORY WRITE beat=2 addr=1881083c data=35e89adc1eb8b64c id=12
[295000] MASTER 1 W_VALID_RDY Handshake beat=7 wlast=0
[305000] MASTER 1 W_VALID_RDY Handshake beat=8 wlast=0
[305000] S1 MEMORY WRITE beat=3 addr=1881083e data=2e0e06621af6caf0 id=12
[315000] S1 MEMORY WRITE beat=4 addr=18810840 data=06cd7b04dc5c2219 id=12
[315000] MASTER 1 W_VALID_RDY Handshake beat=9 wlast=0
[325000] MASTER_DRIVER1 received transaction, op=AXI_READ
[325000] MASTER 1 W_VALID_RDY Handshake beat=10 wlast=1
[325000] S1 MEMORY WRITE beat=5 addr=18810842 data=fb14d8658cb6b32d id=12
[335000] S1 MEMORY WRITE beat=6 addr=18810844 data=a7ad7e1d3cb615e0 id=12
[345000] MASTER_DRIVER1 received transaction, op=AXI_READ
[345000] S1 MEMORY WRITE beat=7 addr=18810830 data=191237f92922dec7 id=12
[355000] S1 MEMORY WRITE beat=8 addr=18810832 data=b5d991f4ae7af921 id=12
[355000] AXI S0_ARVALID_RDY HANDSHAKE
[355000] MEMORY READ MISS beat=0 addr=13767ac0 -> default data id=18
[355000] ARB MONITOR: slave=1 m0_req=0 m1_req=1 winner=1
[365000] SLAVE 1 R_VALID_RDY Handshake beat=0 rlast=0
[365000] MEMORY READ MISS beat=1 addr=13767ac8 -> default data id=18
[365000] S1 MEMORY WRITE beat=9 addr=18810834 data=eb310f011427105e id=12
[375000] S1 MEMORY WRITE beat=10 addr=18810836 data=3d49ef25dd871012 id=12
[375000] AXI S0_ARVALID_RDY HANDSHAKE
[375000] MEMORY READ MISS beat=0 addr=ade33a0 -> default data id=19
[375000] SLAVE 1 R_VALID_RDY Handshake beat=1 rlast=1
[375000] [SLAVE MONITOR] READ mst_id=1 s_id=1 araddr=13767ac0 arid=2 arlen=1 arsize=3 arburst=1 rid=[1212] rresp=[00] rdata=[baadf00d12345678baadf00d12345678]
[375000] ARB MONITOR: slave=0 m0_req=0 m1_req=1 winner=1
[385000] MASTER 1 R_VALID_RDY Handshake beat=0 rlast=0
[385000] SLAVE 0 R_VALID_RDY Handshake beat=0 rlast=0
[385000] MEMORY READ MISS beat=1 addr=ade33a8 -> default data id=19
[385000] SLAVE1 sent B resp, id=2
[395000] SLAVE 0 R_VALID_RDY Handshake beat=1 rlast=1
[395000] [SLAVE MONITOR] READ mst_id=1 s_id=0 araddr=ade33a0 arid=3 arlen=1 arsize=3 arburst=1 rid=[1313] rresp=[00] rdata=[baadf00d12345678baadf00d12345678]
[395000] [SLAVE MONITOR] mst_id=1 s_id=1 awaddr=18810838 awid=10 awlen=10 awsize=1 awburst=2 wdata=[2673873d0f555016 dea8accbebd6b014 35e89adc1eb8b64c 2e0e06621af6caf0 6cd7b04dc5c2219 fb14d8658cb6b32d a7ad7e1d3cb615e0 191237f92922dec7 b5d991f4ae7af921 eb310f011427105e 3d49ef25dd871012 ] wstrb=[fa 33 19 58 35 2b 7d 2f 5f 97 88 ] bresp=0 bid=10010
[395000] MASTER 1 R_VALID_RDY Handshake beat=1 rlast=1
[395000] [MASTER MONITOR] READ mst_id=1 s_id=1 araddr=13767ac0 arid=2 arlen=1 arsize=3 arburst=1 rid=[22] rresp=[00] rdata=[baadf00d12345678baadf00d12345678]
[395000] [MASTER DRIVER] READ mst_id=1 s_id=0 araddr=13767ac0 arid=2 arlen=1 arsize=3 arburst=1 rid=[22] rresp=[00] rdata=[baadf00d12345678baadf00d12345678]
[395000] SCOREBOARD MATCH: decode_err expected = 0, actual =0
[395000] SCOREBOARD MATCH: slave_id expected = 1, actual =1
[395000] SCOREBOARD MATCH: araddr passthrough expected = 13767ac0, actual =13767ac0
[395000] SCOREBOARD MATCH: arlen passthrough expected = 1, actual =1
[395000] SCOREBOARD MATCH: arsize passthrough expected = 3, actual =3
[395000] SCOREBOARD MATCH: arburst passthrough expected = 1, actual =1
[395000] SCOREBOARD MATCH: rdata size check expected = 2, actual =2
[395000] SCOREBOARD MATCH: rdata passthrough beat=0 expected = baadf00d12345678, actual =baadf00d12345678
[395000] SCOREBOARD MATCH: rdata passthrough beat=1 expected = baadf00d12345678, actual =baadf00d12345678
[395000] SCOREBOARD MATCH: rresp size check expected = 2, actual =2
[395000] SCOREBOARD MATCH: rresp passthrough beat=0 expected = 0, actual =0
[395000] SCOREBOARD MATCH: rresp passthrough beat=1 expected = 0, actual =0
[395000] SCOREBOARD MATCH: response routed to correct master (read beat 0) expected = 1, actual =1
[395000] SCOREBOARD MATCH: response routed to correct master (read beat 1) expected = 1, actual =1
[395000] [SCOREBOARD-M] READ mst_id=1 s_id=1 araddr=13767ac0 arid=2 arlen=1 arsize=3 arburst=1 rid=[22] rresp=[00] rdata=[baadf00d12345678baadf00d12345678]
[395000] [SCOREBOARD-S] READ mst_id=1 s_id=1 araddr=13767ac0 arid=2 arlen=1 arsize=3 arburst=1 rid=[1212] rresp=[00] rdata=[baadf00d12345678baadf00d12345678]
[395000] SCOREBOARD: Transaction 3 received. pass=71 fail=0
[395000] ALL PASS. Total transactions: 3
[405000] MASTER 1 RECEIVED BRESP. BRESP=0
[405000] [MASTER DRIVER] mst_id=1 s_id=0 awaddr=18810838 awid=10 awlen=10 awsize=1 awburst=2 wdata=[2673873d0f555016 dea8accbebd6b014 35e89adc1eb8b64c 2e0e06621af6caf0 6cd7b04dc5c2219 fb14d8658cb6b32d a7ad7e1d3cb615e0 191237f92922dec7 b5d991f4ae7af921 eb310f011427105e 3d49ef25dd871012 ] wstrb=[fa 33 19 58 35 2b 7d 2f 5f 97 88 ] bresp=0 bid=10
[405000] MASTER 1 B_VALID_RDY Handshake
[405000] [MASTER MONITOR] mst_id=1 s_id=1 awaddr=18810838 awid=10 awlen=10 awsize=1 awburst=2 wdata=[2673873d0f555016 dea8accbebd6b014 35e89adc1eb8b64c 2e0e06621af6caf0 6cd7b04dc5c2219 fb14d8658cb6b32d a7ad7e1d3cb615e0 191237f92922dec7 b5d991f4ae7af921 eb310f011427105e 3d49ef25dd871012 ] wstrb=[fa 33 19 58 35 2b 7d 2f 5f 97 88 ] bresp=0 bid=10
[405000] SCOREBOARD MATCH: decode_err expected = 0, actual =0
[405000] SCOREBOARD MATCH: slave_id expected = 1, actual =1
[405000] SCOREBOARD MATCH: awaddr passthrough expected = 18810838, actual =18810838
[405000] SCOREBOARD MATCH: awlen passthrough expected = 10, actual =10
[405000] SCOREBOARD MATCH: awsize passthrough expected = 1, actual =1
[405000] SCOREBOARD MATCH: awburst passthrough expected = 2, actual =2
[405000] SCOREBOARD MATCH: wdata size check expected = b, actual =b
[405000] SCOREBOARD MATCH: wdata passthrough beat=0 expected = 2673873d0f555016, actual =2673873d0f555016
[405000] SCOREBOARD MATCH: wdata passthrough beat=1 expected = dea8accbebd6b014, actual =dea8accbebd6b014
[405000] SCOREBOARD MATCH: wdata passthrough beat=2 expected = 35e89adc1eb8b64c, actual =35e89adc1eb8b64c
[405000] SCOREBOARD MATCH: wdata passthrough beat=3 expected = 2e0e06621af6caf0, actual =2e0e06621af6caf0
[405000] SCOREBOARD MATCH: wdata passthrough beat=4 expected = 6cd7b04dc5c2219, actual =6cd7b04dc5c2219
[405000] SCOREBOARD MATCH: wdata passthrough beat=5 expected = fb14d8658cb6b32d, actual =fb14d8658cb6b32d
[405000] SCOREBOARD MATCH: wdata passthrough beat=6 expected = a7ad7e1d3cb615e0, actual =a7ad7e1d3cb615e0
[405000] SCOREBOARD MATCH: wdata passthrough beat=7 expected = 191237f92922dec7, actual =191237f92922dec7
[405000] SCOREBOARD MATCH: wdata passthrough beat=8 expected = b5d991f4ae7af921, actual =b5d991f4ae7af921
[405000] SCOREBOARD MATCH: wdata passthrough beat=9 expected = eb310f011427105e, actual =eb310f011427105e
[405000] SCOREBOARD MATCH: wdata passthrough beat=10 expected = 3d49ef25dd871012, actual =3d49ef25dd871012
[405000] SCOREBOARD MATCH: wstrb size check expected = b, actual =b
[405000] SCOREBOARD MATCH: wstrb passthrough beat=0 expected = fa, actual =fa
[405000] SCOREBOARD MATCH: wstrb passthrough beat=1 expected = 33, actual =33
[405000] SCOREBOARD MATCH: wstrb passthrough beat=2 expected = 19, actual =19
[405000] SCOREBOARD MATCH: wstrb passthrough beat=3 expected = 58, actual =58
[405000] SCOREBOARD MATCH: wstrb passthrough beat=4 expected = 35, actual =35
[405000] SCOREBOARD MATCH: wstrb passthrough beat=5 expected = 2b, actual =2b
[405000] SCOREBOARD MATCH: wstrb passthrough beat=6 expected = 7d, actual =7d
[405000] SCOREBOARD MATCH: wstrb passthrough beat=7 expected = 2f, actual =2f
[405000] SCOREBOARD MATCH: wstrb passthrough beat=8 expected = 5f, actual =5f
[405000] SCOREBOARD MATCH: wstrb passthrough beat=9 expected = 97, actual =97
[405000] SCOREBOARD MATCH: wstrb passthrough beat=10 expected = 88, actual =88
[405000] SCOREBOARD MATCH: bresp passthrough expected = 0, actual =0
[405000] SCOREBOARD MATCH: response routed to correct master (write) expected = 1, actual =1
[405000] [SCOREBOARD-M] mst_id=1 s_id=1 awaddr=18810838 awid=10 awlen=10 awsize=1 awburst=2 wdata=[2673873d0f555016 dea8accbebd6b014 35e89adc1eb8b64c 2e0e06621af6caf0 6cd7b04dc5c2219 fb14d8658cb6b32d a7ad7e1d3cb615e0 191237f92922dec7 b5d991f4ae7af921 eb310f011427105e 3d49ef25dd871012 ] wstrb=[fa 33 19 58 35 2b 7d 2f 5f 97 88 ] bresp=0 bid=10
[405000] [SCOREBOARD-S] mst_id=1 s_id=1 awaddr=18810838 awid=10 awlen=10 awsize=1 awburst=2 wdata=[2673873d0f555016 dea8accbebd6b014 35e89adc1eb8b64c 2e0e06621af6caf0 6cd7b04dc5c2219 fb14d8658cb6b32d a7ad7e1d3cb615e0 191237f92922dec7 b5d991f4ae7af921 eb310f011427105e 3d49ef25dd871012 ] wstrb=[fa 33 19 58 35 2b 7d 2f 5f 97 88 ] bresp=0 bid=10010
[405000] SCOREBOARD: Transaction 4 received. pass=103 fail=0
[405000] ALL PASS. Total transactions: 4
[415000] MASTER 1 R_VALID_RDY Handshake beat=0 rlast=0
[425000] [MASTER DRIVER] READ mst_id=1 s_id=0 araddr=ade33a0 arid=3 arlen=1 arsize=3 arburst=1 rid=[33] rresp=[00] rdata=[baadf00d12345678baadf00d12345678]
[425000] MASTER 1 R_VALID_RDY Handshake beat=1 rlast=1
[425000] [MASTER MONITOR] READ mst_id=1 s_id=0 araddr=ade33a0 arid=3 arlen=1 arsize=3 arburst=1 rid=[33] rresp=[00] rdata=[baadf00d12345678baadf00d12345678]
[425000] SCOREBOARD MATCH: decode_err expected = 0, actual =0
[425000] SCOREBOARD MATCH: slave_id expected = 0, actual =0
[425000] SCOREBOARD MATCH: araddr passthrough expected = ade33a0, actual =ade33a0
[425000] SCOREBOARD MATCH: arlen passthrough expected = 1, actual =1
[425000] SCOREBOARD MATCH: arsize passthrough expected = 3, actual =3
[425000] SCOREBOARD MATCH: arburst passthrough expected = 1, actual =1
[425000] SCOREBOARD MATCH: rdata size check expected = 2, actual =2
[425000] SCOREBOARD MATCH: rdata passthrough beat=0 expected = baadf00d12345678, actual =baadf00d12345678
[425000] SCOREBOARD MATCH: rdata passthrough beat=1 expected = baadf00d12345678, actual =baadf00d12345678
[425000] SCOREBOARD MATCH: rresp size check expected = 2, actual =2
[425000] SCOREBOARD MATCH: rresp passthrough beat=0 expected = 0, actual =0
[425000] SCOREBOARD MATCH: rresp passthrough beat=1 expected = 0, actual =0
[425000] SCOREBOARD MATCH: response routed to correct master (read beat 0) expected = 1, actual =1
[425000] SCOREBOARD MATCH: response routed to correct master (read beat 1) expected = 1, actual =1
[425000] [SCOREBOARD-M] READ mst_id=1 s_id=0 araddr=ade33a0 arid=3 arlen=1 arsize=3 arburst=1 rid=[33] rresp=[00] rdata=[baadf00d12345678baadf00d12345678]
[425000] [SCOREBOARD-S] READ mst_id=1 s_id=0 araddr=ade33a0 arid=3 arlen=1 arsize=3 arburst=1 rid=[1313] rresp=[00] rdata=[baadf00d12345678baadf00d12345678]
[425000] SCOREBOARD: Transaction 5 received. pass=117 fail=0
[425000] SCOREBOARD: Expected 5 transactions completed, PASS=117 FAIL=0
[425000] ALL PASS. Total transactions: 5
[425000] ALL TRANSACTIONS MONITORED
$finish called at time : 445 ns : File "/home/nashita/Desktop/practice/axi_xbar/tb/top/axi_tb_top.sv" Line 220
exit
INFO: xsimkernel Simulation Memory Usage: 289464 KB (Peak: 337864 KB), Simulation CPU Usage: 1170 ms
INFO: [Common 17-206] Exiting xsim at Thu Sep 10 18:35:16 2026...
