#-----------------------------------------------------------
# xsim v2025.2 (64-bit)
# SW Build 6299465 on Fri Nov 14 12:34:56 MST 2025
# IP Build 6300035 on Fri Nov 14 10:48:45 MST 2025
# SharedData Build 6298862 on Thu Nov 13 04:50:51 MST 2025
# Start of session at: Thu Sep 10 18:44:04 2026
# Process ID         : 3670260
# Current directory  : /home/nashita/Desktop/practice/axi_xbar/sim
# Command line       : xsim -log regress_results/BT_run434.log -mode tcl -source {xsim.dir/tb_top_snap/xsim_script.tcl}
# Log file           : /home/nashita/Desktop/practice/axi_xbar/sim/regress_results/BT_run434.log
# Journal file       : /home/nashita/Desktop/practice/axi_xbar/sim/xsim.jou
# Running On         : vlsi-vivado
# Platform           : Ubuntu
# Operating System   : Ubuntu 24.04.4 LTS
# Processor Detail   : Intel(R) Core(TM) i5-10400 CPU @ 2.90GHz
# CPU Frequency      : 800.000 MHz
# CPU Physical cores : 6
# CPU Logical cores  : 12
# Host memory        : 41875 MB
# Swap memory        : 27648 MB
# Total Virtual      : 69524 MB
# Available Virtual  : 62783 MB
#-----------------------------------------------------------
source xsim.dir/tb_top_snap/xsim_script.tcl
# xsim {tb_top_snap} -testplusarg BT -autoloadwcfg -runall -sv_seed 435
Time resolution is 1 ps
run -all
[0] RUNNING BASE TEST
[0] INSIDE THE BASE TEST CONSTRUCTOR
[0] ENV: before agent
[0] SLAVE CONSTRUCTED
[0] MASTER MONITOR CONSTRUCTED
[0] MASTER MONITOR CONSTRUCTED
[0] SLAVE MONITOR CONSTRUCTED
[0] SLAVE MONITOR CONSTRUCTED
[0] ARB MONITOR CONSTRUCTED
GENERATOR CONSTRUCTED
[0] ENV: after agent
[0] ENV: before scoreboard
[0] ENV: after scoreboard
[15000] [SEQUENCER] READ mst_id=0 s_id=0 araddr=17fc0150 arid=0 arlen=1 arsize=3 arburst=1 rid=[] rresp=[] rdata=[]
[15000] [SEQUENCER] READ mst_id=1 s_id=0 araddr=5367cb0 arid=0 arlen=1 arsize=3 arburst=1 rid=[] rresp=[] rdata=[]
[15000] [SEQUENCER] READ mst_id=1 s_id=0 araddr=1e516a70 arid=1 arlen=1 arsize=3 arburst=1 rid=[] rresp=[] rdata=[]
[15000] [SEQUENCER] mst_id=0 s_id=0 awaddr=c183290 awid=1 awlen=13 awsize=3 awburst=0 wdata=[3bf65dcb9fc38d2d 294693801cf489f2 e44abc2507496394 a70cf0c195d1ba52 b2c64444a04119f0 a78a7d84d0538441 e6253e941711006a b7521a5ace976e46 9eeaf28798eb82d8 affc8342dedc97df 2d7406258510311b 1dfbb3f4e74e9d9d c62b357ccc5ef8ac d16f29c8cdf83736 ] wstrb=[a1 d3 bc 4d 4f f2 15 f0 c6 d1 3e 15 c4 53 ] bresp=0 bid=0
[15000] [SEQUENCER] mst_id=1 s_id=0 awaddr=183b1b78 awid=1110 awlen=163 awsize=0 awburst=1 wdata=[f74d751386b7ff99 cc4f9b05db5d280f e648b7fd3847203 da3c719cffbf464a db1c6e5a05b20092 d9367295a68c0ca1 264b52ece980f9d9 ef32fa6bb372e431 d9fef0d30167c146 eae8bb1fc8696d00 fbdc5131004a43bf 1b20505da1bb58a 2285228ad5db4204 d62585c3ec9ac024 c6b675ae9e6173bb f43cb5c0d7d78ac8 c4724aece93b9838 879d0bf3ca623b83 2239c64c8b28c09a f46458d2fbd9c1b3 c63bfd37e6ac1138 f1d4d1d3fc0164c6 f7db2679e875c383 cf21d4bbe6392aa5 e23a8f6bbe1723b0 a68ce733c0f6a68e 272fd134da15b5e5 982cd995f5aebbef b6a5627d896a609f e38016843eb9c0c9 34687cb8ddd533b1 e73f9451fbacf01a 3a66b0e3eb0ddf35 c8e312e7cabfaad5 c66c9aefeecf2d9b d9dd0cd03022a738 fae2520d80d34bd2 efa2796da2c01fb7 d2e2c6efc14eecfd c22238cfc97f863e ec3fa5f5cdc518fd f1405fa31c4b23d fb44387b3f226ce5 ce785e2d1363ec9 82faf106e783de70 a6a64b551bfb8bdc ed31caa5fe3f2981 e5c307f2b38dd137 cf895d13f02cbbac ee6be52d8c695347 3ff7247f3cbb27b9 2ce7e365d42eed1f e09840678f808192 cc3ba94b9b53c892 ef82b5b2208f64e6 b00fe678f9238cb0 14775543d01af619 f0aa5afffc4b8fc4 f56f1c7403fa0af5 d415010ea0ba4177 9d05d13b89e671b7 8de07cacc4bf5c0d e5799d841274edb0 9c5b5f67e1f57dba a6b4d9c7027f6ec0 14f45c702a3bdc14 8c3159ce0c2e774c eade60cb14fbbd7 db8b97eb32e63396 3f14aae223a2427c d4f1fe53e7bcf1ba 1aa32550cdc290ee f164d36a307d963f 183a87f9d9b7d032 277a6120c656d1bd f6d467fc32ddad49 c957d7b18df348a df3606478f0eeff5 c1ec9d3e340fde9b ccef1325d60a6e44 e5195e39ce821ab9 8291f954ac25196c 822f87b02705fb78 f5881631cf810c79 fba625e6e748e5ea e4ee162f81a0f86 c79b1bfffdd5ad96 e51e938083d6f793 fbf10719c34141e5 c116ef7cf36d74e2 f7446c76c38c2319 86cd64fea63582fc 19a2f7dff335738f b6c196a8c7e4547a ee19d77710e76455 841cd7e43d8efba7 8573502107bccf56 18a433ab3ade6e8d f86d6a34f38d2798 fb49f6ee9cc10b8f d79f7a1cfde0ba55 f16de1ee93ee2a99 30af3629d00ce450 cded9ea6ecb7d8dc a60376884eb045 d85b94963f5b8094 ac1359703155399f b9a3e9e42649333c e5a4b3d0acb95ce6 de0e968591ff7e7a b848b1b691b80d40 3e716a2717b2806a a9b1fee49ded6586 2fa572c79c8000ac b4328116e1fab09b ffe81621ee16dcee 8a96dd9adde47ffb 3fdf3096af8d88e8 9da465d63ec95eb1 1caddeacbfc746b7 ef54cfa0283b4371 e704a222dc8d0f42 9c5455f98cf93576 b53478e703b280ce e03f90108ba92599 18a25b109c391b09 9feb9bd7fc93e609 83d0ba3cdd6d3f7 ea0fef01802b2be7 fcbf11f120df66b3 eeb63aaa89fb8ad8 a26b6c004fc1d94 25db8447d8c629ab e2c1b48406e5c8b1 be1e6459491bef1 ed57e89dece86b44 f3ce33f531bd6a8c c64f297dd0199d21 3d020865ffb01a3a 316d84c6b3a7121a 83c0af3b30d03c5a 30805694f7bcae43 2b63c05ec0c2b7a0 f192f3fae1eddb5a d9aa899daf246f99 efe7273aa2134a8e 840125e8850e49fb 3432b995e17a1b34 38d65c3ddabaf86 e2b9f9812419e0cf 8593fc03878e8bab e53a3b3196ecb316 bb0693e5892161c6 10afed72c7f434b3 dee0e7c9c09a8fe9 c9bbf1aff5ea28a3 bdde5d5619e77baf da820b98da6bdf21 d05607c51cbf4520 36a6c0cfa43dfd47 fea9dc698e34651b aaf3aa3b1128cc67 b566c9aeceffe42e dd344949e19a6b0a ] wstrb=[17 71 85 45 20 8f 8f 37 1 14 7d 21 a3 c 58 a4 20 d5 c5 c3 e1 1e 68 1 f3 2d c5 d5 4b 2d d6 3f 5a 9b 14 a6 c8 ea e5 23 86 f9 c9 4e e3 ae 71 69 a7 3a b8 8a e8 29 f4 8f 64 ac 1a 4c d5 e dc 39 ba f6 86 8f 4 62 c9 be 58 4f 4d 5c b1 16 1a 9 65 67 65 16 7e 7f 1f e3 e6 84 fa 64 3 19 48 ea 9e 42 4e a1 5b 96 8b f9 d8 da 9b 34 70 26 2d 49 0 c8 7d 71 ef aa ba ef 73 37 60 62 e1 1a 51 54 51 b2 b6 33 cc 8 87 1e ba 3e 51 86 46 d8 a4 0 16 f5 86 5c ce 2b 5c e4 20 e3 41 ee e 9d d3 2e 80 14 1d 8e ] bresp=0 bid=0
[15000] MASTER_DRIVER0 received transaction, op=AXI_READ
[15000] MASTER_DRIVER1 received transaction, op=AXI_READ
[35000] MASTER_DRIVER0 received transaction, op=AXI_WRITE
[35000] MASTER_DRIVER1 received transaction, op=AXI_READ
[45000] ARB MONITOR: slave=0 m0_req=0 m1_req=1 winner=1
[45000] ARB MONITOR: slave=1 m0_req=1 m1_req=0 winner=0
[45000] AXI S0_ARVALID_RDY HANDSHAKE
[45000] MEMORY READ MISS beat=0 addr=17fc0150 -> default data id=0
[45000] AXI S0_ARVALID_RDY HANDSHAKE
[45000] MEMORY READ MISS beat=0 addr=5367cb0 -> default data id=16
[55000] MEMORY READ MISS beat=1 addr=5367cb8 -> default data id=16
[55000] MEMORY READ MISS beat=1 addr=17fc0158 -> default data id=0
[55000] SLAVE 0 R_VALID_RDY Handshake beat=0 rlast=0
[55000] SLAVE 1 R_VALID_RDY Handshake beat=0 rlast=0
[55000] MASTER 0 AW_VALID_RDY Handshake
[55000] MASTER_DRIVER1 received transaction, op=AXI_WRITE
[65000] ARB MONITOR: slave=0 m0_req=1 m1_req=0 winner=0
[65000] SLAVE 1 R_VALID_RDY Handshake beat=1 rlast=1
[65000] [SLAVE MONITOR] READ mst_id=0 s_id=1 araddr=17fc0150 arid=0 arlen=1 arsize=3 arburst=1 rid=[00] rresp=[00] rdata=[baadf00d12345678baadf00d12345678]
[65000] SLAVE 0 R_VALID_RDY Handshake beat=1 rlast=1
[65000] [SLAVE MONITOR] READ mst_id=1 s_id=0 araddr=5367cb0 arid=0 arlen=1 arsize=3 arburst=1 rid=[1010] rresp=[00] rdata=[baadf00d12345678baadf00d12345678]
[65000] AXI S0_AWVALID_RDY HANDSHAKE
[75000] AXI S0_ARVALID_RDY HANDSHAKE
[75000] MEMORY READ MISS beat=0 addr=1e516a70 -> default data id=17
[75000] ARB MONITOR: slave=1 m0_req=0 m1_req=1 winner=1
[75000] MASTER 1 R_VALID_RDY Handshake beat=0 rlast=0
[75000] MASTER 1 AW_VALID_RDY Handshake
[75000] MASTER 0 R_VALID_RDY Handshake beat=0 rlast=0
[75000] MASTER 0 W_VALID_RDY Handshake beat=0 wlast=0
[85000] [MASTER DRIVER] READ mst_id=1 s_id=0 araddr=5367cb0 arid=0 arlen=1 arsize=3 arburst=1 rid=[00] rresp=[00] rdata=[baadf00d12345678baadf00d12345678]
[85000] [MASTER DRIVER] READ mst_id=0 s_id=0 araddr=17fc0150 arid=0 arlen=1 arsize=3 arburst=1 rid=[00] rresp=[00] rdata=[baadf00d12345678baadf00d12345678]
[85000] MASTER 0 W_VALID_RDY Handshake beat=1 wlast=0
[85000] MASTER 0 R_VALID_RDY Handshake beat=1 rlast=1
[85000] [MASTER MONITOR] READ mst_id=0 s_id=1 araddr=17fc0150 arid=0 arlen=1 arsize=3 arburst=1 rid=[00] rresp=[00] rdata=[baadf00d12345678baadf00d12345678]
[85000] MASTER 1 R_VALID_RDY Handshake beat=1 rlast=1
[85000] [MASTER MONITOR] READ mst_id=1 s_id=0 araddr=5367cb0 arid=0 arlen=1 arsize=3 arburst=1 rid=[00] rresp=[00] rdata=[baadf00d12345678baadf00d12345678]
[85000] ARB MONITOR: slave=1 m0_req=0 m1_req=1 winner=1
[85000] SLAVE 1 R_VALID_RDY Handshake beat=0 rlast=0
[85000] MEMORY READ MISS beat=1 addr=1e516a78 -> default data id=17
[85000] AXI S1_AWVALID_RDY HANDSHAKE
[85000] AXI S0_WVALID_RDY HANDSHAKE
[85000] S0 MEMORY WRITE beat=0 addr=0c183290 data=3bf65dcb9fc38d2d id=01
[85000] SCOREBOARD MATCH: decode_err expected = 0, actual =0
[85000] SCOREBOARD MATCH: slave_id expected = 1, actual =1
[85000] SCOREBOARD MATCH: araddr passthrough expected = 17fc0150, actual =17fc0150
[85000] SCOREBOARD MATCH: arlen passthrough expected = 1, actual =1
[85000] SCOREBOARD MATCH: arsize passthrough expected = 3, actual =3
[85000] SCOREBOARD MATCH: arburst passthrough expected = 1, actual =1
[85000] SCOREBOARD MATCH: rdata size check expected = 2, actual =2
[85000] SCOREBOARD MATCH: rdata passthrough beat=0 expected = baadf00d12345678, actual =baadf00d12345678
[85000] SCOREBOARD MATCH: rdata passthrough beat=1 expected = baadf00d12345678, actual =baadf00d12345678
[85000] SCOREBOARD MATCH: rresp size check expected = 2, actual =2
[85000] SCOREBOARD MATCH: rresp passthrough beat=0 expected = 0, actual =0
[85000] SCOREBOARD MATCH: rresp passthrough beat=1 expected = 0, actual =0
[85000] SCOREBOARD MATCH: response routed to correct master (read beat 0) expected = 0, actual =0
[85000] SCOREBOARD MATCH: response routed to correct master (read beat 1) expected = 0, actual =0
[85000] [SCOREBOARD-M] READ mst_id=0 s_id=1 araddr=17fc0150 arid=0 arlen=1 arsize=3 arburst=1 rid=[00] rresp=[00] rdata=[baadf00d12345678baadf00d12345678]
[85000] [SCOREBOARD-S] READ mst_id=0 s_id=1 araddr=17fc0150 arid=0 arlen=1 arsize=3 arburst=1 rid=[00] rresp=[00] rdata=[baadf00d12345678baadf00d12345678]
[85000] SCOREBOARD: Transaction 1 received. pass=14 fail=0
[85000] ALL PASS. Total transactions: 1
[85000] SCOREBOARD MATCH: decode_err expected = 0, actual =0
[85000] SCOREBOARD MATCH: slave_id expected = 0, actual =0
[85000] SCOREBOARD MATCH: araddr passthrough expected = 5367cb0, actual =5367cb0
[85000] SCOREBOARD MATCH: arlen passthrough expected = 1, actual =1
[85000] SCOREBOARD MATCH: arsize passthrough expected = 3, actual =3
[85000] SCOREBOARD MATCH: arburst passthrough expected = 1, actual =1
[85000] SCOREBOARD MATCH: rdata size check expected = 2, actual =2
[85000] SCOREBOARD MATCH: rdata passthrough beat=0 expected = baadf00d12345678, actual =baadf00d12345678
[85000] SCOREBOARD MATCH: rdata passthrough beat=1 expected = baadf00d12345678, actual =baadf00d12345678
[85000] SCOREBOARD MATCH: rresp size check expected = 2, actual =2
[85000] SCOREBOARD MATCH: rresp passthrough beat=0 expected = 0, actual =0
[85000] SCOREBOARD MATCH: rresp passthrough beat=1 expected = 0, actual =0
[85000] SCOREBOARD MATCH: response routed to correct master (read beat 0) expected = 1, actual =1
[85000] SCOREBOARD MATCH: response routed to correct master (read beat 1) expected = 1, actual =1
[85000] [SCOREBOARD-M] READ mst_id=1 s_id=0 araddr=5367cb0 arid=0 arlen=1 arsize=3 arburst=1 rid=[00] rresp=[00] rdata=[baadf00d12345678baadf00d12345678]
[85000] [SCOREBOARD-S] READ mst_id=1 s_id=0 araddr=5367cb0 arid=0 arlen=1 arsize=3 arburst=1 rid=[1010] rresp=[00] rdata=[baadf00d12345678baadf00d12345678]
[85000] SCOREBOARD: Transaction 2 received. pass=28 fail=0
[85000] ALL PASS. Total transactions: 2
[95000] AXI S0_WVALID_RDY HANDSHAKE
[95000] S0 MEMORY WRITE beat=1 addr=0c183290 data=294693801cf489f2 id=01
[95000] SLAVE 1 R_VALID_RDY Handshake beat=1 rlast=1
[95000] [SLAVE MONITOR] READ mst_id=1 s_id=1 araddr=1e516a70 arid=1 arlen=1 arsize=3 arburst=1 rid=[1111] rresp=[00] rdata=[baadf00d12345678baadf00d12345678]
[95000] MASTER 1 W_VALID_RDY Handshake beat=0 wlast=0
[95000] MASTER 0 W_VALID_RDY Handshake beat=2 wlast=0
[105000] MASTER 0 W_VALID_RDY Handshake beat=3 wlast=0
[105000] MASTER 1 W_VALID_RDY Handshake beat=1 wlast=0
[105000] MASTER 1 R_VALID_RDY Handshake beat=0 rlast=0
[105000] S1 MEMORY WRITE beat=0 addr=183b1b78 data=f74d751386b7ff99 id=1e
[105000] AXI S0_WVALID_RDY HANDSHAKE
[105000] S0 MEMORY WRITE beat=2 addr=0c183290 data=e44abc2507496394 id=01
[115000] AXI S0_WVALID_RDY HANDSHAKE
[115000] S0 MEMORY WRITE beat=3 addr=0c183290 data=a70cf0c195d1ba52 id=01
[115000] S1 MEMORY WRITE beat=1 addr=183b1b79 data=cc4f9b05db5d280f id=1e
[115000] MASTER 1 R_VALID_RDY Handshake beat=1 rlast=1
[115000] [MASTER MONITOR] READ mst_id=1 s_id=1 araddr=1e516a70 arid=1 arlen=1 arsize=3 arburst=1 rid=[11] rresp=[00] rdata=[baadf00d12345678baadf00d12345678]
[115000] MASTER 1 W_VALID_RDY Handshake beat=2 wlast=0
[115000] MASTER 0 W_VALID_RDY Handshake beat=4 wlast=0
[115000] [MASTER DRIVER] READ mst_id=1 s_id=0 araddr=1e516a70 arid=1 arlen=1 arsize=3 arburst=1 rid=[11] rresp=[00] rdata=[baadf00d12345678baadf00d12345678]
[115000] SCOREBOARD MATCH: decode_err expected = 0, actual =0
[115000] SCOREBOARD MATCH: slave_id expected = 1, actual =1
[115000] SCOREBOARD MATCH: araddr passthrough expected = 1e516a70, actual =1e516a70
[115000] SCOREBOARD MATCH: arlen passthrough expected = 1, actual =1
[115000] SCOREBOARD MATCH: arsize passthrough expected = 3, actual =3
[115000] SCOREBOARD MATCH: arburst passthrough expected = 1, actual =1
[115000] SCOREBOARD MATCH: rdata size check expected = 2, actual =2
[115000] SCOREBOARD MATCH: rdata passthrough beat=0 expected = baadf00d12345678, actual =baadf00d12345678
[115000] SCOREBOARD MATCH: rdata passthrough beat=1 expected = baadf00d12345678, actual =baadf00d12345678
[115000] SCOREBOARD MATCH: rresp size check expected = 2, actual =2
[115000] SCOREBOARD MATCH: rresp passthrough beat=0 expected = 0, actual =0
[115000] SCOREBOARD MATCH: rresp passthrough beat=1 expected = 0, actual =0
[115000] SCOREBOARD MATCH: response routed to correct master (read beat 0) expected = 1, actual =1
[115000] SCOREBOARD MATCH: response routed to correct master (read beat 1) expected = 1, actual =1
[115000] [SCOREBOARD-M] READ mst_id=1 s_id=1 araddr=1e516a70 arid=1 arlen=1 arsize=3 arburst=1 rid=[11] rresp=[00] rdata=[baadf00d12345678baadf00d12345678]
[115000] [SCOREBOARD-S] READ mst_id=1 s_id=1 araddr=1e516a70 arid=1 arlen=1 arsize=3 arburst=1 rid=[1111] rresp=[00] rdata=[baadf00d12345678baadf00d12345678]
[115000] SCOREBOARD: Transaction 3 received. pass=42 fail=0
[115000] ALL PASS. Total transactions: 3
[125000] MASTER 0 W_VALID_RDY Handshake beat=5 wlast=0
[125000] MASTER 1 W_VALID_RDY Handshake beat=3 wlast=0
[125000] S1 MEMORY WRITE beat=2 addr=183b1b7a data=0e648b7fd3847203 id=1e
[125000] AXI S0_WVALID_RDY HANDSHAKE
[125000] S0 MEMORY WRITE beat=4 addr=0c183290 data=b2c64444a04119f0 id=01
[135000] AXI S0_WVALID_RDY HANDSHAKE
[135000] S0 MEMORY WRITE beat=5 addr=0c183290 data=a78a7d84d0538441 id=01
[135000] S1 MEMORY WRITE beat=3 addr=183b1b7b data=da3c719cffbf464a id=1e
[135000] MASTER 1 W_VALID_RDY Handshake beat=4 wlast=0
[135000] MASTER 0 W_VALID_RDY Handshake beat=6 wlast=0
[145000] MASTER 0 W_VALID_RDY Handshake beat=7 wlast=0
[145000] MASTER 1 W_VALID_RDY Handshake beat=5 wlast=0
[145000] S1 MEMORY WRITE beat=4 addr=183b1b7c data=db1c6e5a05b20092 id=1e
[145000] AXI S0_WVALID_RDY HANDSHAKE
[145000] S0 MEMORY WRITE beat=6 addr=0c183290 data=e6253e941711006a id=01
[155000] AXI S0_WVALID_RDY HANDSHAKE
[155000] S0 MEMORY WRITE beat=7 addr=0c183290 data=b7521a5ace976e46 id=01
[155000] S1 MEMORY WRITE beat=5 addr=183b1b7d data=d9367295a68c0ca1 id=1e
[155000] MASTER 1 W_VALID_RDY Handshake beat=6 wlast=0
[155000] MASTER 0 W_VALID_RDY Handshake beat=8 wlast=0
[165000] MASTER 0 W_VALID_RDY Handshake beat=9 wlast=0
[165000] MASTER 1 W_VALID_RDY Handshake beat=7 wlast=0
[165000] S1 MEMORY WRITE beat=6 addr=183b1b7e data=264b52ece980f9d9 id=1e
[165000] AXI S0_WVALID_RDY HANDSHAKE
[165000] S0 MEMORY WRITE beat=8 addr=0c183290 data=9eeaf28798eb82d8 id=01
[175000] AXI S0_WVALID_RDY HANDSHAKE
[175000] S0 MEMORY WRITE beat=9 addr=0c183290 data=affc8342dedc97df id=01
[175000] S1 MEMORY WRITE beat=7 addr=183b1b7f data=ef32fa6bb372e431 id=1e
[175000] MASTER 1 W_VALID_RDY Handshake beat=8 wlast=0
[175000] MASTER 0 W_VALID_RDY Handshake beat=10 wlast=0
[185000] MASTER 0 W_VALID_RDY Handshake beat=11 wlast=0
[185000] MASTER 1 W_VALID_RDY Handshake beat=9 wlast=0
[185000] S1 MEMORY WRITE beat=8 addr=183b1b80 data=d9fef0d30167c146 id=1e
[185000] AXI S0_WVALID_RDY HANDSHAKE
[185000] S0 MEMORY WRITE beat=10 addr=0c183290 data=2d7406258510311b id=01
[195000] AXI S0_WVALID_RDY HANDSHAKE
[195000] S0 MEMORY WRITE beat=11 addr=0c183290 data=1dfbb3f4e74e9d9d id=01
[195000] S1 MEMORY WRITE beat=9 addr=183b1b81 data=eae8bb1fc8696d00 id=1e
[195000] MASTER 1 W_VALID_RDY Handshake beat=10 wlast=0
[195000] MASTER 0 W_VALID_RDY Handshake beat=12 wlast=0
[205000] MASTER 0 W_VALID_RDY Handshake beat=13 wlast=1
[205000] MASTER 1 W_VALID_RDY Handshake beat=11 wlast=0
[205000] S1 MEMORY WRITE beat=10 addr=183b1b82 data=fbdc5131004a43bf id=1e
[205000] AXI S0_WVALID_RDY HANDSHAKE
[205000] S0 MEMORY WRITE beat=12 addr=0c183290 data=c62b357ccc5ef8ac id=01
[215000] AXI S0_WVALID_RDY HANDSHAKE
[215000] S0 MEMORY WRITE beat=13 addr=0c183290 data=d16f29c8cdf83736 id=01
[215000] S1 MEMORY WRITE beat=11 addr=183b1b83 data=01b20505da1bb58a id=1e
[215000] MASTER 1 W_VALID_RDY Handshake beat=12 wlast=0
[225000] MASTER 1 W_VALID_RDY Handshake beat=13 wlast=0
[225000] S1 MEMORY WRITE beat=12 addr=183b1b84 data=2285228ad5db4204 id=1e
[225000] SLAVE0 sent B resp, id=1
[235000] S1 MEMORY WRITE beat=13 addr=183b1b85 data=d62585c3ec9ac024 id=1e
[235000] [SLAVE MONITOR] mst_id=0 s_id=0 awaddr=c183290 awid=1 awlen=13 awsize=3 awburst=0 wdata=[3bf65dcb9fc38d2d 294693801cf489f2 e44abc2507496394 a70cf0c195d1ba52 b2c64444a04119f0 a78a7d84d0538441 e6253e941711006a b7521a5ace976e46 9eeaf28798eb82d8 affc8342dedc97df 2d7406258510311b 1dfbb3f4e74e9d9d c62b357ccc5ef8ac d16f29c8cdf83736 ] wstrb=[a1 d3 bc 4d 4f f2 15 f0 c6 d1 3e 15 c4 53 ] bresp=0 bid=1
[235000] MASTER 1 W_VALID_RDY Handshake beat=14 wlast=0
[245000] MASTER 0 RECEIVED BRESP. BRESP=0
[245000] [MASTER DRIVER] mst_id=0 s_id=0 awaddr=c183290 awid=1 awlen=13 awsize=3 awburst=0 wdata=[3bf65dcb9fc38d2d 294693801cf489f2 e44abc2507496394 a70cf0c195d1ba52 b2c64444a04119f0 a78a7d84d0538441 e6253e941711006a b7521a5ace976e46 9eeaf28798eb82d8 affc8342dedc97df 2d7406258510311b 1dfbb3f4e74e9d9d c62b357ccc5ef8ac d16f29c8cdf83736 ] wstrb=[a1 d3 bc 4d 4f f2 15 f0 c6 d1 3e 15 c4 53 ] bresp=0 bid=1
[245000] MASTER 0 B_VALID_RDY Handshake
[245000] [MASTER MONITOR] mst_id=0 s_id=0 awaddr=c183290 awid=1 awlen=13 awsize=3 awburst=0 wdata=[3bf65dcb9fc38d2d 294693801cf489f2 e44abc2507496394 a70cf0c195d1ba52 b2c64444a04119f0 a78a7d84d0538441 e6253e941711006a b7521a5ace976e46 9eeaf28798eb82d8 affc8342dedc97df 2d7406258510311b 1dfbb3f4e74e9d9d c62b357ccc5ef8ac d16f29c8cdf83736 ] wstrb=[a1 d3 bc 4d 4f f2 15 f0 c6 d1 3e 15 c4 53 ] bresp=0 bid=1
[245000] MASTER 1 W_VALID_RDY Handshake beat=15 wlast=0
[245000] S1 MEMORY WRITE beat=14 addr=183b1b86 data=c6b675ae9e6173bb id=1e
[245000] SCOREBOARD MATCH: decode_err expected = 0, actual =0
[245000] SCOREBOARD MATCH: slave_id expected = 0, actual =0
[245000] SCOREBOARD MATCH: awaddr passthrough expected = c183290, actual =c183290
[245000] SCOREBOARD MATCH: awlen passthrough expected = 13, actual =13
[245000] SCOREBOARD MATCH: awsize passthrough expected = 3, actual =3
[245000] SCOREBOARD MATCH: awburst passthrough expected = 0, actual =0
[245000] SCOREBOARD MATCH: wdata size check expected = e, actual =e
[245000] SCOREBOARD MATCH: wdata passthrough beat=0 expected = 3bf65dcb9fc38d2d, actual =3bf65dcb9fc38d2d
[245000] SCOREBOARD MATCH: wdata passthrough beat=1 expected = 294693801cf489f2, actual =294693801cf489f2
[245000] SCOREBOARD MATCH: wdata passthrough beat=2 expected = e44abc2507496394, actual =e44abc2507496394
[245000] SCOREBOARD MATCH: wdata passthrough beat=3 expected = a70cf0c195d1ba52, actual =a70cf0c195d1ba52
[245000] SCOREBOARD MATCH: wdata passthrough beat=4 expected = b2c64444a04119f0, actual =b2c64444a04119f0
[245000] SCOREBOARD MATCH: wdata passthrough beat=5 expected = a78a7d84d0538441, actual =a78a7d84d0538441
[245000] SCOREBOARD MATCH: wdata passthrough beat=6 expected = e6253e941711006a, actual =e6253e941711006a
[245000] SCOREBOARD MATCH: wdata passthrough beat=7 expected = b7521a5ace976e46, actual =b7521a5ace976e46
[245000] SCOREBOARD MATCH: wdata passthrough beat=8 expected = 9eeaf28798eb82d8, actual =9eeaf28798eb82d8
[245000] SCOREBOARD MATCH: wdata passthrough beat=9 expected = affc8342dedc97df, actual =affc8342dedc97df
[245000] SCOREBOARD MATCH: wdata passthrough beat=10 expected = 2d7406258510311b, actual =2d7406258510311b
[245000] SCOREBOARD MATCH: wdata passthrough beat=11 expected = 1dfbb3f4e74e9d9d, actual =1dfbb3f4e74e9d9d
[245000] SCOREBOARD MATCH: wdata passthrough beat=12 expected = c62b357ccc5ef8ac, actual =c62b357ccc5ef8ac
[245000] SCOREBOARD MATCH: wdata passthrough beat=13 expected = d16f29c8cdf83736, actual =d16f29c8cdf83736
[245000] SCOREBOARD MATCH: wstrb size check expected = e, actual =e
[245000] SCOREBOARD MATCH: wstrb passthrough beat=0 expected = a1, actual =a1
[245000] SCOREBOARD MATCH: wstrb passthrough beat=1 expected = d3, actual =d3
[245000] SCOREBOARD MATCH: wstrb passthrough beat=2 expected = bc, actual =bc
[245000] SCOREBOARD MATCH: wstrb passthrough beat=3 expected = 4d, actual =4d
[245000] SCOREBOARD MATCH: wstrb passthrough beat=4 expected = 4f, actual =4f
[245000] SCOREBOARD MATCH: wstrb passthrough beat=5 expected = f2, actual =f2
[245000] SCOREBOARD MATCH: wstrb passthrough beat=6 expected = 15, actual =15
[245000] SCOREBOARD MATCH: wstrb passthrough beat=7 expected = f0, actual =f0
[245000] SCOREBOARD MATCH: wstrb passthrough beat=8 expected = c6, actual =c6
[245000] SCOREBOARD MATCH: wstrb passthrough beat=9 expected = d1, actual =d1
[245000] SCOREBOARD MATCH: wstrb passthrough beat=10 expected = 3e, actual =3e
[245000] SCOREBOARD MATCH: wstrb passthrough beat=11 expected = 15, actual =15
[245000] SCOREBOARD MATCH: wstrb passthrough beat=12 expected = c4, actual =c4
[245000] SCOREBOARD MATCH: wstrb passthrough beat=13 expected = 53, actual =53
[245000] SCOREBOARD MATCH: bresp passthrough expected = 0, actual =0
[245000] SCOREBOARD MATCH: response routed to correct master (write) expected = 0, actual =0
[245000] [SCOREBOARD-M] mst_id=0 s_id=0 awaddr=c183290 awid=1 awlen=13 awsize=3 awburst=0 wdata=[3bf65dcb9fc38d2d 294693801cf489f2 e44abc2507496394 a70cf0c195d1ba52 b2c64444a04119f0 a78a7d84d0538441 e6253e941711006a b7521a5ace976e46 9eeaf28798eb82d8 affc8342dedc97df 2d7406258510311b 1dfbb3f4e74e9d9d c62b357ccc5ef8ac d16f29c8cdf83736 ] wstrb=[a1 d3 bc 4d 4f f2 15 f0 c6 d1 3e 15 c4 53 ] bresp=0 bid=1
[245000] [SCOREBOARD-S] mst_id=0 s_id=0 awaddr=c183290 awid=1 awlen=13 awsize=3 awburst=0 wdata=[3bf65dcb9fc38d2d 294693801cf489f2 e44abc2507496394 a70cf0c195d1ba52 b2c64444a04119f0 a78a7d84d0538441 e6253e941711006a b7521a5ace976e46 9eeaf28798eb82d8 affc8342dedc97df 2d7406258510311b 1dfbb3f4e74e9d9d c62b357ccc5ef8ac d16f29c8cdf83736 ] wstrb=[a1 d3 bc 4d 4f f2 15 f0 c6 d1 3e 15 c4 53 ] bresp=0 bid=1
[245000] SCOREBOARD: Transaction 4 received. pass=80 fail=0
[245000] ALL PASS. Total transactions: 4
[255000] S1 MEMORY WRITE beat=15 addr=183b1b87 data=f43cb5c0d7d78ac8 id=1e
[255000] MASTER 1 W_VALID_RDY Handshake beat=16 wlast=0
[265000] MASTER 1 W_VALID_RDY Handshake beat=17 wlast=0
[265000] S1 MEMORY WRITE beat=16 addr=183b1b88 data=c4724aece93b9838 id=1e
[275000] S1 MEMORY WRITE beat=17 addr=183b1b89 data=879d0bf3ca623b83 id=1e
[275000] MASTER 1 W_VALID_RDY Handshake beat=18 wlast=0
[285000] MASTER 1 W_VALID_RDY Handshake beat=19 wlast=0
[285000] S1 MEMORY WRITE beat=18 addr=183b1b8a data=2239c64c8b28c09a id=1e
[295000] S1 MEMORY WRITE beat=19 addr=183b1b8b data=f46458d2fbd9c1b3 id=1e
[295000] MASTER 1 W_VALID_RDY Handshake beat=20 wlast=0
[305000] MASTER 1 W_VALID_RDY Handshake beat=21 wlast=0
[305000] S1 MEMORY WRITE beat=20 addr=183b1b8c data=c63bfd37e6ac1138 id=1e
[315000] S1 MEMORY WRITE beat=21 addr=183b1b8d data=f1d4d1d3fc0164c6 id=1e
[315000] MASTER 1 W_VALID_RDY Handshake beat=22 wlast=0
[325000] MASTER 1 W_VALID_RDY Handshake beat=23 wlast=0
[325000] S1 MEMORY WRITE beat=22 addr=183b1b8e data=f7db2679e875c383 id=1e
[335000] S1 MEMORY WRITE beat=23 addr=183b1b8f data=cf21d4bbe6392aa5 id=1e
[335000] MASTER 1 W_VALID_RDY Handshake beat=24 wlast=0
[345000] MASTER 1 W_VALID_RDY Handshake beat=25 wlast=0
[345000] S1 MEMORY WRITE beat=24 addr=183b1b90 data=e23a8f6bbe1723b0 id=1e
[355000] S1 MEMORY WRITE beat=25 addr=183b1b91 data=a68ce733c0f6a68e id=1e
[355000] MASTER 1 W_VALID_RDY Handshake beat=26 wlast=0
[365000] MASTER 1 W_VALID_RDY Handshake beat=27 wlast=0
[365000] S1 MEMORY WRITE beat=26 addr=183b1b92 data=272fd134da15b5e5 id=1e
[375000] S1 MEMORY WRITE beat=27 addr=183b1b93 data=982cd995f5aebbef id=1e
[375000] MASTER 1 W_VALID_RDY Handshake beat=28 wlast=0
[385000] MASTER 1 W_VALID_RDY Handshake beat=29 wlast=0
[385000] S1 MEMORY WRITE beat=28 addr=183b1b94 data=b6a5627d896a609f id=1e
[395000] S1 MEMORY WRITE beat=29 addr=183b1b95 data=e38016843eb9c0c9 id=1e
[395000] MASTER 1 W_VALID_RDY Handshake beat=30 wlast=0
[405000] MASTER 1 W_VALID_RDY Handshake beat=31 wlast=0
[405000] S1 MEMORY WRITE beat=30 addr=183b1b96 data=34687cb8ddd533b1 id=1e
[415000] S1 MEMORY WRITE beat=31 addr=183b1b97 data=e73f9451fbacf01a id=1e
[415000] MASTER 1 W_VALID_RDY Handshake beat=32 wlast=0
[425000] MASTER 1 W_VALID_RDY Handshake beat=33 wlast=0
[425000] S1 MEMORY WRITE beat=32 addr=183b1b98 data=3a66b0e3eb0ddf35 id=1e
[435000] S1 MEMORY WRITE beat=33 addr=183b1b99 data=c8e312e7cabfaad5 id=1e
[435000] MASTER 1 W_VALID_RDY Handshake beat=34 wlast=0
[445000] MASTER 1 W_VALID_RDY Handshake beat=35 wlast=0
[445000] S1 MEMORY WRITE beat=34 addr=183b1b9a data=c66c9aefeecf2d9b id=1e
[455000] S1 MEMORY WRITE beat=35 addr=183b1b9b data=d9dd0cd03022a738 id=1e
[455000] MASTER 1 W_VALID_RDY Handshake beat=36 wlast=0
[465000] MASTER 1 W_VALID_RDY Handshake beat=37 wlast=0
[465000] S1 MEMORY WRITE beat=36 addr=183b1b9c data=fae2520d80d34bd2 id=1e
[475000] S1 MEMORY WRITE beat=37 addr=183b1b9d data=efa2796da2c01fb7 id=1e
[475000] MASTER 1 W_VALID_RDY Handshake beat=38 wlast=0
[485000] MASTER 1 W_VALID_RDY Handshake beat=39 wlast=0
[485000] S1 MEMORY WRITE beat=38 addr=183b1b9e data=d2e2c6efc14eecfd id=1e
[495000] S1 MEMORY WRITE beat=39 addr=183b1b9f data=c22238cfc97f863e id=1e
[495000] MASTER 1 W_VALID_RDY Handshake beat=40 wlast=0
[505000] MASTER 1 W_VALID_RDY Handshake beat=41 wlast=0
[505000] S1 MEMORY WRITE beat=40 addr=183b1ba0 data=ec3fa5f5cdc518fd id=1e
[515000] S1 MEMORY WRITE beat=41 addr=183b1ba1 data=0f1405fa31c4b23d id=1e
[515000] MASTER 1 W_VALID_RDY Handshake beat=42 wlast=0
[525000] MASTER 1 W_VALID_RDY Handshake beat=43 wlast=0
[525000] S1 MEMORY WRITE beat=42 addr=183b1ba2 data=fb44387b3f226ce5 id=1e
[535000] S1 MEMORY WRITE beat=43 addr=183b1ba3 data=0ce785e2d1363ec9 id=1e
[535000] MASTER 1 W_VALID_RDY Handshake beat=44 wlast=0
[545000] MASTER 1 W_VALID_RDY Handshake beat=45 wlast=0
[545000] S1 MEMORY WRITE beat=44 addr=183b1ba4 data=82faf106e783de70 id=1e
[555000] S1 MEMORY WRITE beat=45 addr=183b1ba5 data=a6a64b551bfb8bdc id=1e
[555000] MASTER 1 W_VALID_RDY Handshake beat=46 wlast=0
[565000] MASTER 1 W_VALID_RDY Handshake beat=47 wlast=0
[565000] S1 MEMORY WRITE beat=46 addr=183b1ba6 data=ed31caa5fe3f2981 id=1e
[575000] S1 MEMORY WRITE beat=47 addr=183b1ba7 data=e5c307f2b38dd137 id=1e
[575000] MASTER 1 W_VALID_RDY Handshake beat=48 wlast=0
[585000] MASTER 1 W_VALID_RDY Handshake beat=49 wlast=0
[585000] S1 MEMORY WRITE beat=48 addr=183b1ba8 data=cf895d13f02cbbac id=1e
[595000] S1 MEMORY WRITE beat=49 addr=183b1ba9 data=ee6be52d8c695347 id=1e
[595000] MASTER 1 W_VALID_RDY Handshake beat=50 wlast=0
[605000] MASTER 1 W_VALID_RDY Handshake beat=51 wlast=0
[605000] S1 MEMORY WRITE beat=50 addr=183b1baa data=3ff7247f3cbb27b9 id=1e
[615000] S1 MEMORY WRITE beat=51 addr=183b1bab data=2ce7e365d42eed1f id=1e
[615000] MASTER 1 W_VALID_RDY Handshake beat=52 wlast=0
[625000] MASTER 1 W_VALID_RDY Handshake beat=53 wlast=0
[625000] S1 MEMORY WRITE beat=52 addr=183b1bac data=e09840678f808192 id=1e
[635000] S1 MEMORY WRITE beat=53 addr=183b1bad data=cc3ba94b9b53c892 id=1e
[635000] MASTER 1 W_VALID_RDY Handshake beat=54 wlast=0
[645000] MASTER 1 W_VALID_RDY Handshake beat=55 wlast=0
[645000] S1 MEMORY WRITE beat=54 addr=183b1bae data=ef82b5b2208f64e6 id=1e
[655000] S1 MEMORY WRITE beat=55 addr=183b1baf data=b00fe678f9238cb0 id=1e
[655000] MASTER 1 W_VALID_RDY Handshake beat=56 wlast=0
[665000] MASTER 1 W_VALID_RDY Handshake beat=57 wlast=0
[665000] S1 MEMORY WRITE beat=56 addr=183b1bb0 data=14775543d01af619 id=1e
[675000] S1 MEMORY WRITE beat=57 addr=183b1bb1 data=f0aa5afffc4b8fc4 id=1e
[675000] MASTER 1 W_VALID_RDY Handshake beat=58 wlast=0
[685000] MASTER 1 W_VALID_RDY Handshake beat=59 wlast=0
[685000] S1 MEMORY WRITE beat=58 addr=183b1bb2 data=f56f1c7403fa0af5 id=1e
[695000] S1 MEMORY WRITE beat=59 addr=183b1bb3 data=d415010ea0ba4177 id=1e
[695000] MASTER 1 W_VALID_RDY Handshake beat=60 wlast=0
[705000] MASTER 1 W_VALID_RDY Handshake beat=61 wlast=0
[705000] S1 MEMORY WRITE beat=60 addr=183b1bb4 data=9d05d13b89e671b7 id=1e
[715000] S1 MEMORY WRITE beat=61 addr=183b1bb5 data=8de07cacc4bf5c0d id=1e
[715000] MASTER 1 W_VALID_RDY Handshake beat=62 wlast=0
[725000] MASTER 1 W_VALID_RDY Handshake beat=63 wlast=0
[725000] S1 MEMORY WRITE beat=62 addr=183b1bb6 data=e5799d841274edb0 id=1e
[735000] S1 MEMORY WRITE beat=63 addr=183b1bb7 data=9c5b5f67e1f57dba id=1e
[735000] MASTER 1 W_VALID_RDY Handshake beat=64 wlast=0
[745000] MASTER 1 W_VALID_RDY Handshake beat=65 wlast=0
[745000] S1 MEMORY WRITE beat=64 addr=183b1bb8 data=a6b4d9c7027f6ec0 id=1e
[755000] S1 MEMORY WRITE beat=65 addr=183b1bb9 data=14f45c702a3bdc14 id=1e
[755000] MASTER 1 W_VALID_RDY Handshake beat=66 wlast=0
[765000] MASTER 1 W_VALID_RDY Handshake beat=67 wlast=0
[765000] S1 MEMORY WRITE beat=66 addr=183b1bba data=8c3159ce0c2e774c id=1e
[775000] S1 MEMORY WRITE beat=67 addr=183b1bbb data=0eade60cb14fbbd7 id=1e
[775000] MASTER 1 W_VALID_RDY Handshake beat=68 wlast=0
[785000] MASTER 1 W_VALID_RDY Handshake beat=69 wlast=0
[785000] S1 MEMORY WRITE beat=68 addr=183b1bbc data=db8b97eb32e63396 id=1e
[795000] S1 MEMORY WRITE beat=69 addr=183b1bbd data=3f14aae223a2427c id=1e
[795000] MASTER 1 W_VALID_RDY Handshake beat=70 wlast=0
[805000] MASTER 1 W_VALID_RDY Handshake beat=71 wlast=0
[805000] S1 MEMORY WRITE beat=70 addr=183b1bbe data=d4f1fe53e7bcf1ba id=1e
[815000] S1 MEMORY WRITE beat=71 addr=183b1bbf data=1aa32550cdc290ee id=1e
[815000] MASTER 1 W_VALID_RDY Handshake beat=72 wlast=0
[825000] MASTER 1 W_VALID_RDY Handshake beat=73 wlast=0
[825000] S1 MEMORY WRITE beat=72 addr=183b1bc0 data=f164d36a307d963f id=1e
[835000] S1 MEMORY WRITE beat=73 addr=183b1bc1 data=183a87f9d9b7d032 id=1e
[835000] MASTER 1 W_VALID_RDY Handshake beat=74 wlast=0
[845000] MASTER 1 W_VALID_RDY Handshake beat=75 wlast=0
[845000] S1 MEMORY WRITE beat=74 addr=183b1bc2 data=277a6120c656d1bd id=1e
[855000] S1 MEMORY WRITE beat=75 addr=183b1bc3 data=f6d467fc32ddad49 id=1e
[855000] MASTER 1 W_VALID_RDY Handshake beat=76 wlast=0
[865000] MASTER 1 W_VALID_RDY Handshake beat=77 wlast=0
[865000] S1 MEMORY WRITE beat=76 addr=183b1bc4 data=0c957d7b18df348a id=1e
[875000] S1 MEMORY WRITE beat=77 addr=183b1bc5 data=df3606478f0eeff5 id=1e
[875000] MASTER 1 W_VALID_RDY Handshake beat=78 wlast=0
[885000] MASTER 1 W_VALID_RDY Handshake beat=79 wlast=0
[885000] S1 MEMORY WRITE beat=78 addr=183b1bc6 data=c1ec9d3e340fde9b id=1e
[895000] S1 MEMORY WRITE beat=79 addr=183b1bc7 data=ccef1325d60a6e44 id=1e
[895000] MASTER 1 W_VALID_RDY Handshake beat=80 wlast=0
[905000] MASTER 1 W_VALID_RDY Handshake beat=81 wlast=0
[905000] S1 MEMORY WRITE beat=80 addr=183b1bc8 data=e5195e39ce821ab9 id=1e
[915000] S1 MEMORY WRITE beat=81 addr=183b1bc9 data=8291f954ac25196c id=1e
[915000] MASTER 1 W_VALID_RDY Handshake beat=82 wlast=0
[925000] MASTER 1 W_VALID_RDY Handshake beat=83 wlast=0
[925000] S1 MEMORY WRITE beat=82 addr=183b1bca data=822f87b02705fb78 id=1e
[935000] S1 MEMORY WRITE beat=83 addr=183b1bcb data=f5881631cf810c79 id=1e
[935000] MASTER 1 W_VALID_RDY Handshake beat=84 wlast=0
[945000] MASTER 1 W_VALID_RDY Handshake beat=85 wlast=0
[945000] S1 MEMORY WRITE beat=84 addr=183b1bcc data=fba625e6e748e5ea id=1e
[955000] S1 MEMORY WRITE beat=85 addr=183b1bcd data=0e4ee162f81a0f86 id=1e
[955000] MASTER 1 W_VALID_RDY Handshake beat=86 wlast=0
[965000] MASTER 1 W_VALID_RDY Handshake beat=87 wlast=0
[965000] S1 MEMORY WRITE beat=86 addr=183b1bce data=c79b1bfffdd5ad96 id=1e
[975000] S1 MEMORY WRITE beat=87 addr=183b1bcf data=e51e938083d6f793 id=1e
[975000] MASTER 1 W_VALID_RDY Handshake beat=88 wlast=0
[985000] MASTER 1 W_VALID_RDY Handshake beat=89 wlast=0
[985000] S1 MEMORY WRITE beat=88 addr=183b1bd0 data=fbf10719c34141e5 id=1e
[995000] S1 MEMORY WRITE beat=89 addr=183b1bd1 data=c116ef7cf36d74e2 id=1e
[995000] MASTER 1 W_VALID_RDY Handshake beat=90 wlast=0
[1005000] MASTER 1 W_VALID_RDY Handshake beat=91 wlast=0
[1005000] S1 MEMORY WRITE beat=90 addr=183b1bd2 data=f7446c76c38c2319 id=1e
[1015000] S1 MEMORY WRITE beat=91 addr=183b1bd3 data=86cd64fea63582fc id=1e
[1015000] MASTER 1 W_VALID_RDY Handshake beat=92 wlast=0
[1025000] MASTER 1 W_VALID_RDY Handshake beat=93 wlast=0
[1025000] S1 MEMORY WRITE beat=92 addr=183b1bd4 data=19a2f7dff335738f id=1e
[1035000] S1 MEMORY WRITE beat=93 addr=183b1bd5 data=b6c196a8c7e4547a id=1e
[1035000] MASTER 1 W_VALID_RDY Handshake beat=94 wlast=0
[1045000] MASTER 1 W_VALID_RDY Handshake beat=95 wlast=0
[1045000] S1 MEMORY WRITE beat=94 addr=183b1bd6 data=ee19d77710e76455 id=1e
[1055000] S1 MEMORY WRITE beat=95 addr=183b1bd7 data=841cd7e43d8efba7 id=1e
[1055000] MASTER 1 W_VALID_RDY Handshake beat=96 wlast=0
[1065000] MASTER 1 W_VALID_RDY Handshake beat=97 wlast=0
[1065000] S1 MEMORY WRITE beat=96 addr=183b1bd8 data=8573502107bccf56 id=1e
[1075000] S1 MEMORY WRITE beat=97 addr=183b1bd9 data=18a433ab3ade6e8d id=1e
[1075000] MASTER 1 W_VALID_RDY Handshake beat=98 wlast=0
[1085000] MASTER 1 W_VALID_RDY Handshake beat=99 wlast=0
[1085000] S1 MEMORY WRITE beat=98 addr=183b1bda data=f86d6a34f38d2798 id=1e
[1095000] S1 MEMORY WRITE beat=99 addr=183b1bdb data=fb49f6ee9cc10b8f id=1e
[1095000] MASTER 1 W_VALID_RDY Handshake beat=100 wlast=0
[1105000] MASTER 1 W_VALID_RDY Handshake beat=101 wlast=0
[1105000] S1 MEMORY WRITE beat=100 addr=183b1bdc data=d79f7a1cfde0ba55 id=1e
[1115000] S1 MEMORY WRITE beat=101 addr=183b1bdd data=f16de1ee93ee2a99 id=1e
[1115000] MASTER 1 W_VALID_RDY Handshake beat=102 wlast=0
[1125000] MASTER 1 W_VALID_RDY Handshake beat=103 wlast=0
[1125000] S1 MEMORY WRITE beat=102 addr=183b1bde data=30af3629d00ce450 id=1e
[1135000] S1 MEMORY WRITE beat=103 addr=183b1bdf data=cded9ea6ecb7d8dc id=1e
[1135000] MASTER 1 W_VALID_RDY Handshake beat=104 wlast=0
[1145000] MASTER 1 W_VALID_RDY Handshake beat=105 wlast=0
[1145000] S1 MEMORY WRITE beat=104 addr=183b1be0 data=00a60376884eb045 id=1e
[1155000] S1 MEMORY WRITE beat=105 addr=183b1be1 data=d85b94963f5b8094 id=1e
[1155000] MASTER 1 W_VALID_RDY Handshake beat=106 wlast=0
[1165000] MASTER 1 W_VALID_RDY Handshake beat=107 wlast=0
[1165000] S1 MEMORY WRITE beat=106 addr=183b1be2 data=ac1359703155399f id=1e
[1175000] S1 MEMORY WRITE beat=107 addr=183b1be3 data=b9a3e9e42649333c id=1e
[1175000] MASTER 1 W_VALID_RDY Handshake beat=108 wlast=0
[1185000] MASTER 1 W_VALID_RDY Handshake beat=109 wlast=0
[1185000] S1 MEMORY WRITE beat=108 addr=183b1be4 data=e5a4b3d0acb95ce6 id=1e
[1195000] S1 MEMORY WRITE beat=109 addr=183b1be5 data=de0e968591ff7e7a id=1e
[1195000] MASTER 1 W_VALID_RDY Handshake beat=110 wlast=0
[1205000] MASTER 1 W_VALID_RDY Handshake beat=111 wlast=0
[1205000] S1 MEMORY WRITE beat=110 addr=183b1be6 data=b848b1b691b80d40 id=1e
[1215000] S1 MEMORY WRITE beat=111 addr=183b1be7 data=3e716a2717b2806a id=1e
[1215000] MASTER 1 W_VALID_RDY Handshake beat=112 wlast=0
[1225000] MASTER 1 W_VALID_RDY Handshake beat=113 wlast=0
[1225000] S1 MEMORY WRITE beat=112 addr=183b1be8 data=a9b1fee49ded6586 id=1e
[1235000] S1 MEMORY WRITE beat=113 addr=183b1be9 data=2fa572c79c8000ac id=1e
[1235000] MASTER 1 W_VALID_RDY Handshake beat=114 wlast=0
[1245000] MASTER 1 W_VALID_RDY Handshake beat=115 wlast=0
[1245000] S1 MEMORY WRITE beat=114 addr=183b1bea data=b4328116e1fab09b id=1e
[1255000] S1 MEMORY WRITE beat=115 addr=183b1beb data=ffe81621ee16dcee id=1e
[1255000] MASTER 1 W_VALID_RDY Handshake beat=116 wlast=0
[1265000] MASTER 1 W_VALID_RDY Handshake beat=117 wlast=0
[1265000] S1 MEMORY WRITE beat=116 addr=183b1bec data=8a96dd9adde47ffb id=1e
[1275000] S1 MEMORY WRITE beat=117 addr=183b1bed data=3fdf3096af8d88e8 id=1e
[1275000] MASTER 1 W_VALID_RDY Handshake beat=118 wlast=0
[1285000] MASTER 1 W_VALID_RDY Handshake beat=119 wlast=0
[1285000] S1 MEMORY WRITE beat=118 addr=183b1bee data=9da465d63ec95eb1 id=1e
[1295000] S1 MEMORY WRITE beat=119 addr=183b1bef data=1caddeacbfc746b7 id=1e
[1295000] MASTER 1 W_VALID_RDY Handshake beat=120 wlast=0
[1305000] MASTER 1 W_VALID_RDY Handshake beat=121 wlast=0
[1305000] S1 MEMORY WRITE beat=120 addr=183b1bf0 data=ef54cfa0283b4371 id=1e
[1315000] S1 MEMORY WRITE beat=121 addr=183b1bf1 data=e704a222dc8d0f42 id=1e
[1315000] MASTER 1 W_VALID_RDY Handshake beat=122 wlast=0
[1325000] MASTER 1 W_VALID_RDY Handshake beat=123 wlast=0
[1325000] S1 MEMORY WRITE beat=122 addr=183b1bf2 data=9c5455f98cf93576 id=1e
[1335000] S1 MEMORY WRITE beat=123 addr=183b1bf3 data=b53478e703b280ce id=1e
[1335000] MASTER 1 W_VALID_RDY Handshake beat=124 wlast=0
[1345000] MASTER 1 W_VALID_RDY Handshake beat=125 wlast=0
[1345000] S1 MEMORY WRITE beat=124 addr=183b1bf4 data=e03f90108ba92599 id=1e
[1355000] S1 MEMORY WRITE beat=125 addr=183b1bf5 data=18a25b109c391b09 id=1e
[1355000] MASTER 1 W_VALID_RDY Handshake beat=126 wlast=0
[1365000] MASTER 1 W_VALID_RDY Handshake beat=127 wlast=0
[1365000] S1 MEMORY WRITE beat=126 addr=183b1bf6 data=9feb9bd7fc93e609 id=1e
[1375000] S1 MEMORY WRITE beat=127 addr=183b1bf7 data=083d0ba3cdd6d3f7 id=1e
[1375000] MASTER 1 W_VALID_RDY Handshake beat=128 wlast=0
[1385000] MASTER 1 W_VALID_RDY Handshake beat=129 wlast=0
[1385000] S1 MEMORY WRITE beat=128 addr=183b1bf8 data=ea0fef01802b2be7 id=1e
[1395000] S1 MEMORY WRITE beat=129 addr=183b1bf9 data=fcbf11f120df66b3 id=1e
[1395000] MASTER 1 W_VALID_RDY Handshake beat=130 wlast=0
[1405000] MASTER 1 W_VALID_RDY Handshake beat=131 wlast=0
[1405000] S1 MEMORY WRITE beat=130 addr=183b1bfa data=eeb63aaa89fb8ad8 id=1e
[1415000] S1 MEMORY WRITE beat=131 addr=183b1bfb data=0a26b6c004fc1d94 id=1e
[1415000] MASTER 1 W_VALID_RDY Handshake beat=132 wlast=0
[1425000] MASTER 1 W_VALID_RDY Handshake beat=133 wlast=0
[1425000] S1 MEMORY WRITE beat=132 addr=183b1bfc data=25db8447d8c629ab id=1e
[1435000] S1 MEMORY WRITE beat=133 addr=183b1bfd data=e2c1b48406e5c8b1 id=1e
[1435000] MASTER 1 W_VALID_RDY Handshake beat=134 wlast=0
[1445000] MASTER 1 W_VALID_RDY Handshake beat=135 wlast=0
[1445000] S1 MEMORY WRITE beat=134 addr=183b1bfe data=0be1e6459491bef1 id=1e
[1455000] S1 MEMORY WRITE beat=135 addr=183b1bff data=ed57e89dece86b44 id=1e
[1455000] MASTER 1 W_VALID_RDY Handshake beat=136 wlast=0
[1465000] MASTER 1 W_VALID_RDY Handshake beat=137 wlast=0
[1465000] S1 MEMORY WRITE beat=136 addr=183b1c00 data=f3ce33f531bd6a8c id=1e
[1475000] S1 MEMORY WRITE beat=137 addr=183b1c01 data=c64f297dd0199d21 id=1e
[1475000] MASTER 1 W_VALID_RDY Handshake beat=138 wlast=0
[1485000] MASTER 1 W_VALID_RDY Handshake beat=139 wlast=0
[1485000] S1 MEMORY WRITE beat=138 addr=183b1c02 data=3d020865ffb01a3a id=1e
[1495000] S1 MEMORY WRITE beat=139 addr=183b1c03 data=316d84c6b3a7121a id=1e
[1495000] MASTER 1 W_VALID_RDY Handshake beat=140 wlast=0
[1505000] MASTER 1 W_VALID_RDY Handshake beat=141 wlast=0
[1505000] S1 MEMORY WRITE beat=140 addr=183b1c04 data=83c0af3b30d03c5a id=1e
[1515000] S1 MEMORY WRITE beat=141 addr=183b1c05 data=30805694f7bcae43 id=1e
[1515000] MASTER 1 W_VALID_RDY Handshake beat=142 wlast=0
[1525000] MASTER 1 W_VALID_RDY Handshake beat=143 wlast=0
[1525000] S1 MEMORY WRITE beat=142 addr=183b1c06 data=2b63c05ec0c2b7a0 id=1e
[1535000] S1 MEMORY WRITE beat=143 addr=183b1c07 data=f192f3fae1eddb5a id=1e
[1535000] MASTER 1 W_VALID_RDY Handshake beat=144 wlast=0
[1545000] MASTER 1 W_VALID_RDY Handshake beat=145 wlast=0
[1545000] S1 MEMORY WRITE beat=144 addr=183b1c08 data=d9aa899daf246f99 id=1e
[1555000] S1 MEMORY WRITE beat=145 addr=183b1c09 data=efe7273aa2134a8e id=1e
[1555000] MASTER 1 W_VALID_RDY Handshake beat=146 wlast=0
[1565000] MASTER 1 W_VALID_RDY Handshake beat=147 wlast=0
[1565000] S1 MEMORY WRITE beat=146 addr=183b1c0a data=840125e8850e49fb id=1e
[1575000] S1 MEMORY WRITE beat=147 addr=183b1c0b data=3432b995e17a1b34 id=1e
[1575000] MASTER 1 W_VALID_RDY Handshake beat=148 wlast=0
[1585000] MASTER 1 W_VALID_RDY Handshake beat=149 wlast=0
[1585000] S1 MEMORY WRITE beat=148 addr=183b1c0c data=038d65c3ddabaf86 id=1e
[1595000] S1 MEMORY WRITE beat=149 addr=183b1c0d data=e2b9f9812419e0cf id=1e
[1595000] MASTER 1 W_VALID_RDY Handshake beat=150 wlast=0
[1605000] MASTER 1 W_VALID_RDY Handshake beat=151 wlast=0
[1605000] S1 MEMORY WRITE beat=150 addr=183b1c0e data=8593fc03878e8bab id=1e
[1615000] S1 MEMORY WRITE beat=151 addr=183b1c0f data=e53a3b3196ecb316 id=1e
[1615000] MASTER 1 W_VALID_RDY Handshake beat=152 wlast=0
[1625000] MASTER 1 W_VALID_RDY Handshake beat=153 wlast=0
[1625000] S1 MEMORY WRITE beat=152 addr=183b1c10 data=bb0693e5892161c6 id=1e
[1635000] S1 MEMORY WRITE beat=153 addr=183b1c11 data=10afed72c7f434b3 id=1e
[1635000] MASTER 1 W_VALID_RDY Handshake beat=154 wlast=0
[1645000] MASTER 1 W_VALID_RDY Handshake beat=155 wlast=0
[1645000] S1 MEMORY WRITE beat=154 addr=183b1c12 data=dee0e7c9c09a8fe9 id=1e
[1655000] S1 MEMORY WRITE beat=155 addr=183b1c13 data=c9bbf1aff5ea28a3 id=1e
[1655000] MASTER 1 W_VALID_RDY Handshake beat=156 wlast=0
[1665000] MASTER 1 W_VALID_RDY Handshake beat=157 wlast=0
[1665000] S1 MEMORY WRITE beat=156 addr=183b1c14 data=bdde5d5619e77baf id=1e
[1675000] S1 MEMORY WRITE beat=157 addr=183b1c15 data=da820b98da6bdf21 id=1e
[1675000] MASTER 1 W_VALID_RDY Handshake beat=158 wlast=0
[1685000] MASTER 1 W_VALID_RDY Handshake beat=159 wlast=0
[1685000] S1 MEMORY WRITE beat=158 addr=183b1c16 data=d05607c51cbf4520 id=1e
[1695000] S1 MEMORY WRITE beat=159 addr=183b1c17 data=36a6c0cfa43dfd47 id=1e
[1695000] MASTER 1 W_VALID_RDY Handshake beat=160 wlast=0
[1705000] MASTER 1 W_VALID_RDY Handshake beat=161 wlast=0
[1705000] S1 MEMORY WRITE beat=160 addr=183b1c18 data=fea9dc698e34651b id=1e
[1715000] S1 MEMORY WRITE beat=161 addr=183b1c19 data=aaf3aa3b1128cc67 id=1e
[1715000] MASTER 1 W_VALID_RDY Handshake beat=162 wlast=0
[1725000] MASTER 1 W_VALID_RDY Handshake beat=163 wlast=1
[1725000] S1 MEMORY WRITE beat=162 addr=183b1c1a data=b566c9aeceffe42e id=1e
[1735000] S1 MEMORY WRITE beat=163 addr=183b1c1b data=dd344949e19a6b0a id=1e
[1745000] SLAVE1 sent B resp, id=14
[1755000] [SLAVE MONITOR] mst_id=1 s_id=1 awaddr=183b1b78 awid=1110 awlen=163 awsize=0 awburst=1 wdata=[f74d751386b7ff99 cc4f9b05db5d280f e648b7fd3847203 da3c719cffbf464a db1c6e5a05b20092 d9367295a68c0ca1 264b52ece980f9d9 ef32fa6bb372e431 d9fef0d30167c146 eae8bb1fc8696d00 fbdc5131004a43bf 1b20505da1bb58a 2285228ad5db4204 d62585c3ec9ac024 c6b675ae9e6173bb f43cb5c0d7d78ac8 c4724aece93b9838 879d0bf3ca623b83 2239c64c8b28c09a f46458d2fbd9c1b3 c63bfd37e6ac1138 f1d4d1d3fc0164c6 f7db2679e875c383 cf21d4bbe6392aa5 e23a8f6bbe1723b0 a68ce733c0f6a68e 272fd134da15b5e5 982cd995f5aebbef b6a5627d896a609f e38016843eb9c0c9 34687cb8ddd533b1 e73f9451fbacf01a 3a66b0e3eb0ddf35 c8e312e7cabfaad5 c66c9aefeecf2d9b d9dd0cd03022a738 fae2520d80d34bd2 efa2796da2c01fb7 d2e2c6efc14eecfd c22238cfc97f863e ec3fa5f5cdc518fd f1405fa31c4b23d fb44387b3f226ce5 ce785e2d1363ec9 82faf106e783de70 a6a64b551bfb8bdc ed31caa5fe3f2981 e5c307f2b38dd137 cf895d13f02cbbac ee6be52d8c695347 3ff7247f3cbb27b9 2ce7e365d42eed1f e09840678f808192 cc3ba94b9b53c892 ef82b5b2208f64e6 b00fe678f9238cb0 14775543d01af619 f0aa5afffc4b8fc4 f56f1c7403fa0af5 d415010ea0ba4177 9d05d13b89e671b7 8de07cacc4bf5c0d e5799d841274edb0 9c5b5f67e1f57dba a6b4d9c7027f6ec0 14f45c702a3bdc14 8c3159ce0c2e774c eade60cb14fbbd7 db8b97eb32e63396 3f14aae223a2427c d4f1fe53e7bcf1ba 1aa32550cdc290ee f164d36a307d963f 183a87f9d9b7d032 277a6120c656d1bd f6d467fc32ddad49 c957d7b18df348a df3606478f0eeff5 c1ec9d3e340fde9b ccef1325d60a6e44 e5195e39ce821ab9 8291f954ac25196c 822f87b02705fb78 f5881631cf810c79 fba625e6e748e5ea e4ee162f81a0f86 c79b1bfffdd5ad96 e51e938083d6f793 fbf10719c34141e5 c116ef7cf36d74e2 f7446c76c38c2319 86cd64fea63582fc 19a2f7dff335738f b6c196a8c7e4547a ee19d77710e76455 841cd7e43d8efba7 8573502107bccf56 18a433ab3ade6e8d f86d6a34f38d2798 fb49f6ee9cc10b8f d79f7a1cfde0ba55 f16de1ee93ee2a99 30af3629d00ce450 cded9ea6ecb7d8dc a60376884eb045 d85b94963f5b8094 ac1359703155399f b9a3e9e42649333c e5a4b3d0acb95ce6 de0e968591ff7e7a b848b1b691b80d40 3e716a2717b2806a a9b1fee49ded6586 2fa572c79c8000ac b4328116e1fab09b ffe81621ee16dcee 8a96dd9adde47ffb 3fdf3096af8d88e8 9da465d63ec95eb1 1caddeacbfc746b7 ef54cfa0283b4371 e704a222dc8d0f42 9c5455f98cf93576 b53478e703b280ce e03f90108ba92599 18a25b109c391b09 9feb9bd7fc93e609 83d0ba3cdd6d3f7 ea0fef01802b2be7 fcbf11f120df66b3 eeb63aaa89fb8ad8 a26b6c004fc1d94 25db8447d8c629ab e2c1b48406e5c8b1 be1e6459491bef1 ed57e89dece86b44 f3ce33f531bd6a8c c64f297dd0199d21 3d020865ffb01a3a 316d84c6b3a7121a 83c0af3b30d03c5a 30805694f7bcae43 2b63c05ec0c2b7a0 f192f3fae1eddb5a d9aa899daf246f99 efe7273aa2134a8e 840125e8850e49fb 3432b995e17a1b34 38d65c3ddabaf86 e2b9f9812419e0cf 8593fc03878e8bab e53a3b3196ecb316 bb0693e5892161c6 10afed72c7f434b3 dee0e7c9c09a8fe9 c9bbf1aff5ea28a3 bdde5d5619e77baf da820b98da6bdf21 d05607c51cbf4520 36a6c0cfa43dfd47 fea9dc698e34651b aaf3aa3b1128cc67 b566c9aeceffe42e dd344949e19a6b0a ] wstrb=[17 71 85 45 20 8f 8f 37 1 14 7d 21 a3 c 58 a4 20 d5 c5 c3 e1 1e 68 1 f3 2d c5 d5 4b 2d d6 3f 5a 9b 14 a6 c8 ea e5 23 86 f9 c9 4e e3 ae 71 69 a7 3a b8 8a e8 29 f4 8f 64 ac 1a 4c d5 e dc 39 ba f6 86 8f 4 62 c9 be 58 4f 4d 5c b1 16 1a 9 65 67 65 16 7e 7f 1f e3 e6 84 fa 64 3 19 48 ea 9e 42 4e a1 5b 96 8b f9 d8 da 9b 34 70 26 2d 49 0 c8 7d 71 ef aa ba ef 73 37 60 62 e1 1a 51 54 51 b2 b6 33 cc 8 87 1e ba 3e 51 86 46 d8 a4 0 16 f5 86 5c ce 2b 5c e4 20 e3 41 ee e 9d d3 2e 80 14 1d 8e ] bresp=0 bid=11110
[1765000] MASTER 1 RECEIVED BRESP. BRESP=0
[1765000] [MASTER DRIVER] mst_id=1 s_id=0 awaddr=183b1b78 awid=1110 awlen=163 awsize=0 awburst=1 wdata=[f74d751386b7ff99 cc4f9b05db5d280f e648b7fd3847203 da3c719cffbf464a db1c6e5a05b20092 d9367295a68c0ca1 264b52ece980f9d9 ef32fa6bb372e431 d9fef0d30167c146 eae8bb1fc8696d00 fbdc5131004a43bf 1b20505da1bb58a 2285228ad5db4204 d62585c3ec9ac024 c6b675ae9e6173bb f43cb5c0d7d78ac8 c4724aece93b9838 879d0bf3ca623b83 2239c64c8b28c09a f46458d2fbd9c1b3 c63bfd37e6ac1138 f1d4d1d3fc0164c6 f7db2679e875c383 cf21d4bbe6392aa5 e23a8f6bbe1723b0 a68ce733c0f6a68e 272fd134da15b5e5 982cd995f5aebbef b6a5627d896a609f e38016843eb9c0c9 34687cb8ddd533b1 e73f9451fbacf01a 3a66b0e3eb0ddf35 c8e312e7cabfaad5 c66c9aefeecf2d9b d9dd0cd03022a738 fae2520d80d34bd2 efa2796da2c01fb7 d2e2c6efc14eecfd c22238cfc97f863e ec3fa5f5cdc518fd f1405fa31c4b23d fb44387b3f226ce5 ce785e2d1363ec9 82faf106e783de70 a6a64b551bfb8bdc ed31caa5fe3f2981 e5c307f2b38dd137 cf895d13f02cbbac ee6be52d8c695347 3ff7247f3cbb27b9 2ce7e365d42eed1f e09840678f808192 cc3ba94b9b53c892 ef82b5b2208f64e6 b00fe678f9238cb0 14775543d01af619 f0aa5afffc4b8fc4 f56f1c7403fa0af5 d415010ea0ba4177 9d05d13b89e671b7 8de07cacc4bf5c0d e5799d841274edb0 9c5b5f67e1f57dba a6b4d9c7027f6ec0 14f45c702a3bdc14 8c3159ce0c2e774c eade60cb14fbbd7 db8b97eb32e63396 3f14aae223a2427c d4f1fe53e7bcf1ba 1aa32550cdc290ee f164d36a307d963f 183a87f9d9b7d032 277a6120c656d1bd f6d467fc32ddad49 c957d7b18df348a df3606478f0eeff5 c1ec9d3e340fde9b ccef1325d60a6e44 e5195e39ce821ab9 8291f954ac25196c 822f87b02705fb78 f5881631cf810c79 fba625e6e748e5ea e4ee162f81a0f86 c79b1bfffdd5ad96 e51e938083d6f793 fbf10719c34141e5 c116ef7cf36d74e2 f7446c76c38c2319 86cd64fea63582fc 19a2f7dff335738f b6c196a8c7e4547a ee19d77710e76455 841cd7e43d8efba7 8573502107bccf56 18a433ab3ade6e8d f86d6a34f38d2798 fb49f6ee9cc10b8f d79f7a1cfde0ba55 f16de1ee93ee2a99 30af3629d00ce450 cded9ea6ecb7d8dc a60376884eb045 d85b94963f5b8094 ac1359703155399f b9a3e9e42649333c e5a4b3d0acb95ce6 de0e968591ff7e7a b848b1b691b80d40 3e716a2717b2806a a9b1fee49ded6586 2fa572c79c8000ac b4328116e1fab09b ffe81621ee16dcee 8a96dd9adde47ffb 3fdf3096af8d88e8 9da465d63ec95eb1 1caddeacbfc746b7 ef54cfa0283b4371 e704a222dc8d0f42 9c5455f98cf93576 b53478e703b280ce e03f90108ba92599 18a25b109c391b09 9feb9bd7fc93e609 83d0ba3cdd6d3f7 ea0fef01802b2be7 fcbf11f120df66b3 eeb63aaa89fb8ad8 a26b6c004fc1d94 25db8447d8c629ab e2c1b48406e5c8b1 be1e6459491bef1 ed57e89dece86b44 f3ce33f531bd6a8c c64f297dd0199d21 3d020865ffb01a3a 316d84c6b3a7121a 83c0af3b30d03c5a 30805694f7bcae43 2b63c05ec0c2b7a0 f192f3fae1eddb5a d9aa899daf246f99 efe7273aa2134a8e 840125e8850e49fb 3432b995e17a1b34 38d65c3ddabaf86 e2b9f9812419e0cf 8593fc03878e8bab e53a3b3196ecb316 bb0693e5892161c6 10afed72c7f434b3 dee0e7c9c09a8fe9 c9bbf1aff5ea28a3 bdde5d5619e77baf da820b98da6bdf21 d05607c51cbf4520 36a6c0cfa43dfd47 fea9dc698e34651b aaf3aa3b1128cc67 b566c9aeceffe42e dd344949e19a6b0a ] wstrb=[17 71 85 45 20 8f 8f 37 1 14 7d 21 a3 c 58 a4 20 d5 c5 c3 e1 1e 68 1 f3 2d c5 d5 4b 2d d6 3f 5a 9b 14 a6 c8 ea e5 23 86 f9 c9 4e e3 ae 71 69 a7 3a b8 8a e8 29 f4 8f 64 ac 1a 4c d5 e dc 39 ba f6 86 8f 4 62 c9 be 58 4f 4d 5c b1 16 1a 9 65 67 65 16 7e 7f 1f e3 e6 84 fa 64 3 19 48 ea 9e 42 4e a1 5b 96 8b f9 d8 da 9b 34 70 26 2d 49 0 c8 7d 71 ef aa ba ef 73 37 60 62 e1 1a 51 54 51 b2 b6 33 cc 8 87 1e ba 3e 51 86 46 d8 a4 0 16 f5 86 5c ce 2b 5c e4 20 e3 41 ee e 9d d3 2e 80 14 1d 8e ] bresp=0 bid=1110
[1765000] MASTER 1 B_VALID_RDY Handshake
[1765000] [MASTER MONITOR] mst_id=1 s_id=1 awaddr=183b1b78 awid=1110 awlen=163 awsize=0 awburst=1 wdata=[f74d751386b7ff99 cc4f9b05db5d280f e648b7fd3847203 da3c719cffbf464a db1c6e5a05b20092 d9367295a68c0ca1 264b52ece980f9d9 ef32fa6bb372e431 d9fef0d30167c146 eae8bb1fc8696d00 fbdc5131004a43bf 1b20505da1bb58a 2285228ad5db4204 d62585c3ec9ac024 c6b675ae9e6173bb f43cb5c0d7d78ac8 c4724aece93b9838 879d0bf3ca623b83 2239c64c8b28c09a f46458d2fbd9c1b3 c63bfd37e6ac1138 f1d4d1d3fc0164c6 f7db2679e875c383 cf21d4bbe6392aa5 e23a8f6bbe1723b0 a68ce733c0f6a68e 272fd134da15b5e5 982cd995f5aebbef b6a5627d896a609f e38016843eb9c0c9 34687cb8ddd533b1 e73f9451fbacf01a 3a66b0e3eb0ddf35 c8e312e7cabfaad5 c66c9aefeecf2d9b d9dd0cd03022a738 fae2520d80d34bd2 efa2796da2c01fb7 d2e2c6efc14eecfd c22238cfc97f863e ec3fa5f5cdc518fd f1405fa31c4b23d fb44387b3f226ce5 ce785e2d1363ec9 82faf106e783de70 a6a64b551bfb8bdc ed31caa5fe3f2981 e5c307f2b38dd137 cf895d13f02cbbac ee6be52d8c695347 3ff7247f3cbb27b9 2ce7e365d42eed1f e09840678f808192 cc3ba94b9b53c892 ef82b5b2208f64e6 b00fe678f9238cb0 14775543d01af619 f0aa5afffc4b8fc4 f56f1c7403fa0af5 d415010ea0ba4177 9d05d13b89e671b7 8de07cacc4bf5c0d e5799d841274edb0 9c5b5f67e1f57dba a6b4d9c7027f6ec0 14f45c702a3bdc14 8c3159ce0c2e774c eade60cb14fbbd7 db8b97eb32e63396 3f14aae223a2427c d4f1fe53e7bcf1ba 1aa32550cdc290ee f164d36a307d963f 183a87f9d9b7d032 277a6120c656d1bd f6d467fc32ddad49 c957d7b18df348a df3606478f0eeff5 c1ec9d3e340fde9b ccef1325d60a6e44 e5195e39ce821ab9 8291f954ac25196c 822f87b02705fb78 f5881631cf810c79 fba625e6e748e5ea e4ee162f81a0f86 c79b1bfffdd5ad96 e51e938083d6f793 fbf10719c34141e5 c116ef7cf36d74e2 f7446c76c38c2319 86cd64fea63582fc 19a2f7dff335738f b6c196a8c7e4547a ee19d77710e76455 841cd7e43d8efba7 8573502107bccf56 18a433ab3ade6e8d f86d6a34f38d2798 fb49f6ee9cc10b8f d79f7a1cfde0ba55 f16de1ee93ee2a99 30af3629d00ce450 cded9ea6ecb7d8dc a60376884eb045 d85b94963f5b8094 ac1359703155399f b9a3e9e42649333c e5a4b3d0acb95ce6 de0e968591ff7e7a b848b1b691b80d40 3e716a2717b2806a a9b1fee49ded6586 2fa572c79c8000ac b4328116e1fab09b ffe81621ee16dcee 8a96dd9adde47ffb 3fdf3096af8d88e8 9da465d63ec95eb1 1caddeacbfc746b7 ef54cfa0283b4371 e704a222dc8d0f42 9c5455f98cf93576 b53478e703b280ce e03f90108ba92599 18a25b109c391b09 9feb9bd7fc93e609 83d0ba3cdd6d3f7 ea0fef01802b2be7 fcbf11f120df66b3 eeb63aaa89fb8ad8 a26b6c004fc1d94 25db8447d8c629ab e2c1b48406e5c8b1 be1e6459491bef1 ed57e89dece86b44 f3ce33f531bd6a8c c64f297dd0199d21 3d020865ffb01a3a 316d84c6b3a7121a 83c0af3b30d03c5a 30805694f7bcae43 2b63c05ec0c2b7a0 f192f3fae1eddb5a d9aa899daf246f99 efe7273aa2134a8e 840125e8850e49fb 3432b995e17a1b34 38d65c3ddabaf86 e2b9f9812419e0cf 8593fc03878e8bab e53a3b3196ecb316 bb0693e5892161c6 10afed72c7f434b3 dee0e7c9c09a8fe9 c9bbf1aff5ea28a3 bdde5d5619e77baf da820b98da6bdf21 d05607c51cbf4520 36a6c0cfa43dfd47 fea9dc698e34651b aaf3aa3b1128cc67 b566c9aeceffe42e dd344949e19a6b0a ] wstrb=[17 71 85 45 20 8f 8f 37 1 14 7d 21 a3 c 58 a4 20 d5 c5 c3 e1 1e 68 1 f3 2d c5 d5 4b 2d d6 3f 5a 9b 14 a6 c8 ea e5 23 86 f9 c9 4e e3 ae 71 69 a7 3a b8 8a e8 29 f4 8f 64 ac 1a 4c d5 e dc 39 ba f6 86 8f 4 62 c9 be 58 4f 4d 5c b1 16 1a 9 65 67 65 16 7e 7f 1f e3 e6 84 fa 64 3 19 48 ea 9e 42 4e a1 5b 96 8b f9 d8 da 9b 34 70 26 2d 49 0 c8 7d 71 ef aa ba ef 73 37 60 62 e1 1a 51 54 51 b2 b6 33 cc 8 87 1e ba 3e 51 86 46 d8 a4 0 16 f5 86 5c ce 2b 5c e4 20 e3 41 ee e 9d d3 2e 80 14 1d 8e ] bresp=0 bid=1110
[1765000] SCOREBOARD MATCH: decode_err expected = 0, actual =0
[1765000] SCOREBOARD MATCH: slave_id expected = 1, actual =1
[1765000] SCOREBOARD MATCH: awaddr passthrough expected = 183b1b78, actual =183b1b78
[1765000] SCOREBOARD MATCH: awlen passthrough expected = 163, actual =163
[1765000] SCOREBOARD MATCH: awsize passthrough expected = 0, actual =0
[1765000] SCOREBOARD MATCH: awburst passthrough expected = 1, actual =1
[1765000] SCOREBOARD MATCH: wdata size check expected = a4, actual =a4
[1765000] SCOREBOARD MATCH: wdata passthrough beat=0 expected = f74d751386b7ff99, actual =f74d751386b7ff99
[1765000] SCOREBOARD MATCH: wdata passthrough beat=1 expected = cc4f9b05db5d280f, actual =cc4f9b05db5d280f
[1765000] SCOREBOARD MATCH: wdata passthrough beat=2 expected = e648b7fd3847203, actual =e648b7fd3847203
[1765000] SCOREBOARD MATCH: wdata passthrough beat=3 expected = da3c719cffbf464a, actual =da3c719cffbf464a
[1765000] SCOREBOARD MATCH: wdata passthrough beat=4 expected = db1c6e5a05b20092, actual =db1c6e5a05b20092
[1765000] SCOREBOARD MATCH: wdata passthrough beat=5 expected = d9367295a68c0ca1, actual =d9367295a68c0ca1
[1765000] SCOREBOARD MATCH: wdata passthrough beat=6 expected = 264b52ece980f9d9, actual =264b52ece980f9d9
[1765000] SCOREBOARD MATCH: wdata passthrough beat=7 expected = ef32fa6bb372e431, actual =ef32fa6bb372e431
[1765000] SCOREBOARD MATCH: wdata passthrough beat=8 expected = d9fef0d30167c146, actual =d9fef0d30167c146
[1765000] SCOREBOARD MATCH: wdata passthrough beat=9 expected = eae8bb1fc8696d00, actual =eae8bb1fc8696d00
[1765000] SCOREBOARD MATCH: wdata passthrough beat=10 expected = fbdc5131004a43bf, actual =fbdc5131004a43bf
[1765000] SCOREBOARD MATCH: wdata passthrough beat=11 expected = 1b20505da1bb58a, actual =1b20505da1bb58a
[1765000] SCOREBOARD MATCH: wdata passthrough beat=12 expected = 2285228ad5db4204, actual =2285228ad5db4204
[1765000] SCOREBOARD MATCH: wdata passthrough beat=13 expected = d62585c3ec9ac024, actual =d62585c3ec9ac024
[1765000] SCOREBOARD MATCH: wdata passthrough beat=14 expected = c6b675ae9e6173bb, actual =c6b675ae9e6173bb
[1765000] SCOREBOARD MATCH: wdata passthrough beat=15 expected = f43cb5c0d7d78ac8, actual =f43cb5c0d7d78ac8
[1765000] SCOREBOARD MATCH: wdata passthrough beat=16 expected = c4724aece93b9838, actual =c4724aece93b9838
[1765000] SCOREBOARD MATCH: wdata passthrough beat=17 expected = 879d0bf3ca623b83, actual =879d0bf3ca623b83
[1765000] SCOREBOARD MATCH: wdata passthrough beat=18 expected = 2239c64c8b28c09a, actual =2239c64c8b28c09a
[1765000] SCOREBOARD MATCH: wdata passthrough beat=19 expected = f46458d2fbd9c1b3, actual =f46458d2fbd9c1b3
[1765000] SCOREBOARD MATCH: wdata passthrough beat=20 expected = c63bfd37e6ac1138, actual =c63bfd37e6ac1138
[1765000] SCOREBOARD MATCH: wdata passthrough beat=21 expected = f1d4d1d3fc0164c6, actual =f1d4d1d3fc0164c6
[1765000] SCOREBOARD MATCH: wdata passthrough beat=22 expected = f7db2679e875c383, actual =f7db2679e875c383
[1765000] SCOREBOARD MATCH: wdata passthrough beat=23 expected = cf21d4bbe6392aa5, actual =cf21d4bbe6392aa5
[1765000] SCOREBOARD MATCH: wdata passthrough beat=24 expected = e23a8f6bbe1723b0, actual =e23a8f6bbe1723b0
[1765000] SCOREBOARD MATCH: wdata passthrough beat=25 expected = a68ce733c0f6a68e, actual =a68ce733c0f6a68e
[1765000] SCOREBOARD MATCH: wdata passthrough beat=26 expected = 272fd134da15b5e5, actual =272fd134da15b5e5
[1765000] SCOREBOARD MATCH: wdata passthrough beat=27 expected = 982cd995f5aebbef, actual =982cd995f5aebbef
[1765000] SCOREBOARD MATCH: wdata passthrough beat=28 expected = b6a5627d896a609f, actual =b6a5627d896a609f
[1765000] SCOREBOARD MATCH: wdata passthrough beat=29 expected = e38016843eb9c0c9, actual =e38016843eb9c0c9
[1765000] SCOREBOARD MATCH: wdata passthrough beat=30 expected = 34687cb8ddd533b1, actual =34687cb8ddd533b1
[1765000] SCOREBOARD MATCH: wdata passthrough beat=31 expected = e73f9451fbacf01a, actual =e73f9451fbacf01a
[1765000] SCOREBOARD MATCH: wdata passthrough beat=32 expected = 3a66b0e3eb0ddf35, actual =3a66b0e3eb0ddf35
[1765000] SCOREBOARD MATCH: wdata passthrough beat=33 expected = c8e312e7cabfaad5, actual =c8e312e7cabfaad5
[1765000] SCOREBOARD MATCH: wdata passthrough beat=34 expected = c66c9aefeecf2d9b, actual =c66c9aefeecf2d9b
[1765000] SCOREBOARD MATCH: wdata passthrough beat=35 expected = d9dd0cd03022a738, actual =d9dd0cd03022a738
[1765000] SCOREBOARD MATCH: wdata passthrough beat=36 expected = fae2520d80d34bd2, actual =fae2520d80d34bd2
[1765000] SCOREBOARD MATCH: wdata passthrough beat=37 expected = efa2796da2c01fb7, actual =efa2796da2c01fb7
[1765000] SCOREBOARD MATCH: wdata passthrough beat=38 expected = d2e2c6efc14eecfd, actual =d2e2c6efc14eecfd
[1765000] SCOREBOARD MATCH: wdata passthrough beat=39 expected = c22238cfc97f863e, actual =c22238cfc97f863e
[1765000] SCOREBOARD MATCH: wdata passthrough beat=40 expected = ec3fa5f5cdc518fd, actual =ec3fa5f5cdc518fd
[1765000] SCOREBOARD MATCH: wdata passthrough beat=41 expected = f1405fa31c4b23d, actual =f1405fa31c4b23d
[1765000] SCOREBOARD MATCH: wdata passthrough beat=42 expected = fb44387b3f226ce5, actual =fb44387b3f226ce5
[1765000] SCOREBOARD MATCH: wdata passthrough beat=43 expected = ce785e2d1363ec9, actual =ce785e2d1363ec9
[1765000] SCOREBOARD MATCH: wdata passthrough beat=44 expected = 82faf106e783de70, actual =82faf106e783de70
[1765000] SCOREBOARD MATCH: wdata passthrough beat=45 expected = a6a64b551bfb8bdc, actual =a6a64b551bfb8bdc
[1765000] SCOREBOARD MATCH: wdata passthrough beat=46 expected = ed31caa5fe3f2981, actual =ed31caa5fe3f2981
[1765000] SCOREBOARD MATCH: wdata passthrough beat=47 expected = e5c307f2b38dd137, actual =e5c307f2b38dd137
[1765000] SCOREBOARD MATCH: wdata passthrough beat=48 expected = cf895d13f02cbbac, actual =cf895d13f02cbbac
[1765000] SCOREBOARD MATCH: wdata passthrough beat=49 expected = ee6be52d8c695347, actual =ee6be52d8c695347
[1765000] SCOREBOARD MATCH: wdata passthrough beat=50 expected = 3ff7247f3cbb27b9, actual =3ff7247f3cbb27b9
[1765000] SCOREBOARD MATCH: wdata passthrough beat=51 expected = 2ce7e365d42eed1f, actual =2ce7e365d42eed1f
[1765000] SCOREBOARD MATCH: wdata passthrough beat=52 expected = e09840678f808192, actual =e09840678f808192
[1765000] SCOREBOARD MATCH: wdata passthrough beat=53 expected = cc3ba94b9b53c892, actual =cc3ba94b9b53c892
[1765000] SCOREBOARD MATCH: wdata passthrough beat=54 expected = ef82b5b2208f64e6, actual =ef82b5b2208f64e6
[1765000] SCOREBOARD MATCH: wdata passthrough beat=55 expected = b00fe678f9238cb0, actual =b00fe678f9238cb0
[1765000] SCOREBOARD MATCH: wdata passthrough beat=56 expected = 14775543d01af619, actual =14775543d01af619
[1765000] SCOREBOARD MATCH: wdata passthrough beat=57 expected = f0aa5afffc4b8fc4, actual =f0aa5afffc4b8fc4
[1765000] SCOREBOARD MATCH: wdata passthrough beat=58 expected = f56f1c7403fa0af5, actual =f56f1c7403fa0af5
[1765000] SCOREBOARD MATCH: wdata passthrough beat=59 expected = d415010ea0ba4177, actual =d415010ea0ba4177
[1765000] SCOREBOARD MATCH: wdata passthrough beat=60 expected = 9d05d13b89e671b7, actual =9d05d13b89e671b7
[1765000] SCOREBOARD MATCH: wdata passthrough beat=61 expected = 8de07cacc4bf5c0d, actual =8de07cacc4bf5c0d
[1765000] SCOREBOARD MATCH: wdata passthrough beat=62 expected = e5799d841274edb0, actual =e5799d841274edb0
[1765000] SCOREBOARD MATCH: wdata passthrough beat=63 expected = 9c5b5f67e1f57dba, actual =9c5b5f67e1f57dba
[1765000] SCOREBOARD MATCH: wdata passthrough beat=64 expected = a6b4d9c7027f6ec0, actual =a6b4d9c7027f6ec0
[1765000] SCOREBOARD MATCH: wdata passthrough beat=65 expected = 14f45c702a3bdc14, actual =14f45c702a3bdc14
[1765000] SCOREBOARD MATCH: wdata passthrough beat=66 expected = 8c3159ce0c2e774c, actual =8c3159ce0c2e774c
[1765000] SCOREBOARD MATCH: wdata passthrough beat=67 expected = eade60cb14fbbd7, actual =eade60cb14fbbd7
[1765000] SCOREBOARD MATCH: wdata passthrough beat=68 expected = db8b97eb32e63396, actual =db8b97eb32e63396
[1765000] SCOREBOARD MATCH: wdata passthrough beat=69 expected = 3f14aae223a2427c, actual =3f14aae223a2427c
[1765000] SCOREBOARD MATCH: wdata passthrough beat=70 expected = d4f1fe53e7bcf1ba, actual =d4f1fe53e7bcf1ba
[1765000] SCOREBOARD MATCH: wdata passthrough beat=71 expected = 1aa32550cdc290ee, actual =1aa32550cdc290ee
[1765000] SCOREBOARD MATCH: wdata passthrough beat=72 expected = f164d36a307d963f, actual =f164d36a307d963f
[1765000] SCOREBOARD MATCH: wdata passthrough beat=73 expected = 183a87f9d9b7d032, actual =183a87f9d9b7d032
[1765000] SCOREBOARD MATCH: wdata passthrough beat=74 expected = 277a6120c656d1bd, actual =277a6120c656d1bd
[1765000] SCOREBOARD MATCH: wdata passthrough beat=75 expected = f6d467fc32ddad49, actual =f6d467fc32ddad49
[1765000] SCOREBOARD MATCH: wdata passthrough beat=76 expected = c957d7b18df348a, actual =c957d7b18df348a
[1765000] SCOREBOARD MATCH: wdata passthrough beat=77 expected = df3606478f0eeff5, actual =df3606478f0eeff5
[1765000] SCOREBOARD MATCH: wdata passthrough beat=78 expected = c1ec9d3e340fde9b, actual =c1ec9d3e340fde9b
[1765000] SCOREBOARD MATCH: wdata passthrough beat=79 expected = ccef1325d60a6e44, actual =ccef1325d60a6e44
[1765000] SCOREBOARD MATCH: wdata passthrough beat=80 expected = e5195e39ce821ab9, actual =e5195e39ce821ab9
[1765000] SCOREBOARD MATCH: wdata passthrough beat=81 expected = 8291f954ac25196c, actual =8291f954ac25196c
[1765000] SCOREBOARD MATCH: wdata passthrough beat=82 expected = 822f87b02705fb78, actual =822f87b02705fb78
[1765000] SCOREBOARD MATCH: wdata passthrough beat=83 expected = f5881631cf810c79, actual =f5881631cf810c79
[1765000] SCOREBOARD MATCH: wdata passthrough beat=84 expected = fba625e6e748e5ea, actual =fba625e6e748e5ea
[1765000] SCOREBOARD MATCH: wdata passthrough beat=85 expected = e4ee162f81a0f86, actual =e4ee162f81a0f86
[1765000] SCOREBOARD MATCH: wdata passthrough beat=86 expected = c79b1bfffdd5ad96, actual =c79b1bfffdd5ad96
[1765000] SCOREBOARD MATCH: wdata passthrough beat=87 expected = e51e938083d6f793, actual =e51e938083d6f793
[1765000] SCOREBOARD MATCH: wdata passthrough beat=88 expected = fbf10719c34141e5, actual =fbf10719c34141e5
[1765000] SCOREBOARD MATCH: wdata passthrough beat=89 expected = c116ef7cf36d74e2, actual =c116ef7cf36d74e2
[1765000] SCOREBOARD MATCH: wdata passthrough beat=90 expected = f7446c76c38c2319, actual =f7446c76c38c2319
[1765000] SCOREBOARD MATCH: wdata passthrough beat=91 expected = 86cd64fea63582fc, actual =86cd64fea63582fc
[1765000] SCOREBOARD MATCH: wdata passthrough beat=92 expected = 19a2f7dff335738f, actual =19a2f7dff335738f
[1765000] SCOREBOARD MATCH: wdata passthrough beat=93 expected = b6c196a8c7e4547a, actual =b6c196a8c7e4547a
[1765000] SCOREBOARD MATCH: wdata passthrough beat=94 expected = ee19d77710e76455, actual =ee19d77710e76455
[1765000] SCOREBOARD MATCH: wdata passthrough beat=95 expected = 841cd7e43d8efba7, actual =841cd7e43d8efba7
[1765000] SCOREBOARD MATCH: wdata passthrough beat=96 expected = 8573502107bccf56, actual =8573502107bccf56
[1765000] SCOREBOARD MATCH: wdata passthrough beat=97 expected = 18a433ab3ade6e8d, actual =18a433ab3ade6e8d
[1765000] SCOREBOARD MATCH: wdata passthrough beat=98 expected = f86d6a34f38d2798, actual =f86d6a34f38d2798
[1765000] SCOREBOARD MATCH: wdata passthrough beat=99 expected = fb49f6ee9cc10b8f, actual =fb49f6ee9cc10b8f
[1765000] SCOREBOARD MATCH: wdata passthrough beat=100 expected = d79f7a1cfde0ba55, actual =d79f7a1cfde0ba55
[1765000] SCOREBOARD MATCH: wdata passthrough beat=101 expected = f16de1ee93ee2a99, actual =f16de1ee93ee2a99
[1765000] SCOREBOARD MATCH: wdata passthrough beat=102 expected = 30af3629d00ce450, actual =30af3629d00ce450
[1765000] SCOREBOARD MATCH: wdata passthrough beat=103 expected = cded9ea6ecb7d8dc, actual =cded9ea6ecb7d8dc
[1765000] SCOREBOARD MATCH: wdata passthrough beat=104 expected = a60376884eb045, actual =a60376884eb045
[1765000] SCOREBOARD MATCH: wdata passthrough beat=105 expected = d85b94963f5b8094, actual =d85b94963f5b8094
[1765000] SCOREBOARD MATCH: wdata passthrough beat=106 expected = ac1359703155399f, actual =ac1359703155399f
[1765000] SCOREBOARD MATCH: wdata passthrough beat=107 expected = b9a3e9e42649333c, actual =b9a3e9e42649333c
[1765000] SCOREBOARD MATCH: wdata passthrough beat=108 expected = e5a4b3d0acb95ce6, actual =e5a4b3d0acb95ce6
[1765000] SCOREBOARD MATCH: wdata passthrough beat=109 expected = de0e968591ff7e7a, actual =de0e968591ff7e7a
[1765000] SCOREBOARD MATCH: wdata passthrough beat=110 expected = b848b1b691b80d40, actual =b848b1b691b80d40
[1765000] SCOREBOARD MATCH: wdata passthrough beat=111 expected = 3e716a2717b2806a, actual =3e716a2717b2806a
[1765000] SCOREBOARD MATCH: wdata passthrough beat=112 expected = a9b1fee49ded6586, actual =a9b1fee49ded6586
[1765000] SCOREBOARD MATCH: wdata passthrough beat=113 expected = 2fa572c79c8000ac, actual =2fa572c79c8000ac
[1765000] SCOREBOARD MATCH: wdata passthrough beat=114 expected = b4328116e1fab09b, actual =b4328116e1fab09b
[1765000] SCOREBOARD MATCH: wdata passthrough beat=115 expected = ffe81621ee16dcee, actual =ffe81621ee16dcee
[1765000] SCOREBOARD MATCH: wdata passthrough beat=116 expected = 8a96dd9adde47ffb, actual =8a96dd9adde47ffb
[1765000] SCOREBOARD MATCH: wdata passthrough beat=117 expected = 3fdf3096af8d88e8, actual =3fdf3096af8d88e8
[1765000] SCOREBOARD MATCH: wdata passthrough beat=118 expected = 9da465d63ec95eb1, actual =9da465d63ec95eb1
[1765000] SCOREBOARD MATCH: wdata passthrough beat=119 expected = 1caddeacbfc746b7, actual =1caddeacbfc746b7
[1765000] SCOREBOARD MATCH: wdata passthrough beat=120 expected = ef54cfa0283b4371, actual =ef54cfa0283b4371
[1765000] SCOREBOARD MATCH: wdata passthrough beat=121 expected = e704a222dc8d0f42, actual =e704a222dc8d0f42
[1765000] SCOREBOARD MATCH: wdata passthrough beat=122 expected = 9c5455f98cf93576, actual =9c5455f98cf93576
[1765000] SCOREBOARD MATCH: wdata passthrough beat=123 expected = b53478e703b280ce, actual =b53478e703b280ce
[1765000] SCOREBOARD MATCH: wdata passthrough beat=124 expected = e03f90108ba92599, actual =e03f90108ba92599
[1765000] SCOREBOARD MATCH: wdata passthrough beat=125 expected = 18a25b109c391b09, actual =18a25b109c391b09
[1765000] SCOREBOARD MATCH: wdata passthrough beat=126 expected = 9feb9bd7fc93e609, actual =9feb9bd7fc93e609
[1765000] SCOREBOARD MATCH: wdata passthrough beat=127 expected = 83d0ba3cdd6d3f7, actual =83d0ba3cdd6d3f7
[1765000] SCOREBOARD MATCH: wdata passthrough beat=128 expected = ea0fef01802b2be7, actual =ea0fef01802b2be7
[1765000] SCOREBOARD MATCH: wdata passthrough beat=129 expected = fcbf11f120df66b3, actual =fcbf11f120df66b3
[1765000] SCOREBOARD MATCH: wdata passthrough beat=130 expected = eeb63aaa89fb8ad8, actual =eeb63aaa89fb8ad8
[1765000] SCOREBOARD MATCH: wdata passthrough beat=131 expected = a26b6c004fc1d94, actual =a26b6c004fc1d94
[1765000] SCOREBOARD MATCH: wdata passthrough beat=132 expected = 25db8447d8c629ab, actual =25db8447d8c629ab
[1765000] SCOREBOARD MATCH: wdata passthrough beat=133 expected = e2c1b48406e5c8b1, actual =e2c1b48406e5c8b1
[1765000] SCOREBOARD MATCH: wdata passthrough beat=134 expected = be1e6459491bef1, actual =be1e6459491bef1
[1765000] SCOREBOARD MATCH: wdata passthrough beat=135 expected = ed57e89dece86b44, actual =ed57e89dece86b44
[1765000] SCOREBOARD MATCH: wdata passthrough beat=136 expected = f3ce33f531bd6a8c, actual =f3ce33f531bd6a8c
[1765000] SCOREBOARD MATCH: wdata passthrough beat=137 expected = c64f297dd0199d21, actual =c64f297dd0199d21
[1765000] SCOREBOARD MATCH: wdata passthrough beat=138 expected = 3d020865ffb01a3a, actual =3d020865ffb01a3a
[1765000] SCOREBOARD MATCH: wdata passthrough beat=139 expected = 316d84c6b3a7121a, actual =316d84c6b3a7121a
[1765000] SCOREBOARD MATCH: wdata passthrough beat=140 expected = 83c0af3b30d03c5a, actual =83c0af3b30d03c5a
[1765000] SCOREBOARD MATCH: wdata passthrough beat=141 expected = 30805694f7bcae43, actual =30805694f7bcae43
[1765000] SCOREBOARD MATCH: wdata passthrough beat=142 expected = 2b63c05ec0c2b7a0, actual =2b63c05ec0c2b7a0
[1765000] SCOREBOARD MATCH: wdata passthrough beat=143 expected = f192f3fae1eddb5a, actual =f192f3fae1eddb5a
[1765000] SCOREBOARD MATCH: wdata passthrough beat=144 expected = d9aa899daf246f99, actual =d9aa899daf246f99
[1765000] SCOREBOARD MATCH: wdata passthrough beat=145 expected = efe7273aa2134a8e, actual =efe7273aa2134a8e
[1765000] SCOREBOARD MATCH: wdata passthrough beat=146 expected = 840125e8850e49fb, actual =840125e8850e49fb
[1765000] SCOREBOARD MATCH: wdata passthrough beat=147 expected = 3432b995e17a1b34, actual =3432b995e17a1b34
[1765000] SCOREBOARD MATCH: wdata passthrough beat=148 expected = 38d65c3ddabaf86, actual =38d65c3ddabaf86
[1765000] SCOREBOARD MATCH: wdata passthrough beat=149 expected = e2b9f9812419e0cf, actual =e2b9f9812419e0cf
[1765000] SCOREBOARD MATCH: wdata passthrough beat=150 expected = 8593fc03878e8bab, actual =8593fc03878e8bab
[1765000] SCOREBOARD MATCH: wdata passthrough beat=151 expected = e53a3b3196ecb316, actual =e53a3b3196ecb316
[1765000] SCOREBOARD MATCH: wdata passthrough beat=152 expected = bb0693e5892161c6, actual =bb0693e5892161c6
[1765000] SCOREBOARD MATCH: wdata passthrough beat=153 expected = 10afed72c7f434b3, actual =10afed72c7f434b3
[1765000] SCOREBOARD MATCH: wdata passthrough beat=154 expected = dee0e7c9c09a8fe9, actual =dee0e7c9c09a8fe9
[1765000] SCOREBOARD MATCH: wdata passthrough beat=155 expected = c9bbf1aff5ea28a3, actual =c9bbf1aff5ea28a3
[1765000] SCOREBOARD MATCH: wdata passthrough beat=156 expected = bdde5d5619e77baf, actual =bdde5d5619e77baf
[1765000] SCOREBOARD MATCH: wdata passthrough beat=157 expected = da820b98da6bdf21, actual =da820b98da6bdf21
[1765000] SCOREBOARD MATCH: wdata passthrough beat=158 expected = d05607c51cbf4520, actual =d05607c51cbf4520
[1765000] SCOREBOARD MATCH: wdata passthrough beat=159 expected = 36a6c0cfa43dfd47, actual =36a6c0cfa43dfd47
[1765000] SCOREBOARD MATCH: wdata passthrough beat=160 expected = fea9dc698e34651b, actual =fea9dc698e34651b
[1765000] SCOREBOARD MATCH: wdata passthrough beat=161 expected = aaf3aa3b1128cc67, actual =aaf3aa3b1128cc67
[1765000] SCOREBOARD MATCH: wdata passthrough beat=162 expected = b566c9aeceffe42e, actual =b566c9aeceffe42e
[1765000] SCOREBOARD MATCH: wdata passthrough beat=163 expected = dd344949e19a6b0a, actual =dd344949e19a6b0a
[1765000] SCOREBOARD MATCH: wstrb size check expected = a4, actual =a4
[1765000] SCOREBOARD MATCH: wstrb passthrough beat=0 expected = 17, actual =17
[1765000] SCOREBOARD MATCH: wstrb passthrough beat=1 expected = 71, actual =71
[1765000] SCOREBOARD MATCH: wstrb passthrough beat=2 expected = 85, actual =85
[1765000] SCOREBOARD MATCH: wstrb passthrough beat=3 expected = 45, actual =45
[1765000] SCOREBOARD MATCH: wstrb passthrough beat=4 expected = 20, actual =20
[1765000] SCOREBOARD MATCH: wstrb passthrough beat=5 expected = 8f, actual =8f
[1765000] SCOREBOARD MATCH: wstrb passthrough beat=6 expected = 8f, actual =8f
[1765000] SCOREBOARD MATCH: wstrb passthrough beat=7 expected = 37, actual =37
[1765000] SCOREBOARD MATCH: wstrb passthrough beat=8 expected = 1, actual =1
[1765000] SCOREBOARD MATCH: wstrb passthrough beat=9 expected = 14, actual =14
[1765000] SCOREBOARD MATCH: wstrb passthrough beat=10 expected = 7d, actual =7d
[1765000] SCOREBOARD MATCH: wstrb passthrough beat=11 expected = 21, actual =21
[1765000] SCOREBOARD MATCH: wstrb passthrough beat=12 expected = a3, actual =a3
[1765000] SCOREBOARD MATCH: wstrb passthrough beat=13 expected = c, actual =c
[1765000] SCOREBOARD MATCH: wstrb passthrough beat=14 expected = 58, actual =58
[1765000] SCOREBOARD MATCH: wstrb passthrough beat=15 expected = a4, actual =a4
[1765000] SCOREBOARD MATCH: wstrb passthrough beat=16 expected = 20, actual =20
[1765000] SCOREBOARD MATCH: wstrb passthrough beat=17 expected = d5, actual =d5
[1765000] SCOREBOARD MATCH: wstrb passthrough beat=18 expected = c5, actual =c5
[1765000] SCOREBOARD MATCH: wstrb passthrough beat=19 expected = c3, actual =c3
[1765000] SCOREBOARD MATCH: wstrb passthrough beat=20 expected = e1, actual =e1
[1765000] SCOREBOARD MATCH: wstrb passthrough beat=21 expected = 1e, actual =1e
[1765000] SCOREBOARD MATCH: wstrb passthrough beat=22 expected = 68, actual =68
[1765000] SCOREBOARD MATCH: wstrb passthrough beat=23 expected = 1, actual =1
[1765000] SCOREBOARD MATCH: wstrb passthrough beat=24 expected = f3, actual =f3
[1765000] SCOREBOARD MATCH: wstrb passthrough beat=25 expected = 2d, actual =2d
[1765000] SCOREBOARD MATCH: wstrb passthrough beat=26 expected = c5, actual =c5
[1765000] SCOREBOARD MATCH: wstrb passthrough beat=27 expected = d5, actual =d5
[1765000] SCOREBOARD MATCH: wstrb passthrough beat=28 expected = 4b, actual =4b
[1765000] SCOREBOARD MATCH: wstrb passthrough beat=29 expected = 2d, actual =2d
[1765000] SCOREBOARD MATCH: wstrb passthrough beat=30 expected = d6, actual =d6
[1765000] SCOREBOARD MATCH: wstrb passthrough beat=31 expected = 3f, actual =3f
[1765000] SCOREBOARD MATCH: wstrb passthrough beat=32 expected = 5a, actual =5a
[1765000] SCOREBOARD MATCH: wstrb passthrough beat=33 expected = 9b, actual =9b
[1765000] SCOREBOARD MATCH: wstrb passthrough beat=34 expected = 14, actual =14
[1765000] SCOREBOARD MATCH: wstrb passthrough beat=35 expected = a6, actual =a6
[1765000] SCOREBOARD MATCH: wstrb passthrough beat=36 expected = c8, actual =c8
[1765000] SCOREBOARD MATCH: wstrb passthrough beat=37 expected = ea, actual =ea
[1765000] SCOREBOARD MATCH: wstrb passthrough beat=38 expected = e5, actual =e5
[1765000] SCOREBOARD MATCH: wstrb passthrough beat=39 expected = 23, actual =23
[1765000] SCOREBOARD MATCH: wstrb passthrough beat=40 expected = 86, actual =86
[1765000] SCOREBOARD MATCH: wstrb passthrough beat=41 expected = f9, actual =f9
[1765000] SCOREBOARD MATCH: wstrb passthrough beat=42 expected = c9, actual =c9
[1765000] SCOREBOARD MATCH: wstrb passthrough beat=43 expected = 4e, actual =4e
[1765000] SCOREBOARD MATCH: wstrb passthrough beat=44 expected = e3, actual =e3
[1765000] SCOREBOARD MATCH: wstrb passthrough beat=45 expected = ae, actual =ae
[1765000] SCOREBOARD MATCH: wstrb passthrough beat=46 expected = 71, actual =71
[1765000] SCOREBOARD MATCH: wstrb passthrough beat=47 expected = 69, actual =69
[1765000] SCOREBOARD MATCH: wstrb passthrough beat=48 expected = a7, actual =a7
[1765000] SCOREBOARD MATCH: wstrb passthrough beat=49 expected = 3a, actual =3a
[1765000] SCOREBOARD MATCH: wstrb passthrough beat=50 expected = b8, actual =b8
[1765000] SCOREBOARD MATCH: wstrb passthrough beat=51 expected = 8a, actual =8a
[1765000] SCOREBOARD MATCH: wstrb passthrough beat=52 expected = e8, actual =e8
[1765000] SCOREBOARD MATCH: wstrb passthrough beat=53 expected = 29, actual =29
[1765000] SCOREBOARD MATCH: wstrb passthrough beat=54 expected = f4, actual =f4
[1765000] SCOREBOARD MATCH: wstrb passthrough beat=55 expected = 8f, actual =8f
[1765000] SCOREBOARD MATCH: wstrb passthrough beat=56 expected = 64, actual =64
[1765000] SCOREBOARD MATCH: wstrb passthrough beat=57 expected = ac, actual =ac
[1765000] SCOREBOARD MATCH: wstrb passthrough beat=58 expected = 1a, actual =1a
[1765000] SCOREBOARD MATCH: wstrb passthrough beat=59 expected = 4c, actual =4c
[1765000] SCOREBOARD MATCH: wstrb passthrough beat=60 expected = d5, actual =d5
[1765000] SCOREBOARD MATCH: wstrb passthrough beat=61 expected = e, actual =e
[1765000] SCOREBOARD MATCH: wstrb passthrough beat=62 expected = dc, actual =dc
[1765000] SCOREBOARD MATCH: wstrb passthrough beat=63 expected = 39, actual =39
[1765000] SCOREBOARD MATCH: wstrb passthrough beat=64 expected = ba, actual =ba
[1765000] SCOREBOARD MATCH: wstrb passthrough beat=65 expected = f6, actual =f6
[1765000] SCOREBOARD MATCH: wstrb passthrough beat=66 expected = 86, actual =86
[1765000] SCOREBOARD MATCH: wstrb passthrough beat=67 expected = 8f, actual =8f
[1765000] SCOREBOARD MATCH: wstrb passthrough beat=68 expected = 4, actual =4
[1765000] SCOREBOARD MATCH: wstrb passthrough beat=69 expected = 62, actual =62
[1765000] SCOREBOARD MATCH: wstrb passthrough beat=70 expected = c9, actual =c9
[1765000] SCOREBOARD MATCH: wstrb passthrough beat=71 expected = be, actual =be
[1765000] SCOREBOARD MATCH: wstrb passthrough beat=72 expected = 58, actual =58
[1765000] SCOREBOARD MATCH: wstrb passthrough beat=73 expected = 4f, actual =4f
[1765000] SCOREBOARD MATCH: wstrb passthrough beat=74 expected = 4d, actual =4d
[1765000] SCOREBOARD MATCH: wstrb passthrough beat=75 expected = 5c, actual =5c
[1765000] SCOREBOARD MATCH: wstrb passthrough beat=76 expected = b1, actual =b1
[1765000] SCOREBOARD MATCH: wstrb passthrough beat=77 expected = 16, actual =16
[1765000] SCOREBOARD MATCH: wstrb passthrough beat=78 expected = 1a, actual =1a
[1765000] SCOREBOARD MATCH: wstrb passthrough beat=79 expected = 9, actual =9
[1765000] SCOREBOARD MATCH: wstrb passthrough beat=80 expected = 65, actual =65
[1765000] SCOREBOARD MATCH: wstrb passthrough beat=81 expected = 67, actual =67
[1765000] SCOREBOARD MATCH: wstrb passthrough beat=82 expected = 65, actual =65
[1765000] SCOREBOARD MATCH: wstrb passthrough beat=83 expected = 16, actual =16
[1765000] SCOREBOARD MATCH: wstrb passthrough beat=84 expected = 7e, actual =7e
[1765000] SCOREBOARD MATCH: wstrb passthrough beat=85 expected = 7f, actual =7f
[1765000] SCOREBOARD MATCH: wstrb passthrough beat=86 expected = 1f, actual =1f
[1765000] SCOREBOARD MATCH: wstrb passthrough beat=87 expected = e3, actual =e3
[1765000] SCOREBOARD MATCH: wstrb passthrough beat=88 expected = e6, actual =e6
[1765000] SCOREBOARD MATCH: wstrb passthrough beat=89 expected = 84, actual =84
[1765000] SCOREBOARD MATCH: wstrb passthrough beat=90 expected = fa, actual =fa
[1765000] SCOREBOARD MATCH: wstrb passthrough beat=91 expected = 64, actual =64
[1765000] SCOREBOARD MATCH: wstrb passthrough beat=92 expected = 3, actual =3
[1765000] SCOREBOARD MATCH: wstrb passthrough beat=93 expected = 19, actual =19
[1765000] SCOREBOARD MATCH: wstrb passthrough beat=94 expected = 48, actual =48
[1765000] SCOREBOARD MATCH: wstrb passthrough beat=95 expected = ea, actual =ea
[1765000] SCOREBOARD MATCH: wstrb passthrough beat=96 expected = 9e, actual =9e
[1765000] SCOREBOARD MATCH: wstrb passthrough beat=97 expected = 42, actual =42
[1765000] SCOREBOARD MATCH: wstrb passthrough beat=98 expected = 4e, actual =4e
[1765000] SCOREBOARD MATCH: wstrb passthrough beat=99 expected = a1, actual =a1
[1765000] SCOREBOARD MATCH: wstrb passthrough beat=100 expected = 5b, actual =5b
[1765000] SCOREBOARD MATCH: wstrb passthrough beat=101 expected = 96, actual =96
[1765000] SCOREBOARD MATCH: wstrb passthrough beat=102 expected = 8b, actual =8b
[1765000] SCOREBOARD MATCH: wstrb passthrough beat=103 expected = f9, actual =f9
[1765000] SCOREBOARD MATCH: wstrb passthrough beat=104 expected = d8, actual =d8
[1765000] SCOREBOARD MATCH: wstrb passthrough beat=105 expected = da, actual =da
[1765000] SCOREBOARD MATCH: wstrb passthrough beat=106 expected = 9b, actual =9b
[1765000] SCOREBOARD MATCH: wstrb passthrough beat=107 expected = 34, actual =34
[1765000] SCOREBOARD MATCH: wstrb passthrough beat=108 expected = 70, actual =70
[1765000] SCOREBOARD MATCH: wstrb passthrough beat=109 expected = 26, actual =26
[1765000] SCOREBOARD MATCH: wstrb passthrough beat=110 expected = 2d, actual =2d
[1765000] SCOREBOARD MATCH: wstrb passthrough beat=111 expected = 49, actual =49
[1765000] SCOREBOARD MATCH: wstrb passthrough beat=112 expected = 0, actual =0
[1765000] SCOREBOARD MATCH: wstrb passthrough beat=113 expected = c8, actual =c8
[1765000] SCOREBOARD MATCH: wstrb passthrough beat=114 expected = 7d, actual =7d
[1765000] SCOREBOARD MATCH: wstrb passthrough beat=115 expected = 71, actual =71
[1765000] SCOREBOARD MATCH: wstrb passthrough beat=116 expected = ef, actual =ef
[1765000] SCOREBOARD MATCH: wstrb passthrough beat=117 expected = aa, actual =aa
[1765000] SCOREBOARD MATCH: wstrb passthrough beat=118 expected = ba, actual =ba
[1765000] SCOREBOARD MATCH: wstrb passthrough beat=119 expected = ef, actual =ef
[1765000] SCOREBOARD MATCH: wstrb passthrough beat=120 expected = 73, actual =73
[1765000] SCOREBOARD MATCH: wstrb passthrough beat=121 expected = 37, actual =37
[1765000] SCOREBOARD MATCH: wstrb passthrough beat=122 expected = 60, actual =60
[1765000] SCOREBOARD MATCH: wstrb passthrough beat=123 expected = 62, actual =62
[1765000] SCOREBOARD MATCH: wstrb passthrough beat=124 expected = e1, actual =e1
[1765000] SCOREBOARD MATCH: wstrb passthrough beat=125 expected = 1a, actual =1a
[1765000] SCOREBOARD MATCH: wstrb passthrough beat=126 expected = 51, actual =51
[1765000] SCOREBOARD MATCH: wstrb passthrough beat=127 expected = 54, actual =54
[1765000] SCOREBOARD MATCH: wstrb passthrough beat=128 expected = 51, actual =51
[1765000] SCOREBOARD MATCH: wstrb passthrough beat=129 expected = b2, actual =b2
[1765000] SCOREBOARD MATCH: wstrb passthrough beat=130 expected = b6, actual =b6
[1765000] SCOREBOARD MATCH: wstrb passthrough beat=131 expected = 33, actual =33
[1765000] SCOREBOARD MATCH: wstrb passthrough beat=132 expected = cc, actual =cc
[1765000] SCOREBOARD MATCH: wstrb passthrough beat=133 expected = 8, actual =8
[1765000] SCOREBOARD MATCH: wstrb passthrough beat=134 expected = 87, actual =87
[1765000] SCOREBOARD MATCH: wstrb passthrough beat=135 expected = 1e, actual =1e
[1765000] SCOREBOARD MATCH: wstrb passthrough beat=136 expected = ba, actual =ba
[1765000] SCOREBOARD MATCH: wstrb passthrough beat=137 expected = 3e, actual =3e
[1765000] SCOREBOARD MATCH: wstrb passthrough beat=138 expected = 51, actual =51
[1765000] SCOREBOARD MATCH: wstrb passthrough beat=139 expected = 86, actual =86
[1765000] SCOREBOARD MATCH: wstrb passthrough beat=140 expected = 46, actual =46
[1765000] SCOREBOARD MATCH: wstrb passthrough beat=141 expected = d8, actual =d8
[1765000] SCOREBOARD MATCH: wstrb passthrough beat=142 expected = a4, actual =a4
[1765000] SCOREBOARD MATCH: wstrb passthrough beat=143 expected = 0, actual =0
[1765000] SCOREBOARD MATCH: wstrb passthrough beat=144 expected = 16, actual =16
[1765000] SCOREBOARD MATCH: wstrb passthrough beat=145 expected = f5, actual =f5
[1765000] SCOREBOARD MATCH: wstrb passthrough beat=146 expected = 86, actual =86
[1765000] SCOREBOARD MATCH: wstrb passthrough beat=147 expected = 5c, actual =5c
[1765000] SCOREBOARD MATCH: wstrb passthrough beat=148 expected = ce, actual =ce
[1765000] SCOREBOARD MATCH: wstrb passthrough beat=149 expected = 2b, actual =2b
[1765000] SCOREBOARD MATCH: wstrb passthrough beat=150 expected = 5c, actual =5c
[1765000] SCOREBOARD MATCH: wstrb passthrough beat=151 expected = e4, actual =e4
[1765000] SCOREBOARD MATCH: wstrb passthrough beat=152 expected = 20, actual =20
[1765000] SCOREBOARD MATCH: wstrb passthrough beat=153 expected = e3, actual =e3
[1765000] SCOREBOARD MATCH: wstrb passthrough beat=154 expected = 41, actual =41
[1765000] SCOREBOARD MATCH: wstrb passthrough beat=155 expected = ee, actual =ee
[1765000] SCOREBOARD MATCH: wstrb passthrough beat=156 expected = e, actual =e
[1765000] SCOREBOARD MATCH: wstrb passthrough beat=157 expected = 9d, actual =9d
[1765000] SCOREBOARD MATCH: wstrb passthrough beat=158 expected = d3, actual =d3
[1765000] SCOREBOARD MATCH: wstrb passthrough beat=159 expected = 2e, actual =2e
[1765000] SCOREBOARD MATCH: wstrb passthrough beat=160 expected = 80, actual =80
[1765000] SCOREBOARD MATCH: wstrb passthrough beat=161 expected = 14, actual =14
[1765000] SCOREBOARD MATCH: wstrb passthrough beat=162 expected = 1d, actual =1d
[1765000] SCOREBOARD MATCH: wstrb passthrough beat=163 expected = 8e, actual =8e
[1765000] SCOREBOARD MATCH: bresp passthrough expected = 0, actual =0
[1765000] SCOREBOARD MATCH: response routed to correct master (write) expected = 1, actual =1
[1765000] [SCOREBOARD-M] mst_id=1 s_id=1 awaddr=183b1b78 awid=1110 awlen=163 awsize=0 awburst=1 wdata=[f74d751386b7ff99 cc4f9b05db5d280f e648b7fd3847203 da3c719cffbf464a db1c6e5a05b20092 d9367295a68c0ca1 264b52ece980f9d9 ef32fa6bb372e431 d9fef0d30167c146 eae8bb1fc8696d00 fbdc5131004a43bf 1b20505da1bb58a 2285228ad5db4204 d62585c3ec9ac024 c6b675ae9e6173bb f43cb5c0d7d78ac8 c4724aece93b9838 879d0bf3ca623b83 2239c64c8b28c09a f46458d2fbd9c1b3 c63bfd37e6ac1138 f1d4d1d3fc0164c6 f7db2679e875c383 cf21d4bbe6392aa5 e23a8f6bbe1723b0 a68ce733c0f6a68e 272fd134da15b5e5 982cd995f5aebbef b6a5627d896a609f e38016843eb9c0c9 34687cb8ddd533b1 e73f9451fbacf01a 3a66b0e3eb0ddf35 c8e312e7cabfaad5 c66c9aefeecf2d9b d9dd0cd03022a738 fae2520d80d34bd2 efa2796da2c01fb7 d2e2c6efc14eecfd c22238cfc97f863e ec3fa5f5cdc518fd f1405fa31c4b23d fb44387b3f226ce5 ce785e2d1363ec9 82faf106e783de70 a6a64b551bfb8bdc ed31caa5fe3f2981 e5c307f2b38dd137 cf895d13f02cbbac ee6be52d8c695347 3ff7247f3cbb27b9 2ce7e365d42eed1f e09840678f808192 cc3ba94b9b53c892 ef82b5b2208f64e6 b00fe678f9238cb0 14775543d01af619 f0aa5afffc4b8fc4 f56f1c7403fa0af5 d415010ea0ba4177 9d05d13b89e671b7 8de07cacc4bf5c0d e5799d841274edb0 9c5b5f67e1f57dba a6b4d9c7027f6ec0 14f45c702a3bdc14 8c3159ce0c2e774c eade60cb14fbbd7 db8b97eb32e63396 3f14aae223a2427c d4f1fe53e7bcf1ba 1aa32550cdc290ee f164d36a307d963f 183a87f9d9b7d032 277a6120c656d1bd f6d467fc32ddad49 c957d7b18df348a df3606478f0eeff5 c1ec9d3e340fde9b ccef1325d60a6e44 e5195e39ce821ab9 8291f954ac25196c 822f87b02705fb78 f5881631cf810c79 fba625e6e748e5ea e4ee162f81a0f86 c79b1bfffdd5ad96 e51e938083d6f793 fbf10719c34141e5 c116ef7cf36d74e2 f7446c76c38c2319 86cd64fea63582fc 19a2f7dff335738f b6c196a8c7e4547a ee19d77710e76455 841cd7e43d8efba7 8573502107bccf56 18a433ab3ade6e8d f86d6a34f38d2798 fb49f6ee9cc10b8f d79f7a1cfde0ba55 f16de1ee93ee2a99 30af3629d00ce450 cded9ea6ecb7d8dc a60376884eb045 d85b94963f5b8094 ac1359703155399f b9a3e9e42649333c e5a4b3d0acb95ce6 de0e968591ff7e7a b848b1b691b80d40 3e716a2717b2806a a9b1fee49ded6586 2fa572c79c8000ac b4328116e1fab09b ffe81621ee16dcee 8a96dd9adde47ffb 3fdf3096af8d88e8 9da465d63ec95eb1 1caddeacbfc746b7 ef54cfa0283b4371 e704a222dc8d0f42 9c5455f98cf93576 b53478e703b280ce e03f90108ba92599 18a25b109c391b09 9feb9bd7fc93e609 83d0ba3cdd6d3f7 ea0fef01802b2be7 fcbf11f120df66b3 eeb63aaa89fb8ad8 a26b6c004fc1d94 25db8447d8c629ab e2c1b48406e5c8b1 be1e6459491bef1 ed57e89dece86b44 f3ce33f531bd6a8c c64f297dd0199d21 3d020865ffb01a3a 316d84c6b3a7121a 83c0af3b30d03c5a 30805694f7bcae43 2b63c05ec0c2b7a0 f192f3fae1eddb5a d9aa899daf246f99 efe7273aa2134a8e 840125e8850e49fb 3432b995e17a1b34 38d65c3ddabaf86 e2b9f9812419e0cf 8593fc03878e8bab e53a3b3196ecb316 bb0693e5892161c6 10afed72c7f434b3 dee0e7c9c09a8fe9 c9bbf1aff5ea28a3 bdde5d5619e77baf da820b98da6bdf21 d05607c51cbf4520 36a6c0cfa43dfd47 fea9dc698e34651b aaf3aa3b1128cc67 b566c9aeceffe42e dd344949e19a6b0a ] wstrb=[17 71 85 45 20 8f 8f 37 1 14 7d 21 a3 c 58 a4 20 d5 c5 c3 e1 1e 68 1 f3 2d c5 d5 4b 2d d6 3f 5a 9b 14 a6 c8 ea e5 23 86 f9 c9 4e e3 ae 71 69 a7 3a b8 8a e8 29 f4 8f 64 ac 1a 4c d5 e dc 39 ba f6 86 8f 4 62 c9 be 58 4f 4d 5c b1 16 1a 9 65 67 65 16 7e 7f 1f e3 e6 84 fa 64 3 19 48 ea 9e 42 4e a1 5b 96 8b f9 d8 da 9b 34 70 26 2d 49 0 c8 7d 71 ef aa ba ef 73 37 60 62 e1 1a 51 54 51 b2 b6 33 cc 8 87 1e ba 3e 51 86 46 d8 a4 0 16 f5 86 5c ce 2b 5c e4 20 e3 41 ee e 9d d3 2e 80 14 1d 8e ] bresp=0 bid=1110
[1765000] [SCOREBOARD-S] mst_id=1 s_id=1 awaddr=183b1b78 awid=1110 awlen=163 awsize=0 awburst=1 wdata=[f74d751386b7ff99 cc4f9b05db5d280f e648b7fd3847203 da3c719cffbf464a db1c6e5a05b20092 d9367295a68c0ca1 264b52ece980f9d9 ef32fa6bb372e431 d9fef0d30167c146 eae8bb1fc8696d00 fbdc5131004a43bf 1b20505da1bb58a 2285228ad5db4204 d62585c3ec9ac024 c6b675ae9e6173bb f43cb5c0d7d78ac8 c4724aece93b9838 879d0bf3ca623b83 2239c64c8b28c09a f46458d2fbd9c1b3 c63bfd37e6ac1138 f1d4d1d3fc0164c6 f7db2679e875c383 cf21d4bbe6392aa5 e23a8f6bbe1723b0 a68ce733c0f6a68e 272fd134da15b5e5 982cd995f5aebbef b6a5627d896a609f e38016843eb9c0c9 34687cb8ddd533b1 e73f9451fbacf01a 3a66b0e3eb0ddf35 c8e312e7cabfaad5 c66c9aefeecf2d9b d9dd0cd03022a738 fae2520d80d34bd2 efa2796da2c01fb7 d2e2c6efc14eecfd c22238cfc97f863e ec3fa5f5cdc518fd f1405fa31c4b23d fb44387b3f226ce5 ce785e2d1363ec9 82faf106e783de70 a6a64b551bfb8bdc ed31caa5fe3f2981 e5c307f2b38dd137 cf895d13f02cbbac ee6be52d8c695347 3ff7247f3cbb27b9 2ce7e365d42eed1f e09840678f808192 cc3ba94b9b53c892 ef82b5b2208f64e6 b00fe678f9238cb0 14775543d01af619 f0aa5afffc4b8fc4 f56f1c7403fa0af5 d415010ea0ba4177 9d05d13b89e671b7 8de07cacc4bf5c0d e5799d841274edb0 9c5b5f67e1f57dba a6b4d9c7027f6ec0 14f45c702a3bdc14 8c3159ce0c2e774c eade60cb14fbbd7 db8b97eb32e63396 3f14aae223a2427c d4f1fe53e7bcf1ba 1aa32550cdc290ee f164d36a307d963f 183a87f9d9b7d032 277a6120c656d1bd f6d467fc32ddad49 c957d7b18df348a df3606478f0eeff5 c1ec9d3e340fde9b ccef1325d60a6e44 e5195e39ce821ab9 8291f954ac25196c 822f87b02705fb78 f5881631cf810c79 fba625e6e748e5ea e4ee162f81a0f86 c79b1bfffdd5ad96 e51e938083d6f793 fbf10719c34141e5 c116ef7cf36d74e2 f7446c76c38c2319 86cd64fea63582fc 19a2f7dff335738f b6c196a8c7e4547a ee19d77710e76455 841cd7e43d8efba7 8573502107bccf56 18a433ab3ade6e8d f86d6a34f38d2798 fb49f6ee9cc10b8f d79f7a1cfde0ba55 f16de1ee93ee2a99 30af3629d00ce450 cded9ea6ecb7d8dc a60376884eb045 d85b94963f5b8094 ac1359703155399f b9a3e9e42649333c e5a4b3d0acb95ce6 de0e968591ff7e7a b848b1b691b80d40 3e716a2717b2806a a9b1fee49ded6586 2fa572c79c8000ac b4328116e1fab09b ffe81621ee16dcee 8a96dd9adde47ffb 3fdf3096af8d88e8 9da465d63ec95eb1 1caddeacbfc746b7 ef54cfa0283b4371 e704a222dc8d0f42 9c5455f98cf93576 b53478e703b280ce e03f90108ba92599 18a25b109c391b09 9feb9bd7fc93e609 83d0ba3cdd6d3f7 ea0fef01802b2be7 fcbf11f120df66b3 eeb63aaa89fb8ad8 a26b6c004fc1d94 25db8447d8c629ab e2c1b48406e5c8b1 be1e6459491bef1 ed57e89dece86b44 f3ce33f531bd6a8c c64f297dd0199d21 3d020865ffb01a3a 316d84c6b3a7121a 83c0af3b30d03c5a 30805694f7bcae43 2b63c05ec0c2b7a0 f192f3fae1eddb5a d9aa899daf246f99 efe7273aa2134a8e 840125e8850e49fb 3432b995e17a1b34 38d65c3ddabaf86 e2b9f9812419e0cf 8593fc03878e8bab e53a3b3196ecb316 bb0693e5892161c6 10afed72c7f434b3 dee0e7c9c09a8fe9 c9bbf1aff5ea28a3 bdde5d5619e77baf da820b98da6bdf21 d05607c51cbf4520 36a6c0cfa43dfd47 fea9dc698e34651b aaf3aa3b1128cc67 b566c9aeceffe42e dd344949e19a6b0a ] wstrb=[17 71 85 45 20 8f 8f 37 1 14 7d 21 a3 c 58 a4 20 d5 c5 c3 e1 1e 68 1 f3 2d c5 d5 4b 2d d6 3f 5a 9b 14 a6 c8 ea e5 23 86 f9 c9 4e e3 ae 71 69 a7 3a b8 8a e8 29 f4 8f 64 ac 1a 4c d5 e dc 39 ba f6 86 8f 4 62 c9 be 58 4f 4d 5c b1 16 1a 9 65 67 65 16 7e 7f 1f e3 e6 84 fa 64 3 19 48 ea 9e 42 4e a1 5b 96 8b f9 d8 da 9b 34 70 26 2d 49 0 c8 7d 71 ef aa ba ef 73 37 60 62 e1 1a 51 54 51 b2 b6 33 cc 8 87 1e ba 3e 51 86 46 d8 a4 0 16 f5 86 5c ce 2b 5c e4 20 e3 41 ee e 9d d3 2e 80 14 1d 8e ] bresp=0 bid=11110
[1765000] SCOREBOARD: Transaction 5 received. pass=418 fail=0
[1765000] SCOREBOARD: Expected 5 transactions completed, PASS=418 FAIL=0
[1765000] ALL PASS. Total transactions: 5
[1765000] ALL TRANSACTIONS MONITORED
$finish called at time : 1785 ns : File "/home/nashita/Desktop/practice/axi_xbar/tb/top/axi_tb_top.sv" Line 220
exit
INFO: xsimkernel Simulation Memory Usage: 289464 KB (Peak: 337864 KB), Simulation CPU Usage: 1210 ms
INFO: [Common 17-206] Exiting xsim at Thu Sep 10 18:44:07 2026...
