#-----------------------------------------------------------
# xsim v2025.2 (64-bit)
# SW Build 6299465 on Fri Nov 14 12:34:56 MST 2025
# IP Build 6300035 on Fri Nov 14 10:48:45 MST 2025
# SharedData Build 6298862 on Thu Nov 13 04:50:51 MST 2025
# Start of session at: Thu Sep 10 18:38:05 2026
# Process ID         : 3654077
# Current directory  : /home/nashita/Desktop/practice/axi_xbar/sim
# Command line       : xsim -log regress_results/BT_run357.log -mode tcl -source {xsim.dir/tb_top_snap/xsim_script.tcl}
# Log file           : /home/nashita/Desktop/practice/axi_xbar/sim/regress_results/BT_run357.log
# Journal file       : /home/nashita/Desktop/practice/axi_xbar/sim/xsim.jou
# Running On         : vlsi-vivado
# Platform           : Ubuntu
# Operating System   : Ubuntu 24.04.4 LTS
# Processor Detail   : Intel(R) Core(TM) i5-10400 CPU @ 2.90GHz
# CPU Frequency      : 4000.970 MHz
# CPU Physical cores : 6
# CPU Logical cores  : 12
# Host memory        : 41875 MB
# Swap memory        : 27648 MB
# Total Virtual      : 69524 MB
# Available Virtual  : 62657 MB
#-----------------------------------------------------------
source xsim.dir/tb_top_snap/xsim_script.tcl
# xsim {tb_top_snap} -testplusarg BT -autoloadwcfg -runall -sv_seed 358
Time resolution is 1 ps
run -all
[0] RUNNING BASE TEST
[0] INSIDE THE BASE TEST CONSTRUCTOR
[0] ENV: before agent
[0] SLAVE CONSTRUCTED
[0] MASTER MONITOR CONSTRUCTED
[0] MASTER MONITOR CONSTRUCTED
[0] SLAVE MONITOR CONSTRUCTED
[0] SLAVE MONITOR CONSTRUCTED
[0] ARB MONITOR CONSTRUCTED
GENERATOR CONSTRUCTED
[0] ENV: after agent
[0] ENV: before scoreboard
[0] ENV: after scoreboard
[15000] [SEQUENCER] mst_id=1 s_id=0 awaddr=563910 awid=11 awlen=5 awsize=3 awburst=2 wdata=[fdb1a44a3b149645 a54b01acd8d611a1 cbf6ceebf596c7d6 b0ab5e1bab568ef0 842ca091c9a87335 3f3f3b0cd5f65fc8 ] wstrb=[7d b8 27 b2 4a ef ] bresp=0 bid=0
[15000] [SEQUENCER] READ mst_id=1 s_id=0 araddr=b3e9e38 arid=1 arlen=1 arsize=3 arburst=1 rid=[] rresp=[] rdata=[]
[15000] [SEQUENCER] mst_id=1 s_id=0 awaddr=1a8ca710 awid=1100 awlen=16 awsize=6 awburst=0 wdata=[93707ae76b6090 ee2bfec429c3d5e5 2540f7cabe0426bf a56f874fd97d93a6 8341698b25d46844 e3d88f03139b8614 ed1919baa8826155 ce56c99909481653 1ce39c67f05a8346 98dce49b322f589d 3b776ef089fcb621 fa573967e733ae35 196306d2d85b0b57 e257c17813341e03 fa67cc38d4da75c2 2d358119dcaefae0 efe318e313cad30a ] wstrb=[91 cc 1b 71 e5 25 54 76 f1 6f e8 d6 94 3c 4c 85 ac ] bresp=0 bid=0
[15000] [SEQUENCER] mst_id=1 s_id=0 awaddr=56af4b0 awid=0 awlen=9 awsize=7 awburst=2 wdata=[fab62b5fcbd34603 cb2b423f90097ae9 d5cad2619149cd57 dd1d135ac8854e86 d88ec970d080fdc0 e1cacb18a8485599 f0cda420ae599bd1 feda9992bee7de72 e730340cc95c6d90 f7b60961e0a564aa ] wstrb=[2c 1c f3 bc 28 9d 1d 54 ba 11 ] bresp=0 bid=0
[15000] [SEQUENCER] READ mst_id=0 s_id=0 araddr=14166988 arid=0 arlen=1 arsize=3 arburst=1 rid=[] rresp=[] rdata=[]
[15000] MASTER_DRIVER1 received transaction, op=AXI_WRITE
[15000] MASTER_DRIVER0 received transaction, op=AXI_READ
[35000] MASTER 1 AW_VALID_RDY Handshake
[45000] ARB MONITOR: slave=0 m0_req=0 m1_req=1 winner=1
[45000] ARB MONITOR: slave=1 m0_req=1 m1_req=0 winner=0
[45000] AXI S0_ARVALID_RDY HANDSHAKE
[45000] MEMORY READ MISS beat=0 addr=14166988 -> default data id=0
[45000] AXI S0_AWVALID_RDY HANDSHAKE
[55000] MEMORY READ MISS beat=1 addr=14166990 -> default data id=0
[55000] SLAVE 1 R_VALID_RDY Handshake beat=0 rlast=0
[55000] MASTER 1 W_VALID_RDY Handshake beat=0 wlast=0
[65000] MASTER 1 W_VALID_RDY Handshake beat=1 wlast=0
[65000] SLAVE 1 R_VALID_RDY Handshake beat=1 rlast=1
[65000] [SLAVE MONITOR] READ mst_id=0 s_id=1 araddr=14166988 arid=0 arlen=1 arsize=3 arburst=1 rid=[00] rresp=[00] rdata=[baadf00d12345678baadf00d12345678]
[65000] AXI S0_WVALID_RDY HANDSHAKE
[65000] S0 MEMORY WRITE beat=0 addr=00563910 data=fdb1a44a3b149645 id=13
[75000] AXI S0_WVALID_RDY HANDSHAKE
[75000] S0 MEMORY WRITE beat=1 addr=00563918 data=a54b01acd8d611a1 id=13
[75000] MASTER 1 W_VALID_RDY Handshake beat=2 wlast=0
[75000] MASTER 0 R_VALID_RDY Handshake beat=0 rlast=0
[85000] [MASTER DRIVER] READ mst_id=0 s_id=0 araddr=14166988 arid=0 arlen=1 arsize=3 arburst=1 rid=[00] rresp=[00] rdata=[baadf00d12345678baadf00d12345678]
[85000] MASTER 0 R_VALID_RDY Handshake beat=1 rlast=1
[85000] [MASTER MONITOR] READ mst_id=0 s_id=1 araddr=14166988 arid=0 arlen=1 arsize=3 arburst=1 rid=[00] rresp=[00] rdata=[baadf00d12345678baadf00d12345678]
[85000] MASTER 1 W_VALID_RDY Handshake beat=3 wlast=0
[85000] AXI S0_WVALID_RDY HANDSHAKE
[85000] S0 MEMORY WRITE beat=2 addr=00563920 data=cbf6ceebf596c7d6 id=13
[85000] SCOREBOARD MATCH: decode_err expected = 0, actual =0
[85000] SCOREBOARD MATCH: slave_id expected = 1, actual =1
[85000] SCOREBOARD MATCH: araddr passthrough expected = 14166988, actual =14166988
[85000] SCOREBOARD MATCH: arlen passthrough expected = 1, actual =1
[85000] SCOREBOARD MATCH: arsize passthrough expected = 3, actual =3
[85000] SCOREBOARD MATCH: arburst passthrough expected = 1, actual =1
[85000] SCOREBOARD MATCH: rdata size check expected = 2, actual =2
[85000] SCOREBOARD MATCH: rdata passthrough beat=0 expected = baadf00d12345678, actual =baadf00d12345678
[85000] SCOREBOARD MATCH: rdata passthrough beat=1 expected = baadf00d12345678, actual =baadf00d12345678
[85000] SCOREBOARD MATCH: rresp size check expected = 2, actual =2
[85000] SCOREBOARD MATCH: rresp passthrough beat=0 expected = 0, actual =0
[85000] SCOREBOARD MATCH: rresp passthrough beat=1 expected = 0, actual =0
[85000] SCOREBOARD MATCH: response routed to correct master (read beat 0) expected = 0, actual =0
[85000] SCOREBOARD MATCH: response routed to correct master (read beat 1) expected = 0, actual =0
[85000] [SCOREBOARD-M] READ mst_id=0 s_id=1 araddr=14166988 arid=0 arlen=1 arsize=3 arburst=1 rid=[00] rresp=[00] rdata=[baadf00d12345678baadf00d12345678]
[85000] [SCOREBOARD-S] READ mst_id=0 s_id=1 araddr=14166988 arid=0 arlen=1 arsize=3 arburst=1 rid=[00] rresp=[00] rdata=[baadf00d12345678baadf00d12345678]
[85000] SCOREBOARD: Transaction 1 received. pass=14 fail=0
[85000] ALL PASS. Total transactions: 1
[95000] AXI S0_WVALID_RDY HANDSHAKE
[95000] S0 MEMORY WRITE beat=3 addr=00563928 data=b0ab5e1bab568ef0 id=13
[95000] MASTER 1 W_VALID_RDY Handshake beat=4 wlast=0
[105000] MASTER_DRIVER1 received transaction, op=AXI_READ
[105000] MASTER 1 W_VALID_RDY Handshake beat=5 wlast=1
[105000] AXI S0_WVALID_RDY HANDSHAKE
[105000] S0 MEMORY WRITE beat=4 addr=00563930 data=842ca091c9a87335 id=13
[115000] AXI S0_WVALID_RDY HANDSHAKE
[115000] S0 MEMORY WRITE beat=5 addr=00563938 data=3f3f3b0cd5f65fc8 id=13
[125000] MASTER_DRIVER1 received transaction, op=AXI_WRITE
[125000] SLAVE0 sent B resp, id=3
[135000] AXI S0_ARVALID_RDY HANDSHAKE
[135000] MEMORY READ MISS beat=0 addr=b3e9e38 -> default data id=17
[135000] [SLAVE MONITOR] mst_id=1 s_id=0 awaddr=563910 awid=11 awlen=5 awsize=3 awburst=2 wdata=[fdb1a44a3b149645 a54b01acd8d611a1 cbf6ceebf596c7d6 b0ab5e1bab568ef0 842ca091c9a87335 3f3f3b0cd5f65fc8 ] wstrb=[7d b8 27 b2 4a ef ] bresp=0 bid=10011
[135000] ARB MONITOR: slave=0 m0_req=0 m1_req=1 winner=1
[145000] MASTER 1 RECEIVED BRESP. BRESP=0
[145000] [MASTER DRIVER] mst_id=1 s_id=0 awaddr=563910 awid=11 awlen=5 awsize=3 awburst=2 wdata=[fdb1a44a3b149645 a54b01acd8d611a1 cbf6ceebf596c7d6 b0ab5e1bab568ef0 842ca091c9a87335 3f3f3b0cd5f65fc8 ] wstrb=[7d b8 27 b2 4a ef ] bresp=0 bid=11
[145000] MASTER 1 AW_VALID_RDY Handshake
[145000] MASTER 1 B_VALID_RDY Handshake
[145000] [MASTER MONITOR] mst_id=1 s_id=0 awaddr=563910 awid=11 awlen=5 awsize=3 awburst=2 wdata=[fdb1a44a3b149645 a54b01acd8d611a1 cbf6ceebf596c7d6 b0ab5e1bab568ef0 842ca091c9a87335 3f3f3b0cd5f65fc8 ] wstrb=[7d b8 27 b2 4a ef ] bresp=0 bid=11
[145000] SLAVE 0 R_VALID_RDY Handshake beat=0 rlast=0
[145000] MEMORY READ MISS beat=1 addr=b3e9e40 -> default data id=17
[145000] SCOREBOARD MATCH: decode_err expected = 0, actual =0
[145000] SCOREBOARD MATCH: slave_id expected = 0, actual =0
[145000] SCOREBOARD MATCH: awaddr passthrough expected = 563910, actual =563910
[145000] SCOREBOARD MATCH: awlen passthrough expected = 5, actual =5
[145000] SCOREBOARD MATCH: awsize passthrough expected = 3, actual =3
[145000] SCOREBOARD MATCH: awburst passthrough expected = 2, actual =2
[145000] SCOREBOARD MATCH: wdata size check expected = 6, actual =6
[145000] SCOREBOARD MATCH: wdata passthrough beat=0 expected = fdb1a44a3b149645, actual =fdb1a44a3b149645
[145000] SCOREBOARD MATCH: wdata passthrough beat=1 expected = a54b01acd8d611a1, actual =a54b01acd8d611a1
[145000] SCOREBOARD MATCH: wdata passthrough beat=2 expected = cbf6ceebf596c7d6, actual =cbf6ceebf596c7d6
[145000] SCOREBOARD MATCH: wdata passthrough beat=3 expected = b0ab5e1bab568ef0, actual =b0ab5e1bab568ef0
[145000] SCOREBOARD MATCH: wdata passthrough beat=4 expected = 842ca091c9a87335, actual =842ca091c9a87335
[145000] SCOREBOARD MATCH: wdata passthrough beat=5 expected = 3f3f3b0cd5f65fc8, actual =3f3f3b0cd5f65fc8
[145000] SCOREBOARD MATCH: wstrb size check expected = 6, actual =6
[145000] SCOREBOARD MATCH: wstrb passthrough beat=0 expected = 7d, actual =7d
[145000] SCOREBOARD MATCH: wstrb passthrough beat=1 expected = b8, actual =b8
[145000] SCOREBOARD MATCH: wstrb passthrough beat=2 expected = 27, actual =27
[145000] SCOREBOARD MATCH: wstrb passthrough beat=3 expected = b2, actual =b2
[145000] SCOREBOARD MATCH: wstrb passthrough beat=4 expected = 4a, actual =4a
[145000] SCOREBOARD MATCH: wstrb passthrough beat=5 expected = ef, actual =ef
[145000] SCOREBOARD MATCH: bresp passthrough expected = 0, actual =0
[145000] SCOREBOARD MATCH: response routed to correct master (write) expected = 1, actual =1
[145000] [SCOREBOARD-M] mst_id=1 s_id=0 awaddr=563910 awid=11 awlen=5 awsize=3 awburst=2 wdata=[fdb1a44a3b149645 a54b01acd8d611a1 cbf6ceebf596c7d6 b0ab5e1bab568ef0 842ca091c9a87335 3f3f3b0cd5f65fc8 ] wstrb=[7d b8 27 b2 4a ef ] bresp=0 bid=11
[145000] [SCOREBOARD-S] mst_id=1 s_id=0 awaddr=563910 awid=11 awlen=5 awsize=3 awburst=2 wdata=[fdb1a44a3b149645 a54b01acd8d611a1 cbf6ceebf596c7d6 b0ab5e1bab568ef0 842ca091c9a87335 3f3f3b0cd5f65fc8 ] wstrb=[7d b8 27 b2 4a ef ] bresp=0 bid=10011
[145000] SCOREBOARD: Transaction 2 received. pass=36 fail=0
[145000] ALL PASS. Total transactions: 2
[155000] AXI S1_AWVALID_RDY HANDSHAKE
[155000] SLAVE 0 R_VALID_RDY Handshake beat=1 rlast=1
[155000] [SLAVE MONITOR] READ mst_id=1 s_id=0 araddr=b3e9e38 arid=1 arlen=1 arsize=3 arburst=1 rid=[1111] rresp=[00] rdata=[baadf00d12345678baadf00d12345678]
[155000] ARB MONITOR: slave=1 m0_req=0 m1_req=1 winner=1
[165000] MASTER 1 W_VALID_RDY Handshake beat=0 wlast=0
[165000] MASTER 1 R_VALID_RDY Handshake beat=0 rlast=0
[175000] S1 MEMORY WRITE beat=0 addr=1a8ca710 data=0093707ae76b6090 id=1c
[175000] MASTER 1 R_VALID_RDY Handshake beat=1 rlast=1
[175000] [MASTER MONITOR] READ mst_id=1 s_id=0 araddr=b3e9e38 arid=1 arlen=1 arsize=3 arburst=1 rid=[11] rresp=[00] rdata=[baadf00d12345678baadf00d12345678]
[175000] MASTER 1 W_VALID_RDY Handshake beat=1 wlast=0
[175000] [MASTER DRIVER] READ mst_id=1 s_id=0 araddr=b3e9e38 arid=1 arlen=1 arsize=3 arburst=1 rid=[11] rresp=[00] rdata=[baadf00d12345678baadf00d12345678]
[175000] SCOREBOARD MATCH: decode_err expected = 0, actual =0
[175000] SCOREBOARD MATCH: slave_id expected = 0, actual =0
[175000] SCOREBOARD MATCH: araddr passthrough expected = b3e9e38, actual =b3e9e38
[175000] SCOREBOARD MATCH: arlen passthrough expected = 1, actual =1
[175000] SCOREBOARD MATCH: arsize passthrough expected = 3, actual =3
[175000] SCOREBOARD MATCH: arburst passthrough expected = 1, actual =1
[175000] SCOREBOARD MATCH: rdata size check expected = 2, actual =2
[175000] SCOREBOARD MATCH: rdata passthrough beat=0 expected = baadf00d12345678, actual =baadf00d12345678
[175000] SCOREBOARD MATCH: rdata passthrough beat=1 expected = baadf00d12345678, actual =baadf00d12345678
[175000] SCOREBOARD MATCH: rresp size check expected = 2, actual =2
[175000] SCOREBOARD MATCH: rresp passthrough beat=0 expected = 0, actual =0
[175000] SCOREBOARD MATCH: rresp passthrough beat=1 expected = 0, actual =0
[175000] SCOREBOARD MATCH: response routed to correct master (read beat 0) expected = 1, actual =1
[175000] SCOREBOARD MATCH: response routed to correct master (read beat 1) expected = 1, actual =1
[175000] [SCOREBOARD-M] READ mst_id=1 s_id=0 araddr=b3e9e38 arid=1 arlen=1 arsize=3 arburst=1 rid=[11] rresp=[00] rdata=[baadf00d12345678baadf00d12345678]
[175000] [SCOREBOARD-S] READ mst_id=1 s_id=0 araddr=b3e9e38 arid=1 arlen=1 arsize=3 arburst=1 rid=[1111] rresp=[00] rdata=[baadf00d12345678baadf00d12345678]
[175000] SCOREBOARD: Transaction 3 received. pass=50 fail=0
[175000] ALL PASS. Total transactions: 3
[185000] MASTER 1 W_VALID_RDY Handshake beat=2 wlast=0
[185000] S1 MEMORY WRITE beat=1 addr=1a8ca710 data=ee2bfec429c3d5e5 id=1c
[195000] S1 MEMORY WRITE beat=2 addr=1a8ca710 data=2540f7cabe0426bf id=1c
[195000] MASTER 1 W_VALID_RDY Handshake beat=3 wlast=0
[205000] MASTER 1 W_VALID_RDY Handshake beat=4 wlast=0
[205000] S1 MEMORY WRITE beat=3 addr=1a8ca710 data=a56f874fd97d93a6 id=1c
[215000] S1 MEMORY WRITE beat=4 addr=1a8ca710 data=8341698b25d46844 id=1c
[215000] MASTER 1 W_VALID_RDY Handshake beat=5 wlast=0
[225000] MASTER 1 W_VALID_RDY Handshake beat=6 wlast=0
[225000] S1 MEMORY WRITE beat=5 addr=1a8ca710 data=e3d88f03139b8614 id=1c
[235000] S1 MEMORY WRITE beat=6 addr=1a8ca710 data=ed1919baa8826155 id=1c
[235000] MASTER 1 W_VALID_RDY Handshake beat=7 wlast=0
[245000] MASTER 1 W_VALID_RDY Handshake beat=8 wlast=0
[245000] S1 MEMORY WRITE beat=7 addr=1a8ca710 data=ce56c99909481653 id=1c
[255000] S1 MEMORY WRITE beat=8 addr=1a8ca710 data=1ce39c67f05a8346 id=1c
[255000] MASTER 1 W_VALID_RDY Handshake beat=9 wlast=0
[265000] MASTER 1 W_VALID_RDY Handshake beat=10 wlast=0
[265000] S1 MEMORY WRITE beat=9 addr=1a8ca710 data=98dce49b322f589d id=1c
[275000] S1 MEMORY WRITE beat=10 addr=1a8ca710 data=3b776ef089fcb621 id=1c
[275000] MASTER 1 W_VALID_RDY Handshake beat=11 wlast=0
[285000] MASTER 1 W_VALID_RDY Handshake beat=12 wlast=0
[285000] S1 MEMORY WRITE beat=11 addr=1a8ca710 data=fa573967e733ae35 id=1c
[295000] S1 MEMORY WRITE beat=12 addr=1a8ca710 data=196306d2d85b0b57 id=1c
[295000] MASTER 1 W_VALID_RDY Handshake beat=13 wlast=0
[305000] MASTER 1 W_VALID_RDY Handshake beat=14 wlast=0
[305000] S1 MEMORY WRITE beat=13 addr=1a8ca710 data=e257c17813341e03 id=1c
[315000] S1 MEMORY WRITE beat=14 addr=1a8ca710 data=fa67cc38d4da75c2 id=1c
[315000] MASTER 1 W_VALID_RDY Handshake beat=15 wlast=0
[325000] MASTER_DRIVER1 received transaction, op=AXI_WRITE
[325000] MASTER 1 W_VALID_RDY Handshake beat=16 wlast=1
[325000] S1 MEMORY WRITE beat=15 addr=1a8ca710 data=2d358119dcaefae0 id=1c
[335000] S1 MEMORY WRITE beat=16 addr=1a8ca710 data=efe318e313cad30a id=1c
[345000] MASTER 1 AW_VALID_RDY Handshake
[345000] SLAVE1 sent B resp, id=12
[355000] AXI S0_AWVALID_RDY HANDSHAKE
[355000] [SLAVE MONITOR] mst_id=1 s_id=1 awaddr=1a8ca710 awid=1100 awlen=16 awsize=6 awburst=0 wdata=[93707ae76b6090 ee2bfec429c3d5e5 2540f7cabe0426bf a56f874fd97d93a6 8341698b25d46844 e3d88f03139b8614 ed1919baa8826155 ce56c99909481653 1ce39c67f05a8346 98dce49b322f589d 3b776ef089fcb621 fa573967e733ae35 196306d2d85b0b57 e257c17813341e03 fa67cc38d4da75c2 2d358119dcaefae0 efe318e313cad30a ] wstrb=[91 cc 1b 71 e5 25 54 76 f1 6f e8 d6 94 3c 4c 85 ac ] bresp=0 bid=11100
[355000] ARB MONITOR: slave=0 m0_req=0 m1_req=1 winner=1
[365000] MASTER 1 RECEIVED BRESP. BRESP=0
[365000] [MASTER DRIVER] mst_id=1 s_id=0 awaddr=1a8ca710 awid=1100 awlen=16 awsize=6 awburst=0 wdata=[93707ae76b6090 ee2bfec429c3d5e5 2540f7cabe0426bf a56f874fd97d93a6 8341698b25d46844 e3d88f03139b8614 ed1919baa8826155 ce56c99909481653 1ce39c67f05a8346 98dce49b322f589d 3b776ef089fcb621 fa573967e733ae35 196306d2d85b0b57 e257c17813341e03 fa67cc38d4da75c2 2d358119dcaefae0 efe318e313cad30a ] wstrb=[91 cc 1b 71 e5 25 54 76 f1 6f e8 d6 94 3c 4c 85 ac ] bresp=0 bid=1100
[365000] MASTER 1 W_VALID_RDY Handshake beat=0 wlast=0
[365000] MASTER 1 B_VALID_RDY Handshake
[365000] [MASTER MONITOR] mst_id=1 s_id=1 awaddr=1a8ca710 awid=1100 awlen=16 awsize=6 awburst=0 wdata=[93707ae76b6090 ee2bfec429c3d5e5 2540f7cabe0426bf a56f874fd97d93a6 8341698b25d46844 e3d88f03139b8614 ed1919baa8826155 ce56c99909481653 1ce39c67f05a8346 98dce49b322f589d 3b776ef089fcb621 fa573967e733ae35 196306d2d85b0b57 e257c17813341e03 fa67cc38d4da75c2 2d358119dcaefae0 efe318e313cad30a ] wstrb=[91 cc 1b 71 e5 25 54 76 f1 6f e8 d6 94 3c 4c 85 ac ] bresp=0 bid=1100
[365000] SCOREBOARD MATCH: decode_err expected = 0, actual =0
[365000] SCOREBOARD MATCH: slave_id expected = 1, actual =1
[365000] SCOREBOARD MATCH: awaddr passthrough expected = 1a8ca710, actual =1a8ca710
[365000] SCOREBOARD MATCH: awlen passthrough expected = 16, actual =16
[365000] SCOREBOARD MATCH: awsize passthrough expected = 6, actual =6
[365000] SCOREBOARD MATCH: awburst passthrough expected = 0, actual =0
[365000] SCOREBOARD MATCH: wdata size check expected = 11, actual =11
[365000] SCOREBOARD MATCH: wdata passthrough beat=0 expected = 93707ae76b6090, actual =93707ae76b6090
[365000] SCOREBOARD MATCH: wdata passthrough beat=1 expected = ee2bfec429c3d5e5, actual =ee2bfec429c3d5e5
[365000] SCOREBOARD MATCH: wdata passthrough beat=2 expected = 2540f7cabe0426bf, actual =2540f7cabe0426bf
[365000] SCOREBOARD MATCH: wdata passthrough beat=3 expected = a56f874fd97d93a6, actual =a56f874fd97d93a6
[365000] SCOREBOARD MATCH: wdata passthrough beat=4 expected = 8341698b25d46844, actual =8341698b25d46844
[365000] SCOREBOARD MATCH: wdata passthrough beat=5 expected = e3d88f03139b8614, actual =e3d88f03139b8614
[365000] SCOREBOARD MATCH: wdata passthrough beat=6 expected = ed1919baa8826155, actual =ed1919baa8826155
[365000] SCOREBOARD MATCH: wdata passthrough beat=7 expected = ce56c99909481653, actual =ce56c99909481653
[365000] SCOREBOARD MATCH: wdata passthrough beat=8 expected = 1ce39c67f05a8346, actual =1ce39c67f05a8346
[365000] SCOREBOARD MATCH: wdata passthrough beat=9 expected = 98dce49b322f589d, actual =98dce49b322f589d
[365000] SCOREBOARD MATCH: wdata passthrough beat=10 expected = 3b776ef089fcb621, actual =3b776ef089fcb621
[365000] SCOREBOARD MATCH: wdata passthrough beat=11 expected = fa573967e733ae35, actual =fa573967e733ae35
[365000] SCOREBOARD MATCH: wdata passthrough beat=12 expected = 196306d2d85b0b57, actual =196306d2d85b0b57
[365000] SCOREBOARD MATCH: wdata passthrough beat=13 expected = e257c17813341e03, actual =e257c17813341e03
[365000] SCOREBOARD MATCH: wdata passthrough beat=14 expected = fa67cc38d4da75c2, actual =fa67cc38d4da75c2
[365000] SCOREBOARD MATCH: wdata passthrough beat=15 expected = 2d358119dcaefae0, actual =2d358119dcaefae0
[365000] SCOREBOARD MATCH: wdata passthrough beat=16 expected = efe318e313cad30a, actual =efe318e313cad30a
[365000] SCOREBOARD MATCH: wstrb size check expected = 11, actual =11
[365000] SCOREBOARD MATCH: wstrb passthrough beat=0 expected = 91, actual =91
[365000] SCOREBOARD MATCH: wstrb passthrough beat=1 expected = cc, actual =cc
[365000] SCOREBOARD MATCH: wstrb passthrough beat=2 expected = 1b, actual =1b
[365000] SCOREBOARD MATCH: wstrb passthrough beat=3 expected = 71, actual =71
[365000] SCOREBOARD MATCH: wstrb passthrough beat=4 expected = e5, actual =e5
[365000] SCOREBOARD MATCH: wstrb passthrough beat=5 expected = 25, actual =25
[365000] SCOREBOARD MATCH: wstrb passthrough beat=6 expected = 54, actual =54
[365000] SCOREBOARD MATCH: wstrb passthrough beat=7 expected = 76, actual =76
[365000] SCOREBOARD MATCH: wstrb passthrough beat=8 expected = f1, actual =f1
[365000] SCOREBOARD MATCH: wstrb passthrough beat=9 expected = 6f, actual =6f
[365000] SCOREBOARD MATCH: wstrb passthrough beat=10 expected = e8, actual =e8
[365000] SCOREBOARD MATCH: wstrb passthrough beat=11 expected = d6, actual =d6
[365000] SCOREBOARD MATCH: wstrb passthrough beat=12 expected = 94, actual =94
[365000] SCOREBOARD MATCH: wstrb passthrough beat=13 expected = 3c, actual =3c
[365000] SCOREBOARD MATCH: wstrb passthrough beat=14 expected = 4c, actual =4c
[365000] SCOREBOARD MATCH: wstrb passthrough beat=15 expected = 85, actual =85
[365000] SCOREBOARD MATCH: wstrb passthrough beat=16 expected = ac, actual =ac
[365000] SCOREBOARD MATCH: bresp passthrough expected = 0, actual =0
[365000] SCOREBOARD MATCH: response routed to correct master (write) expected = 1, actual =1
[365000] [SCOREBOARD-M] mst_id=1 s_id=1 awaddr=1a8ca710 awid=1100 awlen=16 awsize=6 awburst=0 wdata=[93707ae76b6090 ee2bfec429c3d5e5 2540f7cabe0426bf a56f874fd97d93a6 8341698b25d46844 e3d88f03139b8614 ed1919baa8826155 ce56c99909481653 1ce39c67f05a8346 98dce49b322f589d 3b776ef089fcb621 fa573967e733ae35 196306d2d85b0b57 e257c17813341e03 fa67cc38d4da75c2 2d358119dcaefae0 efe318e313cad30a ] wstrb=[91 cc 1b 71 e5 25 54 76 f1 6f e8 d6 94 3c 4c 85 ac ] bresp=0 bid=1100
[365000] [SCOREBOARD-S] mst_id=1 s_id=1 awaddr=1a8ca710 awid=1100 awlen=16 awsize=6 awburst=0 wdata=[93707ae76b6090 ee2bfec429c3d5e5 2540f7cabe0426bf a56f874fd97d93a6 8341698b25d46844 e3d88f03139b8614 ed1919baa8826155 ce56c99909481653 1ce39c67f05a8346 98dce49b322f589d 3b776ef089fcb621 fa573967e733ae35 196306d2d85b0b57 e257c17813341e03 fa67cc38d4da75c2 2d358119dcaefae0 efe318e313cad30a ] wstrb=[91 cc 1b 71 e5 25 54 76 f1 6f e8 d6 94 3c 4c 85 ac ] bresp=0 bid=11100
[365000] SCOREBOARD: Transaction 4 received. pass=94 fail=0
[365000] ALL PASS. Total transactions: 4
[375000] AXI S0_WVALID_RDY HANDSHAKE
[375000] S0 MEMORY WRITE beat=0 addr=056af4b0 data=fab62b5fcbd34603 id=10
[375000] MASTER 1 W_VALID_RDY Handshake beat=1 wlast=0
[385000] MASTER 1 W_VALID_RDY Handshake beat=2 wlast=0
[385000] AXI S0_WVALID_RDY HANDSHAKE
[385000] S0 MEMORY WRITE beat=1 addr=056af530 data=cb2b423f90097ae9 id=10
[395000] AXI S0_WVALID_RDY HANDSHAKE
[395000] S0 MEMORY WRITE beat=2 addr=056af5b0 data=d5cad2619149cd57 id=10
[395000] MASTER 1 W_VALID_RDY Handshake beat=3 wlast=0
[405000] MASTER 1 W_VALID_RDY Handshake beat=4 wlast=0
[405000] AXI S0_WVALID_RDY HANDSHAKE
[405000] S0 MEMORY WRITE beat=3 addr=056af630 data=dd1d135ac8854e86 id=10
[415000] AXI S0_WVALID_RDY HANDSHAKE
[415000] S0 MEMORY WRITE beat=4 addr=056af6b0 data=d88ec970d080fdc0 id=10
[415000] MASTER 1 W_VALID_RDY Handshake beat=5 wlast=0
[425000] MASTER 1 W_VALID_RDY Handshake beat=6 wlast=0
[425000] AXI S0_WVALID_RDY HANDSHAKE
[425000] S0 MEMORY WRITE beat=5 addr=056af730 data=e1cacb18a8485599 id=10
[435000] AXI S0_WVALID_RDY HANDSHAKE
[435000] S0 MEMORY WRITE beat=6 addr=056af7b0 data=f0cda420ae599bd1 id=10
[435000] MASTER 1 W_VALID_RDY Handshake beat=7 wlast=0
[445000] MASTER 1 W_VALID_RDY Handshake beat=8 wlast=0
[445000] AXI S0_WVALID_RDY HANDSHAKE
[445000] S0 MEMORY WRITE beat=7 addr=056af830 data=feda9992bee7de72 id=10
[455000] AXI S0_WVALID_RDY HANDSHAKE
[455000] S0 MEMORY WRITE beat=8 addr=056af8b0 data=e730340cc95c6d90 id=10
[455000] MASTER 1 W_VALID_RDY Handshake beat=9 wlast=1
[465000] AXI S0_WVALID_RDY HANDSHAKE
[465000] S0 MEMORY WRITE beat=9 addr=056af400 data=f7b60961e0a564aa id=10
[475000] SLAVE0 sent B resp, id=0
[475000] [SLAVE MONITOR] mst_id=1 s_id=0 awaddr=56af4b0 awid=0 awlen=9 awsize=7 awburst=2 wdata=[fab62b5fcbd34603 cb2b423f90097ae9 d5cad2619149cd57 dd1d135ac8854e86 d88ec970d080fdc0 e1cacb18a8485599 f0cda420ae599bd1 feda9992bee7de72 e730340cc95c6d90 f7b60961e0a564aa ] wstrb=[2c 1c f3 bc 28 9d 1d 54 ba 11 ] bresp=0 bid=10000
[495000] MASTER 1 B_VALID_RDY Handshake
[495000] [MASTER MONITOR] mst_id=1 s_id=0 awaddr=56af4b0 awid=0 awlen=9 awsize=7 awburst=2 wdata=[fab62b5fcbd34603 cb2b423f90097ae9 d5cad2619149cd57 dd1d135ac8854e86 d88ec970d080fdc0 e1cacb18a8485599 f0cda420ae599bd1 feda9992bee7de72 e730340cc95c6d90 f7b60961e0a564aa ] wstrb=[2c 1c f3 bc 28 9d 1d 54 ba 11 ] bresp=0 bid=0
[495000] MASTER 1 RECEIVED BRESP. BRESP=0
[495000] [MASTER DRIVER] mst_id=1 s_id=0 awaddr=56af4b0 awid=0 awlen=9 awsize=7 awburst=2 wdata=[fab62b5fcbd34603 cb2b423f90097ae9 d5cad2619149cd57 dd1d135ac8854e86 d88ec970d080fdc0 e1cacb18a8485599 f0cda420ae599bd1 feda9992bee7de72 e730340cc95c6d90 f7b60961e0a564aa ] wstrb=[2c 1c f3 bc 28 9d 1d 54 ba 11 ] bresp=0 bid=0
[495000] SCOREBOARD MATCH: decode_err expected = 0, actual =0
[495000] SCOREBOARD MATCH: slave_id expected = 0, actual =0
[495000] SCOREBOARD MATCH: awaddr passthrough expected = 56af4b0, actual =56af4b0
[495000] SCOREBOARD MATCH: awlen passthrough expected = 9, actual =9
[495000] SCOREBOARD MATCH: awsize passthrough expected = 7, actual =7
[495000] SCOREBOARD MATCH: awburst passthrough expected = 2, actual =2
[495000] SCOREBOARD MATCH: wdata size check expected = a, actual =a
[495000] SCOREBOARD MATCH: wdata passthrough beat=0 expected = fab62b5fcbd34603, actual =fab62b5fcbd34603
[495000] SCOREBOARD MATCH: wdata passthrough beat=1 expected = cb2b423f90097ae9, actual =cb2b423f90097ae9
[495000] SCOREBOARD MATCH: wdata passthrough beat=2 expected = d5cad2619149cd57, actual =d5cad2619149cd57
[495000] SCOREBOARD MATCH: wdata passthrough beat=3 expected = dd1d135ac8854e86, actual =dd1d135ac8854e86
[495000] SCOREBOARD MATCH: wdata passthrough beat=4 expected = d88ec970d080fdc0, actual =d88ec970d080fdc0
[495000] SCOREBOARD MATCH: wdata passthrough beat=5 expected = e1cacb18a8485599, actual =e1cacb18a8485599
[495000] SCOREBOARD MATCH: wdata passthrough beat=6 expected = f0cda420ae599bd1, actual =f0cda420ae599bd1
[495000] SCOREBOARD MATCH: wdata passthrough beat=7 expected = feda9992bee7de72, actual =feda9992bee7de72
[495000] SCOREBOARD MATCH: wdata passthrough beat=8 expected = e730340cc95c6d90, actual =e730340cc95c6d90
[495000] SCOREBOARD MATCH: wdata passthrough beat=9 expected = f7b60961e0a564aa, actual =f7b60961e0a564aa
[495000] SCOREBOARD MATCH: wstrb size check expected = a, actual =a
[495000] SCOREBOARD MATCH: wstrb passthrough beat=0 expected = 2c, actual =2c
[495000] SCOREBOARD MATCH: wstrb passthrough beat=1 expected = 1c, actual =1c
[495000] SCOREBOARD MATCH: wstrb passthrough beat=2 expected = f3, actual =f3
[495000] SCOREBOARD MATCH: wstrb passthrough beat=3 expected = bc, actual =bc
[495000] SCOREBOARD MATCH: wstrb passthrough beat=4 expected = 28, actual =28
[495000] SCOREBOARD MATCH: wstrb passthrough beat=5 expected = 9d, actual =9d
[495000] SCOREBOARD MATCH: wstrb passthrough beat=6 expected = 1d, actual =1d
[495000] SCOREBOARD MATCH: wstrb passthrough beat=7 expected = 54, actual =54
[495000] SCOREBOARD MATCH: wstrb passthrough beat=8 expected = ba, actual =ba
[495000] SCOREBOARD MATCH: wstrb passthrough beat=9 expected = 11, actual =11
[495000] SCOREBOARD MATCH: bresp passthrough expected = 0, actual =0
[495000] SCOREBOARD MATCH: response routed to correct master (write) expected = 1, actual =1
[495000] [SCOREBOARD-M] mst_id=1 s_id=0 awaddr=56af4b0 awid=0 awlen=9 awsize=7 awburst=2 wdata=[fab62b5fcbd34603 cb2b423f90097ae9 d5cad2619149cd57 dd1d135ac8854e86 d88ec970d080fdc0 e1cacb18a8485599 f0cda420ae599bd1 feda9992bee7de72 e730340cc95c6d90 f7b60961e0a564aa ] wstrb=[2c 1c f3 bc 28 9d 1d 54 ba 11 ] bresp=0 bid=0
[495000] [SCOREBOARD-S] mst_id=1 s_id=0 awaddr=56af4b0 awid=0 awlen=9 awsize=7 awburst=2 wdata=[fab62b5fcbd34603 cb2b423f90097ae9 d5cad2619149cd57 dd1d135ac8854e86 d88ec970d080fdc0 e1cacb18a8485599 f0cda420ae599bd1 feda9992bee7de72 e730340cc95c6d90 f7b60961e0a564aa ] wstrb=[2c 1c f3 bc 28 9d 1d 54 ba 11 ] bresp=0 bid=10000
[495000] SCOREBOARD: Transaction 5 received. pass=124 fail=0
[495000] SCOREBOARD: Expected 5 transactions completed, PASS=124 FAIL=0
[495000] ALL PASS. Total transactions: 5
[495000] ALL TRANSACTIONS MONITORED
$finish called at time : 515 ns : File "/home/nashita/Desktop/practice/axi_xbar/tb/top/axi_tb_top.sv" Line 220
exit
INFO: xsimkernel Simulation Memory Usage: 289464 KB (Peak: 337864 KB), Simulation CPU Usage: 1190 ms
INFO: [Common 17-206] Exiting xsim at Thu Sep 10 18:38:09 2026...
