#-----------------------------------------------------------
# xsim v2025.2 (64-bit)
# SW Build 6299465 on Fri Nov 14 12:34:56 MST 2025
# IP Build 6300035 on Fri Nov 14 10:48:45 MST 2025
# SharedData Build 6298862 on Thu Nov 13 04:50:51 MST 2025
# Start of session at: Thu Sep 10 18:47:15 2026
# Process ID         : 3678695
# Current directory  : /home/nashita/Desktop/practice/axi_xbar/sim
# Command line       : xsim -log regress_results/BT_run475.log -mode tcl -source {xsim.dir/tb_top_snap/xsim_script.tcl}
# Log file           : /home/nashita/Desktop/practice/axi_xbar/sim/regress_results/BT_run475.log
# Journal file       : /home/nashita/Desktop/practice/axi_xbar/sim/xsim.jou
# Running On         : vlsi-vivado
# Platform           : Ubuntu
# Operating System   : Ubuntu 24.04.4 LTS
# Processor Detail   : Intel(R) Core(TM) i5-10400 CPU @ 2.90GHz
# CPU Frequency      : 4098.111 MHz
# CPU Physical cores : 6
# CPU Logical cores  : 12
# Host memory        : 41875 MB
# Swap memory        : 27648 MB
# Total Virtual      : 69524 MB
# Available Virtual  : 62628 MB
#-----------------------------------------------------------
source xsim.dir/tb_top_snap/xsim_script.tcl
# xsim {tb_top_snap} -testplusarg BT -autoloadwcfg -runall -sv_seed 476
Time resolution is 1 ps
run -all
[0] RUNNING BASE TEST
[0] INSIDE THE BASE TEST CONSTRUCTOR
[0] ENV: before agent
[0] SLAVE CONSTRUCTED
[0] MASTER MONITOR CONSTRUCTED
[0] MASTER MONITOR CONSTRUCTED
[0] SLAVE MONITOR CONSTRUCTED
[0] SLAVE MONITOR CONSTRUCTED
[0] ARB MONITOR CONSTRUCTED
GENERATOR CONSTRUCTED
[0] ENV: after agent
[0] ENV: before scoreboard
[0] ENV: after scoreboard
[15000] [SEQUENCER] mst_id=1 s_id=0 awaddr=2b160c0 awid=1110 awlen=2 awsize=5 awburst=0 wdata=[c0686aafa6feed8b db5519a4d089a78c 38fd1d068fe18642 ] wstrb=[6a ce b5 ] bresp=0 bid=0
[15000] [SEQUENCER] mst_id=1 s_id=0 awaddr=1dd2cab8 awid=0 awlen=4 awsize=7 awburst=2 wdata=[c1686e63a02a2b9e d0bcccbedbfdccee c9abe1f9a728773a c752a2d9d23fa978 ae3d76668b14505c ] wstrb=[97 97 60 f 70 ] bresp=0 bid=0
[15000] [SEQUENCER] mst_id=0 s_id=0 awaddr=144e68d0 awid=1010 awlen=42 awsize=0 awburst=1 wdata=[2d6ab31537dfb50d dfa20ca2dd4fd673 f4966c9d06568e7b 3e364388f0351a06 cd84f079a2011fb2 a857ae2d9dd8502a 8e0d6a30c21b5d17 e41c7cc9e68df1b5 46641e0db925aaa 1dadb7c10c742af7 f3021cac9273ac10 ee0606ba81ca348a 8e3e5f81f7685e8c 9dc0a9d8bb3be7b d7df30601407c2e f8a8dabaf7e21157 395cfd39bbc5287 9cfcceb58284e557 fa66f6af1113c2d9 acd0156015a5a970 982a8ec7fdfcc682 f10895bc9cce416 df728d8692918576 908e4bf8bbe09ebb 85ad82d1f79d1c4d a2ea1c49f9ed553 db7f740fe5201057 dcbd2ca59abcedbc 3a5bc310e12cf6e0 c64d0738e6ebce69 81a8bc2515db371f f7082dff230a33dd 9f60246bc047f35 d1dfb654bd553537 e05f69148b9ebe6b c7a33da1c8e7e454 863d198bea556b5a f5f429c69982f3f5 e26ad849e69c82a0 d0f1edfa3d976767 d71a5b5ce8a7f1d5 cf447475c6e617c0 847d7f27398533a6 ] wstrb=[6f 7b 84 30 f0 2a 57 5f a5 db 8f 95 5 e7 f4 aa c2 84 3f c8 6b 34 72 2d b8 b2 f5 23 e6 68 50 9e 1a 46 c1 0 ae 11 9e c8 57 5f c8 ] bresp=0 bid=0
[15000] [SEQUENCER] READ mst_id=0 s_id=0 araddr=9da45c0 arid=1 arlen=1 arsize=3 arburst=1 rid=[] rresp=[] rdata=[]
[15000] [SEQUENCER] mst_id=1 s_id=0 awaddr=1e124bb8 awid=1101 awlen=0 awsize=0 awburst=0 wdata=[27bc1217f5dedb26 ] wstrb=[a3 ] bresp=0 bid=0
[15000] MASTER_DRIVER1 received transaction, op=AXI_WRITE
[15000] MASTER_DRIVER0 received transaction, op=AXI_WRITE
[35000] MASTER 1 AW_VALID_RDY Handshake
[35000] MASTER 0 AW_VALID_RDY Handshake
[45000] ARB MONITOR: slave=0 m0_req=0 m1_req=1 winner=1
[45000] ARB MONITOR: slave=1 m0_req=1 m1_req=0 winner=0
[45000] AXI S1_AWVALID_RDY HANDSHAKE
[45000] AXI S0_AWVALID_RDY HANDSHAKE
[55000] MASTER 1 W_VALID_RDY Handshake beat=0 wlast=0
[55000] MASTER 0 W_VALID_RDY Handshake beat=0 wlast=0
[65000] MASTER 0 W_VALID_RDY Handshake beat=1 wlast=0
[65000] MASTER 1 W_VALID_RDY Handshake beat=1 wlast=0
[65000] S1 MEMORY WRITE beat=0 addr=144e68d0 data=2d6ab31537dfb50d id=0a
[65000] AXI S0_WVALID_RDY HANDSHAKE
[65000] S0 MEMORY WRITE beat=0 addr=02b160c0 data=c0686aafa6feed8b id=1e
[75000] AXI S0_WVALID_RDY HANDSHAKE
[75000] S0 MEMORY WRITE beat=1 addr=02b160c0 data=db5519a4d089a78c id=1e
[75000] S1 MEMORY WRITE beat=1 addr=144e68d1 data=dfa20ca2dd4fd673 id=0a
[75000] MASTER 1 W_VALID_RDY Handshake beat=2 wlast=1
[75000] MASTER 0 W_VALID_RDY Handshake beat=2 wlast=0
[75000] MASTER_DRIVER1 received transaction, op=AXI_WRITE
[85000] MASTER 0 W_VALID_RDY Handshake beat=3 wlast=0
[85000] S1 MEMORY WRITE beat=2 addr=144e68d2 data=f4966c9d06568e7b id=0a
[85000] AXI S0_WVALID_RDY HANDSHAKE
[85000] S0 MEMORY WRITE beat=2 addr=02b160c0 data=38fd1d068fe18642 id=1e
[95000] SLAVE0 sent B resp, id=14
[95000] S1 MEMORY WRITE beat=3 addr=144e68d3 data=3e364388f0351a06 id=0a
[95000] [SLAVE MONITOR] mst_id=1 s_id=0 awaddr=2b160c0 awid=1110 awlen=2 awsize=5 awburst=0 wdata=[c0686aafa6feed8b db5519a4d089a78c 38fd1d068fe18642 ] wstrb=[6a ce b5 ] bresp=0 bid=11110
[95000] MASTER 1 AW_VALID_RDY Handshake
[95000] MASTER 0 W_VALID_RDY Handshake beat=4 wlast=0
[105000] MASTER 0 W_VALID_RDY Handshake beat=5 wlast=0
[105000] S1 MEMORY WRITE beat=4 addr=144e68d4 data=cd84f079a2011fb2 id=0a
[115000] S1 MEMORY WRITE beat=5 addr=144e68d5 data=a857ae2d9dd8502a id=0a
[115000] MASTER 1 W_VALID_RDY Handshake beat=0 wlast=0
[115000] MASTER 1 B_VALID_RDY Handshake
[115000] [MASTER MONITOR] mst_id=1 s_id=0 awaddr=2b160c0 awid=1110 awlen=2 awsize=5 awburst=0 wdata=[c0686aafa6feed8b db5519a4d089a78c 38fd1d068fe18642 ] wstrb=[6a ce b5 ] bresp=0 bid=1110
[115000] MASTER 0 W_VALID_RDY Handshake beat=6 wlast=0
[115000] MASTER 1 RECEIVED BRESP. BRESP=0
[115000] [MASTER DRIVER] mst_id=1 s_id=0 awaddr=2b160c0 awid=1110 awlen=2 awsize=5 awburst=0 wdata=[c0686aafa6feed8b db5519a4d089a78c 38fd1d068fe18642 ] wstrb=[6a ce b5 ] bresp=0 bid=1110
[115000] SCOREBOARD MATCH: decode_err expected = 0, actual =0
[115000] SCOREBOARD MATCH: slave_id expected = 0, actual =0
[115000] SCOREBOARD MATCH: awaddr passthrough expected = 2b160c0, actual =2b160c0
[115000] SCOREBOARD MATCH: awlen passthrough expected = 2, actual =2
[115000] SCOREBOARD MATCH: awsize passthrough expected = 5, actual =5
[115000] SCOREBOARD MATCH: awburst passthrough expected = 0, actual =0
[115000] SCOREBOARD MATCH: wdata size check expected = 3, actual =3
[115000] SCOREBOARD MATCH: wdata passthrough beat=0 expected = c0686aafa6feed8b, actual =c0686aafa6feed8b
[115000] SCOREBOARD MATCH: wdata passthrough beat=1 expected = db5519a4d089a78c, actual =db5519a4d089a78c
[115000] SCOREBOARD MATCH: wdata passthrough beat=2 expected = 38fd1d068fe18642, actual =38fd1d068fe18642
[115000] SCOREBOARD MATCH: wstrb size check expected = 3, actual =3
[115000] SCOREBOARD MATCH: wstrb passthrough beat=0 expected = 6a, actual =6a
[115000] SCOREBOARD MATCH: wstrb passthrough beat=1 expected = ce, actual =ce
[115000] SCOREBOARD MATCH: wstrb passthrough beat=2 expected = b5, actual =b5
[115000] SCOREBOARD MATCH: bresp passthrough expected = 0, actual =0
[115000] SCOREBOARD MATCH: response routed to correct master (write) expected = 1, actual =1
[115000] [SCOREBOARD-M] mst_id=1 s_id=0 awaddr=2b160c0 awid=1110 awlen=2 awsize=5 awburst=0 wdata=[c0686aafa6feed8b db5519a4d089a78c 38fd1d068fe18642 ] wstrb=[6a ce b5 ] bresp=0 bid=1110
[115000] [SCOREBOARD-S] mst_id=1 s_id=0 awaddr=2b160c0 awid=1110 awlen=2 awsize=5 awburst=0 wdata=[c0686aafa6feed8b db5519a4d089a78c 38fd1d068fe18642 ] wstrb=[6a ce b5 ] bresp=0 bid=11110
[115000] SCOREBOARD: Transaction 1 received. pass=16 fail=0
[115000] ALL PASS. Total transactions: 1
[125000] MASTER 0 W_VALID_RDY Handshake beat=7 wlast=0
[125000] MASTER 1 W_VALID_RDY Handshake beat=1 wlast=0
[125000] S1 MEMORY WRITE beat=6 addr=144e68d6 data=8e0d6a30c21b5d17 id=0a
[135000] S1 MEMORY WRITE beat=7 addr=144e68d7 data=e41c7cc9e68df1b5 id=0a
[135000] MASTER 1 W_VALID_RDY Handshake beat=2 wlast=0
[135000] MASTER 0 W_VALID_RDY Handshake beat=8 wlast=0
[145000] MASTER 0 W_VALID_RDY Handshake beat=9 wlast=0
[145000] MASTER 1 W_VALID_RDY Handshake beat=3 wlast=0
[145000] S1 MEMORY WRITE beat=8 addr=144e68d8 data=046641e0db925aaa id=0a
[155000] S1 MEMORY WRITE beat=9 addr=144e68d9 data=1dadb7c10c742af7 id=0a
[155000] MASTER 1 W_VALID_RDY Handshake beat=4 wlast=1
[155000] MASTER 0 W_VALID_RDY Handshake beat=10 wlast=0
[155000] MASTER_DRIVER1 received transaction, op=AXI_WRITE
[165000] MASTER 0 W_VALID_RDY Handshake beat=11 wlast=0
[165000] S1 MEMORY WRITE beat=10 addr=144e68da data=f3021cac9273ac10 id=0a
[175000] S1 MEMORY WRITE beat=11 addr=144e68db data=ee0606ba81ca348a id=0a
[175000] MASTER 1 AW_VALID_RDY Handshake
[175000] MASTER 0 W_VALID_RDY Handshake beat=12 wlast=0
[185000] MASTER 0 W_VALID_RDY Handshake beat=13 wlast=0
[185000] S1 MEMORY WRITE beat=12 addr=144e68dc data=8e3e5f81f7685e8c id=0a
[195000] S1 MEMORY WRITE beat=13 addr=144e68dd data=09dc0a9d8bb3be7b id=0a
[195000] MASTER 1 W_VALID_RDY Handshake beat=0 wlast=1
[195000] MASTER 0 W_VALID_RDY Handshake beat=14 wlast=0
[205000] MASTER 0 W_VALID_RDY Handshake beat=15 wlast=0
[205000] S1 MEMORY WRITE beat=14 addr=144e68de data=0d7df30601407c2e id=0a
[215000] S1 MEMORY WRITE beat=15 addr=144e68df data=f8a8dabaf7e21157 id=0a
[215000] MASTER 0 W_VALID_RDY Handshake beat=16 wlast=0
[225000] MASTER 0 W_VALID_RDY Handshake beat=17 wlast=0
[225000] S1 MEMORY WRITE beat=16 addr=144e68e0 data=0395cfd39bbc5287 id=0a
[235000] S1 MEMORY WRITE beat=17 addr=144e68e1 data=9cfcceb58284e557 id=0a
[235000] MASTER 0 W_VALID_RDY Handshake beat=18 wlast=0
[245000] MASTER 0 W_VALID_RDY Handshake beat=19 wlast=0
[245000] S1 MEMORY WRITE beat=18 addr=144e68e2 data=fa66f6af1113c2d9 id=0a
[255000] S1 MEMORY WRITE beat=19 addr=144e68e3 data=acd0156015a5a970 id=0a
[255000] MASTER 0 W_VALID_RDY Handshake beat=20 wlast=0
[265000] MASTER 0 W_VALID_RDY Handshake beat=21 wlast=0
[265000] S1 MEMORY WRITE beat=20 addr=144e68e4 data=982a8ec7fdfcc682 id=0a
[275000] S1 MEMORY WRITE beat=21 addr=144e68e5 data=0f10895bc9cce416 id=0a
[275000] MASTER 0 W_VALID_RDY Handshake beat=22 wlast=0
[285000] MASTER 0 W_VALID_RDY Handshake beat=23 wlast=0
[285000] S1 MEMORY WRITE beat=22 addr=144e68e6 data=df728d8692918576 id=0a
[295000] S1 MEMORY WRITE beat=23 addr=144e68e7 data=908e4bf8bbe09ebb id=0a
[295000] MASTER 0 W_VALID_RDY Handshake beat=24 wlast=0
[305000] MASTER 0 W_VALID_RDY Handshake beat=25 wlast=0
[305000] S1 MEMORY WRITE beat=24 addr=144e68e8 data=85ad82d1f79d1c4d id=0a
[315000] S1 MEMORY WRITE beat=25 addr=144e68e9 data=0a2ea1c49f9ed553 id=0a
[315000] MASTER 0 W_VALID_RDY Handshake beat=26 wlast=0
[325000] MASTER 0 W_VALID_RDY Handshake beat=27 wlast=0
[325000] S1 MEMORY WRITE beat=26 addr=144e68ea data=db7f740fe5201057 id=0a
[335000] S1 MEMORY WRITE beat=27 addr=144e68eb data=dcbd2ca59abcedbc id=0a
[335000] MASTER 0 W_VALID_RDY Handshake beat=28 wlast=0
[345000] MASTER 0 W_VALID_RDY Handshake beat=29 wlast=0
[345000] S1 MEMORY WRITE beat=28 addr=144e68ec data=3a5bc310e12cf6e0 id=0a
[355000] S1 MEMORY WRITE beat=29 addr=144e68ed data=c64d0738e6ebce69 id=0a
[355000] MASTER 0 W_VALID_RDY Handshake beat=30 wlast=0
[365000] MASTER 0 W_VALID_RDY Handshake beat=31 wlast=0
[365000] S1 MEMORY WRITE beat=30 addr=144e68ee data=81a8bc2515db371f id=0a
[375000] S1 MEMORY WRITE beat=31 addr=144e68ef data=f7082dff230a33dd id=0a
[375000] MASTER 0 W_VALID_RDY Handshake beat=32 wlast=0
[385000] MASTER 0 W_VALID_RDY Handshake beat=33 wlast=0
[385000] S1 MEMORY WRITE beat=32 addr=144e68f0 data=09f60246bc047f35 id=0a
[395000] S1 MEMORY WRITE beat=33 addr=144e68f1 data=d1dfb654bd553537 id=0a
[395000] MASTER 0 W_VALID_RDY Handshake beat=34 wlast=0
[405000] MASTER 0 W_VALID_RDY Handshake beat=35 wlast=0
[405000] S1 MEMORY WRITE beat=34 addr=144e68f2 data=e05f69148b9ebe6b id=0a
[415000] S1 MEMORY WRITE beat=35 addr=144e68f3 data=c7a33da1c8e7e454 id=0a
[415000] MASTER 0 W_VALID_RDY Handshake beat=36 wlast=0
[425000] MASTER 0 W_VALID_RDY Handshake beat=37 wlast=0
[425000] S1 MEMORY WRITE beat=36 addr=144e68f4 data=863d198bea556b5a id=0a
[435000] S1 MEMORY WRITE beat=37 addr=144e68f5 data=f5f429c69982f3f5 id=0a
[435000] MASTER 0 W_VALID_RDY Handshake beat=38 wlast=0
[445000] MASTER 0 W_VALID_RDY Handshake beat=39 wlast=0
[445000] S1 MEMORY WRITE beat=38 addr=144e68f6 data=e26ad849e69c82a0 id=0a
[455000] S1 MEMORY WRITE beat=39 addr=144e68f7 data=d0f1edfa3d976767 id=0a
[455000] MASTER 0 W_VALID_RDY Handshake beat=40 wlast=0
[465000] MASTER 0 W_VALID_RDY Handshake beat=41 wlast=0
[465000] S1 MEMORY WRITE beat=40 addr=144e68f8 data=d71a5b5ce8a7f1d5 id=0a
[475000] S1 MEMORY WRITE beat=41 addr=144e68f9 data=cf447475c6e617c0 id=0a
[475000] MASTER 0 W_VALID_RDY Handshake beat=42 wlast=1
[475000] MASTER_DRIVER0 received transaction, op=AXI_READ
[485000] S1 MEMORY WRITE beat=42 addr=144e68fa data=847d7f27398533a6 id=0a
[495000] SLAVE1 sent B resp, id=10
[495000] [SLAVE MONITOR] mst_id=0 s_id=1 awaddr=144e68d0 awid=1010 awlen=42 awsize=0 awburst=1 wdata=[2d6ab31537dfb50d dfa20ca2dd4fd673 f4966c9d06568e7b 3e364388f0351a06 cd84f079a2011fb2 a857ae2d9dd8502a 8e0d6a30c21b5d17 e41c7cc9e68df1b5 46641e0db925aaa 1dadb7c10c742af7 f3021cac9273ac10 ee0606ba81ca348a 8e3e5f81f7685e8c 9dc0a9d8bb3be7b d7df30601407c2e f8a8dabaf7e21157 395cfd39bbc5287 9cfcceb58284e557 fa66f6af1113c2d9 acd0156015a5a970 982a8ec7fdfcc682 f10895bc9cce416 df728d8692918576 908e4bf8bbe09ebb 85ad82d1f79d1c4d a2ea1c49f9ed553 db7f740fe5201057 dcbd2ca59abcedbc 3a5bc310e12cf6e0 c64d0738e6ebce69 81a8bc2515db371f f7082dff230a33dd 9f60246bc047f35 d1dfb654bd553537 e05f69148b9ebe6b c7a33da1c8e7e454 863d198bea556b5a f5f429c69982f3f5 e26ad849e69c82a0 d0f1edfa3d976767 d71a5b5ce8a7f1d5 cf447475c6e617c0 847d7f27398533a6 ] wstrb=[6f 7b 84 30 f0 2a 57 5f a5 db 8f 95 5 e7 f4 aa c2 84 3f c8 6b 34 72 2d b8 b2 f5 23 e6 68 50 9e 1a 46 c1 0 ae 11 9e c8 57 5f c8 ] bresp=0 bid=1010
[505000] ARB MONITOR: slave=0 m0_req=1 m1_req=0 winner=0
[505000] ARB MONITOR: slave=1 m0_req=0 m1_req=1 winner=1
[505000] AXI S0_ARVALID_RDY HANDSHAKE
[505000] MEMORY READ MISS beat=0 addr=9da45c0 -> default data id=1
[505000] AXI S1_AWVALID_RDY HANDSHAKE
[515000] S1 MEMORY WRITE beat=0 addr=1dd2cab8 data=c1686e63a02a2b9e id=10
[515000] MEMORY READ MISS beat=1 addr=9da45c8 -> default data id=1
[515000] SLAVE 0 R_VALID_RDY Handshake beat=0 rlast=0
[515000] MASTER 0 B_VALID_RDY Handshake
[515000] [MASTER MONITOR] mst_id=0 s_id=1 awaddr=144e68d0 awid=1010 awlen=42 awsize=0 awburst=1 wdata=[2d6ab31537dfb50d dfa20ca2dd4fd673 f4966c9d06568e7b 3e364388f0351a06 cd84f079a2011fb2 a857ae2d9dd8502a 8e0d6a30c21b5d17 e41c7cc9e68df1b5 46641e0db925aaa 1dadb7c10c742af7 f3021cac9273ac10 ee0606ba81ca348a 8e3e5f81f7685e8c 9dc0a9d8bb3be7b d7df30601407c2e f8a8dabaf7e21157 395cfd39bbc5287 9cfcceb58284e557 fa66f6af1113c2d9 acd0156015a5a970 982a8ec7fdfcc682 f10895bc9cce416 df728d8692918576 908e4bf8bbe09ebb 85ad82d1f79d1c4d a2ea1c49f9ed553 db7f740fe5201057 dcbd2ca59abcedbc 3a5bc310e12cf6e0 c64d0738e6ebce69 81a8bc2515db371f f7082dff230a33dd 9f60246bc047f35 d1dfb654bd553537 e05f69148b9ebe6b c7a33da1c8e7e454 863d198bea556b5a f5f429c69982f3f5 e26ad849e69c82a0 d0f1edfa3d976767 d71a5b5ce8a7f1d5 cf447475c6e617c0 847d7f27398533a6 ] wstrb=[6f 7b 84 30 f0 2a 57 5f a5 db 8f 95 5 e7 f4 aa c2 84 3f c8 6b 34 72 2d b8 b2 f5 23 e6 68 50 9e 1a 46 c1 0 ae 11 9e c8 57 5f c8 ] bresp=0 bid=1010
[515000] MASTER 0 RECEIVED BRESP. BRESP=0
[515000] [MASTER DRIVER] mst_id=0 s_id=0 awaddr=144e68d0 awid=1010 awlen=42 awsize=0 awburst=1 wdata=[2d6ab31537dfb50d dfa20ca2dd4fd673 f4966c9d06568e7b 3e364388f0351a06 cd84f079a2011fb2 a857ae2d9dd8502a 8e0d6a30c21b5d17 e41c7cc9e68df1b5 46641e0db925aaa 1dadb7c10c742af7 f3021cac9273ac10 ee0606ba81ca348a 8e3e5f81f7685e8c 9dc0a9d8bb3be7b d7df30601407c2e f8a8dabaf7e21157 395cfd39bbc5287 9cfcceb58284e557 fa66f6af1113c2d9 acd0156015a5a970 982a8ec7fdfcc682 f10895bc9cce416 df728d8692918576 908e4bf8bbe09ebb 85ad82d1f79d1c4d a2ea1c49f9ed553 db7f740fe5201057 dcbd2ca59abcedbc 3a5bc310e12cf6e0 c64d0738e6ebce69 81a8bc2515db371f f7082dff230a33dd 9f60246bc047f35 d1dfb654bd553537 e05f69148b9ebe6b c7a33da1c8e7e454 863d198bea556b5a f5f429c69982f3f5 e26ad849e69c82a0 d0f1edfa3d976767 d71a5b5ce8a7f1d5 cf447475c6e617c0 847d7f27398533a6 ] wstrb=[6f 7b 84 30 f0 2a 57 5f a5 db 8f 95 5 e7 f4 aa c2 84 3f c8 6b 34 72 2d b8 b2 f5 23 e6 68 50 9e 1a 46 c1 0 ae 11 9e c8 57 5f c8 ] bresp=0 bid=1010
[515000] SCOREBOARD MATCH: decode_err expected = 0, actual =0
[515000] SCOREBOARD MATCH: slave_id expected = 1, actual =1
[515000] SCOREBOARD MATCH: awaddr passthrough expected = 144e68d0, actual =144e68d0
[515000] SCOREBOARD MATCH: awlen passthrough expected = 42, actual =42
[515000] SCOREBOARD MATCH: awsize passthrough expected = 0, actual =0
[515000] SCOREBOARD MATCH: awburst passthrough expected = 1, actual =1
[515000] SCOREBOARD MATCH: wdata size check expected = 2b, actual =2b
[515000] SCOREBOARD MATCH: wdata passthrough beat=0 expected = 2d6ab31537dfb50d, actual =2d6ab31537dfb50d
[515000] SCOREBOARD MATCH: wdata passthrough beat=1 expected = dfa20ca2dd4fd673, actual =dfa20ca2dd4fd673
[515000] SCOREBOARD MATCH: wdata passthrough beat=2 expected = f4966c9d06568e7b, actual =f4966c9d06568e7b
[515000] SCOREBOARD MATCH: wdata passthrough beat=3 expected = 3e364388f0351a06, actual =3e364388f0351a06
[515000] SCOREBOARD MATCH: wdata passthrough beat=4 expected = cd84f079a2011fb2, actual =cd84f079a2011fb2
[515000] SCOREBOARD MATCH: wdata passthrough beat=5 expected = a857ae2d9dd8502a, actual =a857ae2d9dd8502a
[515000] SCOREBOARD MATCH: wdata passthrough beat=6 expected = 8e0d6a30c21b5d17, actual =8e0d6a30c21b5d17
[515000] SCOREBOARD MATCH: wdata passthrough beat=7 expected = e41c7cc9e68df1b5, actual =e41c7cc9e68df1b5
[515000] SCOREBOARD MATCH: wdata passthrough beat=8 expected = 46641e0db925aaa, actual =46641e0db925aaa
[515000] SCOREBOARD MATCH: wdata passthrough beat=9 expected = 1dadb7c10c742af7, actual =1dadb7c10c742af7
[515000] SCOREBOARD MATCH: wdata passthrough beat=10 expected = f3021cac9273ac10, actual =f3021cac9273ac10
[515000] SCOREBOARD MATCH: wdata passthrough beat=11 expected = ee0606ba81ca348a, actual =ee0606ba81ca348a
[515000] SCOREBOARD MATCH: wdata passthrough beat=12 expected = 8e3e5f81f7685e8c, actual =8e3e5f81f7685e8c
[515000] SCOREBOARD MATCH: wdata passthrough beat=13 expected = 9dc0a9d8bb3be7b, actual =9dc0a9d8bb3be7b
[515000] SCOREBOARD MATCH: wdata passthrough beat=14 expected = d7df30601407c2e, actual =d7df30601407c2e
[515000] SCOREBOARD MATCH: wdata passthrough beat=15 expected = f8a8dabaf7e21157, actual =f8a8dabaf7e21157
[515000] SCOREBOARD MATCH: wdata passthrough beat=16 expected = 395cfd39bbc5287, actual =395cfd39bbc5287
[515000] SCOREBOARD MATCH: wdata passthrough beat=17 expected = 9cfcceb58284e557, actual =9cfcceb58284e557
[515000] SCOREBOARD MATCH: wdata passthrough beat=18 expected = fa66f6af1113c2d9, actual =fa66f6af1113c2d9
[515000] SCOREBOARD MATCH: wdata passthrough beat=19 expected = acd0156015a5a970, actual =acd0156015a5a970
[515000] SCOREBOARD MATCH: wdata passthrough beat=20 expected = 982a8ec7fdfcc682, actual =982a8ec7fdfcc682
[515000] SCOREBOARD MATCH: wdata passthrough beat=21 expected = f10895bc9cce416, actual =f10895bc9cce416
[515000] SCOREBOARD MATCH: wdata passthrough beat=22 expected = df728d8692918576, actual =df728d8692918576
[515000] SCOREBOARD MATCH: wdata passthrough beat=23 expected = 908e4bf8bbe09ebb, actual =908e4bf8bbe09ebb
[515000] SCOREBOARD MATCH: wdata passthrough beat=24 expected = 85ad82d1f79d1c4d, actual =85ad82d1f79d1c4d
[515000] SCOREBOARD MATCH: wdata passthrough beat=25 expected = a2ea1c49f9ed553, actual =a2ea1c49f9ed553
[515000] SCOREBOARD MATCH: wdata passthrough beat=26 expected = db7f740fe5201057, actual =db7f740fe5201057
[515000] SCOREBOARD MATCH: wdata passthrough beat=27 expected = dcbd2ca59abcedbc, actual =dcbd2ca59abcedbc
[515000] SCOREBOARD MATCH: wdata passthrough beat=28 expected = 3a5bc310e12cf6e0, actual =3a5bc310e12cf6e0
[515000] SCOREBOARD MATCH: wdata passthrough beat=29 expected = c64d0738e6ebce69, actual =c64d0738e6ebce69
[515000] SCOREBOARD MATCH: wdata passthrough beat=30 expected = 81a8bc2515db371f, actual =81a8bc2515db371f
[515000] SCOREBOARD MATCH: wdata passthrough beat=31 expected = f7082dff230a33dd, actual =f7082dff230a33dd
[515000] SCOREBOARD MATCH: wdata passthrough beat=32 expected = 9f60246bc047f35, actual =9f60246bc047f35
[515000] SCOREBOARD MATCH: wdata passthrough beat=33 expected = d1dfb654bd553537, actual =d1dfb654bd553537
[515000] SCOREBOARD MATCH: wdata passthrough beat=34 expected = e05f69148b9ebe6b, actual =e05f69148b9ebe6b
[515000] SCOREBOARD MATCH: wdata passthrough beat=35 expected = c7a33da1c8e7e454, actual =c7a33da1c8e7e454
[515000] SCOREBOARD MATCH: wdata passthrough beat=36 expected = 863d198bea556b5a, actual =863d198bea556b5a
[515000] SCOREBOARD MATCH: wdata passthrough beat=37 expected = f5f429c69982f3f5, actual =f5f429c69982f3f5
[515000] SCOREBOARD MATCH: wdata passthrough beat=38 expected = e26ad849e69c82a0, actual =e26ad849e69c82a0
[515000] SCOREBOARD MATCH: wdata passthrough beat=39 expected = d0f1edfa3d976767, actual =d0f1edfa3d976767
[515000] SCOREBOARD MATCH: wdata passthrough beat=40 expected = d71a5b5ce8a7f1d5, actual =d71a5b5ce8a7f1d5
[515000] SCOREBOARD MATCH: wdata passthrough beat=41 expected = cf447475c6e617c0, actual =cf447475c6e617c0
[515000] SCOREBOARD MATCH: wdata passthrough beat=42 expected = 847d7f27398533a6, actual =847d7f27398533a6
[515000] SCOREBOARD MATCH: wstrb size check expected = 2b, actual =2b
[515000] SCOREBOARD MATCH: wstrb passthrough beat=0 expected = 6f, actual =6f
[515000] SCOREBOARD MATCH: wstrb passthrough beat=1 expected = 7b, actual =7b
[515000] SCOREBOARD MATCH: wstrb passthrough beat=2 expected = 84, actual =84
[515000] SCOREBOARD MATCH: wstrb passthrough beat=3 expected = 30, actual =30
[515000] SCOREBOARD MATCH: wstrb passthrough beat=4 expected = f0, actual =f0
[515000] SCOREBOARD MATCH: wstrb passthrough beat=5 expected = 2a, actual =2a
[515000] SCOREBOARD MATCH: wstrb passthrough beat=6 expected = 57, actual =57
[515000] SCOREBOARD MATCH: wstrb passthrough beat=7 expected = 5f, actual =5f
[515000] SCOREBOARD MATCH: wstrb passthrough beat=8 expected = a5, actual =a5
[515000] SCOREBOARD MATCH: wstrb passthrough beat=9 expected = db, actual =db
[515000] SCOREBOARD MATCH: wstrb passthrough beat=10 expected = 8f, actual =8f
[515000] SCOREBOARD MATCH: wstrb passthrough beat=11 expected = 95, actual =95
[515000] SCOREBOARD MATCH: wstrb passthrough beat=12 expected = 5, actual =5
[515000] SCOREBOARD MATCH: wstrb passthrough beat=13 expected = e7, actual =e7
[515000] SCOREBOARD MATCH: wstrb passthrough beat=14 expected = f4, actual =f4
[515000] SCOREBOARD MATCH: wstrb passthrough beat=15 expected = aa, actual =aa
[515000] SCOREBOARD MATCH: wstrb passthrough beat=16 expected = c2, actual =c2
[515000] SCOREBOARD MATCH: wstrb passthrough beat=17 expected = 84, actual =84
[515000] SCOREBOARD MATCH: wstrb passthrough beat=18 expected = 3f, actual =3f
[515000] SCOREBOARD MATCH: wstrb passthrough beat=19 expected = c8, actual =c8
[515000] SCOREBOARD MATCH: wstrb passthrough beat=20 expected = 6b, actual =6b
[515000] SCOREBOARD MATCH: wstrb passthrough beat=21 expected = 34, actual =34
[515000] SCOREBOARD MATCH: wstrb passthrough beat=22 expected = 72, actual =72
[515000] SCOREBOARD MATCH: wstrb passthrough beat=23 expected = 2d, actual =2d
[515000] SCOREBOARD MATCH: wstrb passthrough beat=24 expected = b8, actual =b8
[515000] SCOREBOARD MATCH: wstrb passthrough beat=25 expected = b2, actual =b2
[515000] SCOREBOARD MATCH: wstrb passthrough beat=26 expected = f5, actual =f5
[515000] SCOREBOARD MATCH: wstrb passthrough beat=27 expected = 23, actual =23
[515000] SCOREBOARD MATCH: wstrb passthrough beat=28 expected = e6, actual =e6
[515000] SCOREBOARD MATCH: wstrb passthrough beat=29 expected = 68, actual =68
[515000] SCOREBOARD MATCH: wstrb passthrough beat=30 expected = 50, actual =50
[515000] SCOREBOARD MATCH: wstrb passthrough beat=31 expected = 9e, actual =9e
[515000] SCOREBOARD MATCH: wstrb passthrough beat=32 expected = 1a, actual =1a
[515000] SCOREBOARD MATCH: wstrb passthrough beat=33 expected = 46, actual =46
[515000] SCOREBOARD MATCH: wstrb passthrough beat=34 expected = c1, actual =c1
[515000] SCOREBOARD MATCH: wstrb passthrough beat=35 expected = 0, actual =0
[515000] SCOREBOARD MATCH: wstrb passthrough beat=36 expected = ae, actual =ae
[515000] SCOREBOARD MATCH: wstrb passthrough beat=37 expected = 11, actual =11
[515000] SCOREBOARD MATCH: wstrb passthrough beat=38 expected = 9e, actual =9e
[515000] SCOREBOARD MATCH: wstrb passthrough beat=39 expected = c8, actual =c8
[515000] SCOREBOARD MATCH: wstrb passthrough beat=40 expected = 57, actual =57
[515000] SCOREBOARD MATCH: wstrb passthrough beat=41 expected = 5f, actual =5f
[515000] SCOREBOARD MATCH: wstrb passthrough beat=42 expected = c8, actual =c8
[515000] SCOREBOARD MATCH: bresp passthrough expected = 0, actual =0
[515000] SCOREBOARD MATCH: response routed to correct master (write) expected = 0, actual =0
[515000] [SCOREBOARD-M] mst_id=0 s_id=1 awaddr=144e68d0 awid=1010 awlen=42 awsize=0 awburst=1 wdata=[2d6ab31537dfb50d dfa20ca2dd4fd673 f4966c9d06568e7b 3e364388f0351a06 cd84f079a2011fb2 a857ae2d9dd8502a 8e0d6a30c21b5d17 e41c7cc9e68df1b5 46641e0db925aaa 1dadb7c10c742af7 f3021cac9273ac10 ee0606ba81ca348a 8e3e5f81f7685e8c 9dc0a9d8bb3be7b d7df30601407c2e f8a8dabaf7e21157 395cfd39bbc5287 9cfcceb58284e557 fa66f6af1113c2d9 acd0156015a5a970 982a8ec7fdfcc682 f10895bc9cce416 df728d8692918576 908e4bf8bbe09ebb 85ad82d1f79d1c4d a2ea1c49f9ed553 db7f740fe5201057 dcbd2ca59abcedbc 3a5bc310e12cf6e0 c64d0738e6ebce69 81a8bc2515db371f f7082dff230a33dd 9f60246bc047f35 d1dfb654bd553537 e05f69148b9ebe6b c7a33da1c8e7e454 863d198bea556b5a f5f429c69982f3f5 e26ad849e69c82a0 d0f1edfa3d976767 d71a5b5ce8a7f1d5 cf447475c6e617c0 847d7f27398533a6 ] wstrb=[6f 7b 84 30 f0 2a 57 5f a5 db 8f 95 5 e7 f4 aa c2 84 3f c8 6b 34 72 2d b8 b2 f5 23 e6 68 50 9e 1a 46 c1 0 ae 11 9e c8 57 5f c8 ] bresp=0 bid=1010
[515000] [SCOREBOARD-S] mst_id=0 s_id=1 awaddr=144e68d0 awid=1010 awlen=42 awsize=0 awburst=1 wdata=[2d6ab31537dfb50d dfa20ca2dd4fd673 f4966c9d06568e7b 3e364388f0351a06 cd84f079a2011fb2 a857ae2d9dd8502a 8e0d6a30c21b5d17 e41c7cc9e68df1b5 46641e0db925aaa 1dadb7c10c742af7 f3021cac9273ac10 ee0606ba81ca348a 8e3e5f81f7685e8c 9dc0a9d8bb3be7b d7df30601407c2e f8a8dabaf7e21157 395cfd39bbc5287 9cfcceb58284e557 fa66f6af1113c2d9 acd0156015a5a970 982a8ec7fdfcc682 f10895bc9cce416 df728d8692918576 908e4bf8bbe09ebb 85ad82d1f79d1c4d a2ea1c49f9ed553 db7f740fe5201057 dcbd2ca59abcedbc 3a5bc310e12cf6e0 c64d0738e6ebce69 81a8bc2515db371f f7082dff230a33dd 9f60246bc047f35 d1dfb654bd553537 e05f69148b9ebe6b c7a33da1c8e7e454 863d198bea556b5a f5f429c69982f3f5 e26ad849e69c82a0 d0f1edfa3d976767 d71a5b5ce8a7f1d5 cf447475c6e617c0 847d7f27398533a6 ] wstrb=[6f 7b 84 30 f0 2a 57 5f a5 db 8f 95 5 e7 f4 aa c2 84 3f c8 6b 34 72 2d b8 b2 f5 23 e6 68 50 9e 1a 46 c1 0 ae 11 9e c8 57 5f c8 ] bresp=0 bid=1010
[515000] SCOREBOARD: Transaction 2 received. pass=112 fail=0
[515000] ALL PASS. Total transactions: 2
[525000] SLAVE 0 R_VALID_RDY Handshake beat=1 rlast=1
[525000] [SLAVE MONITOR] READ mst_id=0 s_id=0 araddr=9da45c0 arid=1 arlen=1 arsize=3 arburst=1 rid=[11] rresp=[00] rdata=[baadf00d12345678baadf00d12345678]
[525000] S1 MEMORY WRITE beat=1 addr=1dd2cb38 data=d0bcccbedbfdccee id=10
[535000] S1 MEMORY WRITE beat=2 addr=1dd2c900 data=c9abe1f9a728773a id=10
[535000] MASTER 0 R_VALID_RDY Handshake beat=0 rlast=0
[545000] [MASTER DRIVER] READ mst_id=0 s_id=0 araddr=9da45c0 arid=1 arlen=1 arsize=3 arburst=1 rid=[11] rresp=[00] rdata=[baadf00d12345678baadf00d12345678]
[545000] MASTER 0 R_VALID_RDY Handshake beat=1 rlast=1
[545000] [MASTER MONITOR] READ mst_id=0 s_id=0 araddr=9da45c0 arid=1 arlen=1 arsize=3 arburst=1 rid=[11] rresp=[00] rdata=[baadf00d12345678baadf00d12345678]
[545000] S1 MEMORY WRITE beat=3 addr=1dd2c980 data=c752a2d9d23fa978 id=10
[545000] SCOREBOARD MATCH: decode_err expected = 0, actual =0
[545000] SCOREBOARD MATCH: slave_id expected = 0, actual =0
[545000] SCOREBOARD MATCH: araddr passthrough expected = 9da45c0, actual =9da45c0
[545000] SCOREBOARD MATCH: arlen passthrough expected = 1, actual =1
[545000] SCOREBOARD MATCH: arsize passthrough expected = 3, actual =3
[545000] SCOREBOARD MATCH: arburst passthrough expected = 1, actual =1
[545000] SCOREBOARD MATCH: rdata size check expected = 2, actual =2
[545000] SCOREBOARD MATCH: rdata passthrough beat=0 expected = baadf00d12345678, actual =baadf00d12345678
[545000] SCOREBOARD MATCH: rdata passthrough beat=1 expected = baadf00d12345678, actual =baadf00d12345678
[545000] SCOREBOARD MATCH: rresp size check expected = 2, actual =2
[545000] SCOREBOARD MATCH: rresp passthrough beat=0 expected = 0, actual =0
[545000] SCOREBOARD MATCH: rresp passthrough beat=1 expected = 0, actual =0
[545000] SCOREBOARD MATCH: response routed to correct master (read beat 0) expected = 0, actual =0
[545000] SCOREBOARD MATCH: response routed to correct master (read beat 1) expected = 0, actual =0
[545000] [SCOREBOARD-M] READ mst_id=0 s_id=0 araddr=9da45c0 arid=1 arlen=1 arsize=3 arburst=1 rid=[11] rresp=[00] rdata=[baadf00d12345678baadf00d12345678]
[545000] [SCOREBOARD-S] READ mst_id=0 s_id=0 araddr=9da45c0 arid=1 arlen=1 arsize=3 arburst=1 rid=[11] rresp=[00] rdata=[baadf00d12345678baadf00d12345678]
[545000] SCOREBOARD: Transaction 3 received. pass=126 fail=0
[545000] ALL PASS. Total transactions: 3
[555000] S1 MEMORY WRITE beat=4 addr=1dd2ca00 data=ae3d76668b14505c id=10
[565000] SLAVE1 sent B resp, id=0
[575000] AXI S1_AWVALID_RDY HANDSHAKE
[575000] [SLAVE MONITOR] mst_id=1 s_id=1 awaddr=1dd2cab8 awid=0 awlen=4 awsize=7 awburst=2 wdata=[c1686e63a02a2b9e d0bcccbedbfdccee c9abe1f9a728773a c752a2d9d23fa978 ae3d76668b14505c ] wstrb=[97 97 60 f 70 ] bresp=0 bid=10000
[575000] ARB MONITOR: slave=1 m0_req=0 m1_req=0 winner=1
[585000] MASTER 1 RECEIVED BRESP. BRESP=0
[585000] [MASTER DRIVER] mst_id=1 s_id=0 awaddr=1dd2cab8 awid=0 awlen=4 awsize=7 awburst=2 wdata=[c1686e63a02a2b9e d0bcccbedbfdccee c9abe1f9a728773a c752a2d9d23fa978 ae3d76668b14505c ] wstrb=[97 97 60 f 70 ] bresp=0 bid=0
[585000] MASTER 1 B_VALID_RDY Handshake
[585000] [MASTER MONITOR] mst_id=1 s_id=1 awaddr=1dd2cab8 awid=0 awlen=4 awsize=7 awburst=2 wdata=[c1686e63a02a2b9e d0bcccbedbfdccee c9abe1f9a728773a c752a2d9d23fa978 ae3d76668b14505c ] wstrb=[97 97 60 f 70 ] bresp=0 bid=0
[585000] S1 MEMORY WRITE beat=0 addr=1e124bb8 data=27bc1217f5dedb26 id=1d
[585000] SCOREBOARD MATCH: decode_err expected = 0, actual =0
[585000] SCOREBOARD MATCH: slave_id expected = 1, actual =1
[585000] SCOREBOARD MATCH: awaddr passthrough expected = 1dd2cab8, actual =1dd2cab8
[585000] SCOREBOARD MATCH: awlen passthrough expected = 4, actual =4
[585000] SCOREBOARD MATCH: awsize passthrough expected = 7, actual =7
[585000] SCOREBOARD MATCH: awburst passthrough expected = 2, actual =2
[585000] SCOREBOARD MATCH: wdata size check expected = 5, actual =5
[585000] SCOREBOARD MATCH: wdata passthrough beat=0 expected = c1686e63a02a2b9e, actual =c1686e63a02a2b9e
[585000] SCOREBOARD MATCH: wdata passthrough beat=1 expected = d0bcccbedbfdccee, actual =d0bcccbedbfdccee
[585000] SCOREBOARD MATCH: wdata passthrough beat=2 expected = c9abe1f9a728773a, actual =c9abe1f9a728773a
[585000] SCOREBOARD MATCH: wdata passthrough beat=3 expected = c752a2d9d23fa978, actual =c752a2d9d23fa978
[585000] SCOREBOARD MATCH: wdata passthrough beat=4 expected = ae3d76668b14505c, actual =ae3d76668b14505c
[585000] SCOREBOARD MATCH: wstrb size check expected = 5, actual =5
[585000] SCOREBOARD MATCH: wstrb passthrough beat=0 expected = 97, actual =97
[585000] SCOREBOARD MATCH: wstrb passthrough beat=1 expected = 97, actual =97
[585000] SCOREBOARD MATCH: wstrb passthrough beat=2 expected = 60, actual =60
[585000] SCOREBOARD MATCH: wstrb passthrough beat=3 expected = f, actual =f
[585000] SCOREBOARD MATCH: wstrb passthrough beat=4 expected = 70, actual =70
[585000] SCOREBOARD MATCH: bresp passthrough expected = 0, actual =0
[585000] SCOREBOARD MATCH: response routed to correct master (write) expected = 1, actual =1
[585000] [SCOREBOARD-M] mst_id=1 s_id=1 awaddr=1dd2cab8 awid=0 awlen=4 awsize=7 awburst=2 wdata=[c1686e63a02a2b9e d0bcccbedbfdccee c9abe1f9a728773a c752a2d9d23fa978 ae3d76668b14505c ] wstrb=[97 97 60 f 70 ] bresp=0 bid=0
[585000] [SCOREBOARD-S] mst_id=1 s_id=1 awaddr=1dd2cab8 awid=0 awlen=4 awsize=7 awburst=2 wdata=[c1686e63a02a2b9e d0bcccbedbfdccee c9abe1f9a728773a c752a2d9d23fa978 ae3d76668b14505c ] wstrb=[97 97 60 f 70 ] bresp=0 bid=10000
[585000] SCOREBOARD: Transaction 4 received. pass=146 fail=0
[585000] ALL PASS. Total transactions: 4
[595000] SLAVE1 sent B resp, id=13
[595000] [SLAVE MONITOR] mst_id=1 s_id=1 awaddr=1e124bb8 awid=1101 awlen=0 awsize=0 awburst=0 wdata=[27bc1217f5dedb26 ] wstrb=[a3 ] bresp=0 bid=11101
[615000] MASTER 1 B_VALID_RDY Handshake
[615000] [MASTER MONITOR] mst_id=1 s_id=1 awaddr=1e124bb8 awid=1101 awlen=0 awsize=0 awburst=0 wdata=[27bc1217f5dedb26 ] wstrb=[a3 ] bresp=0 bid=1101
[615000] MASTER 1 RECEIVED BRESP. BRESP=0
[615000] [MASTER DRIVER] mst_id=1 s_id=0 awaddr=1e124bb8 awid=1101 awlen=0 awsize=0 awburst=0 wdata=[27bc1217f5dedb26 ] wstrb=[a3 ] bresp=0 bid=1101
[615000] SCOREBOARD MATCH: decode_err expected = 0, actual =0
[615000] SCOREBOARD MATCH: slave_id expected = 1, actual =1
[615000] SCOREBOARD MATCH: awaddr passthrough expected = 1e124bb8, actual =1e124bb8
[615000] SCOREBOARD MATCH: awlen passthrough expected = 0, actual =0
[615000] SCOREBOARD MATCH: awsize passthrough expected = 0, actual =0
[615000] SCOREBOARD MATCH: awburst passthrough expected = 0, actual =0
[615000] SCOREBOARD MATCH: wdata size check expected = 1, actual =1
[615000] SCOREBOARD MATCH: wdata passthrough beat=0 expected = 27bc1217f5dedb26, actual =27bc1217f5dedb26
[615000] SCOREBOARD MATCH: wstrb size check expected = 1, actual =1
[615000] SCOREBOARD MATCH: wstrb passthrough beat=0 expected = a3, actual =a3
[615000] SCOREBOARD MATCH: bresp passthrough expected = 0, actual =0
[615000] SCOREBOARD MATCH: response routed to correct master (write) expected = 1, actual =1
[615000] [SCOREBOARD-M] mst_id=1 s_id=1 awaddr=1e124bb8 awid=1101 awlen=0 awsize=0 awburst=0 wdata=[27bc1217f5dedb26 ] wstrb=[a3 ] bresp=0 bid=1101
[615000] [SCOREBOARD-S] mst_id=1 s_id=1 awaddr=1e124bb8 awid=1101 awlen=0 awsize=0 awburst=0 wdata=[27bc1217f5dedb26 ] wstrb=[a3 ] bresp=0 bid=11101
[615000] SCOREBOARD: Transaction 5 received. pass=158 fail=0
[615000] SCOREBOARD: Expected 5 transactions completed, PASS=158 FAIL=0
[615000] ALL PASS. Total transactions: 5
[615000] ALL TRANSACTIONS MONITORED
$finish called at time : 635 ns : File "/home/nashita/Desktop/practice/axi_xbar/tb/top/axi_tb_top.sv" Line 220
exit
INFO: xsimkernel Simulation Memory Usage: 289464 KB (Peak: 337864 KB), Simulation CPU Usage: 1170 ms
INFO: [Common 17-206] Exiting xsim at Thu Sep 10 18:47:19 2026...
