#-----------------------------------------------------------
# xsim v2025.2 (64-bit)
# SW Build 6299465 on Fri Nov 14 12:34:56 MST 2025
# IP Build 6300035 on Fri Nov 14 10:48:45 MST 2025
# SharedData Build 6298862 on Thu Nov 13 04:50:51 MST 2025
# Start of session at: Thu Sep 10 18:33:07 2026
# Process ID         : 3640703
# Current directory  : /home/nashita/Desktop/practice/axi_xbar/sim
# Command line       : xsim -log regress_results/BT_run293.log -mode tcl -source {xsim.dir/tb_top_snap/xsim_script.tcl}
# Log file           : /home/nashita/Desktop/practice/axi_xbar/sim/regress_results/BT_run293.log
# Journal file       : /home/nashita/Desktop/practice/axi_xbar/sim/xsim.jou
# Running On         : vlsi-vivado
# Platform           : Ubuntu
# Operating System   : Ubuntu 24.04.4 LTS
# Processor Detail   : Intel(R) Core(TM) i5-10400 CPU @ 2.90GHz
# CPU Frequency      : 800.000 MHz
# CPU Physical cores : 6
# CPU Logical cores  : 12
# Host memory        : 41875 MB
# Swap memory        : 27648 MB
# Total Virtual      : 69524 MB
# Available Virtual  : 62594 MB
#-----------------------------------------------------------
source xsim.dir/tb_top_snap/xsim_script.tcl
# xsim {tb_top_snap} -testplusarg BT -autoloadwcfg -runall -sv_seed 294
Time resolution is 1 ps
run -all
[0] RUNNING BASE TEST
[0] INSIDE THE BASE TEST CONSTRUCTOR
[0] ENV: before agent
[0] SLAVE CONSTRUCTED
[0] MASTER MONITOR CONSTRUCTED
[0] MASTER MONITOR CONSTRUCTED
[0] SLAVE MONITOR CONSTRUCTED
[0] SLAVE MONITOR CONSTRUCTED
[0] ARB MONITOR CONSTRUCTED
GENERATOR CONSTRUCTED
[0] ENV: after agent
[0] ENV: before scoreboard
[0] ENV: after scoreboard
[15000] [SEQUENCER] mst_id=1 s_id=0 awaddr=1fad1ae8 awid=111 awlen=40 awsize=2 awburst=1 wdata=[8aa2de2d00d6e180 e00cb4c027ecff25 f6e1ae2a9b933042 9c6a11c2f7382b5e 9f252a8381848c57 1d17bc9afc76c683 f3aef1e19606d8ad 178b6505b981ce5c b5f894df12d41c65 a8daf51234a3219f ee24effb29a786c1 3c7ba326c0665a17 f5097bb6241d84db cdc50b9ce5569838 25bcf250e32e6bb2 74bf08d0a40aec2 ef9746fa9ac66e06 fdf4d9b8d510fc29 df51aaeb9554394a 301aa7518540ca45 da51c66ecee8f1e5 e43d2b30ae0f8109 33504b4fb9a37159 88c633f1457d281 c267538a8da211bd c7458317ecc98e6f 12160f0f5b79ed9 359b097cfd1e656 3c9b74c5c388b47a 39405354ca9f33ae 1a711a043dbcd5b5 81458a2f3c9a03eb 7393799d70c8ec9 14c9647eba85dd83 f71fe16e21aa519d f8b6e066960eeead d094cc31fe591907 a0036aa40d8044e4 a38f3391c7b4ad9f c60dc6a798ba4b0a a63a8feef423ffc2 ] wstrb=[4b 62 80 56 9 42 44 54 a4 c4 aa ad 7 ef 2 ab b3 ac 59 ba 9b 5b 66 4f 7 bf 9 a3 1a 6f f2 21 2e fb c4 48 6b b6 6a 99 b2 ] bresp=0 bid=0
[15000] [SEQUENCER] mst_id=1 s_id=0 awaddr=1cb88648 awid=1110 awlen=27 awsize=3 awburst=1 wdata=[f0766732e49c185e f7c5883f159a244b a6797ab485d54d4d ea7165ac136cda7c 2906fec716efe1e7 9cc52f34e236edeb f5a3c867cf80797b e6705b62873694e0 e96d82cc9eaac72e ee2b40aa03358a97 8a6c1f77df114b33 fdbc1262d49b9c0c d7d126a3f3d9a243 d2eaed77ebe7530c c082ef18e23d461b d616e85ed0a6ffd9 3c8e52e5185415bc fa915bd7a901d5d5 f9a8d5aefd1141fd 956557b9d0a84435 f9aa1a0bb6372893 33486a918ff6b390 e09ef7c6f352efb9 298a184dc8adc24a d8a475dbda4911d1 cd9c018adcd282de a580452839436da1 138c7f72f72619d7 ] wstrb=[3 b5 fc a4 de d4 16 e1 89 13 86 67 e7 9c 49 70 af cf d8 96 6b 21 7 1b f0 df b1 5b ] bresp=0 bid=0
[15000] [SEQUENCER] mst_id=0 s_id=0 awaddr=e8ef658 awid=111 awlen=4 awsize=6 awburst=2 wdata=[311da08fda764116 90fec433c2288ecf 807d7e1d127547f7 eceb890df3792a93 b5a1b962b19b1eac ] wstrb=[40 a3 80 d3 b0 ] bresp=0 bid=0
[15000] [SEQUENCER] READ mst_id=1 s_id=0 araddr=1c67c9a8 arid=2 arlen=1 arsize=3 arburst=1 rid=[] rresp=[] rdata=[]
[15000] [SEQUENCER] READ mst_id=0 s_id=0 araddr=12cc7918 arid=1 arlen=1 arsize=3 arburst=1 rid=[] rresp=[] rdata=[]
[15000] MASTER_DRIVER1 received transaction, op=AXI_WRITE
[15000] MASTER_DRIVER0 received transaction, op=AXI_WRITE
[35000] MASTER 1 AW_VALID_RDY Handshake
[35000] MASTER 0 AW_VALID_RDY Handshake
[45000] ARB MONITOR: slave=0 m0_req=1 m1_req=0 winner=0
[45000] ARB MONITOR: slave=1 m0_req=0 m1_req=1 winner=1
[45000] AXI S1_AWVALID_RDY HANDSHAKE
[45000] AXI S0_AWVALID_RDY HANDSHAKE
[55000] MASTER 1 W_VALID_RDY Handshake beat=0 wlast=0
[55000] MASTER 0 W_VALID_RDY Handshake beat=0 wlast=0
[65000] MASTER 0 W_VALID_RDY Handshake beat=1 wlast=0
[65000] MASTER 1 W_VALID_RDY Handshake beat=1 wlast=0
[65000] S1 MEMORY WRITE beat=0 addr=1fad1ae8 data=8aa2de2d00d6e180 id=17
[65000] AXI S0_WVALID_RDY HANDSHAKE
[65000] S0 MEMORY WRITE beat=0 addr=0e8ef658 data=311da08fda764116 id=07
[75000] AXI S0_WVALID_RDY HANDSHAKE
[75000] S0 MEMORY WRITE beat=1 addr=0e8ef540 data=90fec433c2288ecf id=07
[75000] S1 MEMORY WRITE beat=1 addr=1fad1aec data=e00cb4c027ecff25 id=17
[75000] MASTER 1 W_VALID_RDY Handshake beat=2 wlast=0
[75000] MASTER 0 W_VALID_RDY Handshake beat=2 wlast=0
[85000] MASTER 0 W_VALID_RDY Handshake beat=3 wlast=0
[85000] MASTER 1 W_VALID_RDY Handshake beat=3 wlast=0
[85000] S1 MEMORY WRITE beat=2 addr=1fad1af0 data=f6e1ae2a9b933042 id=17
[85000] AXI S0_WVALID_RDY HANDSHAKE
[85000] S0 MEMORY WRITE beat=2 addr=0e8ef580 data=807d7e1d127547f7 id=07
[95000] AXI S0_WVALID_RDY HANDSHAKE
[95000] S0 MEMORY WRITE beat=3 addr=0e8ef5c0 data=eceb890df3792a93 id=07
[95000] S1 MEMORY WRITE beat=3 addr=1fad1af4 data=9c6a11c2f7382b5e id=17
[95000] MASTER 1 W_VALID_RDY Handshake beat=4 wlast=0
[95000] MASTER 0 W_VALID_RDY Handshake beat=4 wlast=1
[95000] MASTER_DRIVER0 received transaction, op=AXI_READ
[105000] MASTER 1 W_VALID_RDY Handshake beat=5 wlast=0
[105000] S1 MEMORY WRITE beat=4 addr=1fad1af8 data=9f252a8381848c57 id=17
[105000] AXI S0_WVALID_RDY HANDSHAKE
[105000] S0 MEMORY WRITE beat=4 addr=0e8ef600 data=b5a1b962b19b1eac id=07
[115000] SLAVE0 sent B resp, id=7
[115000] S1 MEMORY WRITE beat=5 addr=1fad1afc data=1d17bc9afc76c683 id=17
[115000] [SLAVE MONITOR] mst_id=0 s_id=0 awaddr=e8ef658 awid=111 awlen=4 awsize=6 awburst=2 wdata=[311da08fda764116 90fec433c2288ecf 807d7e1d127547f7 eceb890df3792a93 b5a1b962b19b1eac ] wstrb=[40 a3 80 d3 b0 ] bresp=0 bid=111
[115000] MASTER 1 W_VALID_RDY Handshake beat=6 wlast=0
[125000] MASTER 1 W_VALID_RDY Handshake beat=7 wlast=0
[125000] ARB MONITOR: slave=1 m0_req=1 m1_req=0 winner=0
[125000] AXI S0_ARVALID_RDY HANDSHAKE
[125000] MEMORY READ MISS beat=0 addr=12cc7918 -> default data id=1
[125000] S1 MEMORY WRITE beat=6 addr=1fad1b00 data=f3aef1e19606d8ad id=17
[135000] S1 MEMORY WRITE beat=7 addr=1fad1b04 data=178b6505b981ce5c id=17
[135000] MEMORY READ MISS beat=1 addr=12cc7920 -> default data id=1
[135000] SLAVE 1 R_VALID_RDY Handshake beat=0 rlast=0
[135000] MASTER 1 W_VALID_RDY Handshake beat=8 wlast=0
[135000] MASTER 0 B_VALID_RDY Handshake
[135000] [MASTER MONITOR] mst_id=0 s_id=0 awaddr=e8ef658 awid=111 awlen=4 awsize=6 awburst=2 wdata=[311da08fda764116 90fec433c2288ecf 807d7e1d127547f7 eceb890df3792a93 b5a1b962b19b1eac ] wstrb=[40 a3 80 d3 b0 ] bresp=0 bid=111
[135000] MASTER 0 RECEIVED BRESP. BRESP=0
[135000] [MASTER DRIVER] mst_id=0 s_id=0 awaddr=e8ef658 awid=111 awlen=4 awsize=6 awburst=2 wdata=[311da08fda764116 90fec433c2288ecf 807d7e1d127547f7 eceb890df3792a93 b5a1b962b19b1eac ] wstrb=[40 a3 80 d3 b0 ] bresp=0 bid=111
[135000] SCOREBOARD MATCH: decode_err expected = 0, actual =0
[135000] SCOREBOARD MATCH: slave_id expected = 0, actual =0
[135000] SCOREBOARD MATCH: awaddr passthrough expected = e8ef658, actual =e8ef658
[135000] SCOREBOARD MATCH: awlen passthrough expected = 4, actual =4
[135000] SCOREBOARD MATCH: awsize passthrough expected = 6, actual =6
[135000] SCOREBOARD MATCH: awburst passthrough expected = 2, actual =2
[135000] SCOREBOARD MATCH: wdata size check expected = 5, actual =5
[135000] SCOREBOARD MATCH: wdata passthrough beat=0 expected = 311da08fda764116, actual =311da08fda764116
[135000] SCOREBOARD MATCH: wdata passthrough beat=1 expected = 90fec433c2288ecf, actual =90fec433c2288ecf
[135000] SCOREBOARD MATCH: wdata passthrough beat=2 expected = 807d7e1d127547f7, actual =807d7e1d127547f7
[135000] SCOREBOARD MATCH: wdata passthrough beat=3 expected = eceb890df3792a93, actual =eceb890df3792a93
[135000] SCOREBOARD MATCH: wdata passthrough beat=4 expected = b5a1b962b19b1eac, actual =b5a1b962b19b1eac
[135000] SCOREBOARD MATCH: wstrb size check expected = 5, actual =5
[135000] SCOREBOARD MATCH: wstrb passthrough beat=0 expected = 40, actual =40
[135000] SCOREBOARD MATCH: wstrb passthrough beat=1 expected = a3, actual =a3
[135000] SCOREBOARD MATCH: wstrb passthrough beat=2 expected = 80, actual =80
[135000] SCOREBOARD MATCH: wstrb passthrough beat=3 expected = d3, actual =d3
[135000] SCOREBOARD MATCH: wstrb passthrough beat=4 expected = b0, actual =b0
[135000] SCOREBOARD MATCH: bresp passthrough expected = 0, actual =0
[135000] SCOREBOARD MATCH: response routed to correct master (write) expected = 0, actual =0
[135000] [SCOREBOARD-M] mst_id=0 s_id=0 awaddr=e8ef658 awid=111 awlen=4 awsize=6 awburst=2 wdata=[311da08fda764116 90fec433c2288ecf 807d7e1d127547f7 eceb890df3792a93 b5a1b962b19b1eac ] wstrb=[40 a3 80 d3 b0 ] bresp=0 bid=111
[135000] [SCOREBOARD-S] mst_id=0 s_id=0 awaddr=e8ef658 awid=111 awlen=4 awsize=6 awburst=2 wdata=[311da08fda764116 90fec433c2288ecf 807d7e1d127547f7 eceb890df3792a93 b5a1b962b19b1eac ] wstrb=[40 a3 80 d3 b0 ] bresp=0 bid=111
[135000] SCOREBOARD: Transaction 1 received. pass=20 fail=0
[135000] ALL PASS. Total transactions: 1
[145000] MASTER 1 W_VALID_RDY Handshake beat=9 wlast=0
[145000] SLAVE 1 R_VALID_RDY Handshake beat=1 rlast=1
[145000] [SLAVE MONITOR] READ mst_id=0 s_id=1 araddr=12cc7918 arid=1 arlen=1 arsize=3 arburst=1 rid=[11] rresp=[00] rdata=[baadf00d12345678baadf00d12345678]
[145000] S1 MEMORY WRITE beat=8 addr=1fad1b08 data=b5f894df12d41c65 id=17
[155000] S1 MEMORY WRITE beat=9 addr=1fad1b0c data=a8daf51234a3219f id=17
[155000] MASTER 1 W_VALID_RDY Handshake beat=10 wlast=0
[155000] MASTER 0 R_VALID_RDY Handshake beat=0 rlast=0
[165000] [MASTER DRIVER] READ mst_id=0 s_id=0 araddr=12cc7918 arid=1 arlen=1 arsize=3 arburst=1 rid=[11] rresp=[00] rdata=[baadf00d12345678baadf00d12345678]
[165000] MASTER 0 R_VALID_RDY Handshake beat=1 rlast=1
[165000] [MASTER MONITOR] READ mst_id=0 s_id=1 araddr=12cc7918 arid=1 arlen=1 arsize=3 arburst=1 rid=[11] rresp=[00] rdata=[baadf00d12345678baadf00d12345678]
[165000] MASTER 1 W_VALID_RDY Handshake beat=11 wlast=0
[165000] S1 MEMORY WRITE beat=10 addr=1fad1b10 data=ee24effb29a786c1 id=17
[165000] SCOREBOARD MATCH: decode_err expected = 0, actual =0
[165000] SCOREBOARD MATCH: slave_id expected = 1, actual =1
[165000] SCOREBOARD MATCH: araddr passthrough expected = 12cc7918, actual =12cc7918
[165000] SCOREBOARD MATCH: arlen passthrough expected = 1, actual =1
[165000] SCOREBOARD MATCH: arsize passthrough expected = 3, actual =3
[165000] SCOREBOARD MATCH: arburst passthrough expected = 1, actual =1
[165000] SCOREBOARD MATCH: rdata size check expected = 2, actual =2
[165000] SCOREBOARD MATCH: rdata passthrough beat=0 expected = baadf00d12345678, actual =baadf00d12345678
[165000] SCOREBOARD MATCH: rdata passthrough beat=1 expected = baadf00d12345678, actual =baadf00d12345678
[165000] SCOREBOARD MATCH: rresp size check expected = 2, actual =2
[165000] SCOREBOARD MATCH: rresp passthrough beat=0 expected = 0, actual =0
[165000] SCOREBOARD MATCH: rresp passthrough beat=1 expected = 0, actual =0
[165000] SCOREBOARD MATCH: response routed to correct master (read beat 0) expected = 0, actual =0
[165000] SCOREBOARD MATCH: response routed to correct master (read beat 1) expected = 0, actual =0
[165000] [SCOREBOARD-M] READ mst_id=0 s_id=1 araddr=12cc7918 arid=1 arlen=1 arsize=3 arburst=1 rid=[11] rresp=[00] rdata=[baadf00d12345678baadf00d12345678]
[165000] [SCOREBOARD-S] READ mst_id=0 s_id=1 araddr=12cc7918 arid=1 arlen=1 arsize=3 arburst=1 rid=[11] rresp=[00] rdata=[baadf00d12345678baadf00d12345678]
[165000] SCOREBOARD: Transaction 2 received. pass=34 fail=0
[165000] ALL PASS. Total transactions: 2
[175000] S1 MEMORY WRITE beat=11 addr=1fad1b14 data=3c7ba326c0665a17 id=17
[175000] MASTER 1 W_VALID_RDY Handshake beat=12 wlast=0
[185000] MASTER 1 W_VALID_RDY Handshake beat=13 wlast=0
[185000] S1 MEMORY WRITE beat=12 addr=1fad1b18 data=f5097bb6241d84db id=17
[195000] S1 MEMORY WRITE beat=13 addr=1fad1b1c data=cdc50b9ce5569838 id=17
[195000] MASTER 1 W_VALID_RDY Handshake beat=14 wlast=0
[205000] MASTER 1 W_VALID_RDY Handshake beat=15 wlast=0
[205000] S1 MEMORY WRITE beat=14 addr=1fad1b20 data=25bcf250e32e6bb2 id=17
[215000] S1 MEMORY WRITE beat=15 addr=1fad1b24 data=074bf08d0a40aec2 id=17
[215000] MASTER 1 W_VALID_RDY Handshake beat=16 wlast=0
[225000] MASTER 1 W_VALID_RDY Handshake beat=17 wlast=0
[225000] S1 MEMORY WRITE beat=16 addr=1fad1b28 data=ef9746fa9ac66e06 id=17
[235000] S1 MEMORY WRITE beat=17 addr=1fad1b2c data=fdf4d9b8d510fc29 id=17
[235000] MASTER 1 W_VALID_RDY Handshake beat=18 wlast=0
[245000] MASTER 1 W_VALID_RDY Handshake beat=19 wlast=0
[245000] S1 MEMORY WRITE beat=18 addr=1fad1b30 data=df51aaeb9554394a id=17
[255000] S1 MEMORY WRITE beat=19 addr=1fad1b34 data=301aa7518540ca45 id=17
[255000] MASTER 1 W_VALID_RDY Handshake beat=20 wlast=0
[265000] MASTER 1 W_VALID_RDY Handshake beat=21 wlast=0
[265000] S1 MEMORY WRITE beat=20 addr=1fad1b38 data=da51c66ecee8f1e5 id=17
[275000] S1 MEMORY WRITE beat=21 addr=1fad1b3c data=e43d2b30ae0f8109 id=17
[275000] MASTER 1 W_VALID_RDY Handshake beat=22 wlast=0
[285000] MASTER 1 W_VALID_RDY Handshake beat=23 wlast=0
[285000] S1 MEMORY WRITE beat=22 addr=1fad1b40 data=33504b4fb9a37159 id=17
[295000] S1 MEMORY WRITE beat=23 addr=1fad1b44 data=088c633f1457d281 id=17
[295000] MASTER 1 W_VALID_RDY Handshake beat=24 wlast=0
[305000] MASTER 1 W_VALID_RDY Handshake beat=25 wlast=0
[305000] S1 MEMORY WRITE beat=24 addr=1fad1b48 data=c267538a8da211bd id=17
[315000] S1 MEMORY WRITE beat=25 addr=1fad1b4c data=c7458317ecc98e6f id=17
[315000] MASTER 1 W_VALID_RDY Handshake beat=26 wlast=0
[325000] MASTER 1 W_VALID_RDY Handshake beat=27 wlast=0
[325000] S1 MEMORY WRITE beat=26 addr=1fad1b50 data=012160f0f5b79ed9 id=17
[335000] S1 MEMORY WRITE beat=27 addr=1fad1b54 data=0359b097cfd1e656 id=17
[335000] MASTER 1 W_VALID_RDY Handshake beat=28 wlast=0
[345000] MASTER 1 W_VALID_RDY Handshake beat=29 wlast=0
[345000] S1 MEMORY WRITE beat=28 addr=1fad1b58 data=3c9b74c5c388b47a id=17
[355000] S1 MEMORY WRITE beat=29 addr=1fad1b5c data=39405354ca9f33ae id=17
[355000] MASTER 1 W_VALID_RDY Handshake beat=30 wlast=0
[365000] MASTER 1 W_VALID_RDY Handshake beat=31 wlast=0
[365000] S1 MEMORY WRITE beat=30 addr=1fad1b60 data=1a711a043dbcd5b5 id=17
[375000] S1 MEMORY WRITE beat=31 addr=1fad1b64 data=81458a2f3c9a03eb id=17
[375000] MASTER 1 W_VALID_RDY Handshake beat=32 wlast=0
[385000] MASTER 1 W_VALID_RDY Handshake beat=33 wlast=0
[385000] S1 MEMORY WRITE beat=32 addr=1fad1b68 data=07393799d70c8ec9 id=17
[395000] S1 MEMORY WRITE beat=33 addr=1fad1b6c data=14c9647eba85dd83 id=17
[395000] MASTER 1 W_VALID_RDY Handshake beat=34 wlast=0
[405000] MASTER 1 W_VALID_RDY Handshake beat=35 wlast=0
[405000] S1 MEMORY WRITE beat=34 addr=1fad1b70 data=f71fe16e21aa519d id=17
[415000] S1 MEMORY WRITE beat=35 addr=1fad1b74 data=f8b6e066960eeead id=17
[415000] MASTER 1 W_VALID_RDY Handshake beat=36 wlast=0
[425000] MASTER 1 W_VALID_RDY Handshake beat=37 wlast=0
[425000] S1 MEMORY WRITE beat=36 addr=1fad1b78 data=d094cc31fe591907 id=17
[435000] S1 MEMORY WRITE beat=37 addr=1fad1b7c data=a0036aa40d8044e4 id=17
[435000] MASTER 1 W_VALID_RDY Handshake beat=38 wlast=0
[445000] MASTER 1 W_VALID_RDY Handshake beat=39 wlast=0
[445000] S1 MEMORY WRITE beat=38 addr=1fad1b80 data=a38f3391c7b4ad9f id=17
[455000] S1 MEMORY WRITE beat=39 addr=1fad1b84 data=c60dc6a798ba4b0a id=17
[455000] MASTER 1 W_VALID_RDY Handshake beat=40 wlast=1
[455000] MASTER_DRIVER1 received transaction, op=AXI_WRITE
[465000] S1 MEMORY WRITE beat=40 addr=1fad1b88 data=a63a8feef423ffc2 id=17
[475000] SLAVE1 sent B resp, id=7
[475000] [SLAVE MONITOR] mst_id=1 s_id=1 awaddr=1fad1ae8 awid=111 awlen=40 awsize=2 awburst=1 wdata=[8aa2de2d00d6e180 e00cb4c027ecff25 f6e1ae2a9b933042 9c6a11c2f7382b5e 9f252a8381848c57 1d17bc9afc76c683 f3aef1e19606d8ad 178b6505b981ce5c b5f894df12d41c65 a8daf51234a3219f ee24effb29a786c1 3c7ba326c0665a17 f5097bb6241d84db cdc50b9ce5569838 25bcf250e32e6bb2 74bf08d0a40aec2 ef9746fa9ac66e06 fdf4d9b8d510fc29 df51aaeb9554394a 301aa7518540ca45 da51c66ecee8f1e5 e43d2b30ae0f8109 33504b4fb9a37159 88c633f1457d281 c267538a8da211bd c7458317ecc98e6f 12160f0f5b79ed9 359b097cfd1e656 3c9b74c5c388b47a 39405354ca9f33ae 1a711a043dbcd5b5 81458a2f3c9a03eb 7393799d70c8ec9 14c9647eba85dd83 f71fe16e21aa519d f8b6e066960eeead d094cc31fe591907 a0036aa40d8044e4 a38f3391c7b4ad9f c60dc6a798ba4b0a a63a8feef423ffc2 ] wstrb=[4b 62 80 56 9 42 44 54 a4 c4 aa ad 7 ef 2 ab b3 ac 59 ba 9b 5b 66 4f 7 bf 9 a3 1a 6f f2 21 2e fb c4 48 6b b6 6a 99 b2 ] bresp=0 bid=10111
[475000] MASTER 1 AW_VALID_RDY Handshake
[485000] ARB MONITOR: slave=1 m0_req=0 m1_req=1 winner=1
[485000] AXI S1_AWVALID_RDY HANDSHAKE
[495000] MASTER 1 W_VALID_RDY Handshake beat=0 wlast=0
[495000] MASTER 1 B_VALID_RDY Handshake
[495000] [MASTER MONITOR] mst_id=1 s_id=1 awaddr=1fad1ae8 awid=111 awlen=40 awsize=2 awburst=1 wdata=[8aa2de2d00d6e180 e00cb4c027ecff25 f6e1ae2a9b933042 9c6a11c2f7382b5e 9f252a8381848c57 1d17bc9afc76c683 f3aef1e19606d8ad 178b6505b981ce5c b5f894df12d41c65 a8daf51234a3219f ee24effb29a786c1 3c7ba326c0665a17 f5097bb6241d84db cdc50b9ce5569838 25bcf250e32e6bb2 74bf08d0a40aec2 ef9746fa9ac66e06 fdf4d9b8d510fc29 df51aaeb9554394a 301aa7518540ca45 da51c66ecee8f1e5 e43d2b30ae0f8109 33504b4fb9a37159 88c633f1457d281 c267538a8da211bd c7458317ecc98e6f 12160f0f5b79ed9 359b097cfd1e656 3c9b74c5c388b47a 39405354ca9f33ae 1a711a043dbcd5b5 81458a2f3c9a03eb 7393799d70c8ec9 14c9647eba85dd83 f71fe16e21aa519d f8b6e066960eeead d094cc31fe591907 a0036aa40d8044e4 a38f3391c7b4ad9f c60dc6a798ba4b0a a63a8feef423ffc2 ] wstrb=[4b 62 80 56 9 42 44 54 a4 c4 aa ad 7 ef 2 ab b3 ac 59 ba 9b 5b 66 4f 7 bf 9 a3 1a 6f f2 21 2e fb c4 48 6b b6 6a 99 b2 ] bresp=0 bid=111
[495000] MASTER 1 RECEIVED BRESP. BRESP=0
[495000] [MASTER DRIVER] mst_id=1 s_id=0 awaddr=1fad1ae8 awid=111 awlen=40 awsize=2 awburst=1 wdata=[8aa2de2d00d6e180 e00cb4c027ecff25 f6e1ae2a9b933042 9c6a11c2f7382b5e 9f252a8381848c57 1d17bc9afc76c683 f3aef1e19606d8ad 178b6505b981ce5c b5f894df12d41c65 a8daf51234a3219f ee24effb29a786c1 3c7ba326c0665a17 f5097bb6241d84db cdc50b9ce5569838 25bcf250e32e6bb2 74bf08d0a40aec2 ef9746fa9ac66e06 fdf4d9b8d510fc29 df51aaeb9554394a 301aa7518540ca45 da51c66ecee8f1e5 e43d2b30ae0f8109 33504b4fb9a37159 88c633f1457d281 c267538a8da211bd c7458317ecc98e6f 12160f0f5b79ed9 359b097cfd1e656 3c9b74c5c388b47a 39405354ca9f33ae 1a711a043dbcd5b5 81458a2f3c9a03eb 7393799d70c8ec9 14c9647eba85dd83 f71fe16e21aa519d f8b6e066960eeead d094cc31fe591907 a0036aa40d8044e4 a38f3391c7b4ad9f c60dc6a798ba4b0a a63a8feef423ffc2 ] wstrb=[4b 62 80 56 9 42 44 54 a4 c4 aa ad 7 ef 2 ab b3 ac 59 ba 9b 5b 66 4f 7 bf 9 a3 1a 6f f2 21 2e fb c4 48 6b b6 6a 99 b2 ] bresp=0 bid=111
[495000] SCOREBOARD MATCH: decode_err expected = 0, actual =0
[495000] SCOREBOARD MATCH: slave_id expected = 1, actual =1
[495000] SCOREBOARD MATCH: awaddr passthrough expected = 1fad1ae8, actual =1fad1ae8
[495000] SCOREBOARD MATCH: awlen passthrough expected = 40, actual =40
[495000] SCOREBOARD MATCH: awsize passthrough expected = 2, actual =2
[495000] SCOREBOARD MATCH: awburst passthrough expected = 1, actual =1
[495000] SCOREBOARD MATCH: wdata size check expected = 29, actual =29
[495000] SCOREBOARD MATCH: wdata passthrough beat=0 expected = 8aa2de2d00d6e180, actual =8aa2de2d00d6e180
[495000] SCOREBOARD MATCH: wdata passthrough beat=1 expected = e00cb4c027ecff25, actual =e00cb4c027ecff25
[495000] SCOREBOARD MATCH: wdata passthrough beat=2 expected = f6e1ae2a9b933042, actual =f6e1ae2a9b933042
[495000] SCOREBOARD MATCH: wdata passthrough beat=3 expected = 9c6a11c2f7382b5e, actual =9c6a11c2f7382b5e
[495000] SCOREBOARD MATCH: wdata passthrough beat=4 expected = 9f252a8381848c57, actual =9f252a8381848c57
[495000] SCOREBOARD MATCH: wdata passthrough beat=5 expected = 1d17bc9afc76c683, actual =1d17bc9afc76c683
[495000] SCOREBOARD MATCH: wdata passthrough beat=6 expected = f3aef1e19606d8ad, actual =f3aef1e19606d8ad
[495000] SCOREBOARD MATCH: wdata passthrough beat=7 expected = 178b6505b981ce5c, actual =178b6505b981ce5c
[495000] SCOREBOARD MATCH: wdata passthrough beat=8 expected = b5f894df12d41c65, actual =b5f894df12d41c65
[495000] SCOREBOARD MATCH: wdata passthrough beat=9 expected = a8daf51234a3219f, actual =a8daf51234a3219f
[495000] SCOREBOARD MATCH: wdata passthrough beat=10 expected = ee24effb29a786c1, actual =ee24effb29a786c1
[495000] SCOREBOARD MATCH: wdata passthrough beat=11 expected = 3c7ba326c0665a17, actual =3c7ba326c0665a17
[495000] SCOREBOARD MATCH: wdata passthrough beat=12 expected = f5097bb6241d84db, actual =f5097bb6241d84db
[495000] SCOREBOARD MATCH: wdata passthrough beat=13 expected = cdc50b9ce5569838, actual =cdc50b9ce5569838
[495000] SCOREBOARD MATCH: wdata passthrough beat=14 expected = 25bcf250e32e6bb2, actual =25bcf250e32e6bb2
[495000] SCOREBOARD MATCH: wdata passthrough beat=15 expected = 74bf08d0a40aec2, actual =74bf08d0a40aec2
[495000] SCOREBOARD MATCH: wdata passthrough beat=16 expected = ef9746fa9ac66e06, actual =ef9746fa9ac66e06
[495000] SCOREBOARD MATCH: wdata passthrough beat=17 expected = fdf4d9b8d510fc29, actual =fdf4d9b8d510fc29
[495000] SCOREBOARD MATCH: wdata passthrough beat=18 expected = df51aaeb9554394a, actual =df51aaeb9554394a
[495000] SCOREBOARD MATCH: wdata passthrough beat=19 expected = 301aa7518540ca45, actual =301aa7518540ca45
[495000] SCOREBOARD MATCH: wdata passthrough beat=20 expected = da51c66ecee8f1e5, actual =da51c66ecee8f1e5
[495000] SCOREBOARD MATCH: wdata passthrough beat=21 expected = e43d2b30ae0f8109, actual =e43d2b30ae0f8109
[495000] SCOREBOARD MATCH: wdata passthrough beat=22 expected = 33504b4fb9a37159, actual =33504b4fb9a37159
[495000] SCOREBOARD MATCH: wdata passthrough beat=23 expected = 88c633f1457d281, actual =88c633f1457d281
[495000] SCOREBOARD MATCH: wdata passthrough beat=24 expected = c267538a8da211bd, actual =c267538a8da211bd
[495000] SCOREBOARD MATCH: wdata passthrough beat=25 expected = c7458317ecc98e6f, actual =c7458317ecc98e6f
[495000] SCOREBOARD MATCH: wdata passthrough beat=26 expected = 12160f0f5b79ed9, actual =12160f0f5b79ed9
[495000] SCOREBOARD MATCH: wdata passthrough beat=27 expected = 359b097cfd1e656, actual =359b097cfd1e656
[495000] SCOREBOARD MATCH: wdata passthrough beat=28 expected = 3c9b74c5c388b47a, actual =3c9b74c5c388b47a
[495000] SCOREBOARD MATCH: wdata passthrough beat=29 expected = 39405354ca9f33ae, actual =39405354ca9f33ae
[495000] SCOREBOARD MATCH: wdata passthrough beat=30 expected = 1a711a043dbcd5b5, actual =1a711a043dbcd5b5
[495000] SCOREBOARD MATCH: wdata passthrough beat=31 expected = 81458a2f3c9a03eb, actual =81458a2f3c9a03eb
[495000] SCOREBOARD MATCH: wdata passthrough beat=32 expected = 7393799d70c8ec9, actual =7393799d70c8ec9
[495000] SCOREBOARD MATCH: wdata passthrough beat=33 expected = 14c9647eba85dd83, actual =14c9647eba85dd83
[495000] SCOREBOARD MATCH: wdata passthrough beat=34 expected = f71fe16e21aa519d, actual =f71fe16e21aa519d
[495000] SCOREBOARD MATCH: wdata passthrough beat=35 expected = f8b6e066960eeead, actual =f8b6e066960eeead
[495000] SCOREBOARD MATCH: wdata passthrough beat=36 expected = d094cc31fe591907, actual =d094cc31fe591907
[495000] SCOREBOARD MATCH: wdata passthrough beat=37 expected = a0036aa40d8044e4, actual =a0036aa40d8044e4
[495000] SCOREBOARD MATCH: wdata passthrough beat=38 expected = a38f3391c7b4ad9f, actual =a38f3391c7b4ad9f
[495000] SCOREBOARD MATCH: wdata passthrough beat=39 expected = c60dc6a798ba4b0a, actual =c60dc6a798ba4b0a
[495000] SCOREBOARD MATCH: wdata passthrough beat=40 expected = a63a8feef423ffc2, actual =a63a8feef423ffc2
[495000] SCOREBOARD MATCH: wstrb size check expected = 29, actual =29
[495000] SCOREBOARD MATCH: wstrb passthrough beat=0 expected = 4b, actual =4b
[495000] SCOREBOARD MATCH: wstrb passthrough beat=1 expected = 62, actual =62
[495000] SCOREBOARD MATCH: wstrb passthrough beat=2 expected = 80, actual =80
[495000] SCOREBOARD MATCH: wstrb passthrough beat=3 expected = 56, actual =56
[495000] SCOREBOARD MATCH: wstrb passthrough beat=4 expected = 9, actual =9
[495000] SCOREBOARD MATCH: wstrb passthrough beat=5 expected = 42, actual =42
[495000] SCOREBOARD MATCH: wstrb passthrough beat=6 expected = 44, actual =44
[495000] SCOREBOARD MATCH: wstrb passthrough beat=7 expected = 54, actual =54
[495000] SCOREBOARD MATCH: wstrb passthrough beat=8 expected = a4, actual =a4
[495000] SCOREBOARD MATCH: wstrb passthrough beat=9 expected = c4, actual =c4
[495000] SCOREBOARD MATCH: wstrb passthrough beat=10 expected = aa, actual =aa
[495000] SCOREBOARD MATCH: wstrb passthrough beat=11 expected = ad, actual =ad
[495000] SCOREBOARD MATCH: wstrb passthrough beat=12 expected = 7, actual =7
[495000] SCOREBOARD MATCH: wstrb passthrough beat=13 expected = ef, actual =ef
[495000] SCOREBOARD MATCH: wstrb passthrough beat=14 expected = 2, actual =2
[495000] SCOREBOARD MATCH: wstrb passthrough beat=15 expected = ab, actual =ab
[495000] SCOREBOARD MATCH: wstrb passthrough beat=16 expected = b3, actual =b3
[495000] SCOREBOARD MATCH: wstrb passthrough beat=17 expected = ac, actual =ac
[495000] SCOREBOARD MATCH: wstrb passthrough beat=18 expected = 59, actual =59
[495000] SCOREBOARD MATCH: wstrb passthrough beat=19 expected = ba, actual =ba
[495000] SCOREBOARD MATCH: wstrb passthrough beat=20 expected = 9b, actual =9b
[495000] SCOREBOARD MATCH: wstrb passthrough beat=21 expected = 5b, actual =5b
[495000] SCOREBOARD MATCH: wstrb passthrough beat=22 expected = 66, actual =66
[495000] SCOREBOARD MATCH: wstrb passthrough beat=23 expected = 4f, actual =4f
[495000] SCOREBOARD MATCH: wstrb passthrough beat=24 expected = 7, actual =7
[495000] SCOREBOARD MATCH: wstrb passthrough beat=25 expected = bf, actual =bf
[495000] SCOREBOARD MATCH: wstrb passthrough beat=26 expected = 9, actual =9
[495000] SCOREBOARD MATCH: wstrb passthrough beat=27 expected = a3, actual =a3
[495000] SCOREBOARD MATCH: wstrb passthrough beat=28 expected = 1a, actual =1a
[495000] SCOREBOARD MATCH: wstrb passthrough beat=29 expected = 6f, actual =6f
[495000] SCOREBOARD MATCH: wstrb passthrough beat=30 expected = f2, actual =f2
[495000] SCOREBOARD MATCH: wstrb passthrough beat=31 expected = 21, actual =21
[495000] SCOREBOARD MATCH: wstrb passthrough beat=32 expected = 2e, actual =2e
[495000] SCOREBOARD MATCH: wstrb passthrough beat=33 expected = fb, actual =fb
[495000] SCOREBOARD MATCH: wstrb passthrough beat=34 expected = c4, actual =c4
[495000] SCOREBOARD MATCH: wstrb passthrough beat=35 expected = 48, actual =48
[495000] SCOREBOARD MATCH: wstrb passthrough beat=36 expected = 6b, actual =6b
[495000] SCOREBOARD MATCH: wstrb passthrough beat=37 expected = b6, actual =b6
[495000] SCOREBOARD MATCH: wstrb passthrough beat=38 expected = 6a, actual =6a
[495000] SCOREBOARD MATCH: wstrb passthrough beat=39 expected = 99, actual =99
[495000] SCOREBOARD MATCH: wstrb passthrough beat=40 expected = b2, actual =b2
[495000] SCOREBOARD MATCH: bresp passthrough expected = 0, actual =0
[495000] SCOREBOARD MATCH: response routed to correct master (write) expected = 1, actual =1
[495000] [SCOREBOARD-M] mst_id=1 s_id=1 awaddr=1fad1ae8 awid=111 awlen=40 awsize=2 awburst=1 wdata=[8aa2de2d00d6e180 e00cb4c027ecff25 f6e1ae2a9b933042 9c6a11c2f7382b5e 9f252a8381848c57 1d17bc9afc76c683 f3aef1e19606d8ad 178b6505b981ce5c b5f894df12d41c65 a8daf51234a3219f ee24effb29a786c1 3c7ba326c0665a17 f5097bb6241d84db cdc50b9ce5569838 25bcf250e32e6bb2 74bf08d0a40aec2 ef9746fa9ac66e06 fdf4d9b8d510fc29 df51aaeb9554394a 301aa7518540ca45 da51c66ecee8f1e5 e43d2b30ae0f8109 33504b4fb9a37159 88c633f1457d281 c267538a8da211bd c7458317ecc98e6f 12160f0f5b79ed9 359b097cfd1e656 3c9b74c5c388b47a 39405354ca9f33ae 1a711a043dbcd5b5 81458a2f3c9a03eb 7393799d70c8ec9 14c9647eba85dd83 f71fe16e21aa519d f8b6e066960eeead d094cc31fe591907 a0036aa40d8044e4 a38f3391c7b4ad9f c60dc6a798ba4b0a a63a8feef423ffc2 ] wstrb=[4b 62 80 56 9 42 44 54 a4 c4 aa ad 7 ef 2 ab b3 ac 59 ba 9b 5b 66 4f 7 bf 9 a3 1a 6f f2 21 2e fb c4 48 6b b6 6a 99 b2 ] bresp=0 bid=111
[495000] [SCOREBOARD-S] mst_id=1 s_id=1 awaddr=1fad1ae8 awid=111 awlen=40 awsize=2 awburst=1 wdata=[8aa2de2d00d6e180 e00cb4c027ecff25 f6e1ae2a9b933042 9c6a11c2f7382b5e 9f252a8381848c57 1d17bc9afc76c683 f3aef1e19606d8ad 178b6505b981ce5c b5f894df12d41c65 a8daf51234a3219f ee24effb29a786c1 3c7ba326c0665a17 f5097bb6241d84db cdc50b9ce5569838 25bcf250e32e6bb2 74bf08d0a40aec2 ef9746fa9ac66e06 fdf4d9b8d510fc29 df51aaeb9554394a 301aa7518540ca45 da51c66ecee8f1e5 e43d2b30ae0f8109 33504b4fb9a37159 88c633f1457d281 c267538a8da211bd c7458317ecc98e6f 12160f0f5b79ed9 359b097cfd1e656 3c9b74c5c388b47a 39405354ca9f33ae 1a711a043dbcd5b5 81458a2f3c9a03eb 7393799d70c8ec9 14c9647eba85dd83 f71fe16e21aa519d f8b6e066960eeead d094cc31fe591907 a0036aa40d8044e4 a38f3391c7b4ad9f c60dc6a798ba4b0a a63a8feef423ffc2 ] wstrb=[4b 62 80 56 9 42 44 54 a4 c4 aa ad 7 ef 2 ab b3 ac 59 ba 9b 5b 66 4f 7 bf 9 a3 1a 6f f2 21 2e fb c4 48 6b b6 6a 99 b2 ] bresp=0 bid=10111
[495000] SCOREBOARD: Transaction 3 received. pass=126 fail=0
[495000] ALL PASS. Total transactions: 3
[505000] MASTER 1 W_VALID_RDY Handshake beat=1 wlast=0
[505000] S1 MEMORY WRITE beat=0 addr=1cb88648 data=f0766732e49c185e id=1e
[515000] S1 MEMORY WRITE beat=1 addr=1cb88650 data=f7c5883f159a244b id=1e
[515000] MASTER 1 W_VALID_RDY Handshake beat=2 wlast=0
[525000] MASTER 1 W_VALID_RDY Handshake beat=3 wlast=0
[525000] S1 MEMORY WRITE beat=2 addr=1cb88658 data=a6797ab485d54d4d id=1e
[535000] S1 MEMORY WRITE beat=3 addr=1cb88660 data=ea7165ac136cda7c id=1e
[535000] MASTER 1 W_VALID_RDY Handshake beat=4 wlast=0
[545000] MASTER 1 W_VALID_RDY Handshake beat=5 wlast=0
[545000] S1 MEMORY WRITE beat=4 addr=1cb88668 data=2906fec716efe1e7 id=1e
[555000] S1 MEMORY WRITE beat=5 addr=1cb88670 data=9cc52f34e236edeb id=1e
[555000] MASTER 1 W_VALID_RDY Handshake beat=6 wlast=0
[565000] MASTER 1 W_VALID_RDY Handshake beat=7 wlast=0
[565000] S1 MEMORY WRITE beat=6 addr=1cb88678 data=f5a3c867cf80797b id=1e
[575000] S1 MEMORY WRITE beat=7 addr=1cb88680 data=e6705b62873694e0 id=1e
[575000] MASTER 1 W_VALID_RDY Handshake beat=8 wlast=0
[585000] MASTER 1 W_VALID_RDY Handshake beat=9 wlast=0
[585000] S1 MEMORY WRITE beat=8 addr=1cb88688 data=e96d82cc9eaac72e id=1e
[595000] S1 MEMORY WRITE beat=9 addr=1cb88690 data=ee2b40aa03358a97 id=1e
[595000] MASTER 1 W_VALID_RDY Handshake beat=10 wlast=0
[605000] MASTER 1 W_VALID_RDY Handshake beat=11 wlast=0
[605000] S1 MEMORY WRITE beat=10 addr=1cb88698 data=8a6c1f77df114b33 id=1e
[615000] S1 MEMORY WRITE beat=11 addr=1cb886a0 data=fdbc1262d49b9c0c id=1e
[615000] MASTER 1 W_VALID_RDY Handshake beat=12 wlast=0
[625000] MASTER 1 W_VALID_RDY Handshake beat=13 wlast=0
[625000] S1 MEMORY WRITE beat=12 addr=1cb886a8 data=d7d126a3f3d9a243 id=1e
[635000] S1 MEMORY WRITE beat=13 addr=1cb886b0 data=d2eaed77ebe7530c id=1e
[635000] MASTER 1 W_VALID_RDY Handshake beat=14 wlast=0
[645000] MASTER 1 W_VALID_RDY Handshake beat=15 wlast=0
[645000] S1 MEMORY WRITE beat=14 addr=1cb886b8 data=c082ef18e23d461b id=1e
[655000] S1 MEMORY WRITE beat=15 addr=1cb886c0 data=d616e85ed0a6ffd9 id=1e
[655000] MASTER 1 W_VALID_RDY Handshake beat=16 wlast=0
[665000] MASTER 1 W_VALID_RDY Handshake beat=17 wlast=0
[665000] S1 MEMORY WRITE beat=16 addr=1cb886c8 data=3c8e52e5185415bc id=1e
[675000] S1 MEMORY WRITE beat=17 addr=1cb886d0 data=fa915bd7a901d5d5 id=1e
[675000] MASTER 1 W_VALID_RDY Handshake beat=18 wlast=0
[685000] MASTER 1 W_VALID_RDY Handshake beat=19 wlast=0
[685000] S1 MEMORY WRITE beat=18 addr=1cb886d8 data=f9a8d5aefd1141fd id=1e
[695000] S1 MEMORY WRITE beat=19 addr=1cb886e0 data=956557b9d0a84435 id=1e
[695000] MASTER 1 W_VALID_RDY Handshake beat=20 wlast=0
[705000] MASTER 1 W_VALID_RDY Handshake beat=21 wlast=0
[705000] S1 MEMORY WRITE beat=20 addr=1cb886e8 data=f9aa1a0bb6372893 id=1e
[715000] S1 MEMORY WRITE beat=21 addr=1cb886f0 data=33486a918ff6b390 id=1e
[715000] MASTER 1 W_VALID_RDY Handshake beat=22 wlast=0
[725000] MASTER 1 W_VALID_RDY Handshake beat=23 wlast=0
[725000] S1 MEMORY WRITE beat=22 addr=1cb886f8 data=e09ef7c6f352efb9 id=1e
[735000] S1 MEMORY WRITE beat=23 addr=1cb88700 data=298a184dc8adc24a id=1e
[735000] MASTER 1 W_VALID_RDY Handshake beat=24 wlast=0
[745000] MASTER 1 W_VALID_RDY Handshake beat=25 wlast=0
[745000] S1 MEMORY WRITE beat=24 addr=1cb88708 data=d8a475dbda4911d1 id=1e
[755000] S1 MEMORY WRITE beat=25 addr=1cb88710 data=cd9c018adcd282de id=1e
[755000] MASTER 1 W_VALID_RDY Handshake beat=26 wlast=0
[765000] MASTER_DRIVER1 received transaction, op=AXI_READ
[765000] MASTER 1 W_VALID_RDY Handshake beat=27 wlast=1
[765000] S1 MEMORY WRITE beat=26 addr=1cb88718 data=a580452839436da1 id=1e
[775000] S1 MEMORY WRITE beat=27 addr=1cb88720 data=138c7f72f72619d7 id=1e
[785000] SLAVE1 sent B resp, id=14
[795000] AXI S0_ARVALID_RDY HANDSHAKE
[795000] MEMORY READ MISS beat=0 addr=1c67c9a8 -> default data id=18
[795000] [SLAVE MONITOR] mst_id=1 s_id=1 awaddr=1cb88648 awid=1110 awlen=27 awsize=3 awburst=1 wdata=[f0766732e49c185e f7c5883f159a244b a6797ab485d54d4d ea7165ac136cda7c 2906fec716efe1e7 9cc52f34e236edeb f5a3c867cf80797b e6705b62873694e0 e96d82cc9eaac72e ee2b40aa03358a97 8a6c1f77df114b33 fdbc1262d49b9c0c d7d126a3f3d9a243 d2eaed77ebe7530c c082ef18e23d461b d616e85ed0a6ffd9 3c8e52e5185415bc fa915bd7a901d5d5 f9a8d5aefd1141fd 956557b9d0a84435 f9aa1a0bb6372893 33486a918ff6b390 e09ef7c6f352efb9 298a184dc8adc24a d8a475dbda4911d1 cd9c018adcd282de a580452839436da1 138c7f72f72619d7 ] wstrb=[3 b5 fc a4 de d4 16 e1 89 13 86 67 e7 9c 49 70 af cf d8 96 6b 21 7 1b f0 df b1 5b ] bresp=0 bid=11110
[795000] ARB MONITOR: slave=1 m0_req=0 m1_req=1 winner=1
[805000] MASTER 1 RECEIVED BRESP. BRESP=0
[805000] [MASTER DRIVER] mst_id=1 s_id=0 awaddr=1cb88648 awid=1110 awlen=27 awsize=3 awburst=1 wdata=[f0766732e49c185e f7c5883f159a244b a6797ab485d54d4d ea7165ac136cda7c 2906fec716efe1e7 9cc52f34e236edeb f5a3c867cf80797b e6705b62873694e0 e96d82cc9eaac72e ee2b40aa03358a97 8a6c1f77df114b33 fdbc1262d49b9c0c d7d126a3f3d9a243 d2eaed77ebe7530c c082ef18e23d461b d616e85ed0a6ffd9 3c8e52e5185415bc fa915bd7a901d5d5 f9a8d5aefd1141fd 956557b9d0a84435 f9aa1a0bb6372893 33486a918ff6b390 e09ef7c6f352efb9 298a184dc8adc24a d8a475dbda4911d1 cd9c018adcd282de a580452839436da1 138c7f72f72619d7 ] wstrb=[3 b5 fc a4 de d4 16 e1 89 13 86 67 e7 9c 49 70 af cf d8 96 6b 21 7 1b f0 df b1 5b ] bresp=0 bid=1110
[805000] MASTER 1 B_VALID_RDY Handshake
[805000] [MASTER MONITOR] mst_id=1 s_id=1 awaddr=1cb88648 awid=1110 awlen=27 awsize=3 awburst=1 wdata=[f0766732e49c185e f7c5883f159a244b a6797ab485d54d4d ea7165ac136cda7c 2906fec716efe1e7 9cc52f34e236edeb f5a3c867cf80797b e6705b62873694e0 e96d82cc9eaac72e ee2b40aa03358a97 8a6c1f77df114b33 fdbc1262d49b9c0c d7d126a3f3d9a243 d2eaed77ebe7530c c082ef18e23d461b d616e85ed0a6ffd9 3c8e52e5185415bc fa915bd7a901d5d5 f9a8d5aefd1141fd 956557b9d0a84435 f9aa1a0bb6372893 33486a918ff6b390 e09ef7c6f352efb9 298a184dc8adc24a d8a475dbda4911d1 cd9c018adcd282de a580452839436da1 138c7f72f72619d7 ] wstrb=[3 b5 fc a4 de d4 16 e1 89 13 86 67 e7 9c 49 70 af cf d8 96 6b 21 7 1b f0 df b1 5b ] bresp=0 bid=1110
[805000] SLAVE 1 R_VALID_RDY Handshake beat=0 rlast=0
[805000] MEMORY READ MISS beat=1 addr=1c67c9b0 -> default data id=18
[805000] SCOREBOARD MATCH: decode_err expected = 0, actual =0
[805000] SCOREBOARD MATCH: slave_id expected = 1, actual =1
[805000] SCOREBOARD MATCH: awaddr passthrough expected = 1cb88648, actual =1cb88648
[805000] SCOREBOARD MATCH: awlen passthrough expected = 27, actual =27
[805000] SCOREBOARD MATCH: awsize passthrough expected = 3, actual =3
[805000] SCOREBOARD MATCH: awburst passthrough expected = 1, actual =1
[805000] SCOREBOARD MATCH: wdata size check expected = 1c, actual =1c
[805000] SCOREBOARD MATCH: wdata passthrough beat=0 expected = f0766732e49c185e, actual =f0766732e49c185e
[805000] SCOREBOARD MATCH: wdata passthrough beat=1 expected = f7c5883f159a244b, actual =f7c5883f159a244b
[805000] SCOREBOARD MATCH: wdata passthrough beat=2 expected = a6797ab485d54d4d, actual =a6797ab485d54d4d
[805000] SCOREBOARD MATCH: wdata passthrough beat=3 expected = ea7165ac136cda7c, actual =ea7165ac136cda7c
[805000] SCOREBOARD MATCH: wdata passthrough beat=4 expected = 2906fec716efe1e7, actual =2906fec716efe1e7
[805000] SCOREBOARD MATCH: wdata passthrough beat=5 expected = 9cc52f34e236edeb, actual =9cc52f34e236edeb
[805000] SCOREBOARD MATCH: wdata passthrough beat=6 expected = f5a3c867cf80797b, actual =f5a3c867cf80797b
[805000] SCOREBOARD MATCH: wdata passthrough beat=7 expected = e6705b62873694e0, actual =e6705b62873694e0
[805000] SCOREBOARD MATCH: wdata passthrough beat=8 expected = e96d82cc9eaac72e, actual =e96d82cc9eaac72e
[805000] SCOREBOARD MATCH: wdata passthrough beat=9 expected = ee2b40aa03358a97, actual =ee2b40aa03358a97
[805000] SCOREBOARD MATCH: wdata passthrough beat=10 expected = 8a6c1f77df114b33, actual =8a6c1f77df114b33
[805000] SCOREBOARD MATCH: wdata passthrough beat=11 expected = fdbc1262d49b9c0c, actual =fdbc1262d49b9c0c
[805000] SCOREBOARD MATCH: wdata passthrough beat=12 expected = d7d126a3f3d9a243, actual =d7d126a3f3d9a243
[805000] SCOREBOARD MATCH: wdata passthrough beat=13 expected = d2eaed77ebe7530c, actual =d2eaed77ebe7530c
[805000] SCOREBOARD MATCH: wdata passthrough beat=14 expected = c082ef18e23d461b, actual =c082ef18e23d461b
[805000] SCOREBOARD MATCH: wdata passthrough beat=15 expected = d616e85ed0a6ffd9, actual =d616e85ed0a6ffd9
[805000] SCOREBOARD MATCH: wdata passthrough beat=16 expected = 3c8e52e5185415bc, actual =3c8e52e5185415bc
[805000] SCOREBOARD MATCH: wdata passthrough beat=17 expected = fa915bd7a901d5d5, actual =fa915bd7a901d5d5
[805000] SCOREBOARD MATCH: wdata passthrough beat=18 expected = f9a8d5aefd1141fd, actual =f9a8d5aefd1141fd
[805000] SCOREBOARD MATCH: wdata passthrough beat=19 expected = 956557b9d0a84435, actual =956557b9d0a84435
[805000] SCOREBOARD MATCH: wdata passthrough beat=20 expected = f9aa1a0bb6372893, actual =f9aa1a0bb6372893
[805000] SCOREBOARD MATCH: wdata passthrough beat=21 expected = 33486a918ff6b390, actual =33486a918ff6b390
[805000] SCOREBOARD MATCH: wdata passthrough beat=22 expected = e09ef7c6f352efb9, actual =e09ef7c6f352efb9
[805000] SCOREBOARD MATCH: wdata passthrough beat=23 expected = 298a184dc8adc24a, actual =298a184dc8adc24a
[805000] SCOREBOARD MATCH: wdata passthrough beat=24 expected = d8a475dbda4911d1, actual =d8a475dbda4911d1
[805000] SCOREBOARD MATCH: wdata passthrough beat=25 expected = cd9c018adcd282de, actual =cd9c018adcd282de
[805000] SCOREBOARD MATCH: wdata passthrough beat=26 expected = a580452839436da1, actual =a580452839436da1
[805000] SCOREBOARD MATCH: wdata passthrough beat=27 expected = 138c7f72f72619d7, actual =138c7f72f72619d7
[805000] SCOREBOARD MATCH: wstrb size check expected = 1c, actual =1c
[805000] SCOREBOARD MATCH: wstrb passthrough beat=0 expected = 3, actual =3
[805000] SCOREBOARD MATCH: wstrb passthrough beat=1 expected = b5, actual =b5
[805000] SCOREBOARD MATCH: wstrb passthrough beat=2 expected = fc, actual =fc
[805000] SCOREBOARD MATCH: wstrb passthrough beat=3 expected = a4, actual =a4
[805000] SCOREBOARD MATCH: wstrb passthrough beat=4 expected = de, actual =de
[805000] SCOREBOARD MATCH: wstrb passthrough beat=5 expected = d4, actual =d4
[805000] SCOREBOARD MATCH: wstrb passthrough beat=6 expected = 16, actual =16
[805000] SCOREBOARD MATCH: wstrb passthrough beat=7 expected = e1, actual =e1
[805000] SCOREBOARD MATCH: wstrb passthrough beat=8 expected = 89, actual =89
[805000] SCOREBOARD MATCH: wstrb passthrough beat=9 expected = 13, actual =13
[805000] SCOREBOARD MATCH: wstrb passthrough beat=10 expected = 86, actual =86
[805000] SCOREBOARD MATCH: wstrb passthrough beat=11 expected = 67, actual =67
[805000] SCOREBOARD MATCH: wstrb passthrough beat=12 expected = e7, actual =e7
[805000] SCOREBOARD MATCH: wstrb passthrough beat=13 expected = 9c, actual =9c
[805000] SCOREBOARD MATCH: wstrb passthrough beat=14 expected = 49, actual =49
[805000] SCOREBOARD MATCH: wstrb passthrough beat=15 expected = 70, actual =70
[805000] SCOREBOARD MATCH: wstrb passthrough beat=16 expected = af, actual =af
[805000] SCOREBOARD MATCH: wstrb passthrough beat=17 expected = cf, actual =cf
[805000] SCOREBOARD MATCH: wstrb passthrough beat=18 expected = d8, actual =d8
[805000] SCOREBOARD MATCH: wstrb passthrough beat=19 expected = 96, actual =96
[805000] SCOREBOARD MATCH: wstrb passthrough beat=20 expected = 6b, actual =6b
[805000] SCOREBOARD MATCH: wstrb passthrough beat=21 expected = 21, actual =21
[805000] SCOREBOARD MATCH: wstrb passthrough beat=22 expected = 7, actual =7
[805000] SCOREBOARD MATCH: wstrb passthrough beat=23 expected = 1b, actual =1b
[805000] SCOREBOARD MATCH: wstrb passthrough beat=24 expected = f0, actual =f0
[805000] SCOREBOARD MATCH: wstrb passthrough beat=25 expected = df, actual =df
[805000] SCOREBOARD MATCH: wstrb passthrough beat=26 expected = b1, actual =b1
[805000] SCOREBOARD MATCH: wstrb passthrough beat=27 expected = 5b, actual =5b
[805000] SCOREBOARD MATCH: bresp passthrough expected = 0, actual =0
[805000] SCOREBOARD MATCH: response routed to correct master (write) expected = 1, actual =1
[805000] [SCOREBOARD-M] mst_id=1 s_id=1 awaddr=1cb88648 awid=1110 awlen=27 awsize=3 awburst=1 wdata=[f0766732e49c185e f7c5883f159a244b a6797ab485d54d4d ea7165ac136cda7c 2906fec716efe1e7 9cc52f34e236edeb f5a3c867cf80797b e6705b62873694e0 e96d82cc9eaac72e ee2b40aa03358a97 8a6c1f77df114b33 fdbc1262d49b9c0c d7d126a3f3d9a243 d2eaed77ebe7530c c082ef18e23d461b d616e85ed0a6ffd9 3c8e52e5185415bc fa915bd7a901d5d5 f9a8d5aefd1141fd 956557b9d0a84435 f9aa1a0bb6372893 33486a918ff6b390 e09ef7c6f352efb9 298a184dc8adc24a d8a475dbda4911d1 cd9c018adcd282de a580452839436da1 138c7f72f72619d7 ] wstrb=[3 b5 fc a4 de d4 16 e1 89 13 86 67 e7 9c 49 70 af cf d8 96 6b 21 7 1b f0 df b1 5b ] bresp=0 bid=1110
[805000] [SCOREBOARD-S] mst_id=1 s_id=1 awaddr=1cb88648 awid=1110 awlen=27 awsize=3 awburst=1 wdata=[f0766732e49c185e f7c5883f159a244b a6797ab485d54d4d ea7165ac136cda7c 2906fec716efe1e7 9cc52f34e236edeb f5a3c867cf80797b e6705b62873694e0 e96d82cc9eaac72e ee2b40aa03358a97 8a6c1f77df114b33 fdbc1262d49b9c0c d7d126a3f3d9a243 d2eaed77ebe7530c c082ef18e23d461b d616e85ed0a6ffd9 3c8e52e5185415bc fa915bd7a901d5d5 f9a8d5aefd1141fd 956557b9d0a84435 f9aa1a0bb6372893 33486a918ff6b390 e09ef7c6f352efb9 298a184dc8adc24a d8a475dbda4911d1 cd9c018adcd282de a580452839436da1 138c7f72f72619d7 ] wstrb=[3 b5 fc a4 de d4 16 e1 89 13 86 67 e7 9c 49 70 af cf d8 96 6b 21 7 1b f0 df b1 5b ] bresp=0 bid=11110
[805000] SCOREBOARD: Transaction 4 received. pass=192 fail=0
[805000] ALL PASS. Total transactions: 4
[815000] SLAVE 1 R_VALID_RDY Handshake beat=1 rlast=1
[815000] [SLAVE MONITOR] READ mst_id=1 s_id=1 araddr=1c67c9a8 arid=2 arlen=1 arsize=3 arburst=1 rid=[1212] rresp=[00] rdata=[baadf00d12345678baadf00d12345678]
[825000] MASTER 1 R_VALID_RDY Handshake beat=0 rlast=0
[835000] MASTER 1 R_VALID_RDY Handshake beat=1 rlast=1
[835000] [MASTER MONITOR] READ mst_id=1 s_id=1 araddr=1c67c9a8 arid=2 arlen=1 arsize=3 arburst=1 rid=[22] rresp=[00] rdata=[baadf00d12345678baadf00d12345678]
[835000] [MASTER DRIVER] READ mst_id=1 s_id=0 araddr=1c67c9a8 arid=2 arlen=1 arsize=3 arburst=1 rid=[22] rresp=[00] rdata=[baadf00d12345678baadf00d12345678]
[835000] SCOREBOARD MATCH: decode_err expected = 0, actual =0
[835000] SCOREBOARD MATCH: slave_id expected = 1, actual =1
[835000] SCOREBOARD MATCH: araddr passthrough expected = 1c67c9a8, actual =1c67c9a8
[835000] SCOREBOARD MATCH: arlen passthrough expected = 1, actual =1
[835000] SCOREBOARD MATCH: arsize passthrough expected = 3, actual =3
[835000] SCOREBOARD MATCH: arburst passthrough expected = 1, actual =1
[835000] SCOREBOARD MATCH: rdata size check expected = 2, actual =2
[835000] SCOREBOARD MATCH: rdata passthrough beat=0 expected = baadf00d12345678, actual =baadf00d12345678
[835000] SCOREBOARD MATCH: rdata passthrough beat=1 expected = baadf00d12345678, actual =baadf00d12345678
[835000] SCOREBOARD MATCH: rresp size check expected = 2, actual =2
[835000] SCOREBOARD MATCH: rresp passthrough beat=0 expected = 0, actual =0
[835000] SCOREBOARD MATCH: rresp passthrough beat=1 expected = 0, actual =0
[835000] SCOREBOARD MATCH: response routed to correct master (read beat 0) expected = 1, actual =1
[835000] SCOREBOARD MATCH: response routed to correct master (read beat 1) expected = 1, actual =1
[835000] [SCOREBOARD-M] READ mst_id=1 s_id=1 araddr=1c67c9a8 arid=2 arlen=1 arsize=3 arburst=1 rid=[22] rresp=[00] rdata=[baadf00d12345678baadf00d12345678]
[835000] [SCOREBOARD-S] READ mst_id=1 s_id=1 araddr=1c67c9a8 arid=2 arlen=1 arsize=3 arburst=1 rid=[1212] rresp=[00] rdata=[baadf00d12345678baadf00d12345678]
[835000] SCOREBOARD: Transaction 5 received. pass=206 fail=0
[835000] SCOREBOARD: Expected 5 transactions completed, PASS=206 FAIL=0
[835000] ALL PASS. Total transactions: 5
[835000] ALL TRANSACTIONS MONITORED
$finish called at time : 855 ns : File "/home/nashita/Desktop/practice/axi_xbar/tb/top/axi_tb_top.sv" Line 220
exit
INFO: xsimkernel Simulation Memory Usage: 289464 KB (Peak: 337864 KB), Simulation CPU Usage: 1170 ms
INFO: [Common 17-206] Exiting xsim at Thu Sep 10 18:33:10 2026...
