#-----------------------------------------------------------
# xsim v2025.2 (64-bit)
# SW Build 6299465 on Fri Nov 14 12:34:56 MST 2025
# IP Build 6300035 on Fri Nov 14 10:48:45 MST 2025
# SharedData Build 6298862 on Thu Nov 13 04:50:51 MST 2025
# Start of session at: Tue Sep  8 16:07:52 2026
# Process ID         : 3990210
# Current directory  : /home/nashita/Desktop/practice/axi_xbar/sim
# Command line       : xsim -log regress_results/BT_run96.log -mode tcl -source {xsim.dir/tb_top_snap/xsim_script.tcl}
# Log file           : /home/nashita/Desktop/practice/axi_xbar/sim/regress_results/BT_run96.log
# Journal file       : /home/nashita/Desktop/practice/axi_xbar/sim/xsim.jou
# Running On         : vlsi-vivado
# Platform           : Ubuntu
# Operating System   : Ubuntu 24.04.4 LTS
# Processor Detail   : Intel(R) Core(TM) i5-10400 CPU @ 2.90GHz
# CPU Frequency      : 4001.333 MHz
# CPU Physical cores : 6
# CPU Logical cores  : 12
# Host memory        : 41875 MB
# Swap memory        : 27648 MB
# Total Virtual      : 69524 MB
# Available Virtual  : 60258 MB
#-----------------------------------------------------------
source xsim.dir/tb_top_snap/xsim_script.tcl
# xsim {tb_top_snap} -testplusarg BT -autoloadwcfg -runall -sv_seed 97
Time resolution is 1 ps
run -all
[0] RUNNING BASE TEST
[0] INSIDE THE BASE TEST CONSTRUCTOR
[0] ENV: before agent
[0] SLAVE CONSTRUCTED
[0] MASTER MONITOR CONSTRUCTED
[0] MASTER MONITOR CONSTRUCTED
[0] SLAVE MONITOR CONSTRUCTED
[0] SLAVE MONITOR CONSTRUCTED
[0] ARB MONITOR CONSTRUCTED
GENERATOR CONSTRUCTED
[0] ENV: after agent
[0] ENV: before scoreboard
[0] ENV: after scoreboard
[15000] [SEQUENCER] mst_id=1 s_id=0 awaddr=9287e48 awid=1010 awlen=1 awsize=3 awburst=1 wdata=[] wstrb=[] bresp=0 bid=0
[15000] [SEQUENCER] mst_id=0 s_id=0 awaddr=884fdb8 awid=1110 awlen=1 awsize=3 awburst=1 wdata=[] wstrb=[] bresp=0 bid=0
[15000] [SEQUENCER] READ mst_id=0 s_id=0 araddr=18b0f028 arid=1 arlen=1 arsize=3 arburst=1 rid=[] rresp=[] rdata=[]
[15000] [SEQUENCER] READ mst_id=1 s_id=0 araddr=e05f178 arid=1 arlen=1 arsize=3 arburst=1 rid=[] rresp=[] rdata=[]
[15000] [SEQUENCER] mst_id=1 s_id=0 awaddr=71c4190 awid=1101 awlen=1 awsize=3 awburst=1 wdata=[] wstrb=[] bresp=0 bid=0
[15000] [SEQUENCER] READ mst_id=1 s_id=0 araddr=1eb0b98 arid=3 arlen=1 arsize=3 arburst=1 rid=[] rresp=[] rdata=[]
[15000] [SEQUENCER] mst_id=1 s_id=0 awaddr=4876bd8 awid=101 awlen=1 awsize=3 awburst=1 wdata=[] wstrb=[] bresp=0 bid=0
[15000] [SEQUENCER] READ mst_id=0 s_id=0 araddr=1e7a1ca8 arid=2 arlen=1 arsize=3 arburst=1 rid=[] rresp=[] rdata=[]
[15000] [SEQUENCER] mst_id=1 s_id=0 awaddr=19cd10a0 awid=110 awlen=1 awsize=3 awburst=1 wdata=[] wstrb=[] bresp=0 bid=0
[15000] [SEQUENCER] READ mst_id=0 s_id=0 araddr=1b1efce0 arid=3 arlen=1 arsize=3 arburst=1 rid=[] rresp=[] rdata=[]
[15000] MASTER_DRIVER1 received transaction, op=AXI_WRITE
[15000] MASTER_DRIVER0 received transaction, op=AXI_WRITE
[35000] MASTER 1 AW_VALID_RDY Handshake
[35000] MASTER 0 AW_VALID_RDY Handshake
[45000] ARB MONITOR: slave=0 m0_req=1 m1_req=1 winner=0
[45000] AXI S0_AWVALID_RDY HANDSHAKE
[45000] SCOREBOARD MATCH: arbitration winner (slave 0) expected = 0, actual =0
[55000] MASTER 1 W_VALID_RDY Handshake beat=0 wlast=0
[55000] MASTER 0 W_VALID_RDY Handshake beat=0 wlast=0
[65000] MASTER_DRIVER0 received transaction, op=AXI_READ
[65000] MASTER_DRIVER1 received transaction, op=AXI_READ
[65000] MASTER 0 W_VALID_RDY Handshake beat=1 wlast=1
[65000] MASTER 1 W_VALID_RDY Handshake beat=1 wlast=1
[65000] AXI S0_WVALID_RDY HANDSHAKE
[65000] AXI S0_WVALID_RDY HANDSHAKE
[65000] S0 MEMORY WRITE beat=0 addr=0884fdb8 data=0000000000000000 id=0e
[75000] AXI S0_WVALID_RDY HANDSHAKE
[75000] S0 MEMORY WRITE beat=1 addr=0884fdc0 data=0000000000000000 id=0e
[75000] AXI S0_WVALID_RDY HANDSHAKE
[85000] MASTER_DRIVER0 received transaction, op=AXI_READ
[85000] MASTER_DRIVER1 received transaction, op=AXI_WRITE
[85000] AXI S0_BVALID_RDY HANDSHAKE
[85000] [SLAVE MONITOR] mst_id=0 s_id=0 awaddr=884fdb8 awid=1110 awlen=1 awsize=3 awburst=1 wdata=[0 0 ] wstrb=[0 0 ] bresp=0 bid=1110
[85000] SLAVE0 sent B resp, id=14
[95000] AXI S0_AWVALID_RDY HANDSHAKE
[95000] AXI S0_ARVALID_RDY HANDSHAKE
[95000] MEMORY READ MISS beat=0 addr=e05f178 -> default data id=17
[95000] AXI S0_ARVALID_RDY HANDSHAKE
[95000] MEMORY READ MISS beat=0 addr=18b0f028 -> default data id=1
[95000] ARB MONITOR: slave=0 m0_req=0 m1_req=1 winner=1
[95000] ARB MONITOR: slave=0 m0_req=0 m1_req=1 winner=1
[95000] ARB MONITOR: slave=1 m0_req=1 m1_req=0 winner=0
[105000] MASTER_DRIVER0 received transaction, op=AXI_READ
[105000] MASTER 0 RECEIVED BRESP. BRESP=0
[105000] [MASTER DRIVER] mst_id=0 s_id=0 awaddr=884fdb8 awid=1110 awlen=1 awsize=3 awburst=1 wdata=[] wstrb=[] bresp=0 bid=1110
[105000] MASTER 0 B_VALID_RDY Handshake
[105000] [MASTER MONITOR] mst_id=0 s_id=0 awaddr=884fdb8 awid=1110 awlen=1 awsize=3 awburst=1 wdata=[0 0 ] wstrb=[0 0 ] bresp=0 bid=1110
[105000] MASTER 1 AW_VALID_RDY Handshake
[105000] SLAVE 1 R_VALID_RDY Handshake beat=0 rlast=0
[105000] SLAVE 0 R_VALID_RDY Handshake beat=0 rlast=0
[105000] AXI S0_WVALID_RDY HANDSHAKE
[105000] MEMORY READ MISS beat=1 addr=18b0f030 -> default data id=1
[105000] MEMORY READ MISS beat=1 addr=e05f180 -> default data id=17
[105000] AXI S0_WVALID_RDY HANDSHAKE
[105000] S0 MEMORY WRITE beat=0 addr=09287e48 data=0000000000000000 id=1a
[105000] SCOREBOARD MATCH: decode_err expected = 0, actual =0
[105000] SCOREBOARD MATCH: slave_id expected = 0, actual =0
[105000] SCOREBOARD MATCH: awaddr passthrough expected = 884fdb8, actual =884fdb8
[105000] SCOREBOARD MATCH: awlen passthrough expected = 1, actual =1
[105000] SCOREBOARD MATCH: awsize passthrough expected = 3, actual =3
[105000] SCOREBOARD MATCH: awburst passthrough expected = 1, actual =1
[105000] SCOREBOARD MATCH: wdata size check expected = 2, actual =2
[105000] SCOREBOARD MATCH: wdata passthrough beat=0 expected = 0, actual =0
[105000] SCOREBOARD MATCH: wdata passthrough beat=1 expected = 0, actual =0
[105000] SCOREBOARD MATCH: wstrb size check expected = 2, actual =2
[105000] SCOREBOARD MATCH: wstrb passthrough beat=0 expected = 0, actual =0
[105000] SCOREBOARD MATCH: wstrb passthrough beat=1 expected = 0, actual =0
[105000] SCOREBOARD MATCH: bresp passthrough expected = 0, actual =0
[105000] SCOREBOARD MATCH: response routed to correct master (write) expected = 0, actual =0
[105000] [SCOREBOARD-M] mst_id=0 s_id=0 awaddr=884fdb8 awid=1110 awlen=1 awsize=3 awburst=1 wdata=[0 0 ] wstrb=[0 0 ] bresp=0 bid=1110
[105000] [SCOREBOARD-S] mst_id=0 s_id=0 awaddr=884fdb8 awid=1110 awlen=1 awsize=3 awburst=1 wdata=[0 0 ] wstrb=[0 0 ] bresp=0 bid=1110
[105000] SCOREBOARD: Transaction 1 received. pass=15 fail=0
[105000] ALL PASS. Total transactions: 1
[115000] AXI S0_WVALID_RDY HANDSHAKE
[115000] S0 MEMORY WRITE beat=1 addr=09287e50 data=0000000000000000 id=1a
[115000] AXI S0_WVALID_RDY HANDSHAKE
[115000] SLAVE 0 R_VALID_RDY Handshake beat=1 rlast=1
[115000] [SLAVE MONITOR AR] READ mst_id=1 s_id=0 araddr=e05f178 arid=1 arlen=1 arsize=3 arburst=1 rid=[1111] rresp=[00] rdata=[baadf00d12345678baadf00d12345678]
[115000] SLAVE 1 R_VALID_RDY Handshake beat=1 rlast=1
[115000] [SLAVE MONITOR AR] READ mst_id=0 s_id=1 araddr=18b0f028 arid=1 arlen=1 arsize=3 arburst=1 rid=[11] rresp=[00] rdata=[baadf00d12345678baadf00d12345678]
[125000] MASTER 0 R_VALID_RDY Handshake beat=0 rlast=0
[125000] MASTER 1 W_VALID_RDY Handshake beat=0 wlast=0
[125000] MASTER 1 R_VALID_RDY Handshake beat=0 rlast=0
[125000] ARB MONITOR: slave=1 m0_req=1 m1_req=0 winner=0
[125000] AXI S0_BVALID_RDY HANDSHAKE
[125000] [SLAVE MONITOR] mst_id=1 s_id=0 awaddr=9287e48 awid=1010 awlen=1 awsize=3 awburst=1 wdata=[0 0 ] wstrb=[0 0 ] bresp=0 bid=11010
[125000] AXI S0_ARVALID_RDY HANDSHAKE
[125000] MEMORY READ MISS beat=0 addr=1e7a1ca8 -> default data id=2
[125000] SLAVE0 sent B resp, id=10
[135000] AXI S0_AWVALID_RDY HANDSHAKE
[135000] MEMORY READ MISS beat=1 addr=1e7a1cb0 -> default data id=2
[135000] SLAVE 1 R_VALID_RDY Handshake beat=0 rlast=0
[135000] ARB MONITOR: slave=0 m0_req=0 m1_req=1 winner=1
[135000] MASTER 1 R_VALID_RDY Handshake beat=1 rlast=1
[135000] [MASTER MONITOR] READ mst_id=1 s_id=0 araddr=e05f178 arid=1 arlen=1 arsize=3 arburst=1 rid=[11] rresp=[00] rdata=[baadf00d12345678baadf00d12345678]
[135000] MASTER 1 W_VALID_RDY Handshake beat=1 wlast=1
[135000] MASTER 0 R_VALID_RDY Handshake beat=1 rlast=1
[135000] [MASTER MONITOR] READ mst_id=0 s_id=1 araddr=18b0f028 arid=1 arlen=1 arsize=3 arburst=1 rid=[11] rresp=[00] rdata=[baadf00d12345678baadf00d12345678]
[135000] [MASTER DRIVER] READ mst_id=1 s_id=0 araddr=e05f178 arid=1 arlen=1 arsize=3 arburst=1 rid=[11] rresp=[00] rdata=[baadf00d12345678baadf00d12345678]
[135000] MASTER_DRIVER1 received transaction, op=AXI_READ
[135000] [MASTER DRIVER] READ mst_id=0 s_id=0 araddr=18b0f028 arid=1 arlen=1 arsize=3 arburst=1 rid=[11] rresp=[00] rdata=[baadf00d12345678baadf00d12345678]
[135000] SCOREBOARD MATCH: decode_err expected = 0, actual =0
[135000] SCOREBOARD MATCH: slave_id expected = 0, actual =0
[135000] SCOREBOARD MATCH: araddr passthrough expected = e05f178, actual =e05f178
[135000] SCOREBOARD MATCH: arlen passthrough expected = 1, actual =1
[135000] SCOREBOARD MATCH: arsize passthrough expected = 3, actual =3
[135000] SCOREBOARD MATCH: arburst passthrough expected = 1, actual =1
[135000] SCOREBOARD MATCH: rdata size check expected = 2, actual =2
[135000] SCOREBOARD MATCH: rdata passthrough beat=0 expected = baadf00d12345678, actual =baadf00d12345678
[135000] SCOREBOARD MATCH: rdata passthrough beat=1 expected = baadf00d12345678, actual =baadf00d12345678
[135000] SCOREBOARD MATCH: rresp size check expected = 2, actual =2
[135000] SCOREBOARD MATCH: rresp passthrough beat=0 expected = 0, actual =0
[135000] SCOREBOARD MATCH: rresp passthrough beat=1 expected = 0, actual =0
[135000] SCOREBOARD MATCH: response routed to correct master (read beat 0) expected = 1, actual =1
[135000] SCOREBOARD MATCH: response routed to correct master (read beat 1) expected = 1, actual =1
[135000] [SCOREBOARD-M] READ mst_id=1 s_id=0 araddr=e05f178 arid=1 arlen=1 arsize=3 arburst=1 rid=[11] rresp=[00] rdata=[baadf00d12345678baadf00d12345678]
[135000] [SCOREBOARD-S] READ mst_id=1 s_id=0 araddr=e05f178 arid=1 arlen=1 arsize=3 arburst=1 rid=[1111] rresp=[00] rdata=[baadf00d12345678baadf00d12345678]
[135000] SCOREBOARD: Transaction 2 received. pass=29 fail=0
[135000] ALL PASS. Total transactions: 2
[135000] SCOREBOARD MATCH: decode_err expected = 0, actual =0
[135000] SCOREBOARD MATCH: slave_id expected = 1, actual =1
[135000] SCOREBOARD MATCH: araddr passthrough expected = 18b0f028, actual =18b0f028
[135000] SCOREBOARD MATCH: arlen passthrough expected = 1, actual =1
[135000] SCOREBOARD MATCH: arsize passthrough expected = 3, actual =3
[135000] SCOREBOARD MATCH: arburst passthrough expected = 1, actual =1
[135000] SCOREBOARD MATCH: rdata size check expected = 2, actual =2
[135000] SCOREBOARD MATCH: rdata passthrough beat=0 expected = baadf00d12345678, actual =baadf00d12345678
[135000] SCOREBOARD MATCH: rdata passthrough beat=1 expected = baadf00d12345678, actual =baadf00d12345678
[135000] SCOREBOARD MATCH: rresp size check expected = 2, actual =2
[135000] SCOREBOARD MATCH: rresp passthrough beat=0 expected = 0, actual =0
[135000] SCOREBOARD MATCH: rresp passthrough beat=1 expected = 0, actual =0
[135000] SCOREBOARD MATCH: response routed to correct master (read beat 0) expected = 0, actual =0
[135000] SCOREBOARD MATCH: response routed to correct master (read beat 1) expected = 0, actual =0
[135000] [SCOREBOARD-M] READ mst_id=0 s_id=1 araddr=18b0f028 arid=1 arlen=1 arsize=3 arburst=1 rid=[11] rresp=[00] rdata=[baadf00d12345678baadf00d12345678]
[135000] [SCOREBOARD-S] READ mst_id=0 s_id=1 araddr=18b0f028 arid=1 arlen=1 arsize=3 arburst=1 rid=[11] rresp=[00] rdata=[baadf00d12345678baadf00d12345678]
[135000] SCOREBOARD: Transaction 3 received. pass=43 fail=0
[135000] ALL PASS. Total transactions: 3
[145000] MASTER 1 RECEIVED BRESP. BRESP=0
[145000] [MASTER DRIVER] mst_id=1 s_id=0 awaddr=9287e48 awid=1010 awlen=1 awsize=3 awburst=1 wdata=[] wstrb=[] bresp=0 bid=1010
[145000] MASTER 1 B_VALID_RDY Handshake
[145000] [MASTER MONITOR] mst_id=1 s_id=0 awaddr=9287e48 awid=1010 awlen=1 awsize=3 awburst=1 wdata=[0 0 ] wstrb=[0 0 ] bresp=0 bid=1010
[145000] SLAVE 1 R_VALID_RDY Handshake beat=1 rlast=1
[145000] [SLAVE MONITOR AR] READ mst_id=0 s_id=1 araddr=1e7a1ca8 arid=2 arlen=1 arsize=3 arburst=1 rid=[22] rresp=[00] rdata=[baadf00d12345678baadf00d12345678]
[145000] AXI S0_WVALID_RDY HANDSHAKE
[145000] AXI S0_WVALID_RDY HANDSHAKE
[145000] S0 MEMORY WRITE beat=0 addr=071c4190 data=0000000000000000 id=1d
[145000] SCOREBOARD MATCH: decode_err expected = 0, actual =0
[145000] SCOREBOARD MATCH: slave_id expected = 0, actual =0
[145000] SCOREBOARD MATCH: awaddr passthrough expected = 9287e48, actual =9287e48
[145000] SCOREBOARD MATCH: awlen passthrough expected = 1, actual =1
[145000] SCOREBOARD MATCH: awsize passthrough expected = 3, actual =3
[145000] SCOREBOARD MATCH: awburst passthrough expected = 1, actual =1
[145000] SCOREBOARD MATCH: wdata size check expected = 2, actual =2
[145000] SCOREBOARD MATCH: wdata passthrough beat=0 expected = 0, actual =0
[145000] SCOREBOARD MATCH: wdata passthrough beat=1 expected = 0, actual =0
[145000] SCOREBOARD MATCH: wstrb size check expected = 2, actual =2
[145000] SCOREBOARD MATCH: wstrb passthrough beat=0 expected = 0, actual =0
[145000] SCOREBOARD MATCH: wstrb passthrough beat=1 expected = 0, actual =0
[145000] SCOREBOARD MATCH: bresp passthrough expected = 0, actual =0
[145000] SCOREBOARD MATCH: response routed to correct master (write) expected = 1, actual =1
[145000] [SCOREBOARD-M] mst_id=1 s_id=0 awaddr=9287e48 awid=1010 awlen=1 awsize=3 awburst=1 wdata=[0 0 ] wstrb=[0 0 ] bresp=0 bid=1010
[145000] [SCOREBOARD-S] mst_id=1 s_id=0 awaddr=9287e48 awid=1010 awlen=1 awsize=3 awburst=1 wdata=[0 0 ] wstrb=[0 0 ] bresp=0 bid=11010
[145000] SCOREBOARD: Transaction 4 received. pass=57 fail=0
[145000] ALL PASS. Total transactions: 4
[155000] AXI S0_WVALID_RDY HANDSHAKE
[155000] S0 MEMORY WRITE beat=1 addr=071c4198 data=0000000000000000 id=1d
[155000] AXI S0_ARVALID_RDY HANDSHAKE
[155000] MEMORY READ MISS beat=0 addr=1b1efce0 -> default data id=3
[155000] AXI S0_WVALID_RDY HANDSHAKE
[155000] ARB MONITOR: slave=1 m0_req=0 m1_req=0 winner=0
[155000] MASTER 0 R_VALID_RDY Handshake beat=0 rlast=0
[155000] MASTER_DRIVER1 received transaction, op=AXI_WRITE
[165000] [MASTER DRIVER] READ mst_id=0 s_id=0 araddr=1e7a1ca8 arid=2 arlen=1 arsize=3 arburst=1 rid=[22] rresp=[00] rdata=[baadf00d12345678baadf00d12345678]
[165000] MASTER 0 R_VALID_RDY Handshake beat=1 rlast=1
[165000] [MASTER MONITOR] READ mst_id=0 s_id=1 araddr=1e7a1ca8 arid=2 arlen=1 arsize=3 arburst=1 rid=[22] rresp=[00] rdata=[baadf00d12345678baadf00d12345678]
[165000] ARB MONITOR: slave=0 m0_req=0 m1_req=1 winner=1
[165000] SLAVE 1 R_VALID_RDY Handshake beat=0 rlast=0
[165000] AXI S0_BVALID_RDY HANDSHAKE
[165000] [SLAVE MONITOR] mst_id=1 s_id=0 awaddr=71c4190 awid=1101 awlen=1 awsize=3 awburst=1 wdata=[0 0 ] wstrb=[0 0 ] bresp=0 bid=11101
[165000] MEMORY READ MISS beat=1 addr=1b1efce8 -> default data id=3
[165000] AXI S0_ARVALID_RDY HANDSHAKE
[165000] MEMORY READ MISS beat=0 addr=1eb0b98 -> default data id=19
[165000] SLAVE0 sent B resp, id=13
[165000] SCOREBOARD MATCH: decode_err expected = 0, actual =0
[165000] SCOREBOARD MATCH: slave_id expected = 1, actual =1
[165000] SCOREBOARD MATCH: araddr passthrough expected = 1e7a1ca8, actual =1e7a1ca8
[165000] SCOREBOARD MATCH: arlen passthrough expected = 1, actual =1
[165000] SCOREBOARD MATCH: arsize passthrough expected = 3, actual =3
[165000] SCOREBOARD MATCH: arburst passthrough expected = 1, actual =1
[165000] SCOREBOARD MATCH: rdata size check expected = 2, actual =2
[165000] SCOREBOARD MATCH: rdata passthrough beat=0 expected = baadf00d12345678, actual =baadf00d12345678
[165000] SCOREBOARD MATCH: rdata passthrough beat=1 expected = baadf00d12345678, actual =baadf00d12345678
[165000] SCOREBOARD MATCH: rresp size check expected = 2, actual =2
[165000] SCOREBOARD MATCH: rresp passthrough beat=0 expected = 0, actual =0
[165000] SCOREBOARD MATCH: rresp passthrough beat=1 expected = 0, actual =0
[165000] SCOREBOARD MATCH: response routed to correct master (read beat 0) expected = 0, actual =0
[165000] SCOREBOARD MATCH: response routed to correct master (read beat 1) expected = 0, actual =0
[165000] [SCOREBOARD-M] READ mst_id=0 s_id=1 araddr=1e7a1ca8 arid=2 arlen=1 arsize=3 arburst=1 rid=[22] rresp=[00] rdata=[baadf00d12345678baadf00d12345678]
[165000] [SCOREBOARD-S] READ mst_id=0 s_id=1 araddr=1e7a1ca8 arid=2 arlen=1 arsize=3 arburst=1 rid=[22] rresp=[00] rdata=[baadf00d12345678baadf00d12345678]
[165000] SCOREBOARD: Transaction 5 received. pass=71 fail=0
[165000] ALL PASS. Total transactions: 5
[175000] MEMORY READ MISS beat=1 addr=1eb0ba0 -> default data id=19
[175000] SLAVE 0 R_VALID_RDY Handshake beat=0 rlast=0
[175000] SLAVE 1 R_VALID_RDY Handshake beat=1 rlast=1
[175000] [SLAVE MONITOR AR] READ mst_id=0 s_id=1 araddr=1b1efce0 arid=3 arlen=1 arsize=3 arburst=1 rid=[33] rresp=[00] rdata=[baadf00d12345678baadf00d12345678]
[175000] MASTER 1 AW_VALID_RDY Handshake
[185000] MASTER 1 RECEIVED BRESP. BRESP=0
[185000] [MASTER DRIVER] mst_id=1 s_id=0 awaddr=71c4190 awid=1101 awlen=1 awsize=3 awburst=1 wdata=[] wstrb=[] bresp=0 bid=1101
[185000] MASTER 0 R_VALID_RDY Handshake beat=0 rlast=0
[185000] MASTER 1 B_VALID_RDY Handshake
[185000] [MASTER MONITOR] mst_id=1 s_id=0 awaddr=71c4190 awid=1101 awlen=1 awsize=3 awburst=1 wdata=[0 0 ] wstrb=[0 0 ] bresp=0 bid=1101
[185000] ARB MONITOR: slave=0 m0_req=0 m1_req=1 winner=1
[185000] SLAVE 0 R_VALID_RDY Handshake beat=1 rlast=1
[185000] [SLAVE MONITOR AR] READ mst_id=1 s_id=0 araddr=1eb0b98 arid=3 arlen=1 arsize=3 arburst=1 rid=[1313] rresp=[00] rdata=[baadf00d12345678baadf00d12345678]
[185000] AXI S0_AWVALID_RDY HANDSHAKE
[185000] SCOREBOARD MATCH: decode_err expected = 0, actual =0
[185000] SCOREBOARD MATCH: slave_id expected = 0, actual =0
[185000] SCOREBOARD MATCH: awaddr passthrough expected = 71c4190, actual =71c4190
[185000] SCOREBOARD MATCH: awlen passthrough expected = 1, actual =1
[185000] SCOREBOARD MATCH: awsize passthrough expected = 3, actual =3
[185000] SCOREBOARD MATCH: awburst passthrough expected = 1, actual =1
[185000] SCOREBOARD MATCH: wdata size check expected = 2, actual =2
[185000] SCOREBOARD MATCH: wdata passthrough beat=0 expected = 0, actual =0
[185000] SCOREBOARD MATCH: wdata passthrough beat=1 expected = 0, actual =0
[185000] SCOREBOARD MATCH: wstrb size check expected = 2, actual =2
[185000] SCOREBOARD MATCH: wstrb passthrough beat=0 expected = 0, actual =0
[185000] SCOREBOARD MATCH: wstrb passthrough beat=1 expected = 0, actual =0
[185000] SCOREBOARD MATCH: bresp passthrough expected = 0, actual =0
[185000] SCOREBOARD MATCH: response routed to correct master (write) expected = 1, actual =1
[185000] [SCOREBOARD-M] mst_id=1 s_id=0 awaddr=71c4190 awid=1101 awlen=1 awsize=3 awburst=1 wdata=[0 0 ] wstrb=[0 0 ] bresp=0 bid=1101
[185000] [SCOREBOARD-S] mst_id=1 s_id=0 awaddr=71c4190 awid=1101 awlen=1 awsize=3 awburst=1 wdata=[0 0 ] wstrb=[0 0 ] bresp=0 bid=11101
[185000] SCOREBOARD: Transaction 6 received. pass=85 fail=0
[185000] ALL PASS. Total transactions: 6
[195000] MASTER 1 R_VALID_RDY Handshake beat=0 rlast=0
[195000] MASTER 1 W_VALID_RDY Handshake beat=0 wlast=0
[195000] MASTER 0 R_VALID_RDY Handshake beat=1 rlast=1
[195000] [MASTER MONITOR] READ mst_id=0 s_id=1 araddr=1b1efce0 arid=3 arlen=1 arsize=3 arburst=1 rid=[33] rresp=[00] rdata=[baadf00d12345678baadf00d12345678]
[195000] [MASTER DRIVER] READ mst_id=0 s_id=0 araddr=1b1efce0 arid=3 arlen=1 arsize=3 arburst=1 rid=[33] rresp=[00] rdata=[baadf00d12345678baadf00d12345678]
[195000] SCOREBOARD MATCH: decode_err expected = 0, actual =0
[195000] SCOREBOARD MATCH: slave_id expected = 1, actual =1
[195000] SCOREBOARD MATCH: araddr passthrough expected = 1b1efce0, actual =1b1efce0
[195000] SCOREBOARD MATCH: arlen passthrough expected = 1, actual =1
[195000] SCOREBOARD MATCH: arsize passthrough expected = 3, actual =3
[195000] SCOREBOARD MATCH: arburst passthrough expected = 1, actual =1
[195000] SCOREBOARD MATCH: rdata size check expected = 2, actual =2
[195000] SCOREBOARD MATCH: rdata passthrough beat=0 expected = baadf00d12345678, actual =baadf00d12345678
[195000] SCOREBOARD MATCH: rdata passthrough beat=1 expected = baadf00d12345678, actual =baadf00d12345678
[195000] SCOREBOARD MATCH: rresp size check expected = 2, actual =2
[195000] SCOREBOARD MATCH: rresp passthrough beat=0 expected = 0, actual =0
[195000] SCOREBOARD MATCH: rresp passthrough beat=1 expected = 0, actual =0
[195000] SCOREBOARD MATCH: response routed to correct master (read beat 0) expected = 0, actual =0
[195000] SCOREBOARD MATCH: response routed to correct master (read beat 1) expected = 0, actual =0
[195000] [SCOREBOARD-M] READ mst_id=0 s_id=1 araddr=1b1efce0 arid=3 arlen=1 arsize=3 arburst=1 rid=[33] rresp=[00] rdata=[baadf00d12345678baadf00d12345678]
[195000] [SCOREBOARD-S] READ mst_id=0 s_id=1 araddr=1b1efce0 arid=3 arlen=1 arsize=3 arburst=1 rid=[33] rresp=[00] rdata=[baadf00d12345678baadf00d12345678]
[195000] SCOREBOARD: Transaction 7 received. pass=99 fail=0
[195000] ALL PASS. Total transactions: 7
[205000] [MASTER DRIVER] READ mst_id=1 s_id=0 araddr=1eb0b98 arid=3 arlen=1 arsize=3 arburst=1 rid=[33] rresp=[00] rdata=[baadf00d12345678baadf00d12345678]
[205000] MASTER_DRIVER1 received transaction, op=AXI_WRITE
[205000] MASTER 1 W_VALID_RDY Handshake beat=1 wlast=1
[205000] MASTER 1 R_VALID_RDY Handshake beat=1 rlast=1
[205000] [MASTER MONITOR] READ mst_id=1 s_id=0 araddr=1eb0b98 arid=3 arlen=1 arsize=3 arburst=1 rid=[33] rresp=[00] rdata=[baadf00d12345678baadf00d12345678]
[205000] AXI S0_WVALID_RDY HANDSHAKE
[205000] AXI S0_WVALID_RDY HANDSHAKE
[205000] S0 MEMORY WRITE beat=0 addr=04876bd8 data=0000000000000000 id=15
[205000] SCOREBOARD MATCH: decode_err expected = 0, actual =0
[205000] SCOREBOARD MATCH: slave_id expected = 0, actual =0
[205000] SCOREBOARD MATCH: araddr passthrough expected = 1eb0b98, actual =1eb0b98
[205000] SCOREBOARD MATCH: arlen passthrough expected = 1, actual =1
[205000] SCOREBOARD MATCH: arsize passthrough expected = 3, actual =3
[205000] SCOREBOARD MATCH: arburst passthrough expected = 1, actual =1
[205000] SCOREBOARD MATCH: rdata size check expected = 2, actual =2
[205000] SCOREBOARD MATCH: rdata passthrough beat=0 expected = baadf00d12345678, actual =baadf00d12345678
[205000] SCOREBOARD MATCH: rdata passthrough beat=1 expected = baadf00d12345678, actual =baadf00d12345678
[205000] SCOREBOARD MATCH: rresp size check expected = 2, actual =2
[205000] SCOREBOARD MATCH: rresp passthrough beat=0 expected = 0, actual =0
[205000] SCOREBOARD MATCH: rresp passthrough beat=1 expected = 0, actual =0
[205000] SCOREBOARD MATCH: response routed to correct master (read beat 0) expected = 1, actual =1
[205000] SCOREBOARD MATCH: response routed to correct master (read beat 1) expected = 1, actual =1
[205000] [SCOREBOARD-M] READ mst_id=1 s_id=0 araddr=1eb0b98 arid=3 arlen=1 arsize=3 arburst=1 rid=[33] rresp=[00] rdata=[baadf00d12345678baadf00d12345678]
[205000] [SCOREBOARD-S] READ mst_id=1 s_id=0 araddr=1eb0b98 arid=3 arlen=1 arsize=3 arburst=1 rid=[1313] rresp=[00] rdata=[baadf00d12345678baadf00d12345678]
[205000] SCOREBOARD: Transaction 8 received. pass=113 fail=0
[205000] ALL PASS. Total transactions: 8
[215000] AXI S0_WVALID_RDY HANDSHAKE
[215000] S0 MEMORY WRITE beat=1 addr=04876be0 data=0000000000000000 id=15
[215000] AXI S0_WVALID_RDY HANDSHAKE
[225000] MASTER 1 AW_VALID_RDY Handshake
[225000] AXI S0_BVALID_RDY HANDSHAKE
[225000] [SLAVE MONITOR] mst_id=1 s_id=0 awaddr=4876bd8 awid=101 awlen=1 awsize=3 awburst=1 wdata=[0 0 ] wstrb=[0 0 ] bresp=0 bid=10101
[225000] SLAVE0 sent B resp, id=5
[235000] AXI S1_AWVALID_RDY HANDSHAKE
[235000] ARB MONITOR: slave=1 m0_req=0 m1_req=1 winner=1
[245000] MASTER 1 RECEIVED BRESP. BRESP=0
[245000] [MASTER DRIVER] mst_id=1 s_id=0 awaddr=4876bd8 awid=101 awlen=1 awsize=3 awburst=1 wdata=[] wstrb=[] bresp=0 bid=101
[245000] MASTER 1 W_VALID_RDY Handshake beat=0 wlast=0
[245000] MASTER 1 B_VALID_RDY Handshake
[245000] [MASTER MONITOR] mst_id=1 s_id=0 awaddr=4876bd8 awid=101 awlen=1 awsize=3 awburst=1 wdata=[0 0 ] wstrb=[0 0 ] bresp=0 bid=101
[245000] SCOREBOARD MATCH: decode_err expected = 0, actual =0
[245000] SCOREBOARD MATCH: slave_id expected = 0, actual =0
[245000] SCOREBOARD MATCH: awaddr passthrough expected = 4876bd8, actual =4876bd8
[245000] SCOREBOARD MATCH: awlen passthrough expected = 1, actual =1
[245000] SCOREBOARD MATCH: awsize passthrough expected = 3, actual =3
[245000] SCOREBOARD MATCH: awburst passthrough expected = 1, actual =1
[245000] SCOREBOARD MATCH: wdata size check expected = 2, actual =2
[245000] SCOREBOARD MATCH: wdata passthrough beat=0 expected = 0, actual =0
[245000] SCOREBOARD MATCH: wdata passthrough beat=1 expected = 0, actual =0
[245000] SCOREBOARD MATCH: wstrb size check expected = 2, actual =2
[245000] SCOREBOARD MATCH: wstrb passthrough beat=0 expected = 0, actual =0
[245000] SCOREBOARD MATCH: wstrb passthrough beat=1 expected = 0, actual =0
[245000] SCOREBOARD MATCH: bresp passthrough expected = 0, actual =0
[245000] SCOREBOARD MATCH: response routed to correct master (write) expected = 1, actual =1
[245000] [SCOREBOARD-M] mst_id=1 s_id=0 awaddr=4876bd8 awid=101 awlen=1 awsize=3 awburst=1 wdata=[0 0 ] wstrb=[0 0 ] bresp=0 bid=101
[245000] [SCOREBOARD-S] mst_id=1 s_id=0 awaddr=4876bd8 awid=101 awlen=1 awsize=3 awburst=1 wdata=[0 0 ] wstrb=[0 0 ] bresp=0 bid=10101
[245000] SCOREBOARD: Transaction 9 received. pass=127 fail=0
[245000] ALL PASS. Total transactions: 9
[255000] S1 MEMORY WRITE beat=0 addr=19cd10a0 data=0000000000000000 id=16
[255000] AXI S1_WVALID_RDY HANDSHAKE
[255000] MASTER 1 W_VALID_RDY Handshake beat=1 wlast=1
[265000] AXI S1_WVALID_RDY HANDSHAKE
[265000] S1 MEMORY WRITE beat=1 addr=19cd10a8 data=0000000000000000 id=16
[275000] SLAVE1 sent B resp, id=6
[275000] AXI S1_BVALID_RDY HANDSHAKE
[275000] [SLAVE MONITOR] mst_id=1 s_id=1 awaddr=19cd10a0 awid=110 awlen=1 awsize=3 awburst=1 wdata=[0 0 ] wstrb=[0 0 ] bresp=0 bid=10110
[295000] MASTER 1 B_VALID_RDY Handshake
[295000] [MASTER MONITOR] mst_id=1 s_id=1 awaddr=19cd10a0 awid=110 awlen=1 awsize=3 awburst=1 wdata=[0 0 ] wstrb=[0 0 ] bresp=0 bid=110
[295000] MASTER 1 RECEIVED BRESP. BRESP=0
[295000] [MASTER DRIVER] mst_id=1 s_id=0 awaddr=19cd10a0 awid=110 awlen=1 awsize=3 awburst=1 wdata=[] wstrb=[] bresp=0 bid=110
[295000] SCOREBOARD MATCH: decode_err expected = 0, actual =0
[295000] SCOREBOARD MATCH: slave_id expected = 1, actual =1
[295000] SCOREBOARD MATCH: awaddr passthrough expected = 19cd10a0, actual =19cd10a0
[295000] SCOREBOARD MATCH: awlen passthrough expected = 1, actual =1
[295000] SCOREBOARD MATCH: awsize passthrough expected = 3, actual =3
[295000] SCOREBOARD MATCH: awburst passthrough expected = 1, actual =1
[295000] SCOREBOARD MATCH: wdata size check expected = 2, actual =2
[295000] SCOREBOARD MATCH: wdata passthrough beat=0 expected = 0, actual =0
[295000] SCOREBOARD MATCH: wdata passthrough beat=1 expected = 0, actual =0
[295000] SCOREBOARD MATCH: wstrb size check expected = 2, actual =2
[295000] SCOREBOARD MATCH: wstrb passthrough beat=0 expected = 0, actual =0
[295000] SCOREBOARD MATCH: wstrb passthrough beat=1 expected = 0, actual =0
[295000] SCOREBOARD MATCH: bresp passthrough expected = 0, actual =0
[295000] SCOREBOARD MATCH: response routed to correct master (write) expected = 1, actual =1
[295000] [SCOREBOARD-M] mst_id=1 s_id=1 awaddr=19cd10a0 awid=110 awlen=1 awsize=3 awburst=1 wdata=[0 0 ] wstrb=[0 0 ] bresp=0 bid=110
[295000] [SCOREBOARD-S] mst_id=1 s_id=1 awaddr=19cd10a0 awid=110 awlen=1 awsize=3 awburst=1 wdata=[0 0 ] wstrb=[0 0 ] bresp=0 bid=10110
[295000] SCOREBOARD: Transaction 10 received. pass=141 fail=0
[295000] SCOREBOARD: Expected 10 transactions completed, PASS=141 FAIL=0
[295000] ALL PASS. Total transactions: 10
[295000] ALL TRANSACTIONS MONITORED
$finish called at time : 315 ns : File "/home/nashita/Desktop/practice/axi_xbar/tb/top/axi_tb_top.sv" Line 206
exit
INFO: xsimkernel Simulation Memory Usage: 289420 KB (Peak: 337824 KB), Simulation CPU Usage: 1210 ms
INFO: [Common 17-206] Exiting xsim at Tue Sep  8 16:07:55 2026...
