#-----------------------------------------------------------
# xsim v2025.2 (64-bit)
# SW Build 6299465 on Fri Nov 14 12:34:56 MST 2025
# IP Build 6300035 on Fri Nov 14 10:48:45 MST 2025
# SharedData Build 6298862 on Thu Nov 13 04:50:51 MST 2025
# Start of session at: Tue Sep  8 16:06:32 2026
# Process ID         : 3986682
# Current directory  : /home/nashita/Desktop/practice/axi_xbar/sim
# Command line       : xsim -log regress_results/BT_run79.log -mode tcl -source {xsim.dir/tb_top_snap/xsim_script.tcl}
# Log file           : /home/nashita/Desktop/practice/axi_xbar/sim/regress_results/BT_run79.log
# Journal file       : /home/nashita/Desktop/practice/axi_xbar/sim/xsim.jou
# Running On         : vlsi-vivado
# Platform           : Ubuntu
# Operating System   : Ubuntu 24.04.4 LTS
# Processor Detail   : Intel(R) Core(TM) i5-10400 CPU @ 2.90GHz
# CPU Frequency      : 4000.187 MHz
# CPU Physical cores : 6
# CPU Logical cores  : 12
# Host memory        : 41875 MB
# Swap memory        : 27648 MB
# Total Virtual      : 69524 MB
# Available Virtual  : 60220 MB
#-----------------------------------------------------------
source xsim.dir/tb_top_snap/xsim_script.tcl
# xsim {tb_top_snap} -testplusarg BT -autoloadwcfg -runall -sv_seed 80
Time resolution is 1 ps
run -all
[0] RUNNING BASE TEST
[0] INSIDE THE BASE TEST CONSTRUCTOR
[0] ENV: before agent
[0] SLAVE CONSTRUCTED
[0] MASTER MONITOR CONSTRUCTED
[0] MASTER MONITOR CONSTRUCTED
[0] SLAVE MONITOR CONSTRUCTED
[0] SLAVE MONITOR CONSTRUCTED
[0] ARB MONITOR CONSTRUCTED
GENERATOR CONSTRUCTED
[0] ENV: after agent
[0] ENV: before scoreboard
[0] ENV: after scoreboard
[15000] [SEQUENCER] READ mst_id=0 s_id=0 araddr=10cc7410 arid=0 arlen=1 arsize=3 arburst=1 rid=[] rresp=[] rdata=[]
[15000] [SEQUENCER] mst_id=1 s_id=0 awaddr=1b3f5b38 awid=10 awlen=1 awsize=3 awburst=1 wdata=[] wstrb=[] bresp=0 bid=0
[15000] [SEQUENCER] mst_id=1 s_id=0 awaddr=dc8218 awid=1101 awlen=1 awsize=3 awburst=1 wdata=[] wstrb=[] bresp=0 bid=0
[15000] [SEQUENCER] mst_id=1 s_id=0 awaddr=1731c3a0 awid=10 awlen=1 awsize=3 awburst=1 wdata=[] wstrb=[] bresp=0 bid=0
[15000] [SEQUENCER] READ mst_id=0 s_id=0 araddr=13b4fd98 arid=1 arlen=1 arsize=3 arburst=1 rid=[] rresp=[] rdata=[]
[15000] [SEQUENCER] mst_id=1 s_id=0 awaddr=14adc440 awid=11 awlen=1 awsize=3 awburst=1 wdata=[] wstrb=[] bresp=0 bid=0
[15000] [SEQUENCER] mst_id=0 s_id=0 awaddr=568dad0 awid=111 awlen=1 awsize=3 awburst=1 wdata=[] wstrb=[] bresp=0 bid=0
[15000] [SEQUENCER] READ mst_id=0 s_id=0 araddr=f2a3090 arid=3 arlen=1 arsize=3 arburst=1 rid=[] rresp=[] rdata=[]
[15000] [SEQUENCER] mst_id=0 s_id=0 awaddr=feaef88 awid=101 awlen=1 awsize=3 awburst=1 wdata=[] wstrb=[] bresp=0 bid=0
[15000] [SEQUENCER] mst_id=1 s_id=0 awaddr=4740d30 awid=1010 awlen=1 awsize=3 awburst=1 wdata=[] wstrb=[] bresp=0 bid=0
[15000] MASTER_DRIVER0 received transaction, op=AXI_READ
[15000] MASTER_DRIVER1 received transaction, op=AXI_WRITE
[35000] MASTER 1 AW_VALID_RDY Handshake
[35000] MASTER_DRIVER0 received transaction, op=AXI_READ
[45000] ARB MONITOR: slave=1 m0_req=0 m1_req=1 winner=1
[45000] ARB MONITOR: slave=1 m0_req=1 m1_req=0 winner=0
[45000] AXI S0_ARVALID_RDY HANDSHAKE
[45000] MEMORY READ MISS beat=0 addr=10cc7410 -> default data id=0
[45000] AXI S1_AWVALID_RDY HANDSHAKE
[55000] MEMORY READ MISS beat=1 addr=10cc7418 -> default data id=0
[55000] SLAVE 1 R_VALID_RDY Handshake beat=0 rlast=0
[55000] MASTER 1 W_VALID_RDY Handshake beat=0 wlast=0
[55000] MASTER_DRIVER0 received transaction, op=AXI_WRITE
[65000] MASTER_DRIVER1 received transaction, op=AXI_WRITE
[65000] MASTER 1 W_VALID_RDY Handshake beat=1 wlast=1
[65000] SLAVE 1 R_VALID_RDY Handshake beat=1 rlast=1
[65000] [SLAVE MONITOR AR] READ mst_id=0 s_id=1 araddr=10cc7410 arid=0 arlen=1 arsize=3 arburst=1 rid=[00] rresp=[00] rdata=[baadf00d12345678baadf00d12345678]
[65000] AXI S1_WVALID_RDY HANDSHAKE
[65000] S1 MEMORY WRITE beat=0 addr=1b3f5b38 data=0000000000000000 id=12
[75000] S1 MEMORY WRITE beat=1 addr=1b3f5b40 data=0000000000000000 id=12
[75000] AXI S0_ARVALID_RDY HANDSHAKE
[75000] MEMORY READ MISS beat=0 addr=13b4fd98 -> default data id=1
[75000] AXI S1_WVALID_RDY HANDSHAKE
[75000] ARB MONITOR: slave=1 m0_req=1 m1_req=0 winner=0
[75000] MASTER 0 R_VALID_RDY Handshake beat=0 rlast=0
[75000] MASTER 0 AW_VALID_RDY Handshake
[85000] [MASTER DRIVER] READ mst_id=0 s_id=0 araddr=10cc7410 arid=0 arlen=1 arsize=3 arburst=1 rid=[00] rresp=[00] rdata=[baadf00d12345678baadf00d12345678]
[85000] MASTER 0 R_VALID_RDY Handshake beat=1 rlast=1
[85000] [MASTER MONITOR] READ mst_id=0 s_id=1 araddr=10cc7410 arid=0 arlen=1 arsize=3 arburst=1 rid=[00] rresp=[00] rdata=[baadf00d12345678baadf00d12345678]
[85000] MASTER 1 AW_VALID_RDY Handshake
[85000] ARB MONITOR: slave=0 m0_req=1 m1_req=1 winner=0
[85000] SLAVE 1 R_VALID_RDY Handshake beat=0 rlast=0
[85000] AXI S1_BVALID_RDY HANDSHAKE
[85000] [SLAVE MONITOR] mst_id=1 s_id=1 awaddr=1b3f5b38 awid=10 awlen=1 awsize=3 awburst=1 wdata=[0 0 ] wstrb=[0 0 ] bresp=0 bid=10010
[85000] MEMORY READ MISS beat=1 addr=13b4fda0 -> default data id=1
[85000] SLAVE1 sent B resp, id=2
[85000] AXI S0_AWVALID_RDY HANDSHAKE
[85000] SCOREBOARD MATCH: decode_err expected = 0, actual =0
[85000] SCOREBOARD MATCH: slave_id expected = 1, actual =1
[85000] SCOREBOARD MATCH: araddr passthrough expected = 10cc7410, actual =10cc7410
[85000] SCOREBOARD MATCH: arlen passthrough expected = 1, actual =1
[85000] SCOREBOARD MATCH: arsize passthrough expected = 3, actual =3
[85000] SCOREBOARD MATCH: arburst passthrough expected = 1, actual =1
[85000] SCOREBOARD MATCH: rdata size check expected = 2, actual =2
[85000] SCOREBOARD MATCH: rdata passthrough beat=0 expected = baadf00d12345678, actual =baadf00d12345678
[85000] SCOREBOARD MATCH: rdata passthrough beat=1 expected = baadf00d12345678, actual =baadf00d12345678
[85000] SCOREBOARD MATCH: rresp size check expected = 2, actual =2
[85000] SCOREBOARD MATCH: rresp passthrough beat=0 expected = 0, actual =0
[85000] SCOREBOARD MATCH: rresp passthrough beat=1 expected = 0, actual =0
[85000] SCOREBOARD MATCH: response routed to correct master (read beat 0) expected = 0, actual =0
[85000] SCOREBOARD MATCH: response routed to correct master (read beat 1) expected = 0, actual =0
[85000] [SCOREBOARD-M] READ mst_id=0 s_id=1 araddr=10cc7410 arid=0 arlen=1 arsize=3 arburst=1 rid=[00] rresp=[00] rdata=[baadf00d12345678baadf00d12345678]
[85000] [SCOREBOARD-S] READ mst_id=0 s_id=1 araddr=10cc7410 arid=0 arlen=1 arsize=3 arburst=1 rid=[00] rresp=[00] rdata=[baadf00d12345678baadf00d12345678]
[85000] SCOREBOARD: Transaction 1 received. pass=14 fail=0
[85000] ALL PASS. Total transactions: 1
[85000] SCOREBOARD MATCH: arbitration winner (slave 0) expected = 0, actual =0
[95000] SLAVE 1 R_VALID_RDY Handshake beat=1 rlast=1
[95000] [SLAVE MONITOR AR] READ mst_id=0 s_id=1 araddr=13b4fd98 arid=1 arlen=1 arsize=3 arburst=1 rid=[11] rresp=[00] rdata=[baadf00d12345678baadf00d12345678]
[95000] MASTER 0 W_VALID_RDY Handshake beat=0 wlast=0
[105000] MASTER 1 RECEIVED BRESP. BRESP=0
[105000] [MASTER DRIVER] mst_id=1 s_id=0 awaddr=1b3f5b38 awid=10 awlen=1 awsize=3 awburst=1 wdata=[] wstrb=[] bresp=0 bid=10
[105000] MASTER_DRIVER0 received transaction, op=AXI_READ
[105000] MASTER 0 W_VALID_RDY Handshake beat=1 wlast=1
[105000] MASTER 0 R_VALID_RDY Handshake beat=0 rlast=0
[105000] MASTER 1 W_VALID_RDY Handshake beat=0 wlast=0
[105000] MASTER 1 B_VALID_RDY Handshake
[105000] [MASTER MONITOR] mst_id=1 s_id=1 awaddr=1b3f5b38 awid=10 awlen=1 awsize=3 awburst=1 wdata=[0 0 ] wstrb=[0 0 ] bresp=0 bid=10
[105000] AXI S0_WVALID_RDY HANDSHAKE
[105000] AXI S0_WVALID_RDY HANDSHAKE
[105000] S0 MEMORY WRITE beat=0 addr=0568dad0 data=0000000000000000 id=07
[105000] SCOREBOARD MATCH: decode_err expected = 0, actual =0
[105000] SCOREBOARD MATCH: slave_id expected = 1, actual =1
[105000] SCOREBOARD MATCH: awaddr passthrough expected = 1b3f5b38, actual =1b3f5b38
[105000] SCOREBOARD MATCH: awlen passthrough expected = 1, actual =1
[105000] SCOREBOARD MATCH: awsize passthrough expected = 3, actual =3
[105000] SCOREBOARD MATCH: awburst passthrough expected = 1, actual =1
[105000] SCOREBOARD MATCH: wdata size check expected = 2, actual =2
[105000] SCOREBOARD MATCH: wdata passthrough beat=0 expected = 0, actual =0
[105000] SCOREBOARD MATCH: wdata passthrough beat=1 expected = 0, actual =0
[105000] SCOREBOARD MATCH: wstrb size check expected = 2, actual =2
[105000] SCOREBOARD MATCH: wstrb passthrough beat=0 expected = 0, actual =0
[105000] SCOREBOARD MATCH: wstrb passthrough beat=1 expected = 0, actual =0
[105000] SCOREBOARD MATCH: bresp passthrough expected = 0, actual =0
[105000] SCOREBOARD MATCH: response routed to correct master (write) expected = 1, actual =1
[105000] [SCOREBOARD-M] mst_id=1 s_id=1 awaddr=1b3f5b38 awid=10 awlen=1 awsize=3 awburst=1 wdata=[0 0 ] wstrb=[0 0 ] bresp=0 bid=10
[105000] [SCOREBOARD-S] mst_id=1 s_id=1 awaddr=1b3f5b38 awid=10 awlen=1 awsize=3 awburst=1 wdata=[0 0 ] wstrb=[0 0 ] bresp=0 bid=10010
[105000] SCOREBOARD: Transaction 2 received. pass=29 fail=0
[105000] ALL PASS. Total transactions: 2
[115000] AXI S0_WVALID_RDY HANDSHAKE
[115000] S0 MEMORY WRITE beat=1 addr=0568dad8 data=0000000000000000 id=07
[115000] AXI S0_WVALID_RDY HANDSHAKE
[115000] MASTER 1 W_VALID_RDY Handshake beat=1 wlast=1
[115000] MASTER 0 R_VALID_RDY Handshake beat=1 rlast=1
[115000] [MASTER MONITOR] READ mst_id=0 s_id=1 araddr=13b4fd98 arid=1 arlen=1 arsize=3 arburst=1 rid=[11] rresp=[00] rdata=[baadf00d12345678baadf00d12345678]
[115000] [MASTER DRIVER] READ mst_id=0 s_id=0 araddr=13b4fd98 arid=1 arlen=1 arsize=3 arburst=1 rid=[11] rresp=[00] rdata=[baadf00d12345678baadf00d12345678]
[115000] MASTER_DRIVER1 received transaction, op=AXI_WRITE
[115000] SCOREBOARD MATCH: decode_err expected = 0, actual =0
[115000] SCOREBOARD MATCH: slave_id expected = 1, actual =1
[115000] SCOREBOARD MATCH: araddr passthrough expected = 13b4fd98, actual =13b4fd98
[115000] SCOREBOARD MATCH: arlen passthrough expected = 1, actual =1
[115000] SCOREBOARD MATCH: arsize passthrough expected = 3, actual =3
[115000] SCOREBOARD MATCH: arburst passthrough expected = 1, actual =1
[115000] SCOREBOARD MATCH: rdata size check expected = 2, actual =2
[115000] SCOREBOARD MATCH: rdata passthrough beat=0 expected = baadf00d12345678, actual =baadf00d12345678
[115000] SCOREBOARD MATCH: rdata passthrough beat=1 expected = baadf00d12345678, actual =baadf00d12345678
[115000] SCOREBOARD MATCH: rresp size check expected = 2, actual =2
[115000] SCOREBOARD MATCH: rresp passthrough beat=0 expected = 0, actual =0
[115000] SCOREBOARD MATCH: rresp passthrough beat=1 expected = 0, actual =0
[115000] SCOREBOARD MATCH: response routed to correct master (read beat 0) expected = 0, actual =0
[115000] SCOREBOARD MATCH: response routed to correct master (read beat 1) expected = 0, actual =0
[115000] [SCOREBOARD-M] READ mst_id=0 s_id=1 araddr=13b4fd98 arid=1 arlen=1 arsize=3 arburst=1 rid=[11] rresp=[00] rdata=[baadf00d12345678baadf00d12345678]
[115000] [SCOREBOARD-S] READ mst_id=0 s_id=1 araddr=13b4fd98 arid=1 arlen=1 arsize=3 arburst=1 rid=[11] rresp=[00] rdata=[baadf00d12345678baadf00d12345678]
[115000] SCOREBOARD: Transaction 3 received. pass=43 fail=0
[115000] ALL PASS. Total transactions: 3
[125000] MASTER_DRIVER0 received transaction, op=AXI_WRITE
[125000] AXI S0_BVALID_RDY HANDSHAKE
[125000] [SLAVE MONITOR] mst_id=0 s_id=0 awaddr=568dad0 awid=111 awlen=1 awsize=3 awburst=1 wdata=[0 0 ] wstrb=[0 0 ] bresp=0 bid=111
[125000] SLAVE0 sent B resp, id=7
[135000] AXI S0_AWVALID_RDY HANDSHAKE
[135000] AXI S0_ARVALID_RDY HANDSHAKE
[135000] MEMORY READ MISS beat=0 addr=f2a3090 -> default data id=3
[135000] ARB MONITOR: slave=0 m0_req=0 m1_req=0 winner=1
[135000] ARB MONITOR: slave=0 m0_req=1 m1_req=0 winner=0
[135000] MASTER 1 AW_VALID_RDY Handshake
[145000] MASTER 0 RECEIVED BRESP. BRESP=0
[145000] [MASTER DRIVER] mst_id=0 s_id=0 awaddr=568dad0 awid=111 awlen=1 awsize=3 awburst=1 wdata=[] wstrb=[] bresp=0 bid=111
[145000] MASTER 0 AW_VALID_RDY Handshake
[145000] MASTER 0 B_VALID_RDY Handshake
[145000] [MASTER MONITOR] mst_id=0 s_id=0 awaddr=568dad0 awid=111 awlen=1 awsize=3 awburst=1 wdata=[0 0 ] wstrb=[0 0 ] bresp=0 bid=111
[145000] ARB MONITOR: slave=1 m0_req=0 m1_req=0 winner=1
[145000] SLAVE 0 R_VALID_RDY Handshake beat=0 rlast=0
[145000] AXI S0_WVALID_RDY HANDSHAKE
[145000] MEMORY READ MISS beat=1 addr=f2a3098 -> default data id=3
[145000] AXI S1_AWVALID_RDY HANDSHAKE
[145000] AXI S0_WVALID_RDY HANDSHAKE
[145000] S0 MEMORY WRITE beat=0 addr=00dc8218 data=0000000000000000 id=1d
[145000] SCOREBOARD MATCH: decode_err expected = 0, actual =0
[145000] SCOREBOARD MATCH: slave_id expected = 0, actual =0
[145000] SCOREBOARD MATCH: awaddr passthrough expected = 568dad0, actual =568dad0
[145000] SCOREBOARD MATCH: awlen passthrough expected = 1, actual =1
[145000] SCOREBOARD MATCH: awsize passthrough expected = 3, actual =3
[145000] SCOREBOARD MATCH: awburst passthrough expected = 1, actual =1
[145000] SCOREBOARD MATCH: wdata size check expected = 2, actual =2
[145000] SCOREBOARD MATCH: wdata passthrough beat=0 expected = 0, actual =0
[145000] SCOREBOARD MATCH: wdata passthrough beat=1 expected = 0, actual =0
[145000] SCOREBOARD MATCH: wstrb size check expected = 2, actual =2
[145000] SCOREBOARD MATCH: wstrb passthrough beat=0 expected = 0, actual =0
[145000] SCOREBOARD MATCH: wstrb passthrough beat=1 expected = 0, actual =0
[145000] SCOREBOARD MATCH: bresp passthrough expected = 0, actual =0
[145000] SCOREBOARD MATCH: response routed to correct master (write) expected = 0, actual =0
[145000] [SCOREBOARD-M] mst_id=0 s_id=0 awaddr=568dad0 awid=111 awlen=1 awsize=3 awburst=1 wdata=[0 0 ] wstrb=[0 0 ] bresp=0 bid=111
[145000] [SCOREBOARD-S] mst_id=0 s_id=0 awaddr=568dad0 awid=111 awlen=1 awsize=3 awburst=1 wdata=[0 0 ] wstrb=[0 0 ] bresp=0 bid=111
[145000] SCOREBOARD: Transaction 4 received. pass=57 fail=0
[145000] ALL PASS. Total transactions: 4
[155000] AXI S0_WVALID_RDY HANDSHAKE
[155000] S0 MEMORY WRITE beat=1 addr=00dc8220 data=0000000000000000 id=1d
[155000] S1 MEMORY WRITE beat=0 addr=1731c3a0 data=0000000000000000 id=12
[155000] AXI S0_WVALID_RDY HANDSHAKE
[155000] SLAVE 0 R_VALID_RDY Handshake beat=1 rlast=1
[155000] [SLAVE MONITOR AR] READ mst_id=0 s_id=0 araddr=f2a3090 arid=3 arlen=1 arsize=3 arburst=1 rid=[33] rresp=[00] rdata=[baadf00d12345678baadf00d12345678]
[155000] AXI S1_WVALID_RDY HANDSHAKE
[155000] MASTER 1 W_VALID_RDY Handshake beat=0 wlast=0
[165000] MASTER_DRIVER1 received transaction, op=AXI_WRITE
[165000] MASTER 0 W_VALID_RDY Handshake beat=0 wlast=0
[165000] MASTER 0 R_VALID_RDY Handshake beat=0 rlast=0
[165000] MASTER 1 W_VALID_RDY Handshake beat=1 wlast=1
[165000] AXI S1_BVALID_RDY HANDSHAKE
[165000] [SLAVE MONITOR] mst_id=1 s_id=1 awaddr=1731c3a0 awid=10 awlen=1 awsize=3 awburst=1 wdata=[0 ] wstrb=[0 ] bresp=0 bid=10010
[165000] AXI S0_BVALID_RDY HANDSHAKE
[165000] [SLAVE MONITOR] mst_id=1 s_id=0 awaddr=dc8218 awid=1101 awlen=1 awsize=3 awburst=1 wdata=[0 0 ] wstrb=[0 0 ] bresp=0 bid=11101
[165000] SLAVE1 sent B resp, id=2
[165000] SLAVE0 sent B resp, id=13
[175000] AXI S0_AWVALID_RDY HANDSHAKE
[175000] ARB MONITOR: slave=0 m0_req=1 m1_req=0 winner=0
[175000] MASTER 0 R_VALID_RDY Handshake beat=1 rlast=1
[175000] [MASTER MONITOR] READ mst_id=0 s_id=0 araddr=f2a3090 arid=3 arlen=1 arsize=3 arburst=1 rid=[33] rresp=[00] rdata=[baadf00d12345678baadf00d12345678]
[175000] MASTER 0 W_VALID_RDY Handshake beat=1 wlast=1
[175000] [MASTER DRIVER] READ mst_id=0 s_id=0 araddr=f2a3090 arid=3 arlen=1 arsize=3 arburst=1 rid=[33] rresp=[00] rdata=[baadf00d12345678baadf00d12345678]
[175000] SCOREBOARD MATCH: decode_err expected = 0, actual =0
[175000] SCOREBOARD MATCH: slave_id expected = 0, actual =0
[175000] SCOREBOARD MATCH: araddr passthrough expected = f2a3090, actual =f2a3090
[175000] SCOREBOARD MATCH: arlen passthrough expected = 1, actual =1
[175000] SCOREBOARD MATCH: arsize passthrough expected = 3, actual =3
[175000] SCOREBOARD MATCH: arburst passthrough expected = 1, actual =1
[175000] SCOREBOARD MATCH: rdata size check expected = 2, actual =2
[175000] SCOREBOARD MATCH: rdata passthrough beat=0 expected = baadf00d12345678, actual =baadf00d12345678
[175000] SCOREBOARD MATCH: rdata passthrough beat=1 expected = baadf00d12345678, actual =baadf00d12345678
[175000] SCOREBOARD MATCH: rresp size check expected = 2, actual =2
[175000] SCOREBOARD MATCH: rresp passthrough beat=0 expected = 0, actual =0
[175000] SCOREBOARD MATCH: rresp passthrough beat=1 expected = 0, actual =0
[175000] SCOREBOARD MATCH: response routed to correct master (read beat 0) expected = 0, actual =0
[175000] SCOREBOARD MATCH: response routed to correct master (read beat 1) expected = 0, actual =0
[175000] [SCOREBOARD-M] READ mst_id=0 s_id=0 araddr=f2a3090 arid=3 arlen=1 arsize=3 arburst=1 rid=[33] rresp=[00] rdata=[baadf00d12345678baadf00d12345678]
[175000] [SCOREBOARD-S] READ mst_id=0 s_id=0 araddr=f2a3090 arid=3 arlen=1 arsize=3 arburst=1 rid=[33] rresp=[00] rdata=[baadf00d12345678baadf00d12345678]
[175000] SCOREBOARD: Transaction 5 received. pass=71 fail=0
[175000] ALL PASS. Total transactions: 5
[185000] MASTER 1 RECEIVED BRESP. BRESP=0
[185000] [MASTER DRIVER] mst_id=1 s_id=0 awaddr=dc8218 awid=1101 awlen=1 awsize=3 awburst=1 wdata=[] wstrb=[] bresp=0 bid=1101
[185000] MASTER 1 B_VALID_RDY Handshake
[185000] [MASTER MONITOR] mst_id=1 s_id=0 awaddr=dc8218 awid=1101 awlen=1 awsize=3 awburst=1 wdata=[0 0 ] wstrb=[0 0 ] bresp=0 bid=1101
[185000] MASTER 1 AW_VALID_RDY Handshake
[185000] AXI S0_WVALID_RDY HANDSHAKE
[185000] AXI S0_WVALID_RDY HANDSHAKE
[185000] S0 MEMORY WRITE beat=0 addr=0feaef88 data=0000000000000000 id=05
[185000] SCOREBOARD MATCH: decode_err expected = 0, actual =0
[185000] SCOREBOARD MATCH: slave_id expected = 0, actual =0
[185000] SCOREBOARD MATCH: awaddr passthrough expected = dc8218, actual =dc8218
[185000] SCOREBOARD MATCH: awlen passthrough expected = 1, actual =1
[185000] SCOREBOARD MATCH: awsize passthrough expected = 3, actual =3
[185000] SCOREBOARD MATCH: awburst passthrough expected = 1, actual =1
[185000] SCOREBOARD MATCH: wdata size check expected = 2, actual =2
[185000] SCOREBOARD MATCH: wdata passthrough beat=0 expected = 0, actual =0
[185000] SCOREBOARD MATCH: wdata passthrough beat=1 expected = 0, actual =0
[185000] SCOREBOARD MATCH: wstrb size check expected = 2, actual =2
[185000] SCOREBOARD MATCH: wstrb passthrough beat=0 expected = 0, actual =0
[185000] SCOREBOARD MATCH: wstrb passthrough beat=1 expected = 0, actual =0
[185000] SCOREBOARD MATCH: bresp passthrough expected = 0, actual =0
[185000] SCOREBOARD MATCH: response routed to correct master (write) expected = 1, actual =1
[185000] [SCOREBOARD-M] mst_id=1 s_id=0 awaddr=dc8218 awid=1101 awlen=1 awsize=3 awburst=1 wdata=[0 0 ] wstrb=[0 0 ] bresp=0 bid=1101
[185000] [SCOREBOARD-S] mst_id=1 s_id=0 awaddr=dc8218 awid=1101 awlen=1 awsize=3 awburst=1 wdata=[0 0 ] wstrb=[0 0 ] bresp=0 bid=11101
[185000] SCOREBOARD: Transaction 6 received. pass=85 fail=0
[185000] ALL PASS. Total transactions: 6
[195000] AXI S0_WVALID_RDY HANDSHAKE
[195000] S0 MEMORY WRITE beat=1 addr=0feaef90 data=0000000000000000 id=05
[195000] AXI S1_AWVALID_RDY HANDSHAKE
[195000] AXI S0_WVALID_RDY HANDSHAKE
[195000] ARB MONITOR: slave=1 m0_req=0 m1_req=1 winner=1
[205000] MASTER 1 RECEIVED BRESP. BRESP=0
[205000] [MASTER DRIVER] mst_id=1 s_id=0 awaddr=1731c3a0 awid=10 awlen=1 awsize=3 awburst=1 wdata=[] wstrb=[] bresp=0 bid=10
[205000] MASTER 1 W_VALID_RDY Handshake beat=0 wlast=0
[205000] MASTER 1 B_VALID_RDY Handshake
[205000] [MASTER MONITOR] mst_id=1 s_id=1 awaddr=1731c3a0 awid=10 awlen=1 awsize=3 awburst=1 wdata=[0 0 ] wstrb=[0 0 ] bresp=0 bid=10
[205000] AXI S1_WVALID_RDY HANDSHAKE
[205000] AXI S0_BVALID_RDY HANDSHAKE
[205000] [SLAVE MONITOR] mst_id=0 s_id=0 awaddr=feaef88 awid=101 awlen=1 awsize=3 awburst=1 wdata=[0 0 ] wstrb=[0 0 ] bresp=0 bid=101
[205000] S1 MEMORY WRITE beat=0 addr=14adc440 data=0000000000000000 id=13
[205000] SLAVE0 sent B resp, id=5
[205000] SCOREBOARD MATCH: decode_err expected = 0, actual =0
[205000] SCOREBOARD MATCH: slave_id expected = 1, actual =1
[205000] SCOREBOARD MATCH: awaddr passthrough expected = 1731c3a0, actual =1731c3a0
[205000] SCOREBOARD MATCH: awlen passthrough expected = 1, actual =1
[205000] SCOREBOARD MATCH: awsize passthrough expected = 3, actual =3
[205000] SCOREBOARD MATCH: awburst passthrough expected = 1, actual =1
[205000] SCOREBOARD MISMATCH: wdata size check  expected=2 actual=1
[205000] SCOREBOARD MISMATCH: wstrb size check  expected=2 actual=1
[205000] SCOREBOARD MATCH: bresp passthrough expected = 0, actual =0
[205000] SCOREBOARD MATCH: response routed to correct master (write) expected = 1, actual =1
[205000] [SCOREBOARD-M] mst_id=1 s_id=1 awaddr=1731c3a0 awid=10 awlen=1 awsize=3 awburst=1 wdata=[0 0 ] wstrb=[0 0 ] bresp=0 bid=10
[205000] [SCOREBOARD-S] mst_id=1 s_id=1 awaddr=1731c3a0 awid=10 awlen=1 awsize=3 awburst=1 wdata=[0 ] wstrb=[0 ] bresp=0 bid=10010
[205000] SCOREBOARD: Transaction 7 received. pass=93 fail=2
[205000] ERROR FOUND. FAIL COUNT=2 PASS COUNT=93 TOTAL TESTS=95
[215000] S1 MEMORY WRITE beat=1 addr=14adc448 data=0000000000000000 id=13
[215000] AXI S1_WVALID_RDY HANDSHAKE
[215000] MASTER 1 W_VALID_RDY Handshake beat=1 wlast=1
[215000] MASTER_DRIVER1 received transaction, op=AXI_WRITE
[225000] MASTER 0 RECEIVED BRESP. BRESP=0
[225000] [MASTER DRIVER] mst_id=0 s_id=0 awaddr=feaef88 awid=101 awlen=1 awsize=3 awburst=1 wdata=[] wstrb=[] bresp=0 bid=101
[225000] MASTER 0 B_VALID_RDY Handshake
[225000] [MASTER MONITOR] mst_id=0 s_id=0 awaddr=feaef88 awid=101 awlen=1 awsize=3 awburst=1 wdata=[0 0 ] wstrb=[0 0 ] bresp=0 bid=101
[225000] AXI S1_BVALID_RDY HANDSHAKE
[225000] [SLAVE MONITOR] mst_id=1 s_id=1 awaddr=14adc440 awid=11 awlen=1 awsize=3 awburst=1 wdata=[0 0 ] wstrb=[0 0 ] bresp=0 bid=10011
[225000] SLAVE1 sent B resp, id=3
[225000] SCOREBOARD MATCH: decode_err expected = 0, actual =0
[225000] SCOREBOARD MATCH: slave_id expected = 0, actual =0
[225000] SCOREBOARD MATCH: awaddr passthrough expected = feaef88, actual =feaef88
[225000] SCOREBOARD MATCH: awlen passthrough expected = 1, actual =1
[225000] SCOREBOARD MATCH: awsize passthrough expected = 3, actual =3
[225000] SCOREBOARD MATCH: awburst passthrough expected = 1, actual =1
[225000] SCOREBOARD MATCH: wdata size check expected = 2, actual =2
[225000] SCOREBOARD MATCH: wdata passthrough beat=0 expected = 0, actual =0
[225000] SCOREBOARD MATCH: wdata passthrough beat=1 expected = 0, actual =0
[225000] SCOREBOARD MATCH: wstrb size check expected = 2, actual =2
[225000] SCOREBOARD MATCH: wstrb passthrough beat=0 expected = 0, actual =0
[225000] SCOREBOARD MATCH: wstrb passthrough beat=1 expected = 0, actual =0
[225000] SCOREBOARD MATCH: bresp passthrough expected = 0, actual =0
[225000] SCOREBOARD MATCH: response routed to correct master (write) expected = 0, actual =0
[225000] [SCOREBOARD-M] mst_id=0 s_id=0 awaddr=feaef88 awid=101 awlen=1 awsize=3 awburst=1 wdata=[0 0 ] wstrb=[0 0 ] bresp=0 bid=101
[225000] [SCOREBOARD-S] mst_id=0 s_id=0 awaddr=feaef88 awid=101 awlen=1 awsize=3 awburst=1 wdata=[0 0 ] wstrb=[0 0 ] bresp=0 bid=101
[225000] SCOREBOARD: Transaction 8 received. pass=107 fail=2
[225000] ERROR FOUND. FAIL COUNT=2 PASS COUNT=107 TOTAL TESTS=109
[235000] MASTER 1 AW_VALID_RDY Handshake
[245000] MASTER 1 RECEIVED BRESP. BRESP=0
[245000] [MASTER DRIVER] mst_id=1 s_id=0 awaddr=14adc440 awid=11 awlen=1 awsize=3 awburst=1 wdata=[] wstrb=[] bresp=0 bid=11
[245000] MASTER 1 B_VALID_RDY Handshake
[245000] [MASTER MONITOR] mst_id=1 s_id=1 awaddr=14adc440 awid=11 awlen=1 awsize=3 awburst=1 wdata=[0 0 ] wstrb=[0 0 ] bresp=0 bid=11
[245000] ARB MONITOR: slave=0 m0_req=0 m1_req=1 winner=1
[245000] AXI S0_AWVALID_RDY HANDSHAKE
[245000] SCOREBOARD MATCH: decode_err expected = 0, actual =0
[245000] SCOREBOARD MATCH: slave_id expected = 1, actual =1
[245000] SCOREBOARD MATCH: awaddr passthrough expected = 14adc440, actual =14adc440
[245000] SCOREBOARD MATCH: awlen passthrough expected = 1, actual =1
[245000] SCOREBOARD MATCH: awsize passthrough expected = 3, actual =3
[245000] SCOREBOARD MATCH: awburst passthrough expected = 1, actual =1
[245000] SCOREBOARD MATCH: wdata size check expected = 2, actual =2
[245000] SCOREBOARD MATCH: wdata passthrough beat=0 expected = 0, actual =0
[245000] SCOREBOARD MATCH: wdata passthrough beat=1 expected = 0, actual =0
[245000] SCOREBOARD MATCH: wstrb size check expected = 2, actual =2
[245000] SCOREBOARD MATCH: wstrb passthrough beat=0 expected = 0, actual =0
[245000] SCOREBOARD MATCH: wstrb passthrough beat=1 expected = 0, actual =0
[245000] SCOREBOARD MATCH: bresp passthrough expected = 0, actual =0
[245000] SCOREBOARD MATCH: response routed to correct master (write) expected = 1, actual =1
[245000] [SCOREBOARD-M] mst_id=1 s_id=1 awaddr=14adc440 awid=11 awlen=1 awsize=3 awburst=1 wdata=[0 0 ] wstrb=[0 0 ] bresp=0 bid=11
[245000] [SCOREBOARD-S] mst_id=1 s_id=1 awaddr=14adc440 awid=11 awlen=1 awsize=3 awburst=1 wdata=[0 0 ] wstrb=[0 0 ] bresp=0 bid=10011
[245000] SCOREBOARD: Transaction 9 received. pass=121 fail=2
[245000] ERROR FOUND. FAIL COUNT=2 PASS COUNT=121 TOTAL TESTS=123
[255000] AXI S0_WVALID_RDY HANDSHAKE
[255000] S0 MEMORY WRITE beat=0 addr=04740d30 data=0000000000000000 id=1a
[255000] AXI S0_WVALID_RDY HANDSHAKE
[255000] MASTER 1 W_VALID_RDY Handshake beat=0 wlast=0
[265000] MASTER 1 W_VALID_RDY Handshake beat=1 wlast=1
[265000] AXI S0_WVALID_RDY HANDSHAKE
[265000] AXI S0_WVALID_RDY HANDSHAKE
[265000] S0 MEMORY WRITE beat=1 addr=04740d38 data=0000000000000000 id=1a
[275000] SLAVE0 sent B resp, id=10
[275000] AXI S0_BVALID_RDY HANDSHAKE
[275000] [SLAVE MONITOR] mst_id=1 s_id=0 awaddr=4740d30 awid=1010 awlen=1 awsize=3 awburst=1 wdata=[0 0 ] wstrb=[0 0 ] bresp=0 bid=11010
[295000] MASTER 1 B_VALID_RDY Handshake
[295000] [MASTER MONITOR] mst_id=1 s_id=0 awaddr=4740d30 awid=1010 awlen=1 awsize=3 awburst=1 wdata=[0 0 ] wstrb=[0 0 ] bresp=0 bid=1010
[295000] MASTER 1 RECEIVED BRESP. BRESP=0
[295000] [MASTER DRIVER] mst_id=1 s_id=0 awaddr=4740d30 awid=1010 awlen=1 awsize=3 awburst=1 wdata=[] wstrb=[] bresp=0 bid=1010
[295000] SCOREBOARD MATCH: decode_err expected = 0, actual =0
[295000] SCOREBOARD MATCH: slave_id expected = 0, actual =0
[295000] SCOREBOARD MATCH: awaddr passthrough expected = 4740d30, actual =4740d30
[295000] SCOREBOARD MATCH: awlen passthrough expected = 1, actual =1
[295000] SCOREBOARD MATCH: awsize passthrough expected = 3, actual =3
[295000] SCOREBOARD MATCH: awburst passthrough expected = 1, actual =1
[295000] SCOREBOARD MATCH: wdata size check expected = 2, actual =2
[295000] SCOREBOARD MATCH: wdata passthrough beat=0 expected = 0, actual =0
[295000] SCOREBOARD MATCH: wdata passthrough beat=1 expected = 0, actual =0
[295000] SCOREBOARD MATCH: wstrb size check expected = 2, actual =2
[295000] SCOREBOARD MATCH: wstrb passthrough beat=0 expected = 0, actual =0
[295000] SCOREBOARD MATCH: wstrb passthrough beat=1 expected = 0, actual =0
[295000] SCOREBOARD MATCH: bresp passthrough expected = 0, actual =0
[295000] SCOREBOARD MATCH: response routed to correct master (write) expected = 1, actual =1
[295000] [SCOREBOARD-M] mst_id=1 s_id=0 awaddr=4740d30 awid=1010 awlen=1 awsize=3 awburst=1 wdata=[0 0 ] wstrb=[0 0 ] bresp=0 bid=1010
[295000] [SCOREBOARD-S] mst_id=1 s_id=0 awaddr=4740d30 awid=1010 awlen=1 awsize=3 awburst=1 wdata=[0 0 ] wstrb=[0 0 ] bresp=0 bid=11010
[295000] SCOREBOARD: Transaction 10 received. pass=135 fail=2
[295000] SCOREBOARD: Expected 10 transactions completed, PASS=135 FAIL=2
[295000] ERROR FOUND. FAIL COUNT=2 PASS COUNT=135 TOTAL TESTS=137
[295000] ALL TRANSACTIONS MONITORED
$finish called at time : 315 ns : File "/home/nashita/Desktop/practice/axi_xbar/tb/top/axi_tb_top.sv" Line 206
exit
INFO: xsimkernel Simulation Memory Usage: 289420 KB (Peak: 337824 KB), Simulation CPU Usage: 1210 ms
INFO: [Common 17-206] Exiting xsim at Tue Sep  8 16:06:36 2026...
