#-----------------------------------------------------------
# xsim v2025.2 (64-bit)
# SW Build 6299465 on Fri Nov 14 12:34:56 MST 2025
# IP Build 6300035 on Fri Nov 14 10:48:45 MST 2025
# SharedData Build 6298862 on Thu Nov 13 04:50:51 MST 2025
# Start of session at: Thu Sep 10 18:36:18 2026
# Process ID         : 3649291
# Current directory  : /home/nashita/Desktop/practice/axi_xbar/sim
# Command line       : xsim -log regress_results/BT_run334.log -mode tcl -source {xsim.dir/tb_top_snap/xsim_script.tcl}
# Log file           : /home/nashita/Desktop/practice/axi_xbar/sim/regress_results/BT_run334.log
# Journal file       : /home/nashita/Desktop/practice/axi_xbar/sim/xsim.jou
# Running On         : vlsi-vivado
# Platform           : Ubuntu
# Operating System   : Ubuntu 24.04.4 LTS
# Processor Detail   : Intel(R) Core(TM) i5-10400 CPU @ 2.90GHz
# CPU Frequency      : 4000.000 MHz
# CPU Physical cores : 6
# CPU Logical cores  : 12
# Host memory        : 41875 MB
# Swap memory        : 27648 MB
# Total Virtual      : 69524 MB
# Available Virtual  : 62771 MB
#-----------------------------------------------------------
source xsim.dir/tb_top_snap/xsim_script.tcl
# xsim {tb_top_snap} -testplusarg BT -autoloadwcfg -runall -sv_seed 335
Time resolution is 1 ps
run -all
[0] RUNNING BASE TEST
[0] INSIDE THE BASE TEST CONSTRUCTOR
[0] ENV: before agent
[0] SLAVE CONSTRUCTED
[0] MASTER MONITOR CONSTRUCTED
[0] MASTER MONITOR CONSTRUCTED
[0] SLAVE MONITOR CONSTRUCTED
[0] SLAVE MONITOR CONSTRUCTED
[0] ARB MONITOR CONSTRUCTED
GENERATOR CONSTRUCTED
[0] ENV: after agent
[0] ENV: before scoreboard
[0] ENV: after scoreboard
[15000] [SEQUENCER] READ mst_id=1 s_id=0 araddr=16054680 arid=0 arlen=1 arsize=3 arburst=1 rid=[] rresp=[] rdata=[]
[15000] [SEQUENCER] READ mst_id=1 s_id=0 araddr=1d890110 arid=1 arlen=1 arsize=3 arburst=1 rid=[] rresp=[] rdata=[]
[15000] [SEQUENCER] READ mst_id=0 s_id=0 araddr=1bcb7088 arid=0 arlen=1 arsize=3 arburst=1 rid=[] rresp=[] rdata=[]
[15000] [SEQUENCER] mst_id=1 s_id=0 awaddr=f86e390 awid=111 awlen=59 awsize=0 awburst=1 wdata=[e9da1de02595bcd9 fe9ce5930d55b149 f13ef2b723055466 c89b113fbd449988 ca9a4ad1db191097 fe1e64fdc737f6d2 847c905abbd93d88 96f24e1fc6b9763c df16d0ecf16db2c 8af018b49510b31c dbca2958926dfd68 e184d89421e266d4 b6f319f0e9bb9666 fc2993cfec74f149 e57581d12bd4349 fc78d9afddae6c63 ca235dacc54a720d d807b556f8a26d7e d650d9e2d87ab5c9 1dc527d7d4808f06 cd22fc84a074378e f8eeed58f5ccdd2d ca4d6c33a373d666 c3e80df516b4152f 8c80f25c177068b8 bae43f1e3cd6fb4d d38b107cd6ce5e90 ee3ec748fecc4d13 bba34860e00c02d8 b6da6168a9230666 27ef537a8f2e58dc ef3a5bb5a51928b0 ce3c2f17e3929bda f2c0f4b7a614bd1d cb2de5cef62b8291 d9be1e6be1fb506c 88100d89196a14e5 f959776cc7f1322 ae7a638ed33df357 eca8083ce953b5e1 35d2c904368a7118 89c8646ffc3d9fb2 e5915594e44d2c92 9ad79daaf6706cac f2ae0c5e1b641e98 ffb14b2a24a0021a 1b106ec6d83f61f2 f3a3808a1a88e8d5 3f28eaef8dbe7b24 e5fddd17f354cbb5 dddb48ada3959b5 e7f7d4d9d9a15da1 ccf62956cd069f79 273ff92ecdf5b1f0 27970f92dad3dde0 a7da7d598f37ce07 dd2d7ff8f48d38e8 cf6116c9cf1a7687 de52448f04c48f8a f951c872f73b9422 ] wstrb=[87 aa 3b 11 39 5e 83 c0 8 bf d1 41 1d 54 1 25 13 d2 66 30 26 67 55 3a 39 bb 6a 5f 22 c0 99 5b 7b 4 bb 9e c4 54 f9 3f 58 b4 dd 1c 9 d7 5c 61 8b 39 7e 94 10 da f6 9c 13 74 30 24 ] bresp=0 bid=0
[15000] [SEQUENCER] mst_id=1 s_id=0 awaddr=1559b410 awid=1001 awlen=10 awsize=3 awburst=0 wdata=[4ba70952520c3ad 3028a21cf7a1392d c701f5b99f63d209 c48495b6d6cc4594 ce6d7ec2cbbc664e eb203858f4ad37d2 cb797d67956f747b e12bdacaafa4ce0e 245205e119e6fc29 af5670a4cc4c1322 fbf0e130efcb8348 ] wstrb=[6e 71 11 90 15 59 c1 84 ca d2 14 ] bresp=0 bid=0
[15000] MASTER_DRIVER1 received transaction, op=AXI_READ
[15000] MASTER_DRIVER0 received transaction, op=AXI_READ
[35000] MASTER_DRIVER1 received transaction, op=AXI_READ
[45000] ARB MONITOR: slave=1 m0_req=1 m1_req=1 winner=0
[45000] AXI S0_ARVALID_RDY HANDSHAKE
[45000] MEMORY READ MISS beat=0 addr=1bcb7088 -> default data id=0
[45000] SCOREBOARD MATCH: arbitration winner (slave 1) expected = 0, actual =0
[55000] MEMORY READ MISS beat=1 addr=1bcb7090 -> default data id=0
[55000] SLAVE 1 R_VALID_RDY Handshake beat=0 rlast=0
[55000] MASTER_DRIVER1 received transaction, op=AXI_WRITE
[65000] SLAVE 1 R_VALID_RDY Handshake beat=1 rlast=1
[65000] [SLAVE MONITOR] READ mst_id=0 s_id=1 araddr=1bcb7088 arid=0 arlen=1 arsize=3 arburst=1 rid=[00] rresp=[00] rdata=[baadf00d12345678baadf00d12345678]
[75000] AXI S0_ARVALID_RDY HANDSHAKE
[75000] MEMORY READ MISS beat=0 addr=16054680 -> default data id=16
[75000] ARB MONITOR: slave=1 m0_req=0 m1_req=1 winner=1
[75000] MASTER 1 AW_VALID_RDY Handshake
[75000] MASTER 0 R_VALID_RDY Handshake beat=0 rlast=0
[85000] [MASTER DRIVER] READ mst_id=0 s_id=0 araddr=1bcb7088 arid=0 arlen=1 arsize=3 arburst=1 rid=[00] rresp=[00] rdata=[baadf00d12345678baadf00d12345678]
[85000] MASTER 0 R_VALID_RDY Handshake beat=1 rlast=1
[85000] [MASTER MONITOR] READ mst_id=0 s_id=1 araddr=1bcb7088 arid=0 arlen=1 arsize=3 arburst=1 rid=[00] rresp=[00] rdata=[baadf00d12345678baadf00d12345678]
[85000] ARB MONITOR: slave=0 m0_req=0 m1_req=1 winner=1
[85000] SLAVE 1 R_VALID_RDY Handshake beat=0 rlast=0
[85000] MEMORY READ MISS beat=1 addr=16054688 -> default data id=16
[85000] AXI S0_AWVALID_RDY HANDSHAKE
[85000] SCOREBOARD MATCH: decode_err expected = 0, actual =0
[85000] SCOREBOARD MATCH: slave_id expected = 1, actual =1
[85000] SCOREBOARD MATCH: araddr passthrough expected = 1bcb7088, actual =1bcb7088
[85000] SCOREBOARD MATCH: arlen passthrough expected = 1, actual =1
[85000] SCOREBOARD MATCH: arsize passthrough expected = 3, actual =3
[85000] SCOREBOARD MATCH: arburst passthrough expected = 1, actual =1
[85000] SCOREBOARD MATCH: rdata size check expected = 2, actual =2
[85000] SCOREBOARD MATCH: rdata passthrough beat=0 expected = baadf00d12345678, actual =baadf00d12345678
[85000] SCOREBOARD MATCH: rdata passthrough beat=1 expected = baadf00d12345678, actual =baadf00d12345678
[85000] SCOREBOARD MATCH: rresp size check expected = 2, actual =2
[85000] SCOREBOARD MATCH: rresp passthrough beat=0 expected = 0, actual =0
[85000] SCOREBOARD MATCH: rresp passthrough beat=1 expected = 0, actual =0
[85000] SCOREBOARD MATCH: response routed to correct master (read beat 0) expected = 0, actual =0
[85000] SCOREBOARD MATCH: response routed to correct master (read beat 1) expected = 0, actual =0
[85000] [SCOREBOARD-M] READ mst_id=0 s_id=1 araddr=1bcb7088 arid=0 arlen=1 arsize=3 arburst=1 rid=[00] rresp=[00] rdata=[baadf00d12345678baadf00d12345678]
[85000] [SCOREBOARD-S] READ mst_id=0 s_id=1 araddr=1bcb7088 arid=0 arlen=1 arsize=3 arburst=1 rid=[00] rresp=[00] rdata=[baadf00d12345678baadf00d12345678]
[85000] SCOREBOARD: Transaction 1 received. pass=15 fail=0
[85000] ALL PASS. Total transactions: 1
[95000] SLAVE 1 R_VALID_RDY Handshake beat=1 rlast=1
[95000] [SLAVE MONITOR] READ mst_id=1 s_id=1 araddr=16054680 arid=0 arlen=1 arsize=3 arburst=1 rid=[1010] rresp=[00] rdata=[baadf00d12345678baadf00d12345678]
[95000] MASTER 1 W_VALID_RDY Handshake beat=0 wlast=0
[105000] MASTER 1 W_VALID_RDY Handshake beat=1 wlast=0
[105000] MASTER 1 R_VALID_RDY Handshake beat=0 rlast=0
[105000] ARB MONITOR: slave=1 m0_req=0 m1_req=0 winner=1
[105000] AXI S0_ARVALID_RDY HANDSHAKE
[105000] MEMORY READ MISS beat=0 addr=1d890110 -> default data id=17
[105000] AXI S0_WVALID_RDY HANDSHAKE
[105000] S0 MEMORY WRITE beat=0 addr=0f86e390 data=e9da1de02595bcd9 id=17
[115000] AXI S0_WVALID_RDY HANDSHAKE
[115000] S0 MEMORY WRITE beat=1 addr=0f86e391 data=fe9ce5930d55b149 id=17
[115000] MEMORY READ MISS beat=1 addr=1d890118 -> default data id=17
[115000] SLAVE 1 R_VALID_RDY Handshake beat=0 rlast=0
[115000] MASTER 1 R_VALID_RDY Handshake beat=1 rlast=1
[115000] [MASTER MONITOR] READ mst_id=1 s_id=1 araddr=16054680 arid=0 arlen=1 arsize=3 arburst=1 rid=[00] rresp=[00] rdata=[baadf00d12345678baadf00d12345678]
[115000] MASTER 1 W_VALID_RDY Handshake beat=2 wlast=0
[115000] [MASTER DRIVER] READ mst_id=1 s_id=0 araddr=16054680 arid=0 arlen=1 arsize=3 arburst=1 rid=[00] rresp=[00] rdata=[baadf00d12345678baadf00d12345678]
[115000] SCOREBOARD MATCH: decode_err expected = 0, actual =0
[115000] SCOREBOARD MATCH: slave_id expected = 1, actual =1
[115000] SCOREBOARD MATCH: araddr passthrough expected = 16054680, actual =16054680
[115000] SCOREBOARD MATCH: arlen passthrough expected = 1, actual =1
[115000] SCOREBOARD MATCH: arsize passthrough expected = 3, actual =3
[115000] SCOREBOARD MATCH: arburst passthrough expected = 1, actual =1
[115000] SCOREBOARD MATCH: rdata size check expected = 2, actual =2
[115000] SCOREBOARD MATCH: rdata passthrough beat=0 expected = baadf00d12345678, actual =baadf00d12345678
[115000] SCOREBOARD MATCH: rdata passthrough beat=1 expected = baadf00d12345678, actual =baadf00d12345678
[115000] SCOREBOARD MATCH: rresp size check expected = 2, actual =2
[115000] SCOREBOARD MATCH: rresp passthrough beat=0 expected = 0, actual =0
[115000] SCOREBOARD MATCH: rresp passthrough beat=1 expected = 0, actual =0
[115000] SCOREBOARD MATCH: response routed to correct master (read beat 0) expected = 1, actual =1
[115000] SCOREBOARD MATCH: response routed to correct master (read beat 1) expected = 1, actual =1
[115000] [SCOREBOARD-M] READ mst_id=1 s_id=1 araddr=16054680 arid=0 arlen=1 arsize=3 arburst=1 rid=[00] rresp=[00] rdata=[baadf00d12345678baadf00d12345678]
[115000] [SCOREBOARD-S] READ mst_id=1 s_id=1 araddr=16054680 arid=0 arlen=1 arsize=3 arburst=1 rid=[1010] rresp=[00] rdata=[baadf00d12345678baadf00d12345678]
[115000] SCOREBOARD: Transaction 2 received. pass=29 fail=0
[115000] ALL PASS. Total transactions: 2
[125000] MASTER 1 W_VALID_RDY Handshake beat=3 wlast=0
[125000] SLAVE 1 R_VALID_RDY Handshake beat=1 rlast=1
[125000] [SLAVE MONITOR] READ mst_id=1 s_id=1 araddr=1d890110 arid=1 arlen=1 arsize=3 arburst=1 rid=[1111] rresp=[00] rdata=[baadf00d12345678baadf00d12345678]
[125000] AXI S0_WVALID_RDY HANDSHAKE
[125000] S0 MEMORY WRITE beat=2 addr=0f86e392 data=f13ef2b723055466 id=17
[135000] AXI S0_WVALID_RDY HANDSHAKE
[135000] S0 MEMORY WRITE beat=3 addr=0f86e393 data=c89b113fbd449988 id=17
[135000] MASTER 1 R_VALID_RDY Handshake beat=0 rlast=0
[135000] MASTER 1 W_VALID_RDY Handshake beat=4 wlast=0
[145000] [MASTER DRIVER] READ mst_id=1 s_id=0 araddr=1d890110 arid=1 arlen=1 arsize=3 arburst=1 rid=[11] rresp=[00] rdata=[baadf00d12345678baadf00d12345678]
[145000] MASTER 1 W_VALID_RDY Handshake beat=5 wlast=0
[145000] MASTER 1 R_VALID_RDY Handshake beat=1 rlast=1
[145000] [MASTER MONITOR] READ mst_id=1 s_id=1 araddr=1d890110 arid=1 arlen=1 arsize=3 arburst=1 rid=[11] rresp=[00] rdata=[baadf00d12345678baadf00d12345678]
[145000] AXI S0_WVALID_RDY HANDSHAKE
[145000] S0 MEMORY WRITE beat=4 addr=0f86e394 data=ca9a4ad1db191097 id=17
[145000] SCOREBOARD MATCH: decode_err expected = 0, actual =0
[145000] SCOREBOARD MATCH: slave_id expected = 1, actual =1
[145000] SCOREBOARD MATCH: araddr passthrough expected = 1d890110, actual =1d890110
[145000] SCOREBOARD MATCH: arlen passthrough expected = 1, actual =1
[145000] SCOREBOARD MATCH: arsize passthrough expected = 3, actual =3
[145000] SCOREBOARD MATCH: arburst passthrough expected = 1, actual =1
[145000] SCOREBOARD MATCH: rdata size check expected = 2, actual =2
[145000] SCOREBOARD MATCH: rdata passthrough beat=0 expected = baadf00d12345678, actual =baadf00d12345678
[145000] SCOREBOARD MATCH: rdata passthrough beat=1 expected = baadf00d12345678, actual =baadf00d12345678
[145000] SCOREBOARD MATCH: rresp size check expected = 2, actual =2
[145000] SCOREBOARD MATCH: rresp passthrough beat=0 expected = 0, actual =0
[145000] SCOREBOARD MATCH: rresp passthrough beat=1 expected = 0, actual =0
[145000] SCOREBOARD MATCH: response routed to correct master (read beat 0) expected = 1, actual =1
[145000] SCOREBOARD MATCH: response routed to correct master (read beat 1) expected = 1, actual =1
[145000] [SCOREBOARD-M] READ mst_id=1 s_id=1 araddr=1d890110 arid=1 arlen=1 arsize=3 arburst=1 rid=[11] rresp=[00] rdata=[baadf00d12345678baadf00d12345678]
[145000] [SCOREBOARD-S] READ mst_id=1 s_id=1 araddr=1d890110 arid=1 arlen=1 arsize=3 arburst=1 rid=[1111] rresp=[00] rdata=[baadf00d12345678baadf00d12345678]
[145000] SCOREBOARD: Transaction 3 received. pass=43 fail=0
[145000] ALL PASS. Total transactions: 3
[155000] AXI S0_WVALID_RDY HANDSHAKE
[155000] S0 MEMORY WRITE beat=5 addr=0f86e395 data=fe1e64fdc737f6d2 id=17
[155000] MASTER 1 W_VALID_RDY Handshake beat=6 wlast=0
[165000] MASTER 1 W_VALID_RDY Handshake beat=7 wlast=0
[165000] AXI S0_WVALID_RDY HANDSHAKE
[165000] S0 MEMORY WRITE beat=6 addr=0f86e396 data=847c905abbd93d88 id=17
[175000] AXI S0_WVALID_RDY HANDSHAKE
[175000] S0 MEMORY WRITE beat=7 addr=0f86e397 data=96f24e1fc6b9763c id=17
[175000] MASTER 1 W_VALID_RDY Handshake beat=8 wlast=0
[185000] MASTER 1 W_VALID_RDY Handshake beat=9 wlast=0
[185000] AXI S0_WVALID_RDY HANDSHAKE
[185000] S0 MEMORY WRITE beat=8 addr=0f86e398 data=0df16d0ecf16db2c id=17
[195000] AXI S0_WVALID_RDY HANDSHAKE
[195000] S0 MEMORY WRITE beat=9 addr=0f86e399 data=8af018b49510b31c id=17
[195000] MASTER 1 W_VALID_RDY Handshake beat=10 wlast=0
[205000] MASTER 1 W_VALID_RDY Handshake beat=11 wlast=0
[205000] AXI S0_WVALID_RDY HANDSHAKE
[205000] S0 MEMORY WRITE beat=10 addr=0f86e39a data=dbca2958926dfd68 id=17
[215000] AXI S0_WVALID_RDY HANDSHAKE
[215000] S0 MEMORY WRITE beat=11 addr=0f86e39b data=e184d89421e266d4 id=17
[215000] MASTER 1 W_VALID_RDY Handshake beat=12 wlast=0
[225000] MASTER 1 W_VALID_RDY Handshake beat=13 wlast=0
[225000] AXI S0_WVALID_RDY HANDSHAKE
[225000] S0 MEMORY WRITE beat=12 addr=0f86e39c data=b6f319f0e9bb9666 id=17
[235000] AXI S0_WVALID_RDY HANDSHAKE
[235000] S0 MEMORY WRITE beat=13 addr=0f86e39d data=fc2993cfec74f149 id=17
[235000] MASTER 1 W_VALID_RDY Handshake beat=14 wlast=0
[245000] MASTER 1 W_VALID_RDY Handshake beat=15 wlast=0
[245000] AXI S0_WVALID_RDY HANDSHAKE
[245000] S0 MEMORY WRITE beat=14 addr=0f86e39e data=0e57581d12bd4349 id=17
[255000] AXI S0_WVALID_RDY HANDSHAKE
[255000] S0 MEMORY WRITE beat=15 addr=0f86e39f data=fc78d9afddae6c63 id=17
[255000] MASTER 1 W_VALID_RDY Handshake beat=16 wlast=0
[265000] MASTER 1 W_VALID_RDY Handshake beat=17 wlast=0
[265000] AXI S0_WVALID_RDY HANDSHAKE
[265000] S0 MEMORY WRITE beat=16 addr=0f86e3a0 data=ca235dacc54a720d id=17
[275000] AXI S0_WVALID_RDY HANDSHAKE
[275000] S0 MEMORY WRITE beat=17 addr=0f86e3a1 data=d807b556f8a26d7e id=17
[275000] MASTER 1 W_VALID_RDY Handshake beat=18 wlast=0
[285000] MASTER 1 W_VALID_RDY Handshake beat=19 wlast=0
[285000] AXI S0_WVALID_RDY HANDSHAKE
[285000] S0 MEMORY WRITE beat=18 addr=0f86e3a2 data=d650d9e2d87ab5c9 id=17
[295000] AXI S0_WVALID_RDY HANDSHAKE
[295000] S0 MEMORY WRITE beat=19 addr=0f86e3a3 data=1dc527d7d4808f06 id=17
[295000] MASTER 1 W_VALID_RDY Handshake beat=20 wlast=0
[305000] MASTER 1 W_VALID_RDY Handshake beat=21 wlast=0
[305000] AXI S0_WVALID_RDY HANDSHAKE
[305000] S0 MEMORY WRITE beat=20 addr=0f86e3a4 data=cd22fc84a074378e id=17
[315000] AXI S0_WVALID_RDY HANDSHAKE
[315000] S0 MEMORY WRITE beat=21 addr=0f86e3a5 data=f8eeed58f5ccdd2d id=17
[315000] MASTER 1 W_VALID_RDY Handshake beat=22 wlast=0
[325000] MASTER 1 W_VALID_RDY Handshake beat=23 wlast=0
[325000] AXI S0_WVALID_RDY HANDSHAKE
[325000] S0 MEMORY WRITE beat=22 addr=0f86e3a6 data=ca4d6c33a373d666 id=17
[335000] AXI S0_WVALID_RDY HANDSHAKE
[335000] S0 MEMORY WRITE beat=23 addr=0f86e3a7 data=c3e80df516b4152f id=17
[335000] MASTER 1 W_VALID_RDY Handshake beat=24 wlast=0
[345000] MASTER 1 W_VALID_RDY Handshake beat=25 wlast=0
[345000] AXI S0_WVALID_RDY HANDSHAKE
[345000] S0 MEMORY WRITE beat=24 addr=0f86e3a8 data=8c80f25c177068b8 id=17
[355000] AXI S0_WVALID_RDY HANDSHAKE
[355000] S0 MEMORY WRITE beat=25 addr=0f86e3a9 data=bae43f1e3cd6fb4d id=17
[355000] MASTER 1 W_VALID_RDY Handshake beat=26 wlast=0
[365000] MASTER 1 W_VALID_RDY Handshake beat=27 wlast=0
[365000] AXI S0_WVALID_RDY HANDSHAKE
[365000] S0 MEMORY WRITE beat=26 addr=0f86e3aa data=d38b107cd6ce5e90 id=17
[375000] AXI S0_WVALID_RDY HANDSHAKE
[375000] S0 MEMORY WRITE beat=27 addr=0f86e3ab data=ee3ec748fecc4d13 id=17
[375000] MASTER 1 W_VALID_RDY Handshake beat=28 wlast=0
[385000] MASTER 1 W_VALID_RDY Handshake beat=29 wlast=0
[385000] AXI S0_WVALID_RDY HANDSHAKE
[385000] S0 MEMORY WRITE beat=28 addr=0f86e3ac data=bba34860e00c02d8 id=17
[395000] AXI S0_WVALID_RDY HANDSHAKE
[395000] S0 MEMORY WRITE beat=29 addr=0f86e3ad data=b6da6168a9230666 id=17
[395000] MASTER 1 W_VALID_RDY Handshake beat=30 wlast=0
[405000] MASTER 1 W_VALID_RDY Handshake beat=31 wlast=0
[405000] AXI S0_WVALID_RDY HANDSHAKE
[405000] S0 MEMORY WRITE beat=30 addr=0f86e3ae data=27ef537a8f2e58dc id=17
[415000] AXI S0_WVALID_RDY HANDSHAKE
[415000] S0 MEMORY WRITE beat=31 addr=0f86e3af data=ef3a5bb5a51928b0 id=17
[415000] MASTER 1 W_VALID_RDY Handshake beat=32 wlast=0
[425000] MASTER 1 W_VALID_RDY Handshake beat=33 wlast=0
[425000] AXI S0_WVALID_RDY HANDSHAKE
[425000] S0 MEMORY WRITE beat=32 addr=0f86e3b0 data=ce3c2f17e3929bda id=17
[435000] AXI S0_WVALID_RDY HANDSHAKE
[435000] S0 MEMORY WRITE beat=33 addr=0f86e3b1 data=f2c0f4b7a614bd1d id=17
[435000] MASTER 1 W_VALID_RDY Handshake beat=34 wlast=0
[445000] MASTER 1 W_VALID_RDY Handshake beat=35 wlast=0
[445000] AXI S0_WVALID_RDY HANDSHAKE
[445000] S0 MEMORY WRITE beat=34 addr=0f86e3b2 data=cb2de5cef62b8291 id=17
[455000] AXI S0_WVALID_RDY HANDSHAKE
[455000] S0 MEMORY WRITE beat=35 addr=0f86e3b3 data=d9be1e6be1fb506c id=17
[455000] MASTER 1 W_VALID_RDY Handshake beat=36 wlast=0
[465000] MASTER 1 W_VALID_RDY Handshake beat=37 wlast=0
[465000] AXI S0_WVALID_RDY HANDSHAKE
[465000] S0 MEMORY WRITE beat=36 addr=0f86e3b4 data=88100d89196a14e5 id=17
[475000] AXI S0_WVALID_RDY HANDSHAKE
[475000] S0 MEMORY WRITE beat=37 addr=0f86e3b5 data=0f959776cc7f1322 id=17
[475000] MASTER 1 W_VALID_RDY Handshake beat=38 wlast=0
[485000] MASTER 1 W_VALID_RDY Handshake beat=39 wlast=0
[485000] AXI S0_WVALID_RDY HANDSHAKE
[485000] S0 MEMORY WRITE beat=38 addr=0f86e3b6 data=ae7a638ed33df357 id=17
[495000] AXI S0_WVALID_RDY HANDSHAKE
[495000] S0 MEMORY WRITE beat=39 addr=0f86e3b7 data=eca8083ce953b5e1 id=17
[495000] MASTER 1 W_VALID_RDY Handshake beat=40 wlast=0
[505000] MASTER 1 W_VALID_RDY Handshake beat=41 wlast=0
[505000] AXI S0_WVALID_RDY HANDSHAKE
[505000] S0 MEMORY WRITE beat=40 addr=0f86e3b8 data=35d2c904368a7118 id=17
[515000] AXI S0_WVALID_RDY HANDSHAKE
[515000] S0 MEMORY WRITE beat=41 addr=0f86e3b9 data=89c8646ffc3d9fb2 id=17
[515000] MASTER 1 W_VALID_RDY Handshake beat=42 wlast=0
[525000] MASTER 1 W_VALID_RDY Handshake beat=43 wlast=0
[525000] AXI S0_WVALID_RDY HANDSHAKE
[525000] S0 MEMORY WRITE beat=42 addr=0f86e3ba data=e5915594e44d2c92 id=17
[535000] AXI S0_WVALID_RDY HANDSHAKE
[535000] S0 MEMORY WRITE beat=43 addr=0f86e3bb data=9ad79daaf6706cac id=17
[535000] MASTER 1 W_VALID_RDY Handshake beat=44 wlast=0
[545000] MASTER 1 W_VALID_RDY Handshake beat=45 wlast=0
[545000] AXI S0_WVALID_RDY HANDSHAKE
[545000] S0 MEMORY WRITE beat=44 addr=0f86e3bc data=f2ae0c5e1b641e98 id=17
[555000] AXI S0_WVALID_RDY HANDSHAKE
[555000] S0 MEMORY WRITE beat=45 addr=0f86e3bd data=ffb14b2a24a0021a id=17
[555000] MASTER 1 W_VALID_RDY Handshake beat=46 wlast=0
[565000] MASTER 1 W_VALID_RDY Handshake beat=47 wlast=0
[565000] AXI S0_WVALID_RDY HANDSHAKE
[565000] S0 MEMORY WRITE beat=46 addr=0f86e3be data=1b106ec6d83f61f2 id=17
[575000] AXI S0_WVALID_RDY HANDSHAKE
[575000] S0 MEMORY WRITE beat=47 addr=0f86e3bf data=f3a3808a1a88e8d5 id=17
[575000] MASTER 1 W_VALID_RDY Handshake beat=48 wlast=0
[585000] MASTER 1 W_VALID_RDY Handshake beat=49 wlast=0
[585000] AXI S0_WVALID_RDY HANDSHAKE
[585000] S0 MEMORY WRITE beat=48 addr=0f86e3c0 data=3f28eaef8dbe7b24 id=17
[595000] AXI S0_WVALID_RDY HANDSHAKE
[595000] S0 MEMORY WRITE beat=49 addr=0f86e3c1 data=e5fddd17f354cbb5 id=17
[595000] MASTER 1 W_VALID_RDY Handshake beat=50 wlast=0
[605000] MASTER 1 W_VALID_RDY Handshake beat=51 wlast=0
[605000] AXI S0_WVALID_RDY HANDSHAKE
[605000] S0 MEMORY WRITE beat=50 addr=0f86e3c2 data=0dddb48ada3959b5 id=17
[615000] AXI S0_WVALID_RDY HANDSHAKE
[615000] S0 MEMORY WRITE beat=51 addr=0f86e3c3 data=e7f7d4d9d9a15da1 id=17
[615000] MASTER 1 W_VALID_RDY Handshake beat=52 wlast=0
[625000] MASTER 1 W_VALID_RDY Handshake beat=53 wlast=0
[625000] AXI S0_WVALID_RDY HANDSHAKE
[625000] S0 MEMORY WRITE beat=52 addr=0f86e3c4 data=ccf62956cd069f79 id=17
[635000] AXI S0_WVALID_RDY HANDSHAKE
[635000] S0 MEMORY WRITE beat=53 addr=0f86e3c5 data=273ff92ecdf5b1f0 id=17
[635000] MASTER 1 W_VALID_RDY Handshake beat=54 wlast=0
[645000] MASTER 1 W_VALID_RDY Handshake beat=55 wlast=0
[645000] AXI S0_WVALID_RDY HANDSHAKE
[645000] S0 MEMORY WRITE beat=54 addr=0f86e3c6 data=27970f92dad3dde0 id=17
[655000] AXI S0_WVALID_RDY HANDSHAKE
[655000] S0 MEMORY WRITE beat=55 addr=0f86e3c7 data=a7da7d598f37ce07 id=17
[655000] MASTER 1 W_VALID_RDY Handshake beat=56 wlast=0
[665000] MASTER 1 W_VALID_RDY Handshake beat=57 wlast=0
[665000] AXI S0_WVALID_RDY HANDSHAKE
[665000] S0 MEMORY WRITE beat=56 addr=0f86e3c8 data=dd2d7ff8f48d38e8 id=17
[675000] AXI S0_WVALID_RDY HANDSHAKE
[675000] S0 MEMORY WRITE beat=57 addr=0f86e3c9 data=cf6116c9cf1a7687 id=17
[675000] MASTER 1 W_VALID_RDY Handshake beat=58 wlast=0
[685000] MASTER_DRIVER1 received transaction, op=AXI_WRITE
[685000] MASTER 1 W_VALID_RDY Handshake beat=59 wlast=1
[685000] AXI S0_WVALID_RDY HANDSHAKE
[685000] S0 MEMORY WRITE beat=58 addr=0f86e3ca data=de52448f04c48f8a id=17
[695000] AXI S0_WVALID_RDY HANDSHAKE
[695000] S0 MEMORY WRITE beat=59 addr=0f86e3cb data=f951c872f73b9422 id=17
[705000] MASTER 1 AW_VALID_RDY Handshake
[705000] SLAVE0 sent B resp, id=7
[715000] AXI S1_AWVALID_RDY HANDSHAKE
[715000] [SLAVE MONITOR] mst_id=1 s_id=0 awaddr=f86e390 awid=111 awlen=59 awsize=0 awburst=1 wdata=[e9da1de02595bcd9 fe9ce5930d55b149 f13ef2b723055466 c89b113fbd449988 ca9a4ad1db191097 fe1e64fdc737f6d2 847c905abbd93d88 96f24e1fc6b9763c df16d0ecf16db2c 8af018b49510b31c dbca2958926dfd68 e184d89421e266d4 b6f319f0e9bb9666 fc2993cfec74f149 e57581d12bd4349 fc78d9afddae6c63 ca235dacc54a720d d807b556f8a26d7e d650d9e2d87ab5c9 1dc527d7d4808f06 cd22fc84a074378e f8eeed58f5ccdd2d ca4d6c33a373d666 c3e80df516b4152f 8c80f25c177068b8 bae43f1e3cd6fb4d d38b107cd6ce5e90 ee3ec748fecc4d13 bba34860e00c02d8 b6da6168a9230666 27ef537a8f2e58dc ef3a5bb5a51928b0 ce3c2f17e3929bda f2c0f4b7a614bd1d cb2de5cef62b8291 d9be1e6be1fb506c 88100d89196a14e5 f959776cc7f1322 ae7a638ed33df357 eca8083ce953b5e1 35d2c904368a7118 89c8646ffc3d9fb2 e5915594e44d2c92 9ad79daaf6706cac f2ae0c5e1b641e98 ffb14b2a24a0021a 1b106ec6d83f61f2 f3a3808a1a88e8d5 3f28eaef8dbe7b24 e5fddd17f354cbb5 dddb48ada3959b5 e7f7d4d9d9a15da1 ccf62956cd069f79 273ff92ecdf5b1f0 27970f92dad3dde0 a7da7d598f37ce07 dd2d7ff8f48d38e8 cf6116c9cf1a7687 de52448f04c48f8a f951c872f73b9422 ] wstrb=[87 aa 3b 11 39 5e 83 c0 8 bf d1 41 1d 54 1 25 13 d2 66 30 26 67 55 3a 39 bb 6a 5f 22 c0 99 5b 7b 4 bb 9e c4 54 f9 3f 58 b4 dd 1c 9 d7 5c 61 8b 39 7e 94 10 da f6 9c 13 74 30 24 ] bresp=0 bid=10111
[715000] ARB MONITOR: slave=1 m0_req=0 m1_req=1 winner=1
[725000] MASTER 1 RECEIVED BRESP. BRESP=0
[725000] [MASTER DRIVER] mst_id=1 s_id=0 awaddr=f86e390 awid=111 awlen=59 awsize=0 awburst=1 wdata=[e9da1de02595bcd9 fe9ce5930d55b149 f13ef2b723055466 c89b113fbd449988 ca9a4ad1db191097 fe1e64fdc737f6d2 847c905abbd93d88 96f24e1fc6b9763c df16d0ecf16db2c 8af018b49510b31c dbca2958926dfd68 e184d89421e266d4 b6f319f0e9bb9666 fc2993cfec74f149 e57581d12bd4349 fc78d9afddae6c63 ca235dacc54a720d d807b556f8a26d7e d650d9e2d87ab5c9 1dc527d7d4808f06 cd22fc84a074378e f8eeed58f5ccdd2d ca4d6c33a373d666 c3e80df516b4152f 8c80f25c177068b8 bae43f1e3cd6fb4d d38b107cd6ce5e90 ee3ec748fecc4d13 bba34860e00c02d8 b6da6168a9230666 27ef537a8f2e58dc ef3a5bb5a51928b0 ce3c2f17e3929bda f2c0f4b7a614bd1d cb2de5cef62b8291 d9be1e6be1fb506c 88100d89196a14e5 f959776cc7f1322 ae7a638ed33df357 eca8083ce953b5e1 35d2c904368a7118 89c8646ffc3d9fb2 e5915594e44d2c92 9ad79daaf6706cac f2ae0c5e1b641e98 ffb14b2a24a0021a 1b106ec6d83f61f2 f3a3808a1a88e8d5 3f28eaef8dbe7b24 e5fddd17f354cbb5 dddb48ada3959b5 e7f7d4d9d9a15da1 ccf62956cd069f79 273ff92ecdf5b1f0 27970f92dad3dde0 a7da7d598f37ce07 dd2d7ff8f48d38e8 cf6116c9cf1a7687 de52448f04c48f8a f951c872f73b9422 ] wstrb=[87 aa 3b 11 39 5e 83 c0 8 bf d1 41 1d 54 1 25 13 d2 66 30 26 67 55 3a 39 bb 6a 5f 22 c0 99 5b 7b 4 bb 9e c4 54 f9 3f 58 b4 dd 1c 9 d7 5c 61 8b 39 7e 94 10 da f6 9c 13 74 30 24 ] bresp=0 bid=111
[725000] MASTER 1 W_VALID_RDY Handshake beat=0 wlast=0
[725000] MASTER 1 B_VALID_RDY Handshake
[725000] [MASTER MONITOR] mst_id=1 s_id=0 awaddr=f86e390 awid=111 awlen=59 awsize=0 awburst=1 wdata=[e9da1de02595bcd9 fe9ce5930d55b149 f13ef2b723055466 c89b113fbd449988 ca9a4ad1db191097 fe1e64fdc737f6d2 847c905abbd93d88 96f24e1fc6b9763c df16d0ecf16db2c 8af018b49510b31c dbca2958926dfd68 e184d89421e266d4 b6f319f0e9bb9666 fc2993cfec74f149 e57581d12bd4349 fc78d9afddae6c63 ca235dacc54a720d d807b556f8a26d7e d650d9e2d87ab5c9 1dc527d7d4808f06 cd22fc84a074378e f8eeed58f5ccdd2d ca4d6c33a373d666 c3e80df516b4152f 8c80f25c177068b8 bae43f1e3cd6fb4d d38b107cd6ce5e90 ee3ec748fecc4d13 bba34860e00c02d8 b6da6168a9230666 27ef537a8f2e58dc ef3a5bb5a51928b0 ce3c2f17e3929bda f2c0f4b7a614bd1d cb2de5cef62b8291 d9be1e6be1fb506c 88100d89196a14e5 f959776cc7f1322 ae7a638ed33df357 eca8083ce953b5e1 35d2c904368a7118 89c8646ffc3d9fb2 e5915594e44d2c92 9ad79daaf6706cac f2ae0c5e1b641e98 ffb14b2a24a0021a 1b106ec6d83f61f2 f3a3808a1a88e8d5 3f28eaef8dbe7b24 e5fddd17f354cbb5 dddb48ada3959b5 e7f7d4d9d9a15da1 ccf62956cd069f79 273ff92ecdf5b1f0 27970f92dad3dde0 a7da7d598f37ce07 dd2d7ff8f48d38e8 cf6116c9cf1a7687 de52448f04c48f8a f951c872f73b9422 ] wstrb=[87 aa 3b 11 39 5e 83 c0 8 bf d1 41 1d 54 1 25 13 d2 66 30 26 67 55 3a 39 bb 6a 5f 22 c0 99 5b 7b 4 bb 9e c4 54 f9 3f 58 b4 dd 1c 9 d7 5c 61 8b 39 7e 94 10 da f6 9c 13 74 30 24 ] bresp=0 bid=111
[725000] SCOREBOARD MATCH: decode_err expected = 0, actual =0
[725000] SCOREBOARD MATCH: slave_id expected = 0, actual =0
[725000] SCOREBOARD MATCH: awaddr passthrough expected = f86e390, actual =f86e390
[725000] SCOREBOARD MATCH: awlen passthrough expected = 59, actual =59
[725000] SCOREBOARD MATCH: awsize passthrough expected = 0, actual =0
[725000] SCOREBOARD MATCH: awburst passthrough expected = 1, actual =1
[725000] SCOREBOARD MATCH: wdata size check expected = 3c, actual =3c
[725000] SCOREBOARD MATCH: wdata passthrough beat=0 expected = e9da1de02595bcd9, actual =e9da1de02595bcd9
[725000] SCOREBOARD MATCH: wdata passthrough beat=1 expected = fe9ce5930d55b149, actual =fe9ce5930d55b149
[725000] SCOREBOARD MATCH: wdata passthrough beat=2 expected = f13ef2b723055466, actual =f13ef2b723055466
[725000] SCOREBOARD MATCH: wdata passthrough beat=3 expected = c89b113fbd449988, actual =c89b113fbd449988
[725000] SCOREBOARD MATCH: wdata passthrough beat=4 expected = ca9a4ad1db191097, actual =ca9a4ad1db191097
[725000] SCOREBOARD MATCH: wdata passthrough beat=5 expected = fe1e64fdc737f6d2, actual =fe1e64fdc737f6d2
[725000] SCOREBOARD MATCH: wdata passthrough beat=6 expected = 847c905abbd93d88, actual =847c905abbd93d88
[725000] SCOREBOARD MATCH: wdata passthrough beat=7 expected = 96f24e1fc6b9763c, actual =96f24e1fc6b9763c
[725000] SCOREBOARD MATCH: wdata passthrough beat=8 expected = df16d0ecf16db2c, actual =df16d0ecf16db2c
[725000] SCOREBOARD MATCH: wdata passthrough beat=9 expected = 8af018b49510b31c, actual =8af018b49510b31c
[725000] SCOREBOARD MATCH: wdata passthrough beat=10 expected = dbca2958926dfd68, actual =dbca2958926dfd68
[725000] SCOREBOARD MATCH: wdata passthrough beat=11 expected = e184d89421e266d4, actual =e184d89421e266d4
[725000] SCOREBOARD MATCH: wdata passthrough beat=12 expected = b6f319f0e9bb9666, actual =b6f319f0e9bb9666
[725000] SCOREBOARD MATCH: wdata passthrough beat=13 expected = fc2993cfec74f149, actual =fc2993cfec74f149
[725000] SCOREBOARD MATCH: wdata passthrough beat=14 expected = e57581d12bd4349, actual =e57581d12bd4349
[725000] SCOREBOARD MATCH: wdata passthrough beat=15 expected = fc78d9afddae6c63, actual =fc78d9afddae6c63
[725000] SCOREBOARD MATCH: wdata passthrough beat=16 expected = ca235dacc54a720d, actual =ca235dacc54a720d
[725000] SCOREBOARD MATCH: wdata passthrough beat=17 expected = d807b556f8a26d7e, actual =d807b556f8a26d7e
[725000] SCOREBOARD MATCH: wdata passthrough beat=18 expected = d650d9e2d87ab5c9, actual =d650d9e2d87ab5c9
[725000] SCOREBOARD MATCH: wdata passthrough beat=19 expected = 1dc527d7d4808f06, actual =1dc527d7d4808f06
[725000] SCOREBOARD MATCH: wdata passthrough beat=20 expected = cd22fc84a074378e, actual =cd22fc84a074378e
[725000] SCOREBOARD MATCH: wdata passthrough beat=21 expected = f8eeed58f5ccdd2d, actual =f8eeed58f5ccdd2d
[725000] SCOREBOARD MATCH: wdata passthrough beat=22 expected = ca4d6c33a373d666, actual =ca4d6c33a373d666
[725000] SCOREBOARD MATCH: wdata passthrough beat=23 expected = c3e80df516b4152f, actual =c3e80df516b4152f
[725000] SCOREBOARD MATCH: wdata passthrough beat=24 expected = 8c80f25c177068b8, actual =8c80f25c177068b8
[725000] SCOREBOARD MATCH: wdata passthrough beat=25 expected = bae43f1e3cd6fb4d, actual =bae43f1e3cd6fb4d
[725000] SCOREBOARD MATCH: wdata passthrough beat=26 expected = d38b107cd6ce5e90, actual =d38b107cd6ce5e90
[725000] SCOREBOARD MATCH: wdata passthrough beat=27 expected = ee3ec748fecc4d13, actual =ee3ec748fecc4d13
[725000] SCOREBOARD MATCH: wdata passthrough beat=28 expected = bba34860e00c02d8, actual =bba34860e00c02d8
[725000] SCOREBOARD MATCH: wdata passthrough beat=29 expected = b6da6168a9230666, actual =b6da6168a9230666
[725000] SCOREBOARD MATCH: wdata passthrough beat=30 expected = 27ef537a8f2e58dc, actual =27ef537a8f2e58dc
[725000] SCOREBOARD MATCH: wdata passthrough beat=31 expected = ef3a5bb5a51928b0, actual =ef3a5bb5a51928b0
[725000] SCOREBOARD MATCH: wdata passthrough beat=32 expected = ce3c2f17e3929bda, actual =ce3c2f17e3929bda
[725000] SCOREBOARD MATCH: wdata passthrough beat=33 expected = f2c0f4b7a614bd1d, actual =f2c0f4b7a614bd1d
[725000] SCOREBOARD MATCH: wdata passthrough beat=34 expected = cb2de5cef62b8291, actual =cb2de5cef62b8291
[725000] SCOREBOARD MATCH: wdata passthrough beat=35 expected = d9be1e6be1fb506c, actual =d9be1e6be1fb506c
[725000] SCOREBOARD MATCH: wdata passthrough beat=36 expected = 88100d89196a14e5, actual =88100d89196a14e5
[725000] SCOREBOARD MATCH: wdata passthrough beat=37 expected = f959776cc7f1322, actual =f959776cc7f1322
[725000] SCOREBOARD MATCH: wdata passthrough beat=38 expected = ae7a638ed33df357, actual =ae7a638ed33df357
[725000] SCOREBOARD MATCH: wdata passthrough beat=39 expected = eca8083ce953b5e1, actual =eca8083ce953b5e1
[725000] SCOREBOARD MATCH: wdata passthrough beat=40 expected = 35d2c904368a7118, actual =35d2c904368a7118
[725000] SCOREBOARD MATCH: wdata passthrough beat=41 expected = 89c8646ffc3d9fb2, actual =89c8646ffc3d9fb2
[725000] SCOREBOARD MATCH: wdata passthrough beat=42 expected = e5915594e44d2c92, actual =e5915594e44d2c92
[725000] SCOREBOARD MATCH: wdata passthrough beat=43 expected = 9ad79daaf6706cac, actual =9ad79daaf6706cac
[725000] SCOREBOARD MATCH: wdata passthrough beat=44 expected = f2ae0c5e1b641e98, actual =f2ae0c5e1b641e98
[725000] SCOREBOARD MATCH: wdata passthrough beat=45 expected = ffb14b2a24a0021a, actual =ffb14b2a24a0021a
[725000] SCOREBOARD MATCH: wdata passthrough beat=46 expected = 1b106ec6d83f61f2, actual =1b106ec6d83f61f2
[725000] SCOREBOARD MATCH: wdata passthrough beat=47 expected = f3a3808a1a88e8d5, actual =f3a3808a1a88e8d5
[725000] SCOREBOARD MATCH: wdata passthrough beat=48 expected = 3f28eaef8dbe7b24, actual =3f28eaef8dbe7b24
[725000] SCOREBOARD MATCH: wdata passthrough beat=49 expected = e5fddd17f354cbb5, actual =e5fddd17f354cbb5
[725000] SCOREBOARD MATCH: wdata passthrough beat=50 expected = dddb48ada3959b5, actual =dddb48ada3959b5
[725000] SCOREBOARD MATCH: wdata passthrough beat=51 expected = e7f7d4d9d9a15da1, actual =e7f7d4d9d9a15da1
[725000] SCOREBOARD MATCH: wdata passthrough beat=52 expected = ccf62956cd069f79, actual =ccf62956cd069f79
[725000] SCOREBOARD MATCH: wdata passthrough beat=53 expected = 273ff92ecdf5b1f0, actual =273ff92ecdf5b1f0
[725000] SCOREBOARD MATCH: wdata passthrough beat=54 expected = 27970f92dad3dde0, actual =27970f92dad3dde0
[725000] SCOREBOARD MATCH: wdata passthrough beat=55 expected = a7da7d598f37ce07, actual =a7da7d598f37ce07
[725000] SCOREBOARD MATCH: wdata passthrough beat=56 expected = dd2d7ff8f48d38e8, actual =dd2d7ff8f48d38e8
[725000] SCOREBOARD MATCH: wdata passthrough beat=57 expected = cf6116c9cf1a7687, actual =cf6116c9cf1a7687
[725000] SCOREBOARD MATCH: wdata passthrough beat=58 expected = de52448f04c48f8a, actual =de52448f04c48f8a
[725000] SCOREBOARD MATCH: wdata passthrough beat=59 expected = f951c872f73b9422, actual =f951c872f73b9422
[725000] SCOREBOARD MATCH: wstrb size check expected = 3c, actual =3c
[725000] SCOREBOARD MATCH: wstrb passthrough beat=0 expected = 87, actual =87
[725000] SCOREBOARD MATCH: wstrb passthrough beat=1 expected = aa, actual =aa
[725000] SCOREBOARD MATCH: wstrb passthrough beat=2 expected = 3b, actual =3b
[725000] SCOREBOARD MATCH: wstrb passthrough beat=3 expected = 11, actual =11
[725000] SCOREBOARD MATCH: wstrb passthrough beat=4 expected = 39, actual =39
[725000] SCOREBOARD MATCH: wstrb passthrough beat=5 expected = 5e, actual =5e
[725000] SCOREBOARD MATCH: wstrb passthrough beat=6 expected = 83, actual =83
[725000] SCOREBOARD MATCH: wstrb passthrough beat=7 expected = c0, actual =c0
[725000] SCOREBOARD MATCH: wstrb passthrough beat=8 expected = 8, actual =8
[725000] SCOREBOARD MATCH: wstrb passthrough beat=9 expected = bf, actual =bf
[725000] SCOREBOARD MATCH: wstrb passthrough beat=10 expected = d1, actual =d1
[725000] SCOREBOARD MATCH: wstrb passthrough beat=11 expected = 41, actual =41
[725000] SCOREBOARD MATCH: wstrb passthrough beat=12 expected = 1d, actual =1d
[725000] SCOREBOARD MATCH: wstrb passthrough beat=13 expected = 54, actual =54
[725000] SCOREBOARD MATCH: wstrb passthrough beat=14 expected = 1, actual =1
[725000] SCOREBOARD MATCH: wstrb passthrough beat=15 expected = 25, actual =25
[725000] SCOREBOARD MATCH: wstrb passthrough beat=16 expected = 13, actual =13
[725000] SCOREBOARD MATCH: wstrb passthrough beat=17 expected = d2, actual =d2
[725000] SCOREBOARD MATCH: wstrb passthrough beat=18 expected = 66, actual =66
[725000] SCOREBOARD MATCH: wstrb passthrough beat=19 expected = 30, actual =30
[725000] SCOREBOARD MATCH: wstrb passthrough beat=20 expected = 26, actual =26
[725000] SCOREBOARD MATCH: wstrb passthrough beat=21 expected = 67, actual =67
[725000] SCOREBOARD MATCH: wstrb passthrough beat=22 expected = 55, actual =55
[725000] SCOREBOARD MATCH: wstrb passthrough beat=23 expected = 3a, actual =3a
[725000] SCOREBOARD MATCH: wstrb passthrough beat=24 expected = 39, actual =39
[725000] SCOREBOARD MATCH: wstrb passthrough beat=25 expected = bb, actual =bb
[725000] SCOREBOARD MATCH: wstrb passthrough beat=26 expected = 6a, actual =6a
[725000] SCOREBOARD MATCH: wstrb passthrough beat=27 expected = 5f, actual =5f
[725000] SCOREBOARD MATCH: wstrb passthrough beat=28 expected = 22, actual =22
[725000] SCOREBOARD MATCH: wstrb passthrough beat=29 expected = c0, actual =c0
[725000] SCOREBOARD MATCH: wstrb passthrough beat=30 expected = 99, actual =99
[725000] SCOREBOARD MATCH: wstrb passthrough beat=31 expected = 5b, actual =5b
[725000] SCOREBOARD MATCH: wstrb passthrough beat=32 expected = 7b, actual =7b
[725000] SCOREBOARD MATCH: wstrb passthrough beat=33 expected = 4, actual =4
[725000] SCOREBOARD MATCH: wstrb passthrough beat=34 expected = bb, actual =bb
[725000] SCOREBOARD MATCH: wstrb passthrough beat=35 expected = 9e, actual =9e
[725000] SCOREBOARD MATCH: wstrb passthrough beat=36 expected = c4, actual =c4
[725000] SCOREBOARD MATCH: wstrb passthrough beat=37 expected = 54, actual =54
[725000] SCOREBOARD MATCH: wstrb passthrough beat=38 expected = f9, actual =f9
[725000] SCOREBOARD MATCH: wstrb passthrough beat=39 expected = 3f, actual =3f
[725000] SCOREBOARD MATCH: wstrb passthrough beat=40 expected = 58, actual =58
[725000] SCOREBOARD MATCH: wstrb passthrough beat=41 expected = b4, actual =b4
[725000] SCOREBOARD MATCH: wstrb passthrough beat=42 expected = dd, actual =dd
[725000] SCOREBOARD MATCH: wstrb passthrough beat=43 expected = 1c, actual =1c
[725000] SCOREBOARD MATCH: wstrb passthrough beat=44 expected = 9, actual =9
[725000] SCOREBOARD MATCH: wstrb passthrough beat=45 expected = d7, actual =d7
[725000] SCOREBOARD MATCH: wstrb passthrough beat=46 expected = 5c, actual =5c
[725000] SCOREBOARD MATCH: wstrb passthrough beat=47 expected = 61, actual =61
[725000] SCOREBOARD MATCH: wstrb passthrough beat=48 expected = 8b, actual =8b
[725000] SCOREBOARD MATCH: wstrb passthrough beat=49 expected = 39, actual =39
[725000] SCOREBOARD MATCH: wstrb passthrough beat=50 expected = 7e, actual =7e
[725000] SCOREBOARD MATCH: wstrb passthrough beat=51 expected = 94, actual =94
[725000] SCOREBOARD MATCH: wstrb passthrough beat=52 expected = 10, actual =10
[725000] SCOREBOARD MATCH: wstrb passthrough beat=53 expected = da, actual =da
[725000] SCOREBOARD MATCH: wstrb passthrough beat=54 expected = f6, actual =f6
[725000] SCOREBOARD MATCH: wstrb passthrough beat=55 expected = 9c, actual =9c
[725000] SCOREBOARD MATCH: wstrb passthrough beat=56 expected = 13, actual =13
[725000] SCOREBOARD MATCH: wstrb passthrough beat=57 expected = 74, actual =74
[725000] SCOREBOARD MATCH: wstrb passthrough beat=58 expected = 30, actual =30
[725000] SCOREBOARD MATCH: wstrb passthrough beat=59 expected = 24, actual =24
[725000] SCOREBOARD MATCH: bresp passthrough expected = 0, actual =0
[725000] SCOREBOARD MATCH: response routed to correct master (write) expected = 1, actual =1
[725000] [SCOREBOARD-M] mst_id=1 s_id=0 awaddr=f86e390 awid=111 awlen=59 awsize=0 awburst=1 wdata=[e9da1de02595bcd9 fe9ce5930d55b149 f13ef2b723055466 c89b113fbd449988 ca9a4ad1db191097 fe1e64fdc737f6d2 847c905abbd93d88 96f24e1fc6b9763c df16d0ecf16db2c 8af018b49510b31c dbca2958926dfd68 e184d89421e266d4 b6f319f0e9bb9666 fc2993cfec74f149 e57581d12bd4349 fc78d9afddae6c63 ca235dacc54a720d d807b556f8a26d7e d650d9e2d87ab5c9 1dc527d7d4808f06 cd22fc84a074378e f8eeed58f5ccdd2d ca4d6c33a373d666 c3e80df516b4152f 8c80f25c177068b8 bae43f1e3cd6fb4d d38b107cd6ce5e90 ee3ec748fecc4d13 bba34860e00c02d8 b6da6168a9230666 27ef537a8f2e58dc ef3a5bb5a51928b0 ce3c2f17e3929bda f2c0f4b7a614bd1d cb2de5cef62b8291 d9be1e6be1fb506c 88100d89196a14e5 f959776cc7f1322 ae7a638ed33df357 eca8083ce953b5e1 35d2c904368a7118 89c8646ffc3d9fb2 e5915594e44d2c92 9ad79daaf6706cac f2ae0c5e1b641e98 ffb14b2a24a0021a 1b106ec6d83f61f2 f3a3808a1a88e8d5 3f28eaef8dbe7b24 e5fddd17f354cbb5 dddb48ada3959b5 e7f7d4d9d9a15da1 ccf62956cd069f79 273ff92ecdf5b1f0 27970f92dad3dde0 a7da7d598f37ce07 dd2d7ff8f48d38e8 cf6116c9cf1a7687 de52448f04c48f8a f951c872f73b9422 ] wstrb=[87 aa 3b 11 39 5e 83 c0 8 bf d1 41 1d 54 1 25 13 d2 66 30 26 67 55 3a 39 bb 6a 5f 22 c0 99 5b 7b 4 bb 9e c4 54 f9 3f 58 b4 dd 1c 9 d7 5c 61 8b 39 7e 94 10 da f6 9c 13 74 30 24 ] bresp=0 bid=111
[725000] [SCOREBOARD-S] mst_id=1 s_id=0 awaddr=f86e390 awid=111 awlen=59 awsize=0 awburst=1 wdata=[e9da1de02595bcd9 fe9ce5930d55b149 f13ef2b723055466 c89b113fbd449988 ca9a4ad1db191097 fe1e64fdc737f6d2 847c905abbd93d88 96f24e1fc6b9763c df16d0ecf16db2c 8af018b49510b31c dbca2958926dfd68 e184d89421e266d4 b6f319f0e9bb9666 fc2993cfec74f149 e57581d12bd4349 fc78d9afddae6c63 ca235dacc54a720d d807b556f8a26d7e d650d9e2d87ab5c9 1dc527d7d4808f06 cd22fc84a074378e f8eeed58f5ccdd2d ca4d6c33a373d666 c3e80df516b4152f 8c80f25c177068b8 bae43f1e3cd6fb4d d38b107cd6ce5e90 ee3ec748fecc4d13 bba34860e00c02d8 b6da6168a9230666 27ef537a8f2e58dc ef3a5bb5a51928b0 ce3c2f17e3929bda f2c0f4b7a614bd1d cb2de5cef62b8291 d9be1e6be1fb506c 88100d89196a14e5 f959776cc7f1322 ae7a638ed33df357 eca8083ce953b5e1 35d2c904368a7118 89c8646ffc3d9fb2 e5915594e44d2c92 9ad79daaf6706cac f2ae0c5e1b641e98 ffb14b2a24a0021a 1b106ec6d83f61f2 f3a3808a1a88e8d5 3f28eaef8dbe7b24 e5fddd17f354cbb5 dddb48ada3959b5 e7f7d4d9d9a15da1 ccf62956cd069f79 273ff92ecdf5b1f0 27970f92dad3dde0 a7da7d598f37ce07 dd2d7ff8f48d38e8 cf6116c9cf1a7687 de52448f04c48f8a f951c872f73b9422 ] wstrb=[87 aa 3b 11 39 5e 83 c0 8 bf d1 41 1d 54 1 25 13 d2 66 30 26 67 55 3a 39 bb 6a 5f 22 c0 99 5b 7b 4 bb 9e c4 54 f9 3f 58 b4 dd 1c 9 d7 5c 61 8b 39 7e 94 10 da f6 9c 13 74 30 24 ] bresp=0 bid=10111
[725000] SCOREBOARD: Transaction 4 received. pass=173 fail=0
[725000] ALL PASS. Total transactions: 4
[735000] S1 MEMORY WRITE beat=0 addr=1559b410 data=04ba70952520c3ad id=19
[735000] MASTER 1 W_VALID_RDY Handshake beat=1 wlast=0
[745000] MASTER 1 W_VALID_RDY Handshake beat=2 wlast=0
[745000] S1 MEMORY WRITE beat=1 addr=1559b410 data=3028a21cf7a1392d id=19
[755000] S1 MEMORY WRITE beat=2 addr=1559b410 data=c701f5b99f63d209 id=19
[755000] MASTER 1 W_VALID_RDY Handshake beat=3 wlast=0
[765000] MASTER 1 W_VALID_RDY Handshake beat=4 wlast=0
[765000] S1 MEMORY WRITE beat=3 addr=1559b410 data=c48495b6d6cc4594 id=19
[775000] S1 MEMORY WRITE beat=4 addr=1559b410 data=ce6d7ec2cbbc664e id=19
[775000] MASTER 1 W_VALID_RDY Handshake beat=5 wlast=0
[785000] MASTER 1 W_VALID_RDY Handshake beat=6 wlast=0
[785000] S1 MEMORY WRITE beat=5 addr=1559b410 data=eb203858f4ad37d2 id=19
[795000] S1 MEMORY WRITE beat=6 addr=1559b410 data=cb797d67956f747b id=19
[795000] MASTER 1 W_VALID_RDY Handshake beat=7 wlast=0
[805000] MASTER 1 W_VALID_RDY Handshake beat=8 wlast=0
[805000] S1 MEMORY WRITE beat=7 addr=1559b410 data=e12bdacaafa4ce0e id=19
[815000] S1 MEMORY WRITE beat=8 addr=1559b410 data=245205e119e6fc29 id=19
[815000] MASTER 1 W_VALID_RDY Handshake beat=9 wlast=0
[825000] MASTER 1 W_VALID_RDY Handshake beat=10 wlast=1
[825000] S1 MEMORY WRITE beat=9 addr=1559b410 data=af5670a4cc4c1322 id=19
[835000] S1 MEMORY WRITE beat=10 addr=1559b410 data=fbf0e130efcb8348 id=19
[845000] SLAVE1 sent B resp, id=9
[855000] [SLAVE MONITOR] mst_id=1 s_id=1 awaddr=1559b410 awid=1001 awlen=10 awsize=3 awburst=0 wdata=[4ba70952520c3ad 3028a21cf7a1392d c701f5b99f63d209 c48495b6d6cc4594 ce6d7ec2cbbc664e eb203858f4ad37d2 cb797d67956f747b e12bdacaafa4ce0e 245205e119e6fc29 af5670a4cc4c1322 fbf0e130efcb8348 ] wstrb=[6e 71 11 90 15 59 c1 84 ca d2 14 ] bresp=0 bid=11001
[865000] MASTER 1 RECEIVED BRESP. BRESP=0
[865000] [MASTER DRIVER] mst_id=1 s_id=0 awaddr=1559b410 awid=1001 awlen=10 awsize=3 awburst=0 wdata=[4ba70952520c3ad 3028a21cf7a1392d c701f5b99f63d209 c48495b6d6cc4594 ce6d7ec2cbbc664e eb203858f4ad37d2 cb797d67956f747b e12bdacaafa4ce0e 245205e119e6fc29 af5670a4cc4c1322 fbf0e130efcb8348 ] wstrb=[6e 71 11 90 15 59 c1 84 ca d2 14 ] bresp=0 bid=1001
[865000] MASTER 1 B_VALID_RDY Handshake
[865000] [MASTER MONITOR] mst_id=1 s_id=1 awaddr=1559b410 awid=1001 awlen=10 awsize=3 awburst=0 wdata=[4ba70952520c3ad 3028a21cf7a1392d c701f5b99f63d209 c48495b6d6cc4594 ce6d7ec2cbbc664e eb203858f4ad37d2 cb797d67956f747b e12bdacaafa4ce0e 245205e119e6fc29 af5670a4cc4c1322 fbf0e130efcb8348 ] wstrb=[6e 71 11 90 15 59 c1 84 ca d2 14 ] bresp=0 bid=1001
[865000] SCOREBOARD MATCH: decode_err expected = 0, actual =0
[865000] SCOREBOARD MATCH: slave_id expected = 1, actual =1
[865000] SCOREBOARD MATCH: awaddr passthrough expected = 1559b410, actual =1559b410
[865000] SCOREBOARD MATCH: awlen passthrough expected = 10, actual =10
[865000] SCOREBOARD MATCH: awsize passthrough expected = 3, actual =3
[865000] SCOREBOARD MATCH: awburst passthrough expected = 0, actual =0
[865000] SCOREBOARD MATCH: wdata size check expected = b, actual =b
[865000] SCOREBOARD MATCH: wdata passthrough beat=0 expected = 4ba70952520c3ad, actual =4ba70952520c3ad
[865000] SCOREBOARD MATCH: wdata passthrough beat=1 expected = 3028a21cf7a1392d, actual =3028a21cf7a1392d
[865000] SCOREBOARD MATCH: wdata passthrough beat=2 expected = c701f5b99f63d209, actual =c701f5b99f63d209
[865000] SCOREBOARD MATCH: wdata passthrough beat=3 expected = c48495b6d6cc4594, actual =c48495b6d6cc4594
[865000] SCOREBOARD MATCH: wdata passthrough beat=4 expected = ce6d7ec2cbbc664e, actual =ce6d7ec2cbbc664e
[865000] SCOREBOARD MATCH: wdata passthrough beat=5 expected = eb203858f4ad37d2, actual =eb203858f4ad37d2
[865000] SCOREBOARD MATCH: wdata passthrough beat=6 expected = cb797d67956f747b, actual =cb797d67956f747b
[865000] SCOREBOARD MATCH: wdata passthrough beat=7 expected = e12bdacaafa4ce0e, actual =e12bdacaafa4ce0e
[865000] SCOREBOARD MATCH: wdata passthrough beat=8 expected = 245205e119e6fc29, actual =245205e119e6fc29
[865000] SCOREBOARD MATCH: wdata passthrough beat=9 expected = af5670a4cc4c1322, actual =af5670a4cc4c1322
[865000] SCOREBOARD MATCH: wdata passthrough beat=10 expected = fbf0e130efcb8348, actual =fbf0e130efcb8348
[865000] SCOREBOARD MATCH: wstrb size check expected = b, actual =b
[865000] SCOREBOARD MATCH: wstrb passthrough beat=0 expected = 6e, actual =6e
[865000] SCOREBOARD MATCH: wstrb passthrough beat=1 expected = 71, actual =71
[865000] SCOREBOARD MATCH: wstrb passthrough beat=2 expected = 11, actual =11
[865000] SCOREBOARD MATCH: wstrb passthrough beat=3 expected = 90, actual =90
[865000] SCOREBOARD MATCH: wstrb passthrough beat=4 expected = 15, actual =15
[865000] SCOREBOARD MATCH: wstrb passthrough beat=5 expected = 59, actual =59
[865000] SCOREBOARD MATCH: wstrb passthrough beat=6 expected = c1, actual =c1
[865000] SCOREBOARD MATCH: wstrb passthrough beat=7 expected = 84, actual =84
[865000] SCOREBOARD MATCH: wstrb passthrough beat=8 expected = ca, actual =ca
[865000] SCOREBOARD MATCH: wstrb passthrough beat=9 expected = d2, actual =d2
[865000] SCOREBOARD MATCH: wstrb passthrough beat=10 expected = 14, actual =14
[865000] SCOREBOARD MATCH: bresp passthrough expected = 0, actual =0
[865000] SCOREBOARD MATCH: response routed to correct master (write) expected = 1, actual =1
[865000] [SCOREBOARD-M] mst_id=1 s_id=1 awaddr=1559b410 awid=1001 awlen=10 awsize=3 awburst=0 wdata=[4ba70952520c3ad 3028a21cf7a1392d c701f5b99f63d209 c48495b6d6cc4594 ce6d7ec2cbbc664e eb203858f4ad37d2 cb797d67956f747b e12bdacaafa4ce0e 245205e119e6fc29 af5670a4cc4c1322 fbf0e130efcb8348 ] wstrb=[6e 71 11 90 15 59 c1 84 ca d2 14 ] bresp=0 bid=1001
[865000] [SCOREBOARD-S] mst_id=1 s_id=1 awaddr=1559b410 awid=1001 awlen=10 awsize=3 awburst=0 wdata=[4ba70952520c3ad 3028a21cf7a1392d c701f5b99f63d209 c48495b6d6cc4594 ce6d7ec2cbbc664e eb203858f4ad37d2 cb797d67956f747b e12bdacaafa4ce0e 245205e119e6fc29 af5670a4cc4c1322 fbf0e130efcb8348 ] wstrb=[6e 71 11 90 15 59 c1 84 ca d2 14 ] bresp=0 bid=11001
[865000] SCOREBOARD: Transaction 5 received. pass=205 fail=0
[865000] SCOREBOARD: Expected 5 transactions completed, PASS=205 FAIL=0
[865000] ALL PASS. Total transactions: 5
[865000] ALL TRANSACTIONS MONITORED
$finish called at time : 885 ns : File "/home/nashita/Desktop/practice/axi_xbar/tb/top/axi_tb_top.sv" Line 220
exit
INFO: xsimkernel Simulation Memory Usage: 289464 KB (Peak: 337864 KB), Simulation CPU Usage: 1180 ms
INFO: [Common 17-206] Exiting xsim at Thu Sep 10 18:36:21 2026...
