#-----------------------------------------------------------
# xsim v2025.2 (64-bit)
# SW Build 6299465 on Fri Nov 14 12:34:56 MST 2025
# IP Build 6300035 on Fri Nov 14 10:48:45 MST 2025
# SharedData Build 6298862 on Thu Nov 13 04:50:51 MST 2025
# Start of session at: Tue Sep  8 16:04:54 2026
# Process ID         : 3982283
# Current directory  : /home/nashita/Desktop/practice/axi_xbar/sim
# Command line       : xsim -log regress_results/BT_run58.log -mode tcl -source {xsim.dir/tb_top_snap/xsim_script.tcl}
# Log file           : /home/nashita/Desktop/practice/axi_xbar/sim/regress_results/BT_run58.log
# Journal file       : /home/nashita/Desktop/practice/axi_xbar/sim/xsim.jou
# Running On         : vlsi-vivado
# Platform           : Ubuntu
# Operating System   : Ubuntu 24.04.4 LTS
# Processor Detail   : Intel(R) Core(TM) i5-10400 CPU @ 2.90GHz
# CPU Frequency      : 800.000 MHz
# CPU Physical cores : 6
# CPU Logical cores  : 12
# Host memory        : 41875 MB
# Swap memory        : 27648 MB
# Total Virtual      : 69524 MB
# Available Virtual  : 60289 MB
#-----------------------------------------------------------
source xsim.dir/tb_top_snap/xsim_script.tcl
# xsim {tb_top_snap} -testplusarg BT -autoloadwcfg -runall -sv_seed 59
Time resolution is 1 ps
run -all
[0] RUNNING BASE TEST
[0] INSIDE THE BASE TEST CONSTRUCTOR
[0] ENV: before agent
[0] SLAVE CONSTRUCTED
[0] MASTER MONITOR CONSTRUCTED
[0] MASTER MONITOR CONSTRUCTED
[0] SLAVE MONITOR CONSTRUCTED
[0] SLAVE MONITOR CONSTRUCTED
[0] ARB MONITOR CONSTRUCTED
GENERATOR CONSTRUCTED
[0] ENV: after agent
[0] ENV: before scoreboard
[0] ENV: after scoreboard
[15000] [SEQUENCER] mst_id=0 s_id=0 awaddr=19de58a0 awid=1100 awlen=1 awsize=3 awburst=1 wdata=[] wstrb=[] bresp=0 bid=0
[15000] [SEQUENCER] READ mst_id=1 s_id=0 araddr=1e02f498 arid=0 arlen=1 arsize=3 arburst=1 rid=[] rresp=[] rdata=[]
[15000] [SEQUENCER] READ mst_id=0 s_id=0 araddr=1719f8 arid=1 arlen=1 arsize=3 arburst=1 rid=[] rresp=[] rdata=[]
[15000] [SEQUENCER] READ mst_id=0 s_id=0 araddr=15b67d48 arid=2 arlen=1 arsize=3 arburst=1 rid=[] rresp=[] rdata=[]
[15000] [SEQUENCER] mst_id=1 s_id=0 awaddr=1577f1c8 awid=100 awlen=1 awsize=3 awburst=1 wdata=[] wstrb=[] bresp=0 bid=0
[15000] [SEQUENCER] READ mst_id=0 s_id=0 araddr=1b03a230 arid=3 arlen=1 arsize=3 arburst=1 rid=[] rresp=[] rdata=[]
[15000] [SEQUENCER] mst_id=0 s_id=0 awaddr=1d5db3c0 awid=1100 awlen=1 awsize=3 awburst=1 wdata=[] wstrb=[] bresp=0 bid=0
[15000] [SEQUENCER] mst_id=1 s_id=0 awaddr=146c3cd0 awid=1111 awlen=1 awsize=3 awburst=1 wdata=[] wstrb=[] bresp=0 bid=0
[15000] [SEQUENCER] mst_id=0 s_id=0 awaddr=113de8c8 awid=10 awlen=1 awsize=3 awburst=1 wdata=[] wstrb=[] bresp=0 bid=0
[15000] [SEQUENCER] READ mst_id=1 s_id=0 araddr=152abbf8 arid=3 arlen=1 arsize=3 arburst=1 rid=[] rresp=[] rdata=[]
[15000] MASTER_DRIVER0 received transaction, op=AXI_WRITE
[15000] MASTER_DRIVER1 received transaction, op=AXI_READ
[35000] MASTER 0 AW_VALID_RDY Handshake
[35000] MASTER_DRIVER1 received transaction, op=AXI_WRITE
[45000] ARB MONITOR: slave=1 m0_req=1 m1_req=0 winner=0
[45000] ARB MONITOR: slave=1 m0_req=0 m1_req=1 winner=1
[45000] AXI S0_ARVALID_RDY HANDSHAKE
[45000] MEMORY READ MISS beat=0 addr=1e02f498 -> default data id=16
[45000] AXI S1_AWVALID_RDY HANDSHAKE
[55000] MEMORY READ MISS beat=1 addr=1e02f4a0 -> default data id=16
[55000] SLAVE 1 R_VALID_RDY Handshake beat=0 rlast=0
[55000] MASTER 1 AW_VALID_RDY Handshake
[55000] MASTER 0 W_VALID_RDY Handshake beat=0 wlast=0
[65000] MASTER_DRIVER0 received transaction, op=AXI_READ
[65000] MASTER 0 W_VALID_RDY Handshake beat=1 wlast=1
[65000] SLAVE 1 R_VALID_RDY Handshake beat=1 rlast=1
[65000] [SLAVE MONITOR AR] READ mst_id=1 s_id=1 araddr=1e02f498 arid=0 arlen=1 arsize=3 arburst=1 rid=[1010] rresp=[00] rdata=[baadf00d12345678baadf00d12345678]
[65000] AXI S1_WVALID_RDY HANDSHAKE
[65000] S1 MEMORY WRITE beat=0 addr=19de58a0 data=0000000000000000 id=0c
[75000] S1 MEMORY WRITE beat=1 addr=19de58a8 data=0000000000000000 id=0c
[75000] AXI S1_WVALID_RDY HANDSHAKE
[75000] MASTER 1 R_VALID_RDY Handshake beat=0 rlast=0
[75000] MASTER 1 W_VALID_RDY Handshake beat=0 wlast=0
[85000] [MASTER DRIVER] READ mst_id=1 s_id=0 araddr=1e02f498 arid=0 arlen=1 arsize=3 arburst=1 rid=[00] rresp=[00] rdata=[baadf00d12345678baadf00d12345678]
[85000] MASTER_DRIVER1 received transaction, op=AXI_WRITE
[85000] MASTER_DRIVER0 received transaction, op=AXI_READ
[85000] MASTER 1 W_VALID_RDY Handshake beat=1 wlast=1
[85000] MASTER 1 R_VALID_RDY Handshake beat=1 rlast=1
[85000] [MASTER MONITOR] READ mst_id=1 s_id=1 araddr=1e02f498 arid=0 arlen=1 arsize=3 arburst=1 rid=[00] rresp=[00] rdata=[baadf00d12345678baadf00d12345678]
[85000] AXI S1_BVALID_RDY HANDSHAKE
[85000] [SLAVE MONITOR] mst_id=0 s_id=1 awaddr=19de58a0 awid=1100 awlen=1 awsize=3 awburst=1 wdata=[0 0 ] wstrb=[0 0 ] bresp=0 bid=1100
[85000] SLAVE1 sent B resp, id=12
[85000] SCOREBOARD MATCH: decode_err expected = 0, actual =0
[85000] SCOREBOARD MATCH: slave_id expected = 1, actual =1
[85000] SCOREBOARD MATCH: araddr passthrough expected = 1e02f498, actual =1e02f498
[85000] SCOREBOARD MATCH: arlen passthrough expected = 1, actual =1
[85000] SCOREBOARD MATCH: arsize passthrough expected = 3, actual =3
[85000] SCOREBOARD MATCH: arburst passthrough expected = 1, actual =1
[85000] SCOREBOARD MATCH: rdata size check expected = 2, actual =2
[85000] SCOREBOARD MATCH: rdata passthrough beat=0 expected = baadf00d12345678, actual =baadf00d12345678
[85000] SCOREBOARD MATCH: rdata passthrough beat=1 expected = baadf00d12345678, actual =baadf00d12345678
[85000] SCOREBOARD MATCH: rresp size check expected = 2, actual =2
[85000] SCOREBOARD MATCH: rresp passthrough beat=0 expected = 0, actual =0
[85000] SCOREBOARD MATCH: rresp passthrough beat=1 expected = 0, actual =0
[85000] SCOREBOARD MATCH: response routed to correct master (read beat 0) expected = 1, actual =1
[85000] SCOREBOARD MATCH: response routed to correct master (read beat 1) expected = 1, actual =1
[85000] [SCOREBOARD-M] READ mst_id=1 s_id=1 araddr=1e02f498 arid=0 arlen=1 arsize=3 arburst=1 rid=[00] rresp=[00] rdata=[baadf00d12345678baadf00d12345678]
[85000] [SCOREBOARD-S] READ mst_id=1 s_id=1 araddr=1e02f498 arid=0 arlen=1 arsize=3 arburst=1 rid=[1010] rresp=[00] rdata=[baadf00d12345678baadf00d12345678]
[85000] SCOREBOARD: Transaction 1 received. pass=14 fail=0
[85000] ALL PASS. Total transactions: 1
[95000] AXI S1_AWVALID_RDY HANDSHAKE
[95000] AXI S0_ARVALID_RDY HANDSHAKE
[95000] MEMORY READ MISS beat=0 addr=1719f8 -> default data id=1
[95000] ARB MONITOR: slave=0 m0_req=1 m1_req=0 winner=0
[95000] ARB MONITOR: slave=1 m0_req=0 m1_req=1 winner=1
[105000] MASTER_DRIVER0 received transaction, op=AXI_READ
[105000] MASTER 0 RECEIVED BRESP. BRESP=0
[105000] [MASTER DRIVER] mst_id=0 s_id=0 awaddr=19de58a0 awid=1100 awlen=1 awsize=3 awburst=1 wdata=[] wstrb=[] bresp=0 bid=1100
[105000] MASTER 0 B_VALID_RDY Handshake
[105000] [MASTER MONITOR] mst_id=0 s_id=1 awaddr=19de58a0 awid=1100 awlen=1 awsize=3 awburst=1 wdata=[0 0 ] wstrb=[0 0 ] bresp=0 bid=1100
[105000] MASTER 1 AW_VALID_RDY Handshake
[105000] AXI S1_WVALID_RDY HANDSHAKE
[105000] SLAVE 0 R_VALID_RDY Handshake beat=0 rlast=0
[105000] MEMORY READ MISS beat=1 addr=171a00 -> default data id=1
[105000] S1 MEMORY WRITE beat=0 addr=1577f1c8 data=0000000000000000 id=14
[105000] SCOREBOARD MATCH: decode_err expected = 0, actual =0
[105000] SCOREBOARD MATCH: slave_id expected = 1, actual =1
[105000] SCOREBOARD MATCH: awaddr passthrough expected = 19de58a0, actual =19de58a0
[105000] SCOREBOARD MATCH: awlen passthrough expected = 1, actual =1
[105000] SCOREBOARD MATCH: awsize passthrough expected = 3, actual =3
[105000] SCOREBOARD MATCH: awburst passthrough expected = 1, actual =1
[105000] SCOREBOARD MATCH: wdata size check expected = 2, actual =2
[105000] SCOREBOARD MATCH: wdata passthrough beat=0 expected = 0, actual =0
[105000] SCOREBOARD MATCH: wdata passthrough beat=1 expected = 0, actual =0
[105000] SCOREBOARD MATCH: wstrb size check expected = 2, actual =2
[105000] SCOREBOARD MATCH: wstrb passthrough beat=0 expected = 0, actual =0
[105000] SCOREBOARD MATCH: wstrb passthrough beat=1 expected = 0, actual =0
[105000] SCOREBOARD MATCH: bresp passthrough expected = 0, actual =0
[105000] SCOREBOARD MATCH: response routed to correct master (write) expected = 0, actual =0
[105000] [SCOREBOARD-M] mst_id=0 s_id=1 awaddr=19de58a0 awid=1100 awlen=1 awsize=3 awburst=1 wdata=[0 0 ] wstrb=[0 0 ] bresp=0 bid=1100
[105000] [SCOREBOARD-S] mst_id=0 s_id=1 awaddr=19de58a0 awid=1100 awlen=1 awsize=3 awburst=1 wdata=[0 0 ] wstrb=[0 0 ] bresp=0 bid=1100
[105000] SCOREBOARD: Transaction 2 received. pass=28 fail=0
[105000] ALL PASS. Total transactions: 2
[115000] S1 MEMORY WRITE beat=1 addr=1577f1d0 data=0000000000000000 id=14
[115000] AXI S0_ARVALID_RDY HANDSHAKE
[115000] MEMORY READ MISS beat=0 addr=15b67d48 -> default data id=2
[115000] SLAVE 0 R_VALID_RDY Handshake beat=1 rlast=1
[115000] [SLAVE MONITOR AR] READ mst_id=0 s_id=0 araddr=1719f8 arid=1 arlen=1 arsize=3 arburst=1 rid=[11] rresp=[00] rdata=[baadf00d12345678baadf00d12345678]
[115000] AXI S1_WVALID_RDY HANDSHAKE
[115000] ARB MONITOR: slave=1 m0_req=1 m1_req=0 winner=0
[125000] MASTER_DRIVER0 received transaction, op=AXI_WRITE
[125000] MASTER 0 R_VALID_RDY Handshake beat=0 rlast=0
[125000] MASTER 1 W_VALID_RDY Handshake beat=0 wlast=0
[125000] SLAVE 1 R_VALID_RDY Handshake beat=0 rlast=0
[125000] AXI S1_BVALID_RDY HANDSHAKE
[125000] [SLAVE MONITOR] mst_id=1 s_id=1 awaddr=1577f1c8 awid=100 awlen=1 awsize=3 awburst=1 wdata=[0 0 ] wstrb=[0 0 ] bresp=0 bid=10100
[125000] MEMORY READ MISS beat=1 addr=15b67d50 -> default data id=2
[125000] SLAVE1 sent B resp, id=4
[135000] AXI S1_AWVALID_RDY HANDSHAKE
[135000] SLAVE 1 R_VALID_RDY Handshake beat=1 rlast=1
[135000] [SLAVE MONITOR AR] READ mst_id=0 s_id=1 araddr=15b67d48 arid=2 arlen=1 arsize=3 arburst=1 rid=[22] rresp=[00] rdata=[baadf00d12345678baadf00d12345678]
[135000] ARB MONITOR: slave=1 m0_req=0 m1_req=1 winner=1
[135000] MASTER 1 W_VALID_RDY Handshake beat=1 wlast=1
[135000] MASTER 0 R_VALID_RDY Handshake beat=1 rlast=1
[135000] [MASTER MONITOR] READ mst_id=0 s_id=0 araddr=1719f8 arid=1 arlen=1 arsize=3 arburst=1 rid=[11] rresp=[00] rdata=[baadf00d12345678baadf00d12345678]
[135000] [MASTER DRIVER] READ mst_id=0 s_id=0 araddr=1719f8 arid=1 arlen=1 arsize=3 arburst=1 rid=[11] rresp=[00] rdata=[baadf00d12345678baadf00d12345678]
[135000] MASTER_DRIVER1 received transaction, op=AXI_READ
[135000] SCOREBOARD MATCH: decode_err expected = 0, actual =0
[135000] SCOREBOARD MATCH: slave_id expected = 0, actual =0
[135000] SCOREBOARD MATCH: araddr passthrough expected = 1719f8, actual =1719f8
[135000] SCOREBOARD MATCH: arlen passthrough expected = 1, actual =1
[135000] SCOREBOARD MATCH: arsize passthrough expected = 3, actual =3
[135000] SCOREBOARD MATCH: arburst passthrough expected = 1, actual =1
[135000] SCOREBOARD MATCH: rdata size check expected = 2, actual =2
[135000] SCOREBOARD MATCH: rdata passthrough beat=0 expected = baadf00d12345678, actual =baadf00d12345678
[135000] SCOREBOARD MATCH: rdata passthrough beat=1 expected = baadf00d12345678, actual =baadf00d12345678
[135000] SCOREBOARD MATCH: rresp size check expected = 2, actual =2
[135000] SCOREBOARD MATCH: rresp passthrough beat=0 expected = 0, actual =0
[135000] SCOREBOARD MATCH: rresp passthrough beat=1 expected = 0, actual =0
[135000] SCOREBOARD MATCH: response routed to correct master (read beat 0) expected = 0, actual =0
[135000] SCOREBOARD MATCH: response routed to correct master (read beat 1) expected = 0, actual =0
[135000] [SCOREBOARD-M] READ mst_id=0 s_id=0 araddr=1719f8 arid=1 arlen=1 arsize=3 arburst=1 rid=[11] rresp=[00] rdata=[baadf00d12345678baadf00d12345678]
[135000] [SCOREBOARD-S] READ mst_id=0 s_id=0 araddr=1719f8 arid=1 arlen=1 arsize=3 arburst=1 rid=[11] rresp=[00] rdata=[baadf00d12345678baadf00d12345678]
[135000] SCOREBOARD: Transaction 3 received. pass=42 fail=0
[135000] ALL PASS. Total transactions: 3
[145000] MASTER 1 RECEIVED BRESP. BRESP=0
[145000] [MASTER DRIVER] mst_id=1 s_id=0 awaddr=1577f1c8 awid=100 awlen=1 awsize=3 awburst=1 wdata=[] wstrb=[] bresp=0 bid=100
[145000] MASTER 0 AW_VALID_RDY Handshake
[145000] MASTER 1 B_VALID_RDY Handshake
[145000] [MASTER MONITOR] mst_id=1 s_id=1 awaddr=1577f1c8 awid=100 awlen=1 awsize=3 awburst=1 wdata=[0 0 ] wstrb=[0 0 ] bresp=0 bid=100
[145000] ARB MONITOR: slave=1 m0_req=1 m1_req=0 winner=0
[145000] AXI S1_WVALID_RDY HANDSHAKE
[145000] AXI S0_ARVALID_RDY HANDSHAKE
[145000] MEMORY READ MISS beat=0 addr=1b03a230 -> default data id=3
[145000] S1 MEMORY WRITE beat=0 addr=146c3cd0 data=0000000000000000 id=1f
[145000] SCOREBOARD MATCH: decode_err expected = 0, actual =0
[145000] SCOREBOARD MATCH: slave_id expected = 1, actual =1
[145000] SCOREBOARD MATCH: awaddr passthrough expected = 1577f1c8, actual =1577f1c8
[145000] SCOREBOARD MATCH: awlen passthrough expected = 1, actual =1
[145000] SCOREBOARD MATCH: awsize passthrough expected = 3, actual =3
[145000] SCOREBOARD MATCH: awburst passthrough expected = 1, actual =1
[145000] SCOREBOARD MATCH: wdata size check expected = 2, actual =2
[145000] SCOREBOARD MATCH: wdata passthrough beat=0 expected = 0, actual =0
[145000] SCOREBOARD MATCH: wdata passthrough beat=1 expected = 0, actual =0
[145000] SCOREBOARD MATCH: wstrb size check expected = 2, actual =2
[145000] SCOREBOARD MATCH: wstrb passthrough beat=0 expected = 0, actual =0
[145000] SCOREBOARD MATCH: wstrb passthrough beat=1 expected = 0, actual =0
[145000] SCOREBOARD MATCH: bresp passthrough expected = 0, actual =0
[145000] SCOREBOARD MATCH: response routed to correct master (write) expected = 1, actual =1
[145000] [SCOREBOARD-M] mst_id=1 s_id=1 awaddr=1577f1c8 awid=100 awlen=1 awsize=3 awburst=1 wdata=[0 0 ] wstrb=[0 0 ] bresp=0 bid=100
[145000] [SCOREBOARD-S] mst_id=1 s_id=1 awaddr=1577f1c8 awid=100 awlen=1 awsize=3 awburst=1 wdata=[0 0 ] wstrb=[0 0 ] bresp=0 bid=10100
[145000] SCOREBOARD: Transaction 4 received. pass=56 fail=0
[145000] ALL PASS. Total transactions: 4
[155000] S1 MEMORY WRITE beat=1 addr=146c3cd8 data=0000000000000000 id=1f
[155000] MEMORY READ MISS beat=1 addr=1b03a238 -> default data id=3
[155000] AXI S1_WVALID_RDY HANDSHAKE
[155000] SLAVE 1 R_VALID_RDY Handshake beat=0 rlast=0
[155000] MASTER 0 R_VALID_RDY Handshake beat=0 rlast=0
[165000] [MASTER DRIVER] READ mst_id=0 s_id=0 araddr=15b67d48 arid=2 arlen=1 arsize=3 arburst=1 rid=[22] rresp=[00] rdata=[baadf00d12345678baadf00d12345678]
[165000] MASTER 0 W_VALID_RDY Handshake beat=0 wlast=0
[165000] MASTER 0 R_VALID_RDY Handshake beat=1 rlast=1
[165000] [MASTER MONITOR] READ mst_id=0 s_id=1 araddr=15b67d48 arid=2 arlen=1 arsize=3 arburst=1 rid=[22] rresp=[00] rdata=[baadf00d12345678baadf00d12345678]
[165000] SLAVE 1 R_VALID_RDY Handshake beat=1 rlast=1
[165000] [SLAVE MONITOR AR] READ mst_id=0 s_id=1 araddr=1b03a230 arid=3 arlen=1 arsize=3 arburst=1 rid=[33] rresp=[00] rdata=[baadf00d12345678baadf00d12345678]
[165000] AXI S1_BVALID_RDY HANDSHAKE
[165000] [SLAVE MONITOR] mst_id=1 s_id=1 awaddr=146c3cd0 awid=1111 awlen=1 awsize=3 awburst=1 wdata=[0 0 ] wstrb=[0 0 ] bresp=0 bid=11111
[165000] SLAVE1 sent B resp, id=15
[165000] SCOREBOARD MATCH: decode_err expected = 0, actual =0
[165000] SCOREBOARD MATCH: slave_id expected = 1, actual =1
[165000] SCOREBOARD MATCH: araddr passthrough expected = 15b67d48, actual =15b67d48
[165000] SCOREBOARD MATCH: arlen passthrough expected = 1, actual =1
[165000] SCOREBOARD MATCH: arsize passthrough expected = 3, actual =3
[165000] SCOREBOARD MATCH: arburst passthrough expected = 1, actual =1
[165000] SCOREBOARD MATCH: rdata size check expected = 2, actual =2
[165000] SCOREBOARD MATCH: rdata passthrough beat=0 expected = baadf00d12345678, actual =baadf00d12345678
[165000] SCOREBOARD MATCH: rdata passthrough beat=1 expected = baadf00d12345678, actual =baadf00d12345678
[165000] SCOREBOARD MATCH: rresp size check expected = 2, actual =2
[165000] SCOREBOARD MATCH: rresp passthrough beat=0 expected = 0, actual =0
[165000] SCOREBOARD MATCH: rresp passthrough beat=1 expected = 0, actual =0
[165000] SCOREBOARD MATCH: response routed to correct master (read beat 0) expected = 0, actual =0
[165000] SCOREBOARD MATCH: response routed to correct master (read beat 1) expected = 0, actual =0
[165000] [SCOREBOARD-M] READ mst_id=0 s_id=1 araddr=15b67d48 arid=2 arlen=1 arsize=3 arburst=1 rid=[22] rresp=[00] rdata=[baadf00d12345678baadf00d12345678]
[165000] [SCOREBOARD-S] READ mst_id=0 s_id=1 araddr=15b67d48 arid=2 arlen=1 arsize=3 arburst=1 rid=[22] rresp=[00] rdata=[baadf00d12345678baadf00d12345678]
[165000] SCOREBOARD: Transaction 5 received. pass=70 fail=0
[165000] ALL PASS. Total transactions: 5
[175000] AXI S1_AWVALID_RDY HANDSHAKE
[175000] AXI S0_ARVALID_RDY HANDSHAKE
[175000] MEMORY READ MISS beat=0 addr=152abbf8 -> default data id=19
[175000] ARB MONITOR: slave=1 m0_req=1 m1_req=0 winner=0
[175000] ARB MONITOR: slave=1 m0_req=0 m1_req=1 winner=1
[175000] MASTER 0 W_VALID_RDY Handshake beat=1 wlast=1
[175000] MASTER_DRIVER0 received transaction, op=AXI_WRITE
[185000] MASTER 1 RECEIVED BRESP. BRESP=0
[185000] [MASTER DRIVER] mst_id=1 s_id=0 awaddr=146c3cd0 awid=1111 awlen=1 awsize=3 awburst=1 wdata=[] wstrb=[] bresp=0 bid=1111
[185000] MASTER 0 R_VALID_RDY Handshake beat=0 rlast=0
[185000] MASTER 1 B_VALID_RDY Handshake
[185000] [MASTER MONITOR] mst_id=1 s_id=1 awaddr=146c3cd0 awid=1111 awlen=1 awsize=3 awburst=1 wdata=[0 0 ] wstrb=[0 0 ] bresp=0 bid=1111
[185000] SLAVE 1 R_VALID_RDY Handshake beat=0 rlast=0
[185000] AXI S1_WVALID_RDY HANDSHAKE
[185000] MEMORY READ MISS beat=1 addr=152abc00 -> default data id=19
[185000] S1 MEMORY WRITE beat=0 addr=1d5db3c0 data=0000000000000000 id=0c
[185000] SCOREBOARD MATCH: decode_err expected = 0, actual =0
[185000] SCOREBOARD MATCH: slave_id expected = 1, actual =1
[185000] SCOREBOARD MATCH: awaddr passthrough expected = 146c3cd0, actual =146c3cd0
[185000] SCOREBOARD MATCH: awlen passthrough expected = 1, actual =1
[185000] SCOREBOARD MATCH: awsize passthrough expected = 3, actual =3
[185000] SCOREBOARD MATCH: awburst passthrough expected = 1, actual =1
[185000] SCOREBOARD MATCH: wdata size check expected = 2, actual =2
[185000] SCOREBOARD MATCH: wdata passthrough beat=0 expected = 0, actual =0
[185000] SCOREBOARD MATCH: wdata passthrough beat=1 expected = 0, actual =0
[185000] SCOREBOARD MATCH: wstrb size check expected = 2, actual =2
[185000] SCOREBOARD MATCH: wstrb passthrough beat=0 expected = 0, actual =0
[185000] SCOREBOARD MATCH: wstrb passthrough beat=1 expected = 0, actual =0
[185000] SCOREBOARD MATCH: bresp passthrough expected = 0, actual =0
[185000] SCOREBOARD MATCH: response routed to correct master (write) expected = 1, actual =1
[185000] [SCOREBOARD-M] mst_id=1 s_id=1 awaddr=146c3cd0 awid=1111 awlen=1 awsize=3 awburst=1 wdata=[0 0 ] wstrb=[0 0 ] bresp=0 bid=1111
[185000] [SCOREBOARD-S] mst_id=1 s_id=1 awaddr=146c3cd0 awid=1111 awlen=1 awsize=3 awburst=1 wdata=[0 0 ] wstrb=[0 0 ] bresp=0 bid=11111
[185000] SCOREBOARD: Transaction 6 received. pass=84 fail=0
[185000] ALL PASS. Total transactions: 6
[195000] S1 MEMORY WRITE beat=1 addr=1d5db3c8 data=0000000000000000 id=0c
[195000] AXI S1_WVALID_RDY HANDSHAKE
[195000] SLAVE 1 R_VALID_RDY Handshake beat=1 rlast=1
[195000] [SLAVE MONITOR AR] READ mst_id=1 s_id=1 araddr=152abbf8 arid=3 arlen=1 arsize=3 arburst=1 rid=[1313] rresp=[00] rdata=[baadf00d12345678baadf00d12345678]
[195000] MASTER 0 R_VALID_RDY Handshake beat=1 rlast=1
[195000] [MASTER MONITOR] READ mst_id=0 s_id=1 araddr=1b03a230 arid=3 arlen=1 arsize=3 arburst=1 rid=[33] rresp=[00] rdata=[baadf00d12345678baadf00d12345678]
[195000] MASTER 0 AW_VALID_RDY Handshake
[195000] [MASTER DRIVER] READ mst_id=0 s_id=0 araddr=1b03a230 arid=3 arlen=1 arsize=3 arburst=1 rid=[33] rresp=[00] rdata=[baadf00d12345678baadf00d12345678]
[195000] SCOREBOARD MATCH: decode_err expected = 0, actual =0
[195000] SCOREBOARD MATCH: slave_id expected = 1, actual =1
[195000] SCOREBOARD MATCH: araddr passthrough expected = 1b03a230, actual =1b03a230
[195000] SCOREBOARD MATCH: arlen passthrough expected = 1, actual =1
[195000] SCOREBOARD MATCH: arsize passthrough expected = 3, actual =3
[195000] SCOREBOARD MATCH: arburst passthrough expected = 1, actual =1
[195000] SCOREBOARD MATCH: rdata size check expected = 2, actual =2
[195000] SCOREBOARD MATCH: rdata passthrough beat=0 expected = baadf00d12345678, actual =baadf00d12345678
[195000] SCOREBOARD MATCH: rdata passthrough beat=1 expected = baadf00d12345678, actual =baadf00d12345678
[195000] SCOREBOARD MATCH: rresp size check expected = 2, actual =2
[195000] SCOREBOARD MATCH: rresp passthrough beat=0 expected = 0, actual =0
[195000] SCOREBOARD MATCH: rresp passthrough beat=1 expected = 0, actual =0
[195000] SCOREBOARD MATCH: response routed to correct master (read beat 0) expected = 0, actual =0
[195000] SCOREBOARD MATCH: response routed to correct master (read beat 1) expected = 0, actual =0
[195000] [SCOREBOARD-M] READ mst_id=0 s_id=1 araddr=1b03a230 arid=3 arlen=1 arsize=3 arburst=1 rid=[33] rresp=[00] rdata=[baadf00d12345678baadf00d12345678]
[195000] [SCOREBOARD-S] READ mst_id=0 s_id=1 araddr=1b03a230 arid=3 arlen=1 arsize=3 arburst=1 rid=[33] rresp=[00] rdata=[baadf00d12345678baadf00d12345678]
[195000] SCOREBOARD: Transaction 7 received. pass=98 fail=0
[195000] ALL PASS. Total transactions: 7
[205000] AXI S1_BVALID_RDY HANDSHAKE
[205000] [SLAVE MONITOR] mst_id=0 s_id=1 awaddr=1d5db3c0 awid=1100 awlen=1 awsize=3 awburst=1 wdata=[0 0 ] wstrb=[0 0 ] bresp=0 bid=1100
[205000] SLAVE1 sent B resp, id=12
[215000] AXI S1_AWVALID_RDY HANDSHAKE
[215000] ARB MONITOR: slave=1 m0_req=1 m1_req=0 winner=0
[215000] MASTER 1 R_VALID_RDY Handshake beat=0 rlast=0
[215000] MASTER 0 W_VALID_RDY Handshake beat=0 wlast=0
[225000] [MASTER DRIVER] READ mst_id=1 s_id=0 araddr=152abbf8 arid=3 arlen=1 arsize=3 arburst=1 rid=[33] rresp=[00] rdata=[baadf00d12345678baadf00d12345678]
[225000] MASTER 0 RECEIVED BRESP. BRESP=0
[225000] [MASTER DRIVER] mst_id=0 s_id=0 awaddr=1d5db3c0 awid=1100 awlen=1 awsize=3 awburst=1 wdata=[] wstrb=[] bresp=0 bid=1100
[225000] MASTER 0 B_VALID_RDY Handshake
[225000] [MASTER MONITOR] mst_id=0 s_id=1 awaddr=1d5db3c0 awid=1100 awlen=1 awsize=3 awburst=1 wdata=[0 0 ] wstrb=[0 0 ] bresp=0 bid=1100
[225000] MASTER 0 W_VALID_RDY Handshake beat=1 wlast=1
[225000] MASTER 1 R_VALID_RDY Handshake beat=1 rlast=1
[225000] [MASTER MONITOR] READ mst_id=1 s_id=1 araddr=152abbf8 arid=3 arlen=1 arsize=3 arburst=1 rid=[33] rresp=[00] rdata=[baadf00d12345678baadf00d12345678]
[225000] AXI S1_WVALID_RDY HANDSHAKE
[225000] S1 MEMORY WRITE beat=0 addr=113de8c8 data=0000000000000000 id=02
[225000] SCOREBOARD MATCH: decode_err expected = 0, actual =0
[225000] SCOREBOARD MATCH: slave_id expected = 1, actual =1
[225000] SCOREBOARD MATCH: awaddr passthrough expected = 1d5db3c0, actual =1d5db3c0
[225000] SCOREBOARD MATCH: awlen passthrough expected = 1, actual =1
[225000] SCOREBOARD MATCH: awsize passthrough expected = 3, actual =3
[225000] SCOREBOARD MATCH: awburst passthrough expected = 1, actual =1
[225000] SCOREBOARD MATCH: wdata size check expected = 2, actual =2
[225000] SCOREBOARD MATCH: wdata passthrough beat=0 expected = 0, actual =0
[225000] SCOREBOARD MATCH: wdata passthrough beat=1 expected = 0, actual =0
[225000] SCOREBOARD MATCH: wstrb size check expected = 2, actual =2
[225000] SCOREBOARD MATCH: wstrb passthrough beat=0 expected = 0, actual =0
[225000] SCOREBOARD MATCH: wstrb passthrough beat=1 expected = 0, actual =0
[225000] SCOREBOARD MATCH: bresp passthrough expected = 0, actual =0
[225000] SCOREBOARD MATCH: response routed to correct master (write) expected = 0, actual =0
[225000] [SCOREBOARD-M] mst_id=0 s_id=1 awaddr=1d5db3c0 awid=1100 awlen=1 awsize=3 awburst=1 wdata=[0 0 ] wstrb=[0 0 ] bresp=0 bid=1100
[225000] [SCOREBOARD-S] mst_id=0 s_id=1 awaddr=1d5db3c0 awid=1100 awlen=1 awsize=3 awburst=1 wdata=[0 0 ] wstrb=[0 0 ] bresp=0 bid=1100
[225000] SCOREBOARD: Transaction 8 received. pass=112 fail=0
[225000] ALL PASS. Total transactions: 8
[225000] SCOREBOARD MATCH: decode_err expected = 0, actual =0
[225000] SCOREBOARD MATCH: slave_id expected = 1, actual =1
[225000] SCOREBOARD MATCH: araddr passthrough expected = 152abbf8, actual =152abbf8
[225000] SCOREBOARD MATCH: arlen passthrough expected = 1, actual =1
[225000] SCOREBOARD MATCH: arsize passthrough expected = 3, actual =3
[225000] SCOREBOARD MATCH: arburst passthrough expected = 1, actual =1
[225000] SCOREBOARD MATCH: rdata size check expected = 2, actual =2
[225000] SCOREBOARD MATCH: rdata passthrough beat=0 expected = baadf00d12345678, actual =baadf00d12345678
[225000] SCOREBOARD MATCH: rdata passthrough beat=1 expected = baadf00d12345678, actual =baadf00d12345678
[225000] SCOREBOARD MATCH: rresp size check expected = 2, actual =2
[225000] SCOREBOARD MATCH: rresp passthrough beat=0 expected = 0, actual =0
[225000] SCOREBOARD MATCH: rresp passthrough beat=1 expected = 0, actual =0
[225000] SCOREBOARD MATCH: response routed to correct master (read beat 0) expected = 1, actual =1
[225000] SCOREBOARD MATCH: response routed to correct master (read beat 1) expected = 1, actual =1
[225000] [SCOREBOARD-M] READ mst_id=1 s_id=1 araddr=152abbf8 arid=3 arlen=1 arsize=3 arburst=1 rid=[33] rresp=[00] rdata=[baadf00d12345678baadf00d12345678]
[225000] [SCOREBOARD-S] READ mst_id=1 s_id=1 araddr=152abbf8 arid=3 arlen=1 arsize=3 arburst=1 rid=[1313] rresp=[00] rdata=[baadf00d12345678baadf00d12345678]
[225000] SCOREBOARD: Transaction 9 received. pass=126 fail=0
[225000] ALL PASS. Total transactions: 9
[235000] S1 MEMORY WRITE beat=1 addr=113de8d0 data=0000000000000000 id=02
[235000] AXI S1_WVALID_RDY HANDSHAKE
[245000] AXI S1_BVALID_RDY HANDSHAKE
[245000] [SLAVE MONITOR] mst_id=0 s_id=1 awaddr=113de8c8 awid=10 awlen=1 awsize=3 awburst=1 wdata=[0 0 ] wstrb=[0 0 ] bresp=0 bid=10
[245000] SLAVE1 sent B resp, id=2
[265000] MASTER 0 RECEIVED BRESP. BRESP=0
[265000] [MASTER DRIVER] mst_id=0 s_id=0 awaddr=113de8c8 awid=10 awlen=1 awsize=3 awburst=1 wdata=[] wstrb=[] bresp=0 bid=10
[265000] MASTER 0 B_VALID_RDY Handshake
[265000] [MASTER MONITOR] mst_id=0 s_id=1 awaddr=113de8c8 awid=10 awlen=1 awsize=3 awburst=1 wdata=[0 0 ] wstrb=[0 0 ] bresp=0 bid=10
[265000] SCOREBOARD MATCH: decode_err expected = 0, actual =0
[265000] SCOREBOARD MATCH: slave_id expected = 1, actual =1
[265000] SCOREBOARD MATCH: awaddr passthrough expected = 113de8c8, actual =113de8c8
[265000] SCOREBOARD MATCH: awlen passthrough expected = 1, actual =1
[265000] SCOREBOARD MATCH: awsize passthrough expected = 3, actual =3
[265000] SCOREBOARD MATCH: awburst passthrough expected = 1, actual =1
[265000] SCOREBOARD MATCH: wdata size check expected = 2, actual =2
[265000] SCOREBOARD MATCH: wdata passthrough beat=0 expected = 0, actual =0
[265000] SCOREBOARD MATCH: wdata passthrough beat=1 expected = 0, actual =0
[265000] SCOREBOARD MATCH: wstrb size check expected = 2, actual =2
[265000] SCOREBOARD MATCH: wstrb passthrough beat=0 expected = 0, actual =0
[265000] SCOREBOARD MATCH: wstrb passthrough beat=1 expected = 0, actual =0
[265000] SCOREBOARD MATCH: bresp passthrough expected = 0, actual =0
[265000] SCOREBOARD MATCH: response routed to correct master (write) expected = 0, actual =0
[265000] [SCOREBOARD-M] mst_id=0 s_id=1 awaddr=113de8c8 awid=10 awlen=1 awsize=3 awburst=1 wdata=[0 0 ] wstrb=[0 0 ] bresp=0 bid=10
[265000] [SCOREBOARD-S] mst_id=0 s_id=1 awaddr=113de8c8 awid=10 awlen=1 awsize=3 awburst=1 wdata=[0 0 ] wstrb=[0 0 ] bresp=0 bid=10
[265000] SCOREBOARD: Transaction 10 received. pass=140 fail=0
[265000] SCOREBOARD: Expected 10 transactions completed, PASS=140 FAIL=0
[265000] ALL PASS. Total transactions: 10
[265000] ALL TRANSACTIONS MONITORED
$finish called at time : 285 ns : File "/home/nashita/Desktop/practice/axi_xbar/tb/top/axi_tb_top.sv" Line 206
exit
INFO: xsimkernel Simulation Memory Usage: 289420 KB (Peak: 337824 KB), Simulation CPU Usage: 1160 ms
INFO: [Common 17-206] Exiting xsim at Tue Sep  8 16:04:58 2026...
