#-----------------------------------------------------------
# xsim v2025.2 (64-bit)
# SW Build 6299465 on Fri Nov 14 12:34:56 MST 2025
# IP Build 6300035 on Fri Nov 14 10:48:45 MST 2025
# SharedData Build 6298862 on Thu Nov 13 04:50:51 MST 2025
# Start of session at: Fri Sep 11 12:05:00 2026
# Process ID         : 753560
# Current directory  : /home/nashita/Desktop/practice/axi_xbar/sim
# Command line       : xsim -log regress_results/BT_run69.log -mode tcl -source {xsim.dir/tb_top_snap/xsim_script.tcl}
# Log file           : /home/nashita/Desktop/practice/axi_xbar/sim/regress_results/BT_run69.log
# Journal file       : /home/nashita/Desktop/practice/axi_xbar/sim/xsim.jou
# Running On         : vlsi-vivado
# Platform           : Ubuntu
# Operating System   : Ubuntu 24.04.4 LTS
# Processor Detail   : Intel(R) Core(TM) i5-10400 CPU @ 2.90GHz
# CPU Frequency      : 4000.014 MHz
# CPU Physical cores : 6
# CPU Logical cores  : 12
# Host memory        : 41875 MB
# Swap memory        : 27648 MB
# Total Virtual      : 69524 MB
# Available Virtual  : 62495 MB
#-----------------------------------------------------------
source xsim.dir/tb_top_snap/xsim_script.tcl
# xsim {tb_top_snap} -testplusarg BT -autoloadwcfg -runall -sv_seed 70
Time resolution is 1 ps
run -all
[0] RUNNING BASE TEST
[0] INSIDE THE BASE TEST CONSTRUCTOR
[0] ENV: before agent
[0] SLAVE CONSTRUCTED
[0] MASTER MONITOR CONSTRUCTED
[0] MASTER MONITOR CONSTRUCTED
[0] SLAVE MONITOR CONSTRUCTED
[0] SLAVE MONITOR CONSTRUCTED
[0] ARB MONITOR CONSTRUCTED
GENERATOR CONSTRUCTED
[0] ENV: after agent
[0] ENV: before scoreboard
[0] ENV: after scoreboard
[15000] [SEQUENCER] mst_id=1 s_id=0 awaddr=12695940 awid=100 awlen=131 awsize=0 awburst=1 wdata=[c1c17dddcaa9acaa cc5d612d8adf85ff ef1f067cc2783e43 8d21eaed194a91d8 a42a17d7b0e08459 f358c29cd97f4c1b f2c9ddf313491e54 c429a2ad007aad8a d9f9f9a596f3f5ca aa3d141e3782654a 37fd12d4ccc3d798 e3b7cd62ee66b6cc 25e91c1611f70c79 debae4110df4e181 fc5b984ddde62eea efdd3b63c272b173 d06792f42244b463 2ae34dce981f74 910ad0e7ccc32b41 ef07dfa4f0081eb0 3ea03e24e17263dc ae358f1def32c2f1 df3ae1a1cfab0f0b b11d72e71d3d6ec2 8c7031b39ddb1fc5 ed862ed1df530205 fc9070c7ebab1355 8986331a9ea3a1b8 fdf6a3bd8900a27a f4abb5cff70c61eb 15b003a4fa871484 387b6fffe31e8ea f53e4ad593a6a761 e2dbbe6f8336cce f66555b88aee4e79 1e94f5db11b572e5 89e8dfb3eba3a08e f691ef072cc2b1c1 3e7824a6004e356c ebf1d5fa9526e4e2 c1e996a3c8610459 c8af39c5e283c501 f7aaa9e48061bb49 c8c2bfa3b4a10fbf 1724d4c1b9944087 39f5fbd19171f968 c61309280ecf7ea5 c863bf2c02b8bb74 942ab4dcdd37dde9 ec075c8e8259bafd 85127671da3dbe04 b7759bedb46b1bba 36c4d6b8193d2b4e f37ae952a37cf87b d7e81436bbd74d29 d51478772af08540 ce6d7dbb0eaceaee ca843817c88f61ca f37fe70aa65591f1 b5027cdf1f98b08f e8281259c1ed64c5 e842f6b7ff86b4f7 1f1f6586dba7f963 9d955e289d457396 9ccc288d074777df e2ef714285d854df 231dc876bbeb8e13 c33305f28084cf6a 65d244abfe9f103 fbd57f17a6227734 26a7469f297aecc0 e964ddc3bf088509 e52afc3e2d046ae9 d67f57a9e53a5cda 2442e1e40bd242dd 38d6adc6bfe4356c 251e9247096dde22 154020ff0f56056f cf3a3adbc961742b d2cf524dce16cec5 dd6cd434f458cd22 bdba414de80f734c 36264211aca70f0f 20ffdc329089939a f89906e613931645 c03a2554deba1d7f ef43b11aaebf48f7 c2525f3ce13a0186 3ff41f06e7dcb800 169c00f8028c8491 e3c686172f37d020 97148820d8ee6034 db7ae4c5a3baa51d d2f2753dadb08918 69ee94d3f416add e2fc0ffaea06fd5e 97b78676e219ce12 a15b38ef35ee8538 1ff582969e566fc3 703dd6045748ea 3a45ce22b7ad090c d60378d0a1cb76c5 a622bfafda3b50b8 91e859c4d673b6a6 f83f2d6be0688dd1 baa3de89e7ebd294 be5f893a1e61ed1b feca7aeccc8c384e b4780ae2369eb6a6 d500a3c1396e5976 5fa91c4f2d7941d 29764ac3d3cb1ead 8d397823ba729ca6 ad4a30c3fe76ee84 d2420d31933409e7 cda6a68ed6c07b86 d5376a0adf7b8555 f2af8f3cfaf0d751 d1b152d82779773c 6f4fc91c05635ca 3b470d1ca6e8bce2 ce62341ef9a48bcd 39fac1980cf85ff4 b3e11cd6d55730af cefbbc7df541ceb4 23a2ea8024350f5 d79a81a408f67e15 fe384cc9b61b4b7e b85e9c73a6963e21 af8cbc3600727b71 b68dc6ef0ff91e18 b68f5c39adc508ff ] wstrb=[63 70 70 7b 60 6f b4 c3 e0 24 3e 40 94 f2 3 74 17 41 b4 ab 33 b7 1f 4a f8 d3 f5 2b 8a 14 76 82 e7 6b ad 71 80 23 f3 67 8f a1 d9 f c4 cc 76 53 6d 4f 62 32 1c d9 85 89 28 e8 bb 44 c1 41 ce e9 29 89 2e ea ca fc d3 f3 85 1 dd 50 fd b1 43 83 b2 21 d3 b0 d2 16 33 84 37 6 34 9 1c 67 8e 54 6d c2 5d 8a 2a eb de 97 ae 3b 21 d8 27 ff 6f d5 3b 91 ad 62 90 1c 37 cb ad e4 2d 3e 0 64 9 ae 48 37 ec 49 ] bresp=0 bid=0
[15000] [SEQUENCER] mst_id=0 s_id=0 awaddr=7e24e10 awid=1010 awlen=14 awsize=5 awburst=2 wdata=[cfd74673f75a00b2 3abef3032517c9a9 f1ae9136f2a6615e ea006210f11d5eed 96352896c185d7a9 342c3907a4bf5513 15dcb40187e3b9cc c96991759e2c9b17 c2ebf02bac11dc97 33f59664fd95ca7c 1bc26594d8c8a42c 84da80c3fd5f27d9 faf4f256deae55bf 3776f9ebb8d01727 362f3f0116b757ea ] wstrb=[ae a9 57 d6 94 41 d7 42 ea 2e 18 7e 6f ef c0 ] bresp=0 bid=0
[15000] [SEQUENCER] READ mst_id=0 s_id=0 araddr=c01fce0 arid=1 arlen=1 arsize=3 arburst=1 rid=[] rresp=[] rdata=[]
[15000] [SEQUENCER] READ mst_id=1 s_id=0 araddr=c729158 arid=1 arlen=1 arsize=3 arburst=1 rid=[] rresp=[] rdata=[]
[15000] [SEQUENCER] READ mst_id=1 s_id=0 araddr=2123c60 arid=2 arlen=1 arsize=3 arburst=1 rid=[] rresp=[] rdata=[]
[15000] MASTER_DRIVER1 received transaction, op=AXI_WRITE
[15000] MASTER_DRIVER0 received transaction, op=AXI_WRITE
[35000] MASTER 1 AW_VALID_RDY Handshake
[35000] MASTER 0 AW_VALID_RDY Handshake
[45000] ARB MONITOR: slave=0 m0_req=1 m1_req=0 winner=0
[45000] ARB MONITOR: slave=1 m0_req=0 m1_req=1 winner=1
[45000] AXI S1_AWVALID_RDY HANDSHAKE
[45000] AXI S0_AWVALID_RDY HANDSHAKE
[55000] MASTER 1 W_VALID_RDY Handshake beat=0 wlast=0
[55000] MASTER 0 W_VALID_RDY Handshake beat=0 wlast=0
[65000] MASTER 0 W_VALID_RDY Handshake beat=1 wlast=0
[65000] MASTER 1 W_VALID_RDY Handshake beat=1 wlast=0
[65000] S1 MEMORY WRITE beat=0 addr=12695940 data=c1c17dddcaa9acaa id=14
[65000] AXI S0_WVALID_RDY HANDSHAKE
[65000] S0 MEMORY WRITE beat=0 addr=07e24e10 data=cfd74673f75a00b2 id=0a
[75000] AXI S0_WVALID_RDY HANDSHAKE
[75000] S0 MEMORY WRITE beat=1 addr=07e24e30 data=3abef3032517c9a9 id=0a
[75000] S1 MEMORY WRITE beat=1 addr=12695941 data=cc5d612d8adf85ff id=14
[75000] MASTER 1 W_VALID_RDY Handshake beat=2 wlast=0
[75000] MASTER 0 W_VALID_RDY Handshake beat=2 wlast=0
[85000] MASTER 0 W_VALID_RDY Handshake beat=3 wlast=0
[85000] MASTER 1 W_VALID_RDY Handshake beat=3 wlast=0
[85000] S1 MEMORY WRITE beat=2 addr=12695942 data=ef1f067cc2783e43 id=14
[85000] AXI S0_WVALID_RDY HANDSHAKE
[85000] S0 MEMORY WRITE beat=2 addr=07e24c60 data=f1ae9136f2a6615e id=0a
[95000] AXI S0_WVALID_RDY HANDSHAKE
[95000] S0 MEMORY WRITE beat=3 addr=07e24c80 data=ea006210f11d5eed id=0a
[95000] S1 MEMORY WRITE beat=3 addr=12695943 data=8d21eaed194a91d8 id=14
[95000] MASTER 1 W_VALID_RDY Handshake beat=4 wlast=0
[95000] MASTER 0 W_VALID_RDY Handshake beat=4 wlast=0
[105000] MASTER 0 W_VALID_RDY Handshake beat=5 wlast=0
[105000] MASTER 1 W_VALID_RDY Handshake beat=5 wlast=0
[105000] S1 MEMORY WRITE beat=4 addr=12695944 data=a42a17d7b0e08459 id=14
[105000] AXI S0_WVALID_RDY HANDSHAKE
[105000] S0 MEMORY WRITE beat=4 addr=07e24ca0 data=96352896c185d7a9 id=0a
[115000] AXI S0_WVALID_RDY HANDSHAKE
[115000] S0 MEMORY WRITE beat=5 addr=07e24cc0 data=342c3907a4bf5513 id=0a
[115000] S1 MEMORY WRITE beat=5 addr=12695945 data=f358c29cd97f4c1b id=14
[115000] MASTER 1 W_VALID_RDY Handshake beat=6 wlast=0
[115000] MASTER 0 W_VALID_RDY Handshake beat=6 wlast=0
[125000] MASTER 0 W_VALID_RDY Handshake beat=7 wlast=0
[125000] MASTER 1 W_VALID_RDY Handshake beat=7 wlast=0
[125000] S1 MEMORY WRITE beat=6 addr=12695946 data=f2c9ddf313491e54 id=14
[125000] AXI S0_WVALID_RDY HANDSHAKE
[125000] S0 MEMORY WRITE beat=6 addr=07e24ce0 data=15dcb40187e3b9cc id=0a
[135000] AXI S0_WVALID_RDY HANDSHAKE
[135000] S0 MEMORY WRITE beat=7 addr=07e24d00 data=c96991759e2c9b17 id=0a
[135000] S1 MEMORY WRITE beat=7 addr=12695947 data=c429a2ad007aad8a id=14
[135000] MASTER 1 W_VALID_RDY Handshake beat=8 wlast=0
[135000] MASTER 0 W_VALID_RDY Handshake beat=8 wlast=0
[145000] MASTER 0 W_VALID_RDY Handshake beat=9 wlast=0
[145000] MASTER 1 W_VALID_RDY Handshake beat=9 wlast=0
[145000] S1 MEMORY WRITE beat=8 addr=12695948 data=d9f9f9a596f3f5ca id=14
[145000] AXI S0_WVALID_RDY HANDSHAKE
[145000] S0 MEMORY WRITE beat=8 addr=07e24d20 data=c2ebf02bac11dc97 id=0a
[155000] AXI S0_WVALID_RDY HANDSHAKE
[155000] S0 MEMORY WRITE beat=9 addr=07e24d40 data=33f59664fd95ca7c id=0a
[155000] S1 MEMORY WRITE beat=9 addr=12695949 data=aa3d141e3782654a id=14
[155000] MASTER 1 W_VALID_RDY Handshake beat=10 wlast=0
[155000] MASTER 0 W_VALID_RDY Handshake beat=10 wlast=0
[165000] MASTER 0 W_VALID_RDY Handshake beat=11 wlast=0
[165000] MASTER 1 W_VALID_RDY Handshake beat=11 wlast=0
[165000] S1 MEMORY WRITE beat=10 addr=1269594a data=37fd12d4ccc3d798 id=14
[165000] AXI S0_WVALID_RDY HANDSHAKE
[165000] S0 MEMORY WRITE beat=10 addr=07e24d60 data=1bc26594d8c8a42c id=0a
[175000] AXI S0_WVALID_RDY HANDSHAKE
[175000] S0 MEMORY WRITE beat=11 addr=07e24d80 data=84da80c3fd5f27d9 id=0a
[175000] S1 MEMORY WRITE beat=11 addr=1269594b data=e3b7cd62ee66b6cc id=14
[175000] MASTER 1 W_VALID_RDY Handshake beat=12 wlast=0
[175000] MASTER 0 W_VALID_RDY Handshake beat=12 wlast=0
[185000] MASTER 0 W_VALID_RDY Handshake beat=13 wlast=0
[185000] MASTER 1 W_VALID_RDY Handshake beat=13 wlast=0
[185000] S1 MEMORY WRITE beat=12 addr=1269594c data=25e91c1611f70c79 id=14
[185000] AXI S0_WVALID_RDY HANDSHAKE
[185000] S0 MEMORY WRITE beat=12 addr=07e24da0 data=faf4f256deae55bf id=0a
[195000] AXI S0_WVALID_RDY HANDSHAKE
[195000] S0 MEMORY WRITE beat=13 addr=07e24dc0 data=3776f9ebb8d01727 id=0a
[195000] S1 MEMORY WRITE beat=13 addr=1269594d data=debae4110df4e181 id=14
[195000] MASTER 1 W_VALID_RDY Handshake beat=14 wlast=0
[195000] MASTER 0 W_VALID_RDY Handshake beat=14 wlast=1
[195000] MASTER_DRIVER0 received transaction, op=AXI_READ
[205000] MASTER 1 W_VALID_RDY Handshake beat=15 wlast=0
[205000] S1 MEMORY WRITE beat=14 addr=1269594e data=fc5b984ddde62eea id=14
[205000] AXI S0_WVALID_RDY HANDSHAKE
[205000] S0 MEMORY WRITE beat=14 addr=07e24de0 data=362f3f0116b757ea id=0a
[215000] SLAVE0 sent B resp, id=10
[215000] S1 MEMORY WRITE beat=15 addr=1269594f data=efdd3b63c272b173 id=14
[215000] [SLAVE MONITOR] mst_id=0 s_id=0 awaddr=7e24e10 awid=1010 awlen=14 awsize=5 awburst=2 wdata=[cfd74673f75a00b2 3abef3032517c9a9 f1ae9136f2a6615e ea006210f11d5eed 96352896c185d7a9 342c3907a4bf5513 15dcb40187e3b9cc c96991759e2c9b17 c2ebf02bac11dc97 33f59664fd95ca7c 1bc26594d8c8a42c 84da80c3fd5f27d9 faf4f256deae55bf 3776f9ebb8d01727 362f3f0116b757ea ] wstrb=[ae a9 57 d6 94 41 d7 42 ea 2e 18 7e 6f ef c0 ] bresp=0 bid=1010
[215000] MASTER 1 W_VALID_RDY Handshake beat=16 wlast=0
[225000] MASTER 1 W_VALID_RDY Handshake beat=17 wlast=0
[225000] ARB MONITOR: slave=0 m0_req=1 m1_req=0 winner=0
[225000] AXI S0_ARVALID_RDY HANDSHAKE
[225000] MEMORY READ MISS beat=0 addr=c01fce0 -> default data id=1
[225000] S1 MEMORY WRITE beat=16 addr=12695950 data=d06792f42244b463 id=14
[235000] S1 MEMORY WRITE beat=17 addr=12695951 data=002ae34dce981f74 id=14
[235000] MEMORY READ MISS beat=1 addr=c01fce8 -> default data id=1
[235000] SLAVE 0 R_VALID_RDY Handshake beat=0 rlast=0
[235000] MASTER 1 W_VALID_RDY Handshake beat=18 wlast=0
[235000] MASTER 0 B_VALID_RDY Handshake
[235000] [MASTER MONITOR] mst_id=0 s_id=0 awaddr=7e24e10 awid=1010 awlen=14 awsize=5 awburst=2 wdata=[cfd74673f75a00b2 3abef3032517c9a9 f1ae9136f2a6615e ea006210f11d5eed 96352896c185d7a9 342c3907a4bf5513 15dcb40187e3b9cc c96991759e2c9b17 c2ebf02bac11dc97 33f59664fd95ca7c 1bc26594d8c8a42c 84da80c3fd5f27d9 faf4f256deae55bf 3776f9ebb8d01727 362f3f0116b757ea ] wstrb=[ae a9 57 d6 94 41 d7 42 ea 2e 18 7e 6f ef c0 ] bresp=0 bid=1010
[235000] MASTER 0 RECEIVED BRESP. BRESP=0
[235000] [MASTER DRIVER] mst_id=0 s_id=0 awaddr=7e24e10 awid=1010 awlen=14 awsize=5 awburst=2 wdata=[cfd74673f75a00b2 3abef3032517c9a9 f1ae9136f2a6615e ea006210f11d5eed 96352896c185d7a9 342c3907a4bf5513 15dcb40187e3b9cc c96991759e2c9b17 c2ebf02bac11dc97 33f59664fd95ca7c 1bc26594d8c8a42c 84da80c3fd5f27d9 faf4f256deae55bf 3776f9ebb8d01727 362f3f0116b757ea ] wstrb=[ae a9 57 d6 94 41 d7 42 ea 2e 18 7e 6f ef c0 ] bresp=0 bid=1010
[235000] SCOREBOARD MATCH: decode_err expected = 0, actual =0
[235000] SCOREBOARD MATCH: slave_id expected = 0, actual =0
[235000] SCOREBOARD MATCH: awaddr passthrough expected = 7e24e10, actual =7e24e10
[235000] SCOREBOARD MATCH: awlen passthrough expected = 14, actual =14
[235000] SCOREBOARD MATCH: awsize passthrough expected = 5, actual =5
[235000] SCOREBOARD MATCH: awburst passthrough expected = 2, actual =2
[235000] SCOREBOARD MATCH: wdata size check expected = f, actual =f
[235000] SCOREBOARD MATCH: wdata passthrough beat=0 expected = cfd74673f75a00b2, actual =cfd74673f75a00b2
[235000] SCOREBOARD MATCH: wdata passthrough beat=1 expected = 3abef3032517c9a9, actual =3abef3032517c9a9
[235000] SCOREBOARD MATCH: wdata passthrough beat=2 expected = f1ae9136f2a6615e, actual =f1ae9136f2a6615e
[235000] SCOREBOARD MATCH: wdata passthrough beat=3 expected = ea006210f11d5eed, actual =ea006210f11d5eed
[235000] SCOREBOARD MATCH: wdata passthrough beat=4 expected = 96352896c185d7a9, actual =96352896c185d7a9
[235000] SCOREBOARD MATCH: wdata passthrough beat=5 expected = 342c3907a4bf5513, actual =342c3907a4bf5513
[235000] SCOREBOARD MATCH: wdata passthrough beat=6 expected = 15dcb40187e3b9cc, actual =15dcb40187e3b9cc
[235000] SCOREBOARD MATCH: wdata passthrough beat=7 expected = c96991759e2c9b17, actual =c96991759e2c9b17
[235000] SCOREBOARD MATCH: wdata passthrough beat=8 expected = c2ebf02bac11dc97, actual =c2ebf02bac11dc97
[235000] SCOREBOARD MATCH: wdata passthrough beat=9 expected = 33f59664fd95ca7c, actual =33f59664fd95ca7c
[235000] SCOREBOARD MATCH: wdata passthrough beat=10 expected = 1bc26594d8c8a42c, actual =1bc26594d8c8a42c
[235000] SCOREBOARD MATCH: wdata passthrough beat=11 expected = 84da80c3fd5f27d9, actual =84da80c3fd5f27d9
[235000] SCOREBOARD MATCH: wdata passthrough beat=12 expected = faf4f256deae55bf, actual =faf4f256deae55bf
[235000] SCOREBOARD MATCH: wdata passthrough beat=13 expected = 3776f9ebb8d01727, actual =3776f9ebb8d01727
[235000] SCOREBOARD MATCH: wdata passthrough beat=14 expected = 362f3f0116b757ea, actual =362f3f0116b757ea
[235000] SCOREBOARD MATCH: wstrb size check expected = f, actual =f
[235000] SCOREBOARD MATCH: wstrb passthrough beat=0 expected = ae, actual =ae
[235000] SCOREBOARD MATCH: wstrb passthrough beat=1 expected = a9, actual =a9
[235000] SCOREBOARD MATCH: wstrb passthrough beat=2 expected = 57, actual =57
[235000] SCOREBOARD MATCH: wstrb passthrough beat=3 expected = d6, actual =d6
[235000] SCOREBOARD MATCH: wstrb passthrough beat=4 expected = 94, actual =94
[235000] SCOREBOARD MATCH: wstrb passthrough beat=5 expected = 41, actual =41
[235000] SCOREBOARD MATCH: wstrb passthrough beat=6 expected = d7, actual =d7
[235000] SCOREBOARD MATCH: wstrb passthrough beat=7 expected = 42, actual =42
[235000] SCOREBOARD MATCH: wstrb passthrough beat=8 expected = ea, actual =ea
[235000] SCOREBOARD MATCH: wstrb passthrough beat=9 expected = 2e, actual =2e
[235000] SCOREBOARD MATCH: wstrb passthrough beat=10 expected = 18, actual =18
[235000] SCOREBOARD MATCH: wstrb passthrough beat=11 expected = 7e, actual =7e
[235000] SCOREBOARD MATCH: wstrb passthrough beat=12 expected = 6f, actual =6f
[235000] SCOREBOARD MATCH: wstrb passthrough beat=13 expected = ef, actual =ef
[235000] SCOREBOARD MATCH: wstrb passthrough beat=14 expected = c0, actual =c0
[235000] SCOREBOARD MATCH: bresp passthrough expected = 0, actual =0
[235000] SCOREBOARD MATCH: response routed to correct master (write) expected = 0, actual =0
[235000] [SCOREBOARD-M] mst_id=0 s_id=0 awaddr=7e24e10 awid=1010 awlen=14 awsize=5 awburst=2 wdata=[cfd74673f75a00b2 3abef3032517c9a9 f1ae9136f2a6615e ea006210f11d5eed 96352896c185d7a9 342c3907a4bf5513 15dcb40187e3b9cc c96991759e2c9b17 c2ebf02bac11dc97 33f59664fd95ca7c 1bc26594d8c8a42c 84da80c3fd5f27d9 faf4f256deae55bf 3776f9ebb8d01727 362f3f0116b757ea ] wstrb=[ae a9 57 d6 94 41 d7 42 ea 2e 18 7e 6f ef c0 ] bresp=0 bid=1010
[235000] [SCOREBOARD-S] mst_id=0 s_id=0 awaddr=7e24e10 awid=1010 awlen=14 awsize=5 awburst=2 wdata=[cfd74673f75a00b2 3abef3032517c9a9 f1ae9136f2a6615e ea006210f11d5eed 96352896c185d7a9 342c3907a4bf5513 15dcb40187e3b9cc c96991759e2c9b17 c2ebf02bac11dc97 33f59664fd95ca7c 1bc26594d8c8a42c 84da80c3fd5f27d9 faf4f256deae55bf 3776f9ebb8d01727 362f3f0116b757ea ] wstrb=[ae a9 57 d6 94 41 d7 42 ea 2e 18 7e 6f ef c0 ] bresp=0 bid=1010
[235000] SCOREBOARD: Transaction 1 received. pass=40 fail=0
[235000] ALL PASS. Total transactions: 1
[245000] MASTER 1 W_VALID_RDY Handshake beat=19 wlast=0
[245000] SLAVE 0 R_VALID_RDY Handshake beat=1 rlast=1
[245000] [SLAVE MONITOR] READ mst_id=0 s_id=0 araddr=c01fce0 arid=1 arlen=1 arsize=3 arburst=1 rid=[11] rresp=[00] rdata=[baadf00d12345678baadf00d12345678]
[245000] S1 MEMORY WRITE beat=18 addr=12695952 data=910ad0e7ccc32b41 id=14
[255000] S1 MEMORY WRITE beat=19 addr=12695953 data=ef07dfa4f0081eb0 id=14
[255000] MASTER 1 W_VALID_RDY Handshake beat=20 wlast=0
[255000] MASTER 0 R_VALID_RDY Handshake beat=0 rlast=0
[265000] [MASTER DRIVER] READ mst_id=0 s_id=0 araddr=c01fce0 arid=1 arlen=1 arsize=3 arburst=1 rid=[11] rresp=[00] rdata=[baadf00d12345678baadf00d12345678]
[265000] MASTER 0 R_VALID_RDY Handshake beat=1 rlast=1
[265000] [MASTER MONITOR] READ mst_id=0 s_id=0 araddr=c01fce0 arid=1 arlen=1 arsize=3 arburst=1 rid=[11] rresp=[00] rdata=[baadf00d12345678baadf00d12345678]
[265000] MASTER 1 W_VALID_RDY Handshake beat=21 wlast=0
[265000] S1 MEMORY WRITE beat=20 addr=12695954 data=3ea03e24e17263dc id=14
[265000] SCOREBOARD MATCH: decode_err expected = 0, actual =0
[265000] SCOREBOARD MATCH: slave_id expected = 0, actual =0
[265000] SCOREBOARD MATCH: araddr passthrough expected = c01fce0, actual =c01fce0
[265000] SCOREBOARD MATCH: arlen passthrough expected = 1, actual =1
[265000] SCOREBOARD MATCH: arsize passthrough expected = 3, actual =3
[265000] SCOREBOARD MATCH: arburst passthrough expected = 1, actual =1
[265000] SCOREBOARD MATCH: rdata size check expected = 2, actual =2
[265000] SCOREBOARD MATCH: rdata passthrough beat=0 expected = baadf00d12345678, actual =baadf00d12345678
[265000] SCOREBOARD MATCH: rdata passthrough beat=1 expected = baadf00d12345678, actual =baadf00d12345678
[265000] SCOREBOARD MATCH: rresp size check expected = 2, actual =2
[265000] SCOREBOARD MATCH: rresp passthrough beat=0 expected = 0, actual =0
[265000] SCOREBOARD MATCH: rresp passthrough beat=1 expected = 0, actual =0
[265000] SCOREBOARD MATCH: response routed to correct master (read beat 0) expected = 0, actual =0
[265000] SCOREBOARD MATCH: response routed to correct master (read beat 1) expected = 0, actual =0
[265000] [SCOREBOARD-M] READ mst_id=0 s_id=0 araddr=c01fce0 arid=1 arlen=1 arsize=3 arburst=1 rid=[11] rresp=[00] rdata=[baadf00d12345678baadf00d12345678]
[265000] [SCOREBOARD-S] READ mst_id=0 s_id=0 araddr=c01fce0 arid=1 arlen=1 arsize=3 arburst=1 rid=[11] rresp=[00] rdata=[baadf00d12345678baadf00d12345678]
[265000] SCOREBOARD: Transaction 2 received. pass=54 fail=0
[265000] ALL PASS. Total transactions: 2
[275000] S1 MEMORY WRITE beat=21 addr=12695955 data=ae358f1def32c2f1 id=14
[275000] MASTER 1 W_VALID_RDY Handshake beat=22 wlast=0
[285000] MASTER 1 W_VALID_RDY Handshake beat=23 wlast=0
[285000] S1 MEMORY WRITE beat=22 addr=12695956 data=df3ae1a1cfab0f0b id=14
[295000] S1 MEMORY WRITE beat=23 addr=12695957 data=b11d72e71d3d6ec2 id=14
[295000] MASTER 1 W_VALID_RDY Handshake beat=24 wlast=0
[305000] MASTER 1 W_VALID_RDY Handshake beat=25 wlast=0
[305000] S1 MEMORY WRITE beat=24 addr=12695958 data=8c7031b39ddb1fc5 id=14
[315000] S1 MEMORY WRITE beat=25 addr=12695959 data=ed862ed1df530205 id=14
[315000] MASTER 1 W_VALID_RDY Handshake beat=26 wlast=0
[325000] MASTER 1 W_VALID_RDY Handshake beat=27 wlast=0
[325000] S1 MEMORY WRITE beat=26 addr=1269595a data=fc9070c7ebab1355 id=14
[335000] S1 MEMORY WRITE beat=27 addr=1269595b data=8986331a9ea3a1b8 id=14
[335000] MASTER 1 W_VALID_RDY Handshake beat=28 wlast=0
[345000] MASTER 1 W_VALID_RDY Handshake beat=29 wlast=0
[345000] S1 MEMORY WRITE beat=28 addr=1269595c data=fdf6a3bd8900a27a id=14
[355000] S1 MEMORY WRITE beat=29 addr=1269595d data=f4abb5cff70c61eb id=14
[355000] MASTER 1 W_VALID_RDY Handshake beat=30 wlast=0
[365000] MASTER 1 W_VALID_RDY Handshake beat=31 wlast=0
[365000] S1 MEMORY WRITE beat=30 addr=1269595e data=15b003a4fa871484 id=14
[375000] S1 MEMORY WRITE beat=31 addr=1269595f data=0387b6fffe31e8ea id=14
[375000] MASTER 1 W_VALID_RDY Handshake beat=32 wlast=0
[385000] MASTER 1 W_VALID_RDY Handshake beat=33 wlast=0
[385000] S1 MEMORY WRITE beat=32 addr=12695960 data=f53e4ad593a6a761 id=14
[395000] S1 MEMORY WRITE beat=33 addr=12695961 data=0e2dbbe6f8336cce id=14
[395000] MASTER 1 W_VALID_RDY Handshake beat=34 wlast=0
[405000] MASTER 1 W_VALID_RDY Handshake beat=35 wlast=0
[405000] S1 MEMORY WRITE beat=34 addr=12695962 data=f66555b88aee4e79 id=14
[415000] S1 MEMORY WRITE beat=35 addr=12695963 data=1e94f5db11b572e5 id=14
[415000] MASTER 1 W_VALID_RDY Handshake beat=36 wlast=0
[425000] MASTER 1 W_VALID_RDY Handshake beat=37 wlast=0
[425000] S1 MEMORY WRITE beat=36 addr=12695964 data=89e8dfb3eba3a08e id=14
[435000] S1 MEMORY WRITE beat=37 addr=12695965 data=f691ef072cc2b1c1 id=14
[435000] MASTER 1 W_VALID_RDY Handshake beat=38 wlast=0
[445000] MASTER 1 W_VALID_RDY Handshake beat=39 wlast=0
[445000] S1 MEMORY WRITE beat=38 addr=12695966 data=3e7824a6004e356c id=14
[455000] S1 MEMORY WRITE beat=39 addr=12695967 data=ebf1d5fa9526e4e2 id=14
[455000] MASTER 1 W_VALID_RDY Handshake beat=40 wlast=0
[465000] MASTER 1 W_VALID_RDY Handshake beat=41 wlast=0
[465000] S1 MEMORY WRITE beat=40 addr=12695968 data=c1e996a3c8610459 id=14
[475000] S1 MEMORY WRITE beat=41 addr=12695969 data=c8af39c5e283c501 id=14
[475000] MASTER 1 W_VALID_RDY Handshake beat=42 wlast=0
[485000] MASTER 1 W_VALID_RDY Handshake beat=43 wlast=0
[485000] S1 MEMORY WRITE beat=42 addr=1269596a data=f7aaa9e48061bb49 id=14
[495000] S1 MEMORY WRITE beat=43 addr=1269596b data=c8c2bfa3b4a10fbf id=14
[495000] MASTER 1 W_VALID_RDY Handshake beat=44 wlast=0
[505000] MASTER 1 W_VALID_RDY Handshake beat=45 wlast=0
[505000] S1 MEMORY WRITE beat=44 addr=1269596c data=1724d4c1b9944087 id=14
[515000] S1 MEMORY WRITE beat=45 addr=1269596d data=39f5fbd19171f968 id=14
[515000] MASTER 1 W_VALID_RDY Handshake beat=46 wlast=0
[525000] MASTER 1 W_VALID_RDY Handshake beat=47 wlast=0
[525000] S1 MEMORY WRITE beat=46 addr=1269596e data=c61309280ecf7ea5 id=14
[535000] S1 MEMORY WRITE beat=47 addr=1269596f data=c863bf2c02b8bb74 id=14
[535000] MASTER 1 W_VALID_RDY Handshake beat=48 wlast=0
[545000] MASTER 1 W_VALID_RDY Handshake beat=49 wlast=0
[545000] S1 MEMORY WRITE beat=48 addr=12695970 data=942ab4dcdd37dde9 id=14
[555000] S1 MEMORY WRITE beat=49 addr=12695971 data=ec075c8e8259bafd id=14
[555000] MASTER 1 W_VALID_RDY Handshake beat=50 wlast=0
[565000] MASTER 1 W_VALID_RDY Handshake beat=51 wlast=0
[565000] S1 MEMORY WRITE beat=50 addr=12695972 data=85127671da3dbe04 id=14
[575000] S1 MEMORY WRITE beat=51 addr=12695973 data=b7759bedb46b1bba id=14
[575000] MASTER 1 W_VALID_RDY Handshake beat=52 wlast=0
[585000] MASTER 1 W_VALID_RDY Handshake beat=53 wlast=0
[585000] S1 MEMORY WRITE beat=52 addr=12695974 data=36c4d6b8193d2b4e id=14
[595000] S1 MEMORY WRITE beat=53 addr=12695975 data=f37ae952a37cf87b id=14
[595000] MASTER 1 W_VALID_RDY Handshake beat=54 wlast=0
[605000] MASTER 1 W_VALID_RDY Handshake beat=55 wlast=0
[605000] S1 MEMORY WRITE beat=54 addr=12695976 data=d7e81436bbd74d29 id=14
[615000] S1 MEMORY WRITE beat=55 addr=12695977 data=d51478772af08540 id=14
[615000] MASTER 1 W_VALID_RDY Handshake beat=56 wlast=0
[625000] MASTER 1 W_VALID_RDY Handshake beat=57 wlast=0
[625000] S1 MEMORY WRITE beat=56 addr=12695978 data=ce6d7dbb0eaceaee id=14
[635000] S1 MEMORY WRITE beat=57 addr=12695979 data=ca843817c88f61ca id=14
[635000] MASTER 1 W_VALID_RDY Handshake beat=58 wlast=0
[645000] MASTER 1 W_VALID_RDY Handshake beat=59 wlast=0
[645000] S1 MEMORY WRITE beat=58 addr=1269597a data=f37fe70aa65591f1 id=14
[655000] S1 MEMORY WRITE beat=59 addr=1269597b data=b5027cdf1f98b08f id=14
[655000] MASTER 1 W_VALID_RDY Handshake beat=60 wlast=0
[665000] MASTER 1 W_VALID_RDY Handshake beat=61 wlast=0
[665000] S1 MEMORY WRITE beat=60 addr=1269597c data=e8281259c1ed64c5 id=14
[675000] S1 MEMORY WRITE beat=61 addr=1269597d data=e842f6b7ff86b4f7 id=14
[675000] MASTER 1 W_VALID_RDY Handshake beat=62 wlast=0
[685000] MASTER 1 W_VALID_RDY Handshake beat=63 wlast=0
[685000] S1 MEMORY WRITE beat=62 addr=1269597e data=1f1f6586dba7f963 id=14
[695000] S1 MEMORY WRITE beat=63 addr=1269597f data=9d955e289d457396 id=14
[695000] MASTER 1 W_VALID_RDY Handshake beat=64 wlast=0
[705000] MASTER 1 W_VALID_RDY Handshake beat=65 wlast=0
[705000] S1 MEMORY WRITE beat=64 addr=12695980 data=9ccc288d074777df id=14
[715000] S1 MEMORY WRITE beat=65 addr=12695981 data=e2ef714285d854df id=14
[715000] MASTER 1 W_VALID_RDY Handshake beat=66 wlast=0
[725000] MASTER 1 W_VALID_RDY Handshake beat=67 wlast=0
[725000] S1 MEMORY WRITE beat=66 addr=12695982 data=231dc876bbeb8e13 id=14
[735000] S1 MEMORY WRITE beat=67 addr=12695983 data=c33305f28084cf6a id=14
[735000] MASTER 1 W_VALID_RDY Handshake beat=68 wlast=0
[745000] MASTER 1 W_VALID_RDY Handshake beat=69 wlast=0
[745000] S1 MEMORY WRITE beat=68 addr=12695984 data=065d244abfe9f103 id=14
[755000] S1 MEMORY WRITE beat=69 addr=12695985 data=fbd57f17a6227734 id=14
[755000] MASTER 1 W_VALID_RDY Handshake beat=70 wlast=0
[765000] MASTER 1 W_VALID_RDY Handshake beat=71 wlast=0
[765000] S1 MEMORY WRITE beat=70 addr=12695986 data=26a7469f297aecc0 id=14
[775000] S1 MEMORY WRITE beat=71 addr=12695987 data=e964ddc3bf088509 id=14
[775000] MASTER 1 W_VALID_RDY Handshake beat=72 wlast=0
[785000] MASTER 1 W_VALID_RDY Handshake beat=73 wlast=0
[785000] S1 MEMORY WRITE beat=72 addr=12695988 data=e52afc3e2d046ae9 id=14
[795000] S1 MEMORY WRITE beat=73 addr=12695989 data=d67f57a9e53a5cda id=14
[795000] MASTER 1 W_VALID_RDY Handshake beat=74 wlast=0
[805000] MASTER 1 W_VALID_RDY Handshake beat=75 wlast=0
[805000] S1 MEMORY WRITE beat=74 addr=1269598a data=2442e1e40bd242dd id=14
[815000] S1 MEMORY WRITE beat=75 addr=1269598b data=38d6adc6bfe4356c id=14
[815000] MASTER 1 W_VALID_RDY Handshake beat=76 wlast=0
[825000] MASTER 1 W_VALID_RDY Handshake beat=77 wlast=0
[825000] S1 MEMORY WRITE beat=76 addr=1269598c data=251e9247096dde22 id=14
[835000] S1 MEMORY WRITE beat=77 addr=1269598d data=154020ff0f56056f id=14
[835000] MASTER 1 W_VALID_RDY Handshake beat=78 wlast=0
[845000] MASTER 1 W_VALID_RDY Handshake beat=79 wlast=0
[845000] S1 MEMORY WRITE beat=78 addr=1269598e data=cf3a3adbc961742b id=14
[855000] S1 MEMORY WRITE beat=79 addr=1269598f data=d2cf524dce16cec5 id=14
[855000] MASTER 1 W_VALID_RDY Handshake beat=80 wlast=0
[865000] MASTER 1 W_VALID_RDY Handshake beat=81 wlast=0
[865000] S1 MEMORY WRITE beat=80 addr=12695990 data=dd6cd434f458cd22 id=14
[875000] S1 MEMORY WRITE beat=81 addr=12695991 data=bdba414de80f734c id=14
[875000] MASTER 1 W_VALID_RDY Handshake beat=82 wlast=0
[885000] MASTER 1 W_VALID_RDY Handshake beat=83 wlast=0
[885000] S1 MEMORY WRITE beat=82 addr=12695992 data=36264211aca70f0f id=14
[895000] S1 MEMORY WRITE beat=83 addr=12695993 data=20ffdc329089939a id=14
[895000] MASTER 1 W_VALID_RDY Handshake beat=84 wlast=0
[905000] MASTER 1 W_VALID_RDY Handshake beat=85 wlast=0
[905000] S1 MEMORY WRITE beat=84 addr=12695994 data=f89906e613931645 id=14
[915000] S1 MEMORY WRITE beat=85 addr=12695995 data=c03a2554deba1d7f id=14
[915000] MASTER 1 W_VALID_RDY Handshake beat=86 wlast=0
[925000] MASTER 1 W_VALID_RDY Handshake beat=87 wlast=0
[925000] S1 MEMORY WRITE beat=86 addr=12695996 data=ef43b11aaebf48f7 id=14
[935000] S1 MEMORY WRITE beat=87 addr=12695997 data=c2525f3ce13a0186 id=14
[935000] MASTER 1 W_VALID_RDY Handshake beat=88 wlast=0
[945000] MASTER 1 W_VALID_RDY Handshake beat=89 wlast=0
[945000] S1 MEMORY WRITE beat=88 addr=12695998 data=3ff41f06e7dcb800 id=14
[955000] S1 MEMORY WRITE beat=89 addr=12695999 data=169c00f8028c8491 id=14
[955000] MASTER 1 W_VALID_RDY Handshake beat=90 wlast=0
[965000] MASTER 1 W_VALID_RDY Handshake beat=91 wlast=0
[965000] S1 MEMORY WRITE beat=90 addr=1269599a data=e3c686172f37d020 id=14
[975000] S1 MEMORY WRITE beat=91 addr=1269599b data=97148820d8ee6034 id=14
[975000] MASTER 1 W_VALID_RDY Handshake beat=92 wlast=0
[985000] MASTER 1 W_VALID_RDY Handshake beat=93 wlast=0
[985000] S1 MEMORY WRITE beat=92 addr=1269599c data=db7ae4c5a3baa51d id=14
[995000] S1 MEMORY WRITE beat=93 addr=1269599d data=d2f2753dadb08918 id=14
[995000] MASTER 1 W_VALID_RDY Handshake beat=94 wlast=0
[1005000] MASTER 1 W_VALID_RDY Handshake beat=95 wlast=0
[1005000] S1 MEMORY WRITE beat=94 addr=1269599e data=069ee94d3f416add id=14
[1015000] S1 MEMORY WRITE beat=95 addr=1269599f data=e2fc0ffaea06fd5e id=14
[1015000] MASTER 1 W_VALID_RDY Handshake beat=96 wlast=0
[1025000] MASTER 1 W_VALID_RDY Handshake beat=97 wlast=0
[1025000] S1 MEMORY WRITE beat=96 addr=126959a0 data=97b78676e219ce12 id=14
[1035000] S1 MEMORY WRITE beat=97 addr=126959a1 data=a15b38ef35ee8538 id=14
[1035000] MASTER 1 W_VALID_RDY Handshake beat=98 wlast=0
[1045000] MASTER 1 W_VALID_RDY Handshake beat=99 wlast=0
[1045000] S1 MEMORY WRITE beat=98 addr=126959a2 data=1ff582969e566fc3 id=14
[1055000] S1 MEMORY WRITE beat=99 addr=126959a3 data=00703dd6045748ea id=14
[1055000] MASTER 1 W_VALID_RDY Handshake beat=100 wlast=0
[1065000] MASTER 1 W_VALID_RDY Handshake beat=101 wlast=0
[1065000] S1 MEMORY WRITE beat=100 addr=126959a4 data=3a45ce22b7ad090c id=14
[1075000] S1 MEMORY WRITE beat=101 addr=126959a5 data=d60378d0a1cb76c5 id=14
[1075000] MASTER 1 W_VALID_RDY Handshake beat=102 wlast=0
[1085000] MASTER 1 W_VALID_RDY Handshake beat=103 wlast=0
[1085000] S1 MEMORY WRITE beat=102 addr=126959a6 data=a622bfafda3b50b8 id=14
[1095000] S1 MEMORY WRITE beat=103 addr=126959a7 data=91e859c4d673b6a6 id=14
[1095000] MASTER 1 W_VALID_RDY Handshake beat=104 wlast=0
[1105000] MASTER 1 W_VALID_RDY Handshake beat=105 wlast=0
[1105000] S1 MEMORY WRITE beat=104 addr=126959a8 data=f83f2d6be0688dd1 id=14
[1115000] S1 MEMORY WRITE beat=105 addr=126959a9 data=baa3de89e7ebd294 id=14
[1115000] MASTER 1 W_VALID_RDY Handshake beat=106 wlast=0
[1125000] MASTER 1 W_VALID_RDY Handshake beat=107 wlast=0
[1125000] S1 MEMORY WRITE beat=106 addr=126959aa data=be5f893a1e61ed1b id=14
[1135000] S1 MEMORY WRITE beat=107 addr=126959ab data=feca7aeccc8c384e id=14
[1135000] MASTER 1 W_VALID_RDY Handshake beat=108 wlast=0
[1145000] MASTER 1 W_VALID_RDY Handshake beat=109 wlast=0
[1145000] S1 MEMORY WRITE beat=108 addr=126959ac data=b4780ae2369eb6a6 id=14
[1155000] S1 MEMORY WRITE beat=109 addr=126959ad data=d500a3c1396e5976 id=14
[1155000] MASTER 1 W_VALID_RDY Handshake beat=110 wlast=0
[1165000] MASTER 1 W_VALID_RDY Handshake beat=111 wlast=0
[1165000] S1 MEMORY WRITE beat=110 addr=126959ae data=05fa91c4f2d7941d id=14
[1175000] S1 MEMORY WRITE beat=111 addr=126959af data=29764ac3d3cb1ead id=14
[1175000] MASTER 1 W_VALID_RDY Handshake beat=112 wlast=0
[1185000] MASTER 1 W_VALID_RDY Handshake beat=113 wlast=0
[1185000] S1 MEMORY WRITE beat=112 addr=126959b0 data=8d397823ba729ca6 id=14
[1195000] S1 MEMORY WRITE beat=113 addr=126959b1 data=ad4a30c3fe76ee84 id=14
[1195000] MASTER 1 W_VALID_RDY Handshake beat=114 wlast=0
[1205000] MASTER 1 W_VALID_RDY Handshake beat=115 wlast=0
[1205000] S1 MEMORY WRITE beat=114 addr=126959b2 data=d2420d31933409e7 id=14
[1215000] S1 MEMORY WRITE beat=115 addr=126959b3 data=cda6a68ed6c07b86 id=14
[1215000] MASTER 1 W_VALID_RDY Handshake beat=116 wlast=0
[1225000] MASTER 1 W_VALID_RDY Handshake beat=117 wlast=0
[1225000] S1 MEMORY WRITE beat=116 addr=126959b4 data=d5376a0adf7b8555 id=14
[1235000] S1 MEMORY WRITE beat=117 addr=126959b5 data=f2af8f3cfaf0d751 id=14
[1235000] MASTER 1 W_VALID_RDY Handshake beat=118 wlast=0
[1245000] MASTER 1 W_VALID_RDY Handshake beat=119 wlast=0
[1245000] S1 MEMORY WRITE beat=118 addr=126959b6 data=d1b152d82779773c id=14
[1255000] S1 MEMORY WRITE beat=119 addr=126959b7 data=06f4fc91c05635ca id=14
[1255000] MASTER 1 W_VALID_RDY Handshake beat=120 wlast=0
[1265000] MASTER 1 W_VALID_RDY Handshake beat=121 wlast=0
[1265000] S1 MEMORY WRITE beat=120 addr=126959b8 data=3b470d1ca6e8bce2 id=14
[1275000] S1 MEMORY WRITE beat=121 addr=126959b9 data=ce62341ef9a48bcd id=14
[1275000] MASTER 1 W_VALID_RDY Handshake beat=122 wlast=0
[1285000] MASTER 1 W_VALID_RDY Handshake beat=123 wlast=0
[1285000] S1 MEMORY WRITE beat=122 addr=126959ba data=39fac1980cf85ff4 id=14
[1295000] S1 MEMORY WRITE beat=123 addr=126959bb data=b3e11cd6d55730af id=14
[1295000] MASTER 1 W_VALID_RDY Handshake beat=124 wlast=0
[1305000] MASTER 1 W_VALID_RDY Handshake beat=125 wlast=0
[1305000] S1 MEMORY WRITE beat=124 addr=126959bc data=cefbbc7df541ceb4 id=14
[1315000] S1 MEMORY WRITE beat=125 addr=126959bd data=023a2ea8024350f5 id=14
[1315000] MASTER 1 W_VALID_RDY Handshake beat=126 wlast=0
[1325000] MASTER 1 W_VALID_RDY Handshake beat=127 wlast=0
[1325000] S1 MEMORY WRITE beat=126 addr=126959be data=d79a81a408f67e15 id=14
[1335000] S1 MEMORY WRITE beat=127 addr=126959bf data=fe384cc9b61b4b7e id=14
[1335000] MASTER 1 W_VALID_RDY Handshake beat=128 wlast=0
[1345000] MASTER 1 W_VALID_RDY Handshake beat=129 wlast=0
[1345000] S1 MEMORY WRITE beat=128 addr=126959c0 data=b85e9c73a6963e21 id=14
[1355000] S1 MEMORY WRITE beat=129 addr=126959c1 data=af8cbc3600727b71 id=14
[1355000] MASTER 1 W_VALID_RDY Handshake beat=130 wlast=0
[1365000] MASTER_DRIVER1 received transaction, op=AXI_READ
[1365000] MASTER 1 W_VALID_RDY Handshake beat=131 wlast=1
[1365000] S1 MEMORY WRITE beat=130 addr=126959c2 data=b68dc6ef0ff91e18 id=14
[1375000] S1 MEMORY WRITE beat=131 addr=126959c3 data=b68f5c39adc508ff id=14
[1385000] MASTER_DRIVER1 received transaction, op=AXI_READ
[1385000] SLAVE1 sent B resp, id=4
[1395000] AXI S0_ARVALID_RDY HANDSHAKE
[1395000] MEMORY READ MISS beat=0 addr=c729158 -> default data id=17
[1395000] [SLAVE MONITOR] mst_id=1 s_id=1 awaddr=12695940 awid=100 awlen=131 awsize=0 awburst=1 wdata=[c1c17dddcaa9acaa cc5d612d8adf85ff ef1f067cc2783e43 8d21eaed194a91d8 a42a17d7b0e08459 f358c29cd97f4c1b f2c9ddf313491e54 c429a2ad007aad8a d9f9f9a596f3f5ca aa3d141e3782654a 37fd12d4ccc3d798 e3b7cd62ee66b6cc 25e91c1611f70c79 debae4110df4e181 fc5b984ddde62eea efdd3b63c272b173 d06792f42244b463 2ae34dce981f74 910ad0e7ccc32b41 ef07dfa4f0081eb0 3ea03e24e17263dc ae358f1def32c2f1 df3ae1a1cfab0f0b b11d72e71d3d6ec2 8c7031b39ddb1fc5 ed862ed1df530205 fc9070c7ebab1355 8986331a9ea3a1b8 fdf6a3bd8900a27a f4abb5cff70c61eb 15b003a4fa871484 387b6fffe31e8ea f53e4ad593a6a761 e2dbbe6f8336cce f66555b88aee4e79 1e94f5db11b572e5 89e8dfb3eba3a08e f691ef072cc2b1c1 3e7824a6004e356c ebf1d5fa9526e4e2 c1e996a3c8610459 c8af39c5e283c501 f7aaa9e48061bb49 c8c2bfa3b4a10fbf 1724d4c1b9944087 39f5fbd19171f968 c61309280ecf7ea5 c863bf2c02b8bb74 942ab4dcdd37dde9 ec075c8e8259bafd 85127671da3dbe04 b7759bedb46b1bba 36c4d6b8193d2b4e f37ae952a37cf87b d7e81436bbd74d29 d51478772af08540 ce6d7dbb0eaceaee ca843817c88f61ca f37fe70aa65591f1 b5027cdf1f98b08f e8281259c1ed64c5 e842f6b7ff86b4f7 1f1f6586dba7f963 9d955e289d457396 9ccc288d074777df e2ef714285d854df 231dc876bbeb8e13 c33305f28084cf6a 65d244abfe9f103 fbd57f17a6227734 26a7469f297aecc0 e964ddc3bf088509 e52afc3e2d046ae9 d67f57a9e53a5cda 2442e1e40bd242dd 38d6adc6bfe4356c 251e9247096dde22 154020ff0f56056f cf3a3adbc961742b d2cf524dce16cec5 dd6cd434f458cd22 bdba414de80f734c 36264211aca70f0f 20ffdc329089939a f89906e613931645 c03a2554deba1d7f ef43b11aaebf48f7 c2525f3ce13a0186 3ff41f06e7dcb800 169c00f8028c8491 e3c686172f37d020 97148820d8ee6034 db7ae4c5a3baa51d d2f2753dadb08918 69ee94d3f416add e2fc0ffaea06fd5e 97b78676e219ce12 a15b38ef35ee8538 1ff582969e566fc3 703dd6045748ea 3a45ce22b7ad090c d60378d0a1cb76c5 a622bfafda3b50b8 91e859c4d673b6a6 f83f2d6be0688dd1 baa3de89e7ebd294 be5f893a1e61ed1b feca7aeccc8c384e b4780ae2369eb6a6 d500a3c1396e5976 5fa91c4f2d7941d 29764ac3d3cb1ead 8d397823ba729ca6 ad4a30c3fe76ee84 d2420d31933409e7 cda6a68ed6c07b86 d5376a0adf7b8555 f2af8f3cfaf0d751 d1b152d82779773c 6f4fc91c05635ca 3b470d1ca6e8bce2 ce62341ef9a48bcd 39fac1980cf85ff4 b3e11cd6d55730af cefbbc7df541ceb4 23a2ea8024350f5 d79a81a408f67e15 fe384cc9b61b4b7e b85e9c73a6963e21 af8cbc3600727b71 b68dc6ef0ff91e18 b68f5c39adc508ff ] wstrb=[63 70 70 7b 60 6f b4 c3 e0 24 3e 40 94 f2 3 74 17 41 b4 ab 33 b7 1f 4a f8 d3 f5 2b 8a 14 76 82 e7 6b ad 71 80 23 f3 67 8f a1 d9 f c4 cc 76 53 6d 4f 62 32 1c d9 85 89 28 e8 bb 44 c1 41 ce e9 29 89 2e ea ca fc d3 f3 85 1 dd 50 fd b1 43 83 b2 21 d3 b0 d2 16 33 84 37 6 34 9 1c 67 8e 54 6d c2 5d 8a 2a eb de 97 ae 3b 21 d8 27 ff 6f d5 3b 91 ad 62 90 1c 37 cb ad e4 2d 3e 0 64 9 ae 48 37 ec 49 ] bresp=0 bid=10100
[1395000] ARB MONITOR: slave=0 m0_req=0 m1_req=1 winner=1
[1405000] MASTER 1 RECEIVED BRESP. BRESP=0
[1405000] [MASTER DRIVER] mst_id=1 s_id=0 awaddr=12695940 awid=100 awlen=131 awsize=0 awburst=1 wdata=[c1c17dddcaa9acaa cc5d612d8adf85ff ef1f067cc2783e43 8d21eaed194a91d8 a42a17d7b0e08459 f358c29cd97f4c1b f2c9ddf313491e54 c429a2ad007aad8a d9f9f9a596f3f5ca aa3d141e3782654a 37fd12d4ccc3d798 e3b7cd62ee66b6cc 25e91c1611f70c79 debae4110df4e181 fc5b984ddde62eea efdd3b63c272b173 d06792f42244b463 2ae34dce981f74 910ad0e7ccc32b41 ef07dfa4f0081eb0 3ea03e24e17263dc ae358f1def32c2f1 df3ae1a1cfab0f0b b11d72e71d3d6ec2 8c7031b39ddb1fc5 ed862ed1df530205 fc9070c7ebab1355 8986331a9ea3a1b8 fdf6a3bd8900a27a f4abb5cff70c61eb 15b003a4fa871484 387b6fffe31e8ea f53e4ad593a6a761 e2dbbe6f8336cce f66555b88aee4e79 1e94f5db11b572e5 89e8dfb3eba3a08e f691ef072cc2b1c1 3e7824a6004e356c ebf1d5fa9526e4e2 c1e996a3c8610459 c8af39c5e283c501 f7aaa9e48061bb49 c8c2bfa3b4a10fbf 1724d4c1b9944087 39f5fbd19171f968 c61309280ecf7ea5 c863bf2c02b8bb74 942ab4dcdd37dde9 ec075c8e8259bafd 85127671da3dbe04 b7759bedb46b1bba 36c4d6b8193d2b4e f37ae952a37cf87b d7e81436bbd74d29 d51478772af08540 ce6d7dbb0eaceaee ca843817c88f61ca f37fe70aa65591f1 b5027cdf1f98b08f e8281259c1ed64c5 e842f6b7ff86b4f7 1f1f6586dba7f963 9d955e289d457396 9ccc288d074777df e2ef714285d854df 231dc876bbeb8e13 c33305f28084cf6a 65d244abfe9f103 fbd57f17a6227734 26a7469f297aecc0 e964ddc3bf088509 e52afc3e2d046ae9 d67f57a9e53a5cda 2442e1e40bd242dd 38d6adc6bfe4356c 251e9247096dde22 154020ff0f56056f cf3a3adbc961742b d2cf524dce16cec5 dd6cd434f458cd22 bdba414de80f734c 36264211aca70f0f 20ffdc329089939a f89906e613931645 c03a2554deba1d7f ef43b11aaebf48f7 c2525f3ce13a0186 3ff41f06e7dcb800 169c00f8028c8491 e3c686172f37d020 97148820d8ee6034 db7ae4c5a3baa51d d2f2753dadb08918 69ee94d3f416add e2fc0ffaea06fd5e 97b78676e219ce12 a15b38ef35ee8538 1ff582969e566fc3 703dd6045748ea 3a45ce22b7ad090c d60378d0a1cb76c5 a622bfafda3b50b8 91e859c4d673b6a6 f83f2d6be0688dd1 baa3de89e7ebd294 be5f893a1e61ed1b feca7aeccc8c384e b4780ae2369eb6a6 d500a3c1396e5976 5fa91c4f2d7941d 29764ac3d3cb1ead 8d397823ba729ca6 ad4a30c3fe76ee84 d2420d31933409e7 cda6a68ed6c07b86 d5376a0adf7b8555 f2af8f3cfaf0d751 d1b152d82779773c 6f4fc91c05635ca 3b470d1ca6e8bce2 ce62341ef9a48bcd 39fac1980cf85ff4 b3e11cd6d55730af cefbbc7df541ceb4 23a2ea8024350f5 d79a81a408f67e15 fe384cc9b61b4b7e b85e9c73a6963e21 af8cbc3600727b71 b68dc6ef0ff91e18 b68f5c39adc508ff ] wstrb=[63 70 70 7b 60 6f b4 c3 e0 24 3e 40 94 f2 3 74 17 41 b4 ab 33 b7 1f 4a f8 d3 f5 2b 8a 14 76 82 e7 6b ad 71 80 23 f3 67 8f a1 d9 f c4 cc 76 53 6d 4f 62 32 1c d9 85 89 28 e8 bb 44 c1 41 ce e9 29 89 2e ea ca fc d3 f3 85 1 dd 50 fd b1 43 83 b2 21 d3 b0 d2 16 33 84 37 6 34 9 1c 67 8e 54 6d c2 5d 8a 2a eb de 97 ae 3b 21 d8 27 ff 6f d5 3b 91 ad 62 90 1c 37 cb ad e4 2d 3e 0 64 9 ae 48 37 ec 49 ] bresp=0 bid=100
[1405000] MASTER 1 B_VALID_RDY Handshake
[1405000] [MASTER MONITOR] mst_id=1 s_id=1 awaddr=12695940 awid=100 awlen=131 awsize=0 awburst=1 wdata=[c1c17dddcaa9acaa cc5d612d8adf85ff ef1f067cc2783e43 8d21eaed194a91d8 a42a17d7b0e08459 f358c29cd97f4c1b f2c9ddf313491e54 c429a2ad007aad8a d9f9f9a596f3f5ca aa3d141e3782654a 37fd12d4ccc3d798 e3b7cd62ee66b6cc 25e91c1611f70c79 debae4110df4e181 fc5b984ddde62eea efdd3b63c272b173 d06792f42244b463 2ae34dce981f74 910ad0e7ccc32b41 ef07dfa4f0081eb0 3ea03e24e17263dc ae358f1def32c2f1 df3ae1a1cfab0f0b b11d72e71d3d6ec2 8c7031b39ddb1fc5 ed862ed1df530205 fc9070c7ebab1355 8986331a9ea3a1b8 fdf6a3bd8900a27a f4abb5cff70c61eb 15b003a4fa871484 387b6fffe31e8ea f53e4ad593a6a761 e2dbbe6f8336cce f66555b88aee4e79 1e94f5db11b572e5 89e8dfb3eba3a08e f691ef072cc2b1c1 3e7824a6004e356c ebf1d5fa9526e4e2 c1e996a3c8610459 c8af39c5e283c501 f7aaa9e48061bb49 c8c2bfa3b4a10fbf 1724d4c1b9944087 39f5fbd19171f968 c61309280ecf7ea5 c863bf2c02b8bb74 942ab4dcdd37dde9 ec075c8e8259bafd 85127671da3dbe04 b7759bedb46b1bba 36c4d6b8193d2b4e f37ae952a37cf87b d7e81436bbd74d29 d51478772af08540 ce6d7dbb0eaceaee ca843817c88f61ca f37fe70aa65591f1 b5027cdf1f98b08f e8281259c1ed64c5 e842f6b7ff86b4f7 1f1f6586dba7f963 9d955e289d457396 9ccc288d074777df e2ef714285d854df 231dc876bbeb8e13 c33305f28084cf6a 65d244abfe9f103 fbd57f17a6227734 26a7469f297aecc0 e964ddc3bf088509 e52afc3e2d046ae9 d67f57a9e53a5cda 2442e1e40bd242dd 38d6adc6bfe4356c 251e9247096dde22 154020ff0f56056f cf3a3adbc961742b d2cf524dce16cec5 dd6cd434f458cd22 bdba414de80f734c 36264211aca70f0f 20ffdc329089939a f89906e613931645 c03a2554deba1d7f ef43b11aaebf48f7 c2525f3ce13a0186 3ff41f06e7dcb800 169c00f8028c8491 e3c686172f37d020 97148820d8ee6034 db7ae4c5a3baa51d d2f2753dadb08918 69ee94d3f416add e2fc0ffaea06fd5e 97b78676e219ce12 a15b38ef35ee8538 1ff582969e566fc3 703dd6045748ea 3a45ce22b7ad090c d60378d0a1cb76c5 a622bfafda3b50b8 91e859c4d673b6a6 f83f2d6be0688dd1 baa3de89e7ebd294 be5f893a1e61ed1b feca7aeccc8c384e b4780ae2369eb6a6 d500a3c1396e5976 5fa91c4f2d7941d 29764ac3d3cb1ead 8d397823ba729ca6 ad4a30c3fe76ee84 d2420d31933409e7 cda6a68ed6c07b86 d5376a0adf7b8555 f2af8f3cfaf0d751 d1b152d82779773c 6f4fc91c05635ca 3b470d1ca6e8bce2 ce62341ef9a48bcd 39fac1980cf85ff4 b3e11cd6d55730af cefbbc7df541ceb4 23a2ea8024350f5 d79a81a408f67e15 fe384cc9b61b4b7e b85e9c73a6963e21 af8cbc3600727b71 b68dc6ef0ff91e18 b68f5c39adc508ff ] wstrb=[63 70 70 7b 60 6f b4 c3 e0 24 3e 40 94 f2 3 74 17 41 b4 ab 33 b7 1f 4a f8 d3 f5 2b 8a 14 76 82 e7 6b ad 71 80 23 f3 67 8f a1 d9 f c4 cc 76 53 6d 4f 62 32 1c d9 85 89 28 e8 bb 44 c1 41 ce e9 29 89 2e ea ca fc d3 f3 85 1 dd 50 fd b1 43 83 b2 21 d3 b0 d2 16 33 84 37 6 34 9 1c 67 8e 54 6d c2 5d 8a 2a eb de 97 ae 3b 21 d8 27 ff 6f d5 3b 91 ad 62 90 1c 37 cb ad e4 2d 3e 0 64 9 ae 48 37 ec 49 ] bresp=0 bid=100
[1405000] SLAVE 0 R_VALID_RDY Handshake beat=0 rlast=0
[1405000] MEMORY READ MISS beat=1 addr=c729160 -> default data id=17
[1405000] SCOREBOARD MATCH: decode_err expected = 0, actual =0
[1405000] SCOREBOARD MATCH: slave_id expected = 1, actual =1
[1405000] SCOREBOARD MATCH: awaddr passthrough expected = 12695940, actual =12695940
[1405000] SCOREBOARD MATCH: awlen passthrough expected = 131, actual =131
[1405000] SCOREBOARD MATCH: awsize passthrough expected = 0, actual =0
[1405000] SCOREBOARD MATCH: awburst passthrough expected = 1, actual =1
[1405000] SCOREBOARD MATCH: wdata size check expected = 84, actual =84
[1405000] SCOREBOARD MATCH: wdata passthrough beat=0 expected = c1c17dddcaa9acaa, actual =c1c17dddcaa9acaa
[1405000] SCOREBOARD MATCH: wdata passthrough beat=1 expected = cc5d612d8adf85ff, actual =cc5d612d8adf85ff
[1405000] SCOREBOARD MATCH: wdata passthrough beat=2 expected = ef1f067cc2783e43, actual =ef1f067cc2783e43
[1405000] SCOREBOARD MATCH: wdata passthrough beat=3 expected = 8d21eaed194a91d8, actual =8d21eaed194a91d8
[1405000] SCOREBOARD MATCH: wdata passthrough beat=4 expected = a42a17d7b0e08459, actual =a42a17d7b0e08459
[1405000] SCOREBOARD MATCH: wdata passthrough beat=5 expected = f358c29cd97f4c1b, actual =f358c29cd97f4c1b
[1405000] SCOREBOARD MATCH: wdata passthrough beat=6 expected = f2c9ddf313491e54, actual =f2c9ddf313491e54
[1405000] SCOREBOARD MATCH: wdata passthrough beat=7 expected = c429a2ad007aad8a, actual =c429a2ad007aad8a
[1405000] SCOREBOARD MATCH: wdata passthrough beat=8 expected = d9f9f9a596f3f5ca, actual =d9f9f9a596f3f5ca
[1405000] SCOREBOARD MATCH: wdata passthrough beat=9 expected = aa3d141e3782654a, actual =aa3d141e3782654a
[1405000] SCOREBOARD MATCH: wdata passthrough beat=10 expected = 37fd12d4ccc3d798, actual =37fd12d4ccc3d798
[1405000] SCOREBOARD MATCH: wdata passthrough beat=11 expected = e3b7cd62ee66b6cc, actual =e3b7cd62ee66b6cc
[1405000] SCOREBOARD MATCH: wdata passthrough beat=12 expected = 25e91c1611f70c79, actual =25e91c1611f70c79
[1405000] SCOREBOARD MATCH: wdata passthrough beat=13 expected = debae4110df4e181, actual =debae4110df4e181
[1405000] SCOREBOARD MATCH: wdata passthrough beat=14 expected = fc5b984ddde62eea, actual =fc5b984ddde62eea
[1405000] SCOREBOARD MATCH: wdata passthrough beat=15 expected = efdd3b63c272b173, actual =efdd3b63c272b173
[1405000] SCOREBOARD MATCH: wdata passthrough beat=16 expected = d06792f42244b463, actual =d06792f42244b463
[1405000] SCOREBOARD MATCH: wdata passthrough beat=17 expected = 2ae34dce981f74, actual =2ae34dce981f74
[1405000] SCOREBOARD MATCH: wdata passthrough beat=18 expected = 910ad0e7ccc32b41, actual =910ad0e7ccc32b41
[1405000] SCOREBOARD MATCH: wdata passthrough beat=19 expected = ef07dfa4f0081eb0, actual =ef07dfa4f0081eb0
[1405000] SCOREBOARD MATCH: wdata passthrough beat=20 expected = 3ea03e24e17263dc, actual =3ea03e24e17263dc
[1405000] SCOREBOARD MATCH: wdata passthrough beat=21 expected = ae358f1def32c2f1, actual =ae358f1def32c2f1
[1405000] SCOREBOARD MATCH: wdata passthrough beat=22 expected = df3ae1a1cfab0f0b, actual =df3ae1a1cfab0f0b
[1405000] SCOREBOARD MATCH: wdata passthrough beat=23 expected = b11d72e71d3d6ec2, actual =b11d72e71d3d6ec2
[1405000] SCOREBOARD MATCH: wdata passthrough beat=24 expected = 8c7031b39ddb1fc5, actual =8c7031b39ddb1fc5
[1405000] SCOREBOARD MATCH: wdata passthrough beat=25 expected = ed862ed1df530205, actual =ed862ed1df530205
[1405000] SCOREBOARD MATCH: wdata passthrough beat=26 expected = fc9070c7ebab1355, actual =fc9070c7ebab1355
[1405000] SCOREBOARD MATCH: wdata passthrough beat=27 expected = 8986331a9ea3a1b8, actual =8986331a9ea3a1b8
[1405000] SCOREBOARD MATCH: wdata passthrough beat=28 expected = fdf6a3bd8900a27a, actual =fdf6a3bd8900a27a
[1405000] SCOREBOARD MATCH: wdata passthrough beat=29 expected = f4abb5cff70c61eb, actual =f4abb5cff70c61eb
[1405000] SCOREBOARD MATCH: wdata passthrough beat=30 expected = 15b003a4fa871484, actual =15b003a4fa871484
[1405000] SCOREBOARD MATCH: wdata passthrough beat=31 expected = 387b6fffe31e8ea, actual =387b6fffe31e8ea
[1405000] SCOREBOARD MATCH: wdata passthrough beat=32 expected = f53e4ad593a6a761, actual =f53e4ad593a6a761
[1405000] SCOREBOARD MATCH: wdata passthrough beat=33 expected = e2dbbe6f8336cce, actual =e2dbbe6f8336cce
[1405000] SCOREBOARD MATCH: wdata passthrough beat=34 expected = f66555b88aee4e79, actual =f66555b88aee4e79
[1405000] SCOREBOARD MATCH: wdata passthrough beat=35 expected = 1e94f5db11b572e5, actual =1e94f5db11b572e5
[1405000] SCOREBOARD MATCH: wdata passthrough beat=36 expected = 89e8dfb3eba3a08e, actual =89e8dfb3eba3a08e
[1405000] SCOREBOARD MATCH: wdata passthrough beat=37 expected = f691ef072cc2b1c1, actual =f691ef072cc2b1c1
[1405000] SCOREBOARD MATCH: wdata passthrough beat=38 expected = 3e7824a6004e356c, actual =3e7824a6004e356c
[1405000] SCOREBOARD MATCH: wdata passthrough beat=39 expected = ebf1d5fa9526e4e2, actual =ebf1d5fa9526e4e2
[1405000] SCOREBOARD MATCH: wdata passthrough beat=40 expected = c1e996a3c8610459, actual =c1e996a3c8610459
[1405000] SCOREBOARD MATCH: wdata passthrough beat=41 expected = c8af39c5e283c501, actual =c8af39c5e283c501
[1405000] SCOREBOARD MATCH: wdata passthrough beat=42 expected = f7aaa9e48061bb49, actual =f7aaa9e48061bb49
[1405000] SCOREBOARD MATCH: wdata passthrough beat=43 expected = c8c2bfa3b4a10fbf, actual =c8c2bfa3b4a10fbf
[1405000] SCOREBOARD MATCH: wdata passthrough beat=44 expected = 1724d4c1b9944087, actual =1724d4c1b9944087
[1405000] SCOREBOARD MATCH: wdata passthrough beat=45 expected = 39f5fbd19171f968, actual =39f5fbd19171f968
[1405000] SCOREBOARD MATCH: wdata passthrough beat=46 expected = c61309280ecf7ea5, actual =c61309280ecf7ea5
[1405000] SCOREBOARD MATCH: wdata passthrough beat=47 expected = c863bf2c02b8bb74, actual =c863bf2c02b8bb74
[1405000] SCOREBOARD MATCH: wdata passthrough beat=48 expected = 942ab4dcdd37dde9, actual =942ab4dcdd37dde9
[1405000] SCOREBOARD MATCH: wdata passthrough beat=49 expected = ec075c8e8259bafd, actual =ec075c8e8259bafd
[1405000] SCOREBOARD MATCH: wdata passthrough beat=50 expected = 85127671da3dbe04, actual =85127671da3dbe04
[1405000] SCOREBOARD MATCH: wdata passthrough beat=51 expected = b7759bedb46b1bba, actual =b7759bedb46b1bba
[1405000] SCOREBOARD MATCH: wdata passthrough beat=52 expected = 36c4d6b8193d2b4e, actual =36c4d6b8193d2b4e
[1405000] SCOREBOARD MATCH: wdata passthrough beat=53 expected = f37ae952a37cf87b, actual =f37ae952a37cf87b
[1405000] SCOREBOARD MATCH: wdata passthrough beat=54 expected = d7e81436bbd74d29, actual =d7e81436bbd74d29
[1405000] SCOREBOARD MATCH: wdata passthrough beat=55 expected = d51478772af08540, actual =d51478772af08540
[1405000] SCOREBOARD MATCH: wdata passthrough beat=56 expected = ce6d7dbb0eaceaee, actual =ce6d7dbb0eaceaee
[1405000] SCOREBOARD MATCH: wdata passthrough beat=57 expected = ca843817c88f61ca, actual =ca843817c88f61ca
[1405000] SCOREBOARD MATCH: wdata passthrough beat=58 expected = f37fe70aa65591f1, actual =f37fe70aa65591f1
[1405000] SCOREBOARD MATCH: wdata passthrough beat=59 expected = b5027cdf1f98b08f, actual =b5027cdf1f98b08f
[1405000] SCOREBOARD MATCH: wdata passthrough beat=60 expected = e8281259c1ed64c5, actual =e8281259c1ed64c5
[1405000] SCOREBOARD MATCH: wdata passthrough beat=61 expected = e842f6b7ff86b4f7, actual =e842f6b7ff86b4f7
[1405000] SCOREBOARD MATCH: wdata passthrough beat=62 expected = 1f1f6586dba7f963, actual =1f1f6586dba7f963
[1405000] SCOREBOARD MATCH: wdata passthrough beat=63 expected = 9d955e289d457396, actual =9d955e289d457396
[1405000] SCOREBOARD MATCH: wdata passthrough beat=64 expected = 9ccc288d074777df, actual =9ccc288d074777df
[1405000] SCOREBOARD MATCH: wdata passthrough beat=65 expected = e2ef714285d854df, actual =e2ef714285d854df
[1405000] SCOREBOARD MATCH: wdata passthrough beat=66 expected = 231dc876bbeb8e13, actual =231dc876bbeb8e13
[1405000] SCOREBOARD MATCH: wdata passthrough beat=67 expected = c33305f28084cf6a, actual =c33305f28084cf6a
[1405000] SCOREBOARD MATCH: wdata passthrough beat=68 expected = 65d244abfe9f103, actual =65d244abfe9f103
[1405000] SCOREBOARD MATCH: wdata passthrough beat=69 expected = fbd57f17a6227734, actual =fbd57f17a6227734
[1405000] SCOREBOARD MATCH: wdata passthrough beat=70 expected = 26a7469f297aecc0, actual =26a7469f297aecc0
[1405000] SCOREBOARD MATCH: wdata passthrough beat=71 expected = e964ddc3bf088509, actual =e964ddc3bf088509
[1405000] SCOREBOARD MATCH: wdata passthrough beat=72 expected = e52afc3e2d046ae9, actual =e52afc3e2d046ae9
[1405000] SCOREBOARD MATCH: wdata passthrough beat=73 expected = d67f57a9e53a5cda, actual =d67f57a9e53a5cda
[1405000] SCOREBOARD MATCH: wdata passthrough beat=74 expected = 2442e1e40bd242dd, actual =2442e1e40bd242dd
[1405000] SCOREBOARD MATCH: wdata passthrough beat=75 expected = 38d6adc6bfe4356c, actual =38d6adc6bfe4356c
[1405000] SCOREBOARD MATCH: wdata passthrough beat=76 expected = 251e9247096dde22, actual =251e9247096dde22
[1405000] SCOREBOARD MATCH: wdata passthrough beat=77 expected = 154020ff0f56056f, actual =154020ff0f56056f
[1405000] SCOREBOARD MATCH: wdata passthrough beat=78 expected = cf3a3adbc961742b, actual =cf3a3adbc961742b
[1405000] SCOREBOARD MATCH: wdata passthrough beat=79 expected = d2cf524dce16cec5, actual =d2cf524dce16cec5
[1405000] SCOREBOARD MATCH: wdata passthrough beat=80 expected = dd6cd434f458cd22, actual =dd6cd434f458cd22
[1405000] SCOREBOARD MATCH: wdata passthrough beat=81 expected = bdba414de80f734c, actual =bdba414de80f734c
[1405000] SCOREBOARD MATCH: wdata passthrough beat=82 expected = 36264211aca70f0f, actual =36264211aca70f0f
[1405000] SCOREBOARD MATCH: wdata passthrough beat=83 expected = 20ffdc329089939a, actual =20ffdc329089939a
[1405000] SCOREBOARD MATCH: wdata passthrough beat=84 expected = f89906e613931645, actual =f89906e613931645
[1405000] SCOREBOARD MATCH: wdata passthrough beat=85 expected = c03a2554deba1d7f, actual =c03a2554deba1d7f
[1405000] SCOREBOARD MATCH: wdata passthrough beat=86 expected = ef43b11aaebf48f7, actual =ef43b11aaebf48f7
[1405000] SCOREBOARD MATCH: wdata passthrough beat=87 expected = c2525f3ce13a0186, actual =c2525f3ce13a0186
[1405000] SCOREBOARD MATCH: wdata passthrough beat=88 expected = 3ff41f06e7dcb800, actual =3ff41f06e7dcb800
[1405000] SCOREBOARD MATCH: wdata passthrough beat=89 expected = 169c00f8028c8491, actual =169c00f8028c8491
[1405000] SCOREBOARD MATCH: wdata passthrough beat=90 expected = e3c686172f37d020, actual =e3c686172f37d020
[1405000] SCOREBOARD MATCH: wdata passthrough beat=91 expected = 97148820d8ee6034, actual =97148820d8ee6034
[1405000] SCOREBOARD MATCH: wdata passthrough beat=92 expected = db7ae4c5a3baa51d, actual =db7ae4c5a3baa51d
[1405000] SCOREBOARD MATCH: wdata passthrough beat=93 expected = d2f2753dadb08918, actual =d2f2753dadb08918
[1405000] SCOREBOARD MATCH: wdata passthrough beat=94 expected = 69ee94d3f416add, actual =69ee94d3f416add
[1405000] SCOREBOARD MATCH: wdata passthrough beat=95 expected = e2fc0ffaea06fd5e, actual =e2fc0ffaea06fd5e
[1405000] SCOREBOARD MATCH: wdata passthrough beat=96 expected = 97b78676e219ce12, actual =97b78676e219ce12
[1405000] SCOREBOARD MATCH: wdata passthrough beat=97 expected = a15b38ef35ee8538, actual =a15b38ef35ee8538
[1405000] SCOREBOARD MATCH: wdata passthrough beat=98 expected = 1ff582969e566fc3, actual =1ff582969e566fc3
[1405000] SCOREBOARD MATCH: wdata passthrough beat=99 expected = 703dd6045748ea, actual =703dd6045748ea
[1405000] SCOREBOARD MATCH: wdata passthrough beat=100 expected = 3a45ce22b7ad090c, actual =3a45ce22b7ad090c
[1405000] SCOREBOARD MATCH: wdata passthrough beat=101 expected = d60378d0a1cb76c5, actual =d60378d0a1cb76c5
[1405000] SCOREBOARD MATCH: wdata passthrough beat=102 expected = a622bfafda3b50b8, actual =a622bfafda3b50b8
[1405000] SCOREBOARD MATCH: wdata passthrough beat=103 expected = 91e859c4d673b6a6, actual =91e859c4d673b6a6
[1405000] SCOREBOARD MATCH: wdata passthrough beat=104 expected = f83f2d6be0688dd1, actual =f83f2d6be0688dd1
[1405000] SCOREBOARD MATCH: wdata passthrough beat=105 expected = baa3de89e7ebd294, actual =baa3de89e7ebd294
[1405000] SCOREBOARD MATCH: wdata passthrough beat=106 expected = be5f893a1e61ed1b, actual =be5f893a1e61ed1b
[1405000] SCOREBOARD MATCH: wdata passthrough beat=107 expected = feca7aeccc8c384e, actual =feca7aeccc8c384e
[1405000] SCOREBOARD MATCH: wdata passthrough beat=108 expected = b4780ae2369eb6a6, actual =b4780ae2369eb6a6
[1405000] SCOREBOARD MATCH: wdata passthrough beat=109 expected = d500a3c1396e5976, actual =d500a3c1396e5976
[1405000] SCOREBOARD MATCH: wdata passthrough beat=110 expected = 5fa91c4f2d7941d, actual =5fa91c4f2d7941d
[1405000] SCOREBOARD MATCH: wdata passthrough beat=111 expected = 29764ac3d3cb1ead, actual =29764ac3d3cb1ead
[1405000] SCOREBOARD MATCH: wdata passthrough beat=112 expected = 8d397823ba729ca6, actual =8d397823ba729ca6
[1405000] SCOREBOARD MATCH: wdata passthrough beat=113 expected = ad4a30c3fe76ee84, actual =ad4a30c3fe76ee84
[1405000] SCOREBOARD MATCH: wdata passthrough beat=114 expected = d2420d31933409e7, actual =d2420d31933409e7
[1405000] SCOREBOARD MATCH: wdata passthrough beat=115 expected = cda6a68ed6c07b86, actual =cda6a68ed6c07b86
[1405000] SCOREBOARD MATCH: wdata passthrough beat=116 expected = d5376a0adf7b8555, actual =d5376a0adf7b8555
[1405000] SCOREBOARD MATCH: wdata passthrough beat=117 expected = f2af8f3cfaf0d751, actual =f2af8f3cfaf0d751
[1405000] SCOREBOARD MATCH: wdata passthrough beat=118 expected = d1b152d82779773c, actual =d1b152d82779773c
[1405000] SCOREBOARD MATCH: wdata passthrough beat=119 expected = 6f4fc91c05635ca, actual =6f4fc91c05635ca
[1405000] SCOREBOARD MATCH: wdata passthrough beat=120 expected = 3b470d1ca6e8bce2, actual =3b470d1ca6e8bce2
[1405000] SCOREBOARD MATCH: wdata passthrough beat=121 expected = ce62341ef9a48bcd, actual =ce62341ef9a48bcd
[1405000] SCOREBOARD MATCH: wdata passthrough beat=122 expected = 39fac1980cf85ff4, actual =39fac1980cf85ff4
[1405000] SCOREBOARD MATCH: wdata passthrough beat=123 expected = b3e11cd6d55730af, actual =b3e11cd6d55730af
[1405000] SCOREBOARD MATCH: wdata passthrough beat=124 expected = cefbbc7df541ceb4, actual =cefbbc7df541ceb4
[1405000] SCOREBOARD MATCH: wdata passthrough beat=125 expected = 23a2ea8024350f5, actual =23a2ea8024350f5
[1405000] SCOREBOARD MATCH: wdata passthrough beat=126 expected = d79a81a408f67e15, actual =d79a81a408f67e15
[1405000] SCOREBOARD MATCH: wdata passthrough beat=127 expected = fe384cc9b61b4b7e, actual =fe384cc9b61b4b7e
[1405000] SCOREBOARD MATCH: wdata passthrough beat=128 expected = b85e9c73a6963e21, actual =b85e9c73a6963e21
[1405000] SCOREBOARD MATCH: wdata passthrough beat=129 expected = af8cbc3600727b71, actual =af8cbc3600727b71
[1405000] SCOREBOARD MATCH: wdata passthrough beat=130 expected = b68dc6ef0ff91e18, actual =b68dc6ef0ff91e18
[1405000] SCOREBOARD MATCH: wdata passthrough beat=131 expected = b68f5c39adc508ff, actual =b68f5c39adc508ff
[1405000] SCOREBOARD MATCH: wstrb size check expected = 84, actual =84
[1405000] SCOREBOARD MATCH: wstrb passthrough beat=0 expected = 63, actual =63
[1405000] SCOREBOARD MATCH: wstrb passthrough beat=1 expected = 70, actual =70
[1405000] SCOREBOARD MATCH: wstrb passthrough beat=2 expected = 70, actual =70
[1405000] SCOREBOARD MATCH: wstrb passthrough beat=3 expected = 7b, actual =7b
[1405000] SCOREBOARD MATCH: wstrb passthrough beat=4 expected = 60, actual =60
[1405000] SCOREBOARD MATCH: wstrb passthrough beat=5 expected = 6f, actual =6f
[1405000] SCOREBOARD MATCH: wstrb passthrough beat=6 expected = b4, actual =b4
[1405000] SCOREBOARD MATCH: wstrb passthrough beat=7 expected = c3, actual =c3
[1405000] SCOREBOARD MATCH: wstrb passthrough beat=8 expected = e0, actual =e0
[1405000] SCOREBOARD MATCH: wstrb passthrough beat=9 expected = 24, actual =24
[1405000] SCOREBOARD MATCH: wstrb passthrough beat=10 expected = 3e, actual =3e
[1405000] SCOREBOARD MATCH: wstrb passthrough beat=11 expected = 40, actual =40
[1405000] SCOREBOARD MATCH: wstrb passthrough beat=12 expected = 94, actual =94
[1405000] SCOREBOARD MATCH: wstrb passthrough beat=13 expected = f2, actual =f2
[1405000] SCOREBOARD MATCH: wstrb passthrough beat=14 expected = 3, actual =3
[1405000] SCOREBOARD MATCH: wstrb passthrough beat=15 expected = 74, actual =74
[1405000] SCOREBOARD MATCH: wstrb passthrough beat=16 expected = 17, actual =17
[1405000] SCOREBOARD MATCH: wstrb passthrough beat=17 expected = 41, actual =41
[1405000] SCOREBOARD MATCH: wstrb passthrough beat=18 expected = b4, actual =b4
[1405000] SCOREBOARD MATCH: wstrb passthrough beat=19 expected = ab, actual =ab
[1405000] SCOREBOARD MATCH: wstrb passthrough beat=20 expected = 33, actual =33
[1405000] SCOREBOARD MATCH: wstrb passthrough beat=21 expected = b7, actual =b7
[1405000] SCOREBOARD MATCH: wstrb passthrough beat=22 expected = 1f, actual =1f
[1405000] SCOREBOARD MATCH: wstrb passthrough beat=23 expected = 4a, actual =4a
[1405000] SCOREBOARD MATCH: wstrb passthrough beat=24 expected = f8, actual =f8
[1405000] SCOREBOARD MATCH: wstrb passthrough beat=25 expected = d3, actual =d3
[1405000] SCOREBOARD MATCH: wstrb passthrough beat=26 expected = f5, actual =f5
[1405000] SCOREBOARD MATCH: wstrb passthrough beat=27 expected = 2b, actual =2b
[1405000] SCOREBOARD MATCH: wstrb passthrough beat=28 expected = 8a, actual =8a
[1405000] SCOREBOARD MATCH: wstrb passthrough beat=29 expected = 14, actual =14
[1405000] SCOREBOARD MATCH: wstrb passthrough beat=30 expected = 76, actual =76
[1405000] SCOREBOARD MATCH: wstrb passthrough beat=31 expected = 82, actual =82
[1405000] SCOREBOARD MATCH: wstrb passthrough beat=32 expected = e7, actual =e7
[1405000] SCOREBOARD MATCH: wstrb passthrough beat=33 expected = 6b, actual =6b
[1405000] SCOREBOARD MATCH: wstrb passthrough beat=34 expected = ad, actual =ad
[1405000] SCOREBOARD MATCH: wstrb passthrough beat=35 expected = 71, actual =71
[1405000] SCOREBOARD MATCH: wstrb passthrough beat=36 expected = 80, actual =80
[1405000] SCOREBOARD MATCH: wstrb passthrough beat=37 expected = 23, actual =23
[1405000] SCOREBOARD MATCH: wstrb passthrough beat=38 expected = f3, actual =f3
[1405000] SCOREBOARD MATCH: wstrb passthrough beat=39 expected = 67, actual =67
[1405000] SCOREBOARD MATCH: wstrb passthrough beat=40 expected = 8f, actual =8f
[1405000] SCOREBOARD MATCH: wstrb passthrough beat=41 expected = a1, actual =a1
[1405000] SCOREBOARD MATCH: wstrb passthrough beat=42 expected = d9, actual =d9
[1405000] SCOREBOARD MATCH: wstrb passthrough beat=43 expected = f, actual =f
[1405000] SCOREBOARD MATCH: wstrb passthrough beat=44 expected = c4, actual =c4
[1405000] SCOREBOARD MATCH: wstrb passthrough beat=45 expected = cc, actual =cc
[1405000] SCOREBOARD MATCH: wstrb passthrough beat=46 expected = 76, actual =76
[1405000] SCOREBOARD MATCH: wstrb passthrough beat=47 expected = 53, actual =53
[1405000] SCOREBOARD MATCH: wstrb passthrough beat=48 expected = 6d, actual =6d
[1405000] SCOREBOARD MATCH: wstrb passthrough beat=49 expected = 4f, actual =4f
[1405000] SCOREBOARD MATCH: wstrb passthrough beat=50 expected = 62, actual =62
[1405000] SCOREBOARD MATCH: wstrb passthrough beat=51 expected = 32, actual =32
[1405000] SCOREBOARD MATCH: wstrb passthrough beat=52 expected = 1c, actual =1c
[1405000] SCOREBOARD MATCH: wstrb passthrough beat=53 expected = d9, actual =d9
[1405000] SCOREBOARD MATCH: wstrb passthrough beat=54 expected = 85, actual =85
[1405000] SCOREBOARD MATCH: wstrb passthrough beat=55 expected = 89, actual =89
[1405000] SCOREBOARD MATCH: wstrb passthrough beat=56 expected = 28, actual =28
[1405000] SCOREBOARD MATCH: wstrb passthrough beat=57 expected = e8, actual =e8
[1405000] SCOREBOARD MATCH: wstrb passthrough beat=58 expected = bb, actual =bb
[1405000] SCOREBOARD MATCH: wstrb passthrough beat=59 expected = 44, actual =44
[1405000] SCOREBOARD MATCH: wstrb passthrough beat=60 expected = c1, actual =c1
[1405000] SCOREBOARD MATCH: wstrb passthrough beat=61 expected = 41, actual =41
[1405000] SCOREBOARD MATCH: wstrb passthrough beat=62 expected = ce, actual =ce
[1405000] SCOREBOARD MATCH: wstrb passthrough beat=63 expected = e9, actual =e9
[1405000] SCOREBOARD MATCH: wstrb passthrough beat=64 expected = 29, actual =29
[1405000] SCOREBOARD MATCH: wstrb passthrough beat=65 expected = 89, actual =89
[1405000] SCOREBOARD MATCH: wstrb passthrough beat=66 expected = 2e, actual =2e
[1405000] SCOREBOARD MATCH: wstrb passthrough beat=67 expected = ea, actual =ea
[1405000] SCOREBOARD MATCH: wstrb passthrough beat=68 expected = ca, actual =ca
[1405000] SCOREBOARD MATCH: wstrb passthrough beat=69 expected = fc, actual =fc
[1405000] SCOREBOARD MATCH: wstrb passthrough beat=70 expected = d3, actual =d3
[1405000] SCOREBOARD MATCH: wstrb passthrough beat=71 expected = f3, actual =f3
[1405000] SCOREBOARD MATCH: wstrb passthrough beat=72 expected = 85, actual =85
[1405000] SCOREBOARD MATCH: wstrb passthrough beat=73 expected = 1, actual =1
[1405000] SCOREBOARD MATCH: wstrb passthrough beat=74 expected = dd, actual =dd
[1405000] SCOREBOARD MATCH: wstrb passthrough beat=75 expected = 50, actual =50
[1405000] SCOREBOARD MATCH: wstrb passthrough beat=76 expected = fd, actual =fd
[1405000] SCOREBOARD MATCH: wstrb passthrough beat=77 expected = b1, actual =b1
[1405000] SCOREBOARD MATCH: wstrb passthrough beat=78 expected = 43, actual =43
[1405000] SCOREBOARD MATCH: wstrb passthrough beat=79 expected = 83, actual =83
[1405000] SCOREBOARD MATCH: wstrb passthrough beat=80 expected = b2, actual =b2
[1405000] SCOREBOARD MATCH: wstrb passthrough beat=81 expected = 21, actual =21
[1405000] SCOREBOARD MATCH: wstrb passthrough beat=82 expected = d3, actual =d3
[1405000] SCOREBOARD MATCH: wstrb passthrough beat=83 expected = b0, actual =b0
[1405000] SCOREBOARD MATCH: wstrb passthrough beat=84 expected = d2, actual =d2
[1405000] SCOREBOARD MATCH: wstrb passthrough beat=85 expected = 16, actual =16
[1405000] SCOREBOARD MATCH: wstrb passthrough beat=86 expected = 33, actual =33
[1405000] SCOREBOARD MATCH: wstrb passthrough beat=87 expected = 84, actual =84
[1405000] SCOREBOARD MATCH: wstrb passthrough beat=88 expected = 37, actual =37
[1405000] SCOREBOARD MATCH: wstrb passthrough beat=89 expected = 6, actual =6
[1405000] SCOREBOARD MATCH: wstrb passthrough beat=90 expected = 34, actual =34
[1405000] SCOREBOARD MATCH: wstrb passthrough beat=91 expected = 9, actual =9
[1405000] SCOREBOARD MATCH: wstrb passthrough beat=92 expected = 1c, actual =1c
[1405000] SCOREBOARD MATCH: wstrb passthrough beat=93 expected = 67, actual =67
[1405000] SCOREBOARD MATCH: wstrb passthrough beat=94 expected = 8e, actual =8e
[1405000] SCOREBOARD MATCH: wstrb passthrough beat=95 expected = 54, actual =54
[1405000] SCOREBOARD MATCH: wstrb passthrough beat=96 expected = 6d, actual =6d
[1405000] SCOREBOARD MATCH: wstrb passthrough beat=97 expected = c2, actual =c2
[1405000] SCOREBOARD MATCH: wstrb passthrough beat=98 expected = 5d, actual =5d
[1405000] SCOREBOARD MATCH: wstrb passthrough beat=99 expected = 8a, actual =8a
[1405000] SCOREBOARD MATCH: wstrb passthrough beat=100 expected = 2a, actual =2a
[1405000] SCOREBOARD MATCH: wstrb passthrough beat=101 expected = eb, actual =eb
[1405000] SCOREBOARD MATCH: wstrb passthrough beat=102 expected = de, actual =de
[1405000] SCOREBOARD MATCH: wstrb passthrough beat=103 expected = 97, actual =97
[1405000] SCOREBOARD MATCH: wstrb passthrough beat=104 expected = ae, actual =ae
[1405000] SCOREBOARD MATCH: wstrb passthrough beat=105 expected = 3b, actual =3b
[1405000] SCOREBOARD MATCH: wstrb passthrough beat=106 expected = 21, actual =21
[1405000] SCOREBOARD MATCH: wstrb passthrough beat=107 expected = d8, actual =d8
[1405000] SCOREBOARD MATCH: wstrb passthrough beat=108 expected = 27, actual =27
[1405000] SCOREBOARD MATCH: wstrb passthrough beat=109 expected = ff, actual =ff
[1405000] SCOREBOARD MATCH: wstrb passthrough beat=110 expected = 6f, actual =6f
[1405000] SCOREBOARD MATCH: wstrb passthrough beat=111 expected = d5, actual =d5
[1405000] SCOREBOARD MATCH: wstrb passthrough beat=112 expected = 3b, actual =3b
[1405000] SCOREBOARD MATCH: wstrb passthrough beat=113 expected = 91, actual =91
[1405000] SCOREBOARD MATCH: wstrb passthrough beat=114 expected = ad, actual =ad
[1405000] SCOREBOARD MATCH: wstrb passthrough beat=115 expected = 62, actual =62
[1405000] SCOREBOARD MATCH: wstrb passthrough beat=116 expected = 90, actual =90
[1405000] SCOREBOARD MATCH: wstrb passthrough beat=117 expected = 1c, actual =1c
[1405000] SCOREBOARD MATCH: wstrb passthrough beat=118 expected = 37, actual =37
[1405000] SCOREBOARD MATCH: wstrb passthrough beat=119 expected = cb, actual =cb
[1405000] SCOREBOARD MATCH: wstrb passthrough beat=120 expected = ad, actual =ad
[1405000] SCOREBOARD MATCH: wstrb passthrough beat=121 expected = e4, actual =e4
[1405000] SCOREBOARD MATCH: wstrb passthrough beat=122 expected = 2d, actual =2d
[1405000] SCOREBOARD MATCH: wstrb passthrough beat=123 expected = 3e, actual =3e
[1405000] SCOREBOARD MATCH: wstrb passthrough beat=124 expected = 0, actual =0
[1405000] SCOREBOARD MATCH: wstrb passthrough beat=125 expected = 64, actual =64
[1405000] SCOREBOARD MATCH: wstrb passthrough beat=126 expected = 9, actual =9
[1405000] SCOREBOARD MATCH: wstrb passthrough beat=127 expected = ae, actual =ae
[1405000] SCOREBOARD MATCH: wstrb passthrough beat=128 expected = 48, actual =48
[1405000] SCOREBOARD MATCH: wstrb passthrough beat=129 expected = 37, actual =37
[1405000] SCOREBOARD MATCH: wstrb passthrough beat=130 expected = ec, actual =ec
[1405000] SCOREBOARD MATCH: wstrb passthrough beat=131 expected = 49, actual =49
[1405000] SCOREBOARD MATCH: bresp passthrough expected = 0, actual =0
[1405000] SCOREBOARD MATCH: response routed to correct master (write) expected = 1, actual =1
[1405000] [SCOREBOARD-M] mst_id=1 s_id=1 awaddr=12695940 awid=100 awlen=131 awsize=0 awburst=1 wdata=[c1c17dddcaa9acaa cc5d612d8adf85ff ef1f067cc2783e43 8d21eaed194a91d8 a42a17d7b0e08459 f358c29cd97f4c1b f2c9ddf313491e54 c429a2ad007aad8a d9f9f9a596f3f5ca aa3d141e3782654a 37fd12d4ccc3d798 e3b7cd62ee66b6cc 25e91c1611f70c79 debae4110df4e181 fc5b984ddde62eea efdd3b63c272b173 d06792f42244b463 2ae34dce981f74 910ad0e7ccc32b41 ef07dfa4f0081eb0 3ea03e24e17263dc ae358f1def32c2f1 df3ae1a1cfab0f0b b11d72e71d3d6ec2 8c7031b39ddb1fc5 ed862ed1df530205 fc9070c7ebab1355 8986331a9ea3a1b8 fdf6a3bd8900a27a f4abb5cff70c61eb 15b003a4fa871484 387b6fffe31e8ea f53e4ad593a6a761 e2dbbe6f8336cce f66555b88aee4e79 1e94f5db11b572e5 89e8dfb3eba3a08e f691ef072cc2b1c1 3e7824a6004e356c ebf1d5fa9526e4e2 c1e996a3c8610459 c8af39c5e283c501 f7aaa9e48061bb49 c8c2bfa3b4a10fbf 1724d4c1b9944087 39f5fbd19171f968 c61309280ecf7ea5 c863bf2c02b8bb74 942ab4dcdd37dde9 ec075c8e8259bafd 85127671da3dbe04 b7759bedb46b1bba 36c4d6b8193d2b4e f37ae952a37cf87b d7e81436bbd74d29 d51478772af08540 ce6d7dbb0eaceaee ca843817c88f61ca f37fe70aa65591f1 b5027cdf1f98b08f e8281259c1ed64c5 e842f6b7ff86b4f7 1f1f6586dba7f963 9d955e289d457396 9ccc288d074777df e2ef714285d854df 231dc876bbeb8e13 c33305f28084cf6a 65d244abfe9f103 fbd57f17a6227734 26a7469f297aecc0 e964ddc3bf088509 e52afc3e2d046ae9 d67f57a9e53a5cda 2442e1e40bd242dd 38d6adc6bfe4356c 251e9247096dde22 154020ff0f56056f cf3a3adbc961742b d2cf524dce16cec5 dd6cd434f458cd22 bdba414de80f734c 36264211aca70f0f 20ffdc329089939a f89906e613931645 c03a2554deba1d7f ef43b11aaebf48f7 c2525f3ce13a0186 3ff41f06e7dcb800 169c00f8028c8491 e3c686172f37d020 97148820d8ee6034 db7ae4c5a3baa51d d2f2753dadb08918 69ee94d3f416add e2fc0ffaea06fd5e 97b78676e219ce12 a15b38ef35ee8538 1ff582969e566fc3 703dd6045748ea 3a45ce22b7ad090c d60378d0a1cb76c5 a622bfafda3b50b8 91e859c4d673b6a6 f83f2d6be0688dd1 baa3de89e7ebd294 be5f893a1e61ed1b feca7aeccc8c384e b4780ae2369eb6a6 d500a3c1396e5976 5fa91c4f2d7941d 29764ac3d3cb1ead 8d397823ba729ca6 ad4a30c3fe76ee84 d2420d31933409e7 cda6a68ed6c07b86 d5376a0adf7b8555 f2af8f3cfaf0d751 d1b152d82779773c 6f4fc91c05635ca 3b470d1ca6e8bce2 ce62341ef9a48bcd 39fac1980cf85ff4 b3e11cd6d55730af cefbbc7df541ceb4 23a2ea8024350f5 d79a81a408f67e15 fe384cc9b61b4b7e b85e9c73a6963e21 af8cbc3600727b71 b68dc6ef0ff91e18 b68f5c39adc508ff ] wstrb=[63 70 70 7b 60 6f b4 c3 e0 24 3e 40 94 f2 3 74 17 41 b4 ab 33 b7 1f 4a f8 d3 f5 2b 8a 14 76 82 e7 6b ad 71 80 23 f3 67 8f a1 d9 f c4 cc 76 53 6d 4f 62 32 1c d9 85 89 28 e8 bb 44 c1 41 ce e9 29 89 2e ea ca fc d3 f3 85 1 dd 50 fd b1 43 83 b2 21 d3 b0 d2 16 33 84 37 6 34 9 1c 67 8e 54 6d c2 5d 8a 2a eb de 97 ae 3b 21 d8 27 ff 6f d5 3b 91 ad 62 90 1c 37 cb ad e4 2d 3e 0 64 9 ae 48 37 ec 49 ] bresp=0 bid=100
[1405000] [SCOREBOARD-S] mst_id=1 s_id=1 awaddr=12695940 awid=100 awlen=131 awsize=0 awburst=1 wdata=[c1c17dddcaa9acaa cc5d612d8adf85ff ef1f067cc2783e43 8d21eaed194a91d8 a42a17d7b0e08459 f358c29cd97f4c1b f2c9ddf313491e54 c429a2ad007aad8a d9f9f9a596f3f5ca aa3d141e3782654a 37fd12d4ccc3d798 e3b7cd62ee66b6cc 25e91c1611f70c79 debae4110df4e181 fc5b984ddde62eea efdd3b63c272b173 d06792f42244b463 2ae34dce981f74 910ad0e7ccc32b41 ef07dfa4f0081eb0 3ea03e24e17263dc ae358f1def32c2f1 df3ae1a1cfab0f0b b11d72e71d3d6ec2 8c7031b39ddb1fc5 ed862ed1df530205 fc9070c7ebab1355 8986331a9ea3a1b8 fdf6a3bd8900a27a f4abb5cff70c61eb 15b003a4fa871484 387b6fffe31e8ea f53e4ad593a6a761 e2dbbe6f8336cce f66555b88aee4e79 1e94f5db11b572e5 89e8dfb3eba3a08e f691ef072cc2b1c1 3e7824a6004e356c ebf1d5fa9526e4e2 c1e996a3c8610459 c8af39c5e283c501 f7aaa9e48061bb49 c8c2bfa3b4a10fbf 1724d4c1b9944087 39f5fbd19171f968 c61309280ecf7ea5 c863bf2c02b8bb74 942ab4dcdd37dde9 ec075c8e8259bafd 85127671da3dbe04 b7759bedb46b1bba 36c4d6b8193d2b4e f37ae952a37cf87b d7e81436bbd74d29 d51478772af08540 ce6d7dbb0eaceaee ca843817c88f61ca f37fe70aa65591f1 b5027cdf1f98b08f e8281259c1ed64c5 e842f6b7ff86b4f7 1f1f6586dba7f963 9d955e289d457396 9ccc288d074777df e2ef714285d854df 231dc876bbeb8e13 c33305f28084cf6a 65d244abfe9f103 fbd57f17a6227734 26a7469f297aecc0 e964ddc3bf088509 e52afc3e2d046ae9 d67f57a9e53a5cda 2442e1e40bd242dd 38d6adc6bfe4356c 251e9247096dde22 154020ff0f56056f cf3a3adbc961742b d2cf524dce16cec5 dd6cd434f458cd22 bdba414de80f734c 36264211aca70f0f 20ffdc329089939a f89906e613931645 c03a2554deba1d7f ef43b11aaebf48f7 c2525f3ce13a0186 3ff41f06e7dcb800 169c00f8028c8491 e3c686172f37d020 97148820d8ee6034 db7ae4c5a3baa51d d2f2753dadb08918 69ee94d3f416add e2fc0ffaea06fd5e 97b78676e219ce12 a15b38ef35ee8538 1ff582969e566fc3 703dd6045748ea 3a45ce22b7ad090c d60378d0a1cb76c5 a622bfafda3b50b8 91e859c4d673b6a6 f83f2d6be0688dd1 baa3de89e7ebd294 be5f893a1e61ed1b feca7aeccc8c384e b4780ae2369eb6a6 d500a3c1396e5976 5fa91c4f2d7941d 29764ac3d3cb1ead 8d397823ba729ca6 ad4a30c3fe76ee84 d2420d31933409e7 cda6a68ed6c07b86 d5376a0adf7b8555 f2af8f3cfaf0d751 d1b152d82779773c 6f4fc91c05635ca 3b470d1ca6e8bce2 ce62341ef9a48bcd 39fac1980cf85ff4 b3e11cd6d55730af cefbbc7df541ceb4 23a2ea8024350f5 d79a81a408f67e15 fe384cc9b61b4b7e b85e9c73a6963e21 af8cbc3600727b71 b68dc6ef0ff91e18 b68f5c39adc508ff ] wstrb=[63 70 70 7b 60 6f b4 c3 e0 24 3e 40 94 f2 3 74 17 41 b4 ab 33 b7 1f 4a f8 d3 f5 2b 8a 14 76 82 e7 6b ad 71 80 23 f3 67 8f a1 d9 f c4 cc 76 53 6d 4f 62 32 1c d9 85 89 28 e8 bb 44 c1 41 ce e9 29 89 2e ea ca fc d3 f3 85 1 dd 50 fd b1 43 83 b2 21 d3 b0 d2 16 33 84 37 6 34 9 1c 67 8e 54 6d c2 5d 8a 2a eb de 97 ae 3b 21 d8 27 ff 6f d5 3b 91 ad 62 90 1c 37 cb ad e4 2d 3e 0 64 9 ae 48 37 ec 49 ] bresp=0 bid=10100
[1405000] SCOREBOARD: Transaction 3 received. pass=328 fail=0
[1405000] ALL PASS. Total transactions: 3
[1415000] SLAVE 0 R_VALID_RDY Handshake beat=1 rlast=1
[1415000] [SLAVE MONITOR] READ mst_id=1 s_id=0 araddr=c729158 arid=1 arlen=1 arsize=3 arburst=1 rid=[1111] rresp=[00] rdata=[baadf00d12345678baadf00d12345678]
[1425000] MASTER 1 R_VALID_RDY Handshake beat=0 rlast=0
[1425000] ARB MONITOR: slave=0 m0_req=0 m1_req=1 winner=1
[1425000] AXI S0_ARVALID_RDY HANDSHAKE
[1425000] MEMORY READ MISS beat=0 addr=2123c60 -> default data id=18
[1435000] MEMORY READ MISS beat=1 addr=2123c68 -> default data id=18
[1435000] SLAVE 0 R_VALID_RDY Handshake beat=0 rlast=0
[1435000] MASTER 1 R_VALID_RDY Handshake beat=1 rlast=1
[1435000] [MASTER MONITOR] READ mst_id=1 s_id=0 araddr=c729158 arid=1 arlen=1 arsize=3 arburst=1 rid=[11] rresp=[00] rdata=[baadf00d12345678baadf00d12345678]
[1435000] [MASTER DRIVER] READ mst_id=1 s_id=0 araddr=c729158 arid=1 arlen=1 arsize=3 arburst=1 rid=[11] rresp=[00] rdata=[baadf00d12345678baadf00d12345678]
[1435000] SCOREBOARD MATCH: decode_err expected = 0, actual =0
[1435000] SCOREBOARD MATCH: slave_id expected = 0, actual =0
[1435000] SCOREBOARD MATCH: araddr passthrough expected = c729158, actual =c729158
[1435000] SCOREBOARD MATCH: arlen passthrough expected = 1, actual =1
[1435000] SCOREBOARD MATCH: arsize passthrough expected = 3, actual =3
[1435000] SCOREBOARD MATCH: arburst passthrough expected = 1, actual =1
[1435000] SCOREBOARD MATCH: rdata size check expected = 2, actual =2
[1435000] SCOREBOARD MATCH: rdata passthrough beat=0 expected = baadf00d12345678, actual =baadf00d12345678
[1435000] SCOREBOARD MATCH: rdata passthrough beat=1 expected = baadf00d12345678, actual =baadf00d12345678
[1435000] SCOREBOARD MATCH: rresp size check expected = 2, actual =2
[1435000] SCOREBOARD MATCH: rresp passthrough beat=0 expected = 0, actual =0
[1435000] SCOREBOARD MATCH: rresp passthrough beat=1 expected = 0, actual =0
[1435000] SCOREBOARD MATCH: response routed to correct master (read beat 0) expected = 1, actual =1
[1435000] SCOREBOARD MATCH: response routed to correct master (read beat 1) expected = 1, actual =1
[1435000] [SCOREBOARD-M] READ mst_id=1 s_id=0 araddr=c729158 arid=1 arlen=1 arsize=3 arburst=1 rid=[11] rresp=[00] rdata=[baadf00d12345678baadf00d12345678]
[1435000] [SCOREBOARD-S] READ mst_id=1 s_id=0 araddr=c729158 arid=1 arlen=1 arsize=3 arburst=1 rid=[1111] rresp=[00] rdata=[baadf00d12345678baadf00d12345678]
[1435000] SCOREBOARD: Transaction 4 received. pass=342 fail=0
[1435000] ALL PASS. Total transactions: 4
[1445000] SLAVE 0 R_VALID_RDY Handshake beat=1 rlast=1
[1445000] [SLAVE MONITOR] READ mst_id=1 s_id=0 araddr=2123c60 arid=2 arlen=1 arsize=3 arburst=1 rid=[1212] rresp=[00] rdata=[baadf00d12345678baadf00d12345678]
[1455000] MASTER 1 R_VALID_RDY Handshake beat=0 rlast=0
[1465000] [MASTER DRIVER] READ mst_id=1 s_id=0 araddr=2123c60 arid=2 arlen=1 arsize=3 arburst=1 rid=[22] rresp=[00] rdata=[baadf00d12345678baadf00d12345678]
[1465000] MASTER 1 R_VALID_RDY Handshake beat=1 rlast=1
[1465000] [MASTER MONITOR] READ mst_id=1 s_id=0 araddr=2123c60 arid=2 arlen=1 arsize=3 arburst=1 rid=[22] rresp=[00] rdata=[baadf00d12345678baadf00d12345678]
[1465000] SCOREBOARD MATCH: decode_err expected = 0, actual =0
[1465000] SCOREBOARD MATCH: slave_id expected = 0, actual =0
[1465000] SCOREBOARD MATCH: araddr passthrough expected = 2123c60, actual =2123c60
[1465000] SCOREBOARD MATCH: arlen passthrough expected = 1, actual =1
[1465000] SCOREBOARD MATCH: arsize passthrough expected = 3, actual =3
[1465000] SCOREBOARD MATCH: arburst passthrough expected = 1, actual =1
[1465000] SCOREBOARD MATCH: rdata size check expected = 2, actual =2
[1465000] SCOREBOARD MATCH: rdata passthrough beat=0 expected = baadf00d12345678, actual =baadf00d12345678
[1465000] SCOREBOARD MATCH: rdata passthrough beat=1 expected = baadf00d12345678, actual =baadf00d12345678
[1465000] SCOREBOARD MATCH: rresp size check expected = 2, actual =2
[1465000] SCOREBOARD MATCH: rresp passthrough beat=0 expected = 0, actual =0
[1465000] SCOREBOARD MATCH: rresp passthrough beat=1 expected = 0, actual =0
[1465000] SCOREBOARD MATCH: response routed to correct master (read beat 0) expected = 1, actual =1
[1465000] SCOREBOARD MATCH: response routed to correct master (read beat 1) expected = 1, actual =1
[1465000] [SCOREBOARD-M] READ mst_id=1 s_id=0 araddr=2123c60 arid=2 arlen=1 arsize=3 arburst=1 rid=[22] rresp=[00] rdata=[baadf00d12345678baadf00d12345678]
[1465000] [SCOREBOARD-S] READ mst_id=1 s_id=0 araddr=2123c60 arid=2 arlen=1 arsize=3 arburst=1 rid=[1212] rresp=[00] rdata=[baadf00d12345678baadf00d12345678]
[1465000] SCOREBOARD: Transaction 5 received. pass=356 fail=0
[1465000] SCOREBOARD: Expected 5 transactions completed, PASS=356 FAIL=0
[1465000] ALL PASS. Total transactions: 5
[1465000] ALL TRANSACTIONS MONITORED
$finish called at time : 1485 ns : File "/home/nashita/Desktop/practice/axi_xbar/tb/top/axi_tb_top.sv" Line 220
exit
INFO: xsimkernel Simulation Memory Usage: 289464 KB (Peak: 337864 KB), Simulation CPU Usage: 1200 ms
INFO: [Common 17-206] Exiting xsim at Fri Sep 11 12:05:04 2026...
