#-----------------------------------------------------------
# xsim v2025.2 (64-bit)
# SW Build 6299465 on Fri Nov 14 12:34:56 MST 2025
# IP Build 6300035 on Fri Nov 14 10:48:45 MST 2025
# SharedData Build 6298862 on Thu Nov 13 04:50:51 MST 2025
# Start of session at: Thu Sep 10 18:32:53 2026
# Process ID         : 3640109
# Current directory  : /home/nashita/Desktop/practice/axi_xbar/sim
# Command line       : xsim -log regress_results/BT_run290.log -mode tcl -source {xsim.dir/tb_top_snap/xsim_script.tcl}
# Log file           : /home/nashita/Desktop/practice/axi_xbar/sim/regress_results/BT_run290.log
# Journal file       : /home/nashita/Desktop/practice/axi_xbar/sim/xsim.jou
# Running On         : vlsi-vivado
# Platform           : Ubuntu
# Operating System   : Ubuntu 24.04.4 LTS
# Processor Detail   : Intel(R) Core(TM) i5-10400 CPU @ 2.90GHz
# CPU Frequency      : 3999.997 MHz
# CPU Physical cores : 6
# CPU Logical cores  : 12
# Host memory        : 41875 MB
# Swap memory        : 27648 MB
# Total Virtual      : 69524 MB
# Available Virtual  : 62705 MB
#-----------------------------------------------------------
source xsim.dir/tb_top_snap/xsim_script.tcl
# xsim {tb_top_snap} -testplusarg BT -autoloadwcfg -runall -sv_seed 291
Time resolution is 1 ps
run -all
[0] RUNNING BASE TEST
[0] INSIDE THE BASE TEST CONSTRUCTOR
[0] ENV: before agent
[0] SLAVE CONSTRUCTED
[0] MASTER MONITOR CONSTRUCTED
[0] MASTER MONITOR CONSTRUCTED
[0] SLAVE MONITOR CONSTRUCTED
[0] SLAVE MONITOR CONSTRUCTED
[0] ARB MONITOR CONSTRUCTED
GENERATOR CONSTRUCTED
[0] ENV: after agent
[0] ENV: before scoreboard
[0] ENV: after scoreboard
[15000] [SEQUENCER] READ mst_id=0 s_id=0 araddr=1ad0a918 arid=0 arlen=1 arsize=3 arburst=1 rid=[] rresp=[] rdata=[]
[15000] [SEQUENCER] mst_id=0 s_id=0 awaddr=c507aa0 awid=1101 awlen=88 awsize=0 awburst=1 wdata=[f6e35bcecb7fb64d 25a0390cd100ca1a 1d514491c344eba0 8ec4a1ed9b0b6b0e ec0c35299434a05f d7798c00b464daf9 cf704608095d79ba 9d921a19e63e2ded 1aa308e73b7c7b31 c4d9f4ebf50ba619 db49d407ea134eef 258fca20e26c0f04 d777b51ef5ecdcee e0002bddea69bf0b ccd5ce0f32c18925 28ae6613058ff5fd eff9b508a44d832d d70f0c5208ae91f0 e3e87edbccf8317 e11d0645ffbd7265 886c0455fe383cf5 bb07c00cb82c1297 37e984fd96aa8c42 94e2c9379c24c651 d450d8e9c0558952 d7001595cfea8944 ec0f4f950c3a5de6 cc8fe738ebe2decc bbcd6810c060287e cc9a8664a38ffccd f72db9a27dcb7a6 e83ce024192a6d9d bcba6a6acb4043aa f31cfb5034d76689 ce01d426cc2d4604 176d89afdb59db75 103141fe8abc3e90 d6e984958a8a84ff e5e46074de331624 e8ef54b4ee570e44 f8e19343f615a272 d448b896bfd8d949 ae2fe78ddec5f3b8 d4db962a3d380d4b fd10e69427117ad1 5d76e8929244ec1 e65c5c0c2b40ce22 d25248f3dab304b3 83d75374e36d42a0 8eae10c2d829b77c b2dcbc2fea33af80 cda0f221e10059b5 b92a113136b40fa4 a0e7bf24dc4f02e3 3d4f5c99ec06cd61 22badd05ee88b145 cad7b429f6796dca e2803b2bc3a29c29 322b4d6f082710c2 fea07e8c853b1830 c8ddb45afd030198 52a125ae120b9b8 e65bd1e8fb0901c9 f80c036183ca90e6 e4eb4a9eaf398642 aa42880bfd3615bb 8100a6a1cb471c87 fa80a2c9a24e8b6c 9f84a127e5ebf140 31330dc724c32ad5 c711b641208547c9 6713909abb3b090 d076db65e6965769 71b9f3237a446d0 e357f760178891a7 fe1ee9100d8cd83b c5311f0b33ced2c6 cb57646d053a8842 12c7607da889166b dc57e931c9764d7d ceb0d5bfd7f87f88 808195f3a7af4d9e f1259b1be178363c 3970b5c4dcd97f25 8488ccc3bfd670da a14ea716b9f24bb7 96cbcadcf5ae67df b584d8b9dabf5cda 14b1a8921b5497a0 ] wstrb=[d0 7f 6e aa 38 e 3c 8 8d ab b3 c6 b9 ef ce 47 9a 81 d 54 71 db 9b b 5d a8 5f ce 83 fa d9 e0 a2 39 ae 26 33 88 6 d6 c1 b5 fc f4 3d 2 ca fe b7 c6 f2 f4 c9 bd f2 80 83 e5 75 4c a2 67 cd 25 4c 42 72 ee a9 3f 14 f6 81 86 e4 2a c5 f8 20 46 7e 5 70 43 fd 91 89 7c 96 ] bresp=0 bid=0
[15000] [SEQUENCER] READ mst_id=1 s_id=0 araddr=1c3c8140 arid=0 arlen=1 arsize=3 arburst=1 rid=[] rresp=[] rdata=[]
[15000] [SEQUENCER] READ mst_id=1 s_id=0 araddr=b8f0018 arid=1 arlen=1 arsize=3 arburst=1 rid=[] rresp=[] rdata=[]
[15000] [SEQUENCER] mst_id=1 s_id=0 awaddr=e80da78 awid=1001 awlen=84 awsize=4 awburst=1 wdata=[e75aab88ad587a21 d1ef4d75333eda59 d1c245cfcbda31ac f932abcdd0563c19 3951672391cf158 4f72304cb21f943 1b78355cd5575c41 8e744d99fe29ced1 c94bc8141f0d4bce f464a80f936b709d 11953f6fe4c3fd70 83d1493e02d8f5a9 96446646dae10783 3fa504f4f835f14e fb0ee6f7a7d9a5b5 2baad39c3764e32 bbac3f8091534d3d 392cf2f3c25fb22d 85d6005fb6bb2677 c80e73b53be7a02c fe475259c1823fe0 f83d6657013b66a8 3d2306d4841d52b8 c59f9298c04bda0c c18740b43b6a592d bf87abe53ddcf8f0 fe28d2fcfeaa4788 ba14a0b505273e7e c304376e3fb013b1 be5a5b39f99c4c9b fec38b19c12d0a6a 80dd1e1bf86efbef f20b488ac1c7c287 82f4ccf13f377955 37a67544f0ced3a3 3296962a03d1eb0d c309646229b1bdce 1a809171b58b631b b95d4e28faafd9a6 24619774cd17279b 82a28ab6fc66b28a f7168c303ee228e5 bf950803bffd8df b8668b699b7823a4 da5a4c898e9bdb36 ca9bb4152f7d179a caf53b3ee6539d09 f4ef784003023f7f 327f5719254f87c8 8ba324d1bf8b2c55 c28d6bd4fd749257 a2c41a1f80929d11 c01dc967f50cc2ed f28155452e673ef1 aef9dc0282ab353b f7b7f82995456f64 c3acae55ef17a569 f1c2daa5ea394d6e ff7ebcd2f2a68a58 e1be2fc1e97ad2ce d3b4203cc32b6b28 35d1f580d3810a66 bcfbdd34d332dd0e 965e483697902541 eb112fa890affd70 e3e2da7fcc303db6 e3c062f8a80d0cdc 38bd0a4dfa4122b5 c671606cced192a0 f6de9f7c1c9fe4cc 96e107812a31c364 f9035604af9ba9c9 cc3b8e95dd5267ed 87842b51efe1f580 1f7d9f4ae31c9617 c06efe0480878155 f06976d6ebb92ddf ced5c3f6c7f32956 c87aaaab0fe71620 fba043ff0f44c1fb d737eb51b8e42181 c8cb37a1ca7607f6 d9bac9f19fb295fc d896b77ec46b7ba1 ee1839730f2b542 ] wstrb=[1f 3e 88 c0 bc ca 57 dc 8 df 9c c5 a9 f4 a1 b2 d3 3d 77 7d 31 18 2f 5 55 a6 82 87 be b1 8c 13 57 e 9a 15 bf 26 28 16 34 c3 2b f3 e9 53 9 1e 16 34 11 0 88 1b 1e 9e 4f 2f 9e d7 4a bc 76 9a ec 14 71 36 d1 e7 d0 bd fc 42 f3 cd 29 c4 8a 25 6 7d f2 2f 41 ] bresp=0 bid=0
[15000] MASTER_DRIVER0 received transaction, op=AXI_READ
[15000] MASTER_DRIVER1 received transaction, op=AXI_READ
[35000] MASTER_DRIVER0 received transaction, op=AXI_WRITE
[35000] MASTER_DRIVER1 received transaction, op=AXI_READ
[45000] ARB MONITOR: slave=1 m0_req=1 m1_req=1 winner=0
[45000] AXI S0_ARVALID_RDY HANDSHAKE
[45000] MEMORY READ MISS beat=0 addr=1ad0a918 -> default data id=0
[45000] SCOREBOARD MATCH: arbitration winner (slave 1) expected = 0, actual =0
[55000] MEMORY READ MISS beat=1 addr=1ad0a920 -> default data id=0
[55000] SLAVE 1 R_VALID_RDY Handshake beat=0 rlast=0
[55000] MASTER 0 AW_VALID_RDY Handshake
[55000] MASTER_DRIVER1 received transaction, op=AXI_WRITE
[65000] ARB MONITOR: slave=0 m0_req=1 m1_req=0 winner=0
[65000] SLAVE 1 R_VALID_RDY Handshake beat=1 rlast=1
[65000] [SLAVE MONITOR] READ mst_id=0 s_id=1 araddr=1ad0a918 arid=0 arlen=1 arsize=3 arburst=1 rid=[00] rresp=[00] rdata=[baadf00d12345678baadf00d12345678]
[65000] AXI S0_AWVALID_RDY HANDSHAKE
[75000] AXI S0_ARVALID_RDY HANDSHAKE
[75000] MEMORY READ MISS beat=0 addr=1c3c8140 -> default data id=16
[75000] ARB MONITOR: slave=1 m0_req=0 m1_req=0 winner=1
[75000] MASTER 1 AW_VALID_RDY Handshake
[75000] MASTER 0 R_VALID_RDY Handshake beat=0 rlast=0
[75000] MASTER 0 W_VALID_RDY Handshake beat=0 wlast=0
[85000] [MASTER DRIVER] READ mst_id=0 s_id=0 araddr=1ad0a918 arid=0 arlen=1 arsize=3 arburst=1 rid=[00] rresp=[00] rdata=[baadf00d12345678baadf00d12345678]
[85000] MASTER 0 W_VALID_RDY Handshake beat=1 wlast=0
[85000] MASTER 0 R_VALID_RDY Handshake beat=1 rlast=1
[85000] [MASTER MONITOR] READ mst_id=0 s_id=1 araddr=1ad0a918 arid=0 arlen=1 arsize=3 arburst=1 rid=[00] rresp=[00] rdata=[baadf00d12345678baadf00d12345678]
[85000] ARB MONITOR: slave=0 m0_req=0 m1_req=0 winner=1
[85000] SLAVE 1 R_VALID_RDY Handshake beat=0 rlast=0
[85000] MEMORY READ MISS beat=1 addr=1c3c8148 -> default data id=16
[85000] AXI S0_ARVALID_RDY HANDSHAKE
[85000] MEMORY READ MISS beat=0 addr=b8f0018 -> default data id=17
[85000] AXI S0_WVALID_RDY HANDSHAKE
[85000] S0 MEMORY WRITE beat=0 addr=0c507aa0 data=f6e35bcecb7fb64d id=0d
[85000] SCOREBOARD MATCH: decode_err expected = 0, actual =0
[85000] SCOREBOARD MATCH: slave_id expected = 1, actual =1
[85000] SCOREBOARD MATCH: araddr passthrough expected = 1ad0a918, actual =1ad0a918
[85000] SCOREBOARD MATCH: arlen passthrough expected = 1, actual =1
[85000] SCOREBOARD MATCH: arsize passthrough expected = 3, actual =3
[85000] SCOREBOARD MATCH: arburst passthrough expected = 1, actual =1
[85000] SCOREBOARD MATCH: rdata size check expected = 2, actual =2
[85000] SCOREBOARD MATCH: rdata passthrough beat=0 expected = baadf00d12345678, actual =baadf00d12345678
[85000] SCOREBOARD MATCH: rdata passthrough beat=1 expected = baadf00d12345678, actual =baadf00d12345678
[85000] SCOREBOARD MATCH: rresp size check expected = 2, actual =2
[85000] SCOREBOARD MATCH: rresp passthrough beat=0 expected = 0, actual =0
[85000] SCOREBOARD MATCH: rresp passthrough beat=1 expected = 0, actual =0
[85000] SCOREBOARD MATCH: response routed to correct master (read beat 0) expected = 0, actual =0
[85000] SCOREBOARD MATCH: response routed to correct master (read beat 1) expected = 0, actual =0
[85000] [SCOREBOARD-M] READ mst_id=0 s_id=1 araddr=1ad0a918 arid=0 arlen=1 arsize=3 arburst=1 rid=[00] rresp=[00] rdata=[baadf00d12345678baadf00d12345678]
[85000] [SCOREBOARD-S] READ mst_id=0 s_id=1 araddr=1ad0a918 arid=0 arlen=1 arsize=3 arburst=1 rid=[00] rresp=[00] rdata=[baadf00d12345678baadf00d12345678]
[85000] SCOREBOARD: Transaction 1 received. pass=15 fail=0
[85000] ALL PASS. Total transactions: 1
[95000] AXI S0_WVALID_RDY HANDSHAKE
[95000] S0 MEMORY WRITE beat=1 addr=0c507aa1 data=25a0390cd100ca1a id=0d
[95000] MEMORY READ MISS beat=1 addr=b8f0020 -> default data id=17
[95000] SLAVE 0 R_VALID_RDY Handshake beat=0 rlast=0
[95000] SLAVE 1 R_VALID_RDY Handshake beat=1 rlast=1
[95000] [SLAVE MONITOR] READ mst_id=1 s_id=1 araddr=1c3c8140 arid=0 arlen=1 arsize=3 arburst=1 rid=[1010] rresp=[00] rdata=[baadf00d12345678baadf00d12345678]
[95000] MASTER 1 W_VALID_RDY Handshake beat=0 wlast=0
[95000] MASTER 0 W_VALID_RDY Handshake beat=2 wlast=0
[105000] MASTER 0 W_VALID_RDY Handshake beat=3 wlast=0
[105000] MASTER 1 W_VALID_RDY Handshake beat=1 wlast=0
[105000] MASTER 1 R_VALID_RDY Handshake beat=0 rlast=0
[105000] SLAVE 0 R_VALID_RDY Handshake beat=1 rlast=1
[105000] [SLAVE MONITOR] READ mst_id=1 s_id=0 araddr=b8f0018 arid=1 arlen=1 arsize=3 arburst=1 rid=[1111] rresp=[00] rdata=[baadf00d12345678baadf00d12345678]
[105000] AXI S0_WVALID_RDY HANDSHAKE
[105000] S0 MEMORY WRITE beat=2 addr=0c507aa2 data=1d514491c344eba0 id=0d
[115000] AXI S0_WVALID_RDY HANDSHAKE
[115000] S0 MEMORY WRITE beat=3 addr=0c507aa3 data=8ec4a1ed9b0b6b0e id=0d
[115000] MASTER 1 R_VALID_RDY Handshake beat=1 rlast=1
[115000] [MASTER MONITOR] READ mst_id=1 s_id=1 araddr=1c3c8140 arid=0 arlen=1 arsize=3 arburst=1 rid=[00] rresp=[00] rdata=[baadf00d12345678baadf00d12345678]
[115000] MASTER 1 W_VALID_RDY Handshake beat=2 wlast=0
[115000] MASTER 0 W_VALID_RDY Handshake beat=4 wlast=0
[115000] [MASTER DRIVER] READ mst_id=1 s_id=0 araddr=1c3c8140 arid=0 arlen=1 arsize=3 arburst=1 rid=[00] rresp=[00] rdata=[baadf00d12345678baadf00d12345678]
[115000] SCOREBOARD MATCH: decode_err expected = 0, actual =0
[115000] SCOREBOARD MATCH: slave_id expected = 1, actual =1
[115000] SCOREBOARD MATCH: araddr passthrough expected = 1c3c8140, actual =1c3c8140
[115000] SCOREBOARD MATCH: arlen passthrough expected = 1, actual =1
[115000] SCOREBOARD MATCH: arsize passthrough expected = 3, actual =3
[115000] SCOREBOARD MATCH: arburst passthrough expected = 1, actual =1
[115000] SCOREBOARD MATCH: rdata size check expected = 2, actual =2
[115000] SCOREBOARD MATCH: rdata passthrough beat=0 expected = baadf00d12345678, actual =baadf00d12345678
[115000] SCOREBOARD MATCH: rdata passthrough beat=1 expected = baadf00d12345678, actual =baadf00d12345678
[115000] SCOREBOARD MATCH: rresp size check expected = 2, actual =2
[115000] SCOREBOARD MATCH: rresp passthrough beat=0 expected = 0, actual =0
[115000] SCOREBOARD MATCH: rresp passthrough beat=1 expected = 0, actual =0
[115000] SCOREBOARD MATCH: response routed to correct master (read beat 0) expected = 1, actual =1
[115000] SCOREBOARD MATCH: response routed to correct master (read beat 1) expected = 1, actual =1
[115000] [SCOREBOARD-M] READ mst_id=1 s_id=1 araddr=1c3c8140 arid=0 arlen=1 arsize=3 arburst=1 rid=[00] rresp=[00] rdata=[baadf00d12345678baadf00d12345678]
[115000] [SCOREBOARD-S] READ mst_id=1 s_id=1 araddr=1c3c8140 arid=0 arlen=1 arsize=3 arburst=1 rid=[1010] rresp=[00] rdata=[baadf00d12345678baadf00d12345678]
[115000] SCOREBOARD: Transaction 2 received. pass=29 fail=0
[115000] ALL PASS. Total transactions: 2
[125000] MASTER 0 W_VALID_RDY Handshake beat=5 wlast=0
[125000] MASTER 1 W_VALID_RDY Handshake beat=3 wlast=0
[125000] AXI S0_WVALID_RDY HANDSHAKE
[125000] S0 MEMORY WRITE beat=4 addr=0c507aa4 data=ec0c35299434a05f id=0d
[135000] AXI S0_WVALID_RDY HANDSHAKE
[135000] S0 MEMORY WRITE beat=5 addr=0c507aa5 data=d7798c00b464daf9 id=0d
[135000] MASTER 1 R_VALID_RDY Handshake beat=0 rlast=0
[135000] MASTER 1 W_VALID_RDY Handshake beat=4 wlast=0
[135000] MASTER 0 W_VALID_RDY Handshake beat=6 wlast=0
[145000] [MASTER DRIVER] READ mst_id=1 s_id=0 araddr=b8f0018 arid=1 arlen=1 arsize=3 arburst=1 rid=[11] rresp=[00] rdata=[baadf00d12345678baadf00d12345678]
[145000] MASTER 0 W_VALID_RDY Handshake beat=7 wlast=0
[145000] MASTER 1 W_VALID_RDY Handshake beat=5 wlast=0
[145000] MASTER 1 R_VALID_RDY Handshake beat=1 rlast=1
[145000] [MASTER MONITOR] READ mst_id=1 s_id=0 araddr=b8f0018 arid=1 arlen=1 arsize=3 arburst=1 rid=[11] rresp=[00] rdata=[baadf00d12345678baadf00d12345678]
[145000] AXI S0_WVALID_RDY HANDSHAKE
[145000] S0 MEMORY WRITE beat=6 addr=0c507aa6 data=cf704608095d79ba id=0d
[145000] SCOREBOARD MATCH: decode_err expected = 0, actual =0
[145000] SCOREBOARD MATCH: slave_id expected = 0, actual =0
[145000] SCOREBOARD MATCH: araddr passthrough expected = b8f0018, actual =b8f0018
[145000] SCOREBOARD MATCH: arlen passthrough expected = 1, actual =1
[145000] SCOREBOARD MATCH: arsize passthrough expected = 3, actual =3
[145000] SCOREBOARD MATCH: arburst passthrough expected = 1, actual =1
[145000] SCOREBOARD MATCH: rdata size check expected = 2, actual =2
[145000] SCOREBOARD MATCH: rdata passthrough beat=0 expected = baadf00d12345678, actual =baadf00d12345678
[145000] SCOREBOARD MATCH: rdata passthrough beat=1 expected = baadf00d12345678, actual =baadf00d12345678
[145000] SCOREBOARD MATCH: rresp size check expected = 2, actual =2
[145000] SCOREBOARD MATCH: rresp passthrough beat=0 expected = 0, actual =0
[145000] SCOREBOARD MATCH: rresp passthrough beat=1 expected = 0, actual =0
[145000] SCOREBOARD MATCH: response routed to correct master (read beat 0) expected = 1, actual =1
[145000] SCOREBOARD MATCH: response routed to correct master (read beat 1) expected = 1, actual =1
[145000] [SCOREBOARD-M] READ mst_id=1 s_id=0 araddr=b8f0018 arid=1 arlen=1 arsize=3 arburst=1 rid=[11] rresp=[00] rdata=[baadf00d12345678baadf00d12345678]
[145000] [SCOREBOARD-S] READ mst_id=1 s_id=0 araddr=b8f0018 arid=1 arlen=1 arsize=3 arburst=1 rid=[1111] rresp=[00] rdata=[baadf00d12345678baadf00d12345678]
[145000] SCOREBOARD: Transaction 3 received. pass=43 fail=0
[145000] ALL PASS. Total transactions: 3
[155000] AXI S0_WVALID_RDY HANDSHAKE
[155000] S0 MEMORY WRITE beat=7 addr=0c507aa7 data=9d921a19e63e2ded id=0d
[155000] MASTER 1 W_VALID_RDY Handshake beat=6 wlast=0
[155000] MASTER 0 W_VALID_RDY Handshake beat=8 wlast=0
[165000] MASTER 0 W_VALID_RDY Handshake beat=9 wlast=0
[165000] MASTER 1 W_VALID_RDY Handshake beat=7 wlast=0
[165000] AXI S0_WVALID_RDY HANDSHAKE
[165000] S0 MEMORY WRITE beat=8 addr=0c507aa8 data=1aa308e73b7c7b31 id=0d
[175000] AXI S0_WVALID_RDY HANDSHAKE
[175000] S0 MEMORY WRITE beat=9 addr=0c507aa9 data=c4d9f4ebf50ba619 id=0d
[175000] MASTER 0 W_VALID_RDY Handshake beat=10 wlast=0
[185000] MASTER 0 W_VALID_RDY Handshake beat=11 wlast=0
[185000] AXI S0_WVALID_RDY HANDSHAKE
[185000] S0 MEMORY WRITE beat=10 addr=0c507aaa data=db49d407ea134eef id=0d
[195000] AXI S0_WVALID_RDY HANDSHAKE
[195000] S0 MEMORY WRITE beat=11 addr=0c507aab data=258fca20e26c0f04 id=0d
[195000] MASTER 0 W_VALID_RDY Handshake beat=12 wlast=0
[205000] MASTER 0 W_VALID_RDY Handshake beat=13 wlast=0
[205000] AXI S0_WVALID_RDY HANDSHAKE
[205000] S0 MEMORY WRITE beat=12 addr=0c507aac data=d777b51ef5ecdcee id=0d
[215000] AXI S0_WVALID_RDY HANDSHAKE
[215000] S0 MEMORY WRITE beat=13 addr=0c507aad data=e0002bddea69bf0b id=0d
[215000] MASTER 0 W_VALID_RDY Handshake beat=14 wlast=0
[225000] MASTER 0 W_VALID_RDY Handshake beat=15 wlast=0
[225000] AXI S0_WVALID_RDY HANDSHAKE
[225000] S0 MEMORY WRITE beat=14 addr=0c507aae data=ccd5ce0f32c18925 id=0d
[235000] AXI S0_WVALID_RDY HANDSHAKE
[235000] S0 MEMORY WRITE beat=15 addr=0c507aaf data=28ae6613058ff5fd id=0d
[235000] MASTER 0 W_VALID_RDY Handshake beat=16 wlast=0
[245000] MASTER 0 W_VALID_RDY Handshake beat=17 wlast=0
[245000] AXI S0_WVALID_RDY HANDSHAKE
[245000] S0 MEMORY WRITE beat=16 addr=0c507ab0 data=eff9b508a44d832d id=0d
[255000] AXI S0_WVALID_RDY HANDSHAKE
[255000] S0 MEMORY WRITE beat=17 addr=0c507ab1 data=d70f0c5208ae91f0 id=0d
[255000] MASTER 0 W_VALID_RDY Handshake beat=18 wlast=0
[265000] MASTER 0 W_VALID_RDY Handshake beat=19 wlast=0
[265000] AXI S0_WVALID_RDY HANDSHAKE
[265000] S0 MEMORY WRITE beat=18 addr=0c507ab2 data=0e3e87edbccf8317 id=0d
[275000] AXI S0_WVALID_RDY HANDSHAKE
[275000] S0 MEMORY WRITE beat=19 addr=0c507ab3 data=e11d0645ffbd7265 id=0d
[275000] MASTER 0 W_VALID_RDY Handshake beat=20 wlast=0
[285000] MASTER 0 W_VALID_RDY Handshake beat=21 wlast=0
[285000] AXI S0_WVALID_RDY HANDSHAKE
[285000] S0 MEMORY WRITE beat=20 addr=0c507ab4 data=886c0455fe383cf5 id=0d
[295000] AXI S0_WVALID_RDY HANDSHAKE
[295000] S0 MEMORY WRITE beat=21 addr=0c507ab5 data=bb07c00cb82c1297 id=0d
[295000] MASTER 0 W_VALID_RDY Handshake beat=22 wlast=0
[305000] MASTER 0 W_VALID_RDY Handshake beat=23 wlast=0
[305000] AXI S0_WVALID_RDY HANDSHAKE
[305000] S0 MEMORY WRITE beat=22 addr=0c507ab6 data=37e984fd96aa8c42 id=0d
[315000] AXI S0_WVALID_RDY HANDSHAKE
[315000] S0 MEMORY WRITE beat=23 addr=0c507ab7 data=94e2c9379c24c651 id=0d
[315000] MASTER 0 W_VALID_RDY Handshake beat=24 wlast=0
[325000] MASTER 0 W_VALID_RDY Handshake beat=25 wlast=0
[325000] AXI S0_WVALID_RDY HANDSHAKE
[325000] S0 MEMORY WRITE beat=24 addr=0c507ab8 data=d450d8e9c0558952 id=0d
[335000] AXI S0_WVALID_RDY HANDSHAKE
[335000] S0 MEMORY WRITE beat=25 addr=0c507ab9 data=d7001595cfea8944 id=0d
[335000] MASTER 0 W_VALID_RDY Handshake beat=26 wlast=0
[345000] MASTER 0 W_VALID_RDY Handshake beat=27 wlast=0
[345000] AXI S0_WVALID_RDY HANDSHAKE
[345000] S0 MEMORY WRITE beat=26 addr=0c507aba data=ec0f4f950c3a5de6 id=0d
[355000] AXI S0_WVALID_RDY HANDSHAKE
[355000] S0 MEMORY WRITE beat=27 addr=0c507abb data=cc8fe738ebe2decc id=0d
[355000] MASTER 0 W_VALID_RDY Handshake beat=28 wlast=0
[365000] MASTER 0 W_VALID_RDY Handshake beat=29 wlast=0
[365000] AXI S0_WVALID_RDY HANDSHAKE
[365000] S0 MEMORY WRITE beat=28 addr=0c507abc data=bbcd6810c060287e id=0d
[375000] AXI S0_WVALID_RDY HANDSHAKE
[375000] S0 MEMORY WRITE beat=29 addr=0c507abd data=cc9a8664a38ffccd id=0d
[375000] MASTER 0 W_VALID_RDY Handshake beat=30 wlast=0
[385000] MASTER 0 W_VALID_RDY Handshake beat=31 wlast=0
[385000] AXI S0_WVALID_RDY HANDSHAKE
[385000] S0 MEMORY WRITE beat=30 addr=0c507abe data=0f72db9a27dcb7a6 id=0d
[395000] AXI S0_WVALID_RDY HANDSHAKE
[395000] S0 MEMORY WRITE beat=31 addr=0c507abf data=e83ce024192a6d9d id=0d
[395000] MASTER 0 W_VALID_RDY Handshake beat=32 wlast=0
[405000] MASTER 0 W_VALID_RDY Handshake beat=33 wlast=0
[405000] AXI S0_WVALID_RDY HANDSHAKE
[405000] S0 MEMORY WRITE beat=32 addr=0c507ac0 data=bcba6a6acb4043aa id=0d
[415000] AXI S0_WVALID_RDY HANDSHAKE
[415000] S0 MEMORY WRITE beat=33 addr=0c507ac1 data=f31cfb5034d76689 id=0d
[415000] MASTER 0 W_VALID_RDY Handshake beat=34 wlast=0
[425000] MASTER 0 W_VALID_RDY Handshake beat=35 wlast=0
[425000] AXI S0_WVALID_RDY HANDSHAKE
[425000] S0 MEMORY WRITE beat=34 addr=0c507ac2 data=ce01d426cc2d4604 id=0d
[435000] AXI S0_WVALID_RDY HANDSHAKE
[435000] S0 MEMORY WRITE beat=35 addr=0c507ac3 data=176d89afdb59db75 id=0d
[435000] MASTER 0 W_VALID_RDY Handshake beat=36 wlast=0
[445000] MASTER 0 W_VALID_RDY Handshake beat=37 wlast=0
[445000] AXI S0_WVALID_RDY HANDSHAKE
[445000] S0 MEMORY WRITE beat=36 addr=0c507ac4 data=103141fe8abc3e90 id=0d
[455000] AXI S0_WVALID_RDY HANDSHAKE
[455000] S0 MEMORY WRITE beat=37 addr=0c507ac5 data=d6e984958a8a84ff id=0d
[455000] MASTER 0 W_VALID_RDY Handshake beat=38 wlast=0
[465000] MASTER 0 W_VALID_RDY Handshake beat=39 wlast=0
[465000] AXI S0_WVALID_RDY HANDSHAKE
[465000] S0 MEMORY WRITE beat=38 addr=0c507ac6 data=e5e46074de331624 id=0d
[475000] AXI S0_WVALID_RDY HANDSHAKE
[475000] S0 MEMORY WRITE beat=39 addr=0c507ac7 data=e8ef54b4ee570e44 id=0d
[475000] MASTER 0 W_VALID_RDY Handshake beat=40 wlast=0
[485000] MASTER 0 W_VALID_RDY Handshake beat=41 wlast=0
[485000] AXI S0_WVALID_RDY HANDSHAKE
[485000] S0 MEMORY WRITE beat=40 addr=0c507ac8 data=f8e19343f615a272 id=0d
[495000] AXI S0_WVALID_RDY HANDSHAKE
[495000] S0 MEMORY WRITE beat=41 addr=0c507ac9 data=d448b896bfd8d949 id=0d
[495000] MASTER 0 W_VALID_RDY Handshake beat=42 wlast=0
[505000] MASTER 0 W_VALID_RDY Handshake beat=43 wlast=0
[505000] AXI S0_WVALID_RDY HANDSHAKE
[505000] S0 MEMORY WRITE beat=42 addr=0c507aca data=ae2fe78ddec5f3b8 id=0d
[515000] AXI S0_WVALID_RDY HANDSHAKE
[515000] S0 MEMORY WRITE beat=43 addr=0c507acb data=d4db962a3d380d4b id=0d
[515000] MASTER 0 W_VALID_RDY Handshake beat=44 wlast=0
[525000] MASTER 0 W_VALID_RDY Handshake beat=45 wlast=0
[525000] AXI S0_WVALID_RDY HANDSHAKE
[525000] S0 MEMORY WRITE beat=44 addr=0c507acc data=fd10e69427117ad1 id=0d
[535000] AXI S0_WVALID_RDY HANDSHAKE
[535000] S0 MEMORY WRITE beat=45 addr=0c507acd data=05d76e8929244ec1 id=0d
[535000] MASTER 0 W_VALID_RDY Handshake beat=46 wlast=0
[545000] MASTER 0 W_VALID_RDY Handshake beat=47 wlast=0
[545000] AXI S0_WVALID_RDY HANDSHAKE
[545000] S0 MEMORY WRITE beat=46 addr=0c507ace data=e65c5c0c2b40ce22 id=0d
[555000] AXI S0_WVALID_RDY HANDSHAKE
[555000] S0 MEMORY WRITE beat=47 addr=0c507acf data=d25248f3dab304b3 id=0d
[555000] MASTER 0 W_VALID_RDY Handshake beat=48 wlast=0
[565000] MASTER 0 W_VALID_RDY Handshake beat=49 wlast=0
[565000] AXI S0_WVALID_RDY HANDSHAKE
[565000] S0 MEMORY WRITE beat=48 addr=0c507ad0 data=83d75374e36d42a0 id=0d
[575000] AXI S0_WVALID_RDY HANDSHAKE
[575000] S0 MEMORY WRITE beat=49 addr=0c507ad1 data=8eae10c2d829b77c id=0d
[575000] MASTER 0 W_VALID_RDY Handshake beat=50 wlast=0
[585000] MASTER 0 W_VALID_RDY Handshake beat=51 wlast=0
[585000] AXI S0_WVALID_RDY HANDSHAKE
[585000] S0 MEMORY WRITE beat=50 addr=0c507ad2 data=b2dcbc2fea33af80 id=0d
[595000] AXI S0_WVALID_RDY HANDSHAKE
[595000] S0 MEMORY WRITE beat=51 addr=0c507ad3 data=cda0f221e10059b5 id=0d
[595000] MASTER 0 W_VALID_RDY Handshake beat=52 wlast=0
[605000] MASTER 0 W_VALID_RDY Handshake beat=53 wlast=0
[605000] AXI S0_WVALID_RDY HANDSHAKE
[605000] S0 MEMORY WRITE beat=52 addr=0c507ad4 data=b92a113136b40fa4 id=0d
[615000] AXI S0_WVALID_RDY HANDSHAKE
[615000] S0 MEMORY WRITE beat=53 addr=0c507ad5 data=a0e7bf24dc4f02e3 id=0d
[615000] MASTER 0 W_VALID_RDY Handshake beat=54 wlast=0
[625000] MASTER 0 W_VALID_RDY Handshake beat=55 wlast=0
[625000] AXI S0_WVALID_RDY HANDSHAKE
[625000] S0 MEMORY WRITE beat=54 addr=0c507ad6 data=3d4f5c99ec06cd61 id=0d
[635000] AXI S0_WVALID_RDY HANDSHAKE
[635000] S0 MEMORY WRITE beat=55 addr=0c507ad7 data=22badd05ee88b145 id=0d
[635000] MASTER 0 W_VALID_RDY Handshake beat=56 wlast=0
[645000] MASTER 0 W_VALID_RDY Handshake beat=57 wlast=0
[645000] AXI S0_WVALID_RDY HANDSHAKE
[645000] S0 MEMORY WRITE beat=56 addr=0c507ad8 data=cad7b429f6796dca id=0d
[655000] AXI S0_WVALID_RDY HANDSHAKE
[655000] S0 MEMORY WRITE beat=57 addr=0c507ad9 data=e2803b2bc3a29c29 id=0d
[655000] MASTER 0 W_VALID_RDY Handshake beat=58 wlast=0
[665000] MASTER 0 W_VALID_RDY Handshake beat=59 wlast=0
[665000] AXI S0_WVALID_RDY HANDSHAKE
[665000] S0 MEMORY WRITE beat=58 addr=0c507ada data=322b4d6f082710c2 id=0d
[675000] AXI S0_WVALID_RDY HANDSHAKE
[675000] S0 MEMORY WRITE beat=59 addr=0c507adb data=fea07e8c853b1830 id=0d
[675000] MASTER 0 W_VALID_RDY Handshake beat=60 wlast=0
[685000] MASTER 0 W_VALID_RDY Handshake beat=61 wlast=0
[685000] AXI S0_WVALID_RDY HANDSHAKE
[685000] S0 MEMORY WRITE beat=60 addr=0c507adc data=c8ddb45afd030198 id=0d
[695000] AXI S0_WVALID_RDY HANDSHAKE
[695000] S0 MEMORY WRITE beat=61 addr=0c507add data=052a125ae120b9b8 id=0d
[695000] MASTER 0 W_VALID_RDY Handshake beat=62 wlast=0
[705000] MASTER 0 W_VALID_RDY Handshake beat=63 wlast=0
[705000] AXI S0_WVALID_RDY HANDSHAKE
[705000] S0 MEMORY WRITE beat=62 addr=0c507ade data=e65bd1e8fb0901c9 id=0d
[715000] AXI S0_WVALID_RDY HANDSHAKE
[715000] S0 MEMORY WRITE beat=63 addr=0c507adf data=f80c036183ca90e6 id=0d
[715000] MASTER 0 W_VALID_RDY Handshake beat=64 wlast=0
[725000] MASTER 0 W_VALID_RDY Handshake beat=65 wlast=0
[725000] AXI S0_WVALID_RDY HANDSHAKE
[725000] S0 MEMORY WRITE beat=64 addr=0c507ae0 data=e4eb4a9eaf398642 id=0d
[735000] AXI S0_WVALID_RDY HANDSHAKE
[735000] S0 MEMORY WRITE beat=65 addr=0c507ae1 data=aa42880bfd3615bb id=0d
[735000] MASTER 0 W_VALID_RDY Handshake beat=66 wlast=0
[745000] MASTER 0 W_VALID_RDY Handshake beat=67 wlast=0
[745000] AXI S0_WVALID_RDY HANDSHAKE
[745000] S0 MEMORY WRITE beat=66 addr=0c507ae2 data=8100a6a1cb471c87 id=0d
[755000] AXI S0_WVALID_RDY HANDSHAKE
[755000] S0 MEMORY WRITE beat=67 addr=0c507ae3 data=fa80a2c9a24e8b6c id=0d
[755000] MASTER 0 W_VALID_RDY Handshake beat=68 wlast=0
[765000] MASTER 0 W_VALID_RDY Handshake beat=69 wlast=0
[765000] AXI S0_WVALID_RDY HANDSHAKE
[765000] S0 MEMORY WRITE beat=68 addr=0c507ae4 data=9f84a127e5ebf140 id=0d
[775000] AXI S0_WVALID_RDY HANDSHAKE
[775000] S0 MEMORY WRITE beat=69 addr=0c507ae5 data=31330dc724c32ad5 id=0d
[775000] MASTER 0 W_VALID_RDY Handshake beat=70 wlast=0
[785000] MASTER 0 W_VALID_RDY Handshake beat=71 wlast=0
[785000] AXI S0_WVALID_RDY HANDSHAKE
[785000] S0 MEMORY WRITE beat=70 addr=0c507ae6 data=c711b641208547c9 id=0d
[795000] AXI S0_WVALID_RDY HANDSHAKE
[795000] S0 MEMORY WRITE beat=71 addr=0c507ae7 data=06713909abb3b090 id=0d
[795000] MASTER 0 W_VALID_RDY Handshake beat=72 wlast=0
[805000] MASTER 0 W_VALID_RDY Handshake beat=73 wlast=0
[805000] AXI S0_WVALID_RDY HANDSHAKE
[805000] S0 MEMORY WRITE beat=72 addr=0c507ae8 data=d076db65e6965769 id=0d
[815000] AXI S0_WVALID_RDY HANDSHAKE
[815000] S0 MEMORY WRITE beat=73 addr=0c507ae9 data=071b9f3237a446d0 id=0d
[815000] MASTER 0 W_VALID_RDY Handshake beat=74 wlast=0
[825000] MASTER 0 W_VALID_RDY Handshake beat=75 wlast=0
[825000] AXI S0_WVALID_RDY HANDSHAKE
[825000] S0 MEMORY WRITE beat=74 addr=0c507aea data=e357f760178891a7 id=0d
[835000] AXI S0_WVALID_RDY HANDSHAKE
[835000] S0 MEMORY WRITE beat=75 addr=0c507aeb data=fe1ee9100d8cd83b id=0d
[835000] MASTER 0 W_VALID_RDY Handshake beat=76 wlast=0
[845000] MASTER 0 W_VALID_RDY Handshake beat=77 wlast=0
[845000] AXI S0_WVALID_RDY HANDSHAKE
[845000] S0 MEMORY WRITE beat=76 addr=0c507aec data=c5311f0b33ced2c6 id=0d
[855000] AXI S0_WVALID_RDY HANDSHAKE
[855000] S0 MEMORY WRITE beat=77 addr=0c507aed data=cb57646d053a8842 id=0d
[855000] MASTER 0 W_VALID_RDY Handshake beat=78 wlast=0
[865000] MASTER 0 W_VALID_RDY Handshake beat=79 wlast=0
[865000] AXI S0_WVALID_RDY HANDSHAKE
[865000] S0 MEMORY WRITE beat=78 addr=0c507aee data=12c7607da889166b id=0d
[875000] AXI S0_WVALID_RDY HANDSHAKE
[875000] S0 MEMORY WRITE beat=79 addr=0c507aef data=dc57e931c9764d7d id=0d
[875000] MASTER 0 W_VALID_RDY Handshake beat=80 wlast=0
[885000] MASTER 0 W_VALID_RDY Handshake beat=81 wlast=0
[885000] AXI S0_WVALID_RDY HANDSHAKE
[885000] S0 MEMORY WRITE beat=80 addr=0c507af0 data=ceb0d5bfd7f87f88 id=0d
[895000] AXI S0_WVALID_RDY HANDSHAKE
[895000] S0 MEMORY WRITE beat=81 addr=0c507af1 data=808195f3a7af4d9e id=0d
[895000] MASTER 0 W_VALID_RDY Handshake beat=82 wlast=0
[905000] MASTER 0 W_VALID_RDY Handshake beat=83 wlast=0
[905000] AXI S0_WVALID_RDY HANDSHAKE
[905000] S0 MEMORY WRITE beat=82 addr=0c507af2 data=f1259b1be178363c id=0d
[915000] AXI S0_WVALID_RDY HANDSHAKE
[915000] S0 MEMORY WRITE beat=83 addr=0c507af3 data=3970b5c4dcd97f25 id=0d
[915000] MASTER 0 W_VALID_RDY Handshake beat=84 wlast=0
[925000] MASTER 0 W_VALID_RDY Handshake beat=85 wlast=0
[925000] AXI S0_WVALID_RDY HANDSHAKE
[925000] S0 MEMORY WRITE beat=84 addr=0c507af4 data=8488ccc3bfd670da id=0d
[935000] AXI S0_WVALID_RDY HANDSHAKE
[935000] S0 MEMORY WRITE beat=85 addr=0c507af5 data=a14ea716b9f24bb7 id=0d
[935000] MASTER 0 W_VALID_RDY Handshake beat=86 wlast=0
[945000] MASTER 0 W_VALID_RDY Handshake beat=87 wlast=0
[945000] AXI S0_WVALID_RDY HANDSHAKE
[945000] S0 MEMORY WRITE beat=86 addr=0c507af6 data=96cbcadcf5ae67df id=0d
[955000] AXI S0_WVALID_RDY HANDSHAKE
[955000] S0 MEMORY WRITE beat=87 addr=0c507af7 data=b584d8b9dabf5cda id=0d
[955000] MASTER 0 W_VALID_RDY Handshake beat=88 wlast=1
[965000] AXI S0_WVALID_RDY HANDSHAKE
[965000] S0 MEMORY WRITE beat=88 addr=0c507af8 data=14b1a8921b5497a0 id=0d
[975000] SLAVE0 sent B resp, id=13
[975000] [SLAVE MONITOR] mst_id=0 s_id=0 awaddr=c507aa0 awid=1101 awlen=88 awsize=0 awburst=1 wdata=[f6e35bcecb7fb64d 25a0390cd100ca1a 1d514491c344eba0 8ec4a1ed9b0b6b0e ec0c35299434a05f d7798c00b464daf9 cf704608095d79ba 9d921a19e63e2ded 1aa308e73b7c7b31 c4d9f4ebf50ba619 db49d407ea134eef 258fca20e26c0f04 d777b51ef5ecdcee e0002bddea69bf0b ccd5ce0f32c18925 28ae6613058ff5fd eff9b508a44d832d d70f0c5208ae91f0 e3e87edbccf8317 e11d0645ffbd7265 886c0455fe383cf5 bb07c00cb82c1297 37e984fd96aa8c42 94e2c9379c24c651 d450d8e9c0558952 d7001595cfea8944 ec0f4f950c3a5de6 cc8fe738ebe2decc bbcd6810c060287e cc9a8664a38ffccd f72db9a27dcb7a6 e83ce024192a6d9d bcba6a6acb4043aa f31cfb5034d76689 ce01d426cc2d4604 176d89afdb59db75 103141fe8abc3e90 d6e984958a8a84ff e5e46074de331624 e8ef54b4ee570e44 f8e19343f615a272 d448b896bfd8d949 ae2fe78ddec5f3b8 d4db962a3d380d4b fd10e69427117ad1 5d76e8929244ec1 e65c5c0c2b40ce22 d25248f3dab304b3 83d75374e36d42a0 8eae10c2d829b77c b2dcbc2fea33af80 cda0f221e10059b5 b92a113136b40fa4 a0e7bf24dc4f02e3 3d4f5c99ec06cd61 22badd05ee88b145 cad7b429f6796dca e2803b2bc3a29c29 322b4d6f082710c2 fea07e8c853b1830 c8ddb45afd030198 52a125ae120b9b8 e65bd1e8fb0901c9 f80c036183ca90e6 e4eb4a9eaf398642 aa42880bfd3615bb 8100a6a1cb471c87 fa80a2c9a24e8b6c 9f84a127e5ebf140 31330dc724c32ad5 c711b641208547c9 6713909abb3b090 d076db65e6965769 71b9f3237a446d0 e357f760178891a7 fe1ee9100d8cd83b c5311f0b33ced2c6 cb57646d053a8842 12c7607da889166b dc57e931c9764d7d ceb0d5bfd7f87f88 808195f3a7af4d9e f1259b1be178363c 3970b5c4dcd97f25 8488ccc3bfd670da a14ea716b9f24bb7 96cbcadcf5ae67df b584d8b9dabf5cda 14b1a8921b5497a0 ] wstrb=[d0 7f 6e aa 38 e 3c 8 8d ab b3 c6 b9 ef ce 47 9a 81 d 54 71 db 9b b 5d a8 5f ce 83 fa d9 e0 a2 39 ae 26 33 88 6 d6 c1 b5 fc f4 3d 2 ca fe b7 c6 f2 f4 c9 bd f2 80 83 e5 75 4c a2 67 cd 25 4c 42 72 ee a9 3f 14 f6 81 86 e4 2a c5 f8 20 46 7e 5 70 43 fd 91 89 7c 96 ] bresp=0 bid=1101
[985000] ARB MONITOR: slave=0 m0_req=0 m1_req=1 winner=1
[985000] AXI S0_AWVALID_RDY HANDSHAKE
[995000] AXI S0_WVALID_RDY HANDSHAKE
[995000] S0 MEMORY WRITE beat=0 addr=0e80da78 data=e75aab88ad587a21 id=19
[995000] MASTER 0 B_VALID_RDY Handshake
[995000] [MASTER MONITOR] mst_id=0 s_id=0 awaddr=c507aa0 awid=1101 awlen=88 awsize=0 awburst=1 wdata=[f6e35bcecb7fb64d 25a0390cd100ca1a 1d514491c344eba0 8ec4a1ed9b0b6b0e ec0c35299434a05f d7798c00b464daf9 cf704608095d79ba 9d921a19e63e2ded 1aa308e73b7c7b31 c4d9f4ebf50ba619 db49d407ea134eef 258fca20e26c0f04 d777b51ef5ecdcee e0002bddea69bf0b ccd5ce0f32c18925 28ae6613058ff5fd eff9b508a44d832d d70f0c5208ae91f0 e3e87edbccf8317 e11d0645ffbd7265 886c0455fe383cf5 bb07c00cb82c1297 37e984fd96aa8c42 94e2c9379c24c651 d450d8e9c0558952 d7001595cfea8944 ec0f4f950c3a5de6 cc8fe738ebe2decc bbcd6810c060287e cc9a8664a38ffccd f72db9a27dcb7a6 e83ce024192a6d9d bcba6a6acb4043aa f31cfb5034d76689 ce01d426cc2d4604 176d89afdb59db75 103141fe8abc3e90 d6e984958a8a84ff e5e46074de331624 e8ef54b4ee570e44 f8e19343f615a272 d448b896bfd8d949 ae2fe78ddec5f3b8 d4db962a3d380d4b fd10e69427117ad1 5d76e8929244ec1 e65c5c0c2b40ce22 d25248f3dab304b3 83d75374e36d42a0 8eae10c2d829b77c b2dcbc2fea33af80 cda0f221e10059b5 b92a113136b40fa4 a0e7bf24dc4f02e3 3d4f5c99ec06cd61 22badd05ee88b145 cad7b429f6796dca e2803b2bc3a29c29 322b4d6f082710c2 fea07e8c853b1830 c8ddb45afd030198 52a125ae120b9b8 e65bd1e8fb0901c9 f80c036183ca90e6 e4eb4a9eaf398642 aa42880bfd3615bb 8100a6a1cb471c87 fa80a2c9a24e8b6c 9f84a127e5ebf140 31330dc724c32ad5 c711b641208547c9 6713909abb3b090 d076db65e6965769 71b9f3237a446d0 e357f760178891a7 fe1ee9100d8cd83b c5311f0b33ced2c6 cb57646d053a8842 12c7607da889166b dc57e931c9764d7d ceb0d5bfd7f87f88 808195f3a7af4d9e f1259b1be178363c 3970b5c4dcd97f25 8488ccc3bfd670da a14ea716b9f24bb7 96cbcadcf5ae67df b584d8b9dabf5cda 14b1a8921b5497a0 ] wstrb=[d0 7f 6e aa 38 e 3c 8 8d ab b3 c6 b9 ef ce 47 9a 81 d 54 71 db 9b b 5d a8 5f ce 83 fa d9 e0 a2 39 ae 26 33 88 6 d6 c1 b5 fc f4 3d 2 ca fe b7 c6 f2 f4 c9 bd f2 80 83 e5 75 4c a2 67 cd 25 4c 42 72 ee a9 3f 14 f6 81 86 e4 2a c5 f8 20 46 7e 5 70 43 fd 91 89 7c 96 ] bresp=0 bid=1101
[995000] MASTER 0 RECEIVED BRESP. BRESP=0
[995000] [MASTER DRIVER] mst_id=0 s_id=0 awaddr=c507aa0 awid=1101 awlen=88 awsize=0 awburst=1 wdata=[f6e35bcecb7fb64d 25a0390cd100ca1a 1d514491c344eba0 8ec4a1ed9b0b6b0e ec0c35299434a05f d7798c00b464daf9 cf704608095d79ba 9d921a19e63e2ded 1aa308e73b7c7b31 c4d9f4ebf50ba619 db49d407ea134eef 258fca20e26c0f04 d777b51ef5ecdcee e0002bddea69bf0b ccd5ce0f32c18925 28ae6613058ff5fd eff9b508a44d832d d70f0c5208ae91f0 e3e87edbccf8317 e11d0645ffbd7265 886c0455fe383cf5 bb07c00cb82c1297 37e984fd96aa8c42 94e2c9379c24c651 d450d8e9c0558952 d7001595cfea8944 ec0f4f950c3a5de6 cc8fe738ebe2decc bbcd6810c060287e cc9a8664a38ffccd f72db9a27dcb7a6 e83ce024192a6d9d bcba6a6acb4043aa f31cfb5034d76689 ce01d426cc2d4604 176d89afdb59db75 103141fe8abc3e90 d6e984958a8a84ff e5e46074de331624 e8ef54b4ee570e44 f8e19343f615a272 d448b896bfd8d949 ae2fe78ddec5f3b8 d4db962a3d380d4b fd10e69427117ad1 5d76e8929244ec1 e65c5c0c2b40ce22 d25248f3dab304b3 83d75374e36d42a0 8eae10c2d829b77c b2dcbc2fea33af80 cda0f221e10059b5 b92a113136b40fa4 a0e7bf24dc4f02e3 3d4f5c99ec06cd61 22badd05ee88b145 cad7b429f6796dca e2803b2bc3a29c29 322b4d6f082710c2 fea07e8c853b1830 c8ddb45afd030198 52a125ae120b9b8 e65bd1e8fb0901c9 f80c036183ca90e6 e4eb4a9eaf398642 aa42880bfd3615bb 8100a6a1cb471c87 fa80a2c9a24e8b6c 9f84a127e5ebf140 31330dc724c32ad5 c711b641208547c9 6713909abb3b090 d076db65e6965769 71b9f3237a446d0 e357f760178891a7 fe1ee9100d8cd83b c5311f0b33ced2c6 cb57646d053a8842 12c7607da889166b dc57e931c9764d7d ceb0d5bfd7f87f88 808195f3a7af4d9e f1259b1be178363c 3970b5c4dcd97f25 8488ccc3bfd670da a14ea716b9f24bb7 96cbcadcf5ae67df b584d8b9dabf5cda 14b1a8921b5497a0 ] wstrb=[d0 7f 6e aa 38 e 3c 8 8d ab b3 c6 b9 ef ce 47 9a 81 d 54 71 db 9b b 5d a8 5f ce 83 fa d9 e0 a2 39 ae 26 33 88 6 d6 c1 b5 fc f4 3d 2 ca fe b7 c6 f2 f4 c9 bd f2 80 83 e5 75 4c a2 67 cd 25 4c 42 72 ee a9 3f 14 f6 81 86 e4 2a c5 f8 20 46 7e 5 70 43 fd 91 89 7c 96 ] bresp=0 bid=1101
[995000] SCOREBOARD MATCH: decode_err expected = 0, actual =0
[995000] SCOREBOARD MATCH: slave_id expected = 0, actual =0
[995000] SCOREBOARD MATCH: awaddr passthrough expected = c507aa0, actual =c507aa0
[995000] SCOREBOARD MATCH: awlen passthrough expected = 88, actual =88
[995000] SCOREBOARD MATCH: awsize passthrough expected = 0, actual =0
[995000] SCOREBOARD MATCH: awburst passthrough expected = 1, actual =1
[995000] SCOREBOARD MATCH: wdata size check expected = 59, actual =59
[995000] SCOREBOARD MATCH: wdata passthrough beat=0 expected = f6e35bcecb7fb64d, actual =f6e35bcecb7fb64d
[995000] SCOREBOARD MATCH: wdata passthrough beat=1 expected = 25a0390cd100ca1a, actual =25a0390cd100ca1a
[995000] SCOREBOARD MATCH: wdata passthrough beat=2 expected = 1d514491c344eba0, actual =1d514491c344eba0
[995000] SCOREBOARD MATCH: wdata passthrough beat=3 expected = 8ec4a1ed9b0b6b0e, actual =8ec4a1ed9b0b6b0e
[995000] SCOREBOARD MATCH: wdata passthrough beat=4 expected = ec0c35299434a05f, actual =ec0c35299434a05f
[995000] SCOREBOARD MATCH: wdata passthrough beat=5 expected = d7798c00b464daf9, actual =d7798c00b464daf9
[995000] SCOREBOARD MATCH: wdata passthrough beat=6 expected = cf704608095d79ba, actual =cf704608095d79ba
[995000] SCOREBOARD MATCH: wdata passthrough beat=7 expected = 9d921a19e63e2ded, actual =9d921a19e63e2ded
[995000] SCOREBOARD MATCH: wdata passthrough beat=8 expected = 1aa308e73b7c7b31, actual =1aa308e73b7c7b31
[995000] SCOREBOARD MATCH: wdata passthrough beat=9 expected = c4d9f4ebf50ba619, actual =c4d9f4ebf50ba619
[995000] SCOREBOARD MATCH: wdata passthrough beat=10 expected = db49d407ea134eef, actual =db49d407ea134eef
[995000] SCOREBOARD MATCH: wdata passthrough beat=11 expected = 258fca20e26c0f04, actual =258fca20e26c0f04
[995000] SCOREBOARD MATCH: wdata passthrough beat=12 expected = d777b51ef5ecdcee, actual =d777b51ef5ecdcee
[995000] SCOREBOARD MATCH: wdata passthrough beat=13 expected = e0002bddea69bf0b, actual =e0002bddea69bf0b
[995000] SCOREBOARD MATCH: wdata passthrough beat=14 expected = ccd5ce0f32c18925, actual =ccd5ce0f32c18925
[995000] SCOREBOARD MATCH: wdata passthrough beat=15 expected = 28ae6613058ff5fd, actual =28ae6613058ff5fd
[995000] SCOREBOARD MATCH: wdata passthrough beat=16 expected = eff9b508a44d832d, actual =eff9b508a44d832d
[995000] SCOREBOARD MATCH: wdata passthrough beat=17 expected = d70f0c5208ae91f0, actual =d70f0c5208ae91f0
[995000] SCOREBOARD MATCH: wdata passthrough beat=18 expected = e3e87edbccf8317, actual =e3e87edbccf8317
[995000] SCOREBOARD MATCH: wdata passthrough beat=19 expected = e11d0645ffbd7265, actual =e11d0645ffbd7265
[995000] SCOREBOARD MATCH: wdata passthrough beat=20 expected = 886c0455fe383cf5, actual =886c0455fe383cf5
[995000] SCOREBOARD MATCH: wdata passthrough beat=21 expected = bb07c00cb82c1297, actual =bb07c00cb82c1297
[995000] SCOREBOARD MATCH: wdata passthrough beat=22 expected = 37e984fd96aa8c42, actual =37e984fd96aa8c42
[995000] SCOREBOARD MATCH: wdata passthrough beat=23 expected = 94e2c9379c24c651, actual =94e2c9379c24c651
[995000] SCOREBOARD MATCH: wdata passthrough beat=24 expected = d450d8e9c0558952, actual =d450d8e9c0558952
[995000] SCOREBOARD MATCH: wdata passthrough beat=25 expected = d7001595cfea8944, actual =d7001595cfea8944
[995000] SCOREBOARD MATCH: wdata passthrough beat=26 expected = ec0f4f950c3a5de6, actual =ec0f4f950c3a5de6
[995000] SCOREBOARD MATCH: wdata passthrough beat=27 expected = cc8fe738ebe2decc, actual =cc8fe738ebe2decc
[995000] SCOREBOARD MATCH: wdata passthrough beat=28 expected = bbcd6810c060287e, actual =bbcd6810c060287e
[995000] SCOREBOARD MATCH: wdata passthrough beat=29 expected = cc9a8664a38ffccd, actual =cc9a8664a38ffccd
[995000] SCOREBOARD MATCH: wdata passthrough beat=30 expected = f72db9a27dcb7a6, actual =f72db9a27dcb7a6
[995000] SCOREBOARD MATCH: wdata passthrough beat=31 expected = e83ce024192a6d9d, actual =e83ce024192a6d9d
[995000] SCOREBOARD MATCH: wdata passthrough beat=32 expected = bcba6a6acb4043aa, actual =bcba6a6acb4043aa
[995000] SCOREBOARD MATCH: wdata passthrough beat=33 expected = f31cfb5034d76689, actual =f31cfb5034d76689
[995000] SCOREBOARD MATCH: wdata passthrough beat=34 expected = ce01d426cc2d4604, actual =ce01d426cc2d4604
[995000] SCOREBOARD MATCH: wdata passthrough beat=35 expected = 176d89afdb59db75, actual =176d89afdb59db75
[995000] SCOREBOARD MATCH: wdata passthrough beat=36 expected = 103141fe8abc3e90, actual =103141fe8abc3e90
[995000] SCOREBOARD MATCH: wdata passthrough beat=37 expected = d6e984958a8a84ff, actual =d6e984958a8a84ff
[995000] SCOREBOARD MATCH: wdata passthrough beat=38 expected = e5e46074de331624, actual =e5e46074de331624
[995000] SCOREBOARD MATCH: wdata passthrough beat=39 expected = e8ef54b4ee570e44, actual =e8ef54b4ee570e44
[995000] SCOREBOARD MATCH: wdata passthrough beat=40 expected = f8e19343f615a272, actual =f8e19343f615a272
[995000] SCOREBOARD MATCH: wdata passthrough beat=41 expected = d448b896bfd8d949, actual =d448b896bfd8d949
[995000] SCOREBOARD MATCH: wdata passthrough beat=42 expected = ae2fe78ddec5f3b8, actual =ae2fe78ddec5f3b8
[995000] SCOREBOARD MATCH: wdata passthrough beat=43 expected = d4db962a3d380d4b, actual =d4db962a3d380d4b
[995000] SCOREBOARD MATCH: wdata passthrough beat=44 expected = fd10e69427117ad1, actual =fd10e69427117ad1
[995000] SCOREBOARD MATCH: wdata passthrough beat=45 expected = 5d76e8929244ec1, actual =5d76e8929244ec1
[995000] SCOREBOARD MATCH: wdata passthrough beat=46 expected = e65c5c0c2b40ce22, actual =e65c5c0c2b40ce22
[995000] SCOREBOARD MATCH: wdata passthrough beat=47 expected = d25248f3dab304b3, actual =d25248f3dab304b3
[995000] SCOREBOARD MATCH: wdata passthrough beat=48 expected = 83d75374e36d42a0, actual =83d75374e36d42a0
[995000] SCOREBOARD MATCH: wdata passthrough beat=49 expected = 8eae10c2d829b77c, actual =8eae10c2d829b77c
[995000] SCOREBOARD MATCH: wdata passthrough beat=50 expected = b2dcbc2fea33af80, actual =b2dcbc2fea33af80
[995000] SCOREBOARD MATCH: wdata passthrough beat=51 expected = cda0f221e10059b5, actual =cda0f221e10059b5
[995000] SCOREBOARD MATCH: wdata passthrough beat=52 expected = b92a113136b40fa4, actual =b92a113136b40fa4
[995000] SCOREBOARD MATCH: wdata passthrough beat=53 expected = a0e7bf24dc4f02e3, actual =a0e7bf24dc4f02e3
[995000] SCOREBOARD MATCH: wdata passthrough beat=54 expected = 3d4f5c99ec06cd61, actual =3d4f5c99ec06cd61
[995000] SCOREBOARD MATCH: wdata passthrough beat=55 expected = 22badd05ee88b145, actual =22badd05ee88b145
[995000] SCOREBOARD MATCH: wdata passthrough beat=56 expected = cad7b429f6796dca, actual =cad7b429f6796dca
[995000] SCOREBOARD MATCH: wdata passthrough beat=57 expected = e2803b2bc3a29c29, actual =e2803b2bc3a29c29
[995000] SCOREBOARD MATCH: wdata passthrough beat=58 expected = 322b4d6f082710c2, actual =322b4d6f082710c2
[995000] SCOREBOARD MATCH: wdata passthrough beat=59 expected = fea07e8c853b1830, actual =fea07e8c853b1830
[995000] SCOREBOARD MATCH: wdata passthrough beat=60 expected = c8ddb45afd030198, actual =c8ddb45afd030198
[995000] SCOREBOARD MATCH: wdata passthrough beat=61 expected = 52a125ae120b9b8, actual =52a125ae120b9b8
[995000] SCOREBOARD MATCH: wdata passthrough beat=62 expected = e65bd1e8fb0901c9, actual =e65bd1e8fb0901c9
[995000] SCOREBOARD MATCH: wdata passthrough beat=63 expected = f80c036183ca90e6, actual =f80c036183ca90e6
[995000] SCOREBOARD MATCH: wdata passthrough beat=64 expected = e4eb4a9eaf398642, actual =e4eb4a9eaf398642
[995000] SCOREBOARD MATCH: wdata passthrough beat=65 expected = aa42880bfd3615bb, actual =aa42880bfd3615bb
[995000] SCOREBOARD MATCH: wdata passthrough beat=66 expected = 8100a6a1cb471c87, actual =8100a6a1cb471c87
[995000] SCOREBOARD MATCH: wdata passthrough beat=67 expected = fa80a2c9a24e8b6c, actual =fa80a2c9a24e8b6c
[995000] SCOREBOARD MATCH: wdata passthrough beat=68 expected = 9f84a127e5ebf140, actual =9f84a127e5ebf140
[995000] SCOREBOARD MATCH: wdata passthrough beat=69 expected = 31330dc724c32ad5, actual =31330dc724c32ad5
[995000] SCOREBOARD MATCH: wdata passthrough beat=70 expected = c711b641208547c9, actual =c711b641208547c9
[995000] SCOREBOARD MATCH: wdata passthrough beat=71 expected = 6713909abb3b090, actual =6713909abb3b090
[995000] SCOREBOARD MATCH: wdata passthrough beat=72 expected = d076db65e6965769, actual =d076db65e6965769
[995000] SCOREBOARD MATCH: wdata passthrough beat=73 expected = 71b9f3237a446d0, actual =71b9f3237a446d0
[995000] SCOREBOARD MATCH: wdata passthrough beat=74 expected = e357f760178891a7, actual =e357f760178891a7
[995000] SCOREBOARD MATCH: wdata passthrough beat=75 expected = fe1ee9100d8cd83b, actual =fe1ee9100d8cd83b
[995000] SCOREBOARD MATCH: wdata passthrough beat=76 expected = c5311f0b33ced2c6, actual =c5311f0b33ced2c6
[995000] SCOREBOARD MATCH: wdata passthrough beat=77 expected = cb57646d053a8842, actual =cb57646d053a8842
[995000] SCOREBOARD MATCH: wdata passthrough beat=78 expected = 12c7607da889166b, actual =12c7607da889166b
[995000] SCOREBOARD MATCH: wdata passthrough beat=79 expected = dc57e931c9764d7d, actual =dc57e931c9764d7d
[995000] SCOREBOARD MATCH: wdata passthrough beat=80 expected = ceb0d5bfd7f87f88, actual =ceb0d5bfd7f87f88
[995000] SCOREBOARD MATCH: wdata passthrough beat=81 expected = 808195f3a7af4d9e, actual =808195f3a7af4d9e
[995000] SCOREBOARD MATCH: wdata passthrough beat=82 expected = f1259b1be178363c, actual =f1259b1be178363c
[995000] SCOREBOARD MATCH: wdata passthrough beat=83 expected = 3970b5c4dcd97f25, actual =3970b5c4dcd97f25
[995000] SCOREBOARD MATCH: wdata passthrough beat=84 expected = 8488ccc3bfd670da, actual =8488ccc3bfd670da
[995000] SCOREBOARD MATCH: wdata passthrough beat=85 expected = a14ea716b9f24bb7, actual =a14ea716b9f24bb7
[995000] SCOREBOARD MATCH: wdata passthrough beat=86 expected = 96cbcadcf5ae67df, actual =96cbcadcf5ae67df
[995000] SCOREBOARD MATCH: wdata passthrough beat=87 expected = b584d8b9dabf5cda, actual =b584d8b9dabf5cda
[995000] SCOREBOARD MATCH: wdata passthrough beat=88 expected = 14b1a8921b5497a0, actual =14b1a8921b5497a0
[995000] SCOREBOARD MATCH: wstrb size check expected = 59, actual =59
[995000] SCOREBOARD MATCH: wstrb passthrough beat=0 expected = d0, actual =d0
[995000] SCOREBOARD MATCH: wstrb passthrough beat=1 expected = 7f, actual =7f
[995000] SCOREBOARD MATCH: wstrb passthrough beat=2 expected = 6e, actual =6e
[995000] SCOREBOARD MATCH: wstrb passthrough beat=3 expected = aa, actual =aa
[995000] SCOREBOARD MATCH: wstrb passthrough beat=4 expected = 38, actual =38
[995000] SCOREBOARD MATCH: wstrb passthrough beat=5 expected = e, actual =e
[995000] SCOREBOARD MATCH: wstrb passthrough beat=6 expected = 3c, actual =3c
[995000] SCOREBOARD MATCH: wstrb passthrough beat=7 expected = 8, actual =8
[995000] SCOREBOARD MATCH: wstrb passthrough beat=8 expected = 8d, actual =8d
[995000] SCOREBOARD MATCH: wstrb passthrough beat=9 expected = ab, actual =ab
[995000] SCOREBOARD MATCH: wstrb passthrough beat=10 expected = b3, actual =b3
[995000] SCOREBOARD MATCH: wstrb passthrough beat=11 expected = c6, actual =c6
[995000] SCOREBOARD MATCH: wstrb passthrough beat=12 expected = b9, actual =b9
[995000] SCOREBOARD MATCH: wstrb passthrough beat=13 expected = ef, actual =ef
[995000] SCOREBOARD MATCH: wstrb passthrough beat=14 expected = ce, actual =ce
[995000] SCOREBOARD MATCH: wstrb passthrough beat=15 expected = 47, actual =47
[995000] SCOREBOARD MATCH: wstrb passthrough beat=16 expected = 9a, actual =9a
[995000] SCOREBOARD MATCH: wstrb passthrough beat=17 expected = 81, actual =81
[995000] SCOREBOARD MATCH: wstrb passthrough beat=18 expected = d, actual =d
[995000] SCOREBOARD MATCH: wstrb passthrough beat=19 expected = 54, actual =54
[995000] SCOREBOARD MATCH: wstrb passthrough beat=20 expected = 71, actual =71
[995000] SCOREBOARD MATCH: wstrb passthrough beat=21 expected = db, actual =db
[995000] SCOREBOARD MATCH: wstrb passthrough beat=22 expected = 9b, actual =9b
[995000] SCOREBOARD MATCH: wstrb passthrough beat=23 expected = b, actual =b
[995000] SCOREBOARD MATCH: wstrb passthrough beat=24 expected = 5d, actual =5d
[995000] SCOREBOARD MATCH: wstrb passthrough beat=25 expected = a8, actual =a8
[995000] SCOREBOARD MATCH: wstrb passthrough beat=26 expected = 5f, actual =5f
[995000] SCOREBOARD MATCH: wstrb passthrough beat=27 expected = ce, actual =ce
[995000] SCOREBOARD MATCH: wstrb passthrough beat=28 expected = 83, actual =83
[995000] SCOREBOARD MATCH: wstrb passthrough beat=29 expected = fa, actual =fa
[995000] SCOREBOARD MATCH: wstrb passthrough beat=30 expected = d9, actual =d9
[995000] SCOREBOARD MATCH: wstrb passthrough beat=31 expected = e0, actual =e0
[995000] SCOREBOARD MATCH: wstrb passthrough beat=32 expected = a2, actual =a2
[995000] SCOREBOARD MATCH: wstrb passthrough beat=33 expected = 39, actual =39
[995000] SCOREBOARD MATCH: wstrb passthrough beat=34 expected = ae, actual =ae
[995000] SCOREBOARD MATCH: wstrb passthrough beat=35 expected = 26, actual =26
[995000] SCOREBOARD MATCH: wstrb passthrough beat=36 expected = 33, actual =33
[995000] SCOREBOARD MATCH: wstrb passthrough beat=37 expected = 88, actual =88
[995000] SCOREBOARD MATCH: wstrb passthrough beat=38 expected = 6, actual =6
[995000] SCOREBOARD MATCH: wstrb passthrough beat=39 expected = d6, actual =d6
[995000] SCOREBOARD MATCH: wstrb passthrough beat=40 expected = c1, actual =c1
[995000] SCOREBOARD MATCH: wstrb passthrough beat=41 expected = b5, actual =b5
[995000] SCOREBOARD MATCH: wstrb passthrough beat=42 expected = fc, actual =fc
[995000] SCOREBOARD MATCH: wstrb passthrough beat=43 expected = f4, actual =f4
[995000] SCOREBOARD MATCH: wstrb passthrough beat=44 expected = 3d, actual =3d
[995000] SCOREBOARD MATCH: wstrb passthrough beat=45 expected = 2, actual =2
[995000] SCOREBOARD MATCH: wstrb passthrough beat=46 expected = ca, actual =ca
[995000] SCOREBOARD MATCH: wstrb passthrough beat=47 expected = fe, actual =fe
[995000] SCOREBOARD MATCH: wstrb passthrough beat=48 expected = b7, actual =b7
[995000] SCOREBOARD MATCH: wstrb passthrough beat=49 expected = c6, actual =c6
[995000] SCOREBOARD MATCH: wstrb passthrough beat=50 expected = f2, actual =f2
[995000] SCOREBOARD MATCH: wstrb passthrough beat=51 expected = f4, actual =f4
[995000] SCOREBOARD MATCH: wstrb passthrough beat=52 expected = c9, actual =c9
[995000] SCOREBOARD MATCH: wstrb passthrough beat=53 expected = bd, actual =bd
[995000] SCOREBOARD MATCH: wstrb passthrough beat=54 expected = f2, actual =f2
[995000] SCOREBOARD MATCH: wstrb passthrough beat=55 expected = 80, actual =80
[995000] SCOREBOARD MATCH: wstrb passthrough beat=56 expected = 83, actual =83
[995000] SCOREBOARD MATCH: wstrb passthrough beat=57 expected = e5, actual =e5
[995000] SCOREBOARD MATCH: wstrb passthrough beat=58 expected = 75, actual =75
[995000] SCOREBOARD MATCH: wstrb passthrough beat=59 expected = 4c, actual =4c
[995000] SCOREBOARD MATCH: wstrb passthrough beat=60 expected = a2, actual =a2
[995000] SCOREBOARD MATCH: wstrb passthrough beat=61 expected = 67, actual =67
[995000] SCOREBOARD MATCH: wstrb passthrough beat=62 expected = cd, actual =cd
[995000] SCOREBOARD MATCH: wstrb passthrough beat=63 expected = 25, actual =25
[995000] SCOREBOARD MATCH: wstrb passthrough beat=64 expected = 4c, actual =4c
[995000] SCOREBOARD MATCH: wstrb passthrough beat=65 expected = 42, actual =42
[995000] SCOREBOARD MATCH: wstrb passthrough beat=66 expected = 72, actual =72
[995000] SCOREBOARD MATCH: wstrb passthrough beat=67 expected = ee, actual =ee
[995000] SCOREBOARD MATCH: wstrb passthrough beat=68 expected = a9, actual =a9
[995000] SCOREBOARD MATCH: wstrb passthrough beat=69 expected = 3f, actual =3f
[995000] SCOREBOARD MATCH: wstrb passthrough beat=70 expected = 14, actual =14
[995000] SCOREBOARD MATCH: wstrb passthrough beat=71 expected = f6, actual =f6
[995000] SCOREBOARD MATCH: wstrb passthrough beat=72 expected = 81, actual =81
[995000] SCOREBOARD MATCH: wstrb passthrough beat=73 expected = 86, actual =86
[995000] SCOREBOARD MATCH: wstrb passthrough beat=74 expected = e4, actual =e4
[995000] SCOREBOARD MATCH: wstrb passthrough beat=75 expected = 2a, actual =2a
[995000] SCOREBOARD MATCH: wstrb passthrough beat=76 expected = c5, actual =c5
[995000] SCOREBOARD MATCH: wstrb passthrough beat=77 expected = f8, actual =f8
[995000] SCOREBOARD MATCH: wstrb passthrough beat=78 expected = 20, actual =20
[995000] SCOREBOARD MATCH: wstrb passthrough beat=79 expected = 46, actual =46
[995000] SCOREBOARD MATCH: wstrb passthrough beat=80 expected = 7e, actual =7e
[995000] SCOREBOARD MATCH: wstrb passthrough beat=81 expected = 5, actual =5
[995000] SCOREBOARD MATCH: wstrb passthrough beat=82 expected = 70, actual =70
[995000] SCOREBOARD MATCH: wstrb passthrough beat=83 expected = 43, actual =43
[995000] SCOREBOARD MATCH: wstrb passthrough beat=84 expected = fd, actual =fd
[995000] SCOREBOARD MATCH: wstrb passthrough beat=85 expected = 91, actual =91
[995000] SCOREBOARD MATCH: wstrb passthrough beat=86 expected = 89, actual =89
[995000] SCOREBOARD MATCH: wstrb passthrough beat=87 expected = 7c, actual =7c
[995000] SCOREBOARD MATCH: wstrb passthrough beat=88 expected = 96, actual =96
[995000] SCOREBOARD MATCH: bresp passthrough expected = 0, actual =0
[995000] SCOREBOARD MATCH: response routed to correct master (write) expected = 0, actual =0
[995000] [SCOREBOARD-M] mst_id=0 s_id=0 awaddr=c507aa0 awid=1101 awlen=88 awsize=0 awburst=1 wdata=[f6e35bcecb7fb64d 25a0390cd100ca1a 1d514491c344eba0 8ec4a1ed9b0b6b0e ec0c35299434a05f d7798c00b464daf9 cf704608095d79ba 9d921a19e63e2ded 1aa308e73b7c7b31 c4d9f4ebf50ba619 db49d407ea134eef 258fca20e26c0f04 d777b51ef5ecdcee e0002bddea69bf0b ccd5ce0f32c18925 28ae6613058ff5fd eff9b508a44d832d d70f0c5208ae91f0 e3e87edbccf8317 e11d0645ffbd7265 886c0455fe383cf5 bb07c00cb82c1297 37e984fd96aa8c42 94e2c9379c24c651 d450d8e9c0558952 d7001595cfea8944 ec0f4f950c3a5de6 cc8fe738ebe2decc bbcd6810c060287e cc9a8664a38ffccd f72db9a27dcb7a6 e83ce024192a6d9d bcba6a6acb4043aa f31cfb5034d76689 ce01d426cc2d4604 176d89afdb59db75 103141fe8abc3e90 d6e984958a8a84ff e5e46074de331624 e8ef54b4ee570e44 f8e19343f615a272 d448b896bfd8d949 ae2fe78ddec5f3b8 d4db962a3d380d4b fd10e69427117ad1 5d76e8929244ec1 e65c5c0c2b40ce22 d25248f3dab304b3 83d75374e36d42a0 8eae10c2d829b77c b2dcbc2fea33af80 cda0f221e10059b5 b92a113136b40fa4 a0e7bf24dc4f02e3 3d4f5c99ec06cd61 22badd05ee88b145 cad7b429f6796dca e2803b2bc3a29c29 322b4d6f082710c2 fea07e8c853b1830 c8ddb45afd030198 52a125ae120b9b8 e65bd1e8fb0901c9 f80c036183ca90e6 e4eb4a9eaf398642 aa42880bfd3615bb 8100a6a1cb471c87 fa80a2c9a24e8b6c 9f84a127e5ebf140 31330dc724c32ad5 c711b641208547c9 6713909abb3b090 d076db65e6965769 71b9f3237a446d0 e357f760178891a7 fe1ee9100d8cd83b c5311f0b33ced2c6 cb57646d053a8842 12c7607da889166b dc57e931c9764d7d ceb0d5bfd7f87f88 808195f3a7af4d9e f1259b1be178363c 3970b5c4dcd97f25 8488ccc3bfd670da a14ea716b9f24bb7 96cbcadcf5ae67df b584d8b9dabf5cda 14b1a8921b5497a0 ] wstrb=[d0 7f 6e aa 38 e 3c 8 8d ab b3 c6 b9 ef ce 47 9a 81 d 54 71 db 9b b 5d a8 5f ce 83 fa d9 e0 a2 39 ae 26 33 88 6 d6 c1 b5 fc f4 3d 2 ca fe b7 c6 f2 f4 c9 bd f2 80 83 e5 75 4c a2 67 cd 25 4c 42 72 ee a9 3f 14 f6 81 86 e4 2a c5 f8 20 46 7e 5 70 43 fd 91 89 7c 96 ] bresp=0 bid=1101
[995000] [SCOREBOARD-S] mst_id=0 s_id=0 awaddr=c507aa0 awid=1101 awlen=88 awsize=0 awburst=1 wdata=[f6e35bcecb7fb64d 25a0390cd100ca1a 1d514491c344eba0 8ec4a1ed9b0b6b0e ec0c35299434a05f d7798c00b464daf9 cf704608095d79ba 9d921a19e63e2ded 1aa308e73b7c7b31 c4d9f4ebf50ba619 db49d407ea134eef 258fca20e26c0f04 d777b51ef5ecdcee e0002bddea69bf0b ccd5ce0f32c18925 28ae6613058ff5fd eff9b508a44d832d d70f0c5208ae91f0 e3e87edbccf8317 e11d0645ffbd7265 886c0455fe383cf5 bb07c00cb82c1297 37e984fd96aa8c42 94e2c9379c24c651 d450d8e9c0558952 d7001595cfea8944 ec0f4f950c3a5de6 cc8fe738ebe2decc bbcd6810c060287e cc9a8664a38ffccd f72db9a27dcb7a6 e83ce024192a6d9d bcba6a6acb4043aa f31cfb5034d76689 ce01d426cc2d4604 176d89afdb59db75 103141fe8abc3e90 d6e984958a8a84ff e5e46074de331624 e8ef54b4ee570e44 f8e19343f615a272 d448b896bfd8d949 ae2fe78ddec5f3b8 d4db962a3d380d4b fd10e69427117ad1 5d76e8929244ec1 e65c5c0c2b40ce22 d25248f3dab304b3 83d75374e36d42a0 8eae10c2d829b77c b2dcbc2fea33af80 cda0f221e10059b5 b92a113136b40fa4 a0e7bf24dc4f02e3 3d4f5c99ec06cd61 22badd05ee88b145 cad7b429f6796dca e2803b2bc3a29c29 322b4d6f082710c2 fea07e8c853b1830 c8ddb45afd030198 52a125ae120b9b8 e65bd1e8fb0901c9 f80c036183ca90e6 e4eb4a9eaf398642 aa42880bfd3615bb 8100a6a1cb471c87 fa80a2c9a24e8b6c 9f84a127e5ebf140 31330dc724c32ad5 c711b641208547c9 6713909abb3b090 d076db65e6965769 71b9f3237a446d0 e357f760178891a7 fe1ee9100d8cd83b c5311f0b33ced2c6 cb57646d053a8842 12c7607da889166b dc57e931c9764d7d ceb0d5bfd7f87f88 808195f3a7af4d9e f1259b1be178363c 3970b5c4dcd97f25 8488ccc3bfd670da a14ea716b9f24bb7 96cbcadcf5ae67df b584d8b9dabf5cda 14b1a8921b5497a0 ] wstrb=[d0 7f 6e aa 38 e 3c 8 8d ab b3 c6 b9 ef ce 47 9a 81 d 54 71 db 9b b 5d a8 5f ce 83 fa d9 e0 a2 39 ae 26 33 88 6 d6 c1 b5 fc f4 3d 2 ca fe b7 c6 f2 f4 c9 bd f2 80 83 e5 75 4c a2 67 cd 25 4c 42 72 ee a9 3f 14 f6 81 86 e4 2a c5 f8 20 46 7e 5 70 43 fd 91 89 7c 96 ] bresp=0 bid=1101
[995000] SCOREBOARD: Transaction 4 received. pass=231 fail=0
[995000] ALL PASS. Total transactions: 4
[1005000] MASTER 1 W_VALID_RDY Handshake beat=8 wlast=0
[1005000] AXI S0_WVALID_RDY HANDSHAKE
[1005000] S0 MEMORY WRITE beat=1 addr=0e80da88 data=d1ef4d75333eda59 id=19
[1015000] AXI S0_WVALID_RDY HANDSHAKE
[1015000] S0 MEMORY WRITE beat=2 addr=0e80da98 data=d1c245cfcbda31ac id=19
[1015000] MASTER 1 W_VALID_RDY Handshake beat=9 wlast=0
[1025000] MASTER 1 W_VALID_RDY Handshake beat=10 wlast=0
[1025000] AXI S0_WVALID_RDY HANDSHAKE
[1025000] S0 MEMORY WRITE beat=3 addr=0e80daa8 data=f932abcdd0563c19 id=19
[1035000] AXI S0_WVALID_RDY HANDSHAKE
[1035000] S0 MEMORY WRITE beat=4 addr=0e80dab8 data=03951672391cf158 id=19
[1035000] MASTER 1 W_VALID_RDY Handshake beat=11 wlast=0
[1045000] MASTER 1 W_VALID_RDY Handshake beat=12 wlast=0
[1045000] AXI S0_WVALID_RDY HANDSHAKE
[1045000] S0 MEMORY WRITE beat=5 addr=0e80dac8 data=04f72304cb21f943 id=19
[1055000] AXI S0_WVALID_RDY HANDSHAKE
[1055000] S0 MEMORY WRITE beat=6 addr=0e80dad8 data=1b78355cd5575c41 id=19
[1055000] MASTER 1 W_VALID_RDY Handshake beat=13 wlast=0
[1065000] MASTER 1 W_VALID_RDY Handshake beat=14 wlast=0
[1065000] AXI S0_WVALID_RDY HANDSHAKE
[1065000] S0 MEMORY WRITE beat=7 addr=0e80dae8 data=8e744d99fe29ced1 id=19
[1075000] AXI S0_WVALID_RDY HANDSHAKE
[1075000] S0 MEMORY WRITE beat=8 addr=0e80daf8 data=c94bc8141f0d4bce id=19
[1075000] MASTER 1 W_VALID_RDY Handshake beat=15 wlast=0
[1085000] MASTER 1 W_VALID_RDY Handshake beat=16 wlast=0
[1085000] AXI S0_WVALID_RDY HANDSHAKE
[1085000] S0 MEMORY WRITE beat=9 addr=0e80db08 data=f464a80f936b709d id=19
[1095000] AXI S0_WVALID_RDY HANDSHAKE
[1095000] S0 MEMORY WRITE beat=10 addr=0e80db18 data=11953f6fe4c3fd70 id=19
[1095000] MASTER 1 W_VALID_RDY Handshake beat=17 wlast=0
[1105000] MASTER 1 W_VALID_RDY Handshake beat=18 wlast=0
[1105000] AXI S0_WVALID_RDY HANDSHAKE
[1105000] S0 MEMORY WRITE beat=11 addr=0e80db28 data=83d1493e02d8f5a9 id=19
[1115000] AXI S0_WVALID_RDY HANDSHAKE
[1115000] S0 MEMORY WRITE beat=12 addr=0e80db38 data=96446646dae10783 id=19
[1115000] MASTER 1 W_VALID_RDY Handshake beat=19 wlast=0
[1125000] MASTER 1 W_VALID_RDY Handshake beat=20 wlast=0
[1125000] AXI S0_WVALID_RDY HANDSHAKE
[1125000] S0 MEMORY WRITE beat=13 addr=0e80db48 data=3fa504f4f835f14e id=19
[1135000] AXI S0_WVALID_RDY HANDSHAKE
[1135000] S0 MEMORY WRITE beat=14 addr=0e80db58 data=fb0ee6f7a7d9a5b5 id=19
[1135000] MASTER 1 W_VALID_RDY Handshake beat=21 wlast=0
[1145000] MASTER 1 W_VALID_RDY Handshake beat=22 wlast=0
[1145000] AXI S0_WVALID_RDY HANDSHAKE
[1145000] S0 MEMORY WRITE beat=15 addr=0e80db68 data=02baad39c3764e32 id=19
[1155000] AXI S0_WVALID_RDY HANDSHAKE
[1155000] S0 MEMORY WRITE beat=16 addr=0e80db78 data=bbac3f8091534d3d id=19
[1155000] MASTER 1 W_VALID_RDY Handshake beat=23 wlast=0
[1165000] MASTER 1 W_VALID_RDY Handshake beat=24 wlast=0
[1165000] AXI S0_WVALID_RDY HANDSHAKE
[1165000] S0 MEMORY WRITE beat=17 addr=0e80db88 data=392cf2f3c25fb22d id=19
[1175000] AXI S0_WVALID_RDY HANDSHAKE
[1175000] S0 MEMORY WRITE beat=18 addr=0e80db98 data=85d6005fb6bb2677 id=19
[1175000] MASTER 1 W_VALID_RDY Handshake beat=25 wlast=0
[1185000] MASTER 1 W_VALID_RDY Handshake beat=26 wlast=0
[1185000] AXI S0_WVALID_RDY HANDSHAKE
[1185000] S0 MEMORY WRITE beat=19 addr=0e80dba8 data=c80e73b53be7a02c id=19
[1195000] AXI S0_WVALID_RDY HANDSHAKE
[1195000] S0 MEMORY WRITE beat=20 addr=0e80dbb8 data=fe475259c1823fe0 id=19
[1195000] MASTER 1 W_VALID_RDY Handshake beat=27 wlast=0
[1205000] MASTER 1 W_VALID_RDY Handshake beat=28 wlast=0
[1205000] AXI S0_WVALID_RDY HANDSHAKE
[1205000] S0 MEMORY WRITE beat=21 addr=0e80dbc8 data=f83d6657013b66a8 id=19
[1215000] AXI S0_WVALID_RDY HANDSHAKE
[1215000] S0 MEMORY WRITE beat=22 addr=0e80dbd8 data=3d2306d4841d52b8 id=19
[1215000] MASTER 1 W_VALID_RDY Handshake beat=29 wlast=0
[1225000] MASTER 1 W_VALID_RDY Handshake beat=30 wlast=0
[1225000] AXI S0_WVALID_RDY HANDSHAKE
[1225000] S0 MEMORY WRITE beat=23 addr=0e80dbe8 data=c59f9298c04bda0c id=19
[1235000] AXI S0_WVALID_RDY HANDSHAKE
[1235000] S0 MEMORY WRITE beat=24 addr=0e80dbf8 data=c18740b43b6a592d id=19
[1235000] MASTER 1 W_VALID_RDY Handshake beat=31 wlast=0
[1245000] MASTER 1 W_VALID_RDY Handshake beat=32 wlast=0
[1245000] AXI S0_WVALID_RDY HANDSHAKE
[1245000] S0 MEMORY WRITE beat=25 addr=0e80dc08 data=bf87abe53ddcf8f0 id=19
[1255000] AXI S0_WVALID_RDY HANDSHAKE
[1255000] S0 MEMORY WRITE beat=26 addr=0e80dc18 data=fe28d2fcfeaa4788 id=19
[1255000] MASTER 1 W_VALID_RDY Handshake beat=33 wlast=0
[1265000] MASTER 1 W_VALID_RDY Handshake beat=34 wlast=0
[1265000] AXI S0_WVALID_RDY HANDSHAKE
[1265000] S0 MEMORY WRITE beat=27 addr=0e80dc28 data=ba14a0b505273e7e id=19
[1275000] AXI S0_WVALID_RDY HANDSHAKE
[1275000] S0 MEMORY WRITE beat=28 addr=0e80dc38 data=c304376e3fb013b1 id=19
[1275000] MASTER 1 W_VALID_RDY Handshake beat=35 wlast=0
[1285000] MASTER 1 W_VALID_RDY Handshake beat=36 wlast=0
[1285000] AXI S0_WVALID_RDY HANDSHAKE
[1285000] S0 MEMORY WRITE beat=29 addr=0e80dc48 data=be5a5b39f99c4c9b id=19
[1295000] AXI S0_WVALID_RDY HANDSHAKE
[1295000] S0 MEMORY WRITE beat=30 addr=0e80dc58 data=fec38b19c12d0a6a id=19
[1295000] MASTER 1 W_VALID_RDY Handshake beat=37 wlast=0
[1305000] MASTER 1 W_VALID_RDY Handshake beat=38 wlast=0
[1305000] AXI S0_WVALID_RDY HANDSHAKE
[1305000] S0 MEMORY WRITE beat=31 addr=0e80dc68 data=80dd1e1bf86efbef id=19
[1315000] AXI S0_WVALID_RDY HANDSHAKE
[1315000] S0 MEMORY WRITE beat=32 addr=0e80dc78 data=f20b488ac1c7c287 id=19
[1315000] MASTER 1 W_VALID_RDY Handshake beat=39 wlast=0
[1325000] MASTER 1 W_VALID_RDY Handshake beat=40 wlast=0
[1325000] AXI S0_WVALID_RDY HANDSHAKE
[1325000] S0 MEMORY WRITE beat=33 addr=0e80dc88 data=82f4ccf13f377955 id=19
[1335000] AXI S0_WVALID_RDY HANDSHAKE
[1335000] S0 MEMORY WRITE beat=34 addr=0e80dc98 data=37a67544f0ced3a3 id=19
[1335000] MASTER 1 W_VALID_RDY Handshake beat=41 wlast=0
[1345000] MASTER 1 W_VALID_RDY Handshake beat=42 wlast=0
[1345000] AXI S0_WVALID_RDY HANDSHAKE
[1345000] S0 MEMORY WRITE beat=35 addr=0e80dca8 data=3296962a03d1eb0d id=19
[1355000] AXI S0_WVALID_RDY HANDSHAKE
[1355000] S0 MEMORY WRITE beat=36 addr=0e80dcb8 data=c309646229b1bdce id=19
[1355000] MASTER 1 W_VALID_RDY Handshake beat=43 wlast=0
[1365000] MASTER 1 W_VALID_RDY Handshake beat=44 wlast=0
[1365000] AXI S0_WVALID_RDY HANDSHAKE
[1365000] S0 MEMORY WRITE beat=37 addr=0e80dcc8 data=1a809171b58b631b id=19
[1375000] AXI S0_WVALID_RDY HANDSHAKE
[1375000] S0 MEMORY WRITE beat=38 addr=0e80dcd8 data=b95d4e28faafd9a6 id=19
[1375000] MASTER 1 W_VALID_RDY Handshake beat=45 wlast=0
[1385000] MASTER 1 W_VALID_RDY Handshake beat=46 wlast=0
[1385000] AXI S0_WVALID_RDY HANDSHAKE
[1385000] S0 MEMORY WRITE beat=39 addr=0e80dce8 data=24619774cd17279b id=19
[1395000] AXI S0_WVALID_RDY HANDSHAKE
[1395000] S0 MEMORY WRITE beat=40 addr=0e80dcf8 data=82a28ab6fc66b28a id=19
[1395000] MASTER 1 W_VALID_RDY Handshake beat=47 wlast=0
[1405000] MASTER 1 W_VALID_RDY Handshake beat=48 wlast=0
[1405000] AXI S0_WVALID_RDY HANDSHAKE
[1405000] S0 MEMORY WRITE beat=41 addr=0e80dd08 data=f7168c303ee228e5 id=19
[1415000] AXI S0_WVALID_RDY HANDSHAKE
[1415000] S0 MEMORY WRITE beat=42 addr=0e80dd18 data=0bf950803bffd8df id=19
[1415000] MASTER 1 W_VALID_RDY Handshake beat=49 wlast=0
[1425000] MASTER 1 W_VALID_RDY Handshake beat=50 wlast=0
[1425000] AXI S0_WVALID_RDY HANDSHAKE
[1425000] S0 MEMORY WRITE beat=43 addr=0e80dd28 data=b8668b699b7823a4 id=19
[1435000] AXI S0_WVALID_RDY HANDSHAKE
[1435000] S0 MEMORY WRITE beat=44 addr=0e80dd38 data=da5a4c898e9bdb36 id=19
[1435000] MASTER 1 W_VALID_RDY Handshake beat=51 wlast=0
[1445000] MASTER 1 W_VALID_RDY Handshake beat=52 wlast=0
[1445000] AXI S0_WVALID_RDY HANDSHAKE
[1445000] S0 MEMORY WRITE beat=45 addr=0e80dd48 data=ca9bb4152f7d179a id=19
[1455000] AXI S0_WVALID_RDY HANDSHAKE
[1455000] S0 MEMORY WRITE beat=46 addr=0e80dd58 data=caf53b3ee6539d09 id=19
[1455000] MASTER 1 W_VALID_RDY Handshake beat=53 wlast=0
[1465000] MASTER 1 W_VALID_RDY Handshake beat=54 wlast=0
[1465000] AXI S0_WVALID_RDY HANDSHAKE
[1465000] S0 MEMORY WRITE beat=47 addr=0e80dd68 data=f4ef784003023f7f id=19
[1475000] AXI S0_WVALID_RDY HANDSHAKE
[1475000] S0 MEMORY WRITE beat=48 addr=0e80dd78 data=327f5719254f87c8 id=19
[1475000] MASTER 1 W_VALID_RDY Handshake beat=55 wlast=0
[1485000] MASTER 1 W_VALID_RDY Handshake beat=56 wlast=0
[1485000] AXI S0_WVALID_RDY HANDSHAKE
[1485000] S0 MEMORY WRITE beat=49 addr=0e80dd88 data=8ba324d1bf8b2c55 id=19
[1495000] AXI S0_WVALID_RDY HANDSHAKE
[1495000] S0 MEMORY WRITE beat=50 addr=0e80dd98 data=c28d6bd4fd749257 id=19
[1495000] MASTER 1 W_VALID_RDY Handshake beat=57 wlast=0
[1505000] MASTER 1 W_VALID_RDY Handshake beat=58 wlast=0
[1505000] AXI S0_WVALID_RDY HANDSHAKE
[1505000] S0 MEMORY WRITE beat=51 addr=0e80dda8 data=a2c41a1f80929d11 id=19
[1515000] AXI S0_WVALID_RDY HANDSHAKE
[1515000] S0 MEMORY WRITE beat=52 addr=0e80ddb8 data=c01dc967f50cc2ed id=19
[1515000] MASTER 1 W_VALID_RDY Handshake beat=59 wlast=0
[1525000] MASTER 1 W_VALID_RDY Handshake beat=60 wlast=0
[1525000] AXI S0_WVALID_RDY HANDSHAKE
[1525000] S0 MEMORY WRITE beat=53 addr=0e80ddc8 data=f28155452e673ef1 id=19
[1535000] AXI S0_WVALID_RDY HANDSHAKE
[1535000] S0 MEMORY WRITE beat=54 addr=0e80ddd8 data=aef9dc0282ab353b id=19
[1535000] MASTER 1 W_VALID_RDY Handshake beat=61 wlast=0
[1545000] MASTER 1 W_VALID_RDY Handshake beat=62 wlast=0
[1545000] AXI S0_WVALID_RDY HANDSHAKE
[1545000] S0 MEMORY WRITE beat=55 addr=0e80dde8 data=f7b7f82995456f64 id=19
[1555000] AXI S0_WVALID_RDY HANDSHAKE
[1555000] S0 MEMORY WRITE beat=56 addr=0e80ddf8 data=c3acae55ef17a569 id=19
[1555000] MASTER 1 W_VALID_RDY Handshake beat=63 wlast=0
[1565000] MASTER 1 W_VALID_RDY Handshake beat=64 wlast=0
[1565000] AXI S0_WVALID_RDY HANDSHAKE
[1565000] S0 MEMORY WRITE beat=57 addr=0e80de08 data=f1c2daa5ea394d6e id=19
[1575000] AXI S0_WVALID_RDY HANDSHAKE
[1575000] S0 MEMORY WRITE beat=58 addr=0e80de18 data=ff7ebcd2f2a68a58 id=19
[1575000] MASTER 1 W_VALID_RDY Handshake beat=65 wlast=0
[1585000] MASTER 1 W_VALID_RDY Handshake beat=66 wlast=0
[1585000] AXI S0_WVALID_RDY HANDSHAKE
[1585000] S0 MEMORY WRITE beat=59 addr=0e80de28 data=e1be2fc1e97ad2ce id=19
[1595000] AXI S0_WVALID_RDY HANDSHAKE
[1595000] S0 MEMORY WRITE beat=60 addr=0e80de38 data=d3b4203cc32b6b28 id=19
[1595000] MASTER 1 W_VALID_RDY Handshake beat=67 wlast=0
[1605000] MASTER 1 W_VALID_RDY Handshake beat=68 wlast=0
[1605000] AXI S0_WVALID_RDY HANDSHAKE
[1605000] S0 MEMORY WRITE beat=61 addr=0e80de48 data=35d1f580d3810a66 id=19
[1615000] AXI S0_WVALID_RDY HANDSHAKE
[1615000] S0 MEMORY WRITE beat=62 addr=0e80de58 data=bcfbdd34d332dd0e id=19
[1615000] MASTER 1 W_VALID_RDY Handshake beat=69 wlast=0
[1625000] MASTER 1 W_VALID_RDY Handshake beat=70 wlast=0
[1625000] AXI S0_WVALID_RDY HANDSHAKE
[1625000] S0 MEMORY WRITE beat=63 addr=0e80de68 data=965e483697902541 id=19
[1635000] AXI S0_WVALID_RDY HANDSHAKE
[1635000] S0 MEMORY WRITE beat=64 addr=0e80de78 data=eb112fa890affd70 id=19
[1635000] MASTER 1 W_VALID_RDY Handshake beat=71 wlast=0
[1645000] MASTER 1 W_VALID_RDY Handshake beat=72 wlast=0
[1645000] AXI S0_WVALID_RDY HANDSHAKE
[1645000] S0 MEMORY WRITE beat=65 addr=0e80de88 data=e3e2da7fcc303db6 id=19
[1655000] AXI S0_WVALID_RDY HANDSHAKE
[1655000] S0 MEMORY WRITE beat=66 addr=0e80de98 data=e3c062f8a80d0cdc id=19
[1655000] MASTER 1 W_VALID_RDY Handshake beat=73 wlast=0
[1665000] MASTER 1 W_VALID_RDY Handshake beat=74 wlast=0
[1665000] AXI S0_WVALID_RDY HANDSHAKE
[1665000] S0 MEMORY WRITE beat=67 addr=0e80dea8 data=38bd0a4dfa4122b5 id=19
[1675000] AXI S0_WVALID_RDY HANDSHAKE
[1675000] S0 MEMORY WRITE beat=68 addr=0e80deb8 data=c671606cced192a0 id=19
[1675000] MASTER 1 W_VALID_RDY Handshake beat=75 wlast=0
[1685000] MASTER 1 W_VALID_RDY Handshake beat=76 wlast=0
[1685000] AXI S0_WVALID_RDY HANDSHAKE
[1685000] S0 MEMORY WRITE beat=69 addr=0e80dec8 data=f6de9f7c1c9fe4cc id=19
[1695000] AXI S0_WVALID_RDY HANDSHAKE
[1695000] S0 MEMORY WRITE beat=70 addr=0e80ded8 data=96e107812a31c364 id=19
[1695000] MASTER 1 W_VALID_RDY Handshake beat=77 wlast=0
[1705000] MASTER 1 W_VALID_RDY Handshake beat=78 wlast=0
[1705000] AXI S0_WVALID_RDY HANDSHAKE
[1705000] S0 MEMORY WRITE beat=71 addr=0e80dee8 data=f9035604af9ba9c9 id=19
[1715000] AXI S0_WVALID_RDY HANDSHAKE
[1715000] S0 MEMORY WRITE beat=72 addr=0e80def8 data=cc3b8e95dd5267ed id=19
[1715000] MASTER 1 W_VALID_RDY Handshake beat=79 wlast=0
[1725000] MASTER 1 W_VALID_RDY Handshake beat=80 wlast=0
[1725000] AXI S0_WVALID_RDY HANDSHAKE
[1725000] S0 MEMORY WRITE beat=73 addr=0e80df08 data=87842b51efe1f580 id=19
[1735000] AXI S0_WVALID_RDY HANDSHAKE
[1735000] S0 MEMORY WRITE beat=74 addr=0e80df18 data=1f7d9f4ae31c9617 id=19
[1735000] MASTER 1 W_VALID_RDY Handshake beat=81 wlast=0
[1745000] MASTER 1 W_VALID_RDY Handshake beat=82 wlast=0
[1745000] AXI S0_WVALID_RDY HANDSHAKE
[1745000] S0 MEMORY WRITE beat=75 addr=0e80df28 data=c06efe0480878155 id=19
[1755000] AXI S0_WVALID_RDY HANDSHAKE
[1755000] S0 MEMORY WRITE beat=76 addr=0e80df38 data=f06976d6ebb92ddf id=19
[1755000] MASTER 1 W_VALID_RDY Handshake beat=83 wlast=0
[1765000] MASTER 1 W_VALID_RDY Handshake beat=84 wlast=1
[1765000] AXI S0_WVALID_RDY HANDSHAKE
[1765000] S0 MEMORY WRITE beat=77 addr=0e80df48 data=ced5c3f6c7f32956 id=19
[1775000] AXI S0_WVALID_RDY HANDSHAKE
[1775000] S0 MEMORY WRITE beat=78 addr=0e80df58 data=c87aaaab0fe71620 id=19
[1785000] AXI S0_WVALID_RDY HANDSHAKE
[1785000] S0 MEMORY WRITE beat=79 addr=0e80df68 data=fba043ff0f44c1fb id=19
[1795000] AXI S0_WVALID_RDY HANDSHAKE
[1795000] S0 MEMORY WRITE beat=80 addr=0e80df78 data=d737eb51b8e42181 id=19
[1805000] AXI S0_WVALID_RDY HANDSHAKE
[1805000] S0 MEMORY WRITE beat=81 addr=0e80df88 data=c8cb37a1ca7607f6 id=19
[1815000] AXI S0_WVALID_RDY HANDSHAKE
[1815000] S0 MEMORY WRITE beat=82 addr=0e80df98 data=d9bac9f19fb295fc id=19
[1825000] AXI S0_WVALID_RDY HANDSHAKE
[1825000] S0 MEMORY WRITE beat=83 addr=0e80dfa8 data=d896b77ec46b7ba1 id=19
[1835000] AXI S0_WVALID_RDY HANDSHAKE
[1835000] S0 MEMORY WRITE beat=84 addr=0e80dfb8 data=0ee1839730f2b542 id=19
[1845000] SLAVE0 sent B resp, id=9
[1855000] [SLAVE MONITOR] mst_id=1 s_id=0 awaddr=e80da78 awid=1001 awlen=84 awsize=4 awburst=1 wdata=[e75aab88ad587a21 d1ef4d75333eda59 d1c245cfcbda31ac f932abcdd0563c19 3951672391cf158 4f72304cb21f943 1b78355cd5575c41 8e744d99fe29ced1 c94bc8141f0d4bce f464a80f936b709d 11953f6fe4c3fd70 83d1493e02d8f5a9 96446646dae10783 3fa504f4f835f14e fb0ee6f7a7d9a5b5 2baad39c3764e32 bbac3f8091534d3d 392cf2f3c25fb22d 85d6005fb6bb2677 c80e73b53be7a02c fe475259c1823fe0 f83d6657013b66a8 3d2306d4841d52b8 c59f9298c04bda0c c18740b43b6a592d bf87abe53ddcf8f0 fe28d2fcfeaa4788 ba14a0b505273e7e c304376e3fb013b1 be5a5b39f99c4c9b fec38b19c12d0a6a 80dd1e1bf86efbef f20b488ac1c7c287 82f4ccf13f377955 37a67544f0ced3a3 3296962a03d1eb0d c309646229b1bdce 1a809171b58b631b b95d4e28faafd9a6 24619774cd17279b 82a28ab6fc66b28a f7168c303ee228e5 bf950803bffd8df b8668b699b7823a4 da5a4c898e9bdb36 ca9bb4152f7d179a caf53b3ee6539d09 f4ef784003023f7f 327f5719254f87c8 8ba324d1bf8b2c55 c28d6bd4fd749257 a2c41a1f80929d11 c01dc967f50cc2ed f28155452e673ef1 aef9dc0282ab353b f7b7f82995456f64 c3acae55ef17a569 f1c2daa5ea394d6e ff7ebcd2f2a68a58 e1be2fc1e97ad2ce d3b4203cc32b6b28 35d1f580d3810a66 bcfbdd34d332dd0e 965e483697902541 eb112fa890affd70 e3e2da7fcc303db6 e3c062f8a80d0cdc 38bd0a4dfa4122b5 c671606cced192a0 f6de9f7c1c9fe4cc 96e107812a31c364 f9035604af9ba9c9 cc3b8e95dd5267ed 87842b51efe1f580 1f7d9f4ae31c9617 c06efe0480878155 f06976d6ebb92ddf ced5c3f6c7f32956 c87aaaab0fe71620 fba043ff0f44c1fb d737eb51b8e42181 c8cb37a1ca7607f6 d9bac9f19fb295fc d896b77ec46b7ba1 ee1839730f2b542 ] wstrb=[1f 3e 88 c0 bc ca 57 dc 8 df 9c c5 a9 f4 a1 b2 d3 3d 77 7d 31 18 2f 5 55 a6 82 87 be b1 8c 13 57 e 9a 15 bf 26 28 16 34 c3 2b f3 e9 53 9 1e 16 34 11 0 88 1b 1e 9e 4f 2f 9e d7 4a bc 76 9a ec 14 71 36 d1 e7 d0 bd fc 42 f3 cd 29 c4 8a 25 6 7d f2 2f 41 ] bresp=0 bid=11001
[1865000] MASTER 1 RECEIVED BRESP. BRESP=0
[1865000] [MASTER DRIVER] mst_id=1 s_id=0 awaddr=e80da78 awid=1001 awlen=84 awsize=4 awburst=1 wdata=[e75aab88ad587a21 d1ef4d75333eda59 d1c245cfcbda31ac f932abcdd0563c19 3951672391cf158 4f72304cb21f943 1b78355cd5575c41 8e744d99fe29ced1 c94bc8141f0d4bce f464a80f936b709d 11953f6fe4c3fd70 83d1493e02d8f5a9 96446646dae10783 3fa504f4f835f14e fb0ee6f7a7d9a5b5 2baad39c3764e32 bbac3f8091534d3d 392cf2f3c25fb22d 85d6005fb6bb2677 c80e73b53be7a02c fe475259c1823fe0 f83d6657013b66a8 3d2306d4841d52b8 c59f9298c04bda0c c18740b43b6a592d bf87abe53ddcf8f0 fe28d2fcfeaa4788 ba14a0b505273e7e c304376e3fb013b1 be5a5b39f99c4c9b fec38b19c12d0a6a 80dd1e1bf86efbef f20b488ac1c7c287 82f4ccf13f377955 37a67544f0ced3a3 3296962a03d1eb0d c309646229b1bdce 1a809171b58b631b b95d4e28faafd9a6 24619774cd17279b 82a28ab6fc66b28a f7168c303ee228e5 bf950803bffd8df b8668b699b7823a4 da5a4c898e9bdb36 ca9bb4152f7d179a caf53b3ee6539d09 f4ef784003023f7f 327f5719254f87c8 8ba324d1bf8b2c55 c28d6bd4fd749257 a2c41a1f80929d11 c01dc967f50cc2ed f28155452e673ef1 aef9dc0282ab353b f7b7f82995456f64 c3acae55ef17a569 f1c2daa5ea394d6e ff7ebcd2f2a68a58 e1be2fc1e97ad2ce d3b4203cc32b6b28 35d1f580d3810a66 bcfbdd34d332dd0e 965e483697902541 eb112fa890affd70 e3e2da7fcc303db6 e3c062f8a80d0cdc 38bd0a4dfa4122b5 c671606cced192a0 f6de9f7c1c9fe4cc 96e107812a31c364 f9035604af9ba9c9 cc3b8e95dd5267ed 87842b51efe1f580 1f7d9f4ae31c9617 c06efe0480878155 f06976d6ebb92ddf ced5c3f6c7f32956 c87aaaab0fe71620 fba043ff0f44c1fb d737eb51b8e42181 c8cb37a1ca7607f6 d9bac9f19fb295fc d896b77ec46b7ba1 ee1839730f2b542 ] wstrb=[1f 3e 88 c0 bc ca 57 dc 8 df 9c c5 a9 f4 a1 b2 d3 3d 77 7d 31 18 2f 5 55 a6 82 87 be b1 8c 13 57 e 9a 15 bf 26 28 16 34 c3 2b f3 e9 53 9 1e 16 34 11 0 88 1b 1e 9e 4f 2f 9e d7 4a bc 76 9a ec 14 71 36 d1 e7 d0 bd fc 42 f3 cd 29 c4 8a 25 6 7d f2 2f 41 ] bresp=0 bid=1001
[1865000] MASTER 1 B_VALID_RDY Handshake
[1865000] [MASTER MONITOR] mst_id=1 s_id=0 awaddr=e80da78 awid=1001 awlen=84 awsize=4 awburst=1 wdata=[e75aab88ad587a21 d1ef4d75333eda59 d1c245cfcbda31ac f932abcdd0563c19 3951672391cf158 4f72304cb21f943 1b78355cd5575c41 8e744d99fe29ced1 c94bc8141f0d4bce f464a80f936b709d 11953f6fe4c3fd70 83d1493e02d8f5a9 96446646dae10783 3fa504f4f835f14e fb0ee6f7a7d9a5b5 2baad39c3764e32 bbac3f8091534d3d 392cf2f3c25fb22d 85d6005fb6bb2677 c80e73b53be7a02c fe475259c1823fe0 f83d6657013b66a8 3d2306d4841d52b8 c59f9298c04bda0c c18740b43b6a592d bf87abe53ddcf8f0 fe28d2fcfeaa4788 ba14a0b505273e7e c304376e3fb013b1 be5a5b39f99c4c9b fec38b19c12d0a6a 80dd1e1bf86efbef f20b488ac1c7c287 82f4ccf13f377955 37a67544f0ced3a3 3296962a03d1eb0d c309646229b1bdce 1a809171b58b631b b95d4e28faafd9a6 24619774cd17279b 82a28ab6fc66b28a f7168c303ee228e5 bf950803bffd8df b8668b699b7823a4 da5a4c898e9bdb36 ca9bb4152f7d179a caf53b3ee6539d09 f4ef784003023f7f 327f5719254f87c8 8ba324d1bf8b2c55 c28d6bd4fd749257 a2c41a1f80929d11 c01dc967f50cc2ed f28155452e673ef1 aef9dc0282ab353b f7b7f82995456f64 c3acae55ef17a569 f1c2daa5ea394d6e ff7ebcd2f2a68a58 e1be2fc1e97ad2ce d3b4203cc32b6b28 35d1f580d3810a66 bcfbdd34d332dd0e 965e483697902541 eb112fa890affd70 e3e2da7fcc303db6 e3c062f8a80d0cdc 38bd0a4dfa4122b5 c671606cced192a0 f6de9f7c1c9fe4cc 96e107812a31c364 f9035604af9ba9c9 cc3b8e95dd5267ed 87842b51efe1f580 1f7d9f4ae31c9617 c06efe0480878155 f06976d6ebb92ddf ced5c3f6c7f32956 c87aaaab0fe71620 fba043ff0f44c1fb d737eb51b8e42181 c8cb37a1ca7607f6 d9bac9f19fb295fc d896b77ec46b7ba1 ee1839730f2b542 ] wstrb=[1f 3e 88 c0 bc ca 57 dc 8 df 9c c5 a9 f4 a1 b2 d3 3d 77 7d 31 18 2f 5 55 a6 82 87 be b1 8c 13 57 e 9a 15 bf 26 28 16 34 c3 2b f3 e9 53 9 1e 16 34 11 0 88 1b 1e 9e 4f 2f 9e d7 4a bc 76 9a ec 14 71 36 d1 e7 d0 bd fc 42 f3 cd 29 c4 8a 25 6 7d f2 2f 41 ] bresp=0 bid=1001
[1865000] SCOREBOARD MATCH: decode_err expected = 0, actual =0
[1865000] SCOREBOARD MATCH: slave_id expected = 0, actual =0
[1865000] SCOREBOARD MATCH: awaddr passthrough expected = e80da78, actual =e80da78
[1865000] SCOREBOARD MATCH: awlen passthrough expected = 84, actual =84
[1865000] SCOREBOARD MATCH: awsize passthrough expected = 4, actual =4
[1865000] SCOREBOARD MATCH: awburst passthrough expected = 1, actual =1
[1865000] SCOREBOARD MATCH: wdata size check expected = 55, actual =55
[1865000] SCOREBOARD MATCH: wdata passthrough beat=0 expected = e75aab88ad587a21, actual =e75aab88ad587a21
[1865000] SCOREBOARD MATCH: wdata passthrough beat=1 expected = d1ef4d75333eda59, actual =d1ef4d75333eda59
[1865000] SCOREBOARD MATCH: wdata passthrough beat=2 expected = d1c245cfcbda31ac, actual =d1c245cfcbda31ac
[1865000] SCOREBOARD MATCH: wdata passthrough beat=3 expected = f932abcdd0563c19, actual =f932abcdd0563c19
[1865000] SCOREBOARD MATCH: wdata passthrough beat=4 expected = 3951672391cf158, actual =3951672391cf158
[1865000] SCOREBOARD MATCH: wdata passthrough beat=5 expected = 4f72304cb21f943, actual =4f72304cb21f943
[1865000] SCOREBOARD MATCH: wdata passthrough beat=6 expected = 1b78355cd5575c41, actual =1b78355cd5575c41
[1865000] SCOREBOARD MATCH: wdata passthrough beat=7 expected = 8e744d99fe29ced1, actual =8e744d99fe29ced1
[1865000] SCOREBOARD MATCH: wdata passthrough beat=8 expected = c94bc8141f0d4bce, actual =c94bc8141f0d4bce
[1865000] SCOREBOARD MATCH: wdata passthrough beat=9 expected = f464a80f936b709d, actual =f464a80f936b709d
[1865000] SCOREBOARD MATCH: wdata passthrough beat=10 expected = 11953f6fe4c3fd70, actual =11953f6fe4c3fd70
[1865000] SCOREBOARD MATCH: wdata passthrough beat=11 expected = 83d1493e02d8f5a9, actual =83d1493e02d8f5a9
[1865000] SCOREBOARD MATCH: wdata passthrough beat=12 expected = 96446646dae10783, actual =96446646dae10783
[1865000] SCOREBOARD MATCH: wdata passthrough beat=13 expected = 3fa504f4f835f14e, actual =3fa504f4f835f14e
[1865000] SCOREBOARD MATCH: wdata passthrough beat=14 expected = fb0ee6f7a7d9a5b5, actual =fb0ee6f7a7d9a5b5
[1865000] SCOREBOARD MATCH: wdata passthrough beat=15 expected = 2baad39c3764e32, actual =2baad39c3764e32
[1865000] SCOREBOARD MATCH: wdata passthrough beat=16 expected = bbac3f8091534d3d, actual =bbac3f8091534d3d
[1865000] SCOREBOARD MATCH: wdata passthrough beat=17 expected = 392cf2f3c25fb22d, actual =392cf2f3c25fb22d
[1865000] SCOREBOARD MATCH: wdata passthrough beat=18 expected = 85d6005fb6bb2677, actual =85d6005fb6bb2677
[1865000] SCOREBOARD MATCH: wdata passthrough beat=19 expected = c80e73b53be7a02c, actual =c80e73b53be7a02c
[1865000] SCOREBOARD MATCH: wdata passthrough beat=20 expected = fe475259c1823fe0, actual =fe475259c1823fe0
[1865000] SCOREBOARD MATCH: wdata passthrough beat=21 expected = f83d6657013b66a8, actual =f83d6657013b66a8
[1865000] SCOREBOARD MATCH: wdata passthrough beat=22 expected = 3d2306d4841d52b8, actual =3d2306d4841d52b8
[1865000] SCOREBOARD MATCH: wdata passthrough beat=23 expected = c59f9298c04bda0c, actual =c59f9298c04bda0c
[1865000] SCOREBOARD MATCH: wdata passthrough beat=24 expected = c18740b43b6a592d, actual =c18740b43b6a592d
[1865000] SCOREBOARD MATCH: wdata passthrough beat=25 expected = bf87abe53ddcf8f0, actual =bf87abe53ddcf8f0
[1865000] SCOREBOARD MATCH: wdata passthrough beat=26 expected = fe28d2fcfeaa4788, actual =fe28d2fcfeaa4788
[1865000] SCOREBOARD MATCH: wdata passthrough beat=27 expected = ba14a0b505273e7e, actual =ba14a0b505273e7e
[1865000] SCOREBOARD MATCH: wdata passthrough beat=28 expected = c304376e3fb013b1, actual =c304376e3fb013b1
[1865000] SCOREBOARD MATCH: wdata passthrough beat=29 expected = be5a5b39f99c4c9b, actual =be5a5b39f99c4c9b
[1865000] SCOREBOARD MATCH: wdata passthrough beat=30 expected = fec38b19c12d0a6a, actual =fec38b19c12d0a6a
[1865000] SCOREBOARD MATCH: wdata passthrough beat=31 expected = 80dd1e1bf86efbef, actual =80dd1e1bf86efbef
[1865000] SCOREBOARD MATCH: wdata passthrough beat=32 expected = f20b488ac1c7c287, actual =f20b488ac1c7c287
[1865000] SCOREBOARD MATCH: wdata passthrough beat=33 expected = 82f4ccf13f377955, actual =82f4ccf13f377955
[1865000] SCOREBOARD MATCH: wdata passthrough beat=34 expected = 37a67544f0ced3a3, actual =37a67544f0ced3a3
[1865000] SCOREBOARD MATCH: wdata passthrough beat=35 expected = 3296962a03d1eb0d, actual =3296962a03d1eb0d
[1865000] SCOREBOARD MATCH: wdata passthrough beat=36 expected = c309646229b1bdce, actual =c309646229b1bdce
[1865000] SCOREBOARD MATCH: wdata passthrough beat=37 expected = 1a809171b58b631b, actual =1a809171b58b631b
[1865000] SCOREBOARD MATCH: wdata passthrough beat=38 expected = b95d4e28faafd9a6, actual =b95d4e28faafd9a6
[1865000] SCOREBOARD MATCH: wdata passthrough beat=39 expected = 24619774cd17279b, actual =24619774cd17279b
[1865000] SCOREBOARD MATCH: wdata passthrough beat=40 expected = 82a28ab6fc66b28a, actual =82a28ab6fc66b28a
[1865000] SCOREBOARD MATCH: wdata passthrough beat=41 expected = f7168c303ee228e5, actual =f7168c303ee228e5
[1865000] SCOREBOARD MATCH: wdata passthrough beat=42 expected = bf950803bffd8df, actual =bf950803bffd8df
[1865000] SCOREBOARD MATCH: wdata passthrough beat=43 expected = b8668b699b7823a4, actual =b8668b699b7823a4
[1865000] SCOREBOARD MATCH: wdata passthrough beat=44 expected = da5a4c898e9bdb36, actual =da5a4c898e9bdb36
[1865000] SCOREBOARD MATCH: wdata passthrough beat=45 expected = ca9bb4152f7d179a, actual =ca9bb4152f7d179a
[1865000] SCOREBOARD MATCH: wdata passthrough beat=46 expected = caf53b3ee6539d09, actual =caf53b3ee6539d09
[1865000] SCOREBOARD MATCH: wdata passthrough beat=47 expected = f4ef784003023f7f, actual =f4ef784003023f7f
[1865000] SCOREBOARD MATCH: wdata passthrough beat=48 expected = 327f5719254f87c8, actual =327f5719254f87c8
[1865000] SCOREBOARD MATCH: wdata passthrough beat=49 expected = 8ba324d1bf8b2c55, actual =8ba324d1bf8b2c55
[1865000] SCOREBOARD MATCH: wdata passthrough beat=50 expected = c28d6bd4fd749257, actual =c28d6bd4fd749257
[1865000] SCOREBOARD MATCH: wdata passthrough beat=51 expected = a2c41a1f80929d11, actual =a2c41a1f80929d11
[1865000] SCOREBOARD MATCH: wdata passthrough beat=52 expected = c01dc967f50cc2ed, actual =c01dc967f50cc2ed
[1865000] SCOREBOARD MATCH: wdata passthrough beat=53 expected = f28155452e673ef1, actual =f28155452e673ef1
[1865000] SCOREBOARD MATCH: wdata passthrough beat=54 expected = aef9dc0282ab353b, actual =aef9dc0282ab353b
[1865000] SCOREBOARD MATCH: wdata passthrough beat=55 expected = f7b7f82995456f64, actual =f7b7f82995456f64
[1865000] SCOREBOARD MATCH: wdata passthrough beat=56 expected = c3acae55ef17a569, actual =c3acae55ef17a569
[1865000] SCOREBOARD MATCH: wdata passthrough beat=57 expected = f1c2daa5ea394d6e, actual =f1c2daa5ea394d6e
[1865000] SCOREBOARD MATCH: wdata passthrough beat=58 expected = ff7ebcd2f2a68a58, actual =ff7ebcd2f2a68a58
[1865000] SCOREBOARD MATCH: wdata passthrough beat=59 expected = e1be2fc1e97ad2ce, actual =e1be2fc1e97ad2ce
[1865000] SCOREBOARD MATCH: wdata passthrough beat=60 expected = d3b4203cc32b6b28, actual =d3b4203cc32b6b28
[1865000] SCOREBOARD MATCH: wdata passthrough beat=61 expected = 35d1f580d3810a66, actual =35d1f580d3810a66
[1865000] SCOREBOARD MATCH: wdata passthrough beat=62 expected = bcfbdd34d332dd0e, actual =bcfbdd34d332dd0e
[1865000] SCOREBOARD MATCH: wdata passthrough beat=63 expected = 965e483697902541, actual =965e483697902541
[1865000] SCOREBOARD MATCH: wdata passthrough beat=64 expected = eb112fa890affd70, actual =eb112fa890affd70
[1865000] SCOREBOARD MATCH: wdata passthrough beat=65 expected = e3e2da7fcc303db6, actual =e3e2da7fcc303db6
[1865000] SCOREBOARD MATCH: wdata passthrough beat=66 expected = e3c062f8a80d0cdc, actual =e3c062f8a80d0cdc
[1865000] SCOREBOARD MATCH: wdata passthrough beat=67 expected = 38bd0a4dfa4122b5, actual =38bd0a4dfa4122b5
[1865000] SCOREBOARD MATCH: wdata passthrough beat=68 expected = c671606cced192a0, actual =c671606cced192a0
[1865000] SCOREBOARD MATCH: wdata passthrough beat=69 expected = f6de9f7c1c9fe4cc, actual =f6de9f7c1c9fe4cc
[1865000] SCOREBOARD MATCH: wdata passthrough beat=70 expected = 96e107812a31c364, actual =96e107812a31c364
[1865000] SCOREBOARD MATCH: wdata passthrough beat=71 expected = f9035604af9ba9c9, actual =f9035604af9ba9c9
[1865000] SCOREBOARD MATCH: wdata passthrough beat=72 expected = cc3b8e95dd5267ed, actual =cc3b8e95dd5267ed
[1865000] SCOREBOARD MATCH: wdata passthrough beat=73 expected = 87842b51efe1f580, actual =87842b51efe1f580
[1865000] SCOREBOARD MATCH: wdata passthrough beat=74 expected = 1f7d9f4ae31c9617, actual =1f7d9f4ae31c9617
[1865000] SCOREBOARD MATCH: wdata passthrough beat=75 expected = c06efe0480878155, actual =c06efe0480878155
[1865000] SCOREBOARD MATCH: wdata passthrough beat=76 expected = f06976d6ebb92ddf, actual =f06976d6ebb92ddf
[1865000] SCOREBOARD MATCH: wdata passthrough beat=77 expected = ced5c3f6c7f32956, actual =ced5c3f6c7f32956
[1865000] SCOREBOARD MATCH: wdata passthrough beat=78 expected = c87aaaab0fe71620, actual =c87aaaab0fe71620
[1865000] SCOREBOARD MATCH: wdata passthrough beat=79 expected = fba043ff0f44c1fb, actual =fba043ff0f44c1fb
[1865000] SCOREBOARD MATCH: wdata passthrough beat=80 expected = d737eb51b8e42181, actual =d737eb51b8e42181
[1865000] SCOREBOARD MATCH: wdata passthrough beat=81 expected = c8cb37a1ca7607f6, actual =c8cb37a1ca7607f6
[1865000] SCOREBOARD MATCH: wdata passthrough beat=82 expected = d9bac9f19fb295fc, actual =d9bac9f19fb295fc
[1865000] SCOREBOARD MATCH: wdata passthrough beat=83 expected = d896b77ec46b7ba1, actual =d896b77ec46b7ba1
[1865000] SCOREBOARD MATCH: wdata passthrough beat=84 expected = ee1839730f2b542, actual =ee1839730f2b542
[1865000] SCOREBOARD MATCH: wstrb size check expected = 55, actual =55
[1865000] SCOREBOARD MATCH: wstrb passthrough beat=0 expected = 1f, actual =1f
[1865000] SCOREBOARD MATCH: wstrb passthrough beat=1 expected = 3e, actual =3e
[1865000] SCOREBOARD MATCH: wstrb passthrough beat=2 expected = 88, actual =88
[1865000] SCOREBOARD MATCH: wstrb passthrough beat=3 expected = c0, actual =c0
[1865000] SCOREBOARD MATCH: wstrb passthrough beat=4 expected = bc, actual =bc
[1865000] SCOREBOARD MATCH: wstrb passthrough beat=5 expected = ca, actual =ca
[1865000] SCOREBOARD MATCH: wstrb passthrough beat=6 expected = 57, actual =57
[1865000] SCOREBOARD MATCH: wstrb passthrough beat=7 expected = dc, actual =dc
[1865000] SCOREBOARD MATCH: wstrb passthrough beat=8 expected = 8, actual =8
[1865000] SCOREBOARD MATCH: wstrb passthrough beat=9 expected = df, actual =df
[1865000] SCOREBOARD MATCH: wstrb passthrough beat=10 expected = 9c, actual =9c
[1865000] SCOREBOARD MATCH: wstrb passthrough beat=11 expected = c5, actual =c5
[1865000] SCOREBOARD MATCH: wstrb passthrough beat=12 expected = a9, actual =a9
[1865000] SCOREBOARD MATCH: wstrb passthrough beat=13 expected = f4, actual =f4
[1865000] SCOREBOARD MATCH: wstrb passthrough beat=14 expected = a1, actual =a1
[1865000] SCOREBOARD MATCH: wstrb passthrough beat=15 expected = b2, actual =b2
[1865000] SCOREBOARD MATCH: wstrb passthrough beat=16 expected = d3, actual =d3
[1865000] SCOREBOARD MATCH: wstrb passthrough beat=17 expected = 3d, actual =3d
[1865000] SCOREBOARD MATCH: wstrb passthrough beat=18 expected = 77, actual =77
[1865000] SCOREBOARD MATCH: wstrb passthrough beat=19 expected = 7d, actual =7d
[1865000] SCOREBOARD MATCH: wstrb passthrough beat=20 expected = 31, actual =31
[1865000] SCOREBOARD MATCH: wstrb passthrough beat=21 expected = 18, actual =18
[1865000] SCOREBOARD MATCH: wstrb passthrough beat=22 expected = 2f, actual =2f
[1865000] SCOREBOARD MATCH: wstrb passthrough beat=23 expected = 5, actual =5
[1865000] SCOREBOARD MATCH: wstrb passthrough beat=24 expected = 55, actual =55
[1865000] SCOREBOARD MATCH: wstrb passthrough beat=25 expected = a6, actual =a6
[1865000] SCOREBOARD MATCH: wstrb passthrough beat=26 expected = 82, actual =82
[1865000] SCOREBOARD MATCH: wstrb passthrough beat=27 expected = 87, actual =87
[1865000] SCOREBOARD MATCH: wstrb passthrough beat=28 expected = be, actual =be
[1865000] SCOREBOARD MATCH: wstrb passthrough beat=29 expected = b1, actual =b1
[1865000] SCOREBOARD MATCH: wstrb passthrough beat=30 expected = 8c, actual =8c
[1865000] SCOREBOARD MATCH: wstrb passthrough beat=31 expected = 13, actual =13
[1865000] SCOREBOARD MATCH: wstrb passthrough beat=32 expected = 57, actual =57
[1865000] SCOREBOARD MATCH: wstrb passthrough beat=33 expected = e, actual =e
[1865000] SCOREBOARD MATCH: wstrb passthrough beat=34 expected = 9a, actual =9a
[1865000] SCOREBOARD MATCH: wstrb passthrough beat=35 expected = 15, actual =15
[1865000] SCOREBOARD MATCH: wstrb passthrough beat=36 expected = bf, actual =bf
[1865000] SCOREBOARD MATCH: wstrb passthrough beat=37 expected = 26, actual =26
[1865000] SCOREBOARD MATCH: wstrb passthrough beat=38 expected = 28, actual =28
[1865000] SCOREBOARD MATCH: wstrb passthrough beat=39 expected = 16, actual =16
[1865000] SCOREBOARD MATCH: wstrb passthrough beat=40 expected = 34, actual =34
[1865000] SCOREBOARD MATCH: wstrb passthrough beat=41 expected = c3, actual =c3
[1865000] SCOREBOARD MATCH: wstrb passthrough beat=42 expected = 2b, actual =2b
[1865000] SCOREBOARD MATCH: wstrb passthrough beat=43 expected = f3, actual =f3
[1865000] SCOREBOARD MATCH: wstrb passthrough beat=44 expected = e9, actual =e9
[1865000] SCOREBOARD MATCH: wstrb passthrough beat=45 expected = 53, actual =53
[1865000] SCOREBOARD MATCH: wstrb passthrough beat=46 expected = 9, actual =9
[1865000] SCOREBOARD MATCH: wstrb passthrough beat=47 expected = 1e, actual =1e
[1865000] SCOREBOARD MATCH: wstrb passthrough beat=48 expected = 16, actual =16
[1865000] SCOREBOARD MATCH: wstrb passthrough beat=49 expected = 34, actual =34
[1865000] SCOREBOARD MATCH: wstrb passthrough beat=50 expected = 11, actual =11
[1865000] SCOREBOARD MATCH: wstrb passthrough beat=51 expected = 0, actual =0
[1865000] SCOREBOARD MATCH: wstrb passthrough beat=52 expected = 88, actual =88
[1865000] SCOREBOARD MATCH: wstrb passthrough beat=53 expected = 1b, actual =1b
[1865000] SCOREBOARD MATCH: wstrb passthrough beat=54 expected = 1e, actual =1e
[1865000] SCOREBOARD MATCH: wstrb passthrough beat=55 expected = 9e, actual =9e
[1865000] SCOREBOARD MATCH: wstrb passthrough beat=56 expected = 4f, actual =4f
[1865000] SCOREBOARD MATCH: wstrb passthrough beat=57 expected = 2f, actual =2f
[1865000] SCOREBOARD MATCH: wstrb passthrough beat=58 expected = 9e, actual =9e
[1865000] SCOREBOARD MATCH: wstrb passthrough beat=59 expected = d7, actual =d7
[1865000] SCOREBOARD MATCH: wstrb passthrough beat=60 expected = 4a, actual =4a
[1865000] SCOREBOARD MATCH: wstrb passthrough beat=61 expected = bc, actual =bc
[1865000] SCOREBOARD MATCH: wstrb passthrough beat=62 expected = 76, actual =76
[1865000] SCOREBOARD MATCH: wstrb passthrough beat=63 expected = 9a, actual =9a
[1865000] SCOREBOARD MATCH: wstrb passthrough beat=64 expected = ec, actual =ec
[1865000] SCOREBOARD MATCH: wstrb passthrough beat=65 expected = 14, actual =14
[1865000] SCOREBOARD MATCH: wstrb passthrough beat=66 expected = 71, actual =71
[1865000] SCOREBOARD MATCH: wstrb passthrough beat=67 expected = 36, actual =36
[1865000] SCOREBOARD MATCH: wstrb passthrough beat=68 expected = d1, actual =d1
[1865000] SCOREBOARD MATCH: wstrb passthrough beat=69 expected = e7, actual =e7
[1865000] SCOREBOARD MATCH: wstrb passthrough beat=70 expected = d0, actual =d0
[1865000] SCOREBOARD MATCH: wstrb passthrough beat=71 expected = bd, actual =bd
[1865000] SCOREBOARD MATCH: wstrb passthrough beat=72 expected = fc, actual =fc
[1865000] SCOREBOARD MATCH: wstrb passthrough beat=73 expected = 42, actual =42
[1865000] SCOREBOARD MATCH: wstrb passthrough beat=74 expected = f3, actual =f3
[1865000] SCOREBOARD MATCH: wstrb passthrough beat=75 expected = cd, actual =cd
[1865000] SCOREBOARD MATCH: wstrb passthrough beat=76 expected = 29, actual =29
[1865000] SCOREBOARD MATCH: wstrb passthrough beat=77 expected = c4, actual =c4
[1865000] SCOREBOARD MATCH: wstrb passthrough beat=78 expected = 8a, actual =8a
[1865000] SCOREBOARD MATCH: wstrb passthrough beat=79 expected = 25, actual =25
[1865000] SCOREBOARD MATCH: wstrb passthrough beat=80 expected = 6, actual =6
[1865000] SCOREBOARD MATCH: wstrb passthrough beat=81 expected = 7d, actual =7d
[1865000] SCOREBOARD MATCH: wstrb passthrough beat=82 expected = f2, actual =f2
[1865000] SCOREBOARD MATCH: wstrb passthrough beat=83 expected = 2f, actual =2f
[1865000] SCOREBOARD MATCH: wstrb passthrough beat=84 expected = 41, actual =41
[1865000] SCOREBOARD MATCH: bresp passthrough expected = 0, actual =0
[1865000] SCOREBOARD MATCH: response routed to correct master (write) expected = 1, actual =1
[1865000] [SCOREBOARD-M] mst_id=1 s_id=0 awaddr=e80da78 awid=1001 awlen=84 awsize=4 awburst=1 wdata=[e75aab88ad587a21 d1ef4d75333eda59 d1c245cfcbda31ac f932abcdd0563c19 3951672391cf158 4f72304cb21f943 1b78355cd5575c41 8e744d99fe29ced1 c94bc8141f0d4bce f464a80f936b709d 11953f6fe4c3fd70 83d1493e02d8f5a9 96446646dae10783 3fa504f4f835f14e fb0ee6f7a7d9a5b5 2baad39c3764e32 bbac3f8091534d3d 392cf2f3c25fb22d 85d6005fb6bb2677 c80e73b53be7a02c fe475259c1823fe0 f83d6657013b66a8 3d2306d4841d52b8 c59f9298c04bda0c c18740b43b6a592d bf87abe53ddcf8f0 fe28d2fcfeaa4788 ba14a0b505273e7e c304376e3fb013b1 be5a5b39f99c4c9b fec38b19c12d0a6a 80dd1e1bf86efbef f20b488ac1c7c287 82f4ccf13f377955 37a67544f0ced3a3 3296962a03d1eb0d c309646229b1bdce 1a809171b58b631b b95d4e28faafd9a6 24619774cd17279b 82a28ab6fc66b28a f7168c303ee228e5 bf950803bffd8df b8668b699b7823a4 da5a4c898e9bdb36 ca9bb4152f7d179a caf53b3ee6539d09 f4ef784003023f7f 327f5719254f87c8 8ba324d1bf8b2c55 c28d6bd4fd749257 a2c41a1f80929d11 c01dc967f50cc2ed f28155452e673ef1 aef9dc0282ab353b f7b7f82995456f64 c3acae55ef17a569 f1c2daa5ea394d6e ff7ebcd2f2a68a58 e1be2fc1e97ad2ce d3b4203cc32b6b28 35d1f580d3810a66 bcfbdd34d332dd0e 965e483697902541 eb112fa890affd70 e3e2da7fcc303db6 e3c062f8a80d0cdc 38bd0a4dfa4122b5 c671606cced192a0 f6de9f7c1c9fe4cc 96e107812a31c364 f9035604af9ba9c9 cc3b8e95dd5267ed 87842b51efe1f580 1f7d9f4ae31c9617 c06efe0480878155 f06976d6ebb92ddf ced5c3f6c7f32956 c87aaaab0fe71620 fba043ff0f44c1fb d737eb51b8e42181 c8cb37a1ca7607f6 d9bac9f19fb295fc d896b77ec46b7ba1 ee1839730f2b542 ] wstrb=[1f 3e 88 c0 bc ca 57 dc 8 df 9c c5 a9 f4 a1 b2 d3 3d 77 7d 31 18 2f 5 55 a6 82 87 be b1 8c 13 57 e 9a 15 bf 26 28 16 34 c3 2b f3 e9 53 9 1e 16 34 11 0 88 1b 1e 9e 4f 2f 9e d7 4a bc 76 9a ec 14 71 36 d1 e7 d0 bd fc 42 f3 cd 29 c4 8a 25 6 7d f2 2f 41 ] bresp=0 bid=1001
[1865000] [SCOREBOARD-S] mst_id=1 s_id=0 awaddr=e80da78 awid=1001 awlen=84 awsize=4 awburst=1 wdata=[e75aab88ad587a21 d1ef4d75333eda59 d1c245cfcbda31ac f932abcdd0563c19 3951672391cf158 4f72304cb21f943 1b78355cd5575c41 8e744d99fe29ced1 c94bc8141f0d4bce f464a80f936b709d 11953f6fe4c3fd70 83d1493e02d8f5a9 96446646dae10783 3fa504f4f835f14e fb0ee6f7a7d9a5b5 2baad39c3764e32 bbac3f8091534d3d 392cf2f3c25fb22d 85d6005fb6bb2677 c80e73b53be7a02c fe475259c1823fe0 f83d6657013b66a8 3d2306d4841d52b8 c59f9298c04bda0c c18740b43b6a592d bf87abe53ddcf8f0 fe28d2fcfeaa4788 ba14a0b505273e7e c304376e3fb013b1 be5a5b39f99c4c9b fec38b19c12d0a6a 80dd1e1bf86efbef f20b488ac1c7c287 82f4ccf13f377955 37a67544f0ced3a3 3296962a03d1eb0d c309646229b1bdce 1a809171b58b631b b95d4e28faafd9a6 24619774cd17279b 82a28ab6fc66b28a f7168c303ee228e5 bf950803bffd8df b8668b699b7823a4 da5a4c898e9bdb36 ca9bb4152f7d179a caf53b3ee6539d09 f4ef784003023f7f 327f5719254f87c8 8ba324d1bf8b2c55 c28d6bd4fd749257 a2c41a1f80929d11 c01dc967f50cc2ed f28155452e673ef1 aef9dc0282ab353b f7b7f82995456f64 c3acae55ef17a569 f1c2daa5ea394d6e ff7ebcd2f2a68a58 e1be2fc1e97ad2ce d3b4203cc32b6b28 35d1f580d3810a66 bcfbdd34d332dd0e 965e483697902541 eb112fa890affd70 e3e2da7fcc303db6 e3c062f8a80d0cdc 38bd0a4dfa4122b5 c671606cced192a0 f6de9f7c1c9fe4cc 96e107812a31c364 f9035604af9ba9c9 cc3b8e95dd5267ed 87842b51efe1f580 1f7d9f4ae31c9617 c06efe0480878155 f06976d6ebb92ddf ced5c3f6c7f32956 c87aaaab0fe71620 fba043ff0f44c1fb d737eb51b8e42181 c8cb37a1ca7607f6 d9bac9f19fb295fc d896b77ec46b7ba1 ee1839730f2b542 ] wstrb=[1f 3e 88 c0 bc ca 57 dc 8 df 9c c5 a9 f4 a1 b2 d3 3d 77 7d 31 18 2f 5 55 a6 82 87 be b1 8c 13 57 e 9a 15 bf 26 28 16 34 c3 2b f3 e9 53 9 1e 16 34 11 0 88 1b 1e 9e 4f 2f 9e d7 4a bc 76 9a ec 14 71 36 d1 e7 d0 bd fc 42 f3 cd 29 c4 8a 25 6 7d f2 2f 41 ] bresp=0 bid=11001
[1865000] SCOREBOARD: Transaction 5 received. pass=411 fail=0
[1865000] SCOREBOARD: Expected 5 transactions completed, PASS=411 FAIL=0
[1865000] ALL PASS. Total transactions: 5
[1865000] ALL TRANSACTIONS MONITORED
$finish called at time : 1885 ns : File "/home/nashita/Desktop/practice/axi_xbar/tb/top/axi_tb_top.sv" Line 220
exit
INFO: xsimkernel Simulation Memory Usage: 289464 KB (Peak: 337864 KB), Simulation CPU Usage: 1200 ms
INFO: [Common 17-206] Exiting xsim at Thu Sep 10 18:32:56 2026...
