#-----------------------------------------------------------
# xsim v2025.2 (64-bit)
# SW Build 6299465 on Fri Nov 14 12:34:56 MST 2025
# IP Build 6300035 on Fri Nov 14 10:48:45 MST 2025
# SharedData Build 6298862 on Thu Nov 13 04:50:51 MST 2025
# Start of session at: Thu Sep 10 18:38:47 2026
# Process ID         : 3656019
# Current directory  : /home/nashita/Desktop/practice/axi_xbar/sim
# Command line       : xsim -log regress_results/BT_run366.log -mode tcl -source {xsim.dir/tb_top_snap/xsim_script.tcl}
# Log file           : /home/nashita/Desktop/practice/axi_xbar/sim/regress_results/BT_run366.log
# Journal file       : /home/nashita/Desktop/practice/axi_xbar/sim/xsim.jou
# Running On         : vlsi-vivado
# Platform           : Ubuntu
# Operating System   : Ubuntu 24.04.4 LTS
# Processor Detail   : Intel(R) Core(TM) i5-10400 CPU @ 2.90GHz
# CPU Frequency      : 4000.274 MHz
# CPU Physical cores : 6
# CPU Logical cores  : 12
# Host memory        : 41875 MB
# Swap memory        : 27648 MB
# Total Virtual      : 69524 MB
# Available Virtual  : 62614 MB
#-----------------------------------------------------------
source xsim.dir/tb_top_snap/xsim_script.tcl
# xsim {tb_top_snap} -testplusarg BT -autoloadwcfg -runall -sv_seed 367
Time resolution is 1 ps
run -all
[0] RUNNING BASE TEST
[0] INSIDE THE BASE TEST CONSTRUCTOR
[0] ENV: before agent
[0] SLAVE CONSTRUCTED
[0] MASTER MONITOR CONSTRUCTED
[0] MASTER MONITOR CONSTRUCTED
[0] SLAVE MONITOR CONSTRUCTED
[0] SLAVE MONITOR CONSTRUCTED
[0] ARB MONITOR CONSTRUCTED
GENERATOR CONSTRUCTED
[0] ENV: after agent
[0] ENV: before scoreboard
[0] ENV: after scoreboard
[15000] [SEQUENCER] READ mst_id=1 s_id=0 araddr=136b17b8 arid=0 arlen=1 arsize=3 arburst=1 rid=[] rresp=[] rdata=[]
[15000] [SEQUENCER] READ mst_id=0 s_id=0 araddr=1fe16340 arid=0 arlen=1 arsize=3 arburst=1 rid=[] rresp=[] rdata=[]
[15000] [SEQUENCER] READ mst_id=0 s_id=0 araddr=1aa278e0 arid=1 arlen=1 arsize=3 arburst=1 rid=[] rresp=[] rdata=[]
[15000] [SEQUENCER] mst_id=1 s_id=0 awaddr=f869e08 awid=1111 awlen=162 awsize=0 awburst=1 wdata=[1fbb12a0ff0f00fd 189b206dce50806b 35606269c74737b0 c65638adf1cc929b c01d1306d51b7509 1c62acb9def1591a d0bdebb6f57d756f ca98ea78e2b8e566 c1aa3e8190dafebc 658742ce6fb9731 c9b47c9812682a37 a34328f3d0f15ea4 37ecf5d60b5ebb19 1dc6e550a99b9d1f fa8cfbc401a1726e d002d87c10a0e43 eaa5ab633279f19a 341b64082ac712d7 ebd1211ae532a727 17ac98c1c11b918f ebe2a466d676cc7d bba973a4cbc7fcc9 ce38e58d7b3c580 2e2a91fed3560c65 9f1e092ef8c632be d079f83ee9d405a2 3d2a1208ac019786 a4c7ca44fea48a3c e8788fdfdc481b36 849b2bdf541c283 f3e64cbf25a2a1e7 81eabd1dad117d01 a2533f84dc5edc9e 82017e858a346fda 3745ecdc16398c44 f29868e203ec3ba3 8e20ab7dd9992c60 efd2b8a4f499e768 f886230bc5669859 1effc4bae26b2187 d70508ef86a6ce88 cc0d66e28ed27d5e f13d9ee5cf8b2bfa d631fa82eb0d2b9c f9dfa8fac842a7d4 97cdd3cea23f6164 8d4c8d00eb1d47e0 b35fefb4edffce51 903f2fb5072c35fb f2497ddbcb2dc383 392d91d41d8bbcb6 24b7f2b1a5a96d8f f0d73112c96cc189 e6f87e3f1701708c bcaade1baa04c2e6 f37184708bb070f0 a2b1e17c2d820f2e d786d214da6a02af e61a73a0df5cbf98 cdecec6caf85684 2562593488cc551c e82914b4e465a0da 2f5df75f0b7cccd4 944921f0f507e37a d96d8455d4c05093 e03d1d67fc7236a5 f17a1a1f08cb7bb4 dd8bcc47f4863f57 f0f875fccae79e74 d3b31a283dc8e9ae b24f2905e272901c ad5a2e90b13ee66f ef07d01d23479f02 5ba2f1e010d48b9 b24c2f282156f923 c49e9825b3145dae b421a6672153ff46 c2aaf869ca58c743 fd6d24f1e66dd590 7c1d4d60749908e d1a257d1318ecb59 17fca0e9ca6ccd3f d1b65dcdcf0f7cc2 809e481b1fbe75bf ea2b42fe2358b59e f2683260989ae904 b8595ec33be1a0cb df3a5669f3067a7c 8ba16380a284a1c1 de66428cd1a288c9 c4a90345c3fac244 e67f6405bda098f5 f4321bfd04a66c6 1445290ac4e5a692 82863f87d3ec2504 a4368bcafac48d0f bfaa33a191c96146 e5b5864bb87bb4d4 334041e4c2307329 d3f9d46f89ec1215 c267c6eaf2ea7585 b51ae8aeb9af5aba c39b6cd0f5a808ce e8927e530914bd1e c2c417d8060333ba fbab3c881dad6702 26c22420865f84a8 8c62b862e43dbadb 81eb21dde9863bf8 efe5c0a1880df4ea ec4bafc6a8ad45fd 123381f6fc487903 4566deeee36d1a3 16e417a102194297 fe61bb9af0a21db4 ded8ef5729179997 2b30dc2e82b82988 f35a473cf5bd06f8 9ed4a08fa99297c8 2c4ac151d2333694 c7f03d8cca057cbd f39814869fa5088d f1d83f21e6c4de1c b0ca5ad91fe2d5d7 bf87de6439c87cae 208d5acaa4626f5f c445453631601d86 eb289a34d157b5a3 f5ba250303cd239b 352d41210bb5f4fe dd0daaa1b9ff6a39 bdcc8dd42055db55 2c0bd053d2c7cfa4 cc739def2f9cef5 934faa4a89197af4 dbe14a99ca93c7b2 3d8d96a8bf5b7a9d c874f592e8a88477 b33c4c29d0dd40f2 1038bb902456402b cfec4a2f0c9e2d1 c1a723c4d8adb122 fd03f14dc03b10cb 3104f39dd1dfdf54 2a8d90760a02b5ef ca3dc6baf2ac1761 c48bf6b5279181c3 319437b2fb42ba57 edeed1b8ef19872b 16ab08eefbd1fe6c f714b8c4b27ac86d a1944f98c83f40a0 c4113f0ce5038a7c 177e52eab83f5886 807e9926bb25f7d0 2029824db912a282 f151fb09c48fd833 ffb5d00337a7d537 f0ba77b9f1d0942f b6606c629fdf5250 d7872787e20c72c2 d3dd06f236163c66 d5f58eb6c8419f41 ] wstrb=[54 3 3e ba f5 7f 71 4a 82 af 4 78 2e 75 c2 b0 24 c6 28 52 3c ea 3 60 b1 2b b3 ed 16 b6 4d c7 e1 0 b4 f7 b6 1 be 98 2 72 8f b8 74 4e 50 76 c0 e0 2e 34 2e 7f aa ee 5f d9 23 8d 58 cd 7b b7 a6 9e 44 fe 6c bf b5 12 5e f9 11 ca b9 c6 dc 17 c0 ed e1 79 b4 bd 90 74 ab 71 ed 5f 2e 7d d3 d9 ee c0 38 1c 3d b f6 2b cb 2e 47 8 3a 3d 33 5 6c 7b e a6 b8 41 ab 24 bc b9 ca 75 fb 76 99 b7 2f 64 2c 2a da c6 e2 9 2a e 34 4 d4 16 d fe 24 41 2 f9 57 10 f7 7c 51 fa 75 a9 a 6c 25 5b 66 9a 4 ] bresp=0 bid=0
[15000] [SEQUENCER] READ mst_id=1 s_id=0 araddr=702c720 arid=2 arlen=1 arsize=3 arburst=1 rid=[] rresp=[] rdata=[]
[15000] MASTER_DRIVER1 received transaction, op=AXI_READ
[15000] MASTER_DRIVER0 received transaction, op=AXI_READ
[35000] MASTER_DRIVER1 received transaction, op=AXI_WRITE
[35000] MASTER_DRIVER0 received transaction, op=AXI_READ
[45000] ARB MONITOR: slave=1 m0_req=1 m1_req=1 winner=0
[45000] AXI S0_ARVALID_RDY HANDSHAKE
[45000] MEMORY READ MISS beat=0 addr=1fe16340 -> default data id=0
[45000] SCOREBOARD MATCH: arbitration winner (slave 1) expected = 0, actual =0
[55000] MEMORY READ MISS beat=1 addr=1fe16348 -> default data id=0
[55000] SLAVE 1 R_VALID_RDY Handshake beat=0 rlast=0
[55000] MASTER 1 AW_VALID_RDY Handshake
[65000] ARB MONITOR: slave=0 m0_req=0 m1_req=1 winner=1
[65000] SLAVE 1 R_VALID_RDY Handshake beat=1 rlast=1
[65000] [SLAVE MONITOR] READ mst_id=0 s_id=1 araddr=1fe16340 arid=0 arlen=1 arsize=3 arburst=1 rid=[00] rresp=[00] rdata=[baadf00d12345678baadf00d12345678]
[65000] AXI S0_AWVALID_RDY HANDSHAKE
[75000] AXI S0_ARVALID_RDY HANDSHAKE
[75000] MEMORY READ MISS beat=0 addr=136b17b8 -> default data id=16
[75000] ARB MONITOR: slave=1 m0_req=1 m1_req=1 winner=1
[75000] MASTER 1 W_VALID_RDY Handshake beat=0 wlast=0
[75000] MASTER 0 R_VALID_RDY Handshake beat=0 rlast=0
[75000] SCOREBOARD MATCH: arbitration winner (slave 1) expected = 1, actual =1
[85000] [MASTER DRIVER] READ mst_id=0 s_id=0 araddr=1fe16340 arid=0 arlen=1 arsize=3 arburst=1 rid=[00] rresp=[00] rdata=[baadf00d12345678baadf00d12345678]
[85000] MASTER 0 R_VALID_RDY Handshake beat=1 rlast=1
[85000] [MASTER MONITOR] READ mst_id=0 s_id=1 araddr=1fe16340 arid=0 arlen=1 arsize=3 arburst=1 rid=[00] rresp=[00] rdata=[baadf00d12345678baadf00d12345678]
[85000] MASTER 1 W_VALID_RDY Handshake beat=1 wlast=0
[85000] SLAVE 1 R_VALID_RDY Handshake beat=0 rlast=0
[85000] MEMORY READ MISS beat=1 addr=136b17c0 -> default data id=16
[85000] AXI S0_WVALID_RDY HANDSHAKE
[85000] S0 MEMORY WRITE beat=0 addr=0f869e08 data=1fbb12a0ff0f00fd id=1f
[85000] SCOREBOARD MATCH: decode_err expected = 0, actual =0
[85000] SCOREBOARD MATCH: slave_id expected = 1, actual =1
[85000] SCOREBOARD MATCH: araddr passthrough expected = 1fe16340, actual =1fe16340
[85000] SCOREBOARD MATCH: arlen passthrough expected = 1, actual =1
[85000] SCOREBOARD MATCH: arsize passthrough expected = 3, actual =3
[85000] SCOREBOARD MATCH: arburst passthrough expected = 1, actual =1
[85000] SCOREBOARD MATCH: rdata size check expected = 2, actual =2
[85000] SCOREBOARD MATCH: rdata passthrough beat=0 expected = baadf00d12345678, actual =baadf00d12345678
[85000] SCOREBOARD MATCH: rdata passthrough beat=1 expected = baadf00d12345678, actual =baadf00d12345678
[85000] SCOREBOARD MATCH: rresp size check expected = 2, actual =2
[85000] SCOREBOARD MATCH: rresp passthrough beat=0 expected = 0, actual =0
[85000] SCOREBOARD MATCH: rresp passthrough beat=1 expected = 0, actual =0
[85000] SCOREBOARD MATCH: response routed to correct master (read beat 0) expected = 0, actual =0
[85000] SCOREBOARD MATCH: response routed to correct master (read beat 1) expected = 0, actual =0
[85000] [SCOREBOARD-M] READ mst_id=0 s_id=1 araddr=1fe16340 arid=0 arlen=1 arsize=3 arburst=1 rid=[00] rresp=[00] rdata=[baadf00d12345678baadf00d12345678]
[85000] [SCOREBOARD-S] READ mst_id=0 s_id=1 araddr=1fe16340 arid=0 arlen=1 arsize=3 arburst=1 rid=[00] rresp=[00] rdata=[baadf00d12345678baadf00d12345678]
[85000] SCOREBOARD: Transaction 1 received. pass=16 fail=0
[85000] ALL PASS. Total transactions: 1
[95000] AXI S0_WVALID_RDY HANDSHAKE
[95000] S0 MEMORY WRITE beat=1 addr=0f869e09 data=189b206dce50806b id=1f
[95000] SLAVE 1 R_VALID_RDY Handshake beat=1 rlast=1
[95000] [SLAVE MONITOR] READ mst_id=1 s_id=1 araddr=136b17b8 arid=0 arlen=1 arsize=3 arburst=1 rid=[1010] rresp=[00] rdata=[baadf00d12345678baadf00d12345678]
[95000] MASTER 1 W_VALID_RDY Handshake beat=2 wlast=0
[105000] MASTER 1 W_VALID_RDY Handshake beat=3 wlast=0
[105000] MASTER 1 R_VALID_RDY Handshake beat=0 rlast=0
[105000] ARB MONITOR: slave=1 m0_req=1 m1_req=0 winner=0
[105000] AXI S0_ARVALID_RDY HANDSHAKE
[105000] MEMORY READ MISS beat=0 addr=1aa278e0 -> default data id=1
[105000] AXI S0_WVALID_RDY HANDSHAKE
[105000] S0 MEMORY WRITE beat=2 addr=0f869e0a data=35606269c74737b0 id=1f
[115000] AXI S0_WVALID_RDY HANDSHAKE
[115000] S0 MEMORY WRITE beat=3 addr=0f869e0b data=c65638adf1cc929b id=1f
[115000] MEMORY READ MISS beat=1 addr=1aa278e8 -> default data id=1
[115000] SLAVE 1 R_VALID_RDY Handshake beat=0 rlast=0
[115000] MASTER 1 R_VALID_RDY Handshake beat=1 rlast=1
[115000] [MASTER MONITOR] READ mst_id=1 s_id=1 araddr=136b17b8 arid=0 arlen=1 arsize=3 arburst=1 rid=[00] rresp=[00] rdata=[baadf00d12345678baadf00d12345678]
[115000] MASTER 1 W_VALID_RDY Handshake beat=4 wlast=0
[115000] [MASTER DRIVER] READ mst_id=1 s_id=0 araddr=136b17b8 arid=0 arlen=1 arsize=3 arburst=1 rid=[00] rresp=[00] rdata=[baadf00d12345678baadf00d12345678]
[115000] SCOREBOARD MATCH: decode_err expected = 0, actual =0
[115000] SCOREBOARD MATCH: slave_id expected = 1, actual =1
[115000] SCOREBOARD MATCH: araddr passthrough expected = 136b17b8, actual =136b17b8
[115000] SCOREBOARD MATCH: arlen passthrough expected = 1, actual =1
[115000] SCOREBOARD MATCH: arsize passthrough expected = 3, actual =3
[115000] SCOREBOARD MATCH: arburst passthrough expected = 1, actual =1
[115000] SCOREBOARD MATCH: rdata size check expected = 2, actual =2
[115000] SCOREBOARD MATCH: rdata passthrough beat=0 expected = baadf00d12345678, actual =baadf00d12345678
[115000] SCOREBOARD MATCH: rdata passthrough beat=1 expected = baadf00d12345678, actual =baadf00d12345678
[115000] SCOREBOARD MATCH: rresp size check expected = 2, actual =2
[115000] SCOREBOARD MATCH: rresp passthrough beat=0 expected = 0, actual =0
[115000] SCOREBOARD MATCH: rresp passthrough beat=1 expected = 0, actual =0
[115000] SCOREBOARD MATCH: response routed to correct master (read beat 0) expected = 1, actual =1
[115000] SCOREBOARD MATCH: response routed to correct master (read beat 1) expected = 1, actual =1
[115000] [SCOREBOARD-M] READ mst_id=1 s_id=1 araddr=136b17b8 arid=0 arlen=1 arsize=3 arburst=1 rid=[00] rresp=[00] rdata=[baadf00d12345678baadf00d12345678]
[115000] [SCOREBOARD-S] READ mst_id=1 s_id=1 araddr=136b17b8 arid=0 arlen=1 arsize=3 arburst=1 rid=[1010] rresp=[00] rdata=[baadf00d12345678baadf00d12345678]
[115000] SCOREBOARD: Transaction 2 received. pass=30 fail=0
[115000] ALL PASS. Total transactions: 2
[125000] MASTER 1 W_VALID_RDY Handshake beat=5 wlast=0
[125000] SLAVE 1 R_VALID_RDY Handshake beat=1 rlast=1
[125000] [SLAVE MONITOR] READ mst_id=0 s_id=1 araddr=1aa278e0 arid=1 arlen=1 arsize=3 arburst=1 rid=[11] rresp=[00] rdata=[baadf00d12345678baadf00d12345678]
[125000] AXI S0_WVALID_RDY HANDSHAKE
[125000] S0 MEMORY WRITE beat=4 addr=0f869e0c data=c01d1306d51b7509 id=1f
[135000] AXI S0_WVALID_RDY HANDSHAKE
[135000] S0 MEMORY WRITE beat=5 addr=0f869e0d data=1c62acb9def1591a id=1f
[135000] MASTER 1 W_VALID_RDY Handshake beat=6 wlast=0
[135000] MASTER 0 R_VALID_RDY Handshake beat=0 rlast=0
[145000] [MASTER DRIVER] READ mst_id=0 s_id=0 araddr=1aa278e0 arid=1 arlen=1 arsize=3 arburst=1 rid=[11] rresp=[00] rdata=[baadf00d12345678baadf00d12345678]
[145000] MASTER 0 R_VALID_RDY Handshake beat=1 rlast=1
[145000] [MASTER MONITOR] READ mst_id=0 s_id=1 araddr=1aa278e0 arid=1 arlen=1 arsize=3 arburst=1 rid=[11] rresp=[00] rdata=[baadf00d12345678baadf00d12345678]
[145000] MASTER 1 W_VALID_RDY Handshake beat=7 wlast=0
[145000] AXI S0_WVALID_RDY HANDSHAKE
[145000] S0 MEMORY WRITE beat=6 addr=0f869e0e data=d0bdebb6f57d756f id=1f
[145000] SCOREBOARD MATCH: decode_err expected = 0, actual =0
[145000] SCOREBOARD MATCH: slave_id expected = 1, actual =1
[145000] SCOREBOARD MATCH: araddr passthrough expected = 1aa278e0, actual =1aa278e0
[145000] SCOREBOARD MATCH: arlen passthrough expected = 1, actual =1
[145000] SCOREBOARD MATCH: arsize passthrough expected = 3, actual =3
[145000] SCOREBOARD MATCH: arburst passthrough expected = 1, actual =1
[145000] SCOREBOARD MATCH: rdata size check expected = 2, actual =2
[145000] SCOREBOARD MATCH: rdata passthrough beat=0 expected = baadf00d12345678, actual =baadf00d12345678
[145000] SCOREBOARD MATCH: rdata passthrough beat=1 expected = baadf00d12345678, actual =baadf00d12345678
[145000] SCOREBOARD MATCH: rresp size check expected = 2, actual =2
[145000] SCOREBOARD MATCH: rresp passthrough beat=0 expected = 0, actual =0
[145000] SCOREBOARD MATCH: rresp passthrough beat=1 expected = 0, actual =0
[145000] SCOREBOARD MATCH: response routed to correct master (read beat 0) expected = 0, actual =0
[145000] SCOREBOARD MATCH: response routed to correct master (read beat 1) expected = 0, actual =0
[145000] [SCOREBOARD-M] READ mst_id=0 s_id=1 araddr=1aa278e0 arid=1 arlen=1 arsize=3 arburst=1 rid=[11] rresp=[00] rdata=[baadf00d12345678baadf00d12345678]
[145000] [SCOREBOARD-S] READ mst_id=0 s_id=1 araddr=1aa278e0 arid=1 arlen=1 arsize=3 arburst=1 rid=[11] rresp=[00] rdata=[baadf00d12345678baadf00d12345678]
[145000] SCOREBOARD: Transaction 3 received. pass=44 fail=0
[145000] ALL PASS. Total transactions: 3
[155000] AXI S0_WVALID_RDY HANDSHAKE
[155000] S0 MEMORY WRITE beat=7 addr=0f869e0f data=ca98ea78e2b8e566 id=1f
[155000] MASTER 1 W_VALID_RDY Handshake beat=8 wlast=0
[165000] MASTER 1 W_VALID_RDY Handshake beat=9 wlast=0
[165000] AXI S0_WVALID_RDY HANDSHAKE
[165000] S0 MEMORY WRITE beat=8 addr=0f869e10 data=c1aa3e8190dafebc id=1f
[175000] AXI S0_WVALID_RDY HANDSHAKE
[175000] S0 MEMORY WRITE beat=9 addr=0f869e11 data=0658742ce6fb9731 id=1f
[175000] MASTER 1 W_VALID_RDY Handshake beat=10 wlast=0
[185000] MASTER 1 W_VALID_RDY Handshake beat=11 wlast=0
[185000] AXI S0_WVALID_RDY HANDSHAKE
[185000] S0 MEMORY WRITE beat=10 addr=0f869e12 data=c9b47c9812682a37 id=1f
[195000] AXI S0_WVALID_RDY HANDSHAKE
[195000] S0 MEMORY WRITE beat=11 addr=0f869e13 data=a34328f3d0f15ea4 id=1f
[195000] MASTER 1 W_VALID_RDY Handshake beat=12 wlast=0
[205000] MASTER 1 W_VALID_RDY Handshake beat=13 wlast=0
[205000] AXI S0_WVALID_RDY HANDSHAKE
[205000] S0 MEMORY WRITE beat=12 addr=0f869e14 data=37ecf5d60b5ebb19 id=1f
[215000] AXI S0_WVALID_RDY HANDSHAKE
[215000] S0 MEMORY WRITE beat=13 addr=0f869e15 data=1dc6e550a99b9d1f id=1f
[215000] MASTER 1 W_VALID_RDY Handshake beat=14 wlast=0
[225000] MASTER 1 W_VALID_RDY Handshake beat=15 wlast=0
[225000] AXI S0_WVALID_RDY HANDSHAKE
[225000] S0 MEMORY WRITE beat=14 addr=0f869e16 data=fa8cfbc401a1726e id=1f
[235000] AXI S0_WVALID_RDY HANDSHAKE
[235000] S0 MEMORY WRITE beat=15 addr=0f869e17 data=0d002d87c10a0e43 id=1f
[235000] MASTER 1 W_VALID_RDY Handshake beat=16 wlast=0
[245000] MASTER 1 W_VALID_RDY Handshake beat=17 wlast=0
[245000] AXI S0_WVALID_RDY HANDSHAKE
[245000] S0 MEMORY WRITE beat=16 addr=0f869e18 data=eaa5ab633279f19a id=1f
[255000] AXI S0_WVALID_RDY HANDSHAKE
[255000] S0 MEMORY WRITE beat=17 addr=0f869e19 data=341b64082ac712d7 id=1f
[255000] MASTER 1 W_VALID_RDY Handshake beat=18 wlast=0
[265000] MASTER 1 W_VALID_RDY Handshake beat=19 wlast=0
[265000] AXI S0_WVALID_RDY HANDSHAKE
[265000] S0 MEMORY WRITE beat=18 addr=0f869e1a data=ebd1211ae532a727 id=1f
[275000] AXI S0_WVALID_RDY HANDSHAKE
[275000] S0 MEMORY WRITE beat=19 addr=0f869e1b data=17ac98c1c11b918f id=1f
[275000] MASTER 1 W_VALID_RDY Handshake beat=20 wlast=0
[285000] MASTER 1 W_VALID_RDY Handshake beat=21 wlast=0
[285000] AXI S0_WVALID_RDY HANDSHAKE
[285000] S0 MEMORY WRITE beat=20 addr=0f869e1c data=ebe2a466d676cc7d id=1f
[295000] AXI S0_WVALID_RDY HANDSHAKE
[295000] S0 MEMORY WRITE beat=21 addr=0f869e1d data=bba973a4cbc7fcc9 id=1f
[295000] MASTER 1 W_VALID_RDY Handshake beat=22 wlast=0
[305000] MASTER 1 W_VALID_RDY Handshake beat=23 wlast=0
[305000] AXI S0_WVALID_RDY HANDSHAKE
[305000] S0 MEMORY WRITE beat=22 addr=0f869e1e data=0ce38e58d7b3c580 id=1f
[315000] AXI S0_WVALID_RDY HANDSHAKE
[315000] S0 MEMORY WRITE beat=23 addr=0f869e1f data=2e2a91fed3560c65 id=1f
[315000] MASTER 1 W_VALID_RDY Handshake beat=24 wlast=0
[325000] MASTER 1 W_VALID_RDY Handshake beat=25 wlast=0
[325000] AXI S0_WVALID_RDY HANDSHAKE
[325000] S0 MEMORY WRITE beat=24 addr=0f869e20 data=9f1e092ef8c632be id=1f
[335000] AXI S0_WVALID_RDY HANDSHAKE
[335000] S0 MEMORY WRITE beat=25 addr=0f869e21 data=d079f83ee9d405a2 id=1f
[335000] MASTER 1 W_VALID_RDY Handshake beat=26 wlast=0
[345000] MASTER 1 W_VALID_RDY Handshake beat=27 wlast=0
[345000] AXI S0_WVALID_RDY HANDSHAKE
[345000] S0 MEMORY WRITE beat=26 addr=0f869e22 data=3d2a1208ac019786 id=1f
[355000] AXI S0_WVALID_RDY HANDSHAKE
[355000] S0 MEMORY WRITE beat=27 addr=0f869e23 data=a4c7ca44fea48a3c id=1f
[355000] MASTER 1 W_VALID_RDY Handshake beat=28 wlast=0
[365000] MASTER 1 W_VALID_RDY Handshake beat=29 wlast=0
[365000] AXI S0_WVALID_RDY HANDSHAKE
[365000] S0 MEMORY WRITE beat=28 addr=0f869e24 data=e8788fdfdc481b36 id=1f
[375000] AXI S0_WVALID_RDY HANDSHAKE
[375000] S0 MEMORY WRITE beat=29 addr=0f869e25 data=0849b2bdf541c283 id=1f
[375000] MASTER 1 W_VALID_RDY Handshake beat=30 wlast=0
[385000] MASTER 1 W_VALID_RDY Handshake beat=31 wlast=0
[385000] AXI S0_WVALID_RDY HANDSHAKE
[385000] S0 MEMORY WRITE beat=30 addr=0f869e26 data=f3e64cbf25a2a1e7 id=1f
[395000] AXI S0_WVALID_RDY HANDSHAKE
[395000] S0 MEMORY WRITE beat=31 addr=0f869e27 data=81eabd1dad117d01 id=1f
[395000] MASTER 1 W_VALID_RDY Handshake beat=32 wlast=0
[405000] MASTER 1 W_VALID_RDY Handshake beat=33 wlast=0
[405000] AXI S0_WVALID_RDY HANDSHAKE
[405000] S0 MEMORY WRITE beat=32 addr=0f869e28 data=a2533f84dc5edc9e id=1f
[415000] AXI S0_WVALID_RDY HANDSHAKE
[415000] S0 MEMORY WRITE beat=33 addr=0f869e29 data=82017e858a346fda id=1f
[415000] MASTER 1 W_VALID_RDY Handshake beat=34 wlast=0
[425000] MASTER 1 W_VALID_RDY Handshake beat=35 wlast=0
[425000] AXI S0_WVALID_RDY HANDSHAKE
[425000] S0 MEMORY WRITE beat=34 addr=0f869e2a data=3745ecdc16398c44 id=1f
[435000] AXI S0_WVALID_RDY HANDSHAKE
[435000] S0 MEMORY WRITE beat=35 addr=0f869e2b data=f29868e203ec3ba3 id=1f
[435000] MASTER 1 W_VALID_RDY Handshake beat=36 wlast=0
[445000] MASTER 1 W_VALID_RDY Handshake beat=37 wlast=0
[445000] AXI S0_WVALID_RDY HANDSHAKE
[445000] S0 MEMORY WRITE beat=36 addr=0f869e2c data=8e20ab7dd9992c60 id=1f
[455000] AXI S0_WVALID_RDY HANDSHAKE
[455000] S0 MEMORY WRITE beat=37 addr=0f869e2d data=efd2b8a4f499e768 id=1f
[455000] MASTER 1 W_VALID_RDY Handshake beat=38 wlast=0
[465000] MASTER 1 W_VALID_RDY Handshake beat=39 wlast=0
[465000] AXI S0_WVALID_RDY HANDSHAKE
[465000] S0 MEMORY WRITE beat=38 addr=0f869e2e data=f886230bc5669859 id=1f
[475000] AXI S0_WVALID_RDY HANDSHAKE
[475000] S0 MEMORY WRITE beat=39 addr=0f869e2f data=1effc4bae26b2187 id=1f
[475000] MASTER 1 W_VALID_RDY Handshake beat=40 wlast=0
[485000] MASTER 1 W_VALID_RDY Handshake beat=41 wlast=0
[485000] AXI S0_WVALID_RDY HANDSHAKE
[485000] S0 MEMORY WRITE beat=40 addr=0f869e30 data=d70508ef86a6ce88 id=1f
[495000] AXI S0_WVALID_RDY HANDSHAKE
[495000] S0 MEMORY WRITE beat=41 addr=0f869e31 data=cc0d66e28ed27d5e id=1f
[495000] MASTER 1 W_VALID_RDY Handshake beat=42 wlast=0
[505000] MASTER 1 W_VALID_RDY Handshake beat=43 wlast=0
[505000] AXI S0_WVALID_RDY HANDSHAKE
[505000] S0 MEMORY WRITE beat=42 addr=0f869e32 data=f13d9ee5cf8b2bfa id=1f
[515000] AXI S0_WVALID_RDY HANDSHAKE
[515000] S0 MEMORY WRITE beat=43 addr=0f869e33 data=d631fa82eb0d2b9c id=1f
[515000] MASTER 1 W_VALID_RDY Handshake beat=44 wlast=0
[525000] MASTER 1 W_VALID_RDY Handshake beat=45 wlast=0
[525000] AXI S0_WVALID_RDY HANDSHAKE
[525000] S0 MEMORY WRITE beat=44 addr=0f869e34 data=f9dfa8fac842a7d4 id=1f
[535000] AXI S0_WVALID_RDY HANDSHAKE
[535000] S0 MEMORY WRITE beat=45 addr=0f869e35 data=97cdd3cea23f6164 id=1f
[535000] MASTER 1 W_VALID_RDY Handshake beat=46 wlast=0
[545000] MASTER 1 W_VALID_RDY Handshake beat=47 wlast=0
[545000] AXI S0_WVALID_RDY HANDSHAKE
[545000] S0 MEMORY WRITE beat=46 addr=0f869e36 data=8d4c8d00eb1d47e0 id=1f
[555000] AXI S0_WVALID_RDY HANDSHAKE
[555000] S0 MEMORY WRITE beat=47 addr=0f869e37 data=b35fefb4edffce51 id=1f
[555000] MASTER 1 W_VALID_RDY Handshake beat=48 wlast=0
[565000] MASTER 1 W_VALID_RDY Handshake beat=49 wlast=0
[565000] AXI S0_WVALID_RDY HANDSHAKE
[565000] S0 MEMORY WRITE beat=48 addr=0f869e38 data=903f2fb5072c35fb id=1f
[575000] AXI S0_WVALID_RDY HANDSHAKE
[575000] S0 MEMORY WRITE beat=49 addr=0f869e39 data=f2497ddbcb2dc383 id=1f
[575000] MASTER 1 W_VALID_RDY Handshake beat=50 wlast=0
[585000] MASTER 1 W_VALID_RDY Handshake beat=51 wlast=0
[585000] AXI S0_WVALID_RDY HANDSHAKE
[585000] S0 MEMORY WRITE beat=50 addr=0f869e3a data=392d91d41d8bbcb6 id=1f
[595000] AXI S0_WVALID_RDY HANDSHAKE
[595000] S0 MEMORY WRITE beat=51 addr=0f869e3b data=24b7f2b1a5a96d8f id=1f
[595000] MASTER 1 W_VALID_RDY Handshake beat=52 wlast=0
[605000] MASTER 1 W_VALID_RDY Handshake beat=53 wlast=0
[605000] AXI S0_WVALID_RDY HANDSHAKE
[605000] S0 MEMORY WRITE beat=52 addr=0f869e3c data=f0d73112c96cc189 id=1f
[615000] AXI S0_WVALID_RDY HANDSHAKE
[615000] S0 MEMORY WRITE beat=53 addr=0f869e3d data=e6f87e3f1701708c id=1f
[615000] MASTER 1 W_VALID_RDY Handshake beat=54 wlast=0
[625000] MASTER 1 W_VALID_RDY Handshake beat=55 wlast=0
[625000] AXI S0_WVALID_RDY HANDSHAKE
[625000] S0 MEMORY WRITE beat=54 addr=0f869e3e data=bcaade1baa04c2e6 id=1f
[635000] AXI S0_WVALID_RDY HANDSHAKE
[635000] S0 MEMORY WRITE beat=55 addr=0f869e3f data=f37184708bb070f0 id=1f
[635000] MASTER 1 W_VALID_RDY Handshake beat=56 wlast=0
[645000] MASTER 1 W_VALID_RDY Handshake beat=57 wlast=0
[645000] AXI S0_WVALID_RDY HANDSHAKE
[645000] S0 MEMORY WRITE beat=56 addr=0f869e40 data=a2b1e17c2d820f2e id=1f
[655000] AXI S0_WVALID_RDY HANDSHAKE
[655000] S0 MEMORY WRITE beat=57 addr=0f869e41 data=d786d214da6a02af id=1f
[655000] MASTER 1 W_VALID_RDY Handshake beat=58 wlast=0
[665000] MASTER 1 W_VALID_RDY Handshake beat=59 wlast=0
[665000] AXI S0_WVALID_RDY HANDSHAKE
[665000] S0 MEMORY WRITE beat=58 addr=0f869e42 data=e61a73a0df5cbf98 id=1f
[675000] AXI S0_WVALID_RDY HANDSHAKE
[675000] S0 MEMORY WRITE beat=59 addr=0f869e43 data=0cdecec6caf85684 id=1f
[675000] MASTER 1 W_VALID_RDY Handshake beat=60 wlast=0
[685000] MASTER 1 W_VALID_RDY Handshake beat=61 wlast=0
[685000] AXI S0_WVALID_RDY HANDSHAKE
[685000] S0 MEMORY WRITE beat=60 addr=0f869e44 data=2562593488cc551c id=1f
[695000] AXI S0_WVALID_RDY HANDSHAKE
[695000] S0 MEMORY WRITE beat=61 addr=0f869e45 data=e82914b4e465a0da id=1f
[695000] MASTER 1 W_VALID_RDY Handshake beat=62 wlast=0
[705000] MASTER 1 W_VALID_RDY Handshake beat=63 wlast=0
[705000] AXI S0_WVALID_RDY HANDSHAKE
[705000] S0 MEMORY WRITE beat=62 addr=0f869e46 data=2f5df75f0b7cccd4 id=1f
[715000] AXI S0_WVALID_RDY HANDSHAKE
[715000] S0 MEMORY WRITE beat=63 addr=0f869e47 data=944921f0f507e37a id=1f
[715000] MASTER 1 W_VALID_RDY Handshake beat=64 wlast=0
[725000] MASTER 1 W_VALID_RDY Handshake beat=65 wlast=0
[725000] AXI S0_WVALID_RDY HANDSHAKE
[725000] S0 MEMORY WRITE beat=64 addr=0f869e48 data=d96d8455d4c05093 id=1f
[735000] AXI S0_WVALID_RDY HANDSHAKE
[735000] S0 MEMORY WRITE beat=65 addr=0f869e49 data=e03d1d67fc7236a5 id=1f
[735000] MASTER 1 W_VALID_RDY Handshake beat=66 wlast=0
[745000] MASTER 1 W_VALID_RDY Handshake beat=67 wlast=0
[745000] AXI S0_WVALID_RDY HANDSHAKE
[745000] S0 MEMORY WRITE beat=66 addr=0f869e4a data=f17a1a1f08cb7bb4 id=1f
[755000] AXI S0_WVALID_RDY HANDSHAKE
[755000] S0 MEMORY WRITE beat=67 addr=0f869e4b data=dd8bcc47f4863f57 id=1f
[755000] MASTER 1 W_VALID_RDY Handshake beat=68 wlast=0
[765000] MASTER 1 W_VALID_RDY Handshake beat=69 wlast=0
[765000] AXI S0_WVALID_RDY HANDSHAKE
[765000] S0 MEMORY WRITE beat=68 addr=0f869e4c data=f0f875fccae79e74 id=1f
[775000] AXI S0_WVALID_RDY HANDSHAKE
[775000] S0 MEMORY WRITE beat=69 addr=0f869e4d data=d3b31a283dc8e9ae id=1f
[775000] MASTER 1 W_VALID_RDY Handshake beat=70 wlast=0
[785000] MASTER 1 W_VALID_RDY Handshake beat=71 wlast=0
[785000] AXI S0_WVALID_RDY HANDSHAKE
[785000] S0 MEMORY WRITE beat=70 addr=0f869e4e data=b24f2905e272901c id=1f
[795000] AXI S0_WVALID_RDY HANDSHAKE
[795000] S0 MEMORY WRITE beat=71 addr=0f869e4f data=ad5a2e90b13ee66f id=1f
[795000] MASTER 1 W_VALID_RDY Handshake beat=72 wlast=0
[805000] MASTER 1 W_VALID_RDY Handshake beat=73 wlast=0
[805000] AXI S0_WVALID_RDY HANDSHAKE
[805000] S0 MEMORY WRITE beat=72 addr=0f869e50 data=ef07d01d23479f02 id=1f
[815000] AXI S0_WVALID_RDY HANDSHAKE
[815000] S0 MEMORY WRITE beat=73 addr=0f869e51 data=05ba2f1e010d48b9 id=1f
[815000] MASTER 1 W_VALID_RDY Handshake beat=74 wlast=0
[825000] MASTER 1 W_VALID_RDY Handshake beat=75 wlast=0
[825000] AXI S0_WVALID_RDY HANDSHAKE
[825000] S0 MEMORY WRITE beat=74 addr=0f869e52 data=b24c2f282156f923 id=1f
[835000] AXI S0_WVALID_RDY HANDSHAKE
[835000] S0 MEMORY WRITE beat=75 addr=0f869e53 data=c49e9825b3145dae id=1f
[835000] MASTER 1 W_VALID_RDY Handshake beat=76 wlast=0
[845000] MASTER 1 W_VALID_RDY Handshake beat=77 wlast=0
[845000] AXI S0_WVALID_RDY HANDSHAKE
[845000] S0 MEMORY WRITE beat=76 addr=0f869e54 data=b421a6672153ff46 id=1f
[855000] AXI S0_WVALID_RDY HANDSHAKE
[855000] S0 MEMORY WRITE beat=77 addr=0f869e55 data=c2aaf869ca58c743 id=1f
[855000] MASTER 1 W_VALID_RDY Handshake beat=78 wlast=0
[865000] MASTER 1 W_VALID_RDY Handshake beat=79 wlast=0
[865000] AXI S0_WVALID_RDY HANDSHAKE
[865000] S0 MEMORY WRITE beat=78 addr=0f869e56 data=fd6d24f1e66dd590 id=1f
[875000] AXI S0_WVALID_RDY HANDSHAKE
[875000] S0 MEMORY WRITE beat=79 addr=0f869e57 data=07c1d4d60749908e id=1f
[875000] MASTER 1 W_VALID_RDY Handshake beat=80 wlast=0
[885000] MASTER 1 W_VALID_RDY Handshake beat=81 wlast=0
[885000] AXI S0_WVALID_RDY HANDSHAKE
[885000] S0 MEMORY WRITE beat=80 addr=0f869e58 data=d1a257d1318ecb59 id=1f
[895000] AXI S0_WVALID_RDY HANDSHAKE
[895000] S0 MEMORY WRITE beat=81 addr=0f869e59 data=17fca0e9ca6ccd3f id=1f
[895000] MASTER 1 W_VALID_RDY Handshake beat=82 wlast=0
[905000] MASTER 1 W_VALID_RDY Handshake beat=83 wlast=0
[905000] AXI S0_WVALID_RDY HANDSHAKE
[905000] S0 MEMORY WRITE beat=82 addr=0f869e5a data=d1b65dcdcf0f7cc2 id=1f
[915000] AXI S0_WVALID_RDY HANDSHAKE
[915000] S0 MEMORY WRITE beat=83 addr=0f869e5b data=809e481b1fbe75bf id=1f
[915000] MASTER 1 W_VALID_RDY Handshake beat=84 wlast=0
[925000] MASTER 1 W_VALID_RDY Handshake beat=85 wlast=0
[925000] AXI S0_WVALID_RDY HANDSHAKE
[925000] S0 MEMORY WRITE beat=84 addr=0f869e5c data=ea2b42fe2358b59e id=1f
[935000] AXI S0_WVALID_RDY HANDSHAKE
[935000] S0 MEMORY WRITE beat=85 addr=0f869e5d data=f2683260989ae904 id=1f
[935000] MASTER 1 W_VALID_RDY Handshake beat=86 wlast=0
[945000] MASTER 1 W_VALID_RDY Handshake beat=87 wlast=0
[945000] AXI S0_WVALID_RDY HANDSHAKE
[945000] S0 MEMORY WRITE beat=86 addr=0f869e5e data=b8595ec33be1a0cb id=1f
[955000] AXI S0_WVALID_RDY HANDSHAKE
[955000] S0 MEMORY WRITE beat=87 addr=0f869e5f data=df3a5669f3067a7c id=1f
[955000] MASTER 1 W_VALID_RDY Handshake beat=88 wlast=0
[965000] MASTER 1 W_VALID_RDY Handshake beat=89 wlast=0
[965000] AXI S0_WVALID_RDY HANDSHAKE
[965000] S0 MEMORY WRITE beat=88 addr=0f869e60 data=8ba16380a284a1c1 id=1f
[975000] AXI S0_WVALID_RDY HANDSHAKE
[975000] S0 MEMORY WRITE beat=89 addr=0f869e61 data=de66428cd1a288c9 id=1f
[975000] MASTER 1 W_VALID_RDY Handshake beat=90 wlast=0
[985000] MASTER 1 W_VALID_RDY Handshake beat=91 wlast=0
[985000] AXI S0_WVALID_RDY HANDSHAKE
[985000] S0 MEMORY WRITE beat=90 addr=0f869e62 data=c4a90345c3fac244 id=1f
[995000] AXI S0_WVALID_RDY HANDSHAKE
[995000] S0 MEMORY WRITE beat=91 addr=0f869e63 data=e67f6405bda098f5 id=1f
[995000] MASTER 1 W_VALID_RDY Handshake beat=92 wlast=0
[1005000] MASTER 1 W_VALID_RDY Handshake beat=93 wlast=0
[1005000] AXI S0_WVALID_RDY HANDSHAKE
[1005000] S0 MEMORY WRITE beat=92 addr=0f869e64 data=0f4321bfd04a66c6 id=1f
[1015000] AXI S0_WVALID_RDY HANDSHAKE
[1015000] S0 MEMORY WRITE beat=93 addr=0f869e65 data=1445290ac4e5a692 id=1f
[1015000] MASTER 1 W_VALID_RDY Handshake beat=94 wlast=0
[1025000] MASTER 1 W_VALID_RDY Handshake beat=95 wlast=0
[1025000] AXI S0_WVALID_RDY HANDSHAKE
[1025000] S0 MEMORY WRITE beat=94 addr=0f869e66 data=82863f87d3ec2504 id=1f
[1035000] AXI S0_WVALID_RDY HANDSHAKE
[1035000] S0 MEMORY WRITE beat=95 addr=0f869e67 data=a4368bcafac48d0f id=1f
[1035000] MASTER 1 W_VALID_RDY Handshake beat=96 wlast=0
[1045000] MASTER 1 W_VALID_RDY Handshake beat=97 wlast=0
[1045000] AXI S0_WVALID_RDY HANDSHAKE
[1045000] S0 MEMORY WRITE beat=96 addr=0f869e68 data=bfaa33a191c96146 id=1f
[1055000] AXI S0_WVALID_RDY HANDSHAKE
[1055000] S0 MEMORY WRITE beat=97 addr=0f869e69 data=e5b5864bb87bb4d4 id=1f
[1055000] MASTER 1 W_VALID_RDY Handshake beat=98 wlast=0
[1065000] MASTER 1 W_VALID_RDY Handshake beat=99 wlast=0
[1065000] AXI S0_WVALID_RDY HANDSHAKE
[1065000] S0 MEMORY WRITE beat=98 addr=0f869e6a data=334041e4c2307329 id=1f
[1075000] AXI S0_WVALID_RDY HANDSHAKE
[1075000] S0 MEMORY WRITE beat=99 addr=0f869e6b data=d3f9d46f89ec1215 id=1f
[1075000] MASTER 1 W_VALID_RDY Handshake beat=100 wlast=0
[1085000] MASTER 1 W_VALID_RDY Handshake beat=101 wlast=0
[1085000] AXI S0_WVALID_RDY HANDSHAKE
[1085000] S0 MEMORY WRITE beat=100 addr=0f869e6c data=c267c6eaf2ea7585 id=1f
[1095000] AXI S0_WVALID_RDY HANDSHAKE
[1095000] S0 MEMORY WRITE beat=101 addr=0f869e6d data=b51ae8aeb9af5aba id=1f
[1095000] MASTER 1 W_VALID_RDY Handshake beat=102 wlast=0
[1105000] MASTER 1 W_VALID_RDY Handshake beat=103 wlast=0
[1105000] AXI S0_WVALID_RDY HANDSHAKE
[1105000] S0 MEMORY WRITE beat=102 addr=0f869e6e data=c39b6cd0f5a808ce id=1f
[1115000] AXI S0_WVALID_RDY HANDSHAKE
[1115000] S0 MEMORY WRITE beat=103 addr=0f869e6f data=e8927e530914bd1e id=1f
[1115000] MASTER 1 W_VALID_RDY Handshake beat=104 wlast=0
[1125000] MASTER 1 W_VALID_RDY Handshake beat=105 wlast=0
[1125000] AXI S0_WVALID_RDY HANDSHAKE
[1125000] S0 MEMORY WRITE beat=104 addr=0f869e70 data=c2c417d8060333ba id=1f
[1135000] AXI S0_WVALID_RDY HANDSHAKE
[1135000] S0 MEMORY WRITE beat=105 addr=0f869e71 data=fbab3c881dad6702 id=1f
[1135000] MASTER 1 W_VALID_RDY Handshake beat=106 wlast=0
[1145000] MASTER 1 W_VALID_RDY Handshake beat=107 wlast=0
[1145000] AXI S0_WVALID_RDY HANDSHAKE
[1145000] S0 MEMORY WRITE beat=106 addr=0f869e72 data=26c22420865f84a8 id=1f
[1155000] AXI S0_WVALID_RDY HANDSHAKE
[1155000] S0 MEMORY WRITE beat=107 addr=0f869e73 data=8c62b862e43dbadb id=1f
[1155000] MASTER 1 W_VALID_RDY Handshake beat=108 wlast=0
[1165000] MASTER 1 W_VALID_RDY Handshake beat=109 wlast=0
[1165000] AXI S0_WVALID_RDY HANDSHAKE
[1165000] S0 MEMORY WRITE beat=108 addr=0f869e74 data=81eb21dde9863bf8 id=1f
[1175000] AXI S0_WVALID_RDY HANDSHAKE
[1175000] S0 MEMORY WRITE beat=109 addr=0f869e75 data=efe5c0a1880df4ea id=1f
[1175000] MASTER 1 W_VALID_RDY Handshake beat=110 wlast=0
[1185000] MASTER 1 W_VALID_RDY Handshake beat=111 wlast=0
[1185000] AXI S0_WVALID_RDY HANDSHAKE
[1185000] S0 MEMORY WRITE beat=110 addr=0f869e76 data=ec4bafc6a8ad45fd id=1f
[1195000] AXI S0_WVALID_RDY HANDSHAKE
[1195000] S0 MEMORY WRITE beat=111 addr=0f869e77 data=123381f6fc487903 id=1f
[1195000] MASTER 1 W_VALID_RDY Handshake beat=112 wlast=0
[1205000] MASTER 1 W_VALID_RDY Handshake beat=113 wlast=0
[1205000] AXI S0_WVALID_RDY HANDSHAKE
[1205000] S0 MEMORY WRITE beat=112 addr=0f869e78 data=04566deeee36d1a3 id=1f
[1215000] AXI S0_WVALID_RDY HANDSHAKE
[1215000] S0 MEMORY WRITE beat=113 addr=0f869e79 data=16e417a102194297 id=1f
[1215000] MASTER 1 W_VALID_RDY Handshake beat=114 wlast=0
[1225000] MASTER 1 W_VALID_RDY Handshake beat=115 wlast=0
[1225000] AXI S0_WVALID_RDY HANDSHAKE
[1225000] S0 MEMORY WRITE beat=114 addr=0f869e7a data=fe61bb9af0a21db4 id=1f
[1235000] AXI S0_WVALID_RDY HANDSHAKE
[1235000] S0 MEMORY WRITE beat=115 addr=0f869e7b data=ded8ef5729179997 id=1f
[1235000] MASTER 1 W_VALID_RDY Handshake beat=116 wlast=0
[1245000] MASTER 1 W_VALID_RDY Handshake beat=117 wlast=0
[1245000] AXI S0_WVALID_RDY HANDSHAKE
[1245000] S0 MEMORY WRITE beat=116 addr=0f869e7c data=2b30dc2e82b82988 id=1f
[1255000] AXI S0_WVALID_RDY HANDSHAKE
[1255000] S0 MEMORY WRITE beat=117 addr=0f869e7d data=f35a473cf5bd06f8 id=1f
[1255000] MASTER 1 W_VALID_RDY Handshake beat=118 wlast=0
[1265000] MASTER 1 W_VALID_RDY Handshake beat=119 wlast=0
[1265000] AXI S0_WVALID_RDY HANDSHAKE
[1265000] S0 MEMORY WRITE beat=118 addr=0f869e7e data=9ed4a08fa99297c8 id=1f
[1275000] AXI S0_WVALID_RDY HANDSHAKE
[1275000] S0 MEMORY WRITE beat=119 addr=0f869e7f data=2c4ac151d2333694 id=1f
[1275000] MASTER 1 W_VALID_RDY Handshake beat=120 wlast=0
[1285000] MASTER 1 W_VALID_RDY Handshake beat=121 wlast=0
[1285000] AXI S0_WVALID_RDY HANDSHAKE
[1285000] S0 MEMORY WRITE beat=120 addr=0f869e80 data=c7f03d8cca057cbd id=1f
[1295000] AXI S0_WVALID_RDY HANDSHAKE
[1295000] S0 MEMORY WRITE beat=121 addr=0f869e81 data=f39814869fa5088d id=1f
[1295000] MASTER 1 W_VALID_RDY Handshake beat=122 wlast=0
[1305000] MASTER 1 W_VALID_RDY Handshake beat=123 wlast=0
[1305000] AXI S0_WVALID_RDY HANDSHAKE
[1305000] S0 MEMORY WRITE beat=122 addr=0f869e82 data=f1d83f21e6c4de1c id=1f
[1315000] AXI S0_WVALID_RDY HANDSHAKE
[1315000] S0 MEMORY WRITE beat=123 addr=0f869e83 data=b0ca5ad91fe2d5d7 id=1f
[1315000] MASTER 1 W_VALID_RDY Handshake beat=124 wlast=0
[1325000] MASTER 1 W_VALID_RDY Handshake beat=125 wlast=0
[1325000] AXI S0_WVALID_RDY HANDSHAKE
[1325000] S0 MEMORY WRITE beat=124 addr=0f869e84 data=bf87de6439c87cae id=1f
[1335000] AXI S0_WVALID_RDY HANDSHAKE
[1335000] S0 MEMORY WRITE beat=125 addr=0f869e85 data=208d5acaa4626f5f id=1f
[1335000] MASTER 1 W_VALID_RDY Handshake beat=126 wlast=0
[1345000] MASTER 1 W_VALID_RDY Handshake beat=127 wlast=0
[1345000] AXI S0_WVALID_RDY HANDSHAKE
[1345000] S0 MEMORY WRITE beat=126 addr=0f869e86 data=c445453631601d86 id=1f
[1355000] AXI S0_WVALID_RDY HANDSHAKE
[1355000] S0 MEMORY WRITE beat=127 addr=0f869e87 data=eb289a34d157b5a3 id=1f
[1355000] MASTER 1 W_VALID_RDY Handshake beat=128 wlast=0
[1365000] MASTER 1 W_VALID_RDY Handshake beat=129 wlast=0
[1365000] AXI S0_WVALID_RDY HANDSHAKE
[1365000] S0 MEMORY WRITE beat=128 addr=0f869e88 data=f5ba250303cd239b id=1f
[1375000] AXI S0_WVALID_RDY HANDSHAKE
[1375000] S0 MEMORY WRITE beat=129 addr=0f869e89 data=352d41210bb5f4fe id=1f
[1375000] MASTER 1 W_VALID_RDY Handshake beat=130 wlast=0
[1385000] MASTER 1 W_VALID_RDY Handshake beat=131 wlast=0
[1385000] AXI S0_WVALID_RDY HANDSHAKE
[1385000] S0 MEMORY WRITE beat=130 addr=0f869e8a data=dd0daaa1b9ff6a39 id=1f
[1395000] AXI S0_WVALID_RDY HANDSHAKE
[1395000] S0 MEMORY WRITE beat=131 addr=0f869e8b data=bdcc8dd42055db55 id=1f
[1395000] MASTER 1 W_VALID_RDY Handshake beat=132 wlast=0
[1405000] MASTER 1 W_VALID_RDY Handshake beat=133 wlast=0
[1405000] AXI S0_WVALID_RDY HANDSHAKE
[1405000] S0 MEMORY WRITE beat=132 addr=0f869e8c data=2c0bd053d2c7cfa4 id=1f
[1415000] AXI S0_WVALID_RDY HANDSHAKE
[1415000] S0 MEMORY WRITE beat=133 addr=0f869e8d data=0cc739def2f9cef5 id=1f
[1415000] MASTER 1 W_VALID_RDY Handshake beat=134 wlast=0
[1425000] MASTER 1 W_VALID_RDY Handshake beat=135 wlast=0
[1425000] AXI S0_WVALID_RDY HANDSHAKE
[1425000] S0 MEMORY WRITE beat=134 addr=0f869e8e data=934faa4a89197af4 id=1f
[1435000] AXI S0_WVALID_RDY HANDSHAKE
[1435000] S0 MEMORY WRITE beat=135 addr=0f869e8f data=dbe14a99ca93c7b2 id=1f
[1435000] MASTER 1 W_VALID_RDY Handshake beat=136 wlast=0
[1445000] MASTER 1 W_VALID_RDY Handshake beat=137 wlast=0
[1445000] AXI S0_WVALID_RDY HANDSHAKE
[1445000] S0 MEMORY WRITE beat=136 addr=0f869e90 data=3d8d96a8bf5b7a9d id=1f
[1455000] AXI S0_WVALID_RDY HANDSHAKE
[1455000] S0 MEMORY WRITE beat=137 addr=0f869e91 data=c874f592e8a88477 id=1f
[1455000] MASTER 1 W_VALID_RDY Handshake beat=138 wlast=0
[1465000] MASTER 1 W_VALID_RDY Handshake beat=139 wlast=0
[1465000] AXI S0_WVALID_RDY HANDSHAKE
[1465000] S0 MEMORY WRITE beat=138 addr=0f869e92 data=b33c4c29d0dd40f2 id=1f
[1475000] AXI S0_WVALID_RDY HANDSHAKE
[1475000] S0 MEMORY WRITE beat=139 addr=0f869e93 data=1038bb902456402b id=1f
[1475000] MASTER 1 W_VALID_RDY Handshake beat=140 wlast=0
[1485000] MASTER 1 W_VALID_RDY Handshake beat=141 wlast=0
[1485000] AXI S0_WVALID_RDY HANDSHAKE
[1485000] S0 MEMORY WRITE beat=140 addr=0f869e94 data=0cfec4a2f0c9e2d1 id=1f
[1495000] AXI S0_WVALID_RDY HANDSHAKE
[1495000] S0 MEMORY WRITE beat=141 addr=0f869e95 data=c1a723c4d8adb122 id=1f
[1495000] MASTER 1 W_VALID_RDY Handshake beat=142 wlast=0
[1505000] MASTER 1 W_VALID_RDY Handshake beat=143 wlast=0
[1505000] AXI S0_WVALID_RDY HANDSHAKE
[1505000] S0 MEMORY WRITE beat=142 addr=0f869e96 data=fd03f14dc03b10cb id=1f
[1515000] AXI S0_WVALID_RDY HANDSHAKE
[1515000] S0 MEMORY WRITE beat=143 addr=0f869e97 data=3104f39dd1dfdf54 id=1f
[1515000] MASTER 1 W_VALID_RDY Handshake beat=144 wlast=0
[1525000] MASTER 1 W_VALID_RDY Handshake beat=145 wlast=0
[1525000] AXI S0_WVALID_RDY HANDSHAKE
[1525000] S0 MEMORY WRITE beat=144 addr=0f869e98 data=2a8d90760a02b5ef id=1f
[1535000] AXI S0_WVALID_RDY HANDSHAKE
[1535000] S0 MEMORY WRITE beat=145 addr=0f869e99 data=ca3dc6baf2ac1761 id=1f
[1535000] MASTER 1 W_VALID_RDY Handshake beat=146 wlast=0
[1545000] MASTER 1 W_VALID_RDY Handshake beat=147 wlast=0
[1545000] AXI S0_WVALID_RDY HANDSHAKE
[1545000] S0 MEMORY WRITE beat=146 addr=0f869e9a data=c48bf6b5279181c3 id=1f
[1555000] AXI S0_WVALID_RDY HANDSHAKE
[1555000] S0 MEMORY WRITE beat=147 addr=0f869e9b data=319437b2fb42ba57 id=1f
[1555000] MASTER 1 W_VALID_RDY Handshake beat=148 wlast=0
[1565000] MASTER 1 W_VALID_RDY Handshake beat=149 wlast=0
[1565000] AXI S0_WVALID_RDY HANDSHAKE
[1565000] S0 MEMORY WRITE beat=148 addr=0f869e9c data=edeed1b8ef19872b id=1f
[1575000] AXI S0_WVALID_RDY HANDSHAKE
[1575000] S0 MEMORY WRITE beat=149 addr=0f869e9d data=16ab08eefbd1fe6c id=1f
[1575000] MASTER 1 W_VALID_RDY Handshake beat=150 wlast=0
[1585000] MASTER 1 W_VALID_RDY Handshake beat=151 wlast=0
[1585000] AXI S0_WVALID_RDY HANDSHAKE
[1585000] S0 MEMORY WRITE beat=150 addr=0f869e9e data=f714b8c4b27ac86d id=1f
[1595000] AXI S0_WVALID_RDY HANDSHAKE
[1595000] S0 MEMORY WRITE beat=151 addr=0f869e9f data=a1944f98c83f40a0 id=1f
[1595000] MASTER 1 W_VALID_RDY Handshake beat=152 wlast=0
[1605000] MASTER 1 W_VALID_RDY Handshake beat=153 wlast=0
[1605000] AXI S0_WVALID_RDY HANDSHAKE
[1605000] S0 MEMORY WRITE beat=152 addr=0f869ea0 data=c4113f0ce5038a7c id=1f
[1615000] AXI S0_WVALID_RDY HANDSHAKE
[1615000] S0 MEMORY WRITE beat=153 addr=0f869ea1 data=177e52eab83f5886 id=1f
[1615000] MASTER 1 W_VALID_RDY Handshake beat=154 wlast=0
[1625000] MASTER 1 W_VALID_RDY Handshake beat=155 wlast=0
[1625000] AXI S0_WVALID_RDY HANDSHAKE
[1625000] S0 MEMORY WRITE beat=154 addr=0f869ea2 data=807e9926bb25f7d0 id=1f
[1635000] AXI S0_WVALID_RDY HANDSHAKE
[1635000] S0 MEMORY WRITE beat=155 addr=0f869ea3 data=2029824db912a282 id=1f
[1635000] MASTER 1 W_VALID_RDY Handshake beat=156 wlast=0
[1645000] MASTER 1 W_VALID_RDY Handshake beat=157 wlast=0
[1645000] AXI S0_WVALID_RDY HANDSHAKE
[1645000] S0 MEMORY WRITE beat=156 addr=0f869ea4 data=f151fb09c48fd833 id=1f
[1655000] AXI S0_WVALID_RDY HANDSHAKE
[1655000] S0 MEMORY WRITE beat=157 addr=0f869ea5 data=ffb5d00337a7d537 id=1f
[1655000] MASTER 1 W_VALID_RDY Handshake beat=158 wlast=0
[1665000] MASTER 1 W_VALID_RDY Handshake beat=159 wlast=0
[1665000] AXI S0_WVALID_RDY HANDSHAKE
[1665000] S0 MEMORY WRITE beat=158 addr=0f869ea6 data=f0ba77b9f1d0942f id=1f
[1675000] AXI S0_WVALID_RDY HANDSHAKE
[1675000] S0 MEMORY WRITE beat=159 addr=0f869ea7 data=b6606c629fdf5250 id=1f
[1675000] MASTER 1 W_VALID_RDY Handshake beat=160 wlast=0
[1685000] MASTER 1 W_VALID_RDY Handshake beat=161 wlast=0
[1685000] AXI S0_WVALID_RDY HANDSHAKE
[1685000] S0 MEMORY WRITE beat=160 addr=0f869ea8 data=d7872787e20c72c2 id=1f
[1695000] AXI S0_WVALID_RDY HANDSHAKE
[1695000] S0 MEMORY WRITE beat=161 addr=0f869ea9 data=d3dd06f236163c66 id=1f
[1695000] MASTER 1 W_VALID_RDY Handshake beat=162 wlast=1
[1695000] MASTER_DRIVER1 received transaction, op=AXI_READ
[1705000] AXI S0_WVALID_RDY HANDSHAKE
[1705000] S0 MEMORY WRITE beat=162 addr=0f869eaa data=d5f58eb6c8419f41 id=1f
[1715000] SLAVE0 sent B resp, id=15
[1715000] [SLAVE MONITOR] mst_id=1 s_id=0 awaddr=f869e08 awid=1111 awlen=162 awsize=0 awburst=1 wdata=[1fbb12a0ff0f00fd 189b206dce50806b 35606269c74737b0 c65638adf1cc929b c01d1306d51b7509 1c62acb9def1591a d0bdebb6f57d756f ca98ea78e2b8e566 c1aa3e8190dafebc 658742ce6fb9731 c9b47c9812682a37 a34328f3d0f15ea4 37ecf5d60b5ebb19 1dc6e550a99b9d1f fa8cfbc401a1726e d002d87c10a0e43 eaa5ab633279f19a 341b64082ac712d7 ebd1211ae532a727 17ac98c1c11b918f ebe2a466d676cc7d bba973a4cbc7fcc9 ce38e58d7b3c580 2e2a91fed3560c65 9f1e092ef8c632be d079f83ee9d405a2 3d2a1208ac019786 a4c7ca44fea48a3c e8788fdfdc481b36 849b2bdf541c283 f3e64cbf25a2a1e7 81eabd1dad117d01 a2533f84dc5edc9e 82017e858a346fda 3745ecdc16398c44 f29868e203ec3ba3 8e20ab7dd9992c60 efd2b8a4f499e768 f886230bc5669859 1effc4bae26b2187 d70508ef86a6ce88 cc0d66e28ed27d5e f13d9ee5cf8b2bfa d631fa82eb0d2b9c f9dfa8fac842a7d4 97cdd3cea23f6164 8d4c8d00eb1d47e0 b35fefb4edffce51 903f2fb5072c35fb f2497ddbcb2dc383 392d91d41d8bbcb6 24b7f2b1a5a96d8f f0d73112c96cc189 e6f87e3f1701708c bcaade1baa04c2e6 f37184708bb070f0 a2b1e17c2d820f2e d786d214da6a02af e61a73a0df5cbf98 cdecec6caf85684 2562593488cc551c e82914b4e465a0da 2f5df75f0b7cccd4 944921f0f507e37a d96d8455d4c05093 e03d1d67fc7236a5 f17a1a1f08cb7bb4 dd8bcc47f4863f57 f0f875fccae79e74 d3b31a283dc8e9ae b24f2905e272901c ad5a2e90b13ee66f ef07d01d23479f02 5ba2f1e010d48b9 b24c2f282156f923 c49e9825b3145dae b421a6672153ff46 c2aaf869ca58c743 fd6d24f1e66dd590 7c1d4d60749908e d1a257d1318ecb59 17fca0e9ca6ccd3f d1b65dcdcf0f7cc2 809e481b1fbe75bf ea2b42fe2358b59e f2683260989ae904 b8595ec33be1a0cb df3a5669f3067a7c 8ba16380a284a1c1 de66428cd1a288c9 c4a90345c3fac244 e67f6405bda098f5 f4321bfd04a66c6 1445290ac4e5a692 82863f87d3ec2504 a4368bcafac48d0f bfaa33a191c96146 e5b5864bb87bb4d4 334041e4c2307329 d3f9d46f89ec1215 c267c6eaf2ea7585 b51ae8aeb9af5aba c39b6cd0f5a808ce e8927e530914bd1e c2c417d8060333ba fbab3c881dad6702 26c22420865f84a8 8c62b862e43dbadb 81eb21dde9863bf8 efe5c0a1880df4ea ec4bafc6a8ad45fd 123381f6fc487903 4566deeee36d1a3 16e417a102194297 fe61bb9af0a21db4 ded8ef5729179997 2b30dc2e82b82988 f35a473cf5bd06f8 9ed4a08fa99297c8 2c4ac151d2333694 c7f03d8cca057cbd f39814869fa5088d f1d83f21e6c4de1c b0ca5ad91fe2d5d7 bf87de6439c87cae 208d5acaa4626f5f c445453631601d86 eb289a34d157b5a3 f5ba250303cd239b 352d41210bb5f4fe dd0daaa1b9ff6a39 bdcc8dd42055db55 2c0bd053d2c7cfa4 cc739def2f9cef5 934faa4a89197af4 dbe14a99ca93c7b2 3d8d96a8bf5b7a9d c874f592e8a88477 b33c4c29d0dd40f2 1038bb902456402b cfec4a2f0c9e2d1 c1a723c4d8adb122 fd03f14dc03b10cb 3104f39dd1dfdf54 2a8d90760a02b5ef ca3dc6baf2ac1761 c48bf6b5279181c3 319437b2fb42ba57 edeed1b8ef19872b 16ab08eefbd1fe6c f714b8c4b27ac86d a1944f98c83f40a0 c4113f0ce5038a7c 177e52eab83f5886 807e9926bb25f7d0 2029824db912a282 f151fb09c48fd833 ffb5d00337a7d537 f0ba77b9f1d0942f b6606c629fdf5250 d7872787e20c72c2 d3dd06f236163c66 d5f58eb6c8419f41 ] wstrb=[54 3 3e ba f5 7f 71 4a 82 af 4 78 2e 75 c2 b0 24 c6 28 52 3c ea 3 60 b1 2b b3 ed 16 b6 4d c7 e1 0 b4 f7 b6 1 be 98 2 72 8f b8 74 4e 50 76 c0 e0 2e 34 2e 7f aa ee 5f d9 23 8d 58 cd 7b b7 a6 9e 44 fe 6c bf b5 12 5e f9 11 ca b9 c6 dc 17 c0 ed e1 79 b4 bd 90 74 ab 71 ed 5f 2e 7d d3 d9 ee c0 38 1c 3d b f6 2b cb 2e 47 8 3a 3d 33 5 6c 7b e a6 b8 41 ab 24 bc b9 ca 75 fb 76 99 b7 2f 64 2c 2a da c6 e2 9 2a e 34 4 d4 16 d fe 24 41 2 f9 57 10 f7 7c 51 fa 75 a9 a 6c 25 5b 66 9a 4 ] bresp=0 bid=11111
[1725000] ARB MONITOR: slave=0 m0_req=0 m1_req=1 winner=1
[1725000] AXI S0_ARVALID_RDY HANDSHAKE
[1725000] MEMORY READ MISS beat=0 addr=702c720 -> default data id=18
[1735000] MEMORY READ MISS beat=1 addr=702c728 -> default data id=18
[1735000] SLAVE 0 R_VALID_RDY Handshake beat=0 rlast=0
[1735000] MASTER 1 B_VALID_RDY Handshake
[1735000] [MASTER MONITOR] mst_id=1 s_id=0 awaddr=f869e08 awid=1111 awlen=162 awsize=0 awburst=1 wdata=[1fbb12a0ff0f00fd 189b206dce50806b 35606269c74737b0 c65638adf1cc929b c01d1306d51b7509 1c62acb9def1591a d0bdebb6f57d756f ca98ea78e2b8e566 c1aa3e8190dafebc 658742ce6fb9731 c9b47c9812682a37 a34328f3d0f15ea4 37ecf5d60b5ebb19 1dc6e550a99b9d1f fa8cfbc401a1726e d002d87c10a0e43 eaa5ab633279f19a 341b64082ac712d7 ebd1211ae532a727 17ac98c1c11b918f ebe2a466d676cc7d bba973a4cbc7fcc9 ce38e58d7b3c580 2e2a91fed3560c65 9f1e092ef8c632be d079f83ee9d405a2 3d2a1208ac019786 a4c7ca44fea48a3c e8788fdfdc481b36 849b2bdf541c283 f3e64cbf25a2a1e7 81eabd1dad117d01 a2533f84dc5edc9e 82017e858a346fda 3745ecdc16398c44 f29868e203ec3ba3 8e20ab7dd9992c60 efd2b8a4f499e768 f886230bc5669859 1effc4bae26b2187 d70508ef86a6ce88 cc0d66e28ed27d5e f13d9ee5cf8b2bfa d631fa82eb0d2b9c f9dfa8fac842a7d4 97cdd3cea23f6164 8d4c8d00eb1d47e0 b35fefb4edffce51 903f2fb5072c35fb f2497ddbcb2dc383 392d91d41d8bbcb6 24b7f2b1a5a96d8f f0d73112c96cc189 e6f87e3f1701708c bcaade1baa04c2e6 f37184708bb070f0 a2b1e17c2d820f2e d786d214da6a02af e61a73a0df5cbf98 cdecec6caf85684 2562593488cc551c e82914b4e465a0da 2f5df75f0b7cccd4 944921f0f507e37a d96d8455d4c05093 e03d1d67fc7236a5 f17a1a1f08cb7bb4 dd8bcc47f4863f57 f0f875fccae79e74 d3b31a283dc8e9ae b24f2905e272901c ad5a2e90b13ee66f ef07d01d23479f02 5ba2f1e010d48b9 b24c2f282156f923 c49e9825b3145dae b421a6672153ff46 c2aaf869ca58c743 fd6d24f1e66dd590 7c1d4d60749908e d1a257d1318ecb59 17fca0e9ca6ccd3f d1b65dcdcf0f7cc2 809e481b1fbe75bf ea2b42fe2358b59e f2683260989ae904 b8595ec33be1a0cb df3a5669f3067a7c 8ba16380a284a1c1 de66428cd1a288c9 c4a90345c3fac244 e67f6405bda098f5 f4321bfd04a66c6 1445290ac4e5a692 82863f87d3ec2504 a4368bcafac48d0f bfaa33a191c96146 e5b5864bb87bb4d4 334041e4c2307329 d3f9d46f89ec1215 c267c6eaf2ea7585 b51ae8aeb9af5aba c39b6cd0f5a808ce e8927e530914bd1e c2c417d8060333ba fbab3c881dad6702 26c22420865f84a8 8c62b862e43dbadb 81eb21dde9863bf8 efe5c0a1880df4ea ec4bafc6a8ad45fd 123381f6fc487903 4566deeee36d1a3 16e417a102194297 fe61bb9af0a21db4 ded8ef5729179997 2b30dc2e82b82988 f35a473cf5bd06f8 9ed4a08fa99297c8 2c4ac151d2333694 c7f03d8cca057cbd f39814869fa5088d f1d83f21e6c4de1c b0ca5ad91fe2d5d7 bf87de6439c87cae 208d5acaa4626f5f c445453631601d86 eb289a34d157b5a3 f5ba250303cd239b 352d41210bb5f4fe dd0daaa1b9ff6a39 bdcc8dd42055db55 2c0bd053d2c7cfa4 cc739def2f9cef5 934faa4a89197af4 dbe14a99ca93c7b2 3d8d96a8bf5b7a9d c874f592e8a88477 b33c4c29d0dd40f2 1038bb902456402b cfec4a2f0c9e2d1 c1a723c4d8adb122 fd03f14dc03b10cb 3104f39dd1dfdf54 2a8d90760a02b5ef ca3dc6baf2ac1761 c48bf6b5279181c3 319437b2fb42ba57 edeed1b8ef19872b 16ab08eefbd1fe6c f714b8c4b27ac86d a1944f98c83f40a0 c4113f0ce5038a7c 177e52eab83f5886 807e9926bb25f7d0 2029824db912a282 f151fb09c48fd833 ffb5d00337a7d537 f0ba77b9f1d0942f b6606c629fdf5250 d7872787e20c72c2 d3dd06f236163c66 d5f58eb6c8419f41 ] wstrb=[54 3 3e ba f5 7f 71 4a 82 af 4 78 2e 75 c2 b0 24 c6 28 52 3c ea 3 60 b1 2b b3 ed 16 b6 4d c7 e1 0 b4 f7 b6 1 be 98 2 72 8f b8 74 4e 50 76 c0 e0 2e 34 2e 7f aa ee 5f d9 23 8d 58 cd 7b b7 a6 9e 44 fe 6c bf b5 12 5e f9 11 ca b9 c6 dc 17 c0 ed e1 79 b4 bd 90 74 ab 71 ed 5f 2e 7d d3 d9 ee c0 38 1c 3d b f6 2b cb 2e 47 8 3a 3d 33 5 6c 7b e a6 b8 41 ab 24 bc b9 ca 75 fb 76 99 b7 2f 64 2c 2a da c6 e2 9 2a e 34 4 d4 16 d fe 24 41 2 f9 57 10 f7 7c 51 fa 75 a9 a 6c 25 5b 66 9a 4 ] bresp=0 bid=1111
[1735000] MASTER 1 RECEIVED BRESP. BRESP=0
[1735000] [MASTER DRIVER] mst_id=1 s_id=0 awaddr=f869e08 awid=1111 awlen=162 awsize=0 awburst=1 wdata=[1fbb12a0ff0f00fd 189b206dce50806b 35606269c74737b0 c65638adf1cc929b c01d1306d51b7509 1c62acb9def1591a d0bdebb6f57d756f ca98ea78e2b8e566 c1aa3e8190dafebc 658742ce6fb9731 c9b47c9812682a37 a34328f3d0f15ea4 37ecf5d60b5ebb19 1dc6e550a99b9d1f fa8cfbc401a1726e d002d87c10a0e43 eaa5ab633279f19a 341b64082ac712d7 ebd1211ae532a727 17ac98c1c11b918f ebe2a466d676cc7d bba973a4cbc7fcc9 ce38e58d7b3c580 2e2a91fed3560c65 9f1e092ef8c632be d079f83ee9d405a2 3d2a1208ac019786 a4c7ca44fea48a3c e8788fdfdc481b36 849b2bdf541c283 f3e64cbf25a2a1e7 81eabd1dad117d01 a2533f84dc5edc9e 82017e858a346fda 3745ecdc16398c44 f29868e203ec3ba3 8e20ab7dd9992c60 efd2b8a4f499e768 f886230bc5669859 1effc4bae26b2187 d70508ef86a6ce88 cc0d66e28ed27d5e f13d9ee5cf8b2bfa d631fa82eb0d2b9c f9dfa8fac842a7d4 97cdd3cea23f6164 8d4c8d00eb1d47e0 b35fefb4edffce51 903f2fb5072c35fb f2497ddbcb2dc383 392d91d41d8bbcb6 24b7f2b1a5a96d8f f0d73112c96cc189 e6f87e3f1701708c bcaade1baa04c2e6 f37184708bb070f0 a2b1e17c2d820f2e d786d214da6a02af e61a73a0df5cbf98 cdecec6caf85684 2562593488cc551c e82914b4e465a0da 2f5df75f0b7cccd4 944921f0f507e37a d96d8455d4c05093 e03d1d67fc7236a5 f17a1a1f08cb7bb4 dd8bcc47f4863f57 f0f875fccae79e74 d3b31a283dc8e9ae b24f2905e272901c ad5a2e90b13ee66f ef07d01d23479f02 5ba2f1e010d48b9 b24c2f282156f923 c49e9825b3145dae b421a6672153ff46 c2aaf869ca58c743 fd6d24f1e66dd590 7c1d4d60749908e d1a257d1318ecb59 17fca0e9ca6ccd3f d1b65dcdcf0f7cc2 809e481b1fbe75bf ea2b42fe2358b59e f2683260989ae904 b8595ec33be1a0cb df3a5669f3067a7c 8ba16380a284a1c1 de66428cd1a288c9 c4a90345c3fac244 e67f6405bda098f5 f4321bfd04a66c6 1445290ac4e5a692 82863f87d3ec2504 a4368bcafac48d0f bfaa33a191c96146 e5b5864bb87bb4d4 334041e4c2307329 d3f9d46f89ec1215 c267c6eaf2ea7585 b51ae8aeb9af5aba c39b6cd0f5a808ce e8927e530914bd1e c2c417d8060333ba fbab3c881dad6702 26c22420865f84a8 8c62b862e43dbadb 81eb21dde9863bf8 efe5c0a1880df4ea ec4bafc6a8ad45fd 123381f6fc487903 4566deeee36d1a3 16e417a102194297 fe61bb9af0a21db4 ded8ef5729179997 2b30dc2e82b82988 f35a473cf5bd06f8 9ed4a08fa99297c8 2c4ac151d2333694 c7f03d8cca057cbd f39814869fa5088d f1d83f21e6c4de1c b0ca5ad91fe2d5d7 bf87de6439c87cae 208d5acaa4626f5f c445453631601d86 eb289a34d157b5a3 f5ba250303cd239b 352d41210bb5f4fe dd0daaa1b9ff6a39 bdcc8dd42055db55 2c0bd053d2c7cfa4 cc739def2f9cef5 934faa4a89197af4 dbe14a99ca93c7b2 3d8d96a8bf5b7a9d c874f592e8a88477 b33c4c29d0dd40f2 1038bb902456402b cfec4a2f0c9e2d1 c1a723c4d8adb122 fd03f14dc03b10cb 3104f39dd1dfdf54 2a8d90760a02b5ef ca3dc6baf2ac1761 c48bf6b5279181c3 319437b2fb42ba57 edeed1b8ef19872b 16ab08eefbd1fe6c f714b8c4b27ac86d a1944f98c83f40a0 c4113f0ce5038a7c 177e52eab83f5886 807e9926bb25f7d0 2029824db912a282 f151fb09c48fd833 ffb5d00337a7d537 f0ba77b9f1d0942f b6606c629fdf5250 d7872787e20c72c2 d3dd06f236163c66 d5f58eb6c8419f41 ] wstrb=[54 3 3e ba f5 7f 71 4a 82 af 4 78 2e 75 c2 b0 24 c6 28 52 3c ea 3 60 b1 2b b3 ed 16 b6 4d c7 e1 0 b4 f7 b6 1 be 98 2 72 8f b8 74 4e 50 76 c0 e0 2e 34 2e 7f aa ee 5f d9 23 8d 58 cd 7b b7 a6 9e 44 fe 6c bf b5 12 5e f9 11 ca b9 c6 dc 17 c0 ed e1 79 b4 bd 90 74 ab 71 ed 5f 2e 7d d3 d9 ee c0 38 1c 3d b f6 2b cb 2e 47 8 3a 3d 33 5 6c 7b e a6 b8 41 ab 24 bc b9 ca 75 fb 76 99 b7 2f 64 2c 2a da c6 e2 9 2a e 34 4 d4 16 d fe 24 41 2 f9 57 10 f7 7c 51 fa 75 a9 a 6c 25 5b 66 9a 4 ] bresp=0 bid=1111
[1735000] SCOREBOARD MATCH: decode_err expected = 0, actual =0
[1735000] SCOREBOARD MATCH: slave_id expected = 0, actual =0
[1735000] SCOREBOARD MATCH: awaddr passthrough expected = f869e08, actual =f869e08
[1735000] SCOREBOARD MATCH: awlen passthrough expected = 162, actual =162
[1735000] SCOREBOARD MATCH: awsize passthrough expected = 0, actual =0
[1735000] SCOREBOARD MATCH: awburst passthrough expected = 1, actual =1
[1735000] SCOREBOARD MATCH: wdata size check expected = a3, actual =a3
[1735000] SCOREBOARD MATCH: wdata passthrough beat=0 expected = 1fbb12a0ff0f00fd, actual =1fbb12a0ff0f00fd
[1735000] SCOREBOARD MATCH: wdata passthrough beat=1 expected = 189b206dce50806b, actual =189b206dce50806b
[1735000] SCOREBOARD MATCH: wdata passthrough beat=2 expected = 35606269c74737b0, actual =35606269c74737b0
[1735000] SCOREBOARD MATCH: wdata passthrough beat=3 expected = c65638adf1cc929b, actual =c65638adf1cc929b
[1735000] SCOREBOARD MATCH: wdata passthrough beat=4 expected = c01d1306d51b7509, actual =c01d1306d51b7509
[1735000] SCOREBOARD MATCH: wdata passthrough beat=5 expected = 1c62acb9def1591a, actual =1c62acb9def1591a
[1735000] SCOREBOARD MATCH: wdata passthrough beat=6 expected = d0bdebb6f57d756f, actual =d0bdebb6f57d756f
[1735000] SCOREBOARD MATCH: wdata passthrough beat=7 expected = ca98ea78e2b8e566, actual =ca98ea78e2b8e566
[1735000] SCOREBOARD MATCH: wdata passthrough beat=8 expected = c1aa3e8190dafebc, actual =c1aa3e8190dafebc
[1735000] SCOREBOARD MATCH: wdata passthrough beat=9 expected = 658742ce6fb9731, actual =658742ce6fb9731
[1735000] SCOREBOARD MATCH: wdata passthrough beat=10 expected = c9b47c9812682a37, actual =c9b47c9812682a37
[1735000] SCOREBOARD MATCH: wdata passthrough beat=11 expected = a34328f3d0f15ea4, actual =a34328f3d0f15ea4
[1735000] SCOREBOARD MATCH: wdata passthrough beat=12 expected = 37ecf5d60b5ebb19, actual =37ecf5d60b5ebb19
[1735000] SCOREBOARD MATCH: wdata passthrough beat=13 expected = 1dc6e550a99b9d1f, actual =1dc6e550a99b9d1f
[1735000] SCOREBOARD MATCH: wdata passthrough beat=14 expected = fa8cfbc401a1726e, actual =fa8cfbc401a1726e
[1735000] SCOREBOARD MATCH: wdata passthrough beat=15 expected = d002d87c10a0e43, actual =d002d87c10a0e43
[1735000] SCOREBOARD MATCH: wdata passthrough beat=16 expected = eaa5ab633279f19a, actual =eaa5ab633279f19a
[1735000] SCOREBOARD MATCH: wdata passthrough beat=17 expected = 341b64082ac712d7, actual =341b64082ac712d7
[1735000] SCOREBOARD MATCH: wdata passthrough beat=18 expected = ebd1211ae532a727, actual =ebd1211ae532a727
[1735000] SCOREBOARD MATCH: wdata passthrough beat=19 expected = 17ac98c1c11b918f, actual =17ac98c1c11b918f
[1735000] SCOREBOARD MATCH: wdata passthrough beat=20 expected = ebe2a466d676cc7d, actual =ebe2a466d676cc7d
[1735000] SCOREBOARD MATCH: wdata passthrough beat=21 expected = bba973a4cbc7fcc9, actual =bba973a4cbc7fcc9
[1735000] SCOREBOARD MATCH: wdata passthrough beat=22 expected = ce38e58d7b3c580, actual =ce38e58d7b3c580
[1735000] SCOREBOARD MATCH: wdata passthrough beat=23 expected = 2e2a91fed3560c65, actual =2e2a91fed3560c65
[1735000] SCOREBOARD MATCH: wdata passthrough beat=24 expected = 9f1e092ef8c632be, actual =9f1e092ef8c632be
[1735000] SCOREBOARD MATCH: wdata passthrough beat=25 expected = d079f83ee9d405a2, actual =d079f83ee9d405a2
[1735000] SCOREBOARD MATCH: wdata passthrough beat=26 expected = 3d2a1208ac019786, actual =3d2a1208ac019786
[1735000] SCOREBOARD MATCH: wdata passthrough beat=27 expected = a4c7ca44fea48a3c, actual =a4c7ca44fea48a3c
[1735000] SCOREBOARD MATCH: wdata passthrough beat=28 expected = e8788fdfdc481b36, actual =e8788fdfdc481b36
[1735000] SCOREBOARD MATCH: wdata passthrough beat=29 expected = 849b2bdf541c283, actual =849b2bdf541c283
[1735000] SCOREBOARD MATCH: wdata passthrough beat=30 expected = f3e64cbf25a2a1e7, actual =f3e64cbf25a2a1e7
[1735000] SCOREBOARD MATCH: wdata passthrough beat=31 expected = 81eabd1dad117d01, actual =81eabd1dad117d01
[1735000] SCOREBOARD MATCH: wdata passthrough beat=32 expected = a2533f84dc5edc9e, actual =a2533f84dc5edc9e
[1735000] SCOREBOARD MATCH: wdata passthrough beat=33 expected = 82017e858a346fda, actual =82017e858a346fda
[1735000] SCOREBOARD MATCH: wdata passthrough beat=34 expected = 3745ecdc16398c44, actual =3745ecdc16398c44
[1735000] SCOREBOARD MATCH: wdata passthrough beat=35 expected = f29868e203ec3ba3, actual =f29868e203ec3ba3
[1735000] SCOREBOARD MATCH: wdata passthrough beat=36 expected = 8e20ab7dd9992c60, actual =8e20ab7dd9992c60
[1735000] SCOREBOARD MATCH: wdata passthrough beat=37 expected = efd2b8a4f499e768, actual =efd2b8a4f499e768
[1735000] SCOREBOARD MATCH: wdata passthrough beat=38 expected = f886230bc5669859, actual =f886230bc5669859
[1735000] SCOREBOARD MATCH: wdata passthrough beat=39 expected = 1effc4bae26b2187, actual =1effc4bae26b2187
[1735000] SCOREBOARD MATCH: wdata passthrough beat=40 expected = d70508ef86a6ce88, actual =d70508ef86a6ce88
[1735000] SCOREBOARD MATCH: wdata passthrough beat=41 expected = cc0d66e28ed27d5e, actual =cc0d66e28ed27d5e
[1735000] SCOREBOARD MATCH: wdata passthrough beat=42 expected = f13d9ee5cf8b2bfa, actual =f13d9ee5cf8b2bfa
[1735000] SCOREBOARD MATCH: wdata passthrough beat=43 expected = d631fa82eb0d2b9c, actual =d631fa82eb0d2b9c
[1735000] SCOREBOARD MATCH: wdata passthrough beat=44 expected = f9dfa8fac842a7d4, actual =f9dfa8fac842a7d4
[1735000] SCOREBOARD MATCH: wdata passthrough beat=45 expected = 97cdd3cea23f6164, actual =97cdd3cea23f6164
[1735000] SCOREBOARD MATCH: wdata passthrough beat=46 expected = 8d4c8d00eb1d47e0, actual =8d4c8d00eb1d47e0
[1735000] SCOREBOARD MATCH: wdata passthrough beat=47 expected = b35fefb4edffce51, actual =b35fefb4edffce51
[1735000] SCOREBOARD MATCH: wdata passthrough beat=48 expected = 903f2fb5072c35fb, actual =903f2fb5072c35fb
[1735000] SCOREBOARD MATCH: wdata passthrough beat=49 expected = f2497ddbcb2dc383, actual =f2497ddbcb2dc383
[1735000] SCOREBOARD MATCH: wdata passthrough beat=50 expected = 392d91d41d8bbcb6, actual =392d91d41d8bbcb6
[1735000] SCOREBOARD MATCH: wdata passthrough beat=51 expected = 24b7f2b1a5a96d8f, actual =24b7f2b1a5a96d8f
[1735000] SCOREBOARD MATCH: wdata passthrough beat=52 expected = f0d73112c96cc189, actual =f0d73112c96cc189
[1735000] SCOREBOARD MATCH: wdata passthrough beat=53 expected = e6f87e3f1701708c, actual =e6f87e3f1701708c
[1735000] SCOREBOARD MATCH: wdata passthrough beat=54 expected = bcaade1baa04c2e6, actual =bcaade1baa04c2e6
[1735000] SCOREBOARD MATCH: wdata passthrough beat=55 expected = f37184708bb070f0, actual =f37184708bb070f0
[1735000] SCOREBOARD MATCH: wdata passthrough beat=56 expected = a2b1e17c2d820f2e, actual =a2b1e17c2d820f2e
[1735000] SCOREBOARD MATCH: wdata passthrough beat=57 expected = d786d214da6a02af, actual =d786d214da6a02af
[1735000] SCOREBOARD MATCH: wdata passthrough beat=58 expected = e61a73a0df5cbf98, actual =e61a73a0df5cbf98
[1735000] SCOREBOARD MATCH: wdata passthrough beat=59 expected = cdecec6caf85684, actual =cdecec6caf85684
[1735000] SCOREBOARD MATCH: wdata passthrough beat=60 expected = 2562593488cc551c, actual =2562593488cc551c
[1735000] SCOREBOARD MATCH: wdata passthrough beat=61 expected = e82914b4e465a0da, actual =e82914b4e465a0da
[1735000] SCOREBOARD MATCH: wdata passthrough beat=62 expected = 2f5df75f0b7cccd4, actual =2f5df75f0b7cccd4
[1735000] SCOREBOARD MATCH: wdata passthrough beat=63 expected = 944921f0f507e37a, actual =944921f0f507e37a
[1735000] SCOREBOARD MATCH: wdata passthrough beat=64 expected = d96d8455d4c05093, actual =d96d8455d4c05093
[1735000] SCOREBOARD MATCH: wdata passthrough beat=65 expected = e03d1d67fc7236a5, actual =e03d1d67fc7236a5
[1735000] SCOREBOARD MATCH: wdata passthrough beat=66 expected = f17a1a1f08cb7bb4, actual =f17a1a1f08cb7bb4
[1735000] SCOREBOARD MATCH: wdata passthrough beat=67 expected = dd8bcc47f4863f57, actual =dd8bcc47f4863f57
[1735000] SCOREBOARD MATCH: wdata passthrough beat=68 expected = f0f875fccae79e74, actual =f0f875fccae79e74
[1735000] SCOREBOARD MATCH: wdata passthrough beat=69 expected = d3b31a283dc8e9ae, actual =d3b31a283dc8e9ae
[1735000] SCOREBOARD MATCH: wdata passthrough beat=70 expected = b24f2905e272901c, actual =b24f2905e272901c
[1735000] SCOREBOARD MATCH: wdata passthrough beat=71 expected = ad5a2e90b13ee66f, actual =ad5a2e90b13ee66f
[1735000] SCOREBOARD MATCH: wdata passthrough beat=72 expected = ef07d01d23479f02, actual =ef07d01d23479f02
[1735000] SCOREBOARD MATCH: wdata passthrough beat=73 expected = 5ba2f1e010d48b9, actual =5ba2f1e010d48b9
[1735000] SCOREBOARD MATCH: wdata passthrough beat=74 expected = b24c2f282156f923, actual =b24c2f282156f923
[1735000] SCOREBOARD MATCH: wdata passthrough beat=75 expected = c49e9825b3145dae, actual =c49e9825b3145dae
[1735000] SCOREBOARD MATCH: wdata passthrough beat=76 expected = b421a6672153ff46, actual =b421a6672153ff46
[1735000] SCOREBOARD MATCH: wdata passthrough beat=77 expected = c2aaf869ca58c743, actual =c2aaf869ca58c743
[1735000] SCOREBOARD MATCH: wdata passthrough beat=78 expected = fd6d24f1e66dd590, actual =fd6d24f1e66dd590
[1735000] SCOREBOARD MATCH: wdata passthrough beat=79 expected = 7c1d4d60749908e, actual =7c1d4d60749908e
[1735000] SCOREBOARD MATCH: wdata passthrough beat=80 expected = d1a257d1318ecb59, actual =d1a257d1318ecb59
[1735000] SCOREBOARD MATCH: wdata passthrough beat=81 expected = 17fca0e9ca6ccd3f, actual =17fca0e9ca6ccd3f
[1735000] SCOREBOARD MATCH: wdata passthrough beat=82 expected = d1b65dcdcf0f7cc2, actual =d1b65dcdcf0f7cc2
[1735000] SCOREBOARD MATCH: wdata passthrough beat=83 expected = 809e481b1fbe75bf, actual =809e481b1fbe75bf
[1735000] SCOREBOARD MATCH: wdata passthrough beat=84 expected = ea2b42fe2358b59e, actual =ea2b42fe2358b59e
[1735000] SCOREBOARD MATCH: wdata passthrough beat=85 expected = f2683260989ae904, actual =f2683260989ae904
[1735000] SCOREBOARD MATCH: wdata passthrough beat=86 expected = b8595ec33be1a0cb, actual =b8595ec33be1a0cb
[1735000] SCOREBOARD MATCH: wdata passthrough beat=87 expected = df3a5669f3067a7c, actual =df3a5669f3067a7c
[1735000] SCOREBOARD MATCH: wdata passthrough beat=88 expected = 8ba16380a284a1c1, actual =8ba16380a284a1c1
[1735000] SCOREBOARD MATCH: wdata passthrough beat=89 expected = de66428cd1a288c9, actual =de66428cd1a288c9
[1735000] SCOREBOARD MATCH: wdata passthrough beat=90 expected = c4a90345c3fac244, actual =c4a90345c3fac244
[1735000] SCOREBOARD MATCH: wdata passthrough beat=91 expected = e67f6405bda098f5, actual =e67f6405bda098f5
[1735000] SCOREBOARD MATCH: wdata passthrough beat=92 expected = f4321bfd04a66c6, actual =f4321bfd04a66c6
[1735000] SCOREBOARD MATCH: wdata passthrough beat=93 expected = 1445290ac4e5a692, actual =1445290ac4e5a692
[1735000] SCOREBOARD MATCH: wdata passthrough beat=94 expected = 82863f87d3ec2504, actual =82863f87d3ec2504
[1735000] SCOREBOARD MATCH: wdata passthrough beat=95 expected = a4368bcafac48d0f, actual =a4368bcafac48d0f
[1735000] SCOREBOARD MATCH: wdata passthrough beat=96 expected = bfaa33a191c96146, actual =bfaa33a191c96146
[1735000] SCOREBOARD MATCH: wdata passthrough beat=97 expected = e5b5864bb87bb4d4, actual =e5b5864bb87bb4d4
[1735000] SCOREBOARD MATCH: wdata passthrough beat=98 expected = 334041e4c2307329, actual =334041e4c2307329
[1735000] SCOREBOARD MATCH: wdata passthrough beat=99 expected = d3f9d46f89ec1215, actual =d3f9d46f89ec1215
[1735000] SCOREBOARD MATCH: wdata passthrough beat=100 expected = c267c6eaf2ea7585, actual =c267c6eaf2ea7585
[1735000] SCOREBOARD MATCH: wdata passthrough beat=101 expected = b51ae8aeb9af5aba, actual =b51ae8aeb9af5aba
[1735000] SCOREBOARD MATCH: wdata passthrough beat=102 expected = c39b6cd0f5a808ce, actual =c39b6cd0f5a808ce
[1735000] SCOREBOARD MATCH: wdata passthrough beat=103 expected = e8927e530914bd1e, actual =e8927e530914bd1e
[1735000] SCOREBOARD MATCH: wdata passthrough beat=104 expected = c2c417d8060333ba, actual =c2c417d8060333ba
[1735000] SCOREBOARD MATCH: wdata passthrough beat=105 expected = fbab3c881dad6702, actual =fbab3c881dad6702
[1735000] SCOREBOARD MATCH: wdata passthrough beat=106 expected = 26c22420865f84a8, actual =26c22420865f84a8
[1735000] SCOREBOARD MATCH: wdata passthrough beat=107 expected = 8c62b862e43dbadb, actual =8c62b862e43dbadb
[1735000] SCOREBOARD MATCH: wdata passthrough beat=108 expected = 81eb21dde9863bf8, actual =81eb21dde9863bf8
[1735000] SCOREBOARD MATCH: wdata passthrough beat=109 expected = efe5c0a1880df4ea, actual =efe5c0a1880df4ea
[1735000] SCOREBOARD MATCH: wdata passthrough beat=110 expected = ec4bafc6a8ad45fd, actual =ec4bafc6a8ad45fd
[1735000] SCOREBOARD MATCH: wdata passthrough beat=111 expected = 123381f6fc487903, actual =123381f6fc487903
[1735000] SCOREBOARD MATCH: wdata passthrough beat=112 expected = 4566deeee36d1a3, actual =4566deeee36d1a3
[1735000] SCOREBOARD MATCH: wdata passthrough beat=113 expected = 16e417a102194297, actual =16e417a102194297
[1735000] SCOREBOARD MATCH: wdata passthrough beat=114 expected = fe61bb9af0a21db4, actual =fe61bb9af0a21db4
[1735000] SCOREBOARD MATCH: wdata passthrough beat=115 expected = ded8ef5729179997, actual =ded8ef5729179997
[1735000] SCOREBOARD MATCH: wdata passthrough beat=116 expected = 2b30dc2e82b82988, actual =2b30dc2e82b82988
[1735000] SCOREBOARD MATCH: wdata passthrough beat=117 expected = f35a473cf5bd06f8, actual =f35a473cf5bd06f8
[1735000] SCOREBOARD MATCH: wdata passthrough beat=118 expected = 9ed4a08fa99297c8, actual =9ed4a08fa99297c8
[1735000] SCOREBOARD MATCH: wdata passthrough beat=119 expected = 2c4ac151d2333694, actual =2c4ac151d2333694
[1735000] SCOREBOARD MATCH: wdata passthrough beat=120 expected = c7f03d8cca057cbd, actual =c7f03d8cca057cbd
[1735000] SCOREBOARD MATCH: wdata passthrough beat=121 expected = f39814869fa5088d, actual =f39814869fa5088d
[1735000] SCOREBOARD MATCH: wdata passthrough beat=122 expected = f1d83f21e6c4de1c, actual =f1d83f21e6c4de1c
[1735000] SCOREBOARD MATCH: wdata passthrough beat=123 expected = b0ca5ad91fe2d5d7, actual =b0ca5ad91fe2d5d7
[1735000] SCOREBOARD MATCH: wdata passthrough beat=124 expected = bf87de6439c87cae, actual =bf87de6439c87cae
[1735000] SCOREBOARD MATCH: wdata passthrough beat=125 expected = 208d5acaa4626f5f, actual =208d5acaa4626f5f
[1735000] SCOREBOARD MATCH: wdata passthrough beat=126 expected = c445453631601d86, actual =c445453631601d86
[1735000] SCOREBOARD MATCH: wdata passthrough beat=127 expected = eb289a34d157b5a3, actual =eb289a34d157b5a3
[1735000] SCOREBOARD MATCH: wdata passthrough beat=128 expected = f5ba250303cd239b, actual =f5ba250303cd239b
[1735000] SCOREBOARD MATCH: wdata passthrough beat=129 expected = 352d41210bb5f4fe, actual =352d41210bb5f4fe
[1735000] SCOREBOARD MATCH: wdata passthrough beat=130 expected = dd0daaa1b9ff6a39, actual =dd0daaa1b9ff6a39
[1735000] SCOREBOARD MATCH: wdata passthrough beat=131 expected = bdcc8dd42055db55, actual =bdcc8dd42055db55
[1735000] SCOREBOARD MATCH: wdata passthrough beat=132 expected = 2c0bd053d2c7cfa4, actual =2c0bd053d2c7cfa4
[1735000] SCOREBOARD MATCH: wdata passthrough beat=133 expected = cc739def2f9cef5, actual =cc739def2f9cef5
[1735000] SCOREBOARD MATCH: wdata passthrough beat=134 expected = 934faa4a89197af4, actual =934faa4a89197af4
[1735000] SCOREBOARD MATCH: wdata passthrough beat=135 expected = dbe14a99ca93c7b2, actual =dbe14a99ca93c7b2
[1735000] SCOREBOARD MATCH: wdata passthrough beat=136 expected = 3d8d96a8bf5b7a9d, actual =3d8d96a8bf5b7a9d
[1735000] SCOREBOARD MATCH: wdata passthrough beat=137 expected = c874f592e8a88477, actual =c874f592e8a88477
[1735000] SCOREBOARD MATCH: wdata passthrough beat=138 expected = b33c4c29d0dd40f2, actual =b33c4c29d0dd40f2
[1735000] SCOREBOARD MATCH: wdata passthrough beat=139 expected = 1038bb902456402b, actual =1038bb902456402b
[1735000] SCOREBOARD MATCH: wdata passthrough beat=140 expected = cfec4a2f0c9e2d1, actual =cfec4a2f0c9e2d1
[1735000] SCOREBOARD MATCH: wdata passthrough beat=141 expected = c1a723c4d8adb122, actual =c1a723c4d8adb122
[1735000] SCOREBOARD MATCH: wdata passthrough beat=142 expected = fd03f14dc03b10cb, actual =fd03f14dc03b10cb
[1735000] SCOREBOARD MATCH: wdata passthrough beat=143 expected = 3104f39dd1dfdf54, actual =3104f39dd1dfdf54
[1735000] SCOREBOARD MATCH: wdata passthrough beat=144 expected = 2a8d90760a02b5ef, actual =2a8d90760a02b5ef
[1735000] SCOREBOARD MATCH: wdata passthrough beat=145 expected = ca3dc6baf2ac1761, actual =ca3dc6baf2ac1761
[1735000] SCOREBOARD MATCH: wdata passthrough beat=146 expected = c48bf6b5279181c3, actual =c48bf6b5279181c3
[1735000] SCOREBOARD MATCH: wdata passthrough beat=147 expected = 319437b2fb42ba57, actual =319437b2fb42ba57
[1735000] SCOREBOARD MATCH: wdata passthrough beat=148 expected = edeed1b8ef19872b, actual =edeed1b8ef19872b
[1735000] SCOREBOARD MATCH: wdata passthrough beat=149 expected = 16ab08eefbd1fe6c, actual =16ab08eefbd1fe6c
[1735000] SCOREBOARD MATCH: wdata passthrough beat=150 expected = f714b8c4b27ac86d, actual =f714b8c4b27ac86d
[1735000] SCOREBOARD MATCH: wdata passthrough beat=151 expected = a1944f98c83f40a0, actual =a1944f98c83f40a0
[1735000] SCOREBOARD MATCH: wdata passthrough beat=152 expected = c4113f0ce5038a7c, actual =c4113f0ce5038a7c
[1735000] SCOREBOARD MATCH: wdata passthrough beat=153 expected = 177e52eab83f5886, actual =177e52eab83f5886
[1735000] SCOREBOARD MATCH: wdata passthrough beat=154 expected = 807e9926bb25f7d0, actual =807e9926bb25f7d0
[1735000] SCOREBOARD MATCH: wdata passthrough beat=155 expected = 2029824db912a282, actual =2029824db912a282
[1735000] SCOREBOARD MATCH: wdata passthrough beat=156 expected = f151fb09c48fd833, actual =f151fb09c48fd833
[1735000] SCOREBOARD MATCH: wdata passthrough beat=157 expected = ffb5d00337a7d537, actual =ffb5d00337a7d537
[1735000] SCOREBOARD MATCH: wdata passthrough beat=158 expected = f0ba77b9f1d0942f, actual =f0ba77b9f1d0942f
[1735000] SCOREBOARD MATCH: wdata passthrough beat=159 expected = b6606c629fdf5250, actual =b6606c629fdf5250
[1735000] SCOREBOARD MATCH: wdata passthrough beat=160 expected = d7872787e20c72c2, actual =d7872787e20c72c2
[1735000] SCOREBOARD MATCH: wdata passthrough beat=161 expected = d3dd06f236163c66, actual =d3dd06f236163c66
[1735000] SCOREBOARD MATCH: wdata passthrough beat=162 expected = d5f58eb6c8419f41, actual =d5f58eb6c8419f41
[1735000] SCOREBOARD MATCH: wstrb size check expected = a3, actual =a3
[1735000] SCOREBOARD MATCH: wstrb passthrough beat=0 expected = 54, actual =54
[1735000] SCOREBOARD MATCH: wstrb passthrough beat=1 expected = 3, actual =3
[1735000] SCOREBOARD MATCH: wstrb passthrough beat=2 expected = 3e, actual =3e
[1735000] SCOREBOARD MATCH: wstrb passthrough beat=3 expected = ba, actual =ba
[1735000] SCOREBOARD MATCH: wstrb passthrough beat=4 expected = f5, actual =f5
[1735000] SCOREBOARD MATCH: wstrb passthrough beat=5 expected = 7f, actual =7f
[1735000] SCOREBOARD MATCH: wstrb passthrough beat=6 expected = 71, actual =71
[1735000] SCOREBOARD MATCH: wstrb passthrough beat=7 expected = 4a, actual =4a
[1735000] SCOREBOARD MATCH: wstrb passthrough beat=8 expected = 82, actual =82
[1735000] SCOREBOARD MATCH: wstrb passthrough beat=9 expected = af, actual =af
[1735000] SCOREBOARD MATCH: wstrb passthrough beat=10 expected = 4, actual =4
[1735000] SCOREBOARD MATCH: wstrb passthrough beat=11 expected = 78, actual =78
[1735000] SCOREBOARD MATCH: wstrb passthrough beat=12 expected = 2e, actual =2e
[1735000] SCOREBOARD MATCH: wstrb passthrough beat=13 expected = 75, actual =75
[1735000] SCOREBOARD MATCH: wstrb passthrough beat=14 expected = c2, actual =c2
[1735000] SCOREBOARD MATCH: wstrb passthrough beat=15 expected = b0, actual =b0
[1735000] SCOREBOARD MATCH: wstrb passthrough beat=16 expected = 24, actual =24
[1735000] SCOREBOARD MATCH: wstrb passthrough beat=17 expected = c6, actual =c6
[1735000] SCOREBOARD MATCH: wstrb passthrough beat=18 expected = 28, actual =28
[1735000] SCOREBOARD MATCH: wstrb passthrough beat=19 expected = 52, actual =52
[1735000] SCOREBOARD MATCH: wstrb passthrough beat=20 expected = 3c, actual =3c
[1735000] SCOREBOARD MATCH: wstrb passthrough beat=21 expected = ea, actual =ea
[1735000] SCOREBOARD MATCH: wstrb passthrough beat=22 expected = 3, actual =3
[1735000] SCOREBOARD MATCH: wstrb passthrough beat=23 expected = 60, actual =60
[1735000] SCOREBOARD MATCH: wstrb passthrough beat=24 expected = b1, actual =b1
[1735000] SCOREBOARD MATCH: wstrb passthrough beat=25 expected = 2b, actual =2b
[1735000] SCOREBOARD MATCH: wstrb passthrough beat=26 expected = b3, actual =b3
[1735000] SCOREBOARD MATCH: wstrb passthrough beat=27 expected = ed, actual =ed
[1735000] SCOREBOARD MATCH: wstrb passthrough beat=28 expected = 16, actual =16
[1735000] SCOREBOARD MATCH: wstrb passthrough beat=29 expected = b6, actual =b6
[1735000] SCOREBOARD MATCH: wstrb passthrough beat=30 expected = 4d, actual =4d
[1735000] SCOREBOARD MATCH: wstrb passthrough beat=31 expected = c7, actual =c7
[1735000] SCOREBOARD MATCH: wstrb passthrough beat=32 expected = e1, actual =e1
[1735000] SCOREBOARD MATCH: wstrb passthrough beat=33 expected = 0, actual =0
[1735000] SCOREBOARD MATCH: wstrb passthrough beat=34 expected = b4, actual =b4
[1735000] SCOREBOARD MATCH: wstrb passthrough beat=35 expected = f7, actual =f7
[1735000] SCOREBOARD MATCH: wstrb passthrough beat=36 expected = b6, actual =b6
[1735000] SCOREBOARD MATCH: wstrb passthrough beat=37 expected = 1, actual =1
[1735000] SCOREBOARD MATCH: wstrb passthrough beat=38 expected = be, actual =be
[1735000] SCOREBOARD MATCH: wstrb passthrough beat=39 expected = 98, actual =98
[1735000] SCOREBOARD MATCH: wstrb passthrough beat=40 expected = 2, actual =2
[1735000] SCOREBOARD MATCH: wstrb passthrough beat=41 expected = 72, actual =72
[1735000] SCOREBOARD MATCH: wstrb passthrough beat=42 expected = 8f, actual =8f
[1735000] SCOREBOARD MATCH: wstrb passthrough beat=43 expected = b8, actual =b8
[1735000] SCOREBOARD MATCH: wstrb passthrough beat=44 expected = 74, actual =74
[1735000] SCOREBOARD MATCH: wstrb passthrough beat=45 expected = 4e, actual =4e
[1735000] SCOREBOARD MATCH: wstrb passthrough beat=46 expected = 50, actual =50
[1735000] SCOREBOARD MATCH: wstrb passthrough beat=47 expected = 76, actual =76
[1735000] SCOREBOARD MATCH: wstrb passthrough beat=48 expected = c0, actual =c0
[1735000] SCOREBOARD MATCH: wstrb passthrough beat=49 expected = e0, actual =e0
[1735000] SCOREBOARD MATCH: wstrb passthrough beat=50 expected = 2e, actual =2e
[1735000] SCOREBOARD MATCH: wstrb passthrough beat=51 expected = 34, actual =34
[1735000] SCOREBOARD MATCH: wstrb passthrough beat=52 expected = 2e, actual =2e
[1735000] SCOREBOARD MATCH: wstrb passthrough beat=53 expected = 7f, actual =7f
[1735000] SCOREBOARD MATCH: wstrb passthrough beat=54 expected = aa, actual =aa
[1735000] SCOREBOARD MATCH: wstrb passthrough beat=55 expected = ee, actual =ee
[1735000] SCOREBOARD MATCH: wstrb passthrough beat=56 expected = 5f, actual =5f
[1735000] SCOREBOARD MATCH: wstrb passthrough beat=57 expected = d9, actual =d9
[1735000] SCOREBOARD MATCH: wstrb passthrough beat=58 expected = 23, actual =23
[1735000] SCOREBOARD MATCH: wstrb passthrough beat=59 expected = 8d, actual =8d
[1735000] SCOREBOARD MATCH: wstrb passthrough beat=60 expected = 58, actual =58
[1735000] SCOREBOARD MATCH: wstrb passthrough beat=61 expected = cd, actual =cd
[1735000] SCOREBOARD MATCH: wstrb passthrough beat=62 expected = 7b, actual =7b
[1735000] SCOREBOARD MATCH: wstrb passthrough beat=63 expected = b7, actual =b7
[1735000] SCOREBOARD MATCH: wstrb passthrough beat=64 expected = a6, actual =a6
[1735000] SCOREBOARD MATCH: wstrb passthrough beat=65 expected = 9e, actual =9e
[1735000] SCOREBOARD MATCH: wstrb passthrough beat=66 expected = 44, actual =44
[1735000] SCOREBOARD MATCH: wstrb passthrough beat=67 expected = fe, actual =fe
[1735000] SCOREBOARD MATCH: wstrb passthrough beat=68 expected = 6c, actual =6c
[1735000] SCOREBOARD MATCH: wstrb passthrough beat=69 expected = bf, actual =bf
[1735000] SCOREBOARD MATCH: wstrb passthrough beat=70 expected = b5, actual =b5
[1735000] SCOREBOARD MATCH: wstrb passthrough beat=71 expected = 12, actual =12
[1735000] SCOREBOARD MATCH: wstrb passthrough beat=72 expected = 5e, actual =5e
[1735000] SCOREBOARD MATCH: wstrb passthrough beat=73 expected = f9, actual =f9
[1735000] SCOREBOARD MATCH: wstrb passthrough beat=74 expected = 11, actual =11
[1735000] SCOREBOARD MATCH: wstrb passthrough beat=75 expected = ca, actual =ca
[1735000] SCOREBOARD MATCH: wstrb passthrough beat=76 expected = b9, actual =b9
[1735000] SCOREBOARD MATCH: wstrb passthrough beat=77 expected = c6, actual =c6
[1735000] SCOREBOARD MATCH: wstrb passthrough beat=78 expected = dc, actual =dc
[1735000] SCOREBOARD MATCH: wstrb passthrough beat=79 expected = 17, actual =17
[1735000] SCOREBOARD MATCH: wstrb passthrough beat=80 expected = c0, actual =c0
[1735000] SCOREBOARD MATCH: wstrb passthrough beat=81 expected = ed, actual =ed
[1735000] SCOREBOARD MATCH: wstrb passthrough beat=82 expected = e1, actual =e1
[1735000] SCOREBOARD MATCH: wstrb passthrough beat=83 expected = 79, actual =79
[1735000] SCOREBOARD MATCH: wstrb passthrough beat=84 expected = b4, actual =b4
[1735000] SCOREBOARD MATCH: wstrb passthrough beat=85 expected = bd, actual =bd
[1735000] SCOREBOARD MATCH: wstrb passthrough beat=86 expected = 90, actual =90
[1735000] SCOREBOARD MATCH: wstrb passthrough beat=87 expected = 74, actual =74
[1735000] SCOREBOARD MATCH: wstrb passthrough beat=88 expected = ab, actual =ab
[1735000] SCOREBOARD MATCH: wstrb passthrough beat=89 expected = 71, actual =71
[1735000] SCOREBOARD MATCH: wstrb passthrough beat=90 expected = ed, actual =ed
[1735000] SCOREBOARD MATCH: wstrb passthrough beat=91 expected = 5f, actual =5f
[1735000] SCOREBOARD MATCH: wstrb passthrough beat=92 expected = 2e, actual =2e
[1735000] SCOREBOARD MATCH: wstrb passthrough beat=93 expected = 7d, actual =7d
[1735000] SCOREBOARD MATCH: wstrb passthrough beat=94 expected = d3, actual =d3
[1735000] SCOREBOARD MATCH: wstrb passthrough beat=95 expected = d9, actual =d9
[1735000] SCOREBOARD MATCH: wstrb passthrough beat=96 expected = ee, actual =ee
[1735000] SCOREBOARD MATCH: wstrb passthrough beat=97 expected = c0, actual =c0
[1735000] SCOREBOARD MATCH: wstrb passthrough beat=98 expected = 38, actual =38
[1735000] SCOREBOARD MATCH: wstrb passthrough beat=99 expected = 1c, actual =1c
[1735000] SCOREBOARD MATCH: wstrb passthrough beat=100 expected = 3d, actual =3d
[1735000] SCOREBOARD MATCH: wstrb passthrough beat=101 expected = b, actual =b
[1735000] SCOREBOARD MATCH: wstrb passthrough beat=102 expected = f6, actual =f6
[1735000] SCOREBOARD MATCH: wstrb passthrough beat=103 expected = 2b, actual =2b
[1735000] SCOREBOARD MATCH: wstrb passthrough beat=104 expected = cb, actual =cb
[1735000] SCOREBOARD MATCH: wstrb passthrough beat=105 expected = 2e, actual =2e
[1735000] SCOREBOARD MATCH: wstrb passthrough beat=106 expected = 47, actual =47
[1735000] SCOREBOARD MATCH: wstrb passthrough beat=107 expected = 8, actual =8
[1735000] SCOREBOARD MATCH: wstrb passthrough beat=108 expected = 3a, actual =3a
[1735000] SCOREBOARD MATCH: wstrb passthrough beat=109 expected = 3d, actual =3d
[1735000] SCOREBOARD MATCH: wstrb passthrough beat=110 expected = 33, actual =33
[1735000] SCOREBOARD MATCH: wstrb passthrough beat=111 expected = 5, actual =5
[1735000] SCOREBOARD MATCH: wstrb passthrough beat=112 expected = 6c, actual =6c
[1735000] SCOREBOARD MATCH: wstrb passthrough beat=113 expected = 7b, actual =7b
[1735000] SCOREBOARD MATCH: wstrb passthrough beat=114 expected = e, actual =e
[1735000] SCOREBOARD MATCH: wstrb passthrough beat=115 expected = a6, actual =a6
[1735000] SCOREBOARD MATCH: wstrb passthrough beat=116 expected = b8, actual =b8
[1735000] SCOREBOARD MATCH: wstrb passthrough beat=117 expected = 41, actual =41
[1735000] SCOREBOARD MATCH: wstrb passthrough beat=118 expected = ab, actual =ab
[1735000] SCOREBOARD MATCH: wstrb passthrough beat=119 expected = 24, actual =24
[1735000] SCOREBOARD MATCH: wstrb passthrough beat=120 expected = bc, actual =bc
[1735000] SCOREBOARD MATCH: wstrb passthrough beat=121 expected = b9, actual =b9
[1735000] SCOREBOARD MATCH: wstrb passthrough beat=122 expected = ca, actual =ca
[1735000] SCOREBOARD MATCH: wstrb passthrough beat=123 expected = 75, actual =75
[1735000] SCOREBOARD MATCH: wstrb passthrough beat=124 expected = fb, actual =fb
[1735000] SCOREBOARD MATCH: wstrb passthrough beat=125 expected = 76, actual =76
[1735000] SCOREBOARD MATCH: wstrb passthrough beat=126 expected = 99, actual =99
[1735000] SCOREBOARD MATCH: wstrb passthrough beat=127 expected = b7, actual =b7
[1735000] SCOREBOARD MATCH: wstrb passthrough beat=128 expected = 2f, actual =2f
[1735000] SCOREBOARD MATCH: wstrb passthrough beat=129 expected = 64, actual =64
[1735000] SCOREBOARD MATCH: wstrb passthrough beat=130 expected = 2c, actual =2c
[1735000] SCOREBOARD MATCH: wstrb passthrough beat=131 expected = 2a, actual =2a
[1735000] SCOREBOARD MATCH: wstrb passthrough beat=132 expected = da, actual =da
[1735000] SCOREBOARD MATCH: wstrb passthrough beat=133 expected = c6, actual =c6
[1735000] SCOREBOARD MATCH: wstrb passthrough beat=134 expected = e2, actual =e2
[1735000] SCOREBOARD MATCH: wstrb passthrough beat=135 expected = 9, actual =9
[1735000] SCOREBOARD MATCH: wstrb passthrough beat=136 expected = 2a, actual =2a
[1735000] SCOREBOARD MATCH: wstrb passthrough beat=137 expected = e, actual =e
[1735000] SCOREBOARD MATCH: wstrb passthrough beat=138 expected = 34, actual =34
[1735000] SCOREBOARD MATCH: wstrb passthrough beat=139 expected = 4, actual =4
[1735000] SCOREBOARD MATCH: wstrb passthrough beat=140 expected = d4, actual =d4
[1735000] SCOREBOARD MATCH: wstrb passthrough beat=141 expected = 16, actual =16
[1735000] SCOREBOARD MATCH: wstrb passthrough beat=142 expected = d, actual =d
[1735000] SCOREBOARD MATCH: wstrb passthrough beat=143 expected = fe, actual =fe
[1735000] SCOREBOARD MATCH: wstrb passthrough beat=144 expected = 24, actual =24
[1735000] SCOREBOARD MATCH: wstrb passthrough beat=145 expected = 41, actual =41
[1735000] SCOREBOARD MATCH: wstrb passthrough beat=146 expected = 2, actual =2
[1735000] SCOREBOARD MATCH: wstrb passthrough beat=147 expected = f9, actual =f9
[1735000] SCOREBOARD MATCH: wstrb passthrough beat=148 expected = 57, actual =57
[1735000] SCOREBOARD MATCH: wstrb passthrough beat=149 expected = 10, actual =10
[1735000] SCOREBOARD MATCH: wstrb passthrough beat=150 expected = f7, actual =f7
[1735000] SCOREBOARD MATCH: wstrb passthrough beat=151 expected = 7c, actual =7c
[1735000] SCOREBOARD MATCH: wstrb passthrough beat=152 expected = 51, actual =51
[1735000] SCOREBOARD MATCH: wstrb passthrough beat=153 expected = fa, actual =fa
[1735000] SCOREBOARD MATCH: wstrb passthrough beat=154 expected = 75, actual =75
[1735000] SCOREBOARD MATCH: wstrb passthrough beat=155 expected = a9, actual =a9
[1735000] SCOREBOARD MATCH: wstrb passthrough beat=156 expected = a, actual =a
[1735000] SCOREBOARD MATCH: wstrb passthrough beat=157 expected = 6c, actual =6c
[1735000] SCOREBOARD MATCH: wstrb passthrough beat=158 expected = 25, actual =25
[1735000] SCOREBOARD MATCH: wstrb passthrough beat=159 expected = 5b, actual =5b
[1735000] SCOREBOARD MATCH: wstrb passthrough beat=160 expected = 66, actual =66
[1735000] SCOREBOARD MATCH: wstrb passthrough beat=161 expected = 9a, actual =9a
[1735000] SCOREBOARD MATCH: wstrb passthrough beat=162 expected = 4, actual =4
[1735000] SCOREBOARD MATCH: bresp passthrough expected = 0, actual =0
[1735000] SCOREBOARD MATCH: response routed to correct master (write) expected = 1, actual =1
[1735000] [SCOREBOARD-M] mst_id=1 s_id=0 awaddr=f869e08 awid=1111 awlen=162 awsize=0 awburst=1 wdata=[1fbb12a0ff0f00fd 189b206dce50806b 35606269c74737b0 c65638adf1cc929b c01d1306d51b7509 1c62acb9def1591a d0bdebb6f57d756f ca98ea78e2b8e566 c1aa3e8190dafebc 658742ce6fb9731 c9b47c9812682a37 a34328f3d0f15ea4 37ecf5d60b5ebb19 1dc6e550a99b9d1f fa8cfbc401a1726e d002d87c10a0e43 eaa5ab633279f19a 341b64082ac712d7 ebd1211ae532a727 17ac98c1c11b918f ebe2a466d676cc7d bba973a4cbc7fcc9 ce38e58d7b3c580 2e2a91fed3560c65 9f1e092ef8c632be d079f83ee9d405a2 3d2a1208ac019786 a4c7ca44fea48a3c e8788fdfdc481b36 849b2bdf541c283 f3e64cbf25a2a1e7 81eabd1dad117d01 a2533f84dc5edc9e 82017e858a346fda 3745ecdc16398c44 f29868e203ec3ba3 8e20ab7dd9992c60 efd2b8a4f499e768 f886230bc5669859 1effc4bae26b2187 d70508ef86a6ce88 cc0d66e28ed27d5e f13d9ee5cf8b2bfa d631fa82eb0d2b9c f9dfa8fac842a7d4 97cdd3cea23f6164 8d4c8d00eb1d47e0 b35fefb4edffce51 903f2fb5072c35fb f2497ddbcb2dc383 392d91d41d8bbcb6 24b7f2b1a5a96d8f f0d73112c96cc189 e6f87e3f1701708c bcaade1baa04c2e6 f37184708bb070f0 a2b1e17c2d820f2e d786d214da6a02af e61a73a0df5cbf98 cdecec6caf85684 2562593488cc551c e82914b4e465a0da 2f5df75f0b7cccd4 944921f0f507e37a d96d8455d4c05093 e03d1d67fc7236a5 f17a1a1f08cb7bb4 dd8bcc47f4863f57 f0f875fccae79e74 d3b31a283dc8e9ae b24f2905e272901c ad5a2e90b13ee66f ef07d01d23479f02 5ba2f1e010d48b9 b24c2f282156f923 c49e9825b3145dae b421a6672153ff46 c2aaf869ca58c743 fd6d24f1e66dd590 7c1d4d60749908e d1a257d1318ecb59 17fca0e9ca6ccd3f d1b65dcdcf0f7cc2 809e481b1fbe75bf ea2b42fe2358b59e f2683260989ae904 b8595ec33be1a0cb df3a5669f3067a7c 8ba16380a284a1c1 de66428cd1a288c9 c4a90345c3fac244 e67f6405bda098f5 f4321bfd04a66c6 1445290ac4e5a692 82863f87d3ec2504 a4368bcafac48d0f bfaa33a191c96146 e5b5864bb87bb4d4 334041e4c2307329 d3f9d46f89ec1215 c267c6eaf2ea7585 b51ae8aeb9af5aba c39b6cd0f5a808ce e8927e530914bd1e c2c417d8060333ba fbab3c881dad6702 26c22420865f84a8 8c62b862e43dbadb 81eb21dde9863bf8 efe5c0a1880df4ea ec4bafc6a8ad45fd 123381f6fc487903 4566deeee36d1a3 16e417a102194297 fe61bb9af0a21db4 ded8ef5729179997 2b30dc2e82b82988 f35a473cf5bd06f8 9ed4a08fa99297c8 2c4ac151d2333694 c7f03d8cca057cbd f39814869fa5088d f1d83f21e6c4de1c b0ca5ad91fe2d5d7 bf87de6439c87cae 208d5acaa4626f5f c445453631601d86 eb289a34d157b5a3 f5ba250303cd239b 352d41210bb5f4fe dd0daaa1b9ff6a39 bdcc8dd42055db55 2c0bd053d2c7cfa4 cc739def2f9cef5 934faa4a89197af4 dbe14a99ca93c7b2 3d8d96a8bf5b7a9d c874f592e8a88477 b33c4c29d0dd40f2 1038bb902456402b cfec4a2f0c9e2d1 c1a723c4d8adb122 fd03f14dc03b10cb 3104f39dd1dfdf54 2a8d90760a02b5ef ca3dc6baf2ac1761 c48bf6b5279181c3 319437b2fb42ba57 edeed1b8ef19872b 16ab08eefbd1fe6c f714b8c4b27ac86d a1944f98c83f40a0 c4113f0ce5038a7c 177e52eab83f5886 807e9926bb25f7d0 2029824db912a282 f151fb09c48fd833 ffb5d00337a7d537 f0ba77b9f1d0942f b6606c629fdf5250 d7872787e20c72c2 d3dd06f236163c66 d5f58eb6c8419f41 ] wstrb=[54 3 3e ba f5 7f 71 4a 82 af 4 78 2e 75 c2 b0 24 c6 28 52 3c ea 3 60 b1 2b b3 ed 16 b6 4d c7 e1 0 b4 f7 b6 1 be 98 2 72 8f b8 74 4e 50 76 c0 e0 2e 34 2e 7f aa ee 5f d9 23 8d 58 cd 7b b7 a6 9e 44 fe 6c bf b5 12 5e f9 11 ca b9 c6 dc 17 c0 ed e1 79 b4 bd 90 74 ab 71 ed 5f 2e 7d d3 d9 ee c0 38 1c 3d b f6 2b cb 2e 47 8 3a 3d 33 5 6c 7b e a6 b8 41 ab 24 bc b9 ca 75 fb 76 99 b7 2f 64 2c 2a da c6 e2 9 2a e 34 4 d4 16 d fe 24 41 2 f9 57 10 f7 7c 51 fa 75 a9 a 6c 25 5b 66 9a 4 ] bresp=0 bid=1111
[1735000] [SCOREBOARD-S] mst_id=1 s_id=0 awaddr=f869e08 awid=1111 awlen=162 awsize=0 awburst=1 wdata=[1fbb12a0ff0f00fd 189b206dce50806b 35606269c74737b0 c65638adf1cc929b c01d1306d51b7509 1c62acb9def1591a d0bdebb6f57d756f ca98ea78e2b8e566 c1aa3e8190dafebc 658742ce6fb9731 c9b47c9812682a37 a34328f3d0f15ea4 37ecf5d60b5ebb19 1dc6e550a99b9d1f fa8cfbc401a1726e d002d87c10a0e43 eaa5ab633279f19a 341b64082ac712d7 ebd1211ae532a727 17ac98c1c11b918f ebe2a466d676cc7d bba973a4cbc7fcc9 ce38e58d7b3c580 2e2a91fed3560c65 9f1e092ef8c632be d079f83ee9d405a2 3d2a1208ac019786 a4c7ca44fea48a3c e8788fdfdc481b36 849b2bdf541c283 f3e64cbf25a2a1e7 81eabd1dad117d01 a2533f84dc5edc9e 82017e858a346fda 3745ecdc16398c44 f29868e203ec3ba3 8e20ab7dd9992c60 efd2b8a4f499e768 f886230bc5669859 1effc4bae26b2187 d70508ef86a6ce88 cc0d66e28ed27d5e f13d9ee5cf8b2bfa d631fa82eb0d2b9c f9dfa8fac842a7d4 97cdd3cea23f6164 8d4c8d00eb1d47e0 b35fefb4edffce51 903f2fb5072c35fb f2497ddbcb2dc383 392d91d41d8bbcb6 24b7f2b1a5a96d8f f0d73112c96cc189 e6f87e3f1701708c bcaade1baa04c2e6 f37184708bb070f0 a2b1e17c2d820f2e d786d214da6a02af e61a73a0df5cbf98 cdecec6caf85684 2562593488cc551c e82914b4e465a0da 2f5df75f0b7cccd4 944921f0f507e37a d96d8455d4c05093 e03d1d67fc7236a5 f17a1a1f08cb7bb4 dd8bcc47f4863f57 f0f875fccae79e74 d3b31a283dc8e9ae b24f2905e272901c ad5a2e90b13ee66f ef07d01d23479f02 5ba2f1e010d48b9 b24c2f282156f923 c49e9825b3145dae b421a6672153ff46 c2aaf869ca58c743 fd6d24f1e66dd590 7c1d4d60749908e d1a257d1318ecb59 17fca0e9ca6ccd3f d1b65dcdcf0f7cc2 809e481b1fbe75bf ea2b42fe2358b59e f2683260989ae904 b8595ec33be1a0cb df3a5669f3067a7c 8ba16380a284a1c1 de66428cd1a288c9 c4a90345c3fac244 e67f6405bda098f5 f4321bfd04a66c6 1445290ac4e5a692 82863f87d3ec2504 a4368bcafac48d0f bfaa33a191c96146 e5b5864bb87bb4d4 334041e4c2307329 d3f9d46f89ec1215 c267c6eaf2ea7585 b51ae8aeb9af5aba c39b6cd0f5a808ce e8927e530914bd1e c2c417d8060333ba fbab3c881dad6702 26c22420865f84a8 8c62b862e43dbadb 81eb21dde9863bf8 efe5c0a1880df4ea ec4bafc6a8ad45fd 123381f6fc487903 4566deeee36d1a3 16e417a102194297 fe61bb9af0a21db4 ded8ef5729179997 2b30dc2e82b82988 f35a473cf5bd06f8 9ed4a08fa99297c8 2c4ac151d2333694 c7f03d8cca057cbd f39814869fa5088d f1d83f21e6c4de1c b0ca5ad91fe2d5d7 bf87de6439c87cae 208d5acaa4626f5f c445453631601d86 eb289a34d157b5a3 f5ba250303cd239b 352d41210bb5f4fe dd0daaa1b9ff6a39 bdcc8dd42055db55 2c0bd053d2c7cfa4 cc739def2f9cef5 934faa4a89197af4 dbe14a99ca93c7b2 3d8d96a8bf5b7a9d c874f592e8a88477 b33c4c29d0dd40f2 1038bb902456402b cfec4a2f0c9e2d1 c1a723c4d8adb122 fd03f14dc03b10cb 3104f39dd1dfdf54 2a8d90760a02b5ef ca3dc6baf2ac1761 c48bf6b5279181c3 319437b2fb42ba57 edeed1b8ef19872b 16ab08eefbd1fe6c f714b8c4b27ac86d a1944f98c83f40a0 c4113f0ce5038a7c 177e52eab83f5886 807e9926bb25f7d0 2029824db912a282 f151fb09c48fd833 ffb5d00337a7d537 f0ba77b9f1d0942f b6606c629fdf5250 d7872787e20c72c2 d3dd06f236163c66 d5f58eb6c8419f41 ] wstrb=[54 3 3e ba f5 7f 71 4a 82 af 4 78 2e 75 c2 b0 24 c6 28 52 3c ea 3 60 b1 2b b3 ed 16 b6 4d c7 e1 0 b4 f7 b6 1 be 98 2 72 8f b8 74 4e 50 76 c0 e0 2e 34 2e 7f aa ee 5f d9 23 8d 58 cd 7b b7 a6 9e 44 fe 6c bf b5 12 5e f9 11 ca b9 c6 dc 17 c0 ed e1 79 b4 bd 90 74 ab 71 ed 5f 2e 7d d3 d9 ee c0 38 1c 3d b f6 2b cb 2e 47 8 3a 3d 33 5 6c 7b e a6 b8 41 ab 24 bc b9 ca 75 fb 76 99 b7 2f 64 2c 2a da c6 e2 9 2a e 34 4 d4 16 d fe 24 41 2 f9 57 10 f7 7c 51 fa 75 a9 a 6c 25 5b 66 9a 4 ] bresp=0 bid=11111
[1735000] SCOREBOARD: Transaction 4 received. pass=380 fail=0
[1735000] ALL PASS. Total transactions: 4
[1745000] SLAVE 0 R_VALID_RDY Handshake beat=1 rlast=1
[1745000] [SLAVE MONITOR] READ mst_id=1 s_id=0 araddr=702c720 arid=2 arlen=1 arsize=3 arburst=1 rid=[1212] rresp=[00] rdata=[baadf00d12345678baadf00d12345678]
[1755000] MASTER 1 R_VALID_RDY Handshake beat=0 rlast=0
[1765000] [MASTER DRIVER] READ mst_id=1 s_id=0 araddr=702c720 arid=2 arlen=1 arsize=3 arburst=1 rid=[22] rresp=[00] rdata=[baadf00d12345678baadf00d12345678]
[1765000] MASTER 1 R_VALID_RDY Handshake beat=1 rlast=1
[1765000] [MASTER MONITOR] READ mst_id=1 s_id=0 araddr=702c720 arid=2 arlen=1 arsize=3 arburst=1 rid=[22] rresp=[00] rdata=[baadf00d12345678baadf00d12345678]
[1765000] SCOREBOARD MATCH: decode_err expected = 0, actual =0
[1765000] SCOREBOARD MATCH: slave_id expected = 0, actual =0
[1765000] SCOREBOARD MATCH: araddr passthrough expected = 702c720, actual =702c720
[1765000] SCOREBOARD MATCH: arlen passthrough expected = 1, actual =1
[1765000] SCOREBOARD MATCH: arsize passthrough expected = 3, actual =3
[1765000] SCOREBOARD MATCH: arburst passthrough expected = 1, actual =1
[1765000] SCOREBOARD MATCH: rdata size check expected = 2, actual =2
[1765000] SCOREBOARD MATCH: rdata passthrough beat=0 expected = baadf00d12345678, actual =baadf00d12345678
[1765000] SCOREBOARD MATCH: rdata passthrough beat=1 expected = baadf00d12345678, actual =baadf00d12345678
[1765000] SCOREBOARD MATCH: rresp size check expected = 2, actual =2
[1765000] SCOREBOARD MATCH: rresp passthrough beat=0 expected = 0, actual =0
[1765000] SCOREBOARD MATCH: rresp passthrough beat=1 expected = 0, actual =0
[1765000] SCOREBOARD MATCH: response routed to correct master (read beat 0) expected = 1, actual =1
[1765000] SCOREBOARD MATCH: response routed to correct master (read beat 1) expected = 1, actual =1
[1765000] [SCOREBOARD-M] READ mst_id=1 s_id=0 araddr=702c720 arid=2 arlen=1 arsize=3 arburst=1 rid=[22] rresp=[00] rdata=[baadf00d12345678baadf00d12345678]
[1765000] [SCOREBOARD-S] READ mst_id=1 s_id=0 araddr=702c720 arid=2 arlen=1 arsize=3 arburst=1 rid=[1212] rresp=[00] rdata=[baadf00d12345678baadf00d12345678]
[1765000] SCOREBOARD: Transaction 5 received. pass=394 fail=0
[1765000] SCOREBOARD: Expected 5 transactions completed, PASS=394 FAIL=0
[1765000] ALL PASS. Total transactions: 5
[1765000] ALL TRANSACTIONS MONITORED
$finish called at time : 1785 ns : File "/home/nashita/Desktop/practice/axi_xbar/tb/top/axi_tb_top.sv" Line 220
exit
INFO: xsimkernel Simulation Memory Usage: 289464 KB (Peak: 337864 KB), Simulation CPU Usage: 1180 ms
INFO: [Common 17-206] Exiting xsim at Thu Sep 10 18:38:50 2026...
