#-----------------------------------------------------------
# xsim v2025.2 (64-bit)
# SW Build 6299465 on Fri Nov 14 12:34:56 MST 2025
# IP Build 6300035 on Fri Nov 14 10:48:45 MST 2025
# SharedData Build 6298862 on Thu Nov 13 04:50:51 MST 2025
# Start of session at: Thu Sep 10 18:16:33 2026
# Process ID         : 3596161
# Current directory  : /home/nashita/Desktop/practice/axi_xbar/sim
# Command line       : xsim -log regress_results/BT_run80.log -mode tcl -source {xsim.dir/tb_top_snap/xsim_script.tcl}
# Log file           : /home/nashita/Desktop/practice/axi_xbar/sim/regress_results/BT_run80.log
# Journal file       : /home/nashita/Desktop/practice/axi_xbar/sim/xsim.jou
# Running On         : vlsi-vivado
# Platform           : Ubuntu
# Operating System   : Ubuntu 24.04.4 LTS
# Processor Detail   : Intel(R) Core(TM) i5-10400 CPU @ 2.90GHz
# CPU Frequency      : 3999.959 MHz
# CPU Physical cores : 6
# CPU Logical cores  : 12
# Host memory        : 41875 MB
# Swap memory        : 27648 MB
# Total Virtual      : 69524 MB
# Available Virtual  : 62542 MB
#-----------------------------------------------------------
source xsim.dir/tb_top_snap/xsim_script.tcl
# xsim {tb_top_snap} -testplusarg BT -autoloadwcfg -runall -sv_seed 81
Time resolution is 1 ps
run -all
[0] RUNNING BASE TEST
[0] INSIDE THE BASE TEST CONSTRUCTOR
[0] ENV: before agent
[0] SLAVE CONSTRUCTED
[0] MASTER MONITOR CONSTRUCTED
[0] MASTER MONITOR CONSTRUCTED
[0] SLAVE MONITOR CONSTRUCTED
[0] SLAVE MONITOR CONSTRUCTED
[0] ARB MONITOR CONSTRUCTED
GENERATOR CONSTRUCTED
[0] ENV: after agent
[0] ENV: before scoreboard
[0] ENV: after scoreboard
[15000] [SEQUENCER] mst_id=0 s_id=0 awaddr=9470f28 awid=1101 awlen=1 awsize=2 awburst=0 wdata=[ee87aebee92dd0b5 f5cdff0bc39e7fa4 ] wstrb=[5c a3 ] bresp=0 bid=0
[15000] [SEQUENCER] READ mst_id=1 s_id=0 araddr=1848a228 arid=0 arlen=1 arsize=3 arburst=1 rid=[] rresp=[] rdata=[]
[15000] [SEQUENCER] READ mst_id=0 s_id=0 araddr=1af66a08 arid=1 arlen=1 arsize=3 arburst=1 rid=[] rresp=[] rdata=[]
[15000] [SEQUENCER] mst_id=0 s_id=0 awaddr=144de6b8 awid=1001 awlen=14 awsize=7 awburst=0 wdata=[c063a405eca6b70a b118af8cf96185f8 3b3b6d27c8950be3 b53bc2edb0aacd24 2a0c531dfb9f112c c4341d0fe654727a 96ff3f9ee547c044 e0e6d170f96fdffd dfc45277c10b92bb a65352ff251aee80 1e8ace7df6c39215 37cf24d1073a2470 2c5512f0fe4f20f4 f512b309de2277d0 e55c9c40cadfe16d ] wstrb=[da 61 30 ab 6a 9d eb 45 fe 1c f0 69 b9 db ae ] bresp=0 bid=0
[15000] [SEQUENCER] mst_id=1 s_id=0 awaddr=4bcc8a0 awid=101 awlen=16 awsize=7 awburst=2 wdata=[d687b897c77bd5c2 9e29fc8ccbf8580f e072cc7de42105bc 2b9cdb7e823b5a98 ce33b2a7b6fa8514 9b1b8ad0c9c6d80a cc0232a3aea67f24 e5a10439c6b8664e 107f3e599a35e54a c8dc646f80bc8f09 c774f558dc8170fc f6b756462e7d68a8 af39f7b1d7f433b1 3475a4adbf93bab5 ee11235df6aeed09 cea320baab2cfaf3 eac0b5a91d4b1b0f ] wstrb=[67 18 6 5b d3 15 4 3a 2e a 95 1 20 99 3b 4e a4 ] bresp=0 bid=0
[15000] MASTER_DRIVER0 received transaction, op=AXI_WRITE
[15000] MASTER_DRIVER1 received transaction, op=AXI_READ
[35000] MASTER 0 AW_VALID_RDY Handshake
[35000] MASTER_DRIVER1 received transaction, op=AXI_WRITE
[45000] ARB MONITOR: slave=0 m0_req=1 m1_req=0 winner=0
[45000] ARB MONITOR: slave=1 m0_req=0 m1_req=1 winner=1
[45000] AXI S0_ARVALID_RDY HANDSHAKE
[45000] MEMORY READ MISS beat=0 addr=1848a228 -> default data id=16
[45000] AXI S0_AWVALID_RDY HANDSHAKE
[55000] MEMORY READ MISS beat=1 addr=1848a230 -> default data id=16
[55000] SLAVE 1 R_VALID_RDY Handshake beat=0 rlast=0
[55000] MASTER 1 AW_VALID_RDY Handshake
[55000] MASTER 0 W_VALID_RDY Handshake beat=0 wlast=0
[65000] MASTER_DRIVER0 received transaction, op=AXI_READ
[65000] MASTER 0 W_VALID_RDY Handshake beat=1 wlast=1
[65000] SLAVE 1 R_VALID_RDY Handshake beat=1 rlast=1
[65000] [SLAVE MONITOR] READ mst_id=1 s_id=1 araddr=1848a228 arid=0 arlen=1 arsize=3 arburst=1 rid=[1010] rresp=[00] rdata=[baadf00d12345678baadf00d12345678]
[65000] AXI S0_WVALID_RDY HANDSHAKE
[65000] S0 MEMORY WRITE beat=0 addr=09470f28 data=ee87aebee92dd0b5 id=0d
[75000] AXI S0_WVALID_RDY HANDSHAKE
[75000] S0 MEMORY WRITE beat=1 addr=09470f28 data=f5cdff0bc39e7fa4 id=0d
[75000] MASTER 1 R_VALID_RDY Handshake beat=0 rlast=0
[75000] MASTER 1 W_VALID_RDY Handshake beat=0 wlast=0
[85000] [MASTER DRIVER] READ mst_id=1 s_id=0 araddr=1848a228 arid=0 arlen=1 arsize=3 arburst=1 rid=[00] rresp=[00] rdata=[baadf00d12345678baadf00d12345678]
[85000] MASTER_DRIVER0 received transaction, op=AXI_WRITE
[85000] MASTER 1 W_VALID_RDY Handshake beat=1 wlast=0
[85000] MASTER 1 R_VALID_RDY Handshake beat=1 rlast=1
[85000] [MASTER MONITOR] READ mst_id=1 s_id=1 araddr=1848a228 arid=0 arlen=1 arsize=3 arburst=1 rid=[00] rresp=[00] rdata=[baadf00d12345678baadf00d12345678]
[85000] SLAVE0 sent B resp, id=13
[85000] SCOREBOARD MATCH: decode_err expected = 0, actual =0
[85000] SCOREBOARD MATCH: slave_id expected = 1, actual =1
[85000] SCOREBOARD MATCH: araddr passthrough expected = 1848a228, actual =1848a228
[85000] SCOREBOARD MATCH: arlen passthrough expected = 1, actual =1
[85000] SCOREBOARD MATCH: arsize passthrough expected = 3, actual =3
[85000] SCOREBOARD MATCH: arburst passthrough expected = 1, actual =1
[85000] SCOREBOARD MATCH: rdata size check expected = 2, actual =2
[85000] SCOREBOARD MATCH: rdata passthrough beat=0 expected = baadf00d12345678, actual =baadf00d12345678
[85000] SCOREBOARD MATCH: rdata passthrough beat=1 expected = baadf00d12345678, actual =baadf00d12345678
[85000] SCOREBOARD MATCH: rresp size check expected = 2, actual =2
[85000] SCOREBOARD MATCH: rresp passthrough beat=0 expected = 0, actual =0
[85000] SCOREBOARD MATCH: rresp passthrough beat=1 expected = 0, actual =0
[85000] SCOREBOARD MATCH: response routed to correct master (read beat 0) expected = 1, actual =1
[85000] SCOREBOARD MATCH: response routed to correct master (read beat 1) expected = 1, actual =1
[85000] [SCOREBOARD-M] READ mst_id=1 s_id=1 araddr=1848a228 arid=0 arlen=1 arsize=3 arburst=1 rid=[00] rresp=[00] rdata=[baadf00d12345678baadf00d12345678]
[85000] [SCOREBOARD-S] READ mst_id=1 s_id=1 araddr=1848a228 arid=0 arlen=1 arsize=3 arburst=1 rid=[1010] rresp=[00] rdata=[baadf00d12345678baadf00d12345678]
[85000] SCOREBOARD: Transaction 1 received. pass=14 fail=0
[85000] ALL PASS. Total transactions: 1
[95000] AXI S0_AWVALID_RDY HANDSHAKE
[95000] AXI S0_ARVALID_RDY HANDSHAKE
[95000] MEMORY READ MISS beat=0 addr=1af66a08 -> default data id=1
[95000] [SLAVE MONITOR] mst_id=0 s_id=0 awaddr=9470f28 awid=1101 awlen=1 awsize=2 awburst=0 wdata=[ee87aebee92dd0b5 f5cdff0bc39e7fa4 ] wstrb=[5c a3 ] bresp=0 bid=1101
[95000] ARB MONITOR: slave=0 m0_req=0 m1_req=1 winner=1
[95000] ARB MONITOR: slave=1 m0_req=1 m1_req=0 winner=0
[95000] MASTER 1 W_VALID_RDY Handshake beat=2 wlast=0
[105000] MASTER 0 RECEIVED BRESP. BRESP=0
[105000] [MASTER DRIVER] mst_id=0 s_id=0 awaddr=9470f28 awid=1101 awlen=1 awsize=2 awburst=0 wdata=[ee87aebee92dd0b5 f5cdff0bc39e7fa4 ] wstrb=[5c a3 ] bresp=0 bid=1101
[105000] MASTER 0 AW_VALID_RDY Handshake
[105000] MASTER 0 B_VALID_RDY Handshake
[105000] [MASTER MONITOR] mst_id=0 s_id=0 awaddr=9470f28 awid=1101 awlen=1 awsize=2 awburst=0 wdata=[ee87aebee92dd0b5 f5cdff0bc39e7fa4 ] wstrb=[5c a3 ] bresp=0 bid=1101
[105000] MASTER 1 W_VALID_RDY Handshake beat=3 wlast=0
[105000] SLAVE 1 R_VALID_RDY Handshake beat=0 rlast=0
[105000] MEMORY READ MISS beat=1 addr=1af66a10 -> default data id=1
[105000] AXI S0_WVALID_RDY HANDSHAKE
[105000] S0 MEMORY WRITE beat=0 addr=04bcc8a0 data=d687b897c77bd5c2 id=15
[105000] SCOREBOARD MATCH: decode_err expected = 0, actual =0
[105000] SCOREBOARD MATCH: slave_id expected = 0, actual =0
[105000] SCOREBOARD MATCH: awaddr passthrough expected = 9470f28, actual =9470f28
[105000] SCOREBOARD MATCH: awlen passthrough expected = 1, actual =1
[105000] SCOREBOARD MATCH: awsize passthrough expected = 2, actual =2
[105000] SCOREBOARD MATCH: awburst passthrough expected = 0, actual =0
[105000] SCOREBOARD MATCH: wdata size check expected = 2, actual =2
[105000] SCOREBOARD MATCH: wdata passthrough beat=0 expected = ee87aebee92dd0b5, actual =ee87aebee92dd0b5
[105000] SCOREBOARD MATCH: wdata passthrough beat=1 expected = f5cdff0bc39e7fa4, actual =f5cdff0bc39e7fa4
[105000] SCOREBOARD MATCH: wstrb size check expected = 2, actual =2
[105000] SCOREBOARD MATCH: wstrb passthrough beat=0 expected = 5c, actual =5c
[105000] SCOREBOARD MATCH: wstrb passthrough beat=1 expected = a3, actual =a3
[105000] SCOREBOARD MATCH: bresp passthrough expected = 0, actual =0
[105000] SCOREBOARD MATCH: response routed to correct master (write) expected = 0, actual =0
[105000] [SCOREBOARD-M] mst_id=0 s_id=0 awaddr=9470f28 awid=1101 awlen=1 awsize=2 awburst=0 wdata=[ee87aebee92dd0b5 f5cdff0bc39e7fa4 ] wstrb=[5c a3 ] bresp=0 bid=1101
[105000] [SCOREBOARD-S] mst_id=0 s_id=0 awaddr=9470f28 awid=1101 awlen=1 awsize=2 awburst=0 wdata=[ee87aebee92dd0b5 f5cdff0bc39e7fa4 ] wstrb=[5c a3 ] bresp=0 bid=1101
[105000] SCOREBOARD: Transaction 2 received. pass=28 fail=0
[105000] ALL PASS. Total transactions: 2
[115000] AXI S0_WVALID_RDY HANDSHAKE
[115000] S0 MEMORY WRITE beat=1 addr=04bcc920 data=9e29fc8ccbf8580f id=15
[115000] AXI S1_AWVALID_RDY HANDSHAKE
[115000] SLAVE 1 R_VALID_RDY Handshake beat=1 rlast=1
[115000] [SLAVE MONITOR] READ mst_id=0 s_id=1 araddr=1af66a08 arid=1 arlen=1 arsize=3 arburst=1 rid=[11] rresp=[00] rdata=[baadf00d12345678baadf00d12345678]
[115000] ARB MONITOR: slave=1 m0_req=1 m1_req=0 winner=0
[115000] MASTER 1 W_VALID_RDY Handshake beat=4 wlast=0
[125000] MASTER 0 W_VALID_RDY Handshake beat=0 wlast=0
[125000] MASTER 0 R_VALID_RDY Handshake beat=0 rlast=0
[125000] MASTER 1 W_VALID_RDY Handshake beat=5 wlast=0
[125000] AXI S0_WVALID_RDY HANDSHAKE
[125000] S0 MEMORY WRITE beat=2 addr=04bcc9a0 data=e072cc7de42105bc id=15
[135000] AXI S0_WVALID_RDY HANDSHAKE
[135000] S0 MEMORY WRITE beat=3 addr=04bcca20 data=2b9cdb7e823b5a98 id=15
[135000] S1 MEMORY WRITE beat=0 addr=144de6b8 data=c063a405eca6b70a id=09
[135000] MASTER 1 W_VALID_RDY Handshake beat=6 wlast=0
[135000] MASTER 0 R_VALID_RDY Handshake beat=1 rlast=1
[135000] [MASTER MONITOR] READ mst_id=0 s_id=1 araddr=1af66a08 arid=1 arlen=1 arsize=3 arburst=1 rid=[11] rresp=[00] rdata=[baadf00d12345678baadf00d12345678]
[135000] MASTER 0 W_VALID_RDY Handshake beat=1 wlast=0
[135000] [MASTER DRIVER] READ mst_id=0 s_id=0 araddr=1af66a08 arid=1 arlen=1 arsize=3 arburst=1 rid=[11] rresp=[00] rdata=[baadf00d12345678baadf00d12345678]
[135000] SCOREBOARD MATCH: decode_err expected = 0, actual =0
[135000] SCOREBOARD MATCH: slave_id expected = 1, actual =1
[135000] SCOREBOARD MATCH: araddr passthrough expected = 1af66a08, actual =1af66a08
[135000] SCOREBOARD MATCH: arlen passthrough expected = 1, actual =1
[135000] SCOREBOARD MATCH: arsize passthrough expected = 3, actual =3
[135000] SCOREBOARD MATCH: arburst passthrough expected = 1, actual =1
[135000] SCOREBOARD MATCH: rdata size check expected = 2, actual =2
[135000] SCOREBOARD MATCH: rdata passthrough beat=0 expected = baadf00d12345678, actual =baadf00d12345678
[135000] SCOREBOARD MATCH: rdata passthrough beat=1 expected = baadf00d12345678, actual =baadf00d12345678
[135000] SCOREBOARD MATCH: rresp size check expected = 2, actual =2
[135000] SCOREBOARD MATCH: rresp passthrough beat=0 expected = 0, actual =0
[135000] SCOREBOARD MATCH: rresp passthrough beat=1 expected = 0, actual =0
[135000] SCOREBOARD MATCH: response routed to correct master (read beat 0) expected = 0, actual =0
[135000] SCOREBOARD MATCH: response routed to correct master (read beat 1) expected = 0, actual =0
[135000] [SCOREBOARD-M] READ mst_id=0 s_id=1 araddr=1af66a08 arid=1 arlen=1 arsize=3 arburst=1 rid=[11] rresp=[00] rdata=[baadf00d12345678baadf00d12345678]
[135000] [SCOREBOARD-S] READ mst_id=0 s_id=1 araddr=1af66a08 arid=1 arlen=1 arsize=3 arburst=1 rid=[11] rresp=[00] rdata=[baadf00d12345678baadf00d12345678]
[135000] SCOREBOARD: Transaction 3 received. pass=42 fail=0
[135000] ALL PASS. Total transactions: 3
[145000] MASTER 0 W_VALID_RDY Handshake beat=2 wlast=0
[145000] MASTER 1 W_VALID_RDY Handshake beat=7 wlast=0
[145000] S1 MEMORY WRITE beat=1 addr=144de6b8 data=b118af8cf96185f8 id=09
[145000] AXI S0_WVALID_RDY HANDSHAKE
[145000] S0 MEMORY WRITE beat=4 addr=04bccaa0 data=ce33b2a7b6fa8514 id=15
[155000] AXI S0_WVALID_RDY HANDSHAKE
[155000] S0 MEMORY WRITE beat=5 addr=04bccb20 data=9b1b8ad0c9c6d80a id=15
[155000] S1 MEMORY WRITE beat=2 addr=144de6b8 data=3b3b6d27c8950be3 id=09
[155000] MASTER 1 W_VALID_RDY Handshake beat=8 wlast=0
[155000] MASTER 0 W_VALID_RDY Handshake beat=3 wlast=0
[165000] MASTER 0 W_VALID_RDY Handshake beat=4 wlast=0
[165000] MASTER 1 W_VALID_RDY Handshake beat=9 wlast=0
[165000] S1 MEMORY WRITE beat=3 addr=144de6b8 data=b53bc2edb0aacd24 id=09
[165000] AXI S0_WVALID_RDY HANDSHAKE
[165000] S0 MEMORY WRITE beat=6 addr=04bccba0 data=cc0232a3aea67f24 id=15
[175000] AXI S0_WVALID_RDY HANDSHAKE
[175000] S0 MEMORY WRITE beat=7 addr=04bccc20 data=e5a10439c6b8664e id=15
[175000] S1 MEMORY WRITE beat=4 addr=144de6b8 data=2a0c531dfb9f112c id=09
[175000] MASTER 1 W_VALID_RDY Handshake beat=10 wlast=0
[175000] MASTER 0 W_VALID_RDY Handshake beat=5 wlast=0
[185000] MASTER 0 W_VALID_RDY Handshake beat=6 wlast=0
[185000] MASTER 1 W_VALID_RDY Handshake beat=11 wlast=0
[185000] S1 MEMORY WRITE beat=5 addr=144de6b8 data=c4341d0fe654727a id=09
[185000] AXI S0_WVALID_RDY HANDSHAKE
[185000] S0 MEMORY WRITE beat=8 addr=04bccca0 data=107f3e599a35e54a id=15
[195000] AXI S0_WVALID_RDY HANDSHAKE
[195000] S0 MEMORY WRITE beat=9 addr=04bccd20 data=c8dc646f80bc8f09 id=15
[195000] S1 MEMORY WRITE beat=6 addr=144de6b8 data=96ff3f9ee547c044 id=09
[195000] MASTER 1 W_VALID_RDY Handshake beat=12 wlast=0
[195000] MASTER 0 W_VALID_RDY Handshake beat=7 wlast=0
[205000] MASTER 0 W_VALID_RDY Handshake beat=8 wlast=0
[205000] MASTER 1 W_VALID_RDY Handshake beat=13 wlast=0
[205000] S1 MEMORY WRITE beat=7 addr=144de6b8 data=e0e6d170f96fdffd id=09
[205000] AXI S0_WVALID_RDY HANDSHAKE
[205000] S0 MEMORY WRITE beat=10 addr=04bccda0 data=c774f558dc8170fc id=15
[215000] AXI S0_WVALID_RDY HANDSHAKE
[215000] S0 MEMORY WRITE beat=11 addr=04bcce20 data=f6b756462e7d68a8 id=15
[215000] S1 MEMORY WRITE beat=8 addr=144de6b8 data=dfc45277c10b92bb id=09
[215000] MASTER 1 W_VALID_RDY Handshake beat=14 wlast=0
[215000] MASTER 0 W_VALID_RDY Handshake beat=9 wlast=0
[225000] MASTER 0 W_VALID_RDY Handshake beat=10 wlast=0
[225000] MASTER 1 W_VALID_RDY Handshake beat=15 wlast=0
[225000] S1 MEMORY WRITE beat=9 addr=144de6b8 data=a65352ff251aee80 id=09
[225000] AXI S0_WVALID_RDY HANDSHAKE
[225000] S0 MEMORY WRITE beat=12 addr=04bccea0 data=af39f7b1d7f433b1 id=15
[235000] AXI S0_WVALID_RDY HANDSHAKE
[235000] S0 MEMORY WRITE beat=13 addr=04bccf20 data=3475a4adbf93bab5 id=15
[235000] S1 MEMORY WRITE beat=10 addr=144de6b8 data=1e8ace7df6c39215 id=09
[235000] MASTER 1 W_VALID_RDY Handshake beat=16 wlast=1
[235000] MASTER 0 W_VALID_RDY Handshake beat=11 wlast=0
[245000] MASTER 0 W_VALID_RDY Handshake beat=12 wlast=0
[245000] S1 MEMORY WRITE beat=11 addr=144de6b8 data=37cf24d1073a2470 id=09
[245000] AXI S0_WVALID_RDY HANDSHAKE
[245000] S0 MEMORY WRITE beat=14 addr=04bcc700 data=ee11235df6aeed09 id=15
[255000] AXI S0_WVALID_RDY HANDSHAKE
[255000] S0 MEMORY WRITE beat=15 addr=04bcc780 data=cea320baab2cfaf3 id=15
[255000] S1 MEMORY WRITE beat=12 addr=144de6b8 data=2c5512f0fe4f20f4 id=09
[255000] MASTER 0 W_VALID_RDY Handshake beat=13 wlast=0
[265000] MASTER 0 W_VALID_RDY Handshake beat=14 wlast=1
[265000] S1 MEMORY WRITE beat=13 addr=144de6b8 data=f512b309de2277d0 id=09
[265000] AXI S0_WVALID_RDY HANDSHAKE
[265000] S0 MEMORY WRITE beat=16 addr=04bcc800 data=eac0b5a91d4b1b0f id=15
[275000] SLAVE0 sent B resp, id=5
[275000] S1 MEMORY WRITE beat=14 addr=144de6b8 data=e55c9c40cadfe16d id=09
[275000] [SLAVE MONITOR] mst_id=1 s_id=0 awaddr=4bcc8a0 awid=101 awlen=16 awsize=7 awburst=2 wdata=[d687b897c77bd5c2 9e29fc8ccbf8580f e072cc7de42105bc 2b9cdb7e823b5a98 ce33b2a7b6fa8514 9b1b8ad0c9c6d80a cc0232a3aea67f24 e5a10439c6b8664e 107f3e599a35e54a c8dc646f80bc8f09 c774f558dc8170fc f6b756462e7d68a8 af39f7b1d7f433b1 3475a4adbf93bab5 ee11235df6aeed09 cea320baab2cfaf3 eac0b5a91d4b1b0f ] wstrb=[67 18 6 5b d3 15 4 3a 2e a 95 1 20 99 3b 4e a4 ] bresp=0 bid=10101
[285000] SLAVE1 sent B resp, id=9
[295000] [SLAVE MONITOR] mst_id=0 s_id=1 awaddr=144de6b8 awid=1001 awlen=14 awsize=7 awburst=0 wdata=[c063a405eca6b70a b118af8cf96185f8 3b3b6d27c8950be3 b53bc2edb0aacd24 2a0c531dfb9f112c c4341d0fe654727a 96ff3f9ee547c044 e0e6d170f96fdffd dfc45277c10b92bb a65352ff251aee80 1e8ace7df6c39215 37cf24d1073a2470 2c5512f0fe4f20f4 f512b309de2277d0 e55c9c40cadfe16d ] wstrb=[da 61 30 ab 6a 9d eb 45 fe 1c f0 69 b9 db ae ] bresp=0 bid=1001
[295000] MASTER 1 B_VALID_RDY Handshake
[295000] [MASTER MONITOR] mst_id=1 s_id=0 awaddr=4bcc8a0 awid=101 awlen=16 awsize=7 awburst=2 wdata=[d687b897c77bd5c2 9e29fc8ccbf8580f e072cc7de42105bc 2b9cdb7e823b5a98 ce33b2a7b6fa8514 9b1b8ad0c9c6d80a cc0232a3aea67f24 e5a10439c6b8664e 107f3e599a35e54a c8dc646f80bc8f09 c774f558dc8170fc f6b756462e7d68a8 af39f7b1d7f433b1 3475a4adbf93bab5 ee11235df6aeed09 cea320baab2cfaf3 eac0b5a91d4b1b0f ] wstrb=[67 18 6 5b d3 15 4 3a 2e a 95 1 20 99 3b 4e a4 ] bresp=0 bid=101
[295000] MASTER 1 RECEIVED BRESP. BRESP=0
[295000] [MASTER DRIVER] mst_id=1 s_id=0 awaddr=4bcc8a0 awid=101 awlen=16 awsize=7 awburst=2 wdata=[d687b897c77bd5c2 9e29fc8ccbf8580f e072cc7de42105bc 2b9cdb7e823b5a98 ce33b2a7b6fa8514 9b1b8ad0c9c6d80a cc0232a3aea67f24 e5a10439c6b8664e 107f3e599a35e54a c8dc646f80bc8f09 c774f558dc8170fc f6b756462e7d68a8 af39f7b1d7f433b1 3475a4adbf93bab5 ee11235df6aeed09 cea320baab2cfaf3 eac0b5a91d4b1b0f ] wstrb=[67 18 6 5b d3 15 4 3a 2e a 95 1 20 99 3b 4e a4 ] bresp=0 bid=101
[295000] SCOREBOARD MATCH: decode_err expected = 0, actual =0
[295000] SCOREBOARD MATCH: slave_id expected = 0, actual =0
[295000] SCOREBOARD MATCH: awaddr passthrough expected = 4bcc8a0, actual =4bcc8a0
[295000] SCOREBOARD MATCH: awlen passthrough expected = 16, actual =16
[295000] SCOREBOARD MATCH: awsize passthrough expected = 7, actual =7
[295000] SCOREBOARD MATCH: awburst passthrough expected = 2, actual =2
[295000] SCOREBOARD MATCH: wdata size check expected = 11, actual =11
[295000] SCOREBOARD MATCH: wdata passthrough beat=0 expected = d687b897c77bd5c2, actual =d687b897c77bd5c2
[295000] SCOREBOARD MATCH: wdata passthrough beat=1 expected = 9e29fc8ccbf8580f, actual =9e29fc8ccbf8580f
[295000] SCOREBOARD MATCH: wdata passthrough beat=2 expected = e072cc7de42105bc, actual =e072cc7de42105bc
[295000] SCOREBOARD MATCH: wdata passthrough beat=3 expected = 2b9cdb7e823b5a98, actual =2b9cdb7e823b5a98
[295000] SCOREBOARD MATCH: wdata passthrough beat=4 expected = ce33b2a7b6fa8514, actual =ce33b2a7b6fa8514
[295000] SCOREBOARD MATCH: wdata passthrough beat=5 expected = 9b1b8ad0c9c6d80a, actual =9b1b8ad0c9c6d80a
[295000] SCOREBOARD MATCH: wdata passthrough beat=6 expected = cc0232a3aea67f24, actual =cc0232a3aea67f24
[295000] SCOREBOARD MATCH: wdata passthrough beat=7 expected = e5a10439c6b8664e, actual =e5a10439c6b8664e
[295000] SCOREBOARD MATCH: wdata passthrough beat=8 expected = 107f3e599a35e54a, actual =107f3e599a35e54a
[295000] SCOREBOARD MATCH: wdata passthrough beat=9 expected = c8dc646f80bc8f09, actual =c8dc646f80bc8f09
[295000] SCOREBOARD MATCH: wdata passthrough beat=10 expected = c774f558dc8170fc, actual =c774f558dc8170fc
[295000] SCOREBOARD MATCH: wdata passthrough beat=11 expected = f6b756462e7d68a8, actual =f6b756462e7d68a8
[295000] SCOREBOARD MATCH: wdata passthrough beat=12 expected = af39f7b1d7f433b1, actual =af39f7b1d7f433b1
[295000] SCOREBOARD MATCH: wdata passthrough beat=13 expected = 3475a4adbf93bab5, actual =3475a4adbf93bab5
[295000] SCOREBOARD MATCH: wdata passthrough beat=14 expected = ee11235df6aeed09, actual =ee11235df6aeed09
[295000] SCOREBOARD MATCH: wdata passthrough beat=15 expected = cea320baab2cfaf3, actual =cea320baab2cfaf3
[295000] SCOREBOARD MATCH: wdata passthrough beat=16 expected = eac0b5a91d4b1b0f, actual =eac0b5a91d4b1b0f
[295000] SCOREBOARD MATCH: wstrb size check expected = 11, actual =11
[295000] SCOREBOARD MATCH: wstrb passthrough beat=0 expected = 67, actual =67
[295000] SCOREBOARD MATCH: wstrb passthrough beat=1 expected = 18, actual =18
[295000] SCOREBOARD MATCH: wstrb passthrough beat=2 expected = 6, actual =6
[295000] SCOREBOARD MATCH: wstrb passthrough beat=3 expected = 5b, actual =5b
[295000] SCOREBOARD MATCH: wstrb passthrough beat=4 expected = d3, actual =d3
[295000] SCOREBOARD MATCH: wstrb passthrough beat=5 expected = 15, actual =15
[295000] SCOREBOARD MATCH: wstrb passthrough beat=6 expected = 4, actual =4
[295000] SCOREBOARD MATCH: wstrb passthrough beat=7 expected = 3a, actual =3a
[295000] SCOREBOARD MATCH: wstrb passthrough beat=8 expected = 2e, actual =2e
[295000] SCOREBOARD MATCH: wstrb passthrough beat=9 expected = a, actual =a
[295000] SCOREBOARD MATCH: wstrb passthrough beat=10 expected = 95, actual =95
[295000] SCOREBOARD MATCH: wstrb passthrough beat=11 expected = 1, actual =1
[295000] SCOREBOARD MATCH: wstrb passthrough beat=12 expected = 20, actual =20
[295000] SCOREBOARD MATCH: wstrb passthrough beat=13 expected = 99, actual =99
[295000] SCOREBOARD MATCH: wstrb passthrough beat=14 expected = 3b, actual =3b
[295000] SCOREBOARD MATCH: wstrb passthrough beat=15 expected = 4e, actual =4e
[295000] SCOREBOARD MATCH: wstrb passthrough beat=16 expected = a4, actual =a4
[295000] SCOREBOARD MATCH: bresp passthrough expected = 0, actual =0
[295000] SCOREBOARD MATCH: response routed to correct master (write) expected = 1, actual =1
[295000] [SCOREBOARD-M] mst_id=1 s_id=0 awaddr=4bcc8a0 awid=101 awlen=16 awsize=7 awburst=2 wdata=[d687b897c77bd5c2 9e29fc8ccbf8580f e072cc7de42105bc 2b9cdb7e823b5a98 ce33b2a7b6fa8514 9b1b8ad0c9c6d80a cc0232a3aea67f24 e5a10439c6b8664e 107f3e599a35e54a c8dc646f80bc8f09 c774f558dc8170fc f6b756462e7d68a8 af39f7b1d7f433b1 3475a4adbf93bab5 ee11235df6aeed09 cea320baab2cfaf3 eac0b5a91d4b1b0f ] wstrb=[67 18 6 5b d3 15 4 3a 2e a 95 1 20 99 3b 4e a4 ] bresp=0 bid=101
[295000] [SCOREBOARD-S] mst_id=1 s_id=0 awaddr=4bcc8a0 awid=101 awlen=16 awsize=7 awburst=2 wdata=[d687b897c77bd5c2 9e29fc8ccbf8580f e072cc7de42105bc 2b9cdb7e823b5a98 ce33b2a7b6fa8514 9b1b8ad0c9c6d80a cc0232a3aea67f24 e5a10439c6b8664e 107f3e599a35e54a c8dc646f80bc8f09 c774f558dc8170fc f6b756462e7d68a8 af39f7b1d7f433b1 3475a4adbf93bab5 ee11235df6aeed09 cea320baab2cfaf3 eac0b5a91d4b1b0f ] wstrb=[67 18 6 5b d3 15 4 3a 2e a 95 1 20 99 3b 4e a4 ] bresp=0 bid=10101
[295000] SCOREBOARD: Transaction 4 received. pass=86 fail=0
[295000] ALL PASS. Total transactions: 4
[305000] MASTER 0 RECEIVED BRESP. BRESP=0
[305000] [MASTER DRIVER] mst_id=0 s_id=0 awaddr=144de6b8 awid=1001 awlen=14 awsize=7 awburst=0 wdata=[c063a405eca6b70a b118af8cf96185f8 3b3b6d27c8950be3 b53bc2edb0aacd24 2a0c531dfb9f112c c4341d0fe654727a 96ff3f9ee547c044 e0e6d170f96fdffd dfc45277c10b92bb a65352ff251aee80 1e8ace7df6c39215 37cf24d1073a2470 2c5512f0fe4f20f4 f512b309de2277d0 e55c9c40cadfe16d ] wstrb=[da 61 30 ab 6a 9d eb 45 fe 1c f0 69 b9 db ae ] bresp=0 bid=1001
[305000] MASTER 0 B_VALID_RDY Handshake
[305000] [MASTER MONITOR] mst_id=0 s_id=1 awaddr=144de6b8 awid=1001 awlen=14 awsize=7 awburst=0 wdata=[c063a405eca6b70a b118af8cf96185f8 3b3b6d27c8950be3 b53bc2edb0aacd24 2a0c531dfb9f112c c4341d0fe654727a 96ff3f9ee547c044 e0e6d170f96fdffd dfc45277c10b92bb a65352ff251aee80 1e8ace7df6c39215 37cf24d1073a2470 2c5512f0fe4f20f4 f512b309de2277d0 e55c9c40cadfe16d ] wstrb=[da 61 30 ab 6a 9d eb 45 fe 1c f0 69 b9 db ae ] bresp=0 bid=1001
[305000] SCOREBOARD MATCH: decode_err expected = 0, actual =0
[305000] SCOREBOARD MATCH: slave_id expected = 1, actual =1
[305000] SCOREBOARD MATCH: awaddr passthrough expected = 144de6b8, actual =144de6b8
[305000] SCOREBOARD MATCH: awlen passthrough expected = 14, actual =14
[305000] SCOREBOARD MATCH: awsize passthrough expected = 7, actual =7
[305000] SCOREBOARD MATCH: awburst passthrough expected = 0, actual =0
[305000] SCOREBOARD MATCH: wdata size check expected = f, actual =f
[305000] SCOREBOARD MATCH: wdata passthrough beat=0 expected = c063a405eca6b70a, actual =c063a405eca6b70a
[305000] SCOREBOARD MATCH: wdata passthrough beat=1 expected = b118af8cf96185f8, actual =b118af8cf96185f8
[305000] SCOREBOARD MATCH: wdata passthrough beat=2 expected = 3b3b6d27c8950be3, actual =3b3b6d27c8950be3
[305000] SCOREBOARD MATCH: wdata passthrough beat=3 expected = b53bc2edb0aacd24, actual =b53bc2edb0aacd24
[305000] SCOREBOARD MATCH: wdata passthrough beat=4 expected = 2a0c531dfb9f112c, actual =2a0c531dfb9f112c
[305000] SCOREBOARD MATCH: wdata passthrough beat=5 expected = c4341d0fe654727a, actual =c4341d0fe654727a
[305000] SCOREBOARD MATCH: wdata passthrough beat=6 expected = 96ff3f9ee547c044, actual =96ff3f9ee547c044
[305000] SCOREBOARD MATCH: wdata passthrough beat=7 expected = e0e6d170f96fdffd, actual =e0e6d170f96fdffd
[305000] SCOREBOARD MATCH: wdata passthrough beat=8 expected = dfc45277c10b92bb, actual =dfc45277c10b92bb
[305000] SCOREBOARD MATCH: wdata passthrough beat=9 expected = a65352ff251aee80, actual =a65352ff251aee80
[305000] SCOREBOARD MATCH: wdata passthrough beat=10 expected = 1e8ace7df6c39215, actual =1e8ace7df6c39215
[305000] SCOREBOARD MATCH: wdata passthrough beat=11 expected = 37cf24d1073a2470, actual =37cf24d1073a2470
[305000] SCOREBOARD MATCH: wdata passthrough beat=12 expected = 2c5512f0fe4f20f4, actual =2c5512f0fe4f20f4
[305000] SCOREBOARD MATCH: wdata passthrough beat=13 expected = f512b309de2277d0, actual =f512b309de2277d0
[305000] SCOREBOARD MATCH: wdata passthrough beat=14 expected = e55c9c40cadfe16d, actual =e55c9c40cadfe16d
[305000] SCOREBOARD MATCH: wstrb size check expected = f, actual =f
[305000] SCOREBOARD MATCH: wstrb passthrough beat=0 expected = da, actual =da
[305000] SCOREBOARD MATCH: wstrb passthrough beat=1 expected = 61, actual =61
[305000] SCOREBOARD MATCH: wstrb passthrough beat=2 expected = 30, actual =30
[305000] SCOREBOARD MATCH: wstrb passthrough beat=3 expected = ab, actual =ab
[305000] SCOREBOARD MATCH: wstrb passthrough beat=4 expected = 6a, actual =6a
[305000] SCOREBOARD MATCH: wstrb passthrough beat=5 expected = 9d, actual =9d
[305000] SCOREBOARD MATCH: wstrb passthrough beat=6 expected = eb, actual =eb
[305000] SCOREBOARD MATCH: wstrb passthrough beat=7 expected = 45, actual =45
[305000] SCOREBOARD MATCH: wstrb passthrough beat=8 expected = fe, actual =fe
[305000] SCOREBOARD MATCH: wstrb passthrough beat=9 expected = 1c, actual =1c
[305000] SCOREBOARD MATCH: wstrb passthrough beat=10 expected = f0, actual =f0
[305000] SCOREBOARD MATCH: wstrb passthrough beat=11 expected = 69, actual =69
[305000] SCOREBOARD MATCH: wstrb passthrough beat=12 expected = b9, actual =b9
[305000] SCOREBOARD MATCH: wstrb passthrough beat=13 expected = db, actual =db
[305000] SCOREBOARD MATCH: wstrb passthrough beat=14 expected = ae, actual =ae
[305000] SCOREBOARD MATCH: bresp passthrough expected = 0, actual =0
[305000] SCOREBOARD MATCH: response routed to correct master (write) expected = 0, actual =0
[305000] [SCOREBOARD-M] mst_id=0 s_id=1 awaddr=144de6b8 awid=1001 awlen=14 awsize=7 awburst=0 wdata=[c063a405eca6b70a b118af8cf96185f8 3b3b6d27c8950be3 b53bc2edb0aacd24 2a0c531dfb9f112c c4341d0fe654727a 96ff3f9ee547c044 e0e6d170f96fdffd dfc45277c10b92bb a65352ff251aee80 1e8ace7df6c39215 37cf24d1073a2470 2c5512f0fe4f20f4 f512b309de2277d0 e55c9c40cadfe16d ] wstrb=[da 61 30 ab 6a 9d eb 45 fe 1c f0 69 b9 db ae ] bresp=0 bid=1001
[305000] [SCOREBOARD-S] mst_id=0 s_id=1 awaddr=144de6b8 awid=1001 awlen=14 awsize=7 awburst=0 wdata=[c063a405eca6b70a b118af8cf96185f8 3b3b6d27c8950be3 b53bc2edb0aacd24 2a0c531dfb9f112c c4341d0fe654727a 96ff3f9ee547c044 e0e6d170f96fdffd dfc45277c10b92bb a65352ff251aee80 1e8ace7df6c39215 37cf24d1073a2470 2c5512f0fe4f20f4 f512b309de2277d0 e55c9c40cadfe16d ] wstrb=[da 61 30 ab 6a 9d eb 45 fe 1c f0 69 b9 db ae ] bresp=0 bid=1001
[305000] SCOREBOARD: Transaction 5 received. pass=126 fail=0
[305000] SCOREBOARD: Expected 5 transactions completed, PASS=126 FAIL=0
[305000] ALL PASS. Total transactions: 5
[305000] ALL TRANSACTIONS MONITORED
$finish called at time : 325 ns : File "/home/nashita/Desktop/practice/axi_xbar/tb/top/axi_tb_top.sv" Line 220
exit
INFO: xsimkernel Simulation Memory Usage: 289464 KB (Peak: 337864 KB), Simulation CPU Usage: 1190 ms
INFO: [Common 17-206] Exiting xsim at Thu Sep 10 18:16:36 2026...
