#-----------------------------------------------------------
# xsim v2025.2 (64-bit)
# SW Build 6299465 on Fri Nov 14 12:34:56 MST 2025
# IP Build 6300035 on Fri Nov 14 10:48:45 MST 2025
# SharedData Build 6298862 on Thu Nov 13 04:50:51 MST 2025
# Start of session at: Thu Sep 10 18:27:44 2026
# Process ID         : 3626294
# Current directory  : /home/nashita/Desktop/practice/axi_xbar/sim
# Command line       : xsim -log regress_results/BT_run224.log -mode tcl -source {xsim.dir/tb_top_snap/xsim_script.tcl}
# Log file           : /home/nashita/Desktop/practice/axi_xbar/sim/regress_results/BT_run224.log
# Journal file       : /home/nashita/Desktop/practice/axi_xbar/sim/xsim.jou
# Running On         : vlsi-vivado
# Platform           : Ubuntu
# Operating System   : Ubuntu 24.04.4 LTS
# Processor Detail   : Intel(R) Core(TM) i5-10400 CPU @ 2.90GHz
# CPU Frequency      : 4118.261 MHz
# CPU Physical cores : 6
# CPU Logical cores  : 12
# Host memory        : 41875 MB
# Swap memory        : 27648 MB
# Total Virtual      : 69524 MB
# Available Virtual  : 62754 MB
#-----------------------------------------------------------
source xsim.dir/tb_top_snap/xsim_script.tcl
# xsim {tb_top_snap} -testplusarg BT -autoloadwcfg -runall -sv_seed 225
Time resolution is 1 ps
run -all
[0] RUNNING BASE TEST
[0] INSIDE THE BASE TEST CONSTRUCTOR
[0] ENV: before agent
[0] SLAVE CONSTRUCTED
[0] MASTER MONITOR CONSTRUCTED
[0] MASTER MONITOR CONSTRUCTED
[0] SLAVE MONITOR CONSTRUCTED
[0] SLAVE MONITOR CONSTRUCTED
[0] ARB MONITOR CONSTRUCTED
GENERATOR CONSTRUCTED
[0] ENV: after agent
[0] ENV: before scoreboard
[0] ENV: after scoreboard
[15000] [SEQUENCER] READ mst_id=0 s_id=0 araddr=e1e3a8 arid=0 arlen=1 arsize=3 arburst=1 rid=[] rresp=[] rdata=[]
[15000] [SEQUENCER] READ mst_id=0 s_id=0 araddr=8c76e58 arid=1 arlen=1 arsize=3 arburst=1 rid=[] rresp=[] rdata=[]
[15000] [SEQUENCER] READ mst_id=0 s_id=0 araddr=98d7240 arid=2 arlen=1 arsize=3 arburst=1 rid=[] rresp=[] rdata=[]
[15000] [SEQUENCER] READ mst_id=1 s_id=0 araddr=24928c8 arid=0 arlen=1 arsize=3 arburst=1 rid=[] rresp=[] rdata=[]
[15000] [SEQUENCER] mst_id=1 s_id=0 awaddr=11923418 awid=100 awlen=136 awsize=4 awburst=1 wdata=[318aaf70cfad4fbf d57a14eb0ec1e9a7 37b555b637503bf8 6fd8bb7acd90e05 bb9af7ace9400526 2090411edc77a0a2 8950aea7f3504d62 dc905288278dccd5 4056d77c4eba654 b83bf3b6fd2093a6 a4ae607b8d561c1e d241c27214cc463f 91ecd9e5a8b3cdf2 3609ea110a7db629 1f49fc68369b3a61 df4f0853884bac83 92c962acb136d64d e7d210ae9558f264 1da49ee8b2135f14 e34a3562c7211902 dc7a0b66b06e0194 e28160a9cb1c4610 923d5f12fa1eaa4e 2a8cabe3c5cb960b 90e7dc1beeb76a79 e8d614c70d0e0c8c d2d9a29723253b2e 11dca5a79362c0aa a070cd36e3c17eb2 86e6b9e0fab2ba6e e157b19f34a6fcd d70bee8098c35f87 137619f6ae86484f 21d0b81dddf2a860 f6b607e8218b950f d011dd5ef8dca69d d6cf4efd0a2c21de 2bb7b6edf1e2957b eabf3c18cd8556e5 d7b178c3fbc9944b edac29c7c18e8b16 8f13e1fb83692fb0 ff32c3fcd86b65df 99f9f0f5e6c55abf ea2e8a6fecdeedc3 c54a53a2290dd2f1 fd32db0e9614e6b d6403c2edf444498 8521789fa01b81f e363068b1b8a8fd1 faced46918254539 9226fd58b9a342b9 d52dd28a0320ebf2 1b46312bf58a03e3 2f2d469dcffca6f3 d31d92e5ad6d2e83 22f73267845b1927 d457c01bee63c410 1bd0f294d2247904 d67f922ba7755300 15d917113ec824fb 10ec9dffaad75246 d24ca54731aa09a5 f0722ea0e76c302a 12438271e825bc58 19cfc5fd015ecc9f e8cafcc9e49027b8 ccb5e4100a41f49d ba0c13cfb0e7f3a df9ea6f2e685aa0d f0c79eaaf46bbe05 ef7a3d40ac548b02 92da350ffc685fe6 f0d41debcf18e432 fb6d6f3583a1d3b9 800a339fe04e5b2b 2f673f5e8e47a444 11e977fef0de518b d12cacb62ad4ae93 b91c52d791f3ab9d 82d1fd288093ec14 ab689aa7cb05cad5 dcf97673d3fea9df d49295f3e484ed7f af8ab854dfcb739b b3ca1d7afffb309b e4801e1a8c842ec7 ec4fa263085cb36e 857e409940ad66e 208f0536a019bfdd a876734becd80223 80e2d8910cdea799 acf86776b0ce5754 9da65977a171ddc7 ae508560d56edac2 863d32161e893209 bffb0fd0db48ecd7 30b7c79923e38b8e c26cbd97ee4b9531 c9948208b6f4f9af dad8853d8267cd67 f0b36298fa4c49a1 b14143509d4542d4 1fad103cba47e4a0 b4942e410c19c88e a95f0b62906072d4 caa85775e5d57192 f1ef3a20c90c1b9e d96c8e73ff3c85b6 e511f7489b4e4582 e45a61212414e5e8 a3516b9ed7013168 f24f76eb3dc6ef94 e1dbd57c086362e7 df64944fd6a9d80c 1470c7a0852d411a 8d90a401d1b40b3a a85de346f64c9d1c fb79de36ecf53851 bea9438bbcceaae6 b31b4802090a8238 f5ffba89e70726d2 a3d5d1b82e952639 379fa871b4a8fe14 9bb024e6d6f119bb 5863ff42d9f62fa e248610e3f85f69f 1677105a3d25e865 eac54b5ffdf885f5 3d7e7c941bfd504e d92338b3cd0dac6d cb063262d3f58cee eff2dd3cc3e88412 90f6307f8884aef6 dc7a3be4c91615ef cfe9a01dbfc62e2 e48111d8cc6d1920 ] wstrb=[80 f bd 62 10 dd 3b 91 ed f8 f3 fd d5 2e 8e c2 26 82 c0 fc b0 4e be d7 d0 7e d3 81 cd 91 58 9d 10 2b 1e dd bc 76 7a cc a1 99 a9 5e f 24 2a b1 bd d4 f cc f8 39 7d b5 d 8c 81 5 c6 ff ba d3 8b 3c d9 51 3b 93 25 c6 cf fe 18 a 91 3d d1 61 3b e9 6b cc 26 3c 2d 61 25 99 2d 4b d5 5b ac fb f4 da 46 c9 35 f3 c4 29 cd b f2 2 fe b7 2b cb c2 1d cd c0 d4 f8 8b 96 15 58 56 ea 50 e1 80 65 39 d7 4f 89 b8 d0 ef f2 a7 ] bresp=0 bid=0
[15000] MASTER_DRIVER0 received transaction, op=AXI_READ
[15000] MASTER_DRIVER1 received transaction, op=AXI_READ
[35000] MASTER_DRIVER0 received transaction, op=AXI_READ
[35000] MASTER_DRIVER1 received transaction, op=AXI_WRITE
[45000] ARB MONITOR: slave=0 m0_req=1 m1_req=1 winner=0
[45000] AXI S0_ARVALID_RDY HANDSHAKE
[45000] MEMORY READ MISS beat=0 addr=e1e3a8 -> default data id=0
[45000] SCOREBOARD MATCH: arbitration winner (slave 0) expected = 0, actual =0
[55000] MEMORY READ MISS beat=1 addr=e1e3b0 -> default data id=0
[55000] SLAVE 0 R_VALID_RDY Handshake beat=0 rlast=0
[55000] MASTER 1 AW_VALID_RDY Handshake
[55000] MASTER_DRIVER0 received transaction, op=AXI_READ
[65000] ARB MONITOR: slave=1 m0_req=0 m1_req=1 winner=1
[65000] SLAVE 0 R_VALID_RDY Handshake beat=1 rlast=1
[65000] [SLAVE MONITOR] READ mst_id=0 s_id=0 araddr=e1e3a8 arid=0 arlen=1 arsize=3 arburst=1 rid=[00] rresp=[00] rdata=[baadf00d12345678baadf00d12345678]
[65000] AXI S1_AWVALID_RDY HANDSHAKE
[75000] AXI S0_ARVALID_RDY HANDSHAKE
[75000] MEMORY READ MISS beat=0 addr=24928c8 -> default data id=16
[75000] ARB MONITOR: slave=0 m0_req=1 m1_req=1 winner=1
[75000] MASTER 1 W_VALID_RDY Handshake beat=0 wlast=0
[75000] MASTER 0 R_VALID_RDY Handshake beat=0 rlast=0
[75000] SCOREBOARD MATCH: arbitration winner (slave 0) expected = 1, actual =1
[85000] [MASTER DRIVER] READ mst_id=0 s_id=0 araddr=e1e3a8 arid=0 arlen=1 arsize=3 arburst=1 rid=[00] rresp=[00] rdata=[baadf00d12345678baadf00d12345678]
[85000] MASTER 0 R_VALID_RDY Handshake beat=1 rlast=1
[85000] [MASTER MONITOR] READ mst_id=0 s_id=0 araddr=e1e3a8 arid=0 arlen=1 arsize=3 arburst=1 rid=[00] rresp=[00] rdata=[baadf00d12345678baadf00d12345678]
[85000] MASTER 1 W_VALID_RDY Handshake beat=1 wlast=0
[85000] SLAVE 0 R_VALID_RDY Handshake beat=0 rlast=0
[85000] MEMORY READ MISS beat=1 addr=24928d0 -> default data id=16
[85000] S1 MEMORY WRITE beat=0 addr=11923418 data=318aaf70cfad4fbf id=14
[85000] SCOREBOARD MATCH: decode_err expected = 0, actual =0
[85000] SCOREBOARD MATCH: slave_id expected = 0, actual =0
[85000] SCOREBOARD MATCH: araddr passthrough expected = e1e3a8, actual =e1e3a8
[85000] SCOREBOARD MATCH: arlen passthrough expected = 1, actual =1
[85000] SCOREBOARD MATCH: arsize passthrough expected = 3, actual =3
[85000] SCOREBOARD MATCH: arburst passthrough expected = 1, actual =1
[85000] SCOREBOARD MATCH: rdata size check expected = 2, actual =2
[85000] SCOREBOARD MATCH: rdata passthrough beat=0 expected = baadf00d12345678, actual =baadf00d12345678
[85000] SCOREBOARD MATCH: rdata passthrough beat=1 expected = baadf00d12345678, actual =baadf00d12345678
[85000] SCOREBOARD MATCH: rresp size check expected = 2, actual =2
[85000] SCOREBOARD MATCH: rresp passthrough beat=0 expected = 0, actual =0
[85000] SCOREBOARD MATCH: rresp passthrough beat=1 expected = 0, actual =0
[85000] SCOREBOARD MATCH: response routed to correct master (read beat 0) expected = 0, actual =0
[85000] SCOREBOARD MATCH: response routed to correct master (read beat 1) expected = 0, actual =0
[85000] [SCOREBOARD-M] READ mst_id=0 s_id=0 araddr=e1e3a8 arid=0 arlen=1 arsize=3 arburst=1 rid=[00] rresp=[00] rdata=[baadf00d12345678baadf00d12345678]
[85000] [SCOREBOARD-S] READ mst_id=0 s_id=0 araddr=e1e3a8 arid=0 arlen=1 arsize=3 arburst=1 rid=[00] rresp=[00] rdata=[baadf00d12345678baadf00d12345678]
[85000] SCOREBOARD: Transaction 1 received. pass=16 fail=0
[85000] ALL PASS. Total transactions: 1
[95000] S1 MEMORY WRITE beat=1 addr=11923428 data=d57a14eb0ec1e9a7 id=14
[95000] SLAVE 0 R_VALID_RDY Handshake beat=1 rlast=1
[95000] [SLAVE MONITOR] READ mst_id=1 s_id=0 araddr=24928c8 arid=0 arlen=1 arsize=3 arburst=1 rid=[1010] rresp=[00] rdata=[baadf00d12345678baadf00d12345678]
[95000] MASTER 1 W_VALID_RDY Handshake beat=2 wlast=0
[105000] MASTER 1 W_VALID_RDY Handshake beat=3 wlast=0
[105000] MASTER 1 R_VALID_RDY Handshake beat=0 rlast=0
[105000] ARB MONITOR: slave=0 m0_req=1 m1_req=0 winner=0
[105000] AXI S0_ARVALID_RDY HANDSHAKE
[105000] MEMORY READ MISS beat=0 addr=8c76e58 -> default data id=1
[105000] S1 MEMORY WRITE beat=2 addr=11923438 data=37b555b637503bf8 id=14
[115000] S1 MEMORY WRITE beat=3 addr=11923448 data=06fd8bb7acd90e05 id=14
[115000] MEMORY READ MISS beat=1 addr=8c76e60 -> default data id=1
[115000] SLAVE 0 R_VALID_RDY Handshake beat=0 rlast=0
[115000] MASTER 1 R_VALID_RDY Handshake beat=1 rlast=1
[115000] [MASTER MONITOR] READ mst_id=1 s_id=0 araddr=24928c8 arid=0 arlen=1 arsize=3 arburst=1 rid=[00] rresp=[00] rdata=[baadf00d12345678baadf00d12345678]
[115000] MASTER 1 W_VALID_RDY Handshake beat=4 wlast=0
[115000] [MASTER DRIVER] READ mst_id=1 s_id=0 araddr=24928c8 arid=0 arlen=1 arsize=3 arburst=1 rid=[00] rresp=[00] rdata=[baadf00d12345678baadf00d12345678]
[115000] SCOREBOARD MATCH: decode_err expected = 0, actual =0
[115000] SCOREBOARD MATCH: slave_id expected = 0, actual =0
[115000] SCOREBOARD MATCH: araddr passthrough expected = 24928c8, actual =24928c8
[115000] SCOREBOARD MATCH: arlen passthrough expected = 1, actual =1
[115000] SCOREBOARD MATCH: arsize passthrough expected = 3, actual =3
[115000] SCOREBOARD MATCH: arburst passthrough expected = 1, actual =1
[115000] SCOREBOARD MATCH: rdata size check expected = 2, actual =2
[115000] SCOREBOARD MATCH: rdata passthrough beat=0 expected = baadf00d12345678, actual =baadf00d12345678
[115000] SCOREBOARD MATCH: rdata passthrough beat=1 expected = baadf00d12345678, actual =baadf00d12345678
[115000] SCOREBOARD MATCH: rresp size check expected = 2, actual =2
[115000] SCOREBOARD MATCH: rresp passthrough beat=0 expected = 0, actual =0
[115000] SCOREBOARD MATCH: rresp passthrough beat=1 expected = 0, actual =0
[115000] SCOREBOARD MATCH: response routed to correct master (read beat 0) expected = 1, actual =1
[115000] SCOREBOARD MATCH: response routed to correct master (read beat 1) expected = 1, actual =1
[115000] [SCOREBOARD-M] READ mst_id=1 s_id=0 araddr=24928c8 arid=0 arlen=1 arsize=3 arburst=1 rid=[00] rresp=[00] rdata=[baadf00d12345678baadf00d12345678]
[115000] [SCOREBOARD-S] READ mst_id=1 s_id=0 araddr=24928c8 arid=0 arlen=1 arsize=3 arburst=1 rid=[1010] rresp=[00] rdata=[baadf00d12345678baadf00d12345678]
[115000] SCOREBOARD: Transaction 2 received. pass=30 fail=0
[115000] ALL PASS. Total transactions: 2
[125000] MASTER 1 W_VALID_RDY Handshake beat=5 wlast=0
[125000] SLAVE 0 R_VALID_RDY Handshake beat=1 rlast=1
[125000] [SLAVE MONITOR] READ mst_id=0 s_id=0 araddr=8c76e58 arid=1 arlen=1 arsize=3 arburst=1 rid=[11] rresp=[00] rdata=[baadf00d12345678baadf00d12345678]
[125000] S1 MEMORY WRITE beat=4 addr=11923458 data=bb9af7ace9400526 id=14
[135000] S1 MEMORY WRITE beat=5 addr=11923468 data=2090411edc77a0a2 id=14
[135000] AXI S0_ARVALID_RDY HANDSHAKE
[135000] MEMORY READ MISS beat=0 addr=98d7240 -> default data id=2
[135000] ARB MONITOR: slave=0 m0_req=0 m1_req=0 winner=0
[135000] MASTER 1 W_VALID_RDY Handshake beat=6 wlast=0
[135000] MASTER 0 R_VALID_RDY Handshake beat=0 rlast=0
[145000] [MASTER DRIVER] READ mst_id=0 s_id=0 araddr=8c76e58 arid=1 arlen=1 arsize=3 arburst=1 rid=[11] rresp=[00] rdata=[baadf00d12345678baadf00d12345678]
[145000] MASTER 0 R_VALID_RDY Handshake beat=1 rlast=1
[145000] [MASTER MONITOR] READ mst_id=0 s_id=0 araddr=8c76e58 arid=1 arlen=1 arsize=3 arburst=1 rid=[11] rresp=[00] rdata=[baadf00d12345678baadf00d12345678]
[145000] MASTER 1 W_VALID_RDY Handshake beat=7 wlast=0
[145000] SLAVE 0 R_VALID_RDY Handshake beat=0 rlast=0
[145000] MEMORY READ MISS beat=1 addr=98d7248 -> default data id=2
[145000] S1 MEMORY WRITE beat=6 addr=11923478 data=8950aea7f3504d62 id=14
[145000] SCOREBOARD MATCH: decode_err expected = 0, actual =0
[145000] SCOREBOARD MATCH: slave_id expected = 0, actual =0
[145000] SCOREBOARD MATCH: araddr passthrough expected = 8c76e58, actual =8c76e58
[145000] SCOREBOARD MATCH: arlen passthrough expected = 1, actual =1
[145000] SCOREBOARD MATCH: arsize passthrough expected = 3, actual =3
[145000] SCOREBOARD MATCH: arburst passthrough expected = 1, actual =1
[145000] SCOREBOARD MATCH: rdata size check expected = 2, actual =2
[145000] SCOREBOARD MATCH: rdata passthrough beat=0 expected = baadf00d12345678, actual =baadf00d12345678
[145000] SCOREBOARD MATCH: rdata passthrough beat=1 expected = baadf00d12345678, actual =baadf00d12345678
[145000] SCOREBOARD MATCH: rresp size check expected = 2, actual =2
[145000] SCOREBOARD MATCH: rresp passthrough beat=0 expected = 0, actual =0
[145000] SCOREBOARD MATCH: rresp passthrough beat=1 expected = 0, actual =0
[145000] SCOREBOARD MATCH: response routed to correct master (read beat 0) expected = 0, actual =0
[145000] SCOREBOARD MATCH: response routed to correct master (read beat 1) expected = 0, actual =0
[145000] [SCOREBOARD-M] READ mst_id=0 s_id=0 araddr=8c76e58 arid=1 arlen=1 arsize=3 arburst=1 rid=[11] rresp=[00] rdata=[baadf00d12345678baadf00d12345678]
[145000] [SCOREBOARD-S] READ mst_id=0 s_id=0 araddr=8c76e58 arid=1 arlen=1 arsize=3 arburst=1 rid=[11] rresp=[00] rdata=[baadf00d12345678baadf00d12345678]
[145000] SCOREBOARD: Transaction 3 received. pass=44 fail=0
[145000] ALL PASS. Total transactions: 3
[155000] S1 MEMORY WRITE beat=7 addr=11923488 data=dc905288278dccd5 id=14
[155000] SLAVE 0 R_VALID_RDY Handshake beat=1 rlast=1
[155000] [SLAVE MONITOR] READ mst_id=0 s_id=0 araddr=98d7240 arid=2 arlen=1 arsize=3 arburst=1 rid=[22] rresp=[00] rdata=[baadf00d12345678baadf00d12345678]
[155000] MASTER 1 W_VALID_RDY Handshake beat=8 wlast=0
[165000] MASTER 0 R_VALID_RDY Handshake beat=0 rlast=0
[165000] MASTER 1 W_VALID_RDY Handshake beat=9 wlast=0
[165000] S1 MEMORY WRITE beat=8 addr=11923498 data=04056d77c4eba654 id=14
[175000] S1 MEMORY WRITE beat=9 addr=119234a8 data=b83bf3b6fd2093a6 id=14
[175000] MASTER 1 W_VALID_RDY Handshake beat=10 wlast=0
[175000] MASTER 0 R_VALID_RDY Handshake beat=1 rlast=1
[175000] [MASTER MONITOR] READ mst_id=0 s_id=0 araddr=98d7240 arid=2 arlen=1 arsize=3 arburst=1 rid=[22] rresp=[00] rdata=[baadf00d12345678baadf00d12345678]
[175000] [MASTER DRIVER] READ mst_id=0 s_id=0 araddr=98d7240 arid=2 arlen=1 arsize=3 arburst=1 rid=[22] rresp=[00] rdata=[baadf00d12345678baadf00d12345678]
[175000] SCOREBOARD MATCH: decode_err expected = 0, actual =0
[175000] SCOREBOARD MATCH: slave_id expected = 0, actual =0
[175000] SCOREBOARD MATCH: araddr passthrough expected = 98d7240, actual =98d7240
[175000] SCOREBOARD MATCH: arlen passthrough expected = 1, actual =1
[175000] SCOREBOARD MATCH: arsize passthrough expected = 3, actual =3
[175000] SCOREBOARD MATCH: arburst passthrough expected = 1, actual =1
[175000] SCOREBOARD MATCH: rdata size check expected = 2, actual =2
[175000] SCOREBOARD MATCH: rdata passthrough beat=0 expected = baadf00d12345678, actual =baadf00d12345678
[175000] SCOREBOARD MATCH: rdata passthrough beat=1 expected = baadf00d12345678, actual =baadf00d12345678
[175000] SCOREBOARD MATCH: rresp size check expected = 2, actual =2
[175000] SCOREBOARD MATCH: rresp passthrough beat=0 expected = 0, actual =0
[175000] SCOREBOARD MATCH: rresp passthrough beat=1 expected = 0, actual =0
[175000] SCOREBOARD MATCH: response routed to correct master (read beat 0) expected = 0, actual =0
[175000] SCOREBOARD MATCH: response routed to correct master (read beat 1) expected = 0, actual =0
[175000] [SCOREBOARD-M] READ mst_id=0 s_id=0 araddr=98d7240 arid=2 arlen=1 arsize=3 arburst=1 rid=[22] rresp=[00] rdata=[baadf00d12345678baadf00d12345678]
[175000] [SCOREBOARD-S] READ mst_id=0 s_id=0 araddr=98d7240 arid=2 arlen=1 arsize=3 arburst=1 rid=[22] rresp=[00] rdata=[baadf00d12345678baadf00d12345678]
[175000] SCOREBOARD: Transaction 4 received. pass=58 fail=0
[175000] ALL PASS. Total transactions: 4
[185000] MASTER 1 W_VALID_RDY Handshake beat=11 wlast=0
[185000] S1 MEMORY WRITE beat=10 addr=119234b8 data=a4ae607b8d561c1e id=14
[195000] S1 MEMORY WRITE beat=11 addr=119234c8 data=d241c27214cc463f id=14
[195000] MASTER 1 W_VALID_RDY Handshake beat=12 wlast=0
[205000] MASTER 1 W_VALID_RDY Handshake beat=13 wlast=0
[205000] S1 MEMORY WRITE beat=12 addr=119234d8 data=91ecd9e5a8b3cdf2 id=14
[215000] S1 MEMORY WRITE beat=13 addr=119234e8 data=3609ea110a7db629 id=14
[215000] MASTER 1 W_VALID_RDY Handshake beat=14 wlast=0
[225000] MASTER 1 W_VALID_RDY Handshake beat=15 wlast=0
[225000] S1 MEMORY WRITE beat=14 addr=119234f8 data=1f49fc68369b3a61 id=14
[235000] S1 MEMORY WRITE beat=15 addr=11923508 data=df4f0853884bac83 id=14
[235000] MASTER 1 W_VALID_RDY Handshake beat=16 wlast=0
[245000] MASTER 1 W_VALID_RDY Handshake beat=17 wlast=0
[245000] S1 MEMORY WRITE beat=16 addr=11923518 data=92c962acb136d64d id=14
[255000] S1 MEMORY WRITE beat=17 addr=11923528 data=e7d210ae9558f264 id=14
[255000] MASTER 1 W_VALID_RDY Handshake beat=18 wlast=0
[265000] MASTER 1 W_VALID_RDY Handshake beat=19 wlast=0
[265000] S1 MEMORY WRITE beat=18 addr=11923538 data=1da49ee8b2135f14 id=14
[275000] S1 MEMORY WRITE beat=19 addr=11923548 data=e34a3562c7211902 id=14
[275000] MASTER 1 W_VALID_RDY Handshake beat=20 wlast=0
[285000] MASTER 1 W_VALID_RDY Handshake beat=21 wlast=0
[285000] S1 MEMORY WRITE beat=20 addr=11923558 data=dc7a0b66b06e0194 id=14
[295000] S1 MEMORY WRITE beat=21 addr=11923568 data=e28160a9cb1c4610 id=14
[295000] MASTER 1 W_VALID_RDY Handshake beat=22 wlast=0
[305000] MASTER 1 W_VALID_RDY Handshake beat=23 wlast=0
[305000] S1 MEMORY WRITE beat=22 addr=11923578 data=923d5f12fa1eaa4e id=14
[315000] S1 MEMORY WRITE beat=23 addr=11923588 data=2a8cabe3c5cb960b id=14
[315000] MASTER 1 W_VALID_RDY Handshake beat=24 wlast=0
[325000] MASTER 1 W_VALID_RDY Handshake beat=25 wlast=0
[325000] S1 MEMORY WRITE beat=24 addr=11923598 data=90e7dc1beeb76a79 id=14
[335000] S1 MEMORY WRITE beat=25 addr=119235a8 data=e8d614c70d0e0c8c id=14
[335000] MASTER 1 W_VALID_RDY Handshake beat=26 wlast=0
[345000] MASTER 1 W_VALID_RDY Handshake beat=27 wlast=0
[345000] S1 MEMORY WRITE beat=26 addr=119235b8 data=d2d9a29723253b2e id=14
[355000] S1 MEMORY WRITE beat=27 addr=119235c8 data=11dca5a79362c0aa id=14
[355000] MASTER 1 W_VALID_RDY Handshake beat=28 wlast=0
[365000] MASTER 1 W_VALID_RDY Handshake beat=29 wlast=0
[365000] S1 MEMORY WRITE beat=28 addr=119235d8 data=a070cd36e3c17eb2 id=14
[375000] S1 MEMORY WRITE beat=29 addr=119235e8 data=86e6b9e0fab2ba6e id=14
[375000] MASTER 1 W_VALID_RDY Handshake beat=30 wlast=0
[385000] MASTER 1 W_VALID_RDY Handshake beat=31 wlast=0
[385000] S1 MEMORY WRITE beat=30 addr=119235f8 data=0e157b19f34a6fcd id=14
[395000] S1 MEMORY WRITE beat=31 addr=11923608 data=d70bee8098c35f87 id=14
[395000] MASTER 1 W_VALID_RDY Handshake beat=32 wlast=0
[405000] MASTER 1 W_VALID_RDY Handshake beat=33 wlast=0
[405000] S1 MEMORY WRITE beat=32 addr=11923618 data=137619f6ae86484f id=14
[415000] S1 MEMORY WRITE beat=33 addr=11923628 data=21d0b81dddf2a860 id=14
[415000] MASTER 1 W_VALID_RDY Handshake beat=34 wlast=0
[425000] MASTER 1 W_VALID_RDY Handshake beat=35 wlast=0
[425000] S1 MEMORY WRITE beat=34 addr=11923638 data=f6b607e8218b950f id=14
[435000] S1 MEMORY WRITE beat=35 addr=11923648 data=d011dd5ef8dca69d id=14
[435000] MASTER 1 W_VALID_RDY Handshake beat=36 wlast=0
[445000] MASTER 1 W_VALID_RDY Handshake beat=37 wlast=0
[445000] S1 MEMORY WRITE beat=36 addr=11923658 data=d6cf4efd0a2c21de id=14
[455000] S1 MEMORY WRITE beat=37 addr=11923668 data=2bb7b6edf1e2957b id=14
[455000] MASTER 1 W_VALID_RDY Handshake beat=38 wlast=0
[465000] MASTER 1 W_VALID_RDY Handshake beat=39 wlast=0
[465000] S1 MEMORY WRITE beat=38 addr=11923678 data=eabf3c18cd8556e5 id=14
[475000] S1 MEMORY WRITE beat=39 addr=11923688 data=d7b178c3fbc9944b id=14
[475000] MASTER 1 W_VALID_RDY Handshake beat=40 wlast=0
[485000] MASTER 1 W_VALID_RDY Handshake beat=41 wlast=0
[485000] S1 MEMORY WRITE beat=40 addr=11923698 data=edac29c7c18e8b16 id=14
[495000] S1 MEMORY WRITE beat=41 addr=119236a8 data=8f13e1fb83692fb0 id=14
[495000] MASTER 1 W_VALID_RDY Handshake beat=42 wlast=0
[505000] MASTER 1 W_VALID_RDY Handshake beat=43 wlast=0
[505000] S1 MEMORY WRITE beat=42 addr=119236b8 data=ff32c3fcd86b65df id=14
[515000] S1 MEMORY WRITE beat=43 addr=119236c8 data=99f9f0f5e6c55abf id=14
[515000] MASTER 1 W_VALID_RDY Handshake beat=44 wlast=0
[525000] MASTER 1 W_VALID_RDY Handshake beat=45 wlast=0
[525000] S1 MEMORY WRITE beat=44 addr=119236d8 data=ea2e8a6fecdeedc3 id=14
[535000] S1 MEMORY WRITE beat=45 addr=119236e8 data=c54a53a2290dd2f1 id=14
[535000] MASTER 1 W_VALID_RDY Handshake beat=46 wlast=0
[545000] MASTER 1 W_VALID_RDY Handshake beat=47 wlast=0
[545000] S1 MEMORY WRITE beat=46 addr=119236f8 data=0fd32db0e9614e6b id=14
[555000] S1 MEMORY WRITE beat=47 addr=11923708 data=d6403c2edf444498 id=14
[555000] MASTER 1 W_VALID_RDY Handshake beat=48 wlast=0
[565000] MASTER 1 W_VALID_RDY Handshake beat=49 wlast=0
[565000] S1 MEMORY WRITE beat=48 addr=11923718 data=08521789fa01b81f id=14
[575000] S1 MEMORY WRITE beat=49 addr=11923728 data=e363068b1b8a8fd1 id=14
[575000] MASTER 1 W_VALID_RDY Handshake beat=50 wlast=0
[585000] MASTER 1 W_VALID_RDY Handshake beat=51 wlast=0
[585000] S1 MEMORY WRITE beat=50 addr=11923738 data=faced46918254539 id=14
[595000] S1 MEMORY WRITE beat=51 addr=11923748 data=9226fd58b9a342b9 id=14
[595000] MASTER 1 W_VALID_RDY Handshake beat=52 wlast=0
[605000] MASTER 1 W_VALID_RDY Handshake beat=53 wlast=0
[605000] S1 MEMORY WRITE beat=52 addr=11923758 data=d52dd28a0320ebf2 id=14
[615000] S1 MEMORY WRITE beat=53 addr=11923768 data=1b46312bf58a03e3 id=14
[615000] MASTER 1 W_VALID_RDY Handshake beat=54 wlast=0
[625000] MASTER 1 W_VALID_RDY Handshake beat=55 wlast=0
[625000] S1 MEMORY WRITE beat=54 addr=11923778 data=2f2d469dcffca6f3 id=14
[635000] S1 MEMORY WRITE beat=55 addr=11923788 data=d31d92e5ad6d2e83 id=14
[635000] MASTER 1 W_VALID_RDY Handshake beat=56 wlast=0
[645000] MASTER 1 W_VALID_RDY Handshake beat=57 wlast=0
[645000] S1 MEMORY WRITE beat=56 addr=11923798 data=22f73267845b1927 id=14
[655000] S1 MEMORY WRITE beat=57 addr=119237a8 data=d457c01bee63c410 id=14
[655000] MASTER 1 W_VALID_RDY Handshake beat=58 wlast=0
[665000] MASTER 1 W_VALID_RDY Handshake beat=59 wlast=0
[665000] S1 MEMORY WRITE beat=58 addr=119237b8 data=1bd0f294d2247904 id=14
[675000] S1 MEMORY WRITE beat=59 addr=119237c8 data=d67f922ba7755300 id=14
[675000] MASTER 1 W_VALID_RDY Handshake beat=60 wlast=0
[685000] MASTER 1 W_VALID_RDY Handshake beat=61 wlast=0
[685000] S1 MEMORY WRITE beat=60 addr=119237d8 data=15d917113ec824fb id=14
[695000] S1 MEMORY WRITE beat=61 addr=119237e8 data=10ec9dffaad75246 id=14
[695000] MASTER 1 W_VALID_RDY Handshake beat=62 wlast=0
[705000] MASTER 1 W_VALID_RDY Handshake beat=63 wlast=0
[705000] S1 MEMORY WRITE beat=62 addr=119237f8 data=d24ca54731aa09a5 id=14
[715000] S1 MEMORY WRITE beat=63 addr=11923808 data=f0722ea0e76c302a id=14
[715000] MASTER 1 W_VALID_RDY Handshake beat=64 wlast=0
[725000] MASTER 1 W_VALID_RDY Handshake beat=65 wlast=0
[725000] S1 MEMORY WRITE beat=64 addr=11923818 data=12438271e825bc58 id=14
[735000] S1 MEMORY WRITE beat=65 addr=11923828 data=19cfc5fd015ecc9f id=14
[735000] MASTER 1 W_VALID_RDY Handshake beat=66 wlast=0
[745000] MASTER 1 W_VALID_RDY Handshake beat=67 wlast=0
[745000] S1 MEMORY WRITE beat=66 addr=11923838 data=e8cafcc9e49027b8 id=14
[755000] S1 MEMORY WRITE beat=67 addr=11923848 data=ccb5e4100a41f49d id=14
[755000] MASTER 1 W_VALID_RDY Handshake beat=68 wlast=0
[765000] MASTER 1 W_VALID_RDY Handshake beat=69 wlast=0
[765000] S1 MEMORY WRITE beat=68 addr=11923858 data=0ba0c13cfb0e7f3a id=14
[775000] S1 MEMORY WRITE beat=69 addr=11923868 data=df9ea6f2e685aa0d id=14
[775000] MASTER 1 W_VALID_RDY Handshake beat=70 wlast=0
[785000] MASTER 1 W_VALID_RDY Handshake beat=71 wlast=0
[785000] S1 MEMORY WRITE beat=70 addr=11923878 data=f0c79eaaf46bbe05 id=14
[795000] S1 MEMORY WRITE beat=71 addr=11923888 data=ef7a3d40ac548b02 id=14
[795000] MASTER 1 W_VALID_RDY Handshake beat=72 wlast=0
[805000] MASTER 1 W_VALID_RDY Handshake beat=73 wlast=0
[805000] S1 MEMORY WRITE beat=72 addr=11923898 data=92da350ffc685fe6 id=14
[815000] S1 MEMORY WRITE beat=73 addr=119238a8 data=f0d41debcf18e432 id=14
[815000] MASTER 1 W_VALID_RDY Handshake beat=74 wlast=0
[825000] MASTER 1 W_VALID_RDY Handshake beat=75 wlast=0
[825000] S1 MEMORY WRITE beat=74 addr=119238b8 data=fb6d6f3583a1d3b9 id=14
[835000] S1 MEMORY WRITE beat=75 addr=119238c8 data=800a339fe04e5b2b id=14
[835000] MASTER 1 W_VALID_RDY Handshake beat=76 wlast=0
[845000] MASTER 1 W_VALID_RDY Handshake beat=77 wlast=0
[845000] S1 MEMORY WRITE beat=76 addr=119238d8 data=2f673f5e8e47a444 id=14
[855000] S1 MEMORY WRITE beat=77 addr=119238e8 data=11e977fef0de518b id=14
[855000] MASTER 1 W_VALID_RDY Handshake beat=78 wlast=0
[865000] MASTER 1 W_VALID_RDY Handshake beat=79 wlast=0
[865000] S1 MEMORY WRITE beat=78 addr=119238f8 data=d12cacb62ad4ae93 id=14
[875000] S1 MEMORY WRITE beat=79 addr=11923908 data=b91c52d791f3ab9d id=14
[875000] MASTER 1 W_VALID_RDY Handshake beat=80 wlast=0
[885000] MASTER 1 W_VALID_RDY Handshake beat=81 wlast=0
[885000] S1 MEMORY WRITE beat=80 addr=11923918 data=82d1fd288093ec14 id=14
[895000] S1 MEMORY WRITE beat=81 addr=11923928 data=ab689aa7cb05cad5 id=14
[895000] MASTER 1 W_VALID_RDY Handshake beat=82 wlast=0
[905000] MASTER 1 W_VALID_RDY Handshake beat=83 wlast=0
[905000] S1 MEMORY WRITE beat=82 addr=11923938 data=dcf97673d3fea9df id=14
[915000] S1 MEMORY WRITE beat=83 addr=11923948 data=d49295f3e484ed7f id=14
[915000] MASTER 1 W_VALID_RDY Handshake beat=84 wlast=0
[925000] MASTER 1 W_VALID_RDY Handshake beat=85 wlast=0
[925000] S1 MEMORY WRITE beat=84 addr=11923958 data=af8ab854dfcb739b id=14
[935000] S1 MEMORY WRITE beat=85 addr=11923968 data=b3ca1d7afffb309b id=14
[935000] MASTER 1 W_VALID_RDY Handshake beat=86 wlast=0
[945000] MASTER 1 W_VALID_RDY Handshake beat=87 wlast=0
[945000] S1 MEMORY WRITE beat=86 addr=11923978 data=e4801e1a8c842ec7 id=14
[955000] S1 MEMORY WRITE beat=87 addr=11923988 data=ec4fa263085cb36e id=14
[955000] MASTER 1 W_VALID_RDY Handshake beat=88 wlast=0
[965000] MASTER 1 W_VALID_RDY Handshake beat=89 wlast=0
[965000] S1 MEMORY WRITE beat=88 addr=11923998 data=0857e409940ad66e id=14
[975000] S1 MEMORY WRITE beat=89 addr=119239a8 data=208f0536a019bfdd id=14
[975000] MASTER 1 W_VALID_RDY Handshake beat=90 wlast=0
[985000] MASTER 1 W_VALID_RDY Handshake beat=91 wlast=0
[985000] S1 MEMORY WRITE beat=90 addr=119239b8 data=a876734becd80223 id=14
[995000] S1 MEMORY WRITE beat=91 addr=119239c8 data=80e2d8910cdea799 id=14
[995000] MASTER 1 W_VALID_RDY Handshake beat=92 wlast=0
[1005000] MASTER 1 W_VALID_RDY Handshake beat=93 wlast=0
[1005000] S1 MEMORY WRITE beat=92 addr=119239d8 data=acf86776b0ce5754 id=14
[1015000] S1 MEMORY WRITE beat=93 addr=119239e8 data=9da65977a171ddc7 id=14
[1015000] MASTER 1 W_VALID_RDY Handshake beat=94 wlast=0
[1025000] MASTER 1 W_VALID_RDY Handshake beat=95 wlast=0
[1025000] S1 MEMORY WRITE beat=94 addr=119239f8 data=ae508560d56edac2 id=14
[1035000] S1 MEMORY WRITE beat=95 addr=11923a08 data=863d32161e893209 id=14
[1035000] MASTER 1 W_VALID_RDY Handshake beat=96 wlast=0
[1045000] MASTER 1 W_VALID_RDY Handshake beat=97 wlast=0
[1045000] S1 MEMORY WRITE beat=96 addr=11923a18 data=bffb0fd0db48ecd7 id=14
[1055000] S1 MEMORY WRITE beat=97 addr=11923a28 data=30b7c79923e38b8e id=14
[1055000] MASTER 1 W_VALID_RDY Handshake beat=98 wlast=0
[1065000] MASTER 1 W_VALID_RDY Handshake beat=99 wlast=0
[1065000] S1 MEMORY WRITE beat=98 addr=11923a38 data=c26cbd97ee4b9531 id=14
[1075000] S1 MEMORY WRITE beat=99 addr=11923a48 data=c9948208b6f4f9af id=14
[1075000] MASTER 1 W_VALID_RDY Handshake beat=100 wlast=0
[1085000] MASTER 1 W_VALID_RDY Handshake beat=101 wlast=0
[1085000] S1 MEMORY WRITE beat=100 addr=11923a58 data=dad8853d8267cd67 id=14
[1095000] S1 MEMORY WRITE beat=101 addr=11923a68 data=f0b36298fa4c49a1 id=14
[1095000] MASTER 1 W_VALID_RDY Handshake beat=102 wlast=0
[1105000] MASTER 1 W_VALID_RDY Handshake beat=103 wlast=0
[1105000] S1 MEMORY WRITE beat=102 addr=11923a78 data=b14143509d4542d4 id=14
[1115000] S1 MEMORY WRITE beat=103 addr=11923a88 data=1fad103cba47e4a0 id=14
[1115000] MASTER 1 W_VALID_RDY Handshake beat=104 wlast=0
[1125000] MASTER 1 W_VALID_RDY Handshake beat=105 wlast=0
[1125000] S1 MEMORY WRITE beat=104 addr=11923a98 data=b4942e410c19c88e id=14
[1135000] S1 MEMORY WRITE beat=105 addr=11923aa8 data=a95f0b62906072d4 id=14
[1135000] MASTER 1 W_VALID_RDY Handshake beat=106 wlast=0
[1145000] MASTER 1 W_VALID_RDY Handshake beat=107 wlast=0
[1145000] S1 MEMORY WRITE beat=106 addr=11923ab8 data=caa85775e5d57192 id=14
[1155000] S1 MEMORY WRITE beat=107 addr=11923ac8 data=f1ef3a20c90c1b9e id=14
[1155000] MASTER 1 W_VALID_RDY Handshake beat=108 wlast=0
[1165000] MASTER 1 W_VALID_RDY Handshake beat=109 wlast=0
[1165000] S1 MEMORY WRITE beat=108 addr=11923ad8 data=d96c8e73ff3c85b6 id=14
[1175000] S1 MEMORY WRITE beat=109 addr=11923ae8 data=e511f7489b4e4582 id=14
[1175000] MASTER 1 W_VALID_RDY Handshake beat=110 wlast=0
[1185000] MASTER 1 W_VALID_RDY Handshake beat=111 wlast=0
[1185000] S1 MEMORY WRITE beat=110 addr=11923af8 data=e45a61212414e5e8 id=14
[1195000] S1 MEMORY WRITE beat=111 addr=11923b08 data=a3516b9ed7013168 id=14
[1195000] MASTER 1 W_VALID_RDY Handshake beat=112 wlast=0
[1205000] MASTER 1 W_VALID_RDY Handshake beat=113 wlast=0
[1205000] S1 MEMORY WRITE beat=112 addr=11923b18 data=f24f76eb3dc6ef94 id=14
[1215000] S1 MEMORY WRITE beat=113 addr=11923b28 data=e1dbd57c086362e7 id=14
[1215000] MASTER 1 W_VALID_RDY Handshake beat=114 wlast=0
[1225000] MASTER 1 W_VALID_RDY Handshake beat=115 wlast=0
[1225000] S1 MEMORY WRITE beat=114 addr=11923b38 data=df64944fd6a9d80c id=14
[1235000] S1 MEMORY WRITE beat=115 addr=11923b48 data=1470c7a0852d411a id=14
[1235000] MASTER 1 W_VALID_RDY Handshake beat=116 wlast=0
[1245000] MASTER 1 W_VALID_RDY Handshake beat=117 wlast=0
[1245000] S1 MEMORY WRITE beat=116 addr=11923b58 data=8d90a401d1b40b3a id=14
[1255000] S1 MEMORY WRITE beat=117 addr=11923b68 data=a85de346f64c9d1c id=14
[1255000] MASTER 1 W_VALID_RDY Handshake beat=118 wlast=0
[1265000] MASTER 1 W_VALID_RDY Handshake beat=119 wlast=0
[1265000] S1 MEMORY WRITE beat=118 addr=11923b78 data=fb79de36ecf53851 id=14
[1275000] S1 MEMORY WRITE beat=119 addr=11923b88 data=bea9438bbcceaae6 id=14
[1275000] MASTER 1 W_VALID_RDY Handshake beat=120 wlast=0
[1285000] MASTER 1 W_VALID_RDY Handshake beat=121 wlast=0
[1285000] S1 MEMORY WRITE beat=120 addr=11923b98 data=b31b4802090a8238 id=14
[1295000] S1 MEMORY WRITE beat=121 addr=11923ba8 data=f5ffba89e70726d2 id=14
[1295000] MASTER 1 W_VALID_RDY Handshake beat=122 wlast=0
[1305000] MASTER 1 W_VALID_RDY Handshake beat=123 wlast=0
[1305000] S1 MEMORY WRITE beat=122 addr=11923bb8 data=a3d5d1b82e952639 id=14
[1315000] S1 MEMORY WRITE beat=123 addr=11923bc8 data=379fa871b4a8fe14 id=14
[1315000] MASTER 1 W_VALID_RDY Handshake beat=124 wlast=0
[1325000] MASTER 1 W_VALID_RDY Handshake beat=125 wlast=0
[1325000] S1 MEMORY WRITE beat=124 addr=11923bd8 data=9bb024e6d6f119bb id=14
[1335000] S1 MEMORY WRITE beat=125 addr=11923be8 data=05863ff42d9f62fa id=14
[1335000] MASTER 1 W_VALID_RDY Handshake beat=126 wlast=0
[1345000] MASTER 1 W_VALID_RDY Handshake beat=127 wlast=0
[1345000] S1 MEMORY WRITE beat=126 addr=11923bf8 data=e248610e3f85f69f id=14
[1355000] S1 MEMORY WRITE beat=127 addr=11923c08 data=1677105a3d25e865 id=14
[1355000] MASTER 1 W_VALID_RDY Handshake beat=128 wlast=0
[1365000] MASTER 1 W_VALID_RDY Handshake beat=129 wlast=0
[1365000] S1 MEMORY WRITE beat=128 addr=11923c18 data=eac54b5ffdf885f5 id=14
[1375000] S1 MEMORY WRITE beat=129 addr=11923c28 data=3d7e7c941bfd504e id=14
[1375000] MASTER 1 W_VALID_RDY Handshake beat=130 wlast=0
[1385000] MASTER 1 W_VALID_RDY Handshake beat=131 wlast=0
[1385000] S1 MEMORY WRITE beat=130 addr=11923c38 data=d92338b3cd0dac6d id=14
[1395000] S1 MEMORY WRITE beat=131 addr=11923c48 data=cb063262d3f58cee id=14
[1395000] MASTER 1 W_VALID_RDY Handshake beat=132 wlast=0
[1405000] MASTER 1 W_VALID_RDY Handshake beat=133 wlast=0
[1405000] S1 MEMORY WRITE beat=132 addr=11923c58 data=eff2dd3cc3e88412 id=14
[1415000] S1 MEMORY WRITE beat=133 addr=11923c68 data=90f6307f8884aef6 id=14
[1415000] MASTER 1 W_VALID_RDY Handshake beat=134 wlast=0
[1425000] MASTER 1 W_VALID_RDY Handshake beat=135 wlast=0
[1425000] S1 MEMORY WRITE beat=134 addr=11923c78 data=dc7a3be4c91615ef id=14
[1435000] S1 MEMORY WRITE beat=135 addr=11923c88 data=0cfe9a01dbfc62e2 id=14
[1435000] MASTER 1 W_VALID_RDY Handshake beat=136 wlast=1
[1445000] S1 MEMORY WRITE beat=136 addr=11923c98 data=e48111d8cc6d1920 id=14
[1455000] SLAVE1 sent B resp, id=4
[1455000] [SLAVE MONITOR] mst_id=1 s_id=1 awaddr=11923418 awid=100 awlen=136 awsize=4 awburst=1 wdata=[318aaf70cfad4fbf d57a14eb0ec1e9a7 37b555b637503bf8 6fd8bb7acd90e05 bb9af7ace9400526 2090411edc77a0a2 8950aea7f3504d62 dc905288278dccd5 4056d77c4eba654 b83bf3b6fd2093a6 a4ae607b8d561c1e d241c27214cc463f 91ecd9e5a8b3cdf2 3609ea110a7db629 1f49fc68369b3a61 df4f0853884bac83 92c962acb136d64d e7d210ae9558f264 1da49ee8b2135f14 e34a3562c7211902 dc7a0b66b06e0194 e28160a9cb1c4610 923d5f12fa1eaa4e 2a8cabe3c5cb960b 90e7dc1beeb76a79 e8d614c70d0e0c8c d2d9a29723253b2e 11dca5a79362c0aa a070cd36e3c17eb2 86e6b9e0fab2ba6e e157b19f34a6fcd d70bee8098c35f87 137619f6ae86484f 21d0b81dddf2a860 f6b607e8218b950f d011dd5ef8dca69d d6cf4efd0a2c21de 2bb7b6edf1e2957b eabf3c18cd8556e5 d7b178c3fbc9944b edac29c7c18e8b16 8f13e1fb83692fb0 ff32c3fcd86b65df 99f9f0f5e6c55abf ea2e8a6fecdeedc3 c54a53a2290dd2f1 fd32db0e9614e6b d6403c2edf444498 8521789fa01b81f e363068b1b8a8fd1 faced46918254539 9226fd58b9a342b9 d52dd28a0320ebf2 1b46312bf58a03e3 2f2d469dcffca6f3 d31d92e5ad6d2e83 22f73267845b1927 d457c01bee63c410 1bd0f294d2247904 d67f922ba7755300 15d917113ec824fb 10ec9dffaad75246 d24ca54731aa09a5 f0722ea0e76c302a 12438271e825bc58 19cfc5fd015ecc9f e8cafcc9e49027b8 ccb5e4100a41f49d ba0c13cfb0e7f3a df9ea6f2e685aa0d f0c79eaaf46bbe05 ef7a3d40ac548b02 92da350ffc685fe6 f0d41debcf18e432 fb6d6f3583a1d3b9 800a339fe04e5b2b 2f673f5e8e47a444 11e977fef0de518b d12cacb62ad4ae93 b91c52d791f3ab9d 82d1fd288093ec14 ab689aa7cb05cad5 dcf97673d3fea9df d49295f3e484ed7f af8ab854dfcb739b b3ca1d7afffb309b e4801e1a8c842ec7 ec4fa263085cb36e 857e409940ad66e 208f0536a019bfdd a876734becd80223 80e2d8910cdea799 acf86776b0ce5754 9da65977a171ddc7 ae508560d56edac2 863d32161e893209 bffb0fd0db48ecd7 30b7c79923e38b8e c26cbd97ee4b9531 c9948208b6f4f9af dad8853d8267cd67 f0b36298fa4c49a1 b14143509d4542d4 1fad103cba47e4a0 b4942e410c19c88e a95f0b62906072d4 caa85775e5d57192 f1ef3a20c90c1b9e d96c8e73ff3c85b6 e511f7489b4e4582 e45a61212414e5e8 a3516b9ed7013168 f24f76eb3dc6ef94 e1dbd57c086362e7 df64944fd6a9d80c 1470c7a0852d411a 8d90a401d1b40b3a a85de346f64c9d1c fb79de36ecf53851 bea9438bbcceaae6 b31b4802090a8238 f5ffba89e70726d2 a3d5d1b82e952639 379fa871b4a8fe14 9bb024e6d6f119bb 5863ff42d9f62fa e248610e3f85f69f 1677105a3d25e865 eac54b5ffdf885f5 3d7e7c941bfd504e d92338b3cd0dac6d cb063262d3f58cee eff2dd3cc3e88412 90f6307f8884aef6 dc7a3be4c91615ef cfe9a01dbfc62e2 e48111d8cc6d1920 ] wstrb=[80 f bd 62 10 dd 3b 91 ed f8 f3 fd d5 2e 8e c2 26 82 c0 fc b0 4e be d7 d0 7e d3 81 cd 91 58 9d 10 2b 1e dd bc 76 7a cc a1 99 a9 5e f 24 2a b1 bd d4 f cc f8 39 7d b5 d 8c 81 5 c6 ff ba d3 8b 3c d9 51 3b 93 25 c6 cf fe 18 a 91 3d d1 61 3b e9 6b cc 26 3c 2d 61 25 99 2d 4b d5 5b ac fb f4 da 46 c9 35 f3 c4 29 cd b f2 2 fe b7 2b cb c2 1d cd c0 d4 f8 8b 96 15 58 56 ea 50 e1 80 65 39 d7 4f 89 b8 d0 ef f2 a7 ] bresp=0 bid=10100
[1475000] MASTER 1 B_VALID_RDY Handshake
[1475000] [MASTER MONITOR] mst_id=1 s_id=1 awaddr=11923418 awid=100 awlen=136 awsize=4 awburst=1 wdata=[318aaf70cfad4fbf d57a14eb0ec1e9a7 37b555b637503bf8 6fd8bb7acd90e05 bb9af7ace9400526 2090411edc77a0a2 8950aea7f3504d62 dc905288278dccd5 4056d77c4eba654 b83bf3b6fd2093a6 a4ae607b8d561c1e d241c27214cc463f 91ecd9e5a8b3cdf2 3609ea110a7db629 1f49fc68369b3a61 df4f0853884bac83 92c962acb136d64d e7d210ae9558f264 1da49ee8b2135f14 e34a3562c7211902 dc7a0b66b06e0194 e28160a9cb1c4610 923d5f12fa1eaa4e 2a8cabe3c5cb960b 90e7dc1beeb76a79 e8d614c70d0e0c8c d2d9a29723253b2e 11dca5a79362c0aa a070cd36e3c17eb2 86e6b9e0fab2ba6e e157b19f34a6fcd d70bee8098c35f87 137619f6ae86484f 21d0b81dddf2a860 f6b607e8218b950f d011dd5ef8dca69d d6cf4efd0a2c21de 2bb7b6edf1e2957b eabf3c18cd8556e5 d7b178c3fbc9944b edac29c7c18e8b16 8f13e1fb83692fb0 ff32c3fcd86b65df 99f9f0f5e6c55abf ea2e8a6fecdeedc3 c54a53a2290dd2f1 fd32db0e9614e6b d6403c2edf444498 8521789fa01b81f e363068b1b8a8fd1 faced46918254539 9226fd58b9a342b9 d52dd28a0320ebf2 1b46312bf58a03e3 2f2d469dcffca6f3 d31d92e5ad6d2e83 22f73267845b1927 d457c01bee63c410 1bd0f294d2247904 d67f922ba7755300 15d917113ec824fb 10ec9dffaad75246 d24ca54731aa09a5 f0722ea0e76c302a 12438271e825bc58 19cfc5fd015ecc9f e8cafcc9e49027b8 ccb5e4100a41f49d ba0c13cfb0e7f3a df9ea6f2e685aa0d f0c79eaaf46bbe05 ef7a3d40ac548b02 92da350ffc685fe6 f0d41debcf18e432 fb6d6f3583a1d3b9 800a339fe04e5b2b 2f673f5e8e47a444 11e977fef0de518b d12cacb62ad4ae93 b91c52d791f3ab9d 82d1fd288093ec14 ab689aa7cb05cad5 dcf97673d3fea9df d49295f3e484ed7f af8ab854dfcb739b b3ca1d7afffb309b e4801e1a8c842ec7 ec4fa263085cb36e 857e409940ad66e 208f0536a019bfdd a876734becd80223 80e2d8910cdea799 acf86776b0ce5754 9da65977a171ddc7 ae508560d56edac2 863d32161e893209 bffb0fd0db48ecd7 30b7c79923e38b8e c26cbd97ee4b9531 c9948208b6f4f9af dad8853d8267cd67 f0b36298fa4c49a1 b14143509d4542d4 1fad103cba47e4a0 b4942e410c19c88e a95f0b62906072d4 caa85775e5d57192 f1ef3a20c90c1b9e d96c8e73ff3c85b6 e511f7489b4e4582 e45a61212414e5e8 a3516b9ed7013168 f24f76eb3dc6ef94 e1dbd57c086362e7 df64944fd6a9d80c 1470c7a0852d411a 8d90a401d1b40b3a a85de346f64c9d1c fb79de36ecf53851 bea9438bbcceaae6 b31b4802090a8238 f5ffba89e70726d2 a3d5d1b82e952639 379fa871b4a8fe14 9bb024e6d6f119bb 5863ff42d9f62fa e248610e3f85f69f 1677105a3d25e865 eac54b5ffdf885f5 3d7e7c941bfd504e d92338b3cd0dac6d cb063262d3f58cee eff2dd3cc3e88412 90f6307f8884aef6 dc7a3be4c91615ef cfe9a01dbfc62e2 e48111d8cc6d1920 ] wstrb=[80 f bd 62 10 dd 3b 91 ed f8 f3 fd d5 2e 8e c2 26 82 c0 fc b0 4e be d7 d0 7e d3 81 cd 91 58 9d 10 2b 1e dd bc 76 7a cc a1 99 a9 5e f 24 2a b1 bd d4 f cc f8 39 7d b5 d 8c 81 5 c6 ff ba d3 8b 3c d9 51 3b 93 25 c6 cf fe 18 a 91 3d d1 61 3b e9 6b cc 26 3c 2d 61 25 99 2d 4b d5 5b ac fb f4 da 46 c9 35 f3 c4 29 cd b f2 2 fe b7 2b cb c2 1d cd c0 d4 f8 8b 96 15 58 56 ea 50 e1 80 65 39 d7 4f 89 b8 d0 ef f2 a7 ] bresp=0 bid=100
[1475000] MASTER 1 RECEIVED BRESP. BRESP=0
[1475000] [MASTER DRIVER] mst_id=1 s_id=0 awaddr=11923418 awid=100 awlen=136 awsize=4 awburst=1 wdata=[318aaf70cfad4fbf d57a14eb0ec1e9a7 37b555b637503bf8 6fd8bb7acd90e05 bb9af7ace9400526 2090411edc77a0a2 8950aea7f3504d62 dc905288278dccd5 4056d77c4eba654 b83bf3b6fd2093a6 a4ae607b8d561c1e d241c27214cc463f 91ecd9e5a8b3cdf2 3609ea110a7db629 1f49fc68369b3a61 df4f0853884bac83 92c962acb136d64d e7d210ae9558f264 1da49ee8b2135f14 e34a3562c7211902 dc7a0b66b06e0194 e28160a9cb1c4610 923d5f12fa1eaa4e 2a8cabe3c5cb960b 90e7dc1beeb76a79 e8d614c70d0e0c8c d2d9a29723253b2e 11dca5a79362c0aa a070cd36e3c17eb2 86e6b9e0fab2ba6e e157b19f34a6fcd d70bee8098c35f87 137619f6ae86484f 21d0b81dddf2a860 f6b607e8218b950f d011dd5ef8dca69d d6cf4efd0a2c21de 2bb7b6edf1e2957b eabf3c18cd8556e5 d7b178c3fbc9944b edac29c7c18e8b16 8f13e1fb83692fb0 ff32c3fcd86b65df 99f9f0f5e6c55abf ea2e8a6fecdeedc3 c54a53a2290dd2f1 fd32db0e9614e6b d6403c2edf444498 8521789fa01b81f e363068b1b8a8fd1 faced46918254539 9226fd58b9a342b9 d52dd28a0320ebf2 1b46312bf58a03e3 2f2d469dcffca6f3 d31d92e5ad6d2e83 22f73267845b1927 d457c01bee63c410 1bd0f294d2247904 d67f922ba7755300 15d917113ec824fb 10ec9dffaad75246 d24ca54731aa09a5 f0722ea0e76c302a 12438271e825bc58 19cfc5fd015ecc9f e8cafcc9e49027b8 ccb5e4100a41f49d ba0c13cfb0e7f3a df9ea6f2e685aa0d f0c79eaaf46bbe05 ef7a3d40ac548b02 92da350ffc685fe6 f0d41debcf18e432 fb6d6f3583a1d3b9 800a339fe04e5b2b 2f673f5e8e47a444 11e977fef0de518b d12cacb62ad4ae93 b91c52d791f3ab9d 82d1fd288093ec14 ab689aa7cb05cad5 dcf97673d3fea9df d49295f3e484ed7f af8ab854dfcb739b b3ca1d7afffb309b e4801e1a8c842ec7 ec4fa263085cb36e 857e409940ad66e 208f0536a019bfdd a876734becd80223 80e2d8910cdea799 acf86776b0ce5754 9da65977a171ddc7 ae508560d56edac2 863d32161e893209 bffb0fd0db48ecd7 30b7c79923e38b8e c26cbd97ee4b9531 c9948208b6f4f9af dad8853d8267cd67 f0b36298fa4c49a1 b14143509d4542d4 1fad103cba47e4a0 b4942e410c19c88e a95f0b62906072d4 caa85775e5d57192 f1ef3a20c90c1b9e d96c8e73ff3c85b6 e511f7489b4e4582 e45a61212414e5e8 a3516b9ed7013168 f24f76eb3dc6ef94 e1dbd57c086362e7 df64944fd6a9d80c 1470c7a0852d411a 8d90a401d1b40b3a a85de346f64c9d1c fb79de36ecf53851 bea9438bbcceaae6 b31b4802090a8238 f5ffba89e70726d2 a3d5d1b82e952639 379fa871b4a8fe14 9bb024e6d6f119bb 5863ff42d9f62fa e248610e3f85f69f 1677105a3d25e865 eac54b5ffdf885f5 3d7e7c941bfd504e d92338b3cd0dac6d cb063262d3f58cee eff2dd3cc3e88412 90f6307f8884aef6 dc7a3be4c91615ef cfe9a01dbfc62e2 e48111d8cc6d1920 ] wstrb=[80 f bd 62 10 dd 3b 91 ed f8 f3 fd d5 2e 8e c2 26 82 c0 fc b0 4e be d7 d0 7e d3 81 cd 91 58 9d 10 2b 1e dd bc 76 7a cc a1 99 a9 5e f 24 2a b1 bd d4 f cc f8 39 7d b5 d 8c 81 5 c6 ff ba d3 8b 3c d9 51 3b 93 25 c6 cf fe 18 a 91 3d d1 61 3b e9 6b cc 26 3c 2d 61 25 99 2d 4b d5 5b ac fb f4 da 46 c9 35 f3 c4 29 cd b f2 2 fe b7 2b cb c2 1d cd c0 d4 f8 8b 96 15 58 56 ea 50 e1 80 65 39 d7 4f 89 b8 d0 ef f2 a7 ] bresp=0 bid=100
[1475000] SCOREBOARD MATCH: decode_err expected = 0, actual =0
[1475000] SCOREBOARD MATCH: slave_id expected = 1, actual =1
[1475000] SCOREBOARD MATCH: awaddr passthrough expected = 11923418, actual =11923418
[1475000] SCOREBOARD MATCH: awlen passthrough expected = 136, actual =136
[1475000] SCOREBOARD MATCH: awsize passthrough expected = 4, actual =4
[1475000] SCOREBOARD MATCH: awburst passthrough expected = 1, actual =1
[1475000] SCOREBOARD MATCH: wdata size check expected = 89, actual =89
[1475000] SCOREBOARD MATCH: wdata passthrough beat=0 expected = 318aaf70cfad4fbf, actual =318aaf70cfad4fbf
[1475000] SCOREBOARD MATCH: wdata passthrough beat=1 expected = d57a14eb0ec1e9a7, actual =d57a14eb0ec1e9a7
[1475000] SCOREBOARD MATCH: wdata passthrough beat=2 expected = 37b555b637503bf8, actual =37b555b637503bf8
[1475000] SCOREBOARD MATCH: wdata passthrough beat=3 expected = 6fd8bb7acd90e05, actual =6fd8bb7acd90e05
[1475000] SCOREBOARD MATCH: wdata passthrough beat=4 expected = bb9af7ace9400526, actual =bb9af7ace9400526
[1475000] SCOREBOARD MATCH: wdata passthrough beat=5 expected = 2090411edc77a0a2, actual =2090411edc77a0a2
[1475000] SCOREBOARD MATCH: wdata passthrough beat=6 expected = 8950aea7f3504d62, actual =8950aea7f3504d62
[1475000] SCOREBOARD MATCH: wdata passthrough beat=7 expected = dc905288278dccd5, actual =dc905288278dccd5
[1475000] SCOREBOARD MATCH: wdata passthrough beat=8 expected = 4056d77c4eba654, actual =4056d77c4eba654
[1475000] SCOREBOARD MATCH: wdata passthrough beat=9 expected = b83bf3b6fd2093a6, actual =b83bf3b6fd2093a6
[1475000] SCOREBOARD MATCH: wdata passthrough beat=10 expected = a4ae607b8d561c1e, actual =a4ae607b8d561c1e
[1475000] SCOREBOARD MATCH: wdata passthrough beat=11 expected = d241c27214cc463f, actual =d241c27214cc463f
[1475000] SCOREBOARD MATCH: wdata passthrough beat=12 expected = 91ecd9e5a8b3cdf2, actual =91ecd9e5a8b3cdf2
[1475000] SCOREBOARD MATCH: wdata passthrough beat=13 expected = 3609ea110a7db629, actual =3609ea110a7db629
[1475000] SCOREBOARD MATCH: wdata passthrough beat=14 expected = 1f49fc68369b3a61, actual =1f49fc68369b3a61
[1475000] SCOREBOARD MATCH: wdata passthrough beat=15 expected = df4f0853884bac83, actual =df4f0853884bac83
[1475000] SCOREBOARD MATCH: wdata passthrough beat=16 expected = 92c962acb136d64d, actual =92c962acb136d64d
[1475000] SCOREBOARD MATCH: wdata passthrough beat=17 expected = e7d210ae9558f264, actual =e7d210ae9558f264
[1475000] SCOREBOARD MATCH: wdata passthrough beat=18 expected = 1da49ee8b2135f14, actual =1da49ee8b2135f14
[1475000] SCOREBOARD MATCH: wdata passthrough beat=19 expected = e34a3562c7211902, actual =e34a3562c7211902
[1475000] SCOREBOARD MATCH: wdata passthrough beat=20 expected = dc7a0b66b06e0194, actual =dc7a0b66b06e0194
[1475000] SCOREBOARD MATCH: wdata passthrough beat=21 expected = e28160a9cb1c4610, actual =e28160a9cb1c4610
[1475000] SCOREBOARD MATCH: wdata passthrough beat=22 expected = 923d5f12fa1eaa4e, actual =923d5f12fa1eaa4e
[1475000] SCOREBOARD MATCH: wdata passthrough beat=23 expected = 2a8cabe3c5cb960b, actual =2a8cabe3c5cb960b
[1475000] SCOREBOARD MATCH: wdata passthrough beat=24 expected = 90e7dc1beeb76a79, actual =90e7dc1beeb76a79
[1475000] SCOREBOARD MATCH: wdata passthrough beat=25 expected = e8d614c70d0e0c8c, actual =e8d614c70d0e0c8c
[1475000] SCOREBOARD MATCH: wdata passthrough beat=26 expected = d2d9a29723253b2e, actual =d2d9a29723253b2e
[1475000] SCOREBOARD MATCH: wdata passthrough beat=27 expected = 11dca5a79362c0aa, actual =11dca5a79362c0aa
[1475000] SCOREBOARD MATCH: wdata passthrough beat=28 expected = a070cd36e3c17eb2, actual =a070cd36e3c17eb2
[1475000] SCOREBOARD MATCH: wdata passthrough beat=29 expected = 86e6b9e0fab2ba6e, actual =86e6b9e0fab2ba6e
[1475000] SCOREBOARD MATCH: wdata passthrough beat=30 expected = e157b19f34a6fcd, actual =e157b19f34a6fcd
[1475000] SCOREBOARD MATCH: wdata passthrough beat=31 expected = d70bee8098c35f87, actual =d70bee8098c35f87
[1475000] SCOREBOARD MATCH: wdata passthrough beat=32 expected = 137619f6ae86484f, actual =137619f6ae86484f
[1475000] SCOREBOARD MATCH: wdata passthrough beat=33 expected = 21d0b81dddf2a860, actual =21d0b81dddf2a860
[1475000] SCOREBOARD MATCH: wdata passthrough beat=34 expected = f6b607e8218b950f, actual =f6b607e8218b950f
[1475000] SCOREBOARD MATCH: wdata passthrough beat=35 expected = d011dd5ef8dca69d, actual =d011dd5ef8dca69d
[1475000] SCOREBOARD MATCH: wdata passthrough beat=36 expected = d6cf4efd0a2c21de, actual =d6cf4efd0a2c21de
[1475000] SCOREBOARD MATCH: wdata passthrough beat=37 expected = 2bb7b6edf1e2957b, actual =2bb7b6edf1e2957b
[1475000] SCOREBOARD MATCH: wdata passthrough beat=38 expected = eabf3c18cd8556e5, actual =eabf3c18cd8556e5
[1475000] SCOREBOARD MATCH: wdata passthrough beat=39 expected = d7b178c3fbc9944b, actual =d7b178c3fbc9944b
[1475000] SCOREBOARD MATCH: wdata passthrough beat=40 expected = edac29c7c18e8b16, actual =edac29c7c18e8b16
[1475000] SCOREBOARD MATCH: wdata passthrough beat=41 expected = 8f13e1fb83692fb0, actual =8f13e1fb83692fb0
[1475000] SCOREBOARD MATCH: wdata passthrough beat=42 expected = ff32c3fcd86b65df, actual =ff32c3fcd86b65df
[1475000] SCOREBOARD MATCH: wdata passthrough beat=43 expected = 99f9f0f5e6c55abf, actual =99f9f0f5e6c55abf
[1475000] SCOREBOARD MATCH: wdata passthrough beat=44 expected = ea2e8a6fecdeedc3, actual =ea2e8a6fecdeedc3
[1475000] SCOREBOARD MATCH: wdata passthrough beat=45 expected = c54a53a2290dd2f1, actual =c54a53a2290dd2f1
[1475000] SCOREBOARD MATCH: wdata passthrough beat=46 expected = fd32db0e9614e6b, actual =fd32db0e9614e6b
[1475000] SCOREBOARD MATCH: wdata passthrough beat=47 expected = d6403c2edf444498, actual =d6403c2edf444498
[1475000] SCOREBOARD MATCH: wdata passthrough beat=48 expected = 8521789fa01b81f, actual =8521789fa01b81f
[1475000] SCOREBOARD MATCH: wdata passthrough beat=49 expected = e363068b1b8a8fd1, actual =e363068b1b8a8fd1
[1475000] SCOREBOARD MATCH: wdata passthrough beat=50 expected = faced46918254539, actual =faced46918254539
[1475000] SCOREBOARD MATCH: wdata passthrough beat=51 expected = 9226fd58b9a342b9, actual =9226fd58b9a342b9
[1475000] SCOREBOARD MATCH: wdata passthrough beat=52 expected = d52dd28a0320ebf2, actual =d52dd28a0320ebf2
[1475000] SCOREBOARD MATCH: wdata passthrough beat=53 expected = 1b46312bf58a03e3, actual =1b46312bf58a03e3
[1475000] SCOREBOARD MATCH: wdata passthrough beat=54 expected = 2f2d469dcffca6f3, actual =2f2d469dcffca6f3
[1475000] SCOREBOARD MATCH: wdata passthrough beat=55 expected = d31d92e5ad6d2e83, actual =d31d92e5ad6d2e83
[1475000] SCOREBOARD MATCH: wdata passthrough beat=56 expected = 22f73267845b1927, actual =22f73267845b1927
[1475000] SCOREBOARD MATCH: wdata passthrough beat=57 expected = d457c01bee63c410, actual =d457c01bee63c410
[1475000] SCOREBOARD MATCH: wdata passthrough beat=58 expected = 1bd0f294d2247904, actual =1bd0f294d2247904
[1475000] SCOREBOARD MATCH: wdata passthrough beat=59 expected = d67f922ba7755300, actual =d67f922ba7755300
[1475000] SCOREBOARD MATCH: wdata passthrough beat=60 expected = 15d917113ec824fb, actual =15d917113ec824fb
[1475000] SCOREBOARD MATCH: wdata passthrough beat=61 expected = 10ec9dffaad75246, actual =10ec9dffaad75246
[1475000] SCOREBOARD MATCH: wdata passthrough beat=62 expected = d24ca54731aa09a5, actual =d24ca54731aa09a5
[1475000] SCOREBOARD MATCH: wdata passthrough beat=63 expected = f0722ea0e76c302a, actual =f0722ea0e76c302a
[1475000] SCOREBOARD MATCH: wdata passthrough beat=64 expected = 12438271e825bc58, actual =12438271e825bc58
[1475000] SCOREBOARD MATCH: wdata passthrough beat=65 expected = 19cfc5fd015ecc9f, actual =19cfc5fd015ecc9f
[1475000] SCOREBOARD MATCH: wdata passthrough beat=66 expected = e8cafcc9e49027b8, actual =e8cafcc9e49027b8
[1475000] SCOREBOARD MATCH: wdata passthrough beat=67 expected = ccb5e4100a41f49d, actual =ccb5e4100a41f49d
[1475000] SCOREBOARD MATCH: wdata passthrough beat=68 expected = ba0c13cfb0e7f3a, actual =ba0c13cfb0e7f3a
[1475000] SCOREBOARD MATCH: wdata passthrough beat=69 expected = df9ea6f2e685aa0d, actual =df9ea6f2e685aa0d
[1475000] SCOREBOARD MATCH: wdata passthrough beat=70 expected = f0c79eaaf46bbe05, actual =f0c79eaaf46bbe05
[1475000] SCOREBOARD MATCH: wdata passthrough beat=71 expected = ef7a3d40ac548b02, actual =ef7a3d40ac548b02
[1475000] SCOREBOARD MATCH: wdata passthrough beat=72 expected = 92da350ffc685fe6, actual =92da350ffc685fe6
[1475000] SCOREBOARD MATCH: wdata passthrough beat=73 expected = f0d41debcf18e432, actual =f0d41debcf18e432
[1475000] SCOREBOARD MATCH: wdata passthrough beat=74 expected = fb6d6f3583a1d3b9, actual =fb6d6f3583a1d3b9
[1475000] SCOREBOARD MATCH: wdata passthrough beat=75 expected = 800a339fe04e5b2b, actual =800a339fe04e5b2b
[1475000] SCOREBOARD MATCH: wdata passthrough beat=76 expected = 2f673f5e8e47a444, actual =2f673f5e8e47a444
[1475000] SCOREBOARD MATCH: wdata passthrough beat=77 expected = 11e977fef0de518b, actual =11e977fef0de518b
[1475000] SCOREBOARD MATCH: wdata passthrough beat=78 expected = d12cacb62ad4ae93, actual =d12cacb62ad4ae93
[1475000] SCOREBOARD MATCH: wdata passthrough beat=79 expected = b91c52d791f3ab9d, actual =b91c52d791f3ab9d
[1475000] SCOREBOARD MATCH: wdata passthrough beat=80 expected = 82d1fd288093ec14, actual =82d1fd288093ec14
[1475000] SCOREBOARD MATCH: wdata passthrough beat=81 expected = ab689aa7cb05cad5, actual =ab689aa7cb05cad5
[1475000] SCOREBOARD MATCH: wdata passthrough beat=82 expected = dcf97673d3fea9df, actual =dcf97673d3fea9df
[1475000] SCOREBOARD MATCH: wdata passthrough beat=83 expected = d49295f3e484ed7f, actual =d49295f3e484ed7f
[1475000] SCOREBOARD MATCH: wdata passthrough beat=84 expected = af8ab854dfcb739b, actual =af8ab854dfcb739b
[1475000] SCOREBOARD MATCH: wdata passthrough beat=85 expected = b3ca1d7afffb309b, actual =b3ca1d7afffb309b
[1475000] SCOREBOARD MATCH: wdata passthrough beat=86 expected = e4801e1a8c842ec7, actual =e4801e1a8c842ec7
[1475000] SCOREBOARD MATCH: wdata passthrough beat=87 expected = ec4fa263085cb36e, actual =ec4fa263085cb36e
[1475000] SCOREBOARD MATCH: wdata passthrough beat=88 expected = 857e409940ad66e, actual =857e409940ad66e
[1475000] SCOREBOARD MATCH: wdata passthrough beat=89 expected = 208f0536a019bfdd, actual =208f0536a019bfdd
[1475000] SCOREBOARD MATCH: wdata passthrough beat=90 expected = a876734becd80223, actual =a876734becd80223
[1475000] SCOREBOARD MATCH: wdata passthrough beat=91 expected = 80e2d8910cdea799, actual =80e2d8910cdea799
[1475000] SCOREBOARD MATCH: wdata passthrough beat=92 expected = acf86776b0ce5754, actual =acf86776b0ce5754
[1475000] SCOREBOARD MATCH: wdata passthrough beat=93 expected = 9da65977a171ddc7, actual =9da65977a171ddc7
[1475000] SCOREBOARD MATCH: wdata passthrough beat=94 expected = ae508560d56edac2, actual =ae508560d56edac2
[1475000] SCOREBOARD MATCH: wdata passthrough beat=95 expected = 863d32161e893209, actual =863d32161e893209
[1475000] SCOREBOARD MATCH: wdata passthrough beat=96 expected = bffb0fd0db48ecd7, actual =bffb0fd0db48ecd7
[1475000] SCOREBOARD MATCH: wdata passthrough beat=97 expected = 30b7c79923e38b8e, actual =30b7c79923e38b8e
[1475000] SCOREBOARD MATCH: wdata passthrough beat=98 expected = c26cbd97ee4b9531, actual =c26cbd97ee4b9531
[1475000] SCOREBOARD MATCH: wdata passthrough beat=99 expected = c9948208b6f4f9af, actual =c9948208b6f4f9af
[1475000] SCOREBOARD MATCH: wdata passthrough beat=100 expected = dad8853d8267cd67, actual =dad8853d8267cd67
[1475000] SCOREBOARD MATCH: wdata passthrough beat=101 expected = f0b36298fa4c49a1, actual =f0b36298fa4c49a1
[1475000] SCOREBOARD MATCH: wdata passthrough beat=102 expected = b14143509d4542d4, actual =b14143509d4542d4
[1475000] SCOREBOARD MATCH: wdata passthrough beat=103 expected = 1fad103cba47e4a0, actual =1fad103cba47e4a0
[1475000] SCOREBOARD MATCH: wdata passthrough beat=104 expected = b4942e410c19c88e, actual =b4942e410c19c88e
[1475000] SCOREBOARD MATCH: wdata passthrough beat=105 expected = a95f0b62906072d4, actual =a95f0b62906072d4
[1475000] SCOREBOARD MATCH: wdata passthrough beat=106 expected = caa85775e5d57192, actual =caa85775e5d57192
[1475000] SCOREBOARD MATCH: wdata passthrough beat=107 expected = f1ef3a20c90c1b9e, actual =f1ef3a20c90c1b9e
[1475000] SCOREBOARD MATCH: wdata passthrough beat=108 expected = d96c8e73ff3c85b6, actual =d96c8e73ff3c85b6
[1475000] SCOREBOARD MATCH: wdata passthrough beat=109 expected = e511f7489b4e4582, actual =e511f7489b4e4582
[1475000] SCOREBOARD MATCH: wdata passthrough beat=110 expected = e45a61212414e5e8, actual =e45a61212414e5e8
[1475000] SCOREBOARD MATCH: wdata passthrough beat=111 expected = a3516b9ed7013168, actual =a3516b9ed7013168
[1475000] SCOREBOARD MATCH: wdata passthrough beat=112 expected = f24f76eb3dc6ef94, actual =f24f76eb3dc6ef94
[1475000] SCOREBOARD MATCH: wdata passthrough beat=113 expected = e1dbd57c086362e7, actual =e1dbd57c086362e7
[1475000] SCOREBOARD MATCH: wdata passthrough beat=114 expected = df64944fd6a9d80c, actual =df64944fd6a9d80c
[1475000] SCOREBOARD MATCH: wdata passthrough beat=115 expected = 1470c7a0852d411a, actual =1470c7a0852d411a
[1475000] SCOREBOARD MATCH: wdata passthrough beat=116 expected = 8d90a401d1b40b3a, actual =8d90a401d1b40b3a
[1475000] SCOREBOARD MATCH: wdata passthrough beat=117 expected = a85de346f64c9d1c, actual =a85de346f64c9d1c
[1475000] SCOREBOARD MATCH: wdata passthrough beat=118 expected = fb79de36ecf53851, actual =fb79de36ecf53851
[1475000] SCOREBOARD MATCH: wdata passthrough beat=119 expected = bea9438bbcceaae6, actual =bea9438bbcceaae6
[1475000] SCOREBOARD MATCH: wdata passthrough beat=120 expected = b31b4802090a8238, actual =b31b4802090a8238
[1475000] SCOREBOARD MATCH: wdata passthrough beat=121 expected = f5ffba89e70726d2, actual =f5ffba89e70726d2
[1475000] SCOREBOARD MATCH: wdata passthrough beat=122 expected = a3d5d1b82e952639, actual =a3d5d1b82e952639
[1475000] SCOREBOARD MATCH: wdata passthrough beat=123 expected = 379fa871b4a8fe14, actual =379fa871b4a8fe14
[1475000] SCOREBOARD MATCH: wdata passthrough beat=124 expected = 9bb024e6d6f119bb, actual =9bb024e6d6f119bb
[1475000] SCOREBOARD MATCH: wdata passthrough beat=125 expected = 5863ff42d9f62fa, actual =5863ff42d9f62fa
[1475000] SCOREBOARD MATCH: wdata passthrough beat=126 expected = e248610e3f85f69f, actual =e248610e3f85f69f
[1475000] SCOREBOARD MATCH: wdata passthrough beat=127 expected = 1677105a3d25e865, actual =1677105a3d25e865
[1475000] SCOREBOARD MATCH: wdata passthrough beat=128 expected = eac54b5ffdf885f5, actual =eac54b5ffdf885f5
[1475000] SCOREBOARD MATCH: wdata passthrough beat=129 expected = 3d7e7c941bfd504e, actual =3d7e7c941bfd504e
[1475000] SCOREBOARD MATCH: wdata passthrough beat=130 expected = d92338b3cd0dac6d, actual =d92338b3cd0dac6d
[1475000] SCOREBOARD MATCH: wdata passthrough beat=131 expected = cb063262d3f58cee, actual =cb063262d3f58cee
[1475000] SCOREBOARD MATCH: wdata passthrough beat=132 expected = eff2dd3cc3e88412, actual =eff2dd3cc3e88412
[1475000] SCOREBOARD MATCH: wdata passthrough beat=133 expected = 90f6307f8884aef6, actual =90f6307f8884aef6
[1475000] SCOREBOARD MATCH: wdata passthrough beat=134 expected = dc7a3be4c91615ef, actual =dc7a3be4c91615ef
[1475000] SCOREBOARD MATCH: wdata passthrough beat=135 expected = cfe9a01dbfc62e2, actual =cfe9a01dbfc62e2
[1475000] SCOREBOARD MATCH: wdata passthrough beat=136 expected = e48111d8cc6d1920, actual =e48111d8cc6d1920
[1475000] SCOREBOARD MATCH: wstrb size check expected = 89, actual =89
[1475000] SCOREBOARD MATCH: wstrb passthrough beat=0 expected = 80, actual =80
[1475000] SCOREBOARD MATCH: wstrb passthrough beat=1 expected = f, actual =f
[1475000] SCOREBOARD MATCH: wstrb passthrough beat=2 expected = bd, actual =bd
[1475000] SCOREBOARD MATCH: wstrb passthrough beat=3 expected = 62, actual =62
[1475000] SCOREBOARD MATCH: wstrb passthrough beat=4 expected = 10, actual =10
[1475000] SCOREBOARD MATCH: wstrb passthrough beat=5 expected = dd, actual =dd
[1475000] SCOREBOARD MATCH: wstrb passthrough beat=6 expected = 3b, actual =3b
[1475000] SCOREBOARD MATCH: wstrb passthrough beat=7 expected = 91, actual =91
[1475000] SCOREBOARD MATCH: wstrb passthrough beat=8 expected = ed, actual =ed
[1475000] SCOREBOARD MATCH: wstrb passthrough beat=9 expected = f8, actual =f8
[1475000] SCOREBOARD MATCH: wstrb passthrough beat=10 expected = f3, actual =f3
[1475000] SCOREBOARD MATCH: wstrb passthrough beat=11 expected = fd, actual =fd
[1475000] SCOREBOARD MATCH: wstrb passthrough beat=12 expected = d5, actual =d5
[1475000] SCOREBOARD MATCH: wstrb passthrough beat=13 expected = 2e, actual =2e
[1475000] SCOREBOARD MATCH: wstrb passthrough beat=14 expected = 8e, actual =8e
[1475000] SCOREBOARD MATCH: wstrb passthrough beat=15 expected = c2, actual =c2
[1475000] SCOREBOARD MATCH: wstrb passthrough beat=16 expected = 26, actual =26
[1475000] SCOREBOARD MATCH: wstrb passthrough beat=17 expected = 82, actual =82
[1475000] SCOREBOARD MATCH: wstrb passthrough beat=18 expected = c0, actual =c0
[1475000] SCOREBOARD MATCH: wstrb passthrough beat=19 expected = fc, actual =fc
[1475000] SCOREBOARD MATCH: wstrb passthrough beat=20 expected = b0, actual =b0
[1475000] SCOREBOARD MATCH: wstrb passthrough beat=21 expected = 4e, actual =4e
[1475000] SCOREBOARD MATCH: wstrb passthrough beat=22 expected = be, actual =be
[1475000] SCOREBOARD MATCH: wstrb passthrough beat=23 expected = d7, actual =d7
[1475000] SCOREBOARD MATCH: wstrb passthrough beat=24 expected = d0, actual =d0
[1475000] SCOREBOARD MATCH: wstrb passthrough beat=25 expected = 7e, actual =7e
[1475000] SCOREBOARD MATCH: wstrb passthrough beat=26 expected = d3, actual =d3
[1475000] SCOREBOARD MATCH: wstrb passthrough beat=27 expected = 81, actual =81
[1475000] SCOREBOARD MATCH: wstrb passthrough beat=28 expected = cd, actual =cd
[1475000] SCOREBOARD MATCH: wstrb passthrough beat=29 expected = 91, actual =91
[1475000] SCOREBOARD MATCH: wstrb passthrough beat=30 expected = 58, actual =58
[1475000] SCOREBOARD MATCH: wstrb passthrough beat=31 expected = 9d, actual =9d
[1475000] SCOREBOARD MATCH: wstrb passthrough beat=32 expected = 10, actual =10
[1475000] SCOREBOARD MATCH: wstrb passthrough beat=33 expected = 2b, actual =2b
[1475000] SCOREBOARD MATCH: wstrb passthrough beat=34 expected = 1e, actual =1e
[1475000] SCOREBOARD MATCH: wstrb passthrough beat=35 expected = dd, actual =dd
[1475000] SCOREBOARD MATCH: wstrb passthrough beat=36 expected = bc, actual =bc
[1475000] SCOREBOARD MATCH: wstrb passthrough beat=37 expected = 76, actual =76
[1475000] SCOREBOARD MATCH: wstrb passthrough beat=38 expected = 7a, actual =7a
[1475000] SCOREBOARD MATCH: wstrb passthrough beat=39 expected = cc, actual =cc
[1475000] SCOREBOARD MATCH: wstrb passthrough beat=40 expected = a1, actual =a1
[1475000] SCOREBOARD MATCH: wstrb passthrough beat=41 expected = 99, actual =99
[1475000] SCOREBOARD MATCH: wstrb passthrough beat=42 expected = a9, actual =a9
[1475000] SCOREBOARD MATCH: wstrb passthrough beat=43 expected = 5e, actual =5e
[1475000] SCOREBOARD MATCH: wstrb passthrough beat=44 expected = f, actual =f
[1475000] SCOREBOARD MATCH: wstrb passthrough beat=45 expected = 24, actual =24
[1475000] SCOREBOARD MATCH: wstrb passthrough beat=46 expected = 2a, actual =2a
[1475000] SCOREBOARD MATCH: wstrb passthrough beat=47 expected = b1, actual =b1
[1475000] SCOREBOARD MATCH: wstrb passthrough beat=48 expected = bd, actual =bd
[1475000] SCOREBOARD MATCH: wstrb passthrough beat=49 expected = d4, actual =d4
[1475000] SCOREBOARD MATCH: wstrb passthrough beat=50 expected = f, actual =f
[1475000] SCOREBOARD MATCH: wstrb passthrough beat=51 expected = cc, actual =cc
[1475000] SCOREBOARD MATCH: wstrb passthrough beat=52 expected = f8, actual =f8
[1475000] SCOREBOARD MATCH: wstrb passthrough beat=53 expected = 39, actual =39
[1475000] SCOREBOARD MATCH: wstrb passthrough beat=54 expected = 7d, actual =7d
[1475000] SCOREBOARD MATCH: wstrb passthrough beat=55 expected = b5, actual =b5
[1475000] SCOREBOARD MATCH: wstrb passthrough beat=56 expected = d, actual =d
[1475000] SCOREBOARD MATCH: wstrb passthrough beat=57 expected = 8c, actual =8c
[1475000] SCOREBOARD MATCH: wstrb passthrough beat=58 expected = 81, actual =81
[1475000] SCOREBOARD MATCH: wstrb passthrough beat=59 expected = 5, actual =5
[1475000] SCOREBOARD MATCH: wstrb passthrough beat=60 expected = c6, actual =c6
[1475000] SCOREBOARD MATCH: wstrb passthrough beat=61 expected = ff, actual =ff
[1475000] SCOREBOARD MATCH: wstrb passthrough beat=62 expected = ba, actual =ba
[1475000] SCOREBOARD MATCH: wstrb passthrough beat=63 expected = d3, actual =d3
[1475000] SCOREBOARD MATCH: wstrb passthrough beat=64 expected = 8b, actual =8b
[1475000] SCOREBOARD MATCH: wstrb passthrough beat=65 expected = 3c, actual =3c
[1475000] SCOREBOARD MATCH: wstrb passthrough beat=66 expected = d9, actual =d9
[1475000] SCOREBOARD MATCH: wstrb passthrough beat=67 expected = 51, actual =51
[1475000] SCOREBOARD MATCH: wstrb passthrough beat=68 expected = 3b, actual =3b
[1475000] SCOREBOARD MATCH: wstrb passthrough beat=69 expected = 93, actual =93
[1475000] SCOREBOARD MATCH: wstrb passthrough beat=70 expected = 25, actual =25
[1475000] SCOREBOARD MATCH: wstrb passthrough beat=71 expected = c6, actual =c6
[1475000] SCOREBOARD MATCH: wstrb passthrough beat=72 expected = cf, actual =cf
[1475000] SCOREBOARD MATCH: wstrb passthrough beat=73 expected = fe, actual =fe
[1475000] SCOREBOARD MATCH: wstrb passthrough beat=74 expected = 18, actual =18
[1475000] SCOREBOARD MATCH: wstrb passthrough beat=75 expected = a, actual =a
[1475000] SCOREBOARD MATCH: wstrb passthrough beat=76 expected = 91, actual =91
[1475000] SCOREBOARD MATCH: wstrb passthrough beat=77 expected = 3d, actual =3d
[1475000] SCOREBOARD MATCH: wstrb passthrough beat=78 expected = d1, actual =d1
[1475000] SCOREBOARD MATCH: wstrb passthrough beat=79 expected = 61, actual =61
[1475000] SCOREBOARD MATCH: wstrb passthrough beat=80 expected = 3b, actual =3b
[1475000] SCOREBOARD MATCH: wstrb passthrough beat=81 expected = e9, actual =e9
[1475000] SCOREBOARD MATCH: wstrb passthrough beat=82 expected = 6b, actual =6b
[1475000] SCOREBOARD MATCH: wstrb passthrough beat=83 expected = cc, actual =cc
[1475000] SCOREBOARD MATCH: wstrb passthrough beat=84 expected = 26, actual =26
[1475000] SCOREBOARD MATCH: wstrb passthrough beat=85 expected = 3c, actual =3c
[1475000] SCOREBOARD MATCH: wstrb passthrough beat=86 expected = 2d, actual =2d
[1475000] SCOREBOARD MATCH: wstrb passthrough beat=87 expected = 61, actual =61
[1475000] SCOREBOARD MATCH: wstrb passthrough beat=88 expected = 25, actual =25
[1475000] SCOREBOARD MATCH: wstrb passthrough beat=89 expected = 99, actual =99
[1475000] SCOREBOARD MATCH: wstrb passthrough beat=90 expected = 2d, actual =2d
[1475000] SCOREBOARD MATCH: wstrb passthrough beat=91 expected = 4b, actual =4b
[1475000] SCOREBOARD MATCH: wstrb passthrough beat=92 expected = d5, actual =d5
[1475000] SCOREBOARD MATCH: wstrb passthrough beat=93 expected = 5b, actual =5b
[1475000] SCOREBOARD MATCH: wstrb passthrough beat=94 expected = ac, actual =ac
[1475000] SCOREBOARD MATCH: wstrb passthrough beat=95 expected = fb, actual =fb
[1475000] SCOREBOARD MATCH: wstrb passthrough beat=96 expected = f4, actual =f4
[1475000] SCOREBOARD MATCH: wstrb passthrough beat=97 expected = da, actual =da
[1475000] SCOREBOARD MATCH: wstrb passthrough beat=98 expected = 46, actual =46
[1475000] SCOREBOARD MATCH: wstrb passthrough beat=99 expected = c9, actual =c9
[1475000] SCOREBOARD MATCH: wstrb passthrough beat=100 expected = 35, actual =35
[1475000] SCOREBOARD MATCH: wstrb passthrough beat=101 expected = f3, actual =f3
[1475000] SCOREBOARD MATCH: wstrb passthrough beat=102 expected = c4, actual =c4
[1475000] SCOREBOARD MATCH: wstrb passthrough beat=103 expected = 29, actual =29
[1475000] SCOREBOARD MATCH: wstrb passthrough beat=104 expected = cd, actual =cd
[1475000] SCOREBOARD MATCH: wstrb passthrough beat=105 expected = b, actual =b
[1475000] SCOREBOARD MATCH: wstrb passthrough beat=106 expected = f2, actual =f2
[1475000] SCOREBOARD MATCH: wstrb passthrough beat=107 expected = 2, actual =2
[1475000] SCOREBOARD MATCH: wstrb passthrough beat=108 expected = fe, actual =fe
[1475000] SCOREBOARD MATCH: wstrb passthrough beat=109 expected = b7, actual =b7
[1475000] SCOREBOARD MATCH: wstrb passthrough beat=110 expected = 2b, actual =2b
[1475000] SCOREBOARD MATCH: wstrb passthrough beat=111 expected = cb, actual =cb
[1475000] SCOREBOARD MATCH: wstrb passthrough beat=112 expected = c2, actual =c2
[1475000] SCOREBOARD MATCH: wstrb passthrough beat=113 expected = 1d, actual =1d
[1475000] SCOREBOARD MATCH: wstrb passthrough beat=114 expected = cd, actual =cd
[1475000] SCOREBOARD MATCH: wstrb passthrough beat=115 expected = c0, actual =c0
[1475000] SCOREBOARD MATCH: wstrb passthrough beat=116 expected = d4, actual =d4
[1475000] SCOREBOARD MATCH: wstrb passthrough beat=117 expected = f8, actual =f8
[1475000] SCOREBOARD MATCH: wstrb passthrough beat=118 expected = 8b, actual =8b
[1475000] SCOREBOARD MATCH: wstrb passthrough beat=119 expected = 96, actual =96
[1475000] SCOREBOARD MATCH: wstrb passthrough beat=120 expected = 15, actual =15
[1475000] SCOREBOARD MATCH: wstrb passthrough beat=121 expected = 58, actual =58
[1475000] SCOREBOARD MATCH: wstrb passthrough beat=122 expected = 56, actual =56
[1475000] SCOREBOARD MATCH: wstrb passthrough beat=123 expected = ea, actual =ea
[1475000] SCOREBOARD MATCH: wstrb passthrough beat=124 expected = 50, actual =50
[1475000] SCOREBOARD MATCH: wstrb passthrough beat=125 expected = e1, actual =e1
[1475000] SCOREBOARD MATCH: wstrb passthrough beat=126 expected = 80, actual =80
[1475000] SCOREBOARD MATCH: wstrb passthrough beat=127 expected = 65, actual =65
[1475000] SCOREBOARD MATCH: wstrb passthrough beat=128 expected = 39, actual =39
[1475000] SCOREBOARD MATCH: wstrb passthrough beat=129 expected = d7, actual =d7
[1475000] SCOREBOARD MATCH: wstrb passthrough beat=130 expected = 4f, actual =4f
[1475000] SCOREBOARD MATCH: wstrb passthrough beat=131 expected = 89, actual =89
[1475000] SCOREBOARD MATCH: wstrb passthrough beat=132 expected = b8, actual =b8
[1475000] SCOREBOARD MATCH: wstrb passthrough beat=133 expected = d0, actual =d0
[1475000] SCOREBOARD MATCH: wstrb passthrough beat=134 expected = ef, actual =ef
[1475000] SCOREBOARD MATCH: wstrb passthrough beat=135 expected = f2, actual =f2
[1475000] SCOREBOARD MATCH: wstrb passthrough beat=136 expected = a7, actual =a7
[1475000] SCOREBOARD MATCH: bresp passthrough expected = 0, actual =0
[1475000] SCOREBOARD MATCH: response routed to correct master (write) expected = 1, actual =1
[1475000] [SCOREBOARD-M] mst_id=1 s_id=1 awaddr=11923418 awid=100 awlen=136 awsize=4 awburst=1 wdata=[318aaf70cfad4fbf d57a14eb0ec1e9a7 37b555b637503bf8 6fd8bb7acd90e05 bb9af7ace9400526 2090411edc77a0a2 8950aea7f3504d62 dc905288278dccd5 4056d77c4eba654 b83bf3b6fd2093a6 a4ae607b8d561c1e d241c27214cc463f 91ecd9e5a8b3cdf2 3609ea110a7db629 1f49fc68369b3a61 df4f0853884bac83 92c962acb136d64d e7d210ae9558f264 1da49ee8b2135f14 e34a3562c7211902 dc7a0b66b06e0194 e28160a9cb1c4610 923d5f12fa1eaa4e 2a8cabe3c5cb960b 90e7dc1beeb76a79 e8d614c70d0e0c8c d2d9a29723253b2e 11dca5a79362c0aa a070cd36e3c17eb2 86e6b9e0fab2ba6e e157b19f34a6fcd d70bee8098c35f87 137619f6ae86484f 21d0b81dddf2a860 f6b607e8218b950f d011dd5ef8dca69d d6cf4efd0a2c21de 2bb7b6edf1e2957b eabf3c18cd8556e5 d7b178c3fbc9944b edac29c7c18e8b16 8f13e1fb83692fb0 ff32c3fcd86b65df 99f9f0f5e6c55abf ea2e8a6fecdeedc3 c54a53a2290dd2f1 fd32db0e9614e6b d6403c2edf444498 8521789fa01b81f e363068b1b8a8fd1 faced46918254539 9226fd58b9a342b9 d52dd28a0320ebf2 1b46312bf58a03e3 2f2d469dcffca6f3 d31d92e5ad6d2e83 22f73267845b1927 d457c01bee63c410 1bd0f294d2247904 d67f922ba7755300 15d917113ec824fb 10ec9dffaad75246 d24ca54731aa09a5 f0722ea0e76c302a 12438271e825bc58 19cfc5fd015ecc9f e8cafcc9e49027b8 ccb5e4100a41f49d ba0c13cfb0e7f3a df9ea6f2e685aa0d f0c79eaaf46bbe05 ef7a3d40ac548b02 92da350ffc685fe6 f0d41debcf18e432 fb6d6f3583a1d3b9 800a339fe04e5b2b 2f673f5e8e47a444 11e977fef0de518b d12cacb62ad4ae93 b91c52d791f3ab9d 82d1fd288093ec14 ab689aa7cb05cad5 dcf97673d3fea9df d49295f3e484ed7f af8ab854dfcb739b b3ca1d7afffb309b e4801e1a8c842ec7 ec4fa263085cb36e 857e409940ad66e 208f0536a019bfdd a876734becd80223 80e2d8910cdea799 acf86776b0ce5754 9da65977a171ddc7 ae508560d56edac2 863d32161e893209 bffb0fd0db48ecd7 30b7c79923e38b8e c26cbd97ee4b9531 c9948208b6f4f9af dad8853d8267cd67 f0b36298fa4c49a1 b14143509d4542d4 1fad103cba47e4a0 b4942e410c19c88e a95f0b62906072d4 caa85775e5d57192 f1ef3a20c90c1b9e d96c8e73ff3c85b6 e511f7489b4e4582 e45a61212414e5e8 a3516b9ed7013168 f24f76eb3dc6ef94 e1dbd57c086362e7 df64944fd6a9d80c 1470c7a0852d411a 8d90a401d1b40b3a a85de346f64c9d1c fb79de36ecf53851 bea9438bbcceaae6 b31b4802090a8238 f5ffba89e70726d2 a3d5d1b82e952639 379fa871b4a8fe14 9bb024e6d6f119bb 5863ff42d9f62fa e248610e3f85f69f 1677105a3d25e865 eac54b5ffdf885f5 3d7e7c941bfd504e d92338b3cd0dac6d cb063262d3f58cee eff2dd3cc3e88412 90f6307f8884aef6 dc7a3be4c91615ef cfe9a01dbfc62e2 e48111d8cc6d1920 ] wstrb=[80 f bd 62 10 dd 3b 91 ed f8 f3 fd d5 2e 8e c2 26 82 c0 fc b0 4e be d7 d0 7e d3 81 cd 91 58 9d 10 2b 1e dd bc 76 7a cc a1 99 a9 5e f 24 2a b1 bd d4 f cc f8 39 7d b5 d 8c 81 5 c6 ff ba d3 8b 3c d9 51 3b 93 25 c6 cf fe 18 a 91 3d d1 61 3b e9 6b cc 26 3c 2d 61 25 99 2d 4b d5 5b ac fb f4 da 46 c9 35 f3 c4 29 cd b f2 2 fe b7 2b cb c2 1d cd c0 d4 f8 8b 96 15 58 56 ea 50 e1 80 65 39 d7 4f 89 b8 d0 ef f2 a7 ] bresp=0 bid=100
[1475000] [SCOREBOARD-S] mst_id=1 s_id=1 awaddr=11923418 awid=100 awlen=136 awsize=4 awburst=1 wdata=[318aaf70cfad4fbf d57a14eb0ec1e9a7 37b555b637503bf8 6fd8bb7acd90e05 bb9af7ace9400526 2090411edc77a0a2 8950aea7f3504d62 dc905288278dccd5 4056d77c4eba654 b83bf3b6fd2093a6 a4ae607b8d561c1e d241c27214cc463f 91ecd9e5a8b3cdf2 3609ea110a7db629 1f49fc68369b3a61 df4f0853884bac83 92c962acb136d64d e7d210ae9558f264 1da49ee8b2135f14 e34a3562c7211902 dc7a0b66b06e0194 e28160a9cb1c4610 923d5f12fa1eaa4e 2a8cabe3c5cb960b 90e7dc1beeb76a79 e8d614c70d0e0c8c d2d9a29723253b2e 11dca5a79362c0aa a070cd36e3c17eb2 86e6b9e0fab2ba6e e157b19f34a6fcd d70bee8098c35f87 137619f6ae86484f 21d0b81dddf2a860 f6b607e8218b950f d011dd5ef8dca69d d6cf4efd0a2c21de 2bb7b6edf1e2957b eabf3c18cd8556e5 d7b178c3fbc9944b edac29c7c18e8b16 8f13e1fb83692fb0 ff32c3fcd86b65df 99f9f0f5e6c55abf ea2e8a6fecdeedc3 c54a53a2290dd2f1 fd32db0e9614e6b d6403c2edf444498 8521789fa01b81f e363068b1b8a8fd1 faced46918254539 9226fd58b9a342b9 d52dd28a0320ebf2 1b46312bf58a03e3 2f2d469dcffca6f3 d31d92e5ad6d2e83 22f73267845b1927 d457c01bee63c410 1bd0f294d2247904 d67f922ba7755300 15d917113ec824fb 10ec9dffaad75246 d24ca54731aa09a5 f0722ea0e76c302a 12438271e825bc58 19cfc5fd015ecc9f e8cafcc9e49027b8 ccb5e4100a41f49d ba0c13cfb0e7f3a df9ea6f2e685aa0d f0c79eaaf46bbe05 ef7a3d40ac548b02 92da350ffc685fe6 f0d41debcf18e432 fb6d6f3583a1d3b9 800a339fe04e5b2b 2f673f5e8e47a444 11e977fef0de518b d12cacb62ad4ae93 b91c52d791f3ab9d 82d1fd288093ec14 ab689aa7cb05cad5 dcf97673d3fea9df d49295f3e484ed7f af8ab854dfcb739b b3ca1d7afffb309b e4801e1a8c842ec7 ec4fa263085cb36e 857e409940ad66e 208f0536a019bfdd a876734becd80223 80e2d8910cdea799 acf86776b0ce5754 9da65977a171ddc7 ae508560d56edac2 863d32161e893209 bffb0fd0db48ecd7 30b7c79923e38b8e c26cbd97ee4b9531 c9948208b6f4f9af dad8853d8267cd67 f0b36298fa4c49a1 b14143509d4542d4 1fad103cba47e4a0 b4942e410c19c88e a95f0b62906072d4 caa85775e5d57192 f1ef3a20c90c1b9e d96c8e73ff3c85b6 e511f7489b4e4582 e45a61212414e5e8 a3516b9ed7013168 f24f76eb3dc6ef94 e1dbd57c086362e7 df64944fd6a9d80c 1470c7a0852d411a 8d90a401d1b40b3a a85de346f64c9d1c fb79de36ecf53851 bea9438bbcceaae6 b31b4802090a8238 f5ffba89e70726d2 a3d5d1b82e952639 379fa871b4a8fe14 9bb024e6d6f119bb 5863ff42d9f62fa e248610e3f85f69f 1677105a3d25e865 eac54b5ffdf885f5 3d7e7c941bfd504e d92338b3cd0dac6d cb063262d3f58cee eff2dd3cc3e88412 90f6307f8884aef6 dc7a3be4c91615ef cfe9a01dbfc62e2 e48111d8cc6d1920 ] wstrb=[80 f bd 62 10 dd 3b 91 ed f8 f3 fd d5 2e 8e c2 26 82 c0 fc b0 4e be d7 d0 7e d3 81 cd 91 58 9d 10 2b 1e dd bc 76 7a cc a1 99 a9 5e f 24 2a b1 bd d4 f cc f8 39 7d b5 d 8c 81 5 c6 ff ba d3 8b 3c d9 51 3b 93 25 c6 cf fe 18 a 91 3d d1 61 3b e9 6b cc 26 3c 2d 61 25 99 2d 4b d5 5b ac fb f4 da 46 c9 35 f3 c4 29 cd b f2 2 fe b7 2b cb c2 1d cd c0 d4 f8 8b 96 15 58 56 ea 50 e1 80 65 39 d7 4f 89 b8 d0 ef f2 a7 ] bresp=0 bid=10100
[1475000] SCOREBOARD: Transaction 5 received. pass=342 fail=0
[1475000] SCOREBOARD: Expected 5 transactions completed, PASS=342 FAIL=0
[1475000] ALL PASS. Total transactions: 5
[1475000] ALL TRANSACTIONS MONITORED
$finish called at time : 1495 ns : File "/home/nashita/Desktop/practice/axi_xbar/tb/top/axi_tb_top.sv" Line 220
exit
INFO: xsimkernel Simulation Memory Usage: 289464 KB (Peak: 337864 KB), Simulation CPU Usage: 1170 ms
INFO: [Common 17-206] Exiting xsim at Thu Sep 10 18:27:48 2026...
