#-----------------------------------------------------------
# xsim v2025.2 (64-bit)
# SW Build 6299465 on Fri Nov 14 12:34:56 MST 2025
# IP Build 6300035 on Fri Nov 14 10:48:45 MST 2025
# SharedData Build 6298862 on Thu Nov 13 04:50:51 MST 2025
# Start of session at: Thu Sep 10 18:48:21 2026
# Process ID         : 3681696
# Current directory  : /home/nashita/Desktop/practice/axi_xbar/sim
# Command line       : xsim -log regress_results/BT_run489.log -mode tcl -source {xsim.dir/tb_top_snap/xsim_script.tcl}
# Log file           : /home/nashita/Desktop/practice/axi_xbar/sim/regress_results/BT_run489.log
# Journal file       : /home/nashita/Desktop/practice/axi_xbar/sim/xsim.jou
# Running On         : vlsi-vivado
# Platform           : Ubuntu
# Operating System   : Ubuntu 24.04.4 LTS
# Processor Detail   : Intel(R) Core(TM) i5-10400 CPU @ 2.90GHz
# CPU Frequency      : 4000.509 MHz
# CPU Physical cores : 6
# CPU Logical cores  : 12
# Host memory        : 41875 MB
# Swap memory        : 27648 MB
# Total Virtual      : 69524 MB
# Available Virtual  : 62762 MB
#-----------------------------------------------------------
source xsim.dir/tb_top_snap/xsim_script.tcl
# xsim {tb_top_snap} -testplusarg BT -autoloadwcfg -runall -sv_seed 490
Time resolution is 1 ps
run -all
[0] RUNNING BASE TEST
[0] INSIDE THE BASE TEST CONSTRUCTOR
[0] ENV: before agent
[0] SLAVE CONSTRUCTED
[0] MASTER MONITOR CONSTRUCTED
[0] MASTER MONITOR CONSTRUCTED
[0] SLAVE MONITOR CONSTRUCTED
[0] SLAVE MONITOR CONSTRUCTED
[0] ARB MONITOR CONSTRUCTED
GENERATOR CONSTRUCTED
[0] ENV: after agent
[0] ENV: before scoreboard
[0] ENV: after scoreboard
[15000] [SEQUENCER] mst_id=0 s_id=0 awaddr=100170f8 awid=101 awlen=12 awsize=4 awburst=0 wdata=[aa1a06969e654e30 fb1d15432c8ce3dc c33e4517cdc7bbd3 ec2d0a04c94f01ab f5dbe587ed584bad 3b200781e74a1f47 309920f3b91a2a9e 2672764c274d1185 8e9730cca675067a df8f3119e1927dcd 8df8f52bf3051bf e5a5583a0601a765 e79425329776c01e ] wstrb=[53 de 84 b8 18 a2 ea 6b 80 6e 23 98 10 ] bresp=0 bid=0
[15000] [SEQUENCER] mst_id=0 s_id=0 awaddr=e4a4900 awid=1011 awlen=2 awsize=3 awburst=0 wdata=[1b6c4de9d2f4b0bc 80bdcbcdd6f08a06 a85c80cbe9359709 ] wstrb=[7e c6 b4 ] bresp=0 bid=0
[15000] [SEQUENCER] READ mst_id=1 s_id=0 araddr=1a3ef170 arid=0 arlen=1 arsize=3 arburst=1 rid=[] rresp=[] rdata=[]
[15000] [SEQUENCER] mst_id=1 s_id=0 awaddr=461b2f0 awid=0 awlen=0 awsize=1 awburst=2 wdata=[cf06993a88626215 ] wstrb=[aa ] bresp=0 bid=0
[15000] [SEQUENCER] READ mst_id=0 s_id=0 araddr=2a04148 arid=2 arlen=1 arsize=3 arburst=1 rid=[] rresp=[] rdata=[]
[15000] MASTER_DRIVER0 received transaction, op=AXI_WRITE
[15000] MASTER_DRIVER1 received transaction, op=AXI_READ
[35000] MASTER 0 AW_VALID_RDY Handshake
[35000] MASTER_DRIVER1 received transaction, op=AXI_WRITE
[45000] ARB MONITOR: slave=1 m0_req=1 m1_req=0 winner=0
[45000] ARB MONITOR: slave=1 m0_req=0 m1_req=1 winner=1
[45000] AXI S0_ARVALID_RDY HANDSHAKE
[45000] MEMORY READ MISS beat=0 addr=1a3ef170 -> default data id=16
[45000] AXI S1_AWVALID_RDY HANDSHAKE
[55000] MEMORY READ MISS beat=1 addr=1a3ef178 -> default data id=16
[55000] SLAVE 1 R_VALID_RDY Handshake beat=0 rlast=0
[55000] MASTER 1 AW_VALID_RDY Handshake
[55000] MASTER 0 W_VALID_RDY Handshake beat=0 wlast=0
[65000] MASTER 0 W_VALID_RDY Handshake beat=1 wlast=0
[65000] ARB MONITOR: slave=0 m0_req=0 m1_req=1 winner=1
[65000] SLAVE 1 R_VALID_RDY Handshake beat=1 rlast=1
[65000] [SLAVE MONITOR] READ mst_id=1 s_id=1 araddr=1a3ef170 arid=0 arlen=1 arsize=3 arburst=1 rid=[1010] rresp=[00] rdata=[baadf00d12345678baadf00d12345678]
[65000] S1 MEMORY WRITE beat=0 addr=100170f8 data=aa1a06969e654e30 id=05
[65000] AXI S0_AWVALID_RDY HANDSHAKE
[75000] S1 MEMORY WRITE beat=1 addr=100170f8 data=fb1d15432c8ce3dc id=05
[75000] MASTER 1 R_VALID_RDY Handshake beat=0 rlast=0
[75000] MASTER 1 W_VALID_RDY Handshake beat=0 wlast=1
[75000] MASTER 0 W_VALID_RDY Handshake beat=2 wlast=0
[85000] [MASTER DRIVER] READ mst_id=1 s_id=0 araddr=1a3ef170 arid=0 arlen=1 arsize=3 arburst=1 rid=[00] rresp=[00] rdata=[baadf00d12345678baadf00d12345678]
[85000] MASTER 0 W_VALID_RDY Handshake beat=3 wlast=0
[85000] MASTER 1 R_VALID_RDY Handshake beat=1 rlast=1
[85000] [MASTER MONITOR] READ mst_id=1 s_id=1 araddr=1a3ef170 arid=0 arlen=1 arsize=3 arburst=1 rid=[00] rresp=[00] rdata=[baadf00d12345678baadf00d12345678]
[85000] S1 MEMORY WRITE beat=2 addr=100170f8 data=c33e4517cdc7bbd3 id=05
[85000] AXI S0_WVALID_RDY HANDSHAKE
[85000] S0 MEMORY WRITE beat=0 addr=0461b2f0 data=cf06993a88626215 id=10
[85000] SCOREBOARD MATCH: decode_err expected = 0, actual =0
[85000] SCOREBOARD MATCH: slave_id expected = 1, actual =1
[85000] SCOREBOARD MATCH: araddr passthrough expected = 1a3ef170, actual =1a3ef170
[85000] SCOREBOARD MATCH: arlen passthrough expected = 1, actual =1
[85000] SCOREBOARD MATCH: arsize passthrough expected = 3, actual =3
[85000] SCOREBOARD MATCH: arburst passthrough expected = 1, actual =1
[85000] SCOREBOARD MATCH: rdata size check expected = 2, actual =2
[85000] SCOREBOARD MATCH: rdata passthrough beat=0 expected = baadf00d12345678, actual =baadf00d12345678
[85000] SCOREBOARD MATCH: rdata passthrough beat=1 expected = baadf00d12345678, actual =baadf00d12345678
[85000] SCOREBOARD MATCH: rresp size check expected = 2, actual =2
[85000] SCOREBOARD MATCH: rresp passthrough beat=0 expected = 0, actual =0
[85000] SCOREBOARD MATCH: rresp passthrough beat=1 expected = 0, actual =0
[85000] SCOREBOARD MATCH: response routed to correct master (read beat 0) expected = 1, actual =1
[85000] SCOREBOARD MATCH: response routed to correct master (read beat 1) expected = 1, actual =1
[85000] [SCOREBOARD-M] READ mst_id=1 s_id=1 araddr=1a3ef170 arid=0 arlen=1 arsize=3 arburst=1 rid=[00] rresp=[00] rdata=[baadf00d12345678baadf00d12345678]
[85000] [SCOREBOARD-S] READ mst_id=1 s_id=1 araddr=1a3ef170 arid=0 arlen=1 arsize=3 arburst=1 rid=[1010] rresp=[00] rdata=[baadf00d12345678baadf00d12345678]
[85000] SCOREBOARD: Transaction 1 received. pass=14 fail=0
[85000] ALL PASS. Total transactions: 1
[95000] SLAVE0 sent B resp, id=0
[95000] S1 MEMORY WRITE beat=3 addr=100170f8 data=ec2d0a04c94f01ab id=05
[95000] [SLAVE MONITOR] mst_id=1 s_id=0 awaddr=461b2f0 awid=0 awlen=0 awsize=1 awburst=2 wdata=[cf06993a88626215 ] wstrb=[aa ] bresp=0 bid=10000
[95000] MASTER 0 W_VALID_RDY Handshake beat=4 wlast=0
[105000] MASTER 0 W_VALID_RDY Handshake beat=5 wlast=0
[105000] S1 MEMORY WRITE beat=4 addr=100170f8 data=f5dbe587ed584bad id=05
[115000] S1 MEMORY WRITE beat=5 addr=100170f8 data=3b200781e74a1f47 id=05
[115000] MASTER 1 B_VALID_RDY Handshake
[115000] [MASTER MONITOR] mst_id=1 s_id=0 awaddr=461b2f0 awid=0 awlen=0 awsize=1 awburst=2 wdata=[cf06993a88626215 ] wstrb=[aa ] bresp=0 bid=0
[115000] MASTER 0 W_VALID_RDY Handshake beat=6 wlast=0
[115000] MASTER 1 RECEIVED BRESP. BRESP=0
[115000] [MASTER DRIVER] mst_id=1 s_id=0 awaddr=461b2f0 awid=0 awlen=0 awsize=1 awburst=2 wdata=[cf06993a88626215 ] wstrb=[aa ] bresp=0 bid=0
[115000] SCOREBOARD MATCH: decode_err expected = 0, actual =0
[115000] SCOREBOARD MATCH: slave_id expected = 0, actual =0
[115000] SCOREBOARD MATCH: awaddr passthrough expected = 461b2f0, actual =461b2f0
[115000] SCOREBOARD MATCH: awlen passthrough expected = 0, actual =0
[115000] SCOREBOARD MATCH: awsize passthrough expected = 1, actual =1
[115000] SCOREBOARD MATCH: awburst passthrough expected = 2, actual =2
[115000] SCOREBOARD MATCH: wdata size check expected = 1, actual =1
[115000] SCOREBOARD MATCH: wdata passthrough beat=0 expected = cf06993a88626215, actual =cf06993a88626215
[115000] SCOREBOARD MATCH: wstrb size check expected = 1, actual =1
[115000] SCOREBOARD MATCH: wstrb passthrough beat=0 expected = aa, actual =aa
[115000] SCOREBOARD MATCH: bresp passthrough expected = 0, actual =0
[115000] SCOREBOARD MATCH: response routed to correct master (write) expected = 1, actual =1
[115000] [SCOREBOARD-M] mst_id=1 s_id=0 awaddr=461b2f0 awid=0 awlen=0 awsize=1 awburst=2 wdata=[cf06993a88626215 ] wstrb=[aa ] bresp=0 bid=0
[115000] [SCOREBOARD-S] mst_id=1 s_id=0 awaddr=461b2f0 awid=0 awlen=0 awsize=1 awburst=2 wdata=[cf06993a88626215 ] wstrb=[aa ] bresp=0 bid=10000
[115000] SCOREBOARD: Transaction 2 received. pass=26 fail=0
[115000] ALL PASS. Total transactions: 2
[125000] MASTER 0 W_VALID_RDY Handshake beat=7 wlast=0
[125000] S1 MEMORY WRITE beat=6 addr=100170f8 data=309920f3b91a2a9e id=05
[135000] S1 MEMORY WRITE beat=7 addr=100170f8 data=2672764c274d1185 id=05
[135000] MASTER 0 W_VALID_RDY Handshake beat=8 wlast=0
[145000] MASTER 0 W_VALID_RDY Handshake beat=9 wlast=0
[145000] S1 MEMORY WRITE beat=8 addr=100170f8 data=8e9730cca675067a id=05
[155000] S1 MEMORY WRITE beat=9 addr=100170f8 data=df8f3119e1927dcd id=05
[155000] MASTER 0 W_VALID_RDY Handshake beat=10 wlast=0
[165000] MASTER 0 W_VALID_RDY Handshake beat=11 wlast=0
[165000] S1 MEMORY WRITE beat=10 addr=100170f8 data=08df8f52bf3051bf id=05
[175000] S1 MEMORY WRITE beat=11 addr=100170f8 data=e5a5583a0601a765 id=05
[175000] MASTER 0 W_VALID_RDY Handshake beat=12 wlast=1
[175000] MASTER_DRIVER0 received transaction, op=AXI_WRITE
[185000] S1 MEMORY WRITE beat=12 addr=100170f8 data=e79425329776c01e id=05
[195000] SLAVE1 sent B resp, id=5
[195000] [SLAVE MONITOR] mst_id=0 s_id=1 awaddr=100170f8 awid=101 awlen=12 awsize=4 awburst=0 wdata=[aa1a06969e654e30 fb1d15432c8ce3dc c33e4517cdc7bbd3 ec2d0a04c94f01ab f5dbe587ed584bad 3b200781e74a1f47 309920f3b91a2a9e 2672764c274d1185 8e9730cca675067a df8f3119e1927dcd 8df8f52bf3051bf e5a5583a0601a765 e79425329776c01e ] wstrb=[53 de 84 b8 18 a2 ea 6b 80 6e 23 98 10 ] bresp=0 bid=101
[195000] MASTER 0 AW_VALID_RDY Handshake
[205000] ARB MONITOR: slave=0 m0_req=1 m1_req=0 winner=0
[205000] AXI S0_AWVALID_RDY HANDSHAKE
[215000] MASTER 0 W_VALID_RDY Handshake beat=0 wlast=0
[215000] MASTER 0 B_VALID_RDY Handshake
[215000] [MASTER MONITOR] mst_id=0 s_id=1 awaddr=100170f8 awid=101 awlen=12 awsize=4 awburst=0 wdata=[aa1a06969e654e30 fb1d15432c8ce3dc c33e4517cdc7bbd3 ec2d0a04c94f01ab f5dbe587ed584bad 3b200781e74a1f47 309920f3b91a2a9e 2672764c274d1185 8e9730cca675067a df8f3119e1927dcd 8df8f52bf3051bf e5a5583a0601a765 e79425329776c01e ] wstrb=[53 de 84 b8 18 a2 ea 6b 80 6e 23 98 10 ] bresp=0 bid=101
[215000] MASTER 0 RECEIVED BRESP. BRESP=0
[215000] [MASTER DRIVER] mst_id=0 s_id=0 awaddr=100170f8 awid=101 awlen=12 awsize=4 awburst=0 wdata=[aa1a06969e654e30 fb1d15432c8ce3dc c33e4517cdc7bbd3 ec2d0a04c94f01ab f5dbe587ed584bad 3b200781e74a1f47 309920f3b91a2a9e 2672764c274d1185 8e9730cca675067a df8f3119e1927dcd 8df8f52bf3051bf e5a5583a0601a765 e79425329776c01e ] wstrb=[53 de 84 b8 18 a2 ea 6b 80 6e 23 98 10 ] bresp=0 bid=101
[215000] SCOREBOARD MATCH: decode_err expected = 0, actual =0
[215000] SCOREBOARD MATCH: slave_id expected = 1, actual =1
[215000] SCOREBOARD MATCH: awaddr passthrough expected = 100170f8, actual =100170f8
[215000] SCOREBOARD MATCH: awlen passthrough expected = 12, actual =12
[215000] SCOREBOARD MATCH: awsize passthrough expected = 4, actual =4
[215000] SCOREBOARD MATCH: awburst passthrough expected = 0, actual =0
[215000] SCOREBOARD MATCH: wdata size check expected = d, actual =d
[215000] SCOREBOARD MATCH: wdata passthrough beat=0 expected = aa1a06969e654e30, actual =aa1a06969e654e30
[215000] SCOREBOARD MATCH: wdata passthrough beat=1 expected = fb1d15432c8ce3dc, actual =fb1d15432c8ce3dc
[215000] SCOREBOARD MATCH: wdata passthrough beat=2 expected = c33e4517cdc7bbd3, actual =c33e4517cdc7bbd3
[215000] SCOREBOARD MATCH: wdata passthrough beat=3 expected = ec2d0a04c94f01ab, actual =ec2d0a04c94f01ab
[215000] SCOREBOARD MATCH: wdata passthrough beat=4 expected = f5dbe587ed584bad, actual =f5dbe587ed584bad
[215000] SCOREBOARD MATCH: wdata passthrough beat=5 expected = 3b200781e74a1f47, actual =3b200781e74a1f47
[215000] SCOREBOARD MATCH: wdata passthrough beat=6 expected = 309920f3b91a2a9e, actual =309920f3b91a2a9e
[215000] SCOREBOARD MATCH: wdata passthrough beat=7 expected = 2672764c274d1185, actual =2672764c274d1185
[215000] SCOREBOARD MATCH: wdata passthrough beat=8 expected = 8e9730cca675067a, actual =8e9730cca675067a
[215000] SCOREBOARD MATCH: wdata passthrough beat=9 expected = df8f3119e1927dcd, actual =df8f3119e1927dcd
[215000] SCOREBOARD MATCH: wdata passthrough beat=10 expected = 8df8f52bf3051bf, actual =8df8f52bf3051bf
[215000] SCOREBOARD MATCH: wdata passthrough beat=11 expected = e5a5583a0601a765, actual =e5a5583a0601a765
[215000] SCOREBOARD MATCH: wdata passthrough beat=12 expected = e79425329776c01e, actual =e79425329776c01e
[215000] SCOREBOARD MATCH: wstrb size check expected = d, actual =d
[215000] SCOREBOARD MATCH: wstrb passthrough beat=0 expected = 53, actual =53
[215000] SCOREBOARD MATCH: wstrb passthrough beat=1 expected = de, actual =de
[215000] SCOREBOARD MATCH: wstrb passthrough beat=2 expected = 84, actual =84
[215000] SCOREBOARD MATCH: wstrb passthrough beat=3 expected = b8, actual =b8
[215000] SCOREBOARD MATCH: wstrb passthrough beat=4 expected = 18, actual =18
[215000] SCOREBOARD MATCH: wstrb passthrough beat=5 expected = a2, actual =a2
[215000] SCOREBOARD MATCH: wstrb passthrough beat=6 expected = ea, actual =ea
[215000] SCOREBOARD MATCH: wstrb passthrough beat=7 expected = 6b, actual =6b
[215000] SCOREBOARD MATCH: wstrb passthrough beat=8 expected = 80, actual =80
[215000] SCOREBOARD MATCH: wstrb passthrough beat=9 expected = 6e, actual =6e
[215000] SCOREBOARD MATCH: wstrb passthrough beat=10 expected = 23, actual =23
[215000] SCOREBOARD MATCH: wstrb passthrough beat=11 expected = 98, actual =98
[215000] SCOREBOARD MATCH: wstrb passthrough beat=12 expected = 10, actual =10
[215000] SCOREBOARD MATCH: bresp passthrough expected = 0, actual =0
[215000] SCOREBOARD MATCH: response routed to correct master (write) expected = 0, actual =0
[215000] [SCOREBOARD-M] mst_id=0 s_id=1 awaddr=100170f8 awid=101 awlen=12 awsize=4 awburst=0 wdata=[aa1a06969e654e30 fb1d15432c8ce3dc c33e4517cdc7bbd3 ec2d0a04c94f01ab f5dbe587ed584bad 3b200781e74a1f47 309920f3b91a2a9e 2672764c274d1185 8e9730cca675067a df8f3119e1927dcd 8df8f52bf3051bf e5a5583a0601a765 e79425329776c01e ] wstrb=[53 de 84 b8 18 a2 ea 6b 80 6e 23 98 10 ] bresp=0 bid=101
[215000] [SCOREBOARD-S] mst_id=0 s_id=1 awaddr=100170f8 awid=101 awlen=12 awsize=4 awburst=0 wdata=[aa1a06969e654e30 fb1d15432c8ce3dc c33e4517cdc7bbd3 ec2d0a04c94f01ab f5dbe587ed584bad 3b200781e74a1f47 309920f3b91a2a9e 2672764c274d1185 8e9730cca675067a df8f3119e1927dcd 8df8f52bf3051bf e5a5583a0601a765 e79425329776c01e ] wstrb=[53 de 84 b8 18 a2 ea 6b 80 6e 23 98 10 ] bresp=0 bid=101
[215000] SCOREBOARD: Transaction 3 received. pass=62 fail=0
[215000] ALL PASS. Total transactions: 3
[225000] MASTER 0 W_VALID_RDY Handshake beat=1 wlast=0
[225000] AXI S0_WVALID_RDY HANDSHAKE
[225000] S0 MEMORY WRITE beat=0 addr=0e4a4900 data=1b6c4de9d2f4b0bc id=0b
[235000] AXI S0_WVALID_RDY HANDSHAKE
[235000] S0 MEMORY WRITE beat=1 addr=0e4a4900 data=80bdcbcdd6f08a06 id=0b
[235000] MASTER 0 W_VALID_RDY Handshake beat=2 wlast=1
[235000] MASTER_DRIVER0 received transaction, op=AXI_READ
[245000] AXI S0_WVALID_RDY HANDSHAKE
[245000] S0 MEMORY WRITE beat=2 addr=0e4a4900 data=a85c80cbe9359709 id=0b
[255000] SLAVE0 sent B resp, id=11
[255000] [SLAVE MONITOR] mst_id=0 s_id=0 awaddr=e4a4900 awid=1011 awlen=2 awsize=3 awburst=0 wdata=[1b6c4de9d2f4b0bc 80bdcbcdd6f08a06 a85c80cbe9359709 ] wstrb=[7e c6 b4 ] bresp=0 bid=1011
[265000] ARB MONITOR: slave=0 m0_req=1 m1_req=0 winner=0
[265000] AXI S0_ARVALID_RDY HANDSHAKE
[265000] MEMORY READ MISS beat=0 addr=2a04148 -> default data id=2
[275000] MEMORY READ MISS beat=1 addr=2a04150 -> default data id=2
[275000] SLAVE 0 R_VALID_RDY Handshake beat=0 rlast=0
[275000] MASTER 0 B_VALID_RDY Handshake
[275000] [MASTER MONITOR] mst_id=0 s_id=0 awaddr=e4a4900 awid=1011 awlen=2 awsize=3 awburst=0 wdata=[1b6c4de9d2f4b0bc 80bdcbcdd6f08a06 a85c80cbe9359709 ] wstrb=[7e c6 b4 ] bresp=0 bid=1011
[275000] MASTER 0 RECEIVED BRESP. BRESP=0
[275000] [MASTER DRIVER] mst_id=0 s_id=0 awaddr=e4a4900 awid=1011 awlen=2 awsize=3 awburst=0 wdata=[1b6c4de9d2f4b0bc 80bdcbcdd6f08a06 a85c80cbe9359709 ] wstrb=[7e c6 b4 ] bresp=0 bid=1011
[275000] SCOREBOARD MATCH: decode_err expected = 0, actual =0
[275000] SCOREBOARD MATCH: slave_id expected = 0, actual =0
[275000] SCOREBOARD MATCH: awaddr passthrough expected = e4a4900, actual =e4a4900
[275000] SCOREBOARD MATCH: awlen passthrough expected = 2, actual =2
[275000] SCOREBOARD MATCH: awsize passthrough expected = 3, actual =3
[275000] SCOREBOARD MATCH: awburst passthrough expected = 0, actual =0
[275000] SCOREBOARD MATCH: wdata size check expected = 3, actual =3
[275000] SCOREBOARD MATCH: wdata passthrough beat=0 expected = 1b6c4de9d2f4b0bc, actual =1b6c4de9d2f4b0bc
[275000] SCOREBOARD MATCH: wdata passthrough beat=1 expected = 80bdcbcdd6f08a06, actual =80bdcbcdd6f08a06
[275000] SCOREBOARD MATCH: wdata passthrough beat=2 expected = a85c80cbe9359709, actual =a85c80cbe9359709
[275000] SCOREBOARD MATCH: wstrb size check expected = 3, actual =3
[275000] SCOREBOARD MATCH: wstrb passthrough beat=0 expected = 7e, actual =7e
[275000] SCOREBOARD MATCH: wstrb passthrough beat=1 expected = c6, actual =c6
[275000] SCOREBOARD MATCH: wstrb passthrough beat=2 expected = b4, actual =b4
[275000] SCOREBOARD MATCH: bresp passthrough expected = 0, actual =0
[275000] SCOREBOARD MATCH: response routed to correct master (write) expected = 0, actual =0
[275000] [SCOREBOARD-M] mst_id=0 s_id=0 awaddr=e4a4900 awid=1011 awlen=2 awsize=3 awburst=0 wdata=[1b6c4de9d2f4b0bc 80bdcbcdd6f08a06 a85c80cbe9359709 ] wstrb=[7e c6 b4 ] bresp=0 bid=1011
[275000] [SCOREBOARD-S] mst_id=0 s_id=0 awaddr=e4a4900 awid=1011 awlen=2 awsize=3 awburst=0 wdata=[1b6c4de9d2f4b0bc 80bdcbcdd6f08a06 a85c80cbe9359709 ] wstrb=[7e c6 b4 ] bresp=0 bid=1011
[275000] SCOREBOARD: Transaction 4 received. pass=78 fail=0
[275000] ALL PASS. Total transactions: 4
[285000] SLAVE 0 R_VALID_RDY Handshake beat=1 rlast=1
[285000] [SLAVE MONITOR] READ mst_id=0 s_id=0 araddr=2a04148 arid=2 arlen=1 arsize=3 arburst=1 rid=[22] rresp=[00] rdata=[baadf00d12345678baadf00d12345678]
[295000] MASTER 0 R_VALID_RDY Handshake beat=0 rlast=0
[305000] [MASTER DRIVER] READ mst_id=0 s_id=0 araddr=2a04148 arid=2 arlen=1 arsize=3 arburst=1 rid=[22] rresp=[00] rdata=[baadf00d12345678baadf00d12345678]
[305000] MASTER 0 R_VALID_RDY Handshake beat=1 rlast=1
[305000] [MASTER MONITOR] READ mst_id=0 s_id=0 araddr=2a04148 arid=2 arlen=1 arsize=3 arburst=1 rid=[22] rresp=[00] rdata=[baadf00d12345678baadf00d12345678]
[305000] SCOREBOARD MATCH: decode_err expected = 0, actual =0
[305000] SCOREBOARD MATCH: slave_id expected = 0, actual =0
[305000] SCOREBOARD MATCH: araddr passthrough expected = 2a04148, actual =2a04148
[305000] SCOREBOARD MATCH: arlen passthrough expected = 1, actual =1
[305000] SCOREBOARD MATCH: arsize passthrough expected = 3, actual =3
[305000] SCOREBOARD MATCH: arburst passthrough expected = 1, actual =1
[305000] SCOREBOARD MATCH: rdata size check expected = 2, actual =2
[305000] SCOREBOARD MATCH: rdata passthrough beat=0 expected = baadf00d12345678, actual =baadf00d12345678
[305000] SCOREBOARD MATCH: rdata passthrough beat=1 expected = baadf00d12345678, actual =baadf00d12345678
[305000] SCOREBOARD MATCH: rresp size check expected = 2, actual =2
[305000] SCOREBOARD MATCH: rresp passthrough beat=0 expected = 0, actual =0
[305000] SCOREBOARD MATCH: rresp passthrough beat=1 expected = 0, actual =0
[305000] SCOREBOARD MATCH: response routed to correct master (read beat 0) expected = 0, actual =0
[305000] SCOREBOARD MATCH: response routed to correct master (read beat 1) expected = 0, actual =0
[305000] [SCOREBOARD-M] READ mst_id=0 s_id=0 araddr=2a04148 arid=2 arlen=1 arsize=3 arburst=1 rid=[22] rresp=[00] rdata=[baadf00d12345678baadf00d12345678]
[305000] [SCOREBOARD-S] READ mst_id=0 s_id=0 araddr=2a04148 arid=2 arlen=1 arsize=3 arburst=1 rid=[22] rresp=[00] rdata=[baadf00d12345678baadf00d12345678]
[305000] SCOREBOARD: Transaction 5 received. pass=92 fail=0
[305000] SCOREBOARD: Expected 5 transactions completed, PASS=92 FAIL=0
[305000] ALL PASS. Total transactions: 5
[305000] ALL TRANSACTIONS MONITORED
$finish called at time : 325 ns : File "/home/nashita/Desktop/practice/axi_xbar/tb/top/axi_tb_top.sv" Line 220
exit
INFO: xsimkernel Simulation Memory Usage: 289464 KB (Peak: 337864 KB), Simulation CPU Usage: 1210 ms
INFO: [Common 17-206] Exiting xsim at Thu Sep 10 18:48:24 2026...
