#-----------------------------------------------------------
# xsim v2025.2 (64-bit)
# SW Build 6299465 on Fri Nov 14 12:34:56 MST 2025
# IP Build 6300035 on Fri Nov 14 10:48:45 MST 2025
# SharedData Build 6298862 on Thu Nov 13 04:50:51 MST 2025
# Start of session at: Fri Sep 11 11:47:33 2026
# Process ID         : 714216
# Current directory  : /home/nashita/Desktop/practice/axi_xbar/sim
# Command line       : xsim -log regress_results/BT_run122.log -mode tcl -source {xsim.dir/tb_top_snap/xsim_script.tcl}
# Log file           : /home/nashita/Desktop/practice/axi_xbar/sim/regress_results/BT_run122.log
# Journal file       : /home/nashita/Desktop/practice/axi_xbar/sim/xsim.jou
# Running On         : vlsi-vivado
# Platform           : Ubuntu
# Operating System   : Ubuntu 24.04.4 LTS
# Processor Detail   : Intel(R) Core(TM) i5-10400 CPU @ 2.90GHz
# CPU Frequency      : 3999.992 MHz
# CPU Physical cores : 6
# CPU Logical cores  : 12
# Host memory        : 41875 MB
# Swap memory        : 27648 MB
# Total Virtual      : 69524 MB
# Available Virtual  : 62732 MB
#-----------------------------------------------------------
source xsim.dir/tb_top_snap/xsim_script.tcl
# xsim {tb_top_snap} -testplusarg BT -autoloadwcfg -runall -sv_seed 123
Time resolution is 1 ps
run -all
[0] RUNNING BASE TEST
[0] INSIDE THE BASE TEST CONSTRUCTOR
[0] ENV: before agent
[0] SLAVE CONSTRUCTED
[0] MASTER MONITOR CONSTRUCTED
[0] MASTER MONITOR CONSTRUCTED
[0] SLAVE MONITOR CONSTRUCTED
[0] SLAVE MONITOR CONSTRUCTED
[0] ARB MONITOR CONSTRUCTED
GENERATOR CONSTRUCTED
[0] ENV: after agent
[0] ENV: before scoreboard
[0] ENV: after scoreboard
[15000] [SEQUENCER] mst_id=0 s_id=0 awaddr=9880448 awid=1011 awlen=162 awsize=0 awburst=1 wdata=[b0f26626b591e7a7 ea7b0919895955c9 de7ad6cc4871d99 fa19054105aa6d5f 8f03c328beda1392 361312ce4940e5a ea3e7bb99ceb7094 dbc58427fd7a366d e20e44c7f9423ee2 962daf76df26b553 dca0ebc0cc4cc081 c58eff63f1f3339d d119e8f0beaf3087 8afbf108dbbcaed9 cdafe277adbad4b0 ec6a0538d08af06b 2c479f459ec9cb67 cc84a018f765f640 c7f0e6acf9f781bc 98c14d2338eea550 b0549b90f43885f1 ee3007ade545ed3b 9e34928bf845823c ec7e082d86f154d0 ec37420cce892e1c c6ceb058daae0fda e19f64ab8a6bd497 d8f502b3334cb886 8dfac860cdd6a6b7 d8427b4e1fc3b30c d3106b92ef9a2d0b bd70d3c231377e02 d0fb310ee10b33f2 d0a560fe15b34f11 c6eacd13240b9ca0 8516d0928e1634c0 a3c983d117e5fe21 3bf19ac1d5bc3190 e3d26651eab450e4 829a4f05c1086b53 16c49ce4879bea22 f2503b07be8be9c6 ff94551afa970335 8232ed57f4ea8a0c 337673d31658f1fe 10eff533f483285e e96db26b330ac8ed c963baeb9322e28a 7a60ae91ce4263e cfeeef2bda53b01e ed7692a8f113bd54 df7e3921952aa16 f3a65a34f51c9d91 e6305ae5dde6d2bd f7397cd3e11cecdc d6398a6ef4283e77 d20f1134eadfd707 cbfcc3e3bc69e553 309223cbc9488e07 b428650ea2364e51 dea033a582a134ff cbe9c307002528f2 a25b77430f325770 91d38c6f80122815 8037510780fbaae8 902e0258ddbd4f76 ddcf778c2292c84b a38e733322018ec8 ffbede3ede06c893 809990de33bc758c d5be0454dd8e55ca 3b951e5e24280412 d7e4799ed57ce292 330b385dbc2eaf3c e056b34e2da27df2 831f6084eea056bb aacf05f7b83b2cec e5ddaadeb62a98e1 a4caef9c0b25b946 c360e632e8fd0b63 9f27a444cf99f594 dabfaeda293e9111 123b9c74c3f293e1 138c89759e20950c c75f261db16340b8 f555d499ee4c384f 8c6ccd5bd99ac291 afe034a88e25e0e f72e965dd3cbf379 ad66b60a8053d7e3 93635f2039b63b9 d7675732b864b954 38b891388064cc4f 8400300884ce0d3c 3d32c691c1eec72a c2539379db67873a e0359477f5eb57c9 37da1ef3c653c382 a1bb4abc1d685b08 1353b2d1fa2db26c c08175ee81f0df33 9f593a3bcb2dd1c4 c55b8430e23cc0ab e42d9fdeb2aced0c fddabed005dcfa1f e819baca0386da1a b633c726c3364301 c9133d20cc475aa8 cfce34c2340e85f7 f744c8f8312cf7ea fd7452920601fbe9 3a1081e0c0580618 f184fe02cd428755 d344833e31554ad8 f1ad50f0eef95094 bc3bd7e90d55051e 3eaa4ff6e3324ef2 d22b9f868f805b27 9cd560453057a0e6 1389efd80e677770 9de7d297db7fb03b 8bd75121e5b58f5e f41d06ce3abd32dd 963ce3189f6140f9 516d0581204d966 ccc20c432214343a c1757533f933d726 8b38b08ce2feef5b 85132395c68c458b 3fc01cb2d7fabccf 3af9ac2bc68898c9 8d14de54caf8cd3e 22f38a0ec00ccfc0 86956889ccd4fb06 17cdc845dded3639 9dfa05f913aa46de e07f41e43ac15253 18ae888c248f6e83 3839b561f84d0a29 b30e5c7cb6a88e85 db37fd0898b8f745 1106016fcbbce508 265738e9371b269 2c2aa9afc4145deb fd142f4dd9d7096 f10f23003d30ab1e 814509091236b682 efd427181d39ccaf da6a77cd91164bfd a34d027fe0e34a18 fe1d16c7dbaf80d6 ecc5ccd413212998 f40473b0d8878e94 34370f6b9012cf53 a333f8ebf2218a78 caa9190c20fcdc3f b10fab9217386c9c 959f714fee02877 9fdd04b6d443a47e eb7c111ad4031020 d2e33898d0ecb049 253054c7f4d6082e c8d9184ef2c03d4e ] wstrb=[e1 97 e6 f 5e 35 5d 3f cc 44 4e 2b 79 ac 6a 45 f0 b9 70 69 65 db ae 55 94 1f be f9 fa 6c 4e 8e 8b c 87 85 78 d5 13 4 e1 9a 89 59 6f 9d 5d 50 37 e7 aa a7 84 7 f7 bb ee a1 62 72 a9 5a 2e 97 fb 90 a a4 ea 38 3c e6 c8 46 8a b3 7e c6 99 46 c 23 f9 8a ea 92 d1 f6 b6 ca 81 a0 5d 52 96 13 1c 17 b3 79 69 49 8c 86 61 3f ff ca 89 8c 50 ea cb 50 b4 54 dc 5 3e a7 55 f3 fc 31 f8 3a d8 4d 2d d4 7e 25 f 56 72 3c 2b f0 62 3a 47 d4 76 72 c5 d8 ac c ad 22 7e 72 fb 2a 7e a8 4c fc 1a 47 26 98 ef ] bresp=0 bid=0
[15000] [SEQUENCER] READ mst_id=1 s_id=0 araddr=5bd5b10 arid=0 arlen=1 arsize=3 arburst=1 rid=[] rresp=[] rdata=[]
[15000] [SEQUENCER] READ mst_id=0 s_id=0 araddr=5322450 arid=1 arlen=1 arsize=3 arburst=1 rid=[] rresp=[] rdata=[]
[15000] [SEQUENCER] READ mst_id=1 s_id=0 araddr=cc6adb0 arid=1 arlen=1 arsize=3 arburst=1 rid=[] rresp=[] rdata=[]
[15000] [SEQUENCER] READ mst_id=1 s_id=0 araddr=14fb5580 arid=2 arlen=1 arsize=3 arburst=1 rid=[] rresp=[] rdata=[]
[15000] MASTER_DRIVER0 received transaction, op=AXI_WRITE
[15000] MASTER_DRIVER1 received transaction, op=AXI_READ
[35000] MASTER 0 AW_VALID_RDY Handshake
[35000] MASTER_DRIVER1 received transaction, op=AXI_READ
[45000] ARB MONITOR: slave=0 m0_req=1 m1_req=0 winner=0
[45000] ARB MONITOR: slave=0 m0_req=0 m1_req=1 winner=1
[45000] AXI S0_ARVALID_RDY HANDSHAKE
[45000] MEMORY READ MISS beat=0 addr=5bd5b10 -> default data id=16
[45000] AXI S0_AWVALID_RDY HANDSHAKE
[55000] MEMORY READ MISS beat=1 addr=5bd5b18 -> default data id=16
[55000] SLAVE 0 R_VALID_RDY Handshake beat=0 rlast=0
[55000] MASTER 0 W_VALID_RDY Handshake beat=0 wlast=0
[55000] MASTER_DRIVER1 received transaction, op=AXI_READ
[65000] MASTER 0 W_VALID_RDY Handshake beat=1 wlast=0
[65000] SLAVE 0 R_VALID_RDY Handshake beat=1 rlast=1
[65000] [SLAVE MONITOR] READ mst_id=1 s_id=0 araddr=5bd5b10 arid=0 arlen=1 arsize=3 arburst=1 rid=[1010] rresp=[00] rdata=[baadf00d12345678baadf00d12345678]
[65000] AXI S0_WVALID_RDY HANDSHAKE
[65000] S0 MEMORY WRITE beat=0 addr=09880448 data=b0f26626b591e7a7 id=0b
[75000] AXI S0_WVALID_RDY HANDSHAKE
[75000] S0 MEMORY WRITE beat=1 addr=09880449 data=ea7b0919895955c9 id=0b
[75000] AXI S0_ARVALID_RDY HANDSHAKE
[75000] MEMORY READ MISS beat=0 addr=cc6adb0 -> default data id=17
[75000] ARB MONITOR: slave=0 m0_req=0 m1_req=1 winner=1
[75000] MASTER 1 R_VALID_RDY Handshake beat=0 rlast=0
[75000] MASTER 0 W_VALID_RDY Handshake beat=2 wlast=0
[85000] [MASTER DRIVER] READ mst_id=1 s_id=0 araddr=5bd5b10 arid=0 arlen=1 arsize=3 arburst=1 rid=[00] rresp=[00] rdata=[baadf00d12345678baadf00d12345678]
[85000] MASTER 0 W_VALID_RDY Handshake beat=3 wlast=0
[85000] MASTER 1 R_VALID_RDY Handshake beat=1 rlast=1
[85000] [MASTER MONITOR] READ mst_id=1 s_id=0 araddr=5bd5b10 arid=0 arlen=1 arsize=3 arburst=1 rid=[00] rresp=[00] rdata=[baadf00d12345678baadf00d12345678]
[85000] ARB MONITOR: slave=1 m0_req=0 m1_req=1 winner=1
[85000] SLAVE 0 R_VALID_RDY Handshake beat=0 rlast=0
[85000] AXI S0_ARVALID_RDY HANDSHAKE
[85000] MEMORY READ MISS beat=0 addr=14fb5580 -> default data id=18
[85000] MEMORY READ MISS beat=1 addr=cc6adb8 -> default data id=17
[85000] AXI S0_WVALID_RDY HANDSHAKE
[85000] S0 MEMORY WRITE beat=2 addr=0988044a data=0de7ad6cc4871d99 id=0b
[85000] SCOREBOARD MATCH: decode_err expected = 0, actual =0
[85000] SCOREBOARD MATCH: slave_id expected = 0, actual =0
[85000] SCOREBOARD MATCH: araddr passthrough expected = 5bd5b10, actual =5bd5b10
[85000] SCOREBOARD MATCH: arlen passthrough expected = 1, actual =1
[85000] SCOREBOARD MATCH: arsize passthrough expected = 3, actual =3
[85000] SCOREBOARD MATCH: arburst passthrough expected = 1, actual =1
[85000] SCOREBOARD MATCH: rdata size check expected = 2, actual =2
[85000] SCOREBOARD MATCH: rdata passthrough beat=0 expected = baadf00d12345678, actual =baadf00d12345678
[85000] SCOREBOARD MATCH: rdata passthrough beat=1 expected = baadf00d12345678, actual =baadf00d12345678
[85000] SCOREBOARD MATCH: rresp size check expected = 2, actual =2
[85000] SCOREBOARD MATCH: rresp passthrough beat=0 expected = 0, actual =0
[85000] SCOREBOARD MATCH: rresp passthrough beat=1 expected = 0, actual =0
[85000] SCOREBOARD MATCH: response routed to correct master (read beat 0) expected = 1, actual =1
[85000] SCOREBOARD MATCH: response routed to correct master (read beat 1) expected = 1, actual =1
[85000] [SCOREBOARD-M] READ mst_id=1 s_id=0 araddr=5bd5b10 arid=0 arlen=1 arsize=3 arburst=1 rid=[00] rresp=[00] rdata=[baadf00d12345678baadf00d12345678]
[85000] [SCOREBOARD-S] READ mst_id=1 s_id=0 araddr=5bd5b10 arid=0 arlen=1 arsize=3 arburst=1 rid=[1010] rresp=[00] rdata=[baadf00d12345678baadf00d12345678]
[85000] SCOREBOARD: Transaction 1 received. pass=14 fail=0
[85000] ALL PASS. Total transactions: 1
[95000] AXI S0_WVALID_RDY HANDSHAKE
[95000] S0 MEMORY WRITE beat=3 addr=0988044b data=fa19054105aa6d5f id=0b
[95000] MEMORY READ MISS beat=1 addr=14fb5588 -> default data id=18
[95000] SLAVE 0 R_VALID_RDY Handshake beat=1 rlast=1
[95000] [SLAVE MONITOR] READ mst_id=1 s_id=0 araddr=cc6adb0 arid=1 arlen=1 arsize=3 arburst=1 rid=[1111] rresp=[00] rdata=[baadf00d12345678baadf00d12345678]
[95000] SLAVE 1 R_VALID_RDY Handshake beat=0 rlast=0
[95000] MASTER 0 W_VALID_RDY Handshake beat=4 wlast=0
[105000] MASTER 0 W_VALID_RDY Handshake beat=5 wlast=0
[105000] MASTER 1 R_VALID_RDY Handshake beat=0 rlast=0
[105000] SLAVE 1 R_VALID_RDY Handshake beat=1 rlast=1
[105000] [SLAVE MONITOR] READ mst_id=1 s_id=1 araddr=14fb5580 arid=2 arlen=1 arsize=3 arburst=1 rid=[1212] rresp=[00] rdata=[baadf00d12345678baadf00d12345678]
[105000] AXI S0_WVALID_RDY HANDSHAKE
[105000] S0 MEMORY WRITE beat=4 addr=0988044c data=8f03c328beda1392 id=0b
[115000] AXI S0_WVALID_RDY HANDSHAKE
[115000] S0 MEMORY WRITE beat=5 addr=0988044d data=0361312ce4940e5a id=0b
[115000] MASTER 1 R_VALID_RDY Handshake beat=1 rlast=1
[115000] [MASTER MONITOR] READ mst_id=1 s_id=0 araddr=cc6adb0 arid=1 arlen=1 arsize=3 arburst=1 rid=[11] rresp=[00] rdata=[baadf00d12345678baadf00d12345678]
[115000] MASTER 0 W_VALID_RDY Handshake beat=6 wlast=0
[115000] [MASTER DRIVER] READ mst_id=1 s_id=0 araddr=cc6adb0 arid=1 arlen=1 arsize=3 arburst=1 rid=[11] rresp=[00] rdata=[baadf00d12345678baadf00d12345678]
[115000] SCOREBOARD MATCH: decode_err expected = 0, actual =0
[115000] SCOREBOARD MATCH: slave_id expected = 0, actual =0
[115000] SCOREBOARD MATCH: araddr passthrough expected = cc6adb0, actual =cc6adb0
[115000] SCOREBOARD MATCH: arlen passthrough expected = 1, actual =1
[115000] SCOREBOARD MATCH: arsize passthrough expected = 3, actual =3
[115000] SCOREBOARD MATCH: arburst passthrough expected = 1, actual =1
[115000] SCOREBOARD MATCH: rdata size check expected = 2, actual =2
[115000] SCOREBOARD MATCH: rdata passthrough beat=0 expected = baadf00d12345678, actual =baadf00d12345678
[115000] SCOREBOARD MATCH: rdata passthrough beat=1 expected = baadf00d12345678, actual =baadf00d12345678
[115000] SCOREBOARD MATCH: rresp size check expected = 2, actual =2
[115000] SCOREBOARD MATCH: rresp passthrough beat=0 expected = 0, actual =0
[115000] SCOREBOARD MATCH: rresp passthrough beat=1 expected = 0, actual =0
[115000] SCOREBOARD MATCH: response routed to correct master (read beat 0) expected = 1, actual =1
[115000] SCOREBOARD MATCH: response routed to correct master (read beat 1) expected = 1, actual =1
[115000] [SCOREBOARD-M] READ mst_id=1 s_id=0 araddr=cc6adb0 arid=1 arlen=1 arsize=3 arburst=1 rid=[11] rresp=[00] rdata=[baadf00d12345678baadf00d12345678]
[115000] [SCOREBOARD-S] READ mst_id=1 s_id=0 araddr=cc6adb0 arid=1 arlen=1 arsize=3 arburst=1 rid=[1111] rresp=[00] rdata=[baadf00d12345678baadf00d12345678]
[115000] SCOREBOARD: Transaction 2 received. pass=28 fail=0
[115000] ALL PASS. Total transactions: 2
[125000] MASTER 0 W_VALID_RDY Handshake beat=7 wlast=0
[125000] AXI S0_WVALID_RDY HANDSHAKE
[125000] S0 MEMORY WRITE beat=6 addr=0988044e data=ea3e7bb99ceb7094 id=0b
[135000] AXI S0_WVALID_RDY HANDSHAKE
[135000] S0 MEMORY WRITE beat=7 addr=0988044f data=dbc58427fd7a366d id=0b
[135000] MASTER 1 R_VALID_RDY Handshake beat=0 rlast=0
[135000] MASTER 0 W_VALID_RDY Handshake beat=8 wlast=0
[145000] [MASTER DRIVER] READ mst_id=1 s_id=0 araddr=14fb5580 arid=2 arlen=1 arsize=3 arburst=1 rid=[22] rresp=[00] rdata=[baadf00d12345678baadf00d12345678]
[145000] MASTER 0 W_VALID_RDY Handshake beat=9 wlast=0
[145000] MASTER 1 R_VALID_RDY Handshake beat=1 rlast=1
[145000] [MASTER MONITOR] READ mst_id=1 s_id=1 araddr=14fb5580 arid=2 arlen=1 arsize=3 arburst=1 rid=[22] rresp=[00] rdata=[baadf00d12345678baadf00d12345678]
[145000] AXI S0_WVALID_RDY HANDSHAKE
[145000] S0 MEMORY WRITE beat=8 addr=09880450 data=e20e44c7f9423ee2 id=0b
[145000] SCOREBOARD MATCH: decode_err expected = 0, actual =0
[145000] SCOREBOARD MATCH: slave_id expected = 1, actual =1
[145000] SCOREBOARD MATCH: araddr passthrough expected = 14fb5580, actual =14fb5580
[145000] SCOREBOARD MATCH: arlen passthrough expected = 1, actual =1
[145000] SCOREBOARD MATCH: arsize passthrough expected = 3, actual =3
[145000] SCOREBOARD MATCH: arburst passthrough expected = 1, actual =1
[145000] SCOREBOARD MATCH: rdata size check expected = 2, actual =2
[145000] SCOREBOARD MATCH: rdata passthrough beat=0 expected = baadf00d12345678, actual =baadf00d12345678
[145000] SCOREBOARD MATCH: rdata passthrough beat=1 expected = baadf00d12345678, actual =baadf00d12345678
[145000] SCOREBOARD MATCH: rresp size check expected = 2, actual =2
[145000] SCOREBOARD MATCH: rresp passthrough beat=0 expected = 0, actual =0
[145000] SCOREBOARD MATCH: rresp passthrough beat=1 expected = 0, actual =0
[145000] SCOREBOARD MATCH: response routed to correct master (read beat 0) expected = 1, actual =1
[145000] SCOREBOARD MATCH: response routed to correct master (read beat 1) expected = 1, actual =1
[145000] [SCOREBOARD-M] READ mst_id=1 s_id=1 araddr=14fb5580 arid=2 arlen=1 arsize=3 arburst=1 rid=[22] rresp=[00] rdata=[baadf00d12345678baadf00d12345678]
[145000] [SCOREBOARD-S] READ mst_id=1 s_id=1 araddr=14fb5580 arid=2 arlen=1 arsize=3 arburst=1 rid=[1212] rresp=[00] rdata=[baadf00d12345678baadf00d12345678]
[145000] SCOREBOARD: Transaction 3 received. pass=42 fail=0
[145000] ALL PASS. Total transactions: 3
[155000] AXI S0_WVALID_RDY HANDSHAKE
[155000] S0 MEMORY WRITE beat=9 addr=09880451 data=962daf76df26b553 id=0b
[155000] MASTER 0 W_VALID_RDY Handshake beat=10 wlast=0
[165000] MASTER 0 W_VALID_RDY Handshake beat=11 wlast=0
[165000] AXI S0_WVALID_RDY HANDSHAKE
[165000] S0 MEMORY WRITE beat=10 addr=09880452 data=dca0ebc0cc4cc081 id=0b
[175000] AXI S0_WVALID_RDY HANDSHAKE
[175000] S0 MEMORY WRITE beat=11 addr=09880453 data=c58eff63f1f3339d id=0b
[175000] MASTER 0 W_VALID_RDY Handshake beat=12 wlast=0
[185000] MASTER 0 W_VALID_RDY Handshake beat=13 wlast=0
[185000] AXI S0_WVALID_RDY HANDSHAKE
[185000] S0 MEMORY WRITE beat=12 addr=09880454 data=d119e8f0beaf3087 id=0b
[195000] AXI S0_WVALID_RDY HANDSHAKE
[195000] S0 MEMORY WRITE beat=13 addr=09880455 data=8afbf108dbbcaed9 id=0b
[195000] MASTER 0 W_VALID_RDY Handshake beat=14 wlast=0
[205000] MASTER 0 W_VALID_RDY Handshake beat=15 wlast=0
[205000] AXI S0_WVALID_RDY HANDSHAKE
[205000] S0 MEMORY WRITE beat=14 addr=09880456 data=cdafe277adbad4b0 id=0b
[215000] AXI S0_WVALID_RDY HANDSHAKE
[215000] S0 MEMORY WRITE beat=15 addr=09880457 data=ec6a0538d08af06b id=0b
[215000] MASTER 0 W_VALID_RDY Handshake beat=16 wlast=0
[225000] MASTER 0 W_VALID_RDY Handshake beat=17 wlast=0
[225000] AXI S0_WVALID_RDY HANDSHAKE
[225000] S0 MEMORY WRITE beat=16 addr=09880458 data=2c479f459ec9cb67 id=0b
[235000] AXI S0_WVALID_RDY HANDSHAKE
[235000] S0 MEMORY WRITE beat=17 addr=09880459 data=cc84a018f765f640 id=0b
[235000] MASTER 0 W_VALID_RDY Handshake beat=18 wlast=0
[245000] MASTER 0 W_VALID_RDY Handshake beat=19 wlast=0
[245000] AXI S0_WVALID_RDY HANDSHAKE
[245000] S0 MEMORY WRITE beat=18 addr=0988045a data=c7f0e6acf9f781bc id=0b
[255000] AXI S0_WVALID_RDY HANDSHAKE
[255000] S0 MEMORY WRITE beat=19 addr=0988045b data=98c14d2338eea550 id=0b
[255000] MASTER 0 W_VALID_RDY Handshake beat=20 wlast=0
[265000] MASTER 0 W_VALID_RDY Handshake beat=21 wlast=0
[265000] AXI S0_WVALID_RDY HANDSHAKE
[265000] S0 MEMORY WRITE beat=20 addr=0988045c data=b0549b90f43885f1 id=0b
[275000] AXI S0_WVALID_RDY HANDSHAKE
[275000] S0 MEMORY WRITE beat=21 addr=0988045d data=ee3007ade545ed3b id=0b
[275000] MASTER 0 W_VALID_RDY Handshake beat=22 wlast=0
[285000] MASTER 0 W_VALID_RDY Handshake beat=23 wlast=0
[285000] AXI S0_WVALID_RDY HANDSHAKE
[285000] S0 MEMORY WRITE beat=22 addr=0988045e data=9e34928bf845823c id=0b
[295000] AXI S0_WVALID_RDY HANDSHAKE
[295000] S0 MEMORY WRITE beat=23 addr=0988045f data=ec7e082d86f154d0 id=0b
[295000] MASTER 0 W_VALID_RDY Handshake beat=24 wlast=0
[305000] MASTER 0 W_VALID_RDY Handshake beat=25 wlast=0
[305000] AXI S0_WVALID_RDY HANDSHAKE
[305000] S0 MEMORY WRITE beat=24 addr=09880460 data=ec37420cce892e1c id=0b
[315000] AXI S0_WVALID_RDY HANDSHAKE
[315000] S0 MEMORY WRITE beat=25 addr=09880461 data=c6ceb058daae0fda id=0b
[315000] MASTER 0 W_VALID_RDY Handshake beat=26 wlast=0
[325000] MASTER 0 W_VALID_RDY Handshake beat=27 wlast=0
[325000] AXI S0_WVALID_RDY HANDSHAKE
[325000] S0 MEMORY WRITE beat=26 addr=09880462 data=e19f64ab8a6bd497 id=0b
[335000] AXI S0_WVALID_RDY HANDSHAKE
[335000] S0 MEMORY WRITE beat=27 addr=09880463 data=d8f502b3334cb886 id=0b
[335000] MASTER 0 W_VALID_RDY Handshake beat=28 wlast=0
[345000] MASTER 0 W_VALID_RDY Handshake beat=29 wlast=0
[345000] AXI S0_WVALID_RDY HANDSHAKE
[345000] S0 MEMORY WRITE beat=28 addr=09880464 data=8dfac860cdd6a6b7 id=0b
[355000] AXI S0_WVALID_RDY HANDSHAKE
[355000] S0 MEMORY WRITE beat=29 addr=09880465 data=d8427b4e1fc3b30c id=0b
[355000] MASTER 0 W_VALID_RDY Handshake beat=30 wlast=0
[365000] MASTER 0 W_VALID_RDY Handshake beat=31 wlast=0
[365000] AXI S0_WVALID_RDY HANDSHAKE
[365000] S0 MEMORY WRITE beat=30 addr=09880466 data=d3106b92ef9a2d0b id=0b
[375000] AXI S0_WVALID_RDY HANDSHAKE
[375000] S0 MEMORY WRITE beat=31 addr=09880467 data=bd70d3c231377e02 id=0b
[375000] MASTER 0 W_VALID_RDY Handshake beat=32 wlast=0
[385000] MASTER 0 W_VALID_RDY Handshake beat=33 wlast=0
[385000] AXI S0_WVALID_RDY HANDSHAKE
[385000] S0 MEMORY WRITE beat=32 addr=09880468 data=d0fb310ee10b33f2 id=0b
[395000] AXI S0_WVALID_RDY HANDSHAKE
[395000] S0 MEMORY WRITE beat=33 addr=09880469 data=d0a560fe15b34f11 id=0b
[395000] MASTER 0 W_VALID_RDY Handshake beat=34 wlast=0
[405000] MASTER 0 W_VALID_RDY Handshake beat=35 wlast=0
[405000] AXI S0_WVALID_RDY HANDSHAKE
[405000] S0 MEMORY WRITE beat=34 addr=0988046a data=c6eacd13240b9ca0 id=0b
[415000] AXI S0_WVALID_RDY HANDSHAKE
[415000] S0 MEMORY WRITE beat=35 addr=0988046b data=8516d0928e1634c0 id=0b
[415000] MASTER 0 W_VALID_RDY Handshake beat=36 wlast=0
[425000] MASTER 0 W_VALID_RDY Handshake beat=37 wlast=0
[425000] AXI S0_WVALID_RDY HANDSHAKE
[425000] S0 MEMORY WRITE beat=36 addr=0988046c data=a3c983d117e5fe21 id=0b
[435000] AXI S0_WVALID_RDY HANDSHAKE
[435000] S0 MEMORY WRITE beat=37 addr=0988046d data=3bf19ac1d5bc3190 id=0b
[435000] MASTER 0 W_VALID_RDY Handshake beat=38 wlast=0
[445000] MASTER 0 W_VALID_RDY Handshake beat=39 wlast=0
[445000] AXI S0_WVALID_RDY HANDSHAKE
[445000] S0 MEMORY WRITE beat=38 addr=0988046e data=e3d26651eab450e4 id=0b
[455000] AXI S0_WVALID_RDY HANDSHAKE
[455000] S0 MEMORY WRITE beat=39 addr=0988046f data=829a4f05c1086b53 id=0b
[455000] MASTER 0 W_VALID_RDY Handshake beat=40 wlast=0
[465000] MASTER 0 W_VALID_RDY Handshake beat=41 wlast=0
[465000] AXI S0_WVALID_RDY HANDSHAKE
[465000] S0 MEMORY WRITE beat=40 addr=09880470 data=16c49ce4879bea22 id=0b
[475000] AXI S0_WVALID_RDY HANDSHAKE
[475000] S0 MEMORY WRITE beat=41 addr=09880471 data=f2503b07be8be9c6 id=0b
[475000] MASTER 0 W_VALID_RDY Handshake beat=42 wlast=0
[485000] MASTER 0 W_VALID_RDY Handshake beat=43 wlast=0
[485000] AXI S0_WVALID_RDY HANDSHAKE
[485000] S0 MEMORY WRITE beat=42 addr=09880472 data=ff94551afa970335 id=0b
[495000] AXI S0_WVALID_RDY HANDSHAKE
[495000] S0 MEMORY WRITE beat=43 addr=09880473 data=8232ed57f4ea8a0c id=0b
[495000] MASTER 0 W_VALID_RDY Handshake beat=44 wlast=0
[505000] MASTER 0 W_VALID_RDY Handshake beat=45 wlast=0
[505000] AXI S0_WVALID_RDY HANDSHAKE
[505000] S0 MEMORY WRITE beat=44 addr=09880474 data=337673d31658f1fe id=0b
[515000] AXI S0_WVALID_RDY HANDSHAKE
[515000] S0 MEMORY WRITE beat=45 addr=09880475 data=10eff533f483285e id=0b
[515000] MASTER 0 W_VALID_RDY Handshake beat=46 wlast=0
[525000] MASTER 0 W_VALID_RDY Handshake beat=47 wlast=0
[525000] AXI S0_WVALID_RDY HANDSHAKE
[525000] S0 MEMORY WRITE beat=46 addr=09880476 data=e96db26b330ac8ed id=0b
[535000] AXI S0_WVALID_RDY HANDSHAKE
[535000] S0 MEMORY WRITE beat=47 addr=09880477 data=c963baeb9322e28a id=0b
[535000] MASTER 0 W_VALID_RDY Handshake beat=48 wlast=0
[545000] MASTER 0 W_VALID_RDY Handshake beat=49 wlast=0
[545000] AXI S0_WVALID_RDY HANDSHAKE
[545000] S0 MEMORY WRITE beat=48 addr=09880478 data=07a60ae91ce4263e id=0b
[555000] AXI S0_WVALID_RDY HANDSHAKE
[555000] S0 MEMORY WRITE beat=49 addr=09880479 data=cfeeef2bda53b01e id=0b
[555000] MASTER 0 W_VALID_RDY Handshake beat=50 wlast=0
[565000] MASTER 0 W_VALID_RDY Handshake beat=51 wlast=0
[565000] AXI S0_WVALID_RDY HANDSHAKE
[565000] S0 MEMORY WRITE beat=50 addr=0988047a data=ed7692a8f113bd54 id=0b
[575000] AXI S0_WVALID_RDY HANDSHAKE
[575000] S0 MEMORY WRITE beat=51 addr=0988047b data=0df7e3921952aa16 id=0b
[575000] MASTER 0 W_VALID_RDY Handshake beat=52 wlast=0
[585000] MASTER 0 W_VALID_RDY Handshake beat=53 wlast=0
[585000] AXI S0_WVALID_RDY HANDSHAKE
[585000] S0 MEMORY WRITE beat=52 addr=0988047c data=f3a65a34f51c9d91 id=0b
[595000] AXI S0_WVALID_RDY HANDSHAKE
[595000] S0 MEMORY WRITE beat=53 addr=0988047d data=e6305ae5dde6d2bd id=0b
[595000] MASTER 0 W_VALID_RDY Handshake beat=54 wlast=0
[605000] MASTER 0 W_VALID_RDY Handshake beat=55 wlast=0
[605000] AXI S0_WVALID_RDY HANDSHAKE
[605000] S0 MEMORY WRITE beat=54 addr=0988047e data=f7397cd3e11cecdc id=0b
[615000] AXI S0_WVALID_RDY HANDSHAKE
[615000] S0 MEMORY WRITE beat=55 addr=0988047f data=d6398a6ef4283e77 id=0b
[615000] MASTER 0 W_VALID_RDY Handshake beat=56 wlast=0
[625000] MASTER 0 W_VALID_RDY Handshake beat=57 wlast=0
[625000] AXI S0_WVALID_RDY HANDSHAKE
[625000] S0 MEMORY WRITE beat=56 addr=09880480 data=d20f1134eadfd707 id=0b
[635000] AXI S0_WVALID_RDY HANDSHAKE
[635000] S0 MEMORY WRITE beat=57 addr=09880481 data=cbfcc3e3bc69e553 id=0b
[635000] MASTER 0 W_VALID_RDY Handshake beat=58 wlast=0
[645000] MASTER 0 W_VALID_RDY Handshake beat=59 wlast=0
[645000] AXI S0_WVALID_RDY HANDSHAKE
[645000] S0 MEMORY WRITE beat=58 addr=09880482 data=309223cbc9488e07 id=0b
[655000] AXI S0_WVALID_RDY HANDSHAKE
[655000] S0 MEMORY WRITE beat=59 addr=09880483 data=b428650ea2364e51 id=0b
[655000] MASTER 0 W_VALID_RDY Handshake beat=60 wlast=0
[665000] MASTER 0 W_VALID_RDY Handshake beat=61 wlast=0
[665000] AXI S0_WVALID_RDY HANDSHAKE
[665000] S0 MEMORY WRITE beat=60 addr=09880484 data=dea033a582a134ff id=0b
[675000] AXI S0_WVALID_RDY HANDSHAKE
[675000] S0 MEMORY WRITE beat=61 addr=09880485 data=cbe9c307002528f2 id=0b
[675000] MASTER 0 W_VALID_RDY Handshake beat=62 wlast=0
[685000] MASTER 0 W_VALID_RDY Handshake beat=63 wlast=0
[685000] AXI S0_WVALID_RDY HANDSHAKE
[685000] S0 MEMORY WRITE beat=62 addr=09880486 data=a25b77430f325770 id=0b
[695000] AXI S0_WVALID_RDY HANDSHAKE
[695000] S0 MEMORY WRITE beat=63 addr=09880487 data=91d38c6f80122815 id=0b
[695000] MASTER 0 W_VALID_RDY Handshake beat=64 wlast=0
[705000] MASTER 0 W_VALID_RDY Handshake beat=65 wlast=0
[705000] AXI S0_WVALID_RDY HANDSHAKE
[705000] S0 MEMORY WRITE beat=64 addr=09880488 data=8037510780fbaae8 id=0b
[715000] AXI S0_WVALID_RDY HANDSHAKE
[715000] S0 MEMORY WRITE beat=65 addr=09880489 data=902e0258ddbd4f76 id=0b
[715000] MASTER 0 W_VALID_RDY Handshake beat=66 wlast=0
[725000] MASTER 0 W_VALID_RDY Handshake beat=67 wlast=0
[725000] AXI S0_WVALID_RDY HANDSHAKE
[725000] S0 MEMORY WRITE beat=66 addr=0988048a data=ddcf778c2292c84b id=0b
[735000] AXI S0_WVALID_RDY HANDSHAKE
[735000] S0 MEMORY WRITE beat=67 addr=0988048b data=a38e733322018ec8 id=0b
[735000] MASTER 0 W_VALID_RDY Handshake beat=68 wlast=0
[745000] MASTER 0 W_VALID_RDY Handshake beat=69 wlast=0
[745000] AXI S0_WVALID_RDY HANDSHAKE
[745000] S0 MEMORY WRITE beat=68 addr=0988048c data=ffbede3ede06c893 id=0b
[755000] AXI S0_WVALID_RDY HANDSHAKE
[755000] S0 MEMORY WRITE beat=69 addr=0988048d data=809990de33bc758c id=0b
[755000] MASTER 0 W_VALID_RDY Handshake beat=70 wlast=0
[765000] MASTER 0 W_VALID_RDY Handshake beat=71 wlast=0
[765000] AXI S0_WVALID_RDY HANDSHAKE
[765000] S0 MEMORY WRITE beat=70 addr=0988048e data=d5be0454dd8e55ca id=0b
[775000] AXI S0_WVALID_RDY HANDSHAKE
[775000] S0 MEMORY WRITE beat=71 addr=0988048f data=3b951e5e24280412 id=0b
[775000] MASTER 0 W_VALID_RDY Handshake beat=72 wlast=0
[785000] MASTER 0 W_VALID_RDY Handshake beat=73 wlast=0
[785000] AXI S0_WVALID_RDY HANDSHAKE
[785000] S0 MEMORY WRITE beat=72 addr=09880490 data=d7e4799ed57ce292 id=0b
[795000] AXI S0_WVALID_RDY HANDSHAKE
[795000] S0 MEMORY WRITE beat=73 addr=09880491 data=330b385dbc2eaf3c id=0b
[795000] MASTER 0 W_VALID_RDY Handshake beat=74 wlast=0
[805000] MASTER 0 W_VALID_RDY Handshake beat=75 wlast=0
[805000] AXI S0_WVALID_RDY HANDSHAKE
[805000] S0 MEMORY WRITE beat=74 addr=09880492 data=e056b34e2da27df2 id=0b
[815000] AXI S0_WVALID_RDY HANDSHAKE
[815000] S0 MEMORY WRITE beat=75 addr=09880493 data=831f6084eea056bb id=0b
[815000] MASTER 0 W_VALID_RDY Handshake beat=76 wlast=0
[825000] MASTER 0 W_VALID_RDY Handshake beat=77 wlast=0
[825000] AXI S0_WVALID_RDY HANDSHAKE
[825000] S0 MEMORY WRITE beat=76 addr=09880494 data=aacf05f7b83b2cec id=0b
[835000] AXI S0_WVALID_RDY HANDSHAKE
[835000] S0 MEMORY WRITE beat=77 addr=09880495 data=e5ddaadeb62a98e1 id=0b
[835000] MASTER 0 W_VALID_RDY Handshake beat=78 wlast=0
[845000] MASTER 0 W_VALID_RDY Handshake beat=79 wlast=0
[845000] AXI S0_WVALID_RDY HANDSHAKE
[845000] S0 MEMORY WRITE beat=78 addr=09880496 data=a4caef9c0b25b946 id=0b
[855000] AXI S0_WVALID_RDY HANDSHAKE
[855000] S0 MEMORY WRITE beat=79 addr=09880497 data=c360e632e8fd0b63 id=0b
[855000] MASTER 0 W_VALID_RDY Handshake beat=80 wlast=0
[865000] MASTER 0 W_VALID_RDY Handshake beat=81 wlast=0
[865000] AXI S0_WVALID_RDY HANDSHAKE
[865000] S0 MEMORY WRITE beat=80 addr=09880498 data=9f27a444cf99f594 id=0b
[875000] AXI S0_WVALID_RDY HANDSHAKE
[875000] S0 MEMORY WRITE beat=81 addr=09880499 data=dabfaeda293e9111 id=0b
[875000] MASTER 0 W_VALID_RDY Handshake beat=82 wlast=0
[885000] MASTER 0 W_VALID_RDY Handshake beat=83 wlast=0
[885000] AXI S0_WVALID_RDY HANDSHAKE
[885000] S0 MEMORY WRITE beat=82 addr=0988049a data=123b9c74c3f293e1 id=0b
[895000] AXI S0_WVALID_RDY HANDSHAKE
[895000] S0 MEMORY WRITE beat=83 addr=0988049b data=138c89759e20950c id=0b
[895000] MASTER 0 W_VALID_RDY Handshake beat=84 wlast=0
[905000] MASTER 0 W_VALID_RDY Handshake beat=85 wlast=0
[905000] AXI S0_WVALID_RDY HANDSHAKE
[905000] S0 MEMORY WRITE beat=84 addr=0988049c data=c75f261db16340b8 id=0b
[915000] AXI S0_WVALID_RDY HANDSHAKE
[915000] S0 MEMORY WRITE beat=85 addr=0988049d data=f555d499ee4c384f id=0b
[915000] MASTER 0 W_VALID_RDY Handshake beat=86 wlast=0
[925000] MASTER 0 W_VALID_RDY Handshake beat=87 wlast=0
[925000] AXI S0_WVALID_RDY HANDSHAKE
[925000] S0 MEMORY WRITE beat=86 addr=0988049e data=8c6ccd5bd99ac291 id=0b
[935000] AXI S0_WVALID_RDY HANDSHAKE
[935000] S0 MEMORY WRITE beat=87 addr=0988049f data=0afe034a88e25e0e id=0b
[935000] MASTER 0 W_VALID_RDY Handshake beat=88 wlast=0
[945000] MASTER 0 W_VALID_RDY Handshake beat=89 wlast=0
[945000] AXI S0_WVALID_RDY HANDSHAKE
[945000] S0 MEMORY WRITE beat=88 addr=098804a0 data=f72e965dd3cbf379 id=0b
[955000] AXI S0_WVALID_RDY HANDSHAKE
[955000] S0 MEMORY WRITE beat=89 addr=098804a1 data=ad66b60a8053d7e3 id=0b
[955000] MASTER 0 W_VALID_RDY Handshake beat=90 wlast=0
[965000] MASTER 0 W_VALID_RDY Handshake beat=91 wlast=0
[965000] AXI S0_WVALID_RDY HANDSHAKE
[965000] S0 MEMORY WRITE beat=90 addr=098804a2 data=093635f2039b63b9 id=0b
[975000] AXI S0_WVALID_RDY HANDSHAKE
[975000] S0 MEMORY WRITE beat=91 addr=098804a3 data=d7675732b864b954 id=0b
[975000] MASTER 0 W_VALID_RDY Handshake beat=92 wlast=0
[985000] MASTER 0 W_VALID_RDY Handshake beat=93 wlast=0
[985000] AXI S0_WVALID_RDY HANDSHAKE
[985000] S0 MEMORY WRITE beat=92 addr=098804a4 data=38b891388064cc4f id=0b
[995000] AXI S0_WVALID_RDY HANDSHAKE
[995000] S0 MEMORY WRITE beat=93 addr=098804a5 data=8400300884ce0d3c id=0b
[995000] MASTER 0 W_VALID_RDY Handshake beat=94 wlast=0
[1005000] MASTER 0 W_VALID_RDY Handshake beat=95 wlast=0
[1005000] AXI S0_WVALID_RDY HANDSHAKE
[1005000] S0 MEMORY WRITE beat=94 addr=098804a6 data=3d32c691c1eec72a id=0b
[1015000] AXI S0_WVALID_RDY HANDSHAKE
[1015000] S0 MEMORY WRITE beat=95 addr=098804a7 data=c2539379db67873a id=0b
[1015000] MASTER 0 W_VALID_RDY Handshake beat=96 wlast=0
[1025000] MASTER 0 W_VALID_RDY Handshake beat=97 wlast=0
[1025000] AXI S0_WVALID_RDY HANDSHAKE
[1025000] S0 MEMORY WRITE beat=96 addr=098804a8 data=e0359477f5eb57c9 id=0b
[1035000] AXI S0_WVALID_RDY HANDSHAKE
[1035000] S0 MEMORY WRITE beat=97 addr=098804a9 data=37da1ef3c653c382 id=0b
[1035000] MASTER 0 W_VALID_RDY Handshake beat=98 wlast=0
[1045000] MASTER 0 W_VALID_RDY Handshake beat=99 wlast=0
[1045000] AXI S0_WVALID_RDY HANDSHAKE
[1045000] S0 MEMORY WRITE beat=98 addr=098804aa data=a1bb4abc1d685b08 id=0b
[1055000] AXI S0_WVALID_RDY HANDSHAKE
[1055000] S0 MEMORY WRITE beat=99 addr=098804ab data=1353b2d1fa2db26c id=0b
[1055000] MASTER 0 W_VALID_RDY Handshake beat=100 wlast=0
[1065000] MASTER 0 W_VALID_RDY Handshake beat=101 wlast=0
[1065000] AXI S0_WVALID_RDY HANDSHAKE
[1065000] S0 MEMORY WRITE beat=100 addr=098804ac data=c08175ee81f0df33 id=0b
[1075000] AXI S0_WVALID_RDY HANDSHAKE
[1075000] S0 MEMORY WRITE beat=101 addr=098804ad data=9f593a3bcb2dd1c4 id=0b
[1075000] MASTER 0 W_VALID_RDY Handshake beat=102 wlast=0
[1085000] MASTER 0 W_VALID_RDY Handshake beat=103 wlast=0
[1085000] AXI S0_WVALID_RDY HANDSHAKE
[1085000] S0 MEMORY WRITE beat=102 addr=098804ae data=c55b8430e23cc0ab id=0b
[1095000] AXI S0_WVALID_RDY HANDSHAKE
[1095000] S0 MEMORY WRITE beat=103 addr=098804af data=e42d9fdeb2aced0c id=0b
[1095000] MASTER 0 W_VALID_RDY Handshake beat=104 wlast=0
[1105000] MASTER 0 W_VALID_RDY Handshake beat=105 wlast=0
[1105000] AXI S0_WVALID_RDY HANDSHAKE
[1105000] S0 MEMORY WRITE beat=104 addr=098804b0 data=fddabed005dcfa1f id=0b
[1115000] AXI S0_WVALID_RDY HANDSHAKE
[1115000] S0 MEMORY WRITE beat=105 addr=098804b1 data=e819baca0386da1a id=0b
[1115000] MASTER 0 W_VALID_RDY Handshake beat=106 wlast=0
[1125000] MASTER 0 W_VALID_RDY Handshake beat=107 wlast=0
[1125000] AXI S0_WVALID_RDY HANDSHAKE
[1125000] S0 MEMORY WRITE beat=106 addr=098804b2 data=b633c726c3364301 id=0b
[1135000] AXI S0_WVALID_RDY HANDSHAKE
[1135000] S0 MEMORY WRITE beat=107 addr=098804b3 data=c9133d20cc475aa8 id=0b
[1135000] MASTER 0 W_VALID_RDY Handshake beat=108 wlast=0
[1145000] MASTER 0 W_VALID_RDY Handshake beat=109 wlast=0
[1145000] AXI S0_WVALID_RDY HANDSHAKE
[1145000] S0 MEMORY WRITE beat=108 addr=098804b4 data=cfce34c2340e85f7 id=0b
[1155000] AXI S0_WVALID_RDY HANDSHAKE
[1155000] S0 MEMORY WRITE beat=109 addr=098804b5 data=f744c8f8312cf7ea id=0b
[1155000] MASTER 0 W_VALID_RDY Handshake beat=110 wlast=0
[1165000] MASTER 0 W_VALID_RDY Handshake beat=111 wlast=0
[1165000] AXI S0_WVALID_RDY HANDSHAKE
[1165000] S0 MEMORY WRITE beat=110 addr=098804b6 data=fd7452920601fbe9 id=0b
[1175000] AXI S0_WVALID_RDY HANDSHAKE
[1175000] S0 MEMORY WRITE beat=111 addr=098804b7 data=3a1081e0c0580618 id=0b
[1175000] MASTER 0 W_VALID_RDY Handshake beat=112 wlast=0
[1185000] MASTER 0 W_VALID_RDY Handshake beat=113 wlast=0
[1185000] AXI S0_WVALID_RDY HANDSHAKE
[1185000] S0 MEMORY WRITE beat=112 addr=098804b8 data=f184fe02cd428755 id=0b
[1195000] AXI S0_WVALID_RDY HANDSHAKE
[1195000] S0 MEMORY WRITE beat=113 addr=098804b9 data=d344833e31554ad8 id=0b
[1195000] MASTER 0 W_VALID_RDY Handshake beat=114 wlast=0
[1205000] MASTER 0 W_VALID_RDY Handshake beat=115 wlast=0
[1205000] AXI S0_WVALID_RDY HANDSHAKE
[1205000] S0 MEMORY WRITE beat=114 addr=098804ba data=f1ad50f0eef95094 id=0b
[1215000] AXI S0_WVALID_RDY HANDSHAKE
[1215000] S0 MEMORY WRITE beat=115 addr=098804bb data=bc3bd7e90d55051e id=0b
[1215000] MASTER 0 W_VALID_RDY Handshake beat=116 wlast=0
[1225000] MASTER 0 W_VALID_RDY Handshake beat=117 wlast=0
[1225000] AXI S0_WVALID_RDY HANDSHAKE
[1225000] S0 MEMORY WRITE beat=116 addr=098804bc data=3eaa4ff6e3324ef2 id=0b
[1235000] AXI S0_WVALID_RDY HANDSHAKE
[1235000] S0 MEMORY WRITE beat=117 addr=098804bd data=d22b9f868f805b27 id=0b
[1235000] MASTER 0 W_VALID_RDY Handshake beat=118 wlast=0
[1245000] MASTER 0 W_VALID_RDY Handshake beat=119 wlast=0
[1245000] AXI S0_WVALID_RDY HANDSHAKE
[1245000] S0 MEMORY WRITE beat=118 addr=098804be data=9cd560453057a0e6 id=0b
[1255000] AXI S0_WVALID_RDY HANDSHAKE
[1255000] S0 MEMORY WRITE beat=119 addr=098804bf data=1389efd80e677770 id=0b
[1255000] MASTER 0 W_VALID_RDY Handshake beat=120 wlast=0
[1265000] MASTER 0 W_VALID_RDY Handshake beat=121 wlast=0
[1265000] AXI S0_WVALID_RDY HANDSHAKE
[1265000] S0 MEMORY WRITE beat=120 addr=098804c0 data=9de7d297db7fb03b id=0b
[1275000] AXI S0_WVALID_RDY HANDSHAKE
[1275000] S0 MEMORY WRITE beat=121 addr=098804c1 data=8bd75121e5b58f5e id=0b
[1275000] MASTER 0 W_VALID_RDY Handshake beat=122 wlast=0
[1285000] MASTER 0 W_VALID_RDY Handshake beat=123 wlast=0
[1285000] AXI S0_WVALID_RDY HANDSHAKE
[1285000] S0 MEMORY WRITE beat=122 addr=098804c2 data=f41d06ce3abd32dd id=0b
[1295000] AXI S0_WVALID_RDY HANDSHAKE
[1295000] S0 MEMORY WRITE beat=123 addr=098804c3 data=963ce3189f6140f9 id=0b
[1295000] MASTER 0 W_VALID_RDY Handshake beat=124 wlast=0
[1305000] MASTER 0 W_VALID_RDY Handshake beat=125 wlast=0
[1305000] AXI S0_WVALID_RDY HANDSHAKE
[1305000] S0 MEMORY WRITE beat=124 addr=098804c4 data=0516d0581204d966 id=0b
[1315000] AXI S0_WVALID_RDY HANDSHAKE
[1315000] S0 MEMORY WRITE beat=125 addr=098804c5 data=ccc20c432214343a id=0b
[1315000] MASTER 0 W_VALID_RDY Handshake beat=126 wlast=0
[1325000] MASTER 0 W_VALID_RDY Handshake beat=127 wlast=0
[1325000] AXI S0_WVALID_RDY HANDSHAKE
[1325000] S0 MEMORY WRITE beat=126 addr=098804c6 data=c1757533f933d726 id=0b
[1335000] AXI S0_WVALID_RDY HANDSHAKE
[1335000] S0 MEMORY WRITE beat=127 addr=098804c7 data=8b38b08ce2feef5b id=0b
[1335000] MASTER 0 W_VALID_RDY Handshake beat=128 wlast=0
[1345000] MASTER 0 W_VALID_RDY Handshake beat=129 wlast=0
[1345000] AXI S0_WVALID_RDY HANDSHAKE
[1345000] S0 MEMORY WRITE beat=128 addr=098804c8 data=85132395c68c458b id=0b
[1355000] AXI S0_WVALID_RDY HANDSHAKE
[1355000] S0 MEMORY WRITE beat=129 addr=098804c9 data=3fc01cb2d7fabccf id=0b
[1355000] MASTER 0 W_VALID_RDY Handshake beat=130 wlast=0
[1365000] MASTER 0 W_VALID_RDY Handshake beat=131 wlast=0
[1365000] AXI S0_WVALID_RDY HANDSHAKE
[1365000] S0 MEMORY WRITE beat=130 addr=098804ca data=3af9ac2bc68898c9 id=0b
[1375000] AXI S0_WVALID_RDY HANDSHAKE
[1375000] S0 MEMORY WRITE beat=131 addr=098804cb data=8d14de54caf8cd3e id=0b
[1375000] MASTER 0 W_VALID_RDY Handshake beat=132 wlast=0
[1385000] MASTER 0 W_VALID_RDY Handshake beat=133 wlast=0
[1385000] AXI S0_WVALID_RDY HANDSHAKE
[1385000] S0 MEMORY WRITE beat=132 addr=098804cc data=22f38a0ec00ccfc0 id=0b
[1395000] AXI S0_WVALID_RDY HANDSHAKE
[1395000] S0 MEMORY WRITE beat=133 addr=098804cd data=86956889ccd4fb06 id=0b
[1395000] MASTER 0 W_VALID_RDY Handshake beat=134 wlast=0
[1405000] MASTER 0 W_VALID_RDY Handshake beat=135 wlast=0
[1405000] AXI S0_WVALID_RDY HANDSHAKE
[1405000] S0 MEMORY WRITE beat=134 addr=098804ce data=17cdc845dded3639 id=0b
[1415000] AXI S0_WVALID_RDY HANDSHAKE
[1415000] S0 MEMORY WRITE beat=135 addr=098804cf data=9dfa05f913aa46de id=0b
[1415000] MASTER 0 W_VALID_RDY Handshake beat=136 wlast=0
[1425000] MASTER 0 W_VALID_RDY Handshake beat=137 wlast=0
[1425000] AXI S0_WVALID_RDY HANDSHAKE
[1425000] S0 MEMORY WRITE beat=136 addr=098804d0 data=e07f41e43ac15253 id=0b
[1435000] AXI S0_WVALID_RDY HANDSHAKE
[1435000] S0 MEMORY WRITE beat=137 addr=098804d1 data=18ae888c248f6e83 id=0b
[1435000] MASTER 0 W_VALID_RDY Handshake beat=138 wlast=0
[1445000] MASTER 0 W_VALID_RDY Handshake beat=139 wlast=0
[1445000] AXI S0_WVALID_RDY HANDSHAKE
[1445000] S0 MEMORY WRITE beat=138 addr=098804d2 data=3839b561f84d0a29 id=0b
[1455000] AXI S0_WVALID_RDY HANDSHAKE
[1455000] S0 MEMORY WRITE beat=139 addr=098804d3 data=b30e5c7cb6a88e85 id=0b
[1455000] MASTER 0 W_VALID_RDY Handshake beat=140 wlast=0
[1465000] MASTER 0 W_VALID_RDY Handshake beat=141 wlast=0
[1465000] AXI S0_WVALID_RDY HANDSHAKE
[1465000] S0 MEMORY WRITE beat=140 addr=098804d4 data=db37fd0898b8f745 id=0b
[1475000] AXI S0_WVALID_RDY HANDSHAKE
[1475000] S0 MEMORY WRITE beat=141 addr=098804d5 data=1106016fcbbce508 id=0b
[1475000] MASTER 0 W_VALID_RDY Handshake beat=142 wlast=0
[1485000] MASTER 0 W_VALID_RDY Handshake beat=143 wlast=0
[1485000] AXI S0_WVALID_RDY HANDSHAKE
[1485000] S0 MEMORY WRITE beat=142 addr=098804d6 data=0265738e9371b269 id=0b
[1495000] AXI S0_WVALID_RDY HANDSHAKE
[1495000] S0 MEMORY WRITE beat=143 addr=098804d7 data=2c2aa9afc4145deb id=0b
[1495000] MASTER 0 W_VALID_RDY Handshake beat=144 wlast=0
[1505000] MASTER 0 W_VALID_RDY Handshake beat=145 wlast=0
[1505000] AXI S0_WVALID_RDY HANDSHAKE
[1505000] S0 MEMORY WRITE beat=144 addr=098804d8 data=0fd142f4dd9d7096 id=0b
[1515000] AXI S0_WVALID_RDY HANDSHAKE
[1515000] S0 MEMORY WRITE beat=145 addr=098804d9 data=f10f23003d30ab1e id=0b
[1515000] MASTER 0 W_VALID_RDY Handshake beat=146 wlast=0
[1525000] MASTER 0 W_VALID_RDY Handshake beat=147 wlast=0
[1525000] AXI S0_WVALID_RDY HANDSHAKE
[1525000] S0 MEMORY WRITE beat=146 addr=098804da data=814509091236b682 id=0b
[1535000] AXI S0_WVALID_RDY HANDSHAKE
[1535000] S0 MEMORY WRITE beat=147 addr=098804db data=efd427181d39ccaf id=0b
[1535000] MASTER 0 W_VALID_RDY Handshake beat=148 wlast=0
[1545000] MASTER 0 W_VALID_RDY Handshake beat=149 wlast=0
[1545000] AXI S0_WVALID_RDY HANDSHAKE
[1545000] S0 MEMORY WRITE beat=148 addr=098804dc data=da6a77cd91164bfd id=0b
[1555000] AXI S0_WVALID_RDY HANDSHAKE
[1555000] S0 MEMORY WRITE beat=149 addr=098804dd data=a34d027fe0e34a18 id=0b
[1555000] MASTER 0 W_VALID_RDY Handshake beat=150 wlast=0
[1565000] MASTER 0 W_VALID_RDY Handshake beat=151 wlast=0
[1565000] AXI S0_WVALID_RDY HANDSHAKE
[1565000] S0 MEMORY WRITE beat=150 addr=098804de data=fe1d16c7dbaf80d6 id=0b
[1575000] AXI S0_WVALID_RDY HANDSHAKE
[1575000] S0 MEMORY WRITE beat=151 addr=098804df data=ecc5ccd413212998 id=0b
[1575000] MASTER 0 W_VALID_RDY Handshake beat=152 wlast=0
[1585000] MASTER 0 W_VALID_RDY Handshake beat=153 wlast=0
[1585000] AXI S0_WVALID_RDY HANDSHAKE
[1585000] S0 MEMORY WRITE beat=152 addr=098804e0 data=f40473b0d8878e94 id=0b
[1595000] AXI S0_WVALID_RDY HANDSHAKE
[1595000] S0 MEMORY WRITE beat=153 addr=098804e1 data=34370f6b9012cf53 id=0b
[1595000] MASTER 0 W_VALID_RDY Handshake beat=154 wlast=0
[1605000] MASTER 0 W_VALID_RDY Handshake beat=155 wlast=0
[1605000] AXI S0_WVALID_RDY HANDSHAKE
[1605000] S0 MEMORY WRITE beat=154 addr=098804e2 data=a333f8ebf2218a78 id=0b
[1615000] AXI S0_WVALID_RDY HANDSHAKE
[1615000] S0 MEMORY WRITE beat=155 addr=098804e3 data=caa9190c20fcdc3f id=0b
[1615000] MASTER 0 W_VALID_RDY Handshake beat=156 wlast=0
[1625000] MASTER 0 W_VALID_RDY Handshake beat=157 wlast=0
[1625000] AXI S0_WVALID_RDY HANDSHAKE
[1625000] S0 MEMORY WRITE beat=156 addr=098804e4 data=b10fab9217386c9c id=0b
[1635000] AXI S0_WVALID_RDY HANDSHAKE
[1635000] S0 MEMORY WRITE beat=157 addr=098804e5 data=0959f714fee02877 id=0b
[1635000] MASTER 0 W_VALID_RDY Handshake beat=158 wlast=0
[1645000] MASTER 0 W_VALID_RDY Handshake beat=159 wlast=0
[1645000] AXI S0_WVALID_RDY HANDSHAKE
[1645000] S0 MEMORY WRITE beat=158 addr=098804e6 data=9fdd04b6d443a47e id=0b
[1655000] AXI S0_WVALID_RDY HANDSHAKE
[1655000] S0 MEMORY WRITE beat=159 addr=098804e7 data=eb7c111ad4031020 id=0b
[1655000] MASTER 0 W_VALID_RDY Handshake beat=160 wlast=0
[1665000] MASTER 0 W_VALID_RDY Handshake beat=161 wlast=0
[1665000] AXI S0_WVALID_RDY HANDSHAKE
[1665000] S0 MEMORY WRITE beat=160 addr=098804e8 data=d2e33898d0ecb049 id=0b
[1675000] AXI S0_WVALID_RDY HANDSHAKE
[1675000] S0 MEMORY WRITE beat=161 addr=098804e9 data=253054c7f4d6082e id=0b
[1675000] MASTER 0 W_VALID_RDY Handshake beat=162 wlast=1
[1675000] MASTER_DRIVER0 received transaction, op=AXI_READ
[1685000] AXI S0_WVALID_RDY HANDSHAKE
[1685000] S0 MEMORY WRITE beat=162 addr=098804ea data=c8d9184ef2c03d4e id=0b
[1695000] SLAVE0 sent B resp, id=11
[1695000] [SLAVE MONITOR] mst_id=0 s_id=0 awaddr=9880448 awid=1011 awlen=162 awsize=0 awburst=1 wdata=[b0f26626b591e7a7 ea7b0919895955c9 de7ad6cc4871d99 fa19054105aa6d5f 8f03c328beda1392 361312ce4940e5a ea3e7bb99ceb7094 dbc58427fd7a366d e20e44c7f9423ee2 962daf76df26b553 dca0ebc0cc4cc081 c58eff63f1f3339d d119e8f0beaf3087 8afbf108dbbcaed9 cdafe277adbad4b0 ec6a0538d08af06b 2c479f459ec9cb67 cc84a018f765f640 c7f0e6acf9f781bc 98c14d2338eea550 b0549b90f43885f1 ee3007ade545ed3b 9e34928bf845823c ec7e082d86f154d0 ec37420cce892e1c c6ceb058daae0fda e19f64ab8a6bd497 d8f502b3334cb886 8dfac860cdd6a6b7 d8427b4e1fc3b30c d3106b92ef9a2d0b bd70d3c231377e02 d0fb310ee10b33f2 d0a560fe15b34f11 c6eacd13240b9ca0 8516d0928e1634c0 a3c983d117e5fe21 3bf19ac1d5bc3190 e3d26651eab450e4 829a4f05c1086b53 16c49ce4879bea22 f2503b07be8be9c6 ff94551afa970335 8232ed57f4ea8a0c 337673d31658f1fe 10eff533f483285e e96db26b330ac8ed c963baeb9322e28a 7a60ae91ce4263e cfeeef2bda53b01e ed7692a8f113bd54 df7e3921952aa16 f3a65a34f51c9d91 e6305ae5dde6d2bd f7397cd3e11cecdc d6398a6ef4283e77 d20f1134eadfd707 cbfcc3e3bc69e553 309223cbc9488e07 b428650ea2364e51 dea033a582a134ff cbe9c307002528f2 a25b77430f325770 91d38c6f80122815 8037510780fbaae8 902e0258ddbd4f76 ddcf778c2292c84b a38e733322018ec8 ffbede3ede06c893 809990de33bc758c d5be0454dd8e55ca 3b951e5e24280412 d7e4799ed57ce292 330b385dbc2eaf3c e056b34e2da27df2 831f6084eea056bb aacf05f7b83b2cec e5ddaadeb62a98e1 a4caef9c0b25b946 c360e632e8fd0b63 9f27a444cf99f594 dabfaeda293e9111 123b9c74c3f293e1 138c89759e20950c c75f261db16340b8 f555d499ee4c384f 8c6ccd5bd99ac291 afe034a88e25e0e f72e965dd3cbf379 ad66b60a8053d7e3 93635f2039b63b9 d7675732b864b954 38b891388064cc4f 8400300884ce0d3c 3d32c691c1eec72a c2539379db67873a e0359477f5eb57c9 37da1ef3c653c382 a1bb4abc1d685b08 1353b2d1fa2db26c c08175ee81f0df33 9f593a3bcb2dd1c4 c55b8430e23cc0ab e42d9fdeb2aced0c fddabed005dcfa1f e819baca0386da1a b633c726c3364301 c9133d20cc475aa8 cfce34c2340e85f7 f744c8f8312cf7ea fd7452920601fbe9 3a1081e0c0580618 f184fe02cd428755 d344833e31554ad8 f1ad50f0eef95094 bc3bd7e90d55051e 3eaa4ff6e3324ef2 d22b9f868f805b27 9cd560453057a0e6 1389efd80e677770 9de7d297db7fb03b 8bd75121e5b58f5e f41d06ce3abd32dd 963ce3189f6140f9 516d0581204d966 ccc20c432214343a c1757533f933d726 8b38b08ce2feef5b 85132395c68c458b 3fc01cb2d7fabccf 3af9ac2bc68898c9 8d14de54caf8cd3e 22f38a0ec00ccfc0 86956889ccd4fb06 17cdc845dded3639 9dfa05f913aa46de e07f41e43ac15253 18ae888c248f6e83 3839b561f84d0a29 b30e5c7cb6a88e85 db37fd0898b8f745 1106016fcbbce508 265738e9371b269 2c2aa9afc4145deb fd142f4dd9d7096 f10f23003d30ab1e 814509091236b682 efd427181d39ccaf da6a77cd91164bfd a34d027fe0e34a18 fe1d16c7dbaf80d6 ecc5ccd413212998 f40473b0d8878e94 34370f6b9012cf53 a333f8ebf2218a78 caa9190c20fcdc3f b10fab9217386c9c 959f714fee02877 9fdd04b6d443a47e eb7c111ad4031020 d2e33898d0ecb049 253054c7f4d6082e c8d9184ef2c03d4e ] wstrb=[e1 97 e6 f 5e 35 5d 3f cc 44 4e 2b 79 ac 6a 45 f0 b9 70 69 65 db ae 55 94 1f be f9 fa 6c 4e 8e 8b c 87 85 78 d5 13 4 e1 9a 89 59 6f 9d 5d 50 37 e7 aa a7 84 7 f7 bb ee a1 62 72 a9 5a 2e 97 fb 90 a a4 ea 38 3c e6 c8 46 8a b3 7e c6 99 46 c 23 f9 8a ea 92 d1 f6 b6 ca 81 a0 5d 52 96 13 1c 17 b3 79 69 49 8c 86 61 3f ff ca 89 8c 50 ea cb 50 b4 54 dc 5 3e a7 55 f3 fc 31 f8 3a d8 4d 2d d4 7e 25 f 56 72 3c 2b f0 62 3a 47 d4 76 72 c5 d8 ac c ad 22 7e 72 fb 2a 7e a8 4c fc 1a 47 26 98 ef ] bresp=0 bid=1011
[1705000] ARB MONITOR: slave=0 m0_req=1 m1_req=0 winner=0
[1705000] AXI S0_ARVALID_RDY HANDSHAKE
[1705000] MEMORY READ MISS beat=0 addr=5322450 -> default data id=1
[1715000] MEMORY READ MISS beat=1 addr=5322458 -> default data id=1
[1715000] SLAVE 0 R_VALID_RDY Handshake beat=0 rlast=0
[1715000] MASTER 0 B_VALID_RDY Handshake
[1715000] [MASTER MONITOR] mst_id=0 s_id=0 awaddr=9880448 awid=1011 awlen=162 awsize=0 awburst=1 wdata=[b0f26626b591e7a7 ea7b0919895955c9 de7ad6cc4871d99 fa19054105aa6d5f 8f03c328beda1392 361312ce4940e5a ea3e7bb99ceb7094 dbc58427fd7a366d e20e44c7f9423ee2 962daf76df26b553 dca0ebc0cc4cc081 c58eff63f1f3339d d119e8f0beaf3087 8afbf108dbbcaed9 cdafe277adbad4b0 ec6a0538d08af06b 2c479f459ec9cb67 cc84a018f765f640 c7f0e6acf9f781bc 98c14d2338eea550 b0549b90f43885f1 ee3007ade545ed3b 9e34928bf845823c ec7e082d86f154d0 ec37420cce892e1c c6ceb058daae0fda e19f64ab8a6bd497 d8f502b3334cb886 8dfac860cdd6a6b7 d8427b4e1fc3b30c d3106b92ef9a2d0b bd70d3c231377e02 d0fb310ee10b33f2 d0a560fe15b34f11 c6eacd13240b9ca0 8516d0928e1634c0 a3c983d117e5fe21 3bf19ac1d5bc3190 e3d26651eab450e4 829a4f05c1086b53 16c49ce4879bea22 f2503b07be8be9c6 ff94551afa970335 8232ed57f4ea8a0c 337673d31658f1fe 10eff533f483285e e96db26b330ac8ed c963baeb9322e28a 7a60ae91ce4263e cfeeef2bda53b01e ed7692a8f113bd54 df7e3921952aa16 f3a65a34f51c9d91 e6305ae5dde6d2bd f7397cd3e11cecdc d6398a6ef4283e77 d20f1134eadfd707 cbfcc3e3bc69e553 309223cbc9488e07 b428650ea2364e51 dea033a582a134ff cbe9c307002528f2 a25b77430f325770 91d38c6f80122815 8037510780fbaae8 902e0258ddbd4f76 ddcf778c2292c84b a38e733322018ec8 ffbede3ede06c893 809990de33bc758c d5be0454dd8e55ca 3b951e5e24280412 d7e4799ed57ce292 330b385dbc2eaf3c e056b34e2da27df2 831f6084eea056bb aacf05f7b83b2cec e5ddaadeb62a98e1 a4caef9c0b25b946 c360e632e8fd0b63 9f27a444cf99f594 dabfaeda293e9111 123b9c74c3f293e1 138c89759e20950c c75f261db16340b8 f555d499ee4c384f 8c6ccd5bd99ac291 afe034a88e25e0e f72e965dd3cbf379 ad66b60a8053d7e3 93635f2039b63b9 d7675732b864b954 38b891388064cc4f 8400300884ce0d3c 3d32c691c1eec72a c2539379db67873a e0359477f5eb57c9 37da1ef3c653c382 a1bb4abc1d685b08 1353b2d1fa2db26c c08175ee81f0df33 9f593a3bcb2dd1c4 c55b8430e23cc0ab e42d9fdeb2aced0c fddabed005dcfa1f e819baca0386da1a b633c726c3364301 c9133d20cc475aa8 cfce34c2340e85f7 f744c8f8312cf7ea fd7452920601fbe9 3a1081e0c0580618 f184fe02cd428755 d344833e31554ad8 f1ad50f0eef95094 bc3bd7e90d55051e 3eaa4ff6e3324ef2 d22b9f868f805b27 9cd560453057a0e6 1389efd80e677770 9de7d297db7fb03b 8bd75121e5b58f5e f41d06ce3abd32dd 963ce3189f6140f9 516d0581204d966 ccc20c432214343a c1757533f933d726 8b38b08ce2feef5b 85132395c68c458b 3fc01cb2d7fabccf 3af9ac2bc68898c9 8d14de54caf8cd3e 22f38a0ec00ccfc0 86956889ccd4fb06 17cdc845dded3639 9dfa05f913aa46de e07f41e43ac15253 18ae888c248f6e83 3839b561f84d0a29 b30e5c7cb6a88e85 db37fd0898b8f745 1106016fcbbce508 265738e9371b269 2c2aa9afc4145deb fd142f4dd9d7096 f10f23003d30ab1e 814509091236b682 efd427181d39ccaf da6a77cd91164bfd a34d027fe0e34a18 fe1d16c7dbaf80d6 ecc5ccd413212998 f40473b0d8878e94 34370f6b9012cf53 a333f8ebf2218a78 caa9190c20fcdc3f b10fab9217386c9c 959f714fee02877 9fdd04b6d443a47e eb7c111ad4031020 d2e33898d0ecb049 253054c7f4d6082e c8d9184ef2c03d4e ] wstrb=[e1 97 e6 f 5e 35 5d 3f cc 44 4e 2b 79 ac 6a 45 f0 b9 70 69 65 db ae 55 94 1f be f9 fa 6c 4e 8e 8b c 87 85 78 d5 13 4 e1 9a 89 59 6f 9d 5d 50 37 e7 aa a7 84 7 f7 bb ee a1 62 72 a9 5a 2e 97 fb 90 a a4 ea 38 3c e6 c8 46 8a b3 7e c6 99 46 c 23 f9 8a ea 92 d1 f6 b6 ca 81 a0 5d 52 96 13 1c 17 b3 79 69 49 8c 86 61 3f ff ca 89 8c 50 ea cb 50 b4 54 dc 5 3e a7 55 f3 fc 31 f8 3a d8 4d 2d d4 7e 25 f 56 72 3c 2b f0 62 3a 47 d4 76 72 c5 d8 ac c ad 22 7e 72 fb 2a 7e a8 4c fc 1a 47 26 98 ef ] bresp=0 bid=1011
[1715000] MASTER 0 RECEIVED BRESP. BRESP=0
[1715000] [MASTER DRIVER] mst_id=0 s_id=0 awaddr=9880448 awid=1011 awlen=162 awsize=0 awburst=1 wdata=[b0f26626b591e7a7 ea7b0919895955c9 de7ad6cc4871d99 fa19054105aa6d5f 8f03c328beda1392 361312ce4940e5a ea3e7bb99ceb7094 dbc58427fd7a366d e20e44c7f9423ee2 962daf76df26b553 dca0ebc0cc4cc081 c58eff63f1f3339d d119e8f0beaf3087 8afbf108dbbcaed9 cdafe277adbad4b0 ec6a0538d08af06b 2c479f459ec9cb67 cc84a018f765f640 c7f0e6acf9f781bc 98c14d2338eea550 b0549b90f43885f1 ee3007ade545ed3b 9e34928bf845823c ec7e082d86f154d0 ec37420cce892e1c c6ceb058daae0fda e19f64ab8a6bd497 d8f502b3334cb886 8dfac860cdd6a6b7 d8427b4e1fc3b30c d3106b92ef9a2d0b bd70d3c231377e02 d0fb310ee10b33f2 d0a560fe15b34f11 c6eacd13240b9ca0 8516d0928e1634c0 a3c983d117e5fe21 3bf19ac1d5bc3190 e3d26651eab450e4 829a4f05c1086b53 16c49ce4879bea22 f2503b07be8be9c6 ff94551afa970335 8232ed57f4ea8a0c 337673d31658f1fe 10eff533f483285e e96db26b330ac8ed c963baeb9322e28a 7a60ae91ce4263e cfeeef2bda53b01e ed7692a8f113bd54 df7e3921952aa16 f3a65a34f51c9d91 e6305ae5dde6d2bd f7397cd3e11cecdc d6398a6ef4283e77 d20f1134eadfd707 cbfcc3e3bc69e553 309223cbc9488e07 b428650ea2364e51 dea033a582a134ff cbe9c307002528f2 a25b77430f325770 91d38c6f80122815 8037510780fbaae8 902e0258ddbd4f76 ddcf778c2292c84b a38e733322018ec8 ffbede3ede06c893 809990de33bc758c d5be0454dd8e55ca 3b951e5e24280412 d7e4799ed57ce292 330b385dbc2eaf3c e056b34e2da27df2 831f6084eea056bb aacf05f7b83b2cec e5ddaadeb62a98e1 a4caef9c0b25b946 c360e632e8fd0b63 9f27a444cf99f594 dabfaeda293e9111 123b9c74c3f293e1 138c89759e20950c c75f261db16340b8 f555d499ee4c384f 8c6ccd5bd99ac291 afe034a88e25e0e f72e965dd3cbf379 ad66b60a8053d7e3 93635f2039b63b9 d7675732b864b954 38b891388064cc4f 8400300884ce0d3c 3d32c691c1eec72a c2539379db67873a e0359477f5eb57c9 37da1ef3c653c382 a1bb4abc1d685b08 1353b2d1fa2db26c c08175ee81f0df33 9f593a3bcb2dd1c4 c55b8430e23cc0ab e42d9fdeb2aced0c fddabed005dcfa1f e819baca0386da1a b633c726c3364301 c9133d20cc475aa8 cfce34c2340e85f7 f744c8f8312cf7ea fd7452920601fbe9 3a1081e0c0580618 f184fe02cd428755 d344833e31554ad8 f1ad50f0eef95094 bc3bd7e90d55051e 3eaa4ff6e3324ef2 d22b9f868f805b27 9cd560453057a0e6 1389efd80e677770 9de7d297db7fb03b 8bd75121e5b58f5e f41d06ce3abd32dd 963ce3189f6140f9 516d0581204d966 ccc20c432214343a c1757533f933d726 8b38b08ce2feef5b 85132395c68c458b 3fc01cb2d7fabccf 3af9ac2bc68898c9 8d14de54caf8cd3e 22f38a0ec00ccfc0 86956889ccd4fb06 17cdc845dded3639 9dfa05f913aa46de e07f41e43ac15253 18ae888c248f6e83 3839b561f84d0a29 b30e5c7cb6a88e85 db37fd0898b8f745 1106016fcbbce508 265738e9371b269 2c2aa9afc4145deb fd142f4dd9d7096 f10f23003d30ab1e 814509091236b682 efd427181d39ccaf da6a77cd91164bfd a34d027fe0e34a18 fe1d16c7dbaf80d6 ecc5ccd413212998 f40473b0d8878e94 34370f6b9012cf53 a333f8ebf2218a78 caa9190c20fcdc3f b10fab9217386c9c 959f714fee02877 9fdd04b6d443a47e eb7c111ad4031020 d2e33898d0ecb049 253054c7f4d6082e c8d9184ef2c03d4e ] wstrb=[e1 97 e6 f 5e 35 5d 3f cc 44 4e 2b 79 ac 6a 45 f0 b9 70 69 65 db ae 55 94 1f be f9 fa 6c 4e 8e 8b c 87 85 78 d5 13 4 e1 9a 89 59 6f 9d 5d 50 37 e7 aa a7 84 7 f7 bb ee a1 62 72 a9 5a 2e 97 fb 90 a a4 ea 38 3c e6 c8 46 8a b3 7e c6 99 46 c 23 f9 8a ea 92 d1 f6 b6 ca 81 a0 5d 52 96 13 1c 17 b3 79 69 49 8c 86 61 3f ff ca 89 8c 50 ea cb 50 b4 54 dc 5 3e a7 55 f3 fc 31 f8 3a d8 4d 2d d4 7e 25 f 56 72 3c 2b f0 62 3a 47 d4 76 72 c5 d8 ac c ad 22 7e 72 fb 2a 7e a8 4c fc 1a 47 26 98 ef ] bresp=0 bid=1011
[1715000] SCOREBOARD MATCH: decode_err expected = 0, actual =0
[1715000] SCOREBOARD MATCH: slave_id expected = 0, actual =0
[1715000] SCOREBOARD MATCH: awaddr passthrough expected = 9880448, actual =9880448
[1715000] SCOREBOARD MATCH: awlen passthrough expected = 162, actual =162
[1715000] SCOREBOARD MATCH: awsize passthrough expected = 0, actual =0
[1715000] SCOREBOARD MATCH: awburst passthrough expected = 1, actual =1
[1715000] SCOREBOARD MATCH: wdata size check expected = a3, actual =a3
[1715000] SCOREBOARD MATCH: wdata passthrough beat=0 expected = b0f26626b591e7a7, actual =b0f26626b591e7a7
[1715000] SCOREBOARD MATCH: wdata passthrough beat=1 expected = ea7b0919895955c9, actual =ea7b0919895955c9
[1715000] SCOREBOARD MATCH: wdata passthrough beat=2 expected = de7ad6cc4871d99, actual =de7ad6cc4871d99
[1715000] SCOREBOARD MATCH: wdata passthrough beat=3 expected = fa19054105aa6d5f, actual =fa19054105aa6d5f
[1715000] SCOREBOARD MATCH: wdata passthrough beat=4 expected = 8f03c328beda1392, actual =8f03c328beda1392
[1715000] SCOREBOARD MATCH: wdata passthrough beat=5 expected = 361312ce4940e5a, actual =361312ce4940e5a
[1715000] SCOREBOARD MATCH: wdata passthrough beat=6 expected = ea3e7bb99ceb7094, actual =ea3e7bb99ceb7094
[1715000] SCOREBOARD MATCH: wdata passthrough beat=7 expected = dbc58427fd7a366d, actual =dbc58427fd7a366d
[1715000] SCOREBOARD MATCH: wdata passthrough beat=8 expected = e20e44c7f9423ee2, actual =e20e44c7f9423ee2
[1715000] SCOREBOARD MATCH: wdata passthrough beat=9 expected = 962daf76df26b553, actual =962daf76df26b553
[1715000] SCOREBOARD MATCH: wdata passthrough beat=10 expected = dca0ebc0cc4cc081, actual =dca0ebc0cc4cc081
[1715000] SCOREBOARD MATCH: wdata passthrough beat=11 expected = c58eff63f1f3339d, actual =c58eff63f1f3339d
[1715000] SCOREBOARD MATCH: wdata passthrough beat=12 expected = d119e8f0beaf3087, actual =d119e8f0beaf3087
[1715000] SCOREBOARD MATCH: wdata passthrough beat=13 expected = 8afbf108dbbcaed9, actual =8afbf108dbbcaed9
[1715000] SCOREBOARD MATCH: wdata passthrough beat=14 expected = cdafe277adbad4b0, actual =cdafe277adbad4b0
[1715000] SCOREBOARD MATCH: wdata passthrough beat=15 expected = ec6a0538d08af06b, actual =ec6a0538d08af06b
[1715000] SCOREBOARD MATCH: wdata passthrough beat=16 expected = 2c479f459ec9cb67, actual =2c479f459ec9cb67
[1715000] SCOREBOARD MATCH: wdata passthrough beat=17 expected = cc84a018f765f640, actual =cc84a018f765f640
[1715000] SCOREBOARD MATCH: wdata passthrough beat=18 expected = c7f0e6acf9f781bc, actual =c7f0e6acf9f781bc
[1715000] SCOREBOARD MATCH: wdata passthrough beat=19 expected = 98c14d2338eea550, actual =98c14d2338eea550
[1715000] SCOREBOARD MATCH: wdata passthrough beat=20 expected = b0549b90f43885f1, actual =b0549b90f43885f1
[1715000] SCOREBOARD MATCH: wdata passthrough beat=21 expected = ee3007ade545ed3b, actual =ee3007ade545ed3b
[1715000] SCOREBOARD MATCH: wdata passthrough beat=22 expected = 9e34928bf845823c, actual =9e34928bf845823c
[1715000] SCOREBOARD MATCH: wdata passthrough beat=23 expected = ec7e082d86f154d0, actual =ec7e082d86f154d0
[1715000] SCOREBOARD MATCH: wdata passthrough beat=24 expected = ec37420cce892e1c, actual =ec37420cce892e1c
[1715000] SCOREBOARD MATCH: wdata passthrough beat=25 expected = c6ceb058daae0fda, actual =c6ceb058daae0fda
[1715000] SCOREBOARD MATCH: wdata passthrough beat=26 expected = e19f64ab8a6bd497, actual =e19f64ab8a6bd497
[1715000] SCOREBOARD MATCH: wdata passthrough beat=27 expected = d8f502b3334cb886, actual =d8f502b3334cb886
[1715000] SCOREBOARD MATCH: wdata passthrough beat=28 expected = 8dfac860cdd6a6b7, actual =8dfac860cdd6a6b7
[1715000] SCOREBOARD MATCH: wdata passthrough beat=29 expected = d8427b4e1fc3b30c, actual =d8427b4e1fc3b30c
[1715000] SCOREBOARD MATCH: wdata passthrough beat=30 expected = d3106b92ef9a2d0b, actual =d3106b92ef9a2d0b
[1715000] SCOREBOARD MATCH: wdata passthrough beat=31 expected = bd70d3c231377e02, actual =bd70d3c231377e02
[1715000] SCOREBOARD MATCH: wdata passthrough beat=32 expected = d0fb310ee10b33f2, actual =d0fb310ee10b33f2
[1715000] SCOREBOARD MATCH: wdata passthrough beat=33 expected = d0a560fe15b34f11, actual =d0a560fe15b34f11
[1715000] SCOREBOARD MATCH: wdata passthrough beat=34 expected = c6eacd13240b9ca0, actual =c6eacd13240b9ca0
[1715000] SCOREBOARD MATCH: wdata passthrough beat=35 expected = 8516d0928e1634c0, actual =8516d0928e1634c0
[1715000] SCOREBOARD MATCH: wdata passthrough beat=36 expected = a3c983d117e5fe21, actual =a3c983d117e5fe21
[1715000] SCOREBOARD MATCH: wdata passthrough beat=37 expected = 3bf19ac1d5bc3190, actual =3bf19ac1d5bc3190
[1715000] SCOREBOARD MATCH: wdata passthrough beat=38 expected = e3d26651eab450e4, actual =e3d26651eab450e4
[1715000] SCOREBOARD MATCH: wdata passthrough beat=39 expected = 829a4f05c1086b53, actual =829a4f05c1086b53
[1715000] SCOREBOARD MATCH: wdata passthrough beat=40 expected = 16c49ce4879bea22, actual =16c49ce4879bea22
[1715000] SCOREBOARD MATCH: wdata passthrough beat=41 expected = f2503b07be8be9c6, actual =f2503b07be8be9c6
[1715000] SCOREBOARD MATCH: wdata passthrough beat=42 expected = ff94551afa970335, actual =ff94551afa970335
[1715000] SCOREBOARD MATCH: wdata passthrough beat=43 expected = 8232ed57f4ea8a0c, actual =8232ed57f4ea8a0c
[1715000] SCOREBOARD MATCH: wdata passthrough beat=44 expected = 337673d31658f1fe, actual =337673d31658f1fe
[1715000] SCOREBOARD MATCH: wdata passthrough beat=45 expected = 10eff533f483285e, actual =10eff533f483285e
[1715000] SCOREBOARD MATCH: wdata passthrough beat=46 expected = e96db26b330ac8ed, actual =e96db26b330ac8ed
[1715000] SCOREBOARD MATCH: wdata passthrough beat=47 expected = c963baeb9322e28a, actual =c963baeb9322e28a
[1715000] SCOREBOARD MATCH: wdata passthrough beat=48 expected = 7a60ae91ce4263e, actual =7a60ae91ce4263e
[1715000] SCOREBOARD MATCH: wdata passthrough beat=49 expected = cfeeef2bda53b01e, actual =cfeeef2bda53b01e
[1715000] SCOREBOARD MATCH: wdata passthrough beat=50 expected = ed7692a8f113bd54, actual =ed7692a8f113bd54
[1715000] SCOREBOARD MATCH: wdata passthrough beat=51 expected = df7e3921952aa16, actual =df7e3921952aa16
[1715000] SCOREBOARD MATCH: wdata passthrough beat=52 expected = f3a65a34f51c9d91, actual =f3a65a34f51c9d91
[1715000] SCOREBOARD MATCH: wdata passthrough beat=53 expected = e6305ae5dde6d2bd, actual =e6305ae5dde6d2bd
[1715000] SCOREBOARD MATCH: wdata passthrough beat=54 expected = f7397cd3e11cecdc, actual =f7397cd3e11cecdc
[1715000] SCOREBOARD MATCH: wdata passthrough beat=55 expected = d6398a6ef4283e77, actual =d6398a6ef4283e77
[1715000] SCOREBOARD MATCH: wdata passthrough beat=56 expected = d20f1134eadfd707, actual =d20f1134eadfd707
[1715000] SCOREBOARD MATCH: wdata passthrough beat=57 expected = cbfcc3e3bc69e553, actual =cbfcc3e3bc69e553
[1715000] SCOREBOARD MATCH: wdata passthrough beat=58 expected = 309223cbc9488e07, actual =309223cbc9488e07
[1715000] SCOREBOARD MATCH: wdata passthrough beat=59 expected = b428650ea2364e51, actual =b428650ea2364e51
[1715000] SCOREBOARD MATCH: wdata passthrough beat=60 expected = dea033a582a134ff, actual =dea033a582a134ff
[1715000] SCOREBOARD MATCH: wdata passthrough beat=61 expected = cbe9c307002528f2, actual =cbe9c307002528f2
[1715000] SCOREBOARD MATCH: wdata passthrough beat=62 expected = a25b77430f325770, actual =a25b77430f325770
[1715000] SCOREBOARD MATCH: wdata passthrough beat=63 expected = 91d38c6f80122815, actual =91d38c6f80122815
[1715000] SCOREBOARD MATCH: wdata passthrough beat=64 expected = 8037510780fbaae8, actual =8037510780fbaae8
[1715000] SCOREBOARD MATCH: wdata passthrough beat=65 expected = 902e0258ddbd4f76, actual =902e0258ddbd4f76
[1715000] SCOREBOARD MATCH: wdata passthrough beat=66 expected = ddcf778c2292c84b, actual =ddcf778c2292c84b
[1715000] SCOREBOARD MATCH: wdata passthrough beat=67 expected = a38e733322018ec8, actual =a38e733322018ec8
[1715000] SCOREBOARD MATCH: wdata passthrough beat=68 expected = ffbede3ede06c893, actual =ffbede3ede06c893
[1715000] SCOREBOARD MATCH: wdata passthrough beat=69 expected = 809990de33bc758c, actual =809990de33bc758c
[1715000] SCOREBOARD MATCH: wdata passthrough beat=70 expected = d5be0454dd8e55ca, actual =d5be0454dd8e55ca
[1715000] SCOREBOARD MATCH: wdata passthrough beat=71 expected = 3b951e5e24280412, actual =3b951e5e24280412
[1715000] SCOREBOARD MATCH: wdata passthrough beat=72 expected = d7e4799ed57ce292, actual =d7e4799ed57ce292
[1715000] SCOREBOARD MATCH: wdata passthrough beat=73 expected = 330b385dbc2eaf3c, actual =330b385dbc2eaf3c
[1715000] SCOREBOARD MATCH: wdata passthrough beat=74 expected = e056b34e2da27df2, actual =e056b34e2da27df2
[1715000] SCOREBOARD MATCH: wdata passthrough beat=75 expected = 831f6084eea056bb, actual =831f6084eea056bb
[1715000] SCOREBOARD MATCH: wdata passthrough beat=76 expected = aacf05f7b83b2cec, actual =aacf05f7b83b2cec
[1715000] SCOREBOARD MATCH: wdata passthrough beat=77 expected = e5ddaadeb62a98e1, actual =e5ddaadeb62a98e1
[1715000] SCOREBOARD MATCH: wdata passthrough beat=78 expected = a4caef9c0b25b946, actual =a4caef9c0b25b946
[1715000] SCOREBOARD MATCH: wdata passthrough beat=79 expected = c360e632e8fd0b63, actual =c360e632e8fd0b63
[1715000] SCOREBOARD MATCH: wdata passthrough beat=80 expected = 9f27a444cf99f594, actual =9f27a444cf99f594
[1715000] SCOREBOARD MATCH: wdata passthrough beat=81 expected = dabfaeda293e9111, actual =dabfaeda293e9111
[1715000] SCOREBOARD MATCH: wdata passthrough beat=82 expected = 123b9c74c3f293e1, actual =123b9c74c3f293e1
[1715000] SCOREBOARD MATCH: wdata passthrough beat=83 expected = 138c89759e20950c, actual =138c89759e20950c
[1715000] SCOREBOARD MATCH: wdata passthrough beat=84 expected = c75f261db16340b8, actual =c75f261db16340b8
[1715000] SCOREBOARD MATCH: wdata passthrough beat=85 expected = f555d499ee4c384f, actual =f555d499ee4c384f
[1715000] SCOREBOARD MATCH: wdata passthrough beat=86 expected = 8c6ccd5bd99ac291, actual =8c6ccd5bd99ac291
[1715000] SCOREBOARD MATCH: wdata passthrough beat=87 expected = afe034a88e25e0e, actual =afe034a88e25e0e
[1715000] SCOREBOARD MATCH: wdata passthrough beat=88 expected = f72e965dd3cbf379, actual =f72e965dd3cbf379
[1715000] SCOREBOARD MATCH: wdata passthrough beat=89 expected = ad66b60a8053d7e3, actual =ad66b60a8053d7e3
[1715000] SCOREBOARD MATCH: wdata passthrough beat=90 expected = 93635f2039b63b9, actual =93635f2039b63b9
[1715000] SCOREBOARD MATCH: wdata passthrough beat=91 expected = d7675732b864b954, actual =d7675732b864b954
[1715000] SCOREBOARD MATCH: wdata passthrough beat=92 expected = 38b891388064cc4f, actual =38b891388064cc4f
[1715000] SCOREBOARD MATCH: wdata passthrough beat=93 expected = 8400300884ce0d3c, actual =8400300884ce0d3c
[1715000] SCOREBOARD MATCH: wdata passthrough beat=94 expected = 3d32c691c1eec72a, actual =3d32c691c1eec72a
[1715000] SCOREBOARD MATCH: wdata passthrough beat=95 expected = c2539379db67873a, actual =c2539379db67873a
[1715000] SCOREBOARD MATCH: wdata passthrough beat=96 expected = e0359477f5eb57c9, actual =e0359477f5eb57c9
[1715000] SCOREBOARD MATCH: wdata passthrough beat=97 expected = 37da1ef3c653c382, actual =37da1ef3c653c382
[1715000] SCOREBOARD MATCH: wdata passthrough beat=98 expected = a1bb4abc1d685b08, actual =a1bb4abc1d685b08
[1715000] SCOREBOARD MATCH: wdata passthrough beat=99 expected = 1353b2d1fa2db26c, actual =1353b2d1fa2db26c
[1715000] SCOREBOARD MATCH: wdata passthrough beat=100 expected = c08175ee81f0df33, actual =c08175ee81f0df33
[1715000] SCOREBOARD MATCH: wdata passthrough beat=101 expected = 9f593a3bcb2dd1c4, actual =9f593a3bcb2dd1c4
[1715000] SCOREBOARD MATCH: wdata passthrough beat=102 expected = c55b8430e23cc0ab, actual =c55b8430e23cc0ab
[1715000] SCOREBOARD MATCH: wdata passthrough beat=103 expected = e42d9fdeb2aced0c, actual =e42d9fdeb2aced0c
[1715000] SCOREBOARD MATCH: wdata passthrough beat=104 expected = fddabed005dcfa1f, actual =fddabed005dcfa1f
[1715000] SCOREBOARD MATCH: wdata passthrough beat=105 expected = e819baca0386da1a, actual =e819baca0386da1a
[1715000] SCOREBOARD MATCH: wdata passthrough beat=106 expected = b633c726c3364301, actual =b633c726c3364301
[1715000] SCOREBOARD MATCH: wdata passthrough beat=107 expected = c9133d20cc475aa8, actual =c9133d20cc475aa8
[1715000] SCOREBOARD MATCH: wdata passthrough beat=108 expected = cfce34c2340e85f7, actual =cfce34c2340e85f7
[1715000] SCOREBOARD MATCH: wdata passthrough beat=109 expected = f744c8f8312cf7ea, actual =f744c8f8312cf7ea
[1715000] SCOREBOARD MATCH: wdata passthrough beat=110 expected = fd7452920601fbe9, actual =fd7452920601fbe9
[1715000] SCOREBOARD MATCH: wdata passthrough beat=111 expected = 3a1081e0c0580618, actual =3a1081e0c0580618
[1715000] SCOREBOARD MATCH: wdata passthrough beat=112 expected = f184fe02cd428755, actual =f184fe02cd428755
[1715000] SCOREBOARD MATCH: wdata passthrough beat=113 expected = d344833e31554ad8, actual =d344833e31554ad8
[1715000] SCOREBOARD MATCH: wdata passthrough beat=114 expected = f1ad50f0eef95094, actual =f1ad50f0eef95094
[1715000] SCOREBOARD MATCH: wdata passthrough beat=115 expected = bc3bd7e90d55051e, actual =bc3bd7e90d55051e
[1715000] SCOREBOARD MATCH: wdata passthrough beat=116 expected = 3eaa4ff6e3324ef2, actual =3eaa4ff6e3324ef2
[1715000] SCOREBOARD MATCH: wdata passthrough beat=117 expected = d22b9f868f805b27, actual =d22b9f868f805b27
[1715000] SCOREBOARD MATCH: wdata passthrough beat=118 expected = 9cd560453057a0e6, actual =9cd560453057a0e6
[1715000] SCOREBOARD MATCH: wdata passthrough beat=119 expected = 1389efd80e677770, actual =1389efd80e677770
[1715000] SCOREBOARD MATCH: wdata passthrough beat=120 expected = 9de7d297db7fb03b, actual =9de7d297db7fb03b
[1715000] SCOREBOARD MATCH: wdata passthrough beat=121 expected = 8bd75121e5b58f5e, actual =8bd75121e5b58f5e
[1715000] SCOREBOARD MATCH: wdata passthrough beat=122 expected = f41d06ce3abd32dd, actual =f41d06ce3abd32dd
[1715000] SCOREBOARD MATCH: wdata passthrough beat=123 expected = 963ce3189f6140f9, actual =963ce3189f6140f9
[1715000] SCOREBOARD MATCH: wdata passthrough beat=124 expected = 516d0581204d966, actual =516d0581204d966
[1715000] SCOREBOARD MATCH: wdata passthrough beat=125 expected = ccc20c432214343a, actual =ccc20c432214343a
[1715000] SCOREBOARD MATCH: wdata passthrough beat=126 expected = c1757533f933d726, actual =c1757533f933d726
[1715000] SCOREBOARD MATCH: wdata passthrough beat=127 expected = 8b38b08ce2feef5b, actual =8b38b08ce2feef5b
[1715000] SCOREBOARD MATCH: wdata passthrough beat=128 expected = 85132395c68c458b, actual =85132395c68c458b
[1715000] SCOREBOARD MATCH: wdata passthrough beat=129 expected = 3fc01cb2d7fabccf, actual =3fc01cb2d7fabccf
[1715000] SCOREBOARD MATCH: wdata passthrough beat=130 expected = 3af9ac2bc68898c9, actual =3af9ac2bc68898c9
[1715000] SCOREBOARD MATCH: wdata passthrough beat=131 expected = 8d14de54caf8cd3e, actual =8d14de54caf8cd3e
[1715000] SCOREBOARD MATCH: wdata passthrough beat=132 expected = 22f38a0ec00ccfc0, actual =22f38a0ec00ccfc0
[1715000] SCOREBOARD MATCH: wdata passthrough beat=133 expected = 86956889ccd4fb06, actual =86956889ccd4fb06
[1715000] SCOREBOARD MATCH: wdata passthrough beat=134 expected = 17cdc845dded3639, actual =17cdc845dded3639
[1715000] SCOREBOARD MATCH: wdata passthrough beat=135 expected = 9dfa05f913aa46de, actual =9dfa05f913aa46de
[1715000] SCOREBOARD MATCH: wdata passthrough beat=136 expected = e07f41e43ac15253, actual =e07f41e43ac15253
[1715000] SCOREBOARD MATCH: wdata passthrough beat=137 expected = 18ae888c248f6e83, actual =18ae888c248f6e83
[1715000] SCOREBOARD MATCH: wdata passthrough beat=138 expected = 3839b561f84d0a29, actual =3839b561f84d0a29
[1715000] SCOREBOARD MATCH: wdata passthrough beat=139 expected = b30e5c7cb6a88e85, actual =b30e5c7cb6a88e85
[1715000] SCOREBOARD MATCH: wdata passthrough beat=140 expected = db37fd0898b8f745, actual =db37fd0898b8f745
[1715000] SCOREBOARD MATCH: wdata passthrough beat=141 expected = 1106016fcbbce508, actual =1106016fcbbce508
[1715000] SCOREBOARD MATCH: wdata passthrough beat=142 expected = 265738e9371b269, actual =265738e9371b269
[1715000] SCOREBOARD MATCH: wdata passthrough beat=143 expected = 2c2aa9afc4145deb, actual =2c2aa9afc4145deb
[1715000] SCOREBOARD MATCH: wdata passthrough beat=144 expected = fd142f4dd9d7096, actual =fd142f4dd9d7096
[1715000] SCOREBOARD MATCH: wdata passthrough beat=145 expected = f10f23003d30ab1e, actual =f10f23003d30ab1e
[1715000] SCOREBOARD MATCH: wdata passthrough beat=146 expected = 814509091236b682, actual =814509091236b682
[1715000] SCOREBOARD MATCH: wdata passthrough beat=147 expected = efd427181d39ccaf, actual =efd427181d39ccaf
[1715000] SCOREBOARD MATCH: wdata passthrough beat=148 expected = da6a77cd91164bfd, actual =da6a77cd91164bfd
[1715000] SCOREBOARD MATCH: wdata passthrough beat=149 expected = a34d027fe0e34a18, actual =a34d027fe0e34a18
[1715000] SCOREBOARD MATCH: wdata passthrough beat=150 expected = fe1d16c7dbaf80d6, actual =fe1d16c7dbaf80d6
[1715000] SCOREBOARD MATCH: wdata passthrough beat=151 expected = ecc5ccd413212998, actual =ecc5ccd413212998
[1715000] SCOREBOARD MATCH: wdata passthrough beat=152 expected = f40473b0d8878e94, actual =f40473b0d8878e94
[1715000] SCOREBOARD MATCH: wdata passthrough beat=153 expected = 34370f6b9012cf53, actual =34370f6b9012cf53
[1715000] SCOREBOARD MATCH: wdata passthrough beat=154 expected = a333f8ebf2218a78, actual =a333f8ebf2218a78
[1715000] SCOREBOARD MATCH: wdata passthrough beat=155 expected = caa9190c20fcdc3f, actual =caa9190c20fcdc3f
[1715000] SCOREBOARD MATCH: wdata passthrough beat=156 expected = b10fab9217386c9c, actual =b10fab9217386c9c
[1715000] SCOREBOARD MATCH: wdata passthrough beat=157 expected = 959f714fee02877, actual =959f714fee02877
[1715000] SCOREBOARD MATCH: wdata passthrough beat=158 expected = 9fdd04b6d443a47e, actual =9fdd04b6d443a47e
[1715000] SCOREBOARD MATCH: wdata passthrough beat=159 expected = eb7c111ad4031020, actual =eb7c111ad4031020
[1715000] SCOREBOARD MATCH: wdata passthrough beat=160 expected = d2e33898d0ecb049, actual =d2e33898d0ecb049
[1715000] SCOREBOARD MATCH: wdata passthrough beat=161 expected = 253054c7f4d6082e, actual =253054c7f4d6082e
[1715000] SCOREBOARD MATCH: wdata passthrough beat=162 expected = c8d9184ef2c03d4e, actual =c8d9184ef2c03d4e
[1715000] SCOREBOARD MATCH: wstrb size check expected = a3, actual =a3
[1715000] SCOREBOARD MATCH: wstrb passthrough beat=0 expected = e1, actual =e1
[1715000] SCOREBOARD MATCH: wstrb passthrough beat=1 expected = 97, actual =97
[1715000] SCOREBOARD MATCH: wstrb passthrough beat=2 expected = e6, actual =e6
[1715000] SCOREBOARD MATCH: wstrb passthrough beat=3 expected = f, actual =f
[1715000] SCOREBOARD MATCH: wstrb passthrough beat=4 expected = 5e, actual =5e
[1715000] SCOREBOARD MATCH: wstrb passthrough beat=5 expected = 35, actual =35
[1715000] SCOREBOARD MATCH: wstrb passthrough beat=6 expected = 5d, actual =5d
[1715000] SCOREBOARD MATCH: wstrb passthrough beat=7 expected = 3f, actual =3f
[1715000] SCOREBOARD MATCH: wstrb passthrough beat=8 expected = cc, actual =cc
[1715000] SCOREBOARD MATCH: wstrb passthrough beat=9 expected = 44, actual =44
[1715000] SCOREBOARD MATCH: wstrb passthrough beat=10 expected = 4e, actual =4e
[1715000] SCOREBOARD MATCH: wstrb passthrough beat=11 expected = 2b, actual =2b
[1715000] SCOREBOARD MATCH: wstrb passthrough beat=12 expected = 79, actual =79
[1715000] SCOREBOARD MATCH: wstrb passthrough beat=13 expected = ac, actual =ac
[1715000] SCOREBOARD MATCH: wstrb passthrough beat=14 expected = 6a, actual =6a
[1715000] SCOREBOARD MATCH: wstrb passthrough beat=15 expected = 45, actual =45
[1715000] SCOREBOARD MATCH: wstrb passthrough beat=16 expected = f0, actual =f0
[1715000] SCOREBOARD MATCH: wstrb passthrough beat=17 expected = b9, actual =b9
[1715000] SCOREBOARD MATCH: wstrb passthrough beat=18 expected = 70, actual =70
[1715000] SCOREBOARD MATCH: wstrb passthrough beat=19 expected = 69, actual =69
[1715000] SCOREBOARD MATCH: wstrb passthrough beat=20 expected = 65, actual =65
[1715000] SCOREBOARD MATCH: wstrb passthrough beat=21 expected = db, actual =db
[1715000] SCOREBOARD MATCH: wstrb passthrough beat=22 expected = ae, actual =ae
[1715000] SCOREBOARD MATCH: wstrb passthrough beat=23 expected = 55, actual =55
[1715000] SCOREBOARD MATCH: wstrb passthrough beat=24 expected = 94, actual =94
[1715000] SCOREBOARD MATCH: wstrb passthrough beat=25 expected = 1f, actual =1f
[1715000] SCOREBOARD MATCH: wstrb passthrough beat=26 expected = be, actual =be
[1715000] SCOREBOARD MATCH: wstrb passthrough beat=27 expected = f9, actual =f9
[1715000] SCOREBOARD MATCH: wstrb passthrough beat=28 expected = fa, actual =fa
[1715000] SCOREBOARD MATCH: wstrb passthrough beat=29 expected = 6c, actual =6c
[1715000] SCOREBOARD MATCH: wstrb passthrough beat=30 expected = 4e, actual =4e
[1715000] SCOREBOARD MATCH: wstrb passthrough beat=31 expected = 8e, actual =8e
[1715000] SCOREBOARD MATCH: wstrb passthrough beat=32 expected = 8b, actual =8b
[1715000] SCOREBOARD MATCH: wstrb passthrough beat=33 expected = c, actual =c
[1715000] SCOREBOARD MATCH: wstrb passthrough beat=34 expected = 87, actual =87
[1715000] SCOREBOARD MATCH: wstrb passthrough beat=35 expected = 85, actual =85
[1715000] SCOREBOARD MATCH: wstrb passthrough beat=36 expected = 78, actual =78
[1715000] SCOREBOARD MATCH: wstrb passthrough beat=37 expected = d5, actual =d5
[1715000] SCOREBOARD MATCH: wstrb passthrough beat=38 expected = 13, actual =13
[1715000] SCOREBOARD MATCH: wstrb passthrough beat=39 expected = 4, actual =4
[1715000] SCOREBOARD MATCH: wstrb passthrough beat=40 expected = e1, actual =e1
[1715000] SCOREBOARD MATCH: wstrb passthrough beat=41 expected = 9a, actual =9a
[1715000] SCOREBOARD MATCH: wstrb passthrough beat=42 expected = 89, actual =89
[1715000] SCOREBOARD MATCH: wstrb passthrough beat=43 expected = 59, actual =59
[1715000] SCOREBOARD MATCH: wstrb passthrough beat=44 expected = 6f, actual =6f
[1715000] SCOREBOARD MATCH: wstrb passthrough beat=45 expected = 9d, actual =9d
[1715000] SCOREBOARD MATCH: wstrb passthrough beat=46 expected = 5d, actual =5d
[1715000] SCOREBOARD MATCH: wstrb passthrough beat=47 expected = 50, actual =50
[1715000] SCOREBOARD MATCH: wstrb passthrough beat=48 expected = 37, actual =37
[1715000] SCOREBOARD MATCH: wstrb passthrough beat=49 expected = e7, actual =e7
[1715000] SCOREBOARD MATCH: wstrb passthrough beat=50 expected = aa, actual =aa
[1715000] SCOREBOARD MATCH: wstrb passthrough beat=51 expected = a7, actual =a7
[1715000] SCOREBOARD MATCH: wstrb passthrough beat=52 expected = 84, actual =84
[1715000] SCOREBOARD MATCH: wstrb passthrough beat=53 expected = 7, actual =7
[1715000] SCOREBOARD MATCH: wstrb passthrough beat=54 expected = f7, actual =f7
[1715000] SCOREBOARD MATCH: wstrb passthrough beat=55 expected = bb, actual =bb
[1715000] SCOREBOARD MATCH: wstrb passthrough beat=56 expected = ee, actual =ee
[1715000] SCOREBOARD MATCH: wstrb passthrough beat=57 expected = a1, actual =a1
[1715000] SCOREBOARD MATCH: wstrb passthrough beat=58 expected = 62, actual =62
[1715000] SCOREBOARD MATCH: wstrb passthrough beat=59 expected = 72, actual =72
[1715000] SCOREBOARD MATCH: wstrb passthrough beat=60 expected = a9, actual =a9
[1715000] SCOREBOARD MATCH: wstrb passthrough beat=61 expected = 5a, actual =5a
[1715000] SCOREBOARD MATCH: wstrb passthrough beat=62 expected = 2e, actual =2e
[1715000] SCOREBOARD MATCH: wstrb passthrough beat=63 expected = 97, actual =97
[1715000] SCOREBOARD MATCH: wstrb passthrough beat=64 expected = fb, actual =fb
[1715000] SCOREBOARD MATCH: wstrb passthrough beat=65 expected = 90, actual =90
[1715000] SCOREBOARD MATCH: wstrb passthrough beat=66 expected = a, actual =a
[1715000] SCOREBOARD MATCH: wstrb passthrough beat=67 expected = a4, actual =a4
[1715000] SCOREBOARD MATCH: wstrb passthrough beat=68 expected = ea, actual =ea
[1715000] SCOREBOARD MATCH: wstrb passthrough beat=69 expected = 38, actual =38
[1715000] SCOREBOARD MATCH: wstrb passthrough beat=70 expected = 3c, actual =3c
[1715000] SCOREBOARD MATCH: wstrb passthrough beat=71 expected = e6, actual =e6
[1715000] SCOREBOARD MATCH: wstrb passthrough beat=72 expected = c8, actual =c8
[1715000] SCOREBOARD MATCH: wstrb passthrough beat=73 expected = 46, actual =46
[1715000] SCOREBOARD MATCH: wstrb passthrough beat=74 expected = 8a, actual =8a
[1715000] SCOREBOARD MATCH: wstrb passthrough beat=75 expected = b3, actual =b3
[1715000] SCOREBOARD MATCH: wstrb passthrough beat=76 expected = 7e, actual =7e
[1715000] SCOREBOARD MATCH: wstrb passthrough beat=77 expected = c6, actual =c6
[1715000] SCOREBOARD MATCH: wstrb passthrough beat=78 expected = 99, actual =99
[1715000] SCOREBOARD MATCH: wstrb passthrough beat=79 expected = 46, actual =46
[1715000] SCOREBOARD MATCH: wstrb passthrough beat=80 expected = c, actual =c
[1715000] SCOREBOARD MATCH: wstrb passthrough beat=81 expected = 23, actual =23
[1715000] SCOREBOARD MATCH: wstrb passthrough beat=82 expected = f9, actual =f9
[1715000] SCOREBOARD MATCH: wstrb passthrough beat=83 expected = 8a, actual =8a
[1715000] SCOREBOARD MATCH: wstrb passthrough beat=84 expected = ea, actual =ea
[1715000] SCOREBOARD MATCH: wstrb passthrough beat=85 expected = 92, actual =92
[1715000] SCOREBOARD MATCH: wstrb passthrough beat=86 expected = d1, actual =d1
[1715000] SCOREBOARD MATCH: wstrb passthrough beat=87 expected = f6, actual =f6
[1715000] SCOREBOARD MATCH: wstrb passthrough beat=88 expected = b6, actual =b6
[1715000] SCOREBOARD MATCH: wstrb passthrough beat=89 expected = ca, actual =ca
[1715000] SCOREBOARD MATCH: wstrb passthrough beat=90 expected = 81, actual =81
[1715000] SCOREBOARD MATCH: wstrb passthrough beat=91 expected = a0, actual =a0
[1715000] SCOREBOARD MATCH: wstrb passthrough beat=92 expected = 5d, actual =5d
[1715000] SCOREBOARD MATCH: wstrb passthrough beat=93 expected = 52, actual =52
[1715000] SCOREBOARD MATCH: wstrb passthrough beat=94 expected = 96, actual =96
[1715000] SCOREBOARD MATCH: wstrb passthrough beat=95 expected = 13, actual =13
[1715000] SCOREBOARD MATCH: wstrb passthrough beat=96 expected = 1c, actual =1c
[1715000] SCOREBOARD MATCH: wstrb passthrough beat=97 expected = 17, actual =17
[1715000] SCOREBOARD MATCH: wstrb passthrough beat=98 expected = b3, actual =b3
[1715000] SCOREBOARD MATCH: wstrb passthrough beat=99 expected = 79, actual =79
[1715000] SCOREBOARD MATCH: wstrb passthrough beat=100 expected = 69, actual =69
[1715000] SCOREBOARD MATCH: wstrb passthrough beat=101 expected = 49, actual =49
[1715000] SCOREBOARD MATCH: wstrb passthrough beat=102 expected = 8c, actual =8c
[1715000] SCOREBOARD MATCH: wstrb passthrough beat=103 expected = 86, actual =86
[1715000] SCOREBOARD MATCH: wstrb passthrough beat=104 expected = 61, actual =61
[1715000] SCOREBOARD MATCH: wstrb passthrough beat=105 expected = 3f, actual =3f
[1715000] SCOREBOARD MATCH: wstrb passthrough beat=106 expected = ff, actual =ff
[1715000] SCOREBOARD MATCH: wstrb passthrough beat=107 expected = ca, actual =ca
[1715000] SCOREBOARD MATCH: wstrb passthrough beat=108 expected = 89, actual =89
[1715000] SCOREBOARD MATCH: wstrb passthrough beat=109 expected = 8c, actual =8c
[1715000] SCOREBOARD MATCH: wstrb passthrough beat=110 expected = 50, actual =50
[1715000] SCOREBOARD MATCH: wstrb passthrough beat=111 expected = ea, actual =ea
[1715000] SCOREBOARD MATCH: wstrb passthrough beat=112 expected = cb, actual =cb
[1715000] SCOREBOARD MATCH: wstrb passthrough beat=113 expected = 50, actual =50
[1715000] SCOREBOARD MATCH: wstrb passthrough beat=114 expected = b4, actual =b4
[1715000] SCOREBOARD MATCH: wstrb passthrough beat=115 expected = 54, actual =54
[1715000] SCOREBOARD MATCH: wstrb passthrough beat=116 expected = dc, actual =dc
[1715000] SCOREBOARD MATCH: wstrb passthrough beat=117 expected = 5, actual =5
[1715000] SCOREBOARD MATCH: wstrb passthrough beat=118 expected = 3e, actual =3e
[1715000] SCOREBOARD MATCH: wstrb passthrough beat=119 expected = a7, actual =a7
[1715000] SCOREBOARD MATCH: wstrb passthrough beat=120 expected = 55, actual =55
[1715000] SCOREBOARD MATCH: wstrb passthrough beat=121 expected = f3, actual =f3
[1715000] SCOREBOARD MATCH: wstrb passthrough beat=122 expected = fc, actual =fc
[1715000] SCOREBOARD MATCH: wstrb passthrough beat=123 expected = 31, actual =31
[1715000] SCOREBOARD MATCH: wstrb passthrough beat=124 expected = f8, actual =f8
[1715000] SCOREBOARD MATCH: wstrb passthrough beat=125 expected = 3a, actual =3a
[1715000] SCOREBOARD MATCH: wstrb passthrough beat=126 expected = d8, actual =d8
[1715000] SCOREBOARD MATCH: wstrb passthrough beat=127 expected = 4d, actual =4d
[1715000] SCOREBOARD MATCH: wstrb passthrough beat=128 expected = 2d, actual =2d
[1715000] SCOREBOARD MATCH: wstrb passthrough beat=129 expected = d4, actual =d4
[1715000] SCOREBOARD MATCH: wstrb passthrough beat=130 expected = 7e, actual =7e
[1715000] SCOREBOARD MATCH: wstrb passthrough beat=131 expected = 25, actual =25
[1715000] SCOREBOARD MATCH: wstrb passthrough beat=132 expected = f, actual =f
[1715000] SCOREBOARD MATCH: wstrb passthrough beat=133 expected = 56, actual =56
[1715000] SCOREBOARD MATCH: wstrb passthrough beat=134 expected = 72, actual =72
[1715000] SCOREBOARD MATCH: wstrb passthrough beat=135 expected = 3c, actual =3c
[1715000] SCOREBOARD MATCH: wstrb passthrough beat=136 expected = 2b, actual =2b
[1715000] SCOREBOARD MATCH: wstrb passthrough beat=137 expected = f0, actual =f0
[1715000] SCOREBOARD MATCH: wstrb passthrough beat=138 expected = 62, actual =62
[1715000] SCOREBOARD MATCH: wstrb passthrough beat=139 expected = 3a, actual =3a
[1715000] SCOREBOARD MATCH: wstrb passthrough beat=140 expected = 47, actual =47
[1715000] SCOREBOARD MATCH: wstrb passthrough beat=141 expected = d4, actual =d4
[1715000] SCOREBOARD MATCH: wstrb passthrough beat=142 expected = 76, actual =76
[1715000] SCOREBOARD MATCH: wstrb passthrough beat=143 expected = 72, actual =72
[1715000] SCOREBOARD MATCH: wstrb passthrough beat=144 expected = c5, actual =c5
[1715000] SCOREBOARD MATCH: wstrb passthrough beat=145 expected = d8, actual =d8
[1715000] SCOREBOARD MATCH: wstrb passthrough beat=146 expected = ac, actual =ac
[1715000] SCOREBOARD MATCH: wstrb passthrough beat=147 expected = c, actual =c
[1715000] SCOREBOARD MATCH: wstrb passthrough beat=148 expected = ad, actual =ad
[1715000] SCOREBOARD MATCH: wstrb passthrough beat=149 expected = 22, actual =22
[1715000] SCOREBOARD MATCH: wstrb passthrough beat=150 expected = 7e, actual =7e
[1715000] SCOREBOARD MATCH: wstrb passthrough beat=151 expected = 72, actual =72
[1715000] SCOREBOARD MATCH: wstrb passthrough beat=152 expected = fb, actual =fb
[1715000] SCOREBOARD MATCH: wstrb passthrough beat=153 expected = 2a, actual =2a
[1715000] SCOREBOARD MATCH: wstrb passthrough beat=154 expected = 7e, actual =7e
[1715000] SCOREBOARD MATCH: wstrb passthrough beat=155 expected = a8, actual =a8
[1715000] SCOREBOARD MATCH: wstrb passthrough beat=156 expected = 4c, actual =4c
[1715000] SCOREBOARD MATCH: wstrb passthrough beat=157 expected = fc, actual =fc
[1715000] SCOREBOARD MATCH: wstrb passthrough beat=158 expected = 1a, actual =1a
[1715000] SCOREBOARD MATCH: wstrb passthrough beat=159 expected = 47, actual =47
[1715000] SCOREBOARD MATCH: wstrb passthrough beat=160 expected = 26, actual =26
[1715000] SCOREBOARD MATCH: wstrb passthrough beat=161 expected = 98, actual =98
[1715000] SCOREBOARD MATCH: wstrb passthrough beat=162 expected = ef, actual =ef
[1715000] SCOREBOARD MATCH: bresp passthrough expected = 0, actual =0
[1715000] SCOREBOARD MATCH: response routed to correct master (write) expected = 0, actual =0
[1715000] [SCOREBOARD-M] mst_id=0 s_id=0 awaddr=9880448 awid=1011 awlen=162 awsize=0 awburst=1 wdata=[b0f26626b591e7a7 ea7b0919895955c9 de7ad6cc4871d99 fa19054105aa6d5f 8f03c328beda1392 361312ce4940e5a ea3e7bb99ceb7094 dbc58427fd7a366d e20e44c7f9423ee2 962daf76df26b553 dca0ebc0cc4cc081 c58eff63f1f3339d d119e8f0beaf3087 8afbf108dbbcaed9 cdafe277adbad4b0 ec6a0538d08af06b 2c479f459ec9cb67 cc84a018f765f640 c7f0e6acf9f781bc 98c14d2338eea550 b0549b90f43885f1 ee3007ade545ed3b 9e34928bf845823c ec7e082d86f154d0 ec37420cce892e1c c6ceb058daae0fda e19f64ab8a6bd497 d8f502b3334cb886 8dfac860cdd6a6b7 d8427b4e1fc3b30c d3106b92ef9a2d0b bd70d3c231377e02 d0fb310ee10b33f2 d0a560fe15b34f11 c6eacd13240b9ca0 8516d0928e1634c0 a3c983d117e5fe21 3bf19ac1d5bc3190 e3d26651eab450e4 829a4f05c1086b53 16c49ce4879bea22 f2503b07be8be9c6 ff94551afa970335 8232ed57f4ea8a0c 337673d31658f1fe 10eff533f483285e e96db26b330ac8ed c963baeb9322e28a 7a60ae91ce4263e cfeeef2bda53b01e ed7692a8f113bd54 df7e3921952aa16 f3a65a34f51c9d91 e6305ae5dde6d2bd f7397cd3e11cecdc d6398a6ef4283e77 d20f1134eadfd707 cbfcc3e3bc69e553 309223cbc9488e07 b428650ea2364e51 dea033a582a134ff cbe9c307002528f2 a25b77430f325770 91d38c6f80122815 8037510780fbaae8 902e0258ddbd4f76 ddcf778c2292c84b a38e733322018ec8 ffbede3ede06c893 809990de33bc758c d5be0454dd8e55ca 3b951e5e24280412 d7e4799ed57ce292 330b385dbc2eaf3c e056b34e2da27df2 831f6084eea056bb aacf05f7b83b2cec e5ddaadeb62a98e1 a4caef9c0b25b946 c360e632e8fd0b63 9f27a444cf99f594 dabfaeda293e9111 123b9c74c3f293e1 138c89759e20950c c75f261db16340b8 f555d499ee4c384f 8c6ccd5bd99ac291 afe034a88e25e0e f72e965dd3cbf379 ad66b60a8053d7e3 93635f2039b63b9 d7675732b864b954 38b891388064cc4f 8400300884ce0d3c 3d32c691c1eec72a c2539379db67873a e0359477f5eb57c9 37da1ef3c653c382 a1bb4abc1d685b08 1353b2d1fa2db26c c08175ee81f0df33 9f593a3bcb2dd1c4 c55b8430e23cc0ab e42d9fdeb2aced0c fddabed005dcfa1f e819baca0386da1a b633c726c3364301 c9133d20cc475aa8 cfce34c2340e85f7 f744c8f8312cf7ea fd7452920601fbe9 3a1081e0c0580618 f184fe02cd428755 d344833e31554ad8 f1ad50f0eef95094 bc3bd7e90d55051e 3eaa4ff6e3324ef2 d22b9f868f805b27 9cd560453057a0e6 1389efd80e677770 9de7d297db7fb03b 8bd75121e5b58f5e f41d06ce3abd32dd 963ce3189f6140f9 516d0581204d966 ccc20c432214343a c1757533f933d726 8b38b08ce2feef5b 85132395c68c458b 3fc01cb2d7fabccf 3af9ac2bc68898c9 8d14de54caf8cd3e 22f38a0ec00ccfc0 86956889ccd4fb06 17cdc845dded3639 9dfa05f913aa46de e07f41e43ac15253 18ae888c248f6e83 3839b561f84d0a29 b30e5c7cb6a88e85 db37fd0898b8f745 1106016fcbbce508 265738e9371b269 2c2aa9afc4145deb fd142f4dd9d7096 f10f23003d30ab1e 814509091236b682 efd427181d39ccaf da6a77cd91164bfd a34d027fe0e34a18 fe1d16c7dbaf80d6 ecc5ccd413212998 f40473b0d8878e94 34370f6b9012cf53 a333f8ebf2218a78 caa9190c20fcdc3f b10fab9217386c9c 959f714fee02877 9fdd04b6d443a47e eb7c111ad4031020 d2e33898d0ecb049 253054c7f4d6082e c8d9184ef2c03d4e ] wstrb=[e1 97 e6 f 5e 35 5d 3f cc 44 4e 2b 79 ac 6a 45 f0 b9 70 69 65 db ae 55 94 1f be f9 fa 6c 4e 8e 8b c 87 85 78 d5 13 4 e1 9a 89 59 6f 9d 5d 50 37 e7 aa a7 84 7 f7 bb ee a1 62 72 a9 5a 2e 97 fb 90 a a4 ea 38 3c e6 c8 46 8a b3 7e c6 99 46 c 23 f9 8a ea 92 d1 f6 b6 ca 81 a0 5d 52 96 13 1c 17 b3 79 69 49 8c 86 61 3f ff ca 89 8c 50 ea cb 50 b4 54 dc 5 3e a7 55 f3 fc 31 f8 3a d8 4d 2d d4 7e 25 f 56 72 3c 2b f0 62 3a 47 d4 76 72 c5 d8 ac c ad 22 7e 72 fb 2a 7e a8 4c fc 1a 47 26 98 ef ] bresp=0 bid=1011
[1715000] [SCOREBOARD-S] mst_id=0 s_id=0 awaddr=9880448 awid=1011 awlen=162 awsize=0 awburst=1 wdata=[b0f26626b591e7a7 ea7b0919895955c9 de7ad6cc4871d99 fa19054105aa6d5f 8f03c328beda1392 361312ce4940e5a ea3e7bb99ceb7094 dbc58427fd7a366d e20e44c7f9423ee2 962daf76df26b553 dca0ebc0cc4cc081 c58eff63f1f3339d d119e8f0beaf3087 8afbf108dbbcaed9 cdafe277adbad4b0 ec6a0538d08af06b 2c479f459ec9cb67 cc84a018f765f640 c7f0e6acf9f781bc 98c14d2338eea550 b0549b90f43885f1 ee3007ade545ed3b 9e34928bf845823c ec7e082d86f154d0 ec37420cce892e1c c6ceb058daae0fda e19f64ab8a6bd497 d8f502b3334cb886 8dfac860cdd6a6b7 d8427b4e1fc3b30c d3106b92ef9a2d0b bd70d3c231377e02 d0fb310ee10b33f2 d0a560fe15b34f11 c6eacd13240b9ca0 8516d0928e1634c0 a3c983d117e5fe21 3bf19ac1d5bc3190 e3d26651eab450e4 829a4f05c1086b53 16c49ce4879bea22 f2503b07be8be9c6 ff94551afa970335 8232ed57f4ea8a0c 337673d31658f1fe 10eff533f483285e e96db26b330ac8ed c963baeb9322e28a 7a60ae91ce4263e cfeeef2bda53b01e ed7692a8f113bd54 df7e3921952aa16 f3a65a34f51c9d91 e6305ae5dde6d2bd f7397cd3e11cecdc d6398a6ef4283e77 d20f1134eadfd707 cbfcc3e3bc69e553 309223cbc9488e07 b428650ea2364e51 dea033a582a134ff cbe9c307002528f2 a25b77430f325770 91d38c6f80122815 8037510780fbaae8 902e0258ddbd4f76 ddcf778c2292c84b a38e733322018ec8 ffbede3ede06c893 809990de33bc758c d5be0454dd8e55ca 3b951e5e24280412 d7e4799ed57ce292 330b385dbc2eaf3c e056b34e2da27df2 831f6084eea056bb aacf05f7b83b2cec e5ddaadeb62a98e1 a4caef9c0b25b946 c360e632e8fd0b63 9f27a444cf99f594 dabfaeda293e9111 123b9c74c3f293e1 138c89759e20950c c75f261db16340b8 f555d499ee4c384f 8c6ccd5bd99ac291 afe034a88e25e0e f72e965dd3cbf379 ad66b60a8053d7e3 93635f2039b63b9 d7675732b864b954 38b891388064cc4f 8400300884ce0d3c 3d32c691c1eec72a c2539379db67873a e0359477f5eb57c9 37da1ef3c653c382 a1bb4abc1d685b08 1353b2d1fa2db26c c08175ee81f0df33 9f593a3bcb2dd1c4 c55b8430e23cc0ab e42d9fdeb2aced0c fddabed005dcfa1f e819baca0386da1a b633c726c3364301 c9133d20cc475aa8 cfce34c2340e85f7 f744c8f8312cf7ea fd7452920601fbe9 3a1081e0c0580618 f184fe02cd428755 d344833e31554ad8 f1ad50f0eef95094 bc3bd7e90d55051e 3eaa4ff6e3324ef2 d22b9f868f805b27 9cd560453057a0e6 1389efd80e677770 9de7d297db7fb03b 8bd75121e5b58f5e f41d06ce3abd32dd 963ce3189f6140f9 516d0581204d966 ccc20c432214343a c1757533f933d726 8b38b08ce2feef5b 85132395c68c458b 3fc01cb2d7fabccf 3af9ac2bc68898c9 8d14de54caf8cd3e 22f38a0ec00ccfc0 86956889ccd4fb06 17cdc845dded3639 9dfa05f913aa46de e07f41e43ac15253 18ae888c248f6e83 3839b561f84d0a29 b30e5c7cb6a88e85 db37fd0898b8f745 1106016fcbbce508 265738e9371b269 2c2aa9afc4145deb fd142f4dd9d7096 f10f23003d30ab1e 814509091236b682 efd427181d39ccaf da6a77cd91164bfd a34d027fe0e34a18 fe1d16c7dbaf80d6 ecc5ccd413212998 f40473b0d8878e94 34370f6b9012cf53 a333f8ebf2218a78 caa9190c20fcdc3f b10fab9217386c9c 959f714fee02877 9fdd04b6d443a47e eb7c111ad4031020 d2e33898d0ecb049 253054c7f4d6082e c8d9184ef2c03d4e ] wstrb=[e1 97 e6 f 5e 35 5d 3f cc 44 4e 2b 79 ac 6a 45 f0 b9 70 69 65 db ae 55 94 1f be f9 fa 6c 4e 8e 8b c 87 85 78 d5 13 4 e1 9a 89 59 6f 9d 5d 50 37 e7 aa a7 84 7 f7 bb ee a1 62 72 a9 5a 2e 97 fb 90 a a4 ea 38 3c e6 c8 46 8a b3 7e c6 99 46 c 23 f9 8a ea 92 d1 f6 b6 ca 81 a0 5d 52 96 13 1c 17 b3 79 69 49 8c 86 61 3f ff ca 89 8c 50 ea cb 50 b4 54 dc 5 3e a7 55 f3 fc 31 f8 3a d8 4d 2d d4 7e 25 f 56 72 3c 2b f0 62 3a 47 d4 76 72 c5 d8 ac c ad 22 7e 72 fb 2a 7e a8 4c fc 1a 47 26 98 ef ] bresp=0 bid=1011
[1715000] SCOREBOARD: Transaction 4 received. pass=378 fail=0
[1715000] ALL PASS. Total transactions: 4
[1725000] SLAVE 0 R_VALID_RDY Handshake beat=1 rlast=1
[1725000] [SLAVE MONITOR] READ mst_id=0 s_id=0 araddr=5322450 arid=1 arlen=1 arsize=3 arburst=1 rid=[11] rresp=[00] rdata=[baadf00d12345678baadf00d12345678]
[1735000] MASTER 0 R_VALID_RDY Handshake beat=0 rlast=0
[1745000] [MASTER DRIVER] READ mst_id=0 s_id=0 araddr=5322450 arid=1 arlen=1 arsize=3 arburst=1 rid=[11] rresp=[00] rdata=[baadf00d12345678baadf00d12345678]
[1745000] MASTER 0 R_VALID_RDY Handshake beat=1 rlast=1
[1745000] [MASTER MONITOR] READ mst_id=0 s_id=0 araddr=5322450 arid=1 arlen=1 arsize=3 arburst=1 rid=[11] rresp=[00] rdata=[baadf00d12345678baadf00d12345678]
[1745000] SCOREBOARD MATCH: decode_err expected = 0, actual =0
[1745000] SCOREBOARD MATCH: slave_id expected = 0, actual =0
[1745000] SCOREBOARD MATCH: araddr passthrough expected = 5322450, actual =5322450
[1745000] SCOREBOARD MATCH: arlen passthrough expected = 1, actual =1
[1745000] SCOREBOARD MATCH: arsize passthrough expected = 3, actual =3
[1745000] SCOREBOARD MATCH: arburst passthrough expected = 1, actual =1
[1745000] SCOREBOARD MATCH: rdata size check expected = 2, actual =2
[1745000] SCOREBOARD MATCH: rdata passthrough beat=0 expected = baadf00d12345678, actual =baadf00d12345678
[1745000] SCOREBOARD MATCH: rdata passthrough beat=1 expected = baadf00d12345678, actual =baadf00d12345678
[1745000] SCOREBOARD MATCH: rresp size check expected = 2, actual =2
[1745000] SCOREBOARD MATCH: rresp passthrough beat=0 expected = 0, actual =0
[1745000] SCOREBOARD MATCH: rresp passthrough beat=1 expected = 0, actual =0
[1745000] SCOREBOARD MATCH: response routed to correct master (read beat 0) expected = 0, actual =0
[1745000] SCOREBOARD MATCH: response routed to correct master (read beat 1) expected = 0, actual =0
[1745000] [SCOREBOARD-M] READ mst_id=0 s_id=0 araddr=5322450 arid=1 arlen=1 arsize=3 arburst=1 rid=[11] rresp=[00] rdata=[baadf00d12345678baadf00d12345678]
[1745000] [SCOREBOARD-S] READ mst_id=0 s_id=0 araddr=5322450 arid=1 arlen=1 arsize=3 arburst=1 rid=[11] rresp=[00] rdata=[baadf00d12345678baadf00d12345678]
[1745000] SCOREBOARD: Transaction 5 received. pass=392 fail=0
[1745000] SCOREBOARD: Expected 5 transactions completed, PASS=392 FAIL=0
[1745000] ALL PASS. Total transactions: 5
[1745000] ALL TRANSACTIONS MONITORED
$finish called at time : 1765 ns : File "/home/nashita/Desktop/practice/axi_xbar/tb/top/axi_tb_top.sv" Line 220
exit
INFO: xsimkernel Simulation Memory Usage: 289468 KB (Peak: 337868 KB), Simulation CPU Usage: 1190 ms
INFO: [Common 17-206] Exiting xsim at Fri Sep 11 11:47:37 2026...
