#-----------------------------------------------------------
# xsim v2025.2 (64-bit)
# SW Build 6299465 on Fri Nov 14 12:34:56 MST 2025
# IP Build 6300035 on Fri Nov 14 10:48:45 MST 2025
# SharedData Build 6298862 on Thu Nov 13 04:50:51 MST 2025
# Start of session at: Tue Sep  8 15:47:47 2026
# Process ID         : 3944783
# Current directory  : /home/nashita/Desktop/practice/axi_xbar/sim
# Command line       : xsim -log regress_results/BT_run43.log -mode tcl -source {xsim.dir/tb_top_snap/xsim_script.tcl}
# Log file           : /home/nashita/Desktop/practice/axi_xbar/sim/regress_results/BT_run43.log
# Journal file       : /home/nashita/Desktop/practice/axi_xbar/sim/xsim.jou
# Running On         : vlsi-vivado
# Platform           : Ubuntu
# Operating System   : Ubuntu 24.04.4 LTS
# Processor Detail   : Intel(R) Core(TM) i5-10400 CPU @ 2.90GHz
# CPU Frequency      : 4000.292 MHz
# CPU Physical cores : 6
# CPU Logical cores  : 12
# Host memory        : 41875 MB
# Swap memory        : 27648 MB
# Total Virtual      : 69524 MB
# Available Virtual  : 60269 MB
#-----------------------------------------------------------
source xsim.dir/tb_top_snap/xsim_script.tcl
# xsim {tb_top_snap} -testplusarg BT -autoloadwcfg -runall -sv_seed 44
Time resolution is 1 ps
run -all
[0] RUNNING BASE TEST
[0] INSIDE THE BASE TEST CONSTRUCTOR
[0] ENV: before agent
[0] SLAVE CONSTRUCTED
[0] MASTER MONITOR CONSTRUCTED
[0] MASTER MONITOR CONSTRUCTED
[0] SLAVE MONITOR CONSTRUCTED
[0] SLAVE MONITOR CONSTRUCTED
[0] ARB MONITOR CONSTRUCTED
GENERATOR CONSTRUCTED
[0] ENV: after agent
[0] ENV: before scoreboard
[0] ENV: after scoreboard
[15000] [SEQUENCER] READ mst_id=1 s_id=0 araddr=1cc61238 arid=0 arlen=1 arsize=3 arburst=1 rid=[] rresp=[] rdata=[]
[15000] [SEQUENCER] mst_id=0 s_id=0 awaddr=70ba088 awid=110 awlen=1 awsize=3 awburst=1 wdata=[] wstrb=[] bresp=0 bid=0
[15000] [SEQUENCER] READ mst_id=0 s_id=0 araddr=580b6f0 arid=1 arlen=1 arsize=3 arburst=1 rid=[] rresp=[] rdata=[]
[15000] [SEQUENCER] READ mst_id=0 s_id=0 araddr=14e5038 arid=2 arlen=1 arsize=3 arburst=1 rid=[] rresp=[] rdata=[]
[15000] [SEQUENCER] mst_id=1 s_id=0 awaddr=2330290 awid=1100 awlen=1 awsize=3 awburst=1 wdata=[] wstrb=[] bresp=0 bid=0
[15000] [SEQUENCER] READ mst_id=0 s_id=0 araddr=14bd5428 arid=3 arlen=1 arsize=3 arburst=1 rid=[] rresp=[] rdata=[]
[15000] [SEQUENCER] READ mst_id=0 s_id=0 araddr=1eba0278 arid=4 arlen=1 arsize=3 arburst=1 rid=[] rresp=[] rdata=[]
[15000] [SEQUENCER] READ mst_id=1 s_id=0 araddr=d033750 arid=2 arlen=1 arsize=3 arburst=1 rid=[] rresp=[] rdata=[]
[15000] [SEQUENCER] READ mst_id=0 s_id=0 araddr=152c0c10 arid=5 arlen=1 arsize=3 arburst=1 rid=[] rresp=[] rdata=[]
[15000] [SEQUENCER] mst_id=1 s_id=0 awaddr=16fd2988 awid=1101 awlen=1 awsize=3 awburst=1 wdata=[] wstrb=[] bresp=0 bid=0
[15000] MASTER_DRIVER1 received transaction, op=AXI_READ
[15000] MASTER_DRIVER0 received transaction, op=AXI_WRITE
[35000] MASTER 0 AW_VALID_RDY Handshake
[35000] MASTER_DRIVER1 received transaction, op=AXI_WRITE
[45000] ARB MONITOR: slave=0 m0_req=1 m1_req=0 winner=0
[45000] ARB MONITOR: slave=1 m0_req=0 m1_req=1 winner=1
[45000] AXI S0_ARVALID_RDY HANDSHAKE
[45000] MEMORY READ MISS beat=0 addr=1cc61238 -> default data id=16
[45000] AXI S0_AWVALID_RDY HANDSHAKE
[55000] MEMORY READ MISS beat=1 addr=1cc61240 -> default data id=16
[55000] SLAVE 1 R_VALID_RDY Handshake beat=0 rlast=0
[55000] MASTER 1 AW_VALID_RDY Handshake
[55000] MASTER 0 W_VALID_RDY Handshake beat=0 wlast=0
[65000] MASTER_DRIVER0 received transaction, op=AXI_READ
[65000] MASTER 0 W_VALID_RDY Handshake beat=1 wlast=1
[65000] SLAVE 1 R_VALID_RDY Handshake beat=1 rlast=1
[65000] [SLAVE MONITOR AR] READ mst_id=1 s_id=1 araddr=1cc61238 arid=0 arlen=1 arsize=3 arburst=1 rid=[1010] rresp=[00] rdata=[baadf00d12345678baadf00d12345678]
[65000] AXI S0_WVALID_RDY HANDSHAKE
[65000] AXI S0_WVALID_RDY HANDSHAKE
[65000] S0 MEMORY WRITE beat=0 addr=070ba088 data=0000000000000000 id=06
[75000] AXI S0_WVALID_RDY HANDSHAKE
[75000] S0 MEMORY WRITE beat=1 addr=070ba090 data=0000000000000000 id=06
[75000] AXI S0_WVALID_RDY HANDSHAKE
[75000] MASTER 1 R_VALID_RDY Handshake beat=0 rlast=0
[75000] MASTER 1 W_VALID_RDY Handshake beat=0 wlast=0
[85000] MASTER_DRIVER0 received transaction, op=AXI_READ
[85000] [MASTER DRIVER] READ mst_id=1 s_id=0 araddr=1cc61238 arid=0 arlen=1 arsize=3 arburst=1 rid=[00] rresp=[00] rdata=[baadf00d12345678baadf00d12345678]
[85000] MASTER_DRIVER1 received transaction, op=AXI_READ
[85000] MASTER 1 W_VALID_RDY Handshake beat=1 wlast=1
[85000] MASTER 1 R_VALID_RDY Handshake beat=1 rlast=1
[85000] [MASTER MONITOR] READ mst_id=1 s_id=1 araddr=1cc61238 arid=0 arlen=1 arsize=3 arburst=1 rid=[00] rresp=[00] rdata=[baadf00d12345678baadf00d12345678]
[85000] AXI S0_BVALID_RDY HANDSHAKE
[85000] [SLAVE MONITOR] mst_id=0 s_id=0 awaddr=70ba088 awid=110 awlen=1 awsize=3 awburst=1 wdata=[0 0 ] wstrb=[0 0 ] bresp=0 bid=110
[85000] SLAVE0 sent B resp, id=6
[85000] SCOREBOARD MATCH: decode_err expected = 0, actual =0
[85000] SCOREBOARD MATCH: slave_id expected = 1, actual =1
[85000] SCOREBOARD MATCH: araddr passthrough expected = 1cc61238, actual =1cc61238
[85000] SCOREBOARD MATCH: arlen passthrough expected = 1, actual =1
[85000] SCOREBOARD MATCH: arsize passthrough expected = 3, actual =3
[85000] SCOREBOARD MATCH: arburst passthrough expected = 1, actual =1
[85000] SCOREBOARD MATCH: rdata size check expected = 2, actual =2
[85000] SCOREBOARD MATCH: rdata passthrough beat=0 expected = baadf00d12345678, actual =baadf00d12345678
[85000] SCOREBOARD MATCH: rdata passthrough beat=1 expected = baadf00d12345678, actual =baadf00d12345678
[85000] SCOREBOARD MATCH: rresp size check expected = 2, actual =2
[85000] SCOREBOARD MATCH: rresp passthrough beat=0 expected = 0, actual =0
[85000] SCOREBOARD MATCH: rresp passthrough beat=1 expected = 0, actual =0
[85000] SCOREBOARD MATCH: response routed to correct master (read beat 0) expected = 1, actual =1
[85000] SCOREBOARD MATCH: response routed to correct master (read beat 1) expected = 1, actual =1
[85000] [SCOREBOARD-M] READ mst_id=1 s_id=1 araddr=1cc61238 arid=0 arlen=1 arsize=3 arburst=1 rid=[00] rresp=[00] rdata=[baadf00d12345678baadf00d12345678]
[85000] [SCOREBOARD-S] READ mst_id=1 s_id=1 araddr=1cc61238 arid=0 arlen=1 arsize=3 arburst=1 rid=[1010] rresp=[00] rdata=[baadf00d12345678baadf00d12345678]
[85000] SCOREBOARD: Transaction 1 received. pass=14 fail=0
[85000] ALL PASS. Total transactions: 1
[95000] AXI S0_AWVALID_RDY HANDSHAKE
[95000] AXI S0_ARVALID_RDY HANDSHAKE
[95000] MEMORY READ MISS beat=0 addr=580b6f0 -> default data id=1
[95000] ARB MONITOR: slave=0 m0_req=0 m1_req=1 winner=1
[95000] ARB MONITOR: slave=0 m0_req=1 m1_req=0 winner=0
[105000] MASTER_DRIVER0 received transaction, op=AXI_READ
[105000] MASTER 0 RECEIVED BRESP. BRESP=0
[105000] [MASTER DRIVER] mst_id=0 s_id=0 awaddr=70ba088 awid=110 awlen=1 awsize=3 awburst=1 wdata=[] wstrb=[] bresp=0 bid=110
[105000] MASTER_DRIVER1 received transaction, op=AXI_WRITE
[105000] MASTER 0 B_VALID_RDY Handshake
[105000] [MASTER MONITOR] mst_id=0 s_id=0 awaddr=70ba088 awid=110 awlen=1 awsize=3 awburst=1 wdata=[0 0 ] wstrb=[0 0 ] bresp=0 bid=110
[105000] SLAVE 0 R_VALID_RDY Handshake beat=0 rlast=0
[105000] AXI S0_WVALID_RDY HANDSHAKE
[105000] MEMORY READ MISS beat=1 addr=580b6f8 -> default data id=1
[105000] AXI S0_WVALID_RDY HANDSHAKE
[105000] S0 MEMORY WRITE beat=0 addr=02330290 data=0000000000000000 id=1c
[105000] SCOREBOARD MATCH: decode_err expected = 0, actual =0
[105000] SCOREBOARD MATCH: slave_id expected = 0, actual =0
[105000] SCOREBOARD MATCH: awaddr passthrough expected = 70ba088, actual =70ba088
[105000] SCOREBOARD MATCH: awlen passthrough expected = 1, actual =1
[105000] SCOREBOARD MATCH: awsize passthrough expected = 3, actual =3
[105000] SCOREBOARD MATCH: awburst passthrough expected = 1, actual =1
[105000] SCOREBOARD MATCH: wdata size check expected = 2, actual =2
[105000] SCOREBOARD MATCH: wdata passthrough beat=0 expected = 0, actual =0
[105000] SCOREBOARD MATCH: wdata passthrough beat=1 expected = 0, actual =0
[105000] SCOREBOARD MATCH: wstrb size check expected = 2, actual =2
[105000] SCOREBOARD MATCH: wstrb passthrough beat=0 expected = 0, actual =0
[105000] SCOREBOARD MATCH: wstrb passthrough beat=1 expected = 0, actual =0
[105000] SCOREBOARD MATCH: bresp passthrough expected = 0, actual =0
[105000] SCOREBOARD MATCH: response routed to correct master (write) expected = 0, actual =0
[105000] [SCOREBOARD-M] mst_id=0 s_id=0 awaddr=70ba088 awid=110 awlen=1 awsize=3 awburst=1 wdata=[0 0 ] wstrb=[0 0 ] bresp=0 bid=110
[105000] [SCOREBOARD-S] mst_id=0 s_id=0 awaddr=70ba088 awid=110 awlen=1 awsize=3 awburst=1 wdata=[0 0 ] wstrb=[0 0 ] bresp=0 bid=110
[105000] SCOREBOARD: Transaction 2 received. pass=28 fail=0
[105000] ALL PASS. Total transactions: 2
[115000] AXI S0_WVALID_RDY HANDSHAKE
[115000] S0 MEMORY WRITE beat=1 addr=02330298 data=0000000000000000 id=1c
[115000] AXI S0_WVALID_RDY HANDSHAKE
[115000] SLAVE 0 R_VALID_RDY Handshake beat=1 rlast=1
[115000] [SLAVE MONITOR AR] READ mst_id=0 s_id=0 araddr=580b6f0 arid=1 arlen=1 arsize=3 arburst=1 rid=[11] rresp=[00] rdata=[baadf00d12345678baadf00d12345678]
[125000] MASTER_DRIVER0 received transaction, op=AXI_READ
[125000] MASTER 0 R_VALID_RDY Handshake beat=0 rlast=0
[125000] MASTER 1 AW_VALID_RDY Handshake
[125000] ARB MONITOR: slave=0 m0_req=0 m1_req=1 winner=1
[125000] AXI S0_BVALID_RDY HANDSHAKE
[125000] [SLAVE MONITOR] mst_id=1 s_id=0 awaddr=2330290 awid=1100 awlen=1 awsize=3 awburst=1 wdata=[0 0 ] wstrb=[0 0 ] bresp=0 bid=11100
[125000] AXI S0_ARVALID_RDY HANDSHAKE
[125000] MEMORY READ MISS beat=0 addr=d033750 -> default data id=18
[125000] SLAVE0 sent B resp, id=12
[135000] AXI S1_AWVALID_RDY HANDSHAKE
[135000] MEMORY READ MISS beat=1 addr=d033758 -> default data id=18
[135000] SLAVE 0 R_VALID_RDY Handshake beat=0 rlast=0
[135000] ARB MONITOR: slave=1 m0_req=0 m1_req=1 winner=1
[135000] MASTER 0 R_VALID_RDY Handshake beat=1 rlast=1
[135000] [MASTER MONITOR] READ mst_id=0 s_id=0 araddr=580b6f0 arid=1 arlen=1 arsize=3 arburst=1 rid=[11] rresp=[00] rdata=[baadf00d12345678baadf00d12345678]
[135000] [MASTER DRIVER] READ mst_id=0 s_id=0 araddr=580b6f0 arid=1 arlen=1 arsize=3 arburst=1 rid=[11] rresp=[00] rdata=[baadf00d12345678baadf00d12345678]
[135000] SCOREBOARD MATCH: decode_err expected = 0, actual =0
[135000] SCOREBOARD MATCH: slave_id expected = 0, actual =0
[135000] SCOREBOARD MATCH: araddr passthrough expected = 580b6f0, actual =580b6f0
[135000] SCOREBOARD MATCH: arlen passthrough expected = 1, actual =1
[135000] SCOREBOARD MATCH: arsize passthrough expected = 3, actual =3
[135000] SCOREBOARD MATCH: arburst passthrough expected = 1, actual =1
[135000] SCOREBOARD MATCH: rdata size check expected = 2, actual =2
[135000] SCOREBOARD MATCH: rdata passthrough beat=0 expected = baadf00d12345678, actual =baadf00d12345678
[135000] SCOREBOARD MATCH: rdata passthrough beat=1 expected = baadf00d12345678, actual =baadf00d12345678
[135000] SCOREBOARD MATCH: rresp size check expected = 2, actual =2
[135000] SCOREBOARD MATCH: rresp passthrough beat=0 expected = 0, actual =0
[135000] SCOREBOARD MATCH: rresp passthrough beat=1 expected = 0, actual =0
[135000] SCOREBOARD MATCH: response routed to correct master (read beat 0) expected = 0, actual =0
[135000] SCOREBOARD MATCH: response routed to correct master (read beat 1) expected = 0, actual =0
[135000] [SCOREBOARD-M] READ mst_id=0 s_id=0 araddr=580b6f0 arid=1 arlen=1 arsize=3 arburst=1 rid=[11] rresp=[00] rdata=[baadf00d12345678baadf00d12345678]
[135000] [SCOREBOARD-S] READ mst_id=0 s_id=0 araddr=580b6f0 arid=1 arlen=1 arsize=3 arburst=1 rid=[11] rresp=[00] rdata=[baadf00d12345678baadf00d12345678]
[135000] SCOREBOARD: Transaction 3 received. pass=42 fail=0
[135000] ALL PASS. Total transactions: 3
[145000] MASTER_DRIVER0 received transaction, op=AXI_READ
[145000] MASTER 1 RECEIVED BRESP. BRESP=0
[145000] [MASTER DRIVER] mst_id=1 s_id=0 awaddr=2330290 awid=1100 awlen=1 awsize=3 awburst=1 wdata=[] wstrb=[] bresp=0 bid=1100
[145000] MASTER 1 W_VALID_RDY Handshake beat=0 wlast=0
[145000] MASTER 1 B_VALID_RDY Handshake
[145000] [MASTER MONITOR] mst_id=1 s_id=0 awaddr=2330290 awid=1100 awlen=1 awsize=3 awburst=1 wdata=[0 0 ] wstrb=[0 0 ] bresp=0 bid=1100
[145000] SLAVE 0 R_VALID_RDY Handshake beat=1 rlast=1
[145000] [SLAVE MONITOR AR] READ mst_id=1 s_id=0 araddr=d033750 arid=2 arlen=1 arsize=3 arburst=1 rid=[1212] rresp=[00] rdata=[baadf00d12345678baadf00d12345678]
[145000] SCOREBOARD MATCH: decode_err expected = 0, actual =0
[145000] SCOREBOARD MATCH: slave_id expected = 0, actual =0
[145000] SCOREBOARD MATCH: awaddr passthrough expected = 2330290, actual =2330290
[145000] SCOREBOARD MATCH: awlen passthrough expected = 1, actual =1
[145000] SCOREBOARD MATCH: awsize passthrough expected = 3, actual =3
[145000] SCOREBOARD MATCH: awburst passthrough expected = 1, actual =1
[145000] SCOREBOARD MATCH: wdata size check expected = 2, actual =2
[145000] SCOREBOARD MATCH: wdata passthrough beat=0 expected = 0, actual =0
[145000] SCOREBOARD MATCH: wdata passthrough beat=1 expected = 0, actual =0
[145000] SCOREBOARD MATCH: wstrb size check expected = 2, actual =2
[145000] SCOREBOARD MATCH: wstrb passthrough beat=0 expected = 0, actual =0
[145000] SCOREBOARD MATCH: wstrb passthrough beat=1 expected = 0, actual =0
[145000] SCOREBOARD MATCH: bresp passthrough expected = 0, actual =0
[145000] SCOREBOARD MATCH: response routed to correct master (write) expected = 1, actual =1
[145000] [SCOREBOARD-M] mst_id=1 s_id=0 awaddr=2330290 awid=1100 awlen=1 awsize=3 awburst=1 wdata=[0 0 ] wstrb=[0 0 ] bresp=0 bid=1100
[145000] [SCOREBOARD-S] mst_id=1 s_id=0 awaddr=2330290 awid=1100 awlen=1 awsize=3 awburst=1 wdata=[0 0 ] wstrb=[0 0 ] bresp=0 bid=11100
[145000] SCOREBOARD: Transaction 4 received. pass=56 fail=0
[145000] ALL PASS. Total transactions: 4
[155000] S1 MEMORY WRITE beat=0 addr=16fd2988 data=0000000000000000 id=1d
[155000] AXI S0_ARVALID_RDY HANDSHAKE
[155000] MEMORY READ MISS beat=0 addr=14e5038 -> default data id=2
[155000] AXI S1_WVALID_RDY HANDSHAKE
[155000] ARB MONITOR: slave=0 m0_req=0 m1_req=0 winner=0
[155000] MASTER 1 R_VALID_RDY Handshake beat=0 rlast=0
[155000] MASTER 1 W_VALID_RDY Handshake beat=1 wlast=1
[165000] [MASTER DRIVER] READ mst_id=1 s_id=0 araddr=d033750 arid=2 arlen=1 arsize=3 arburst=1 rid=[22] rresp=[00] rdata=[baadf00d12345678baadf00d12345678]
[165000] MASTER 1 R_VALID_RDY Handshake beat=1 rlast=1
[165000] [MASTER MONITOR] READ mst_id=1 s_id=0 araddr=d033750 arid=2 arlen=1 arsize=3 arburst=1 rid=[22] rresp=[00] rdata=[baadf00d12345678baadf00d12345678]
[165000] ARB MONITOR: slave=1 m0_req=1 m1_req=0 winner=0
[165000] AXI S1_WVALID_RDY HANDSHAKE
[165000] SLAVE 0 R_VALID_RDY Handshake beat=0 rlast=0
[165000] AXI S0_ARVALID_RDY HANDSHAKE
[165000] MEMORY READ MISS beat=0 addr=14bd5428 -> default data id=3
[165000] MEMORY READ MISS beat=1 addr=14e5040 -> default data id=2
[165000] S1 MEMORY WRITE beat=1 addr=16fd2990 data=0000000000000000 id=1d
[165000] SCOREBOARD MATCH: decode_err expected = 0, actual =0
[165000] SCOREBOARD MATCH: slave_id expected = 0, actual =0
[165000] SCOREBOARD MATCH: araddr passthrough expected = d033750, actual =d033750
[165000] SCOREBOARD MATCH: arlen passthrough expected = 1, actual =1
[165000] SCOREBOARD MATCH: arsize passthrough expected = 3, actual =3
[165000] SCOREBOARD MATCH: arburst passthrough expected = 1, actual =1
[165000] SCOREBOARD MATCH: rdata size check expected = 2, actual =2
[165000] SCOREBOARD MATCH: rdata passthrough beat=0 expected = baadf00d12345678, actual =baadf00d12345678
[165000] SCOREBOARD MATCH: rdata passthrough beat=1 expected = baadf00d12345678, actual =baadf00d12345678
[165000] SCOREBOARD MATCH: rresp size check expected = 2, actual =2
[165000] SCOREBOARD MATCH: rresp passthrough beat=0 expected = 0, actual =0
[165000] SCOREBOARD MATCH: rresp passthrough beat=1 expected = 0, actual =0
[165000] SCOREBOARD MATCH: response routed to correct master (read beat 0) expected = 1, actual =1
[165000] SCOREBOARD MATCH: response routed to correct master (read beat 1) expected = 1, actual =1
[165000] [SCOREBOARD-M] READ mst_id=1 s_id=0 araddr=d033750 arid=2 arlen=1 arsize=3 arburst=1 rid=[22] rresp=[00] rdata=[baadf00d12345678baadf00d12345678]
[165000] [SCOREBOARD-S] READ mst_id=1 s_id=0 araddr=d033750 arid=2 arlen=1 arsize=3 arburst=1 rid=[1212] rresp=[00] rdata=[baadf00d12345678baadf00d12345678]
[165000] SCOREBOARD: Transaction 5 received. pass=70 fail=0
[165000] ALL PASS. Total transactions: 5
[175000] SLAVE1 sent B resp, id=13
[175000] MEMORY READ MISS beat=1 addr=14bd5430 -> default data id=3
[175000] SLAVE 0 R_VALID_RDY Handshake beat=1 rlast=1
[175000] [SLAVE MONITOR AR] READ mst_id=0 s_id=0 araddr=14e5038 arid=2 arlen=1 arsize=3 arburst=1 rid=[22] rresp=[00] rdata=[baadf00d12345678baadf00d12345678]
[175000] AXI S1_BVALID_RDY HANDSHAKE
[175000] [SLAVE MONITOR] mst_id=1 s_id=1 awaddr=16fd2988 awid=1101 awlen=1 awsize=3 awburst=1 wdata=[0 0 ] wstrb=[0 0 ] bresp=0 bid=11101
[175000] SLAVE 1 R_VALID_RDY Handshake beat=0 rlast=0
[185000] MASTER 0 R_VALID_RDY Handshake beat=0 rlast=0
[185000] SLAVE 1 R_VALID_RDY Handshake beat=1 rlast=1
[185000] [SLAVE MONITOR AR] READ mst_id=0 s_id=1 araddr=14bd5428 arid=3 arlen=1 arsize=3 arburst=1 rid=[33] rresp=[00] rdata=[baadf00d12345678baadf00d12345678]
[195000] AXI S0_ARVALID_RDY HANDSHAKE
[195000] MEMORY READ MISS beat=0 addr=1eba0278 -> default data id=4
[195000] ARB MONITOR: slave=1 m0_req=0 m1_req=0 winner=0
[195000] MASTER 1 B_VALID_RDY Handshake
[195000] [MASTER MONITOR] mst_id=1 s_id=1 awaddr=16fd2988 awid=1101 awlen=1 awsize=3 awburst=1 wdata=[0 0 ] wstrb=[0 0 ] bresp=0 bid=1101
[195000] MASTER 0 R_VALID_RDY Handshake beat=1 rlast=1
[195000] [MASTER MONITOR] READ mst_id=0 s_id=0 araddr=14e5038 arid=2 arlen=1 arsize=3 arburst=1 rid=[22] rresp=[00] rdata=[baadf00d12345678baadf00d12345678]
[195000] MASTER 1 RECEIVED BRESP. BRESP=0
[195000] [MASTER DRIVER] mst_id=1 s_id=0 awaddr=16fd2988 awid=1101 awlen=1 awsize=3 awburst=1 wdata=[] wstrb=[] bresp=0 bid=1101
[195000] [MASTER DRIVER] READ mst_id=0 s_id=0 araddr=14e5038 arid=2 arlen=1 arsize=3 arburst=1 rid=[22] rresp=[00] rdata=[baadf00d12345678baadf00d12345678]
[195000] SCOREBOARD MATCH: decode_err expected = 0, actual =0
[195000] SCOREBOARD MATCH: slave_id expected = 1, actual =1
[195000] SCOREBOARD MATCH: awaddr passthrough expected = 16fd2988, actual =16fd2988
[195000] SCOREBOARD MATCH: awlen passthrough expected = 1, actual =1
[195000] SCOREBOARD MATCH: awsize passthrough expected = 3, actual =3
[195000] SCOREBOARD MATCH: awburst passthrough expected = 1, actual =1
[195000] SCOREBOARD MATCH: wdata size check expected = 2, actual =2
[195000] SCOREBOARD MATCH: wdata passthrough beat=0 expected = 0, actual =0
[195000] SCOREBOARD MATCH: wdata passthrough beat=1 expected = 0, actual =0
[195000] SCOREBOARD MATCH: wstrb size check expected = 2, actual =2
[195000] SCOREBOARD MATCH: wstrb passthrough beat=0 expected = 0, actual =0
[195000] SCOREBOARD MATCH: wstrb passthrough beat=1 expected = 0, actual =0
[195000] SCOREBOARD MATCH: bresp passthrough expected = 0, actual =0
[195000] SCOREBOARD MATCH: response routed to correct master (write) expected = 1, actual =1
[195000] [SCOREBOARD-M] mst_id=1 s_id=1 awaddr=16fd2988 awid=1101 awlen=1 awsize=3 awburst=1 wdata=[0 0 ] wstrb=[0 0 ] bresp=0 bid=1101
[195000] [SCOREBOARD-S] mst_id=1 s_id=1 awaddr=16fd2988 awid=1101 awlen=1 awsize=3 awburst=1 wdata=[0 0 ] wstrb=[0 0 ] bresp=0 bid=11101
[195000] SCOREBOARD: Transaction 6 received. pass=84 fail=0
[195000] ALL PASS. Total transactions: 6
[195000] SCOREBOARD MATCH: decode_err expected = 0, actual =0
[195000] SCOREBOARD MATCH: slave_id expected = 0, actual =0
[195000] SCOREBOARD MATCH: araddr passthrough expected = 14e5038, actual =14e5038
[195000] SCOREBOARD MATCH: arlen passthrough expected = 1, actual =1
[195000] SCOREBOARD MATCH: arsize passthrough expected = 3, actual =3
[195000] SCOREBOARD MATCH: arburst passthrough expected = 1, actual =1
[195000] SCOREBOARD MATCH: rdata size check expected = 2, actual =2
[195000] SCOREBOARD MATCH: rdata passthrough beat=0 expected = baadf00d12345678, actual =baadf00d12345678
[195000] SCOREBOARD MATCH: rdata passthrough beat=1 expected = baadf00d12345678, actual =baadf00d12345678
[195000] SCOREBOARD MATCH: rresp size check expected = 2, actual =2
[195000] SCOREBOARD MATCH: rresp passthrough beat=0 expected = 0, actual =0
[195000] SCOREBOARD MATCH: rresp passthrough beat=1 expected = 0, actual =0
[195000] SCOREBOARD MATCH: response routed to correct master (read beat 0) expected = 0, actual =0
[195000] SCOREBOARD MATCH: response routed to correct master (read beat 1) expected = 0, actual =0
[195000] [SCOREBOARD-M] READ mst_id=0 s_id=0 araddr=14e5038 arid=2 arlen=1 arsize=3 arburst=1 rid=[22] rresp=[00] rdata=[baadf00d12345678baadf00d12345678]
[195000] [SCOREBOARD-S] READ mst_id=0 s_id=0 araddr=14e5038 arid=2 arlen=1 arsize=3 arburst=1 rid=[22] rresp=[00] rdata=[baadf00d12345678baadf00d12345678]
[195000] SCOREBOARD: Transaction 7 received. pass=98 fail=0
[195000] ALL PASS. Total transactions: 7
[205000] SLAVE 1 R_VALID_RDY Handshake beat=0 rlast=0
[205000] MEMORY READ MISS beat=1 addr=1eba0280 -> default data id=4
[215000] SLAVE 1 R_VALID_RDY Handshake beat=1 rlast=1
[215000] [SLAVE MONITOR AR] READ mst_id=0 s_id=1 araddr=1eba0278 arid=4 arlen=1 arsize=3 arburst=1 rid=[44] rresp=[00] rdata=[baadf00d12345678baadf00d12345678]
[215000] MASTER 0 R_VALID_RDY Handshake beat=0 rlast=0
[225000] [MASTER DRIVER] READ mst_id=0 s_id=0 araddr=14bd5428 arid=3 arlen=1 arsize=3 arburst=1 rid=[33] rresp=[00] rdata=[baadf00d12345678baadf00d12345678]
[225000] MASTER 0 R_VALID_RDY Handshake beat=1 rlast=1
[225000] [MASTER MONITOR] READ mst_id=0 s_id=1 araddr=14bd5428 arid=3 arlen=1 arsize=3 arburst=1 rid=[33] rresp=[00] rdata=[baadf00d12345678baadf00d12345678]
[225000] ARB MONITOR: slave=1 m0_req=0 m1_req=0 winner=0
[225000] AXI S0_ARVALID_RDY HANDSHAKE
[225000] MEMORY READ MISS beat=0 addr=152c0c10 -> default data id=5
[225000] SCOREBOARD MATCH: decode_err expected = 0, actual =0
[225000] SCOREBOARD MATCH: slave_id expected = 1, actual =1
[225000] SCOREBOARD MATCH: araddr passthrough expected = 14bd5428, actual =14bd5428
[225000] SCOREBOARD MATCH: arlen passthrough expected = 1, actual =1
[225000] SCOREBOARD MATCH: arsize passthrough expected = 3, actual =3
[225000] SCOREBOARD MATCH: arburst passthrough expected = 1, actual =1
[225000] SCOREBOARD MATCH: rdata size check expected = 2, actual =2
[225000] SCOREBOARD MATCH: rdata passthrough beat=0 expected = baadf00d12345678, actual =baadf00d12345678
[225000] SCOREBOARD MATCH: rdata passthrough beat=1 expected = baadf00d12345678, actual =baadf00d12345678
[225000] SCOREBOARD MATCH: rresp size check expected = 2, actual =2
[225000] SCOREBOARD MATCH: rresp passthrough beat=0 expected = 0, actual =0
[225000] SCOREBOARD MATCH: rresp passthrough beat=1 expected = 0, actual =0
[225000] SCOREBOARD MATCH: response routed to correct master (read beat 0) expected = 0, actual =0
[225000] SCOREBOARD MATCH: response routed to correct master (read beat 1) expected = 0, actual =0
[225000] [SCOREBOARD-M] READ mst_id=0 s_id=1 araddr=14bd5428 arid=3 arlen=1 arsize=3 arburst=1 rid=[33] rresp=[00] rdata=[baadf00d12345678baadf00d12345678]
[225000] [SCOREBOARD-S] READ mst_id=0 s_id=1 araddr=14bd5428 arid=3 arlen=1 arsize=3 arburst=1 rid=[33] rresp=[00] rdata=[baadf00d12345678baadf00d12345678]
[225000] SCOREBOARD: Transaction 8 received. pass=112 fail=0
[225000] ALL PASS. Total transactions: 8
[235000] MEMORY READ MISS beat=1 addr=152c0c18 -> default data id=5
[235000] SLAVE 1 R_VALID_RDY Handshake beat=0 rlast=0
[245000] MASTER 0 R_VALID_RDY Handshake beat=0 rlast=0
[245000] SLAVE 1 R_VALID_RDY Handshake beat=1 rlast=1
[245000] [SLAVE MONITOR AR] READ mst_id=0 s_id=1 araddr=152c0c10 arid=5 arlen=1 arsize=3 arburst=1 rid=[55] rresp=[00] rdata=[baadf00d12345678baadf00d12345678]
[255000] MASTER 0 R_VALID_RDY Handshake beat=1 rlast=1
[255000] [MASTER MONITOR] READ mst_id=0 s_id=1 araddr=1eba0278 arid=4 arlen=1 arsize=3 arburst=1 rid=[44] rresp=[00] rdata=[baadf00d12345678baadf00d12345678]
[255000] [MASTER DRIVER] READ mst_id=0 s_id=0 araddr=1eba0278 arid=4 arlen=1 arsize=3 arburst=1 rid=[44] rresp=[00] rdata=[baadf00d12345678baadf00d12345678]
[255000] SCOREBOARD MATCH: decode_err expected = 0, actual =0
[255000] SCOREBOARD MATCH: slave_id expected = 1, actual =1
[255000] SCOREBOARD MATCH: araddr passthrough expected = 1eba0278, actual =1eba0278
[255000] SCOREBOARD MATCH: arlen passthrough expected = 1, actual =1
[255000] SCOREBOARD MATCH: arsize passthrough expected = 3, actual =3
[255000] SCOREBOARD MATCH: arburst passthrough expected = 1, actual =1
[255000] SCOREBOARD MATCH: rdata size check expected = 2, actual =2
[255000] SCOREBOARD MATCH: rdata passthrough beat=0 expected = baadf00d12345678, actual =baadf00d12345678
[255000] SCOREBOARD MATCH: rdata passthrough beat=1 expected = baadf00d12345678, actual =baadf00d12345678
[255000] SCOREBOARD MATCH: rresp size check expected = 2, actual =2
[255000] SCOREBOARD MATCH: rresp passthrough beat=0 expected = 0, actual =0
[255000] SCOREBOARD MATCH: rresp passthrough beat=1 expected = 0, actual =0
[255000] SCOREBOARD MATCH: response routed to correct master (read beat 0) expected = 0, actual =0
[255000] SCOREBOARD MATCH: response routed to correct master (read beat 1) expected = 0, actual =0
[255000] [SCOREBOARD-M] READ mst_id=0 s_id=1 araddr=1eba0278 arid=4 arlen=1 arsize=3 arburst=1 rid=[44] rresp=[00] rdata=[baadf00d12345678baadf00d12345678]
[255000] [SCOREBOARD-S] READ mst_id=0 s_id=1 araddr=1eba0278 arid=4 arlen=1 arsize=3 arburst=1 rid=[44] rresp=[00] rdata=[baadf00d12345678baadf00d12345678]
[255000] SCOREBOARD: Transaction 9 received. pass=126 fail=0
[255000] ALL PASS. Total transactions: 9
[275000] MASTER 0 R_VALID_RDY Handshake beat=0 rlast=0
[285000] [MASTER DRIVER] READ mst_id=0 s_id=0 araddr=152c0c10 arid=5 arlen=1 arsize=3 arburst=1 rid=[55] rresp=[00] rdata=[baadf00d12345678baadf00d12345678]
[285000] MASTER 0 R_VALID_RDY Handshake beat=1 rlast=1
[285000] [MASTER MONITOR] READ mst_id=0 s_id=1 araddr=152c0c10 arid=5 arlen=1 arsize=3 arburst=1 rid=[55] rresp=[00] rdata=[baadf00d12345678baadf00d12345678]
[285000] SCOREBOARD MATCH: decode_err expected = 0, actual =0
[285000] SCOREBOARD MATCH: slave_id expected = 1, actual =1
[285000] SCOREBOARD MATCH: araddr passthrough expected = 152c0c10, actual =152c0c10
[285000] SCOREBOARD MATCH: arlen passthrough expected = 1, actual =1
[285000] SCOREBOARD MATCH: arsize passthrough expected = 3, actual =3
[285000] SCOREBOARD MATCH: arburst passthrough expected = 1, actual =1
[285000] SCOREBOARD MATCH: rdata size check expected = 2, actual =2
[285000] SCOREBOARD MATCH: rdata passthrough beat=0 expected = baadf00d12345678, actual =baadf00d12345678
[285000] SCOREBOARD MATCH: rdata passthrough beat=1 expected = baadf00d12345678, actual =baadf00d12345678
[285000] SCOREBOARD MATCH: rresp size check expected = 2, actual =2
[285000] SCOREBOARD MATCH: rresp passthrough beat=0 expected = 0, actual =0
[285000] SCOREBOARD MATCH: rresp passthrough beat=1 expected = 0, actual =0
[285000] SCOREBOARD MATCH: response routed to correct master (read beat 0) expected = 0, actual =0
[285000] SCOREBOARD MATCH: response routed to correct master (read beat 1) expected = 0, actual =0
[285000] [SCOREBOARD-M] READ mst_id=0 s_id=1 araddr=152c0c10 arid=5 arlen=1 arsize=3 arburst=1 rid=[55] rresp=[00] rdata=[baadf00d12345678baadf00d12345678]
[285000] [SCOREBOARD-S] READ mst_id=0 s_id=1 araddr=152c0c10 arid=5 arlen=1 arsize=3 arburst=1 rid=[55] rresp=[00] rdata=[baadf00d12345678baadf00d12345678]
[285000] SCOREBOARD: Transaction 10 received. pass=140 fail=0
[285000] SCOREBOARD: Expected 10 transactions completed, PASS=140 FAIL=0
[285000] ALL PASS. Total transactions: 10
[285000] ALL TRANSACTIONS MONITORED
$finish called at time : 305 ns : File "/home/nashita/Desktop/practice/axi_xbar/tb/top/axi_tb_top.sv" Line 206
exit
INFO: xsimkernel Simulation Memory Usage: 289416 KB (Peak: 337820 KB), Simulation CPU Usage: 1230 ms
INFO: [Common 17-206] Exiting xsim at Tue Sep  8 15:47:50 2026...
