#-----------------------------------------------------------
# xsim v2025.2 (64-bit)
# SW Build 6299465 on Fri Nov 14 12:34:56 MST 2025
# IP Build 6300035 on Fri Nov 14 10:48:45 MST 2025
# SharedData Build 6298862 on Thu Nov 13 04:50:51 MST 2025
# Start of session at: Thu Sep 10 18:41:21 2026
# Process ID         : 3662781
# Current directory  : /home/nashita/Desktop/practice/axi_xbar/sim
# Command line       : xsim -log regress_results/BT_run399.log -mode tcl -source {xsim.dir/tb_top_snap/xsim_script.tcl}
# Log file           : /home/nashita/Desktop/practice/axi_xbar/sim/regress_results/BT_run399.log
# Journal file       : /home/nashita/Desktop/practice/axi_xbar/sim/xsim.jou
# Running On         : vlsi-vivado
# Platform           : Ubuntu
# Operating System   : Ubuntu 24.04.4 LTS
# Processor Detail   : Intel(R) Core(TM) i5-10400 CPU @ 2.90GHz
# CPU Frequency      : 4000.197 MHz
# CPU Physical cores : 6
# CPU Logical cores  : 12
# Host memory        : 41875 MB
# Swap memory        : 27648 MB
# Total Virtual      : 69524 MB
# Available Virtual  : 62718 MB
#-----------------------------------------------------------
source xsim.dir/tb_top_snap/xsim_script.tcl
# xsim {tb_top_snap} -testplusarg BT -autoloadwcfg -runall -sv_seed 400
Time resolution is 1 ps
run -all
[0] RUNNING BASE TEST
[0] INSIDE THE BASE TEST CONSTRUCTOR
[0] ENV: before agent
[0] SLAVE CONSTRUCTED
[0] MASTER MONITOR CONSTRUCTED
[0] MASTER MONITOR CONSTRUCTED
[0] SLAVE MONITOR CONSTRUCTED
[0] SLAVE MONITOR CONSTRUCTED
[0] ARB MONITOR CONSTRUCTED
GENERATOR CONSTRUCTED
[0] ENV: after agent
[0] ENV: before scoreboard
[0] ENV: after scoreboard
[15000] [SEQUENCER] READ mst_id=1 s_id=0 araddr=4a89630 arid=0 arlen=1 arsize=3 arburst=1 rid=[] rresp=[] rdata=[]
[15000] [SEQUENCER] READ mst_id=1 s_id=0 araddr=1394bca0 arid=1 arlen=1 arsize=3 arburst=1 rid=[] rresp=[] rdata=[]
[15000] [SEQUENCER] mst_id=0 s_id=0 awaddr=540ec8 awid=0 awlen=1 awsize=7 awburst=2 wdata=[b0f36fe5f025f07a f4d376d4b1646a0d ] wstrb=[59 e8 ] bresp=0 bid=0
[15000] [SEQUENCER] mst_id=0 s_id=0 awaddr=1a018438 awid=1 awlen=16 awsize=7 awburst=2 wdata=[8ede2933d4e5c6d2 a1c4d20f989f1fb6 15811ce8e483bf7f b9698651c1b979a3 da58995aa45f461b 88e3059adb2e5861 9ce7d204efd9b642 9438fc5dc24c8bec 1d7ae44df7406b5e e71a21a01d1c01f8 df688de4ba62b651 31a321b0fb531dfe 186f1ff6fce37231 b746288298bd4350 9410614ef7d7adda f4bb200be8e94a32 1a68d83ac7f8144 ] wstrb=[8d 1e d1 c0 29 16 43 b7 34 14 77 5e 2a ba 15 5f ce ] bresp=0 bid=0
[15000] [SEQUENCER] mst_id=1 s_id=0 awaddr=16fabb50 awid=1000 awlen=31 awsize=7 awburst=1 wdata=[94152373a2ff965f 21a6f49cdcc7d1db ac6ca5fad5aa9c99 f8aa32f88b8f6f0c e85740e7c081c96e 162c66079a512794 25e096a114c3e6e2 d545b0508ed698ff 2927c0948e37d788 a2fbbe6aeb721657 fa48af56cf085735 dd402ebdf8416eba e3b38511a3706fea f278c71f003bed28 f87d5be2ddfc3468 816ca452cfb8f5dd cff4e305dc30e0f4 3a2d155cf3e56b72 c39e614fc8723ee7 a4a31fdbbb99b9ae af7f252013934454 dc05833bded03537 1a69eee6f31d866f 86b0cac300a8a317 df78d84ec9e91406 3d069a76e2b64dff e35ef116f9e2c734 c3cbdb3bc3b76539 a66db338c2d7c964 3cba909900d275b1 c489daea89cca44e cca46db300866bd4 ] wstrb=[23 85 4c 71 6f 20 24 92 a5 70 4 14 90 28 a7 35 99 ab 4a 29 d3 f1 5f 6c 9c a9 96 6f 9a f5 dc 36 ] bresp=0 bid=0
[15000] MASTER_DRIVER1 received transaction, op=AXI_READ
[15000] MASTER_DRIVER0 received transaction, op=AXI_WRITE
[35000] MASTER 0 AW_VALID_RDY Handshake
[35000] MASTER_DRIVER1 received transaction, op=AXI_READ
[45000] ARB MONITOR: slave=0 m0_req=1 m1_req=0 winner=0
[45000] ARB MONITOR: slave=0 m0_req=0 m1_req=1 winner=1
[45000] AXI S0_ARVALID_RDY HANDSHAKE
[45000] MEMORY READ MISS beat=0 addr=4a89630 -> default data id=16
[45000] AXI S0_AWVALID_RDY HANDSHAKE
[55000] MEMORY READ MISS beat=1 addr=4a89638 -> default data id=16
[55000] SLAVE 0 R_VALID_RDY Handshake beat=0 rlast=0
[55000] MASTER 0 W_VALID_RDY Handshake beat=0 wlast=0
[55000] MASTER_DRIVER1 received transaction, op=AXI_WRITE
[65000] MASTER_DRIVER0 received transaction, op=AXI_WRITE
[65000] MASTER 0 W_VALID_RDY Handshake beat=1 wlast=1
[65000] ARB MONITOR: slave=1 m0_req=0 m1_req=1 winner=1
[65000] SLAVE 0 R_VALID_RDY Handshake beat=1 rlast=1
[65000] [SLAVE MONITOR] READ mst_id=1 s_id=0 araddr=4a89630 arid=0 arlen=1 arsize=3 arburst=1 rid=[1010] rresp=[00] rdata=[baadf00d12345678baadf00d12345678]
[65000] AXI S0_ARVALID_RDY HANDSHAKE
[65000] MEMORY READ MISS beat=0 addr=1394bca0 -> default data id=17
[65000] AXI S0_WVALID_RDY HANDSHAKE
[65000] S0 MEMORY WRITE beat=0 addr=00540ec8 data=b0f36fe5f025f07a id=00
[75000] AXI S0_WVALID_RDY HANDSHAKE
[75000] S0 MEMORY WRITE beat=1 addr=00540e00 data=f4d376d4b1646a0d id=00
[75000] MEMORY READ MISS beat=1 addr=1394bca8 -> default data id=17
[75000] SLAVE 1 R_VALID_RDY Handshake beat=0 rlast=0
[75000] MASTER 1 R_VALID_RDY Handshake beat=0 rlast=0
[75000] MASTER 1 AW_VALID_RDY Handshake
[85000] [MASTER DRIVER] READ mst_id=1 s_id=0 araddr=4a89630 arid=0 arlen=1 arsize=3 arburst=1 rid=[00] rresp=[00] rdata=[baadf00d12345678baadf00d12345678]
[85000] MASTER 0 AW_VALID_RDY Handshake
[85000] MASTER 1 R_VALID_RDY Handshake beat=1 rlast=1
[85000] [MASTER MONITOR] READ mst_id=1 s_id=0 araddr=4a89630 arid=0 arlen=1 arsize=3 arburst=1 rid=[00] rresp=[00] rdata=[baadf00d12345678baadf00d12345678]
[85000] ARB MONITOR: slave=1 m0_req=0 m1_req=1 winner=1
[85000] SLAVE 1 R_VALID_RDY Handshake beat=1 rlast=1
[85000] [SLAVE MONITOR] READ mst_id=1 s_id=1 araddr=1394bca0 arid=1 arlen=1 arsize=3 arburst=1 rid=[1111] rresp=[00] rdata=[baadf00d12345678baadf00d12345678]
[85000] AXI S1_AWVALID_RDY HANDSHAKE
[85000] SLAVE0 sent B resp, id=0
[85000] SCOREBOARD MATCH: decode_err expected = 0, actual =0
[85000] SCOREBOARD MATCH: slave_id expected = 0, actual =0
[85000] SCOREBOARD MATCH: araddr passthrough expected = 4a89630, actual =4a89630
[85000] SCOREBOARD MATCH: arlen passthrough expected = 1, actual =1
[85000] SCOREBOARD MATCH: arsize passthrough expected = 3, actual =3
[85000] SCOREBOARD MATCH: arburst passthrough expected = 1, actual =1
[85000] SCOREBOARD MATCH: rdata size check expected = 2, actual =2
[85000] SCOREBOARD MATCH: rdata passthrough beat=0 expected = baadf00d12345678, actual =baadf00d12345678
[85000] SCOREBOARD MATCH: rdata passthrough beat=1 expected = baadf00d12345678, actual =baadf00d12345678
[85000] SCOREBOARD MATCH: rresp size check expected = 2, actual =2
[85000] SCOREBOARD MATCH: rresp passthrough beat=0 expected = 0, actual =0
[85000] SCOREBOARD MATCH: rresp passthrough beat=1 expected = 0, actual =0
[85000] SCOREBOARD MATCH: response routed to correct master (read beat 0) expected = 1, actual =1
[85000] SCOREBOARD MATCH: response routed to correct master (read beat 1) expected = 1, actual =1
[85000] [SCOREBOARD-M] READ mst_id=1 s_id=0 araddr=4a89630 arid=0 arlen=1 arsize=3 arburst=1 rid=[00] rresp=[00] rdata=[baadf00d12345678baadf00d12345678]
[85000] [SCOREBOARD-S] READ mst_id=1 s_id=0 araddr=4a89630 arid=0 arlen=1 arsize=3 arburst=1 rid=[1010] rresp=[00] rdata=[baadf00d12345678baadf00d12345678]
[85000] SCOREBOARD: Transaction 1 received. pass=14 fail=0
[85000] ALL PASS. Total transactions: 1
[95000] [SLAVE MONITOR] mst_id=0 s_id=0 awaddr=540ec8 awid=0 awlen=1 awsize=7 awburst=2 wdata=[b0f36fe5f025f07a f4d376d4b1646a0d ] wstrb=[59 e8 ] bresp=0 bid=0
[95000] MASTER 1 W_VALID_RDY Handshake beat=0 wlast=0
[105000] MASTER 0 RECEIVED BRESP. BRESP=0
[105000] [MASTER DRIVER] mst_id=0 s_id=0 awaddr=540ec8 awid=0 awlen=1 awsize=7 awburst=2 wdata=[b0f36fe5f025f07a f4d376d4b1646a0d ] wstrb=[59 e8 ] bresp=0 bid=0
[105000] MASTER 0 W_VALID_RDY Handshake beat=0 wlast=0
[105000] MASTER 0 B_VALID_RDY Handshake
[105000] [MASTER MONITOR] mst_id=0 s_id=0 awaddr=540ec8 awid=0 awlen=1 awsize=7 awburst=2 wdata=[b0f36fe5f025f07a f4d376d4b1646a0d ] wstrb=[59 e8 ] bresp=0 bid=0
[105000] MASTER 1 W_VALID_RDY Handshake beat=1 wlast=0
[105000] MASTER 1 R_VALID_RDY Handshake beat=0 rlast=0
[105000] S1 MEMORY WRITE beat=0 addr=16fabb50 data=94152373a2ff965f id=18
[105000] SCOREBOARD MATCH: decode_err expected = 0, actual =0
[105000] SCOREBOARD MATCH: slave_id expected = 0, actual =0
[105000] SCOREBOARD MATCH: awaddr passthrough expected = 540ec8, actual =540ec8
[105000] SCOREBOARD MATCH: awlen passthrough expected = 1, actual =1
[105000] SCOREBOARD MATCH: awsize passthrough expected = 7, actual =7
[105000] SCOREBOARD MATCH: awburst passthrough expected = 2, actual =2
[105000] SCOREBOARD MATCH: wdata size check expected = 2, actual =2
[105000] SCOREBOARD MATCH: wdata passthrough beat=0 expected = b0f36fe5f025f07a, actual =b0f36fe5f025f07a
[105000] SCOREBOARD MATCH: wdata passthrough beat=1 expected = f4d376d4b1646a0d, actual =f4d376d4b1646a0d
[105000] SCOREBOARD MATCH: wstrb size check expected = 2, actual =2
[105000] SCOREBOARD MATCH: wstrb passthrough beat=0 expected = 59, actual =59
[105000] SCOREBOARD MATCH: wstrb passthrough beat=1 expected = e8, actual =e8
[105000] SCOREBOARD MATCH: bresp passthrough expected = 0, actual =0
[105000] SCOREBOARD MATCH: response routed to correct master (write) expected = 0, actual =0
[105000] [SCOREBOARD-M] mst_id=0 s_id=0 awaddr=540ec8 awid=0 awlen=1 awsize=7 awburst=2 wdata=[b0f36fe5f025f07a f4d376d4b1646a0d ] wstrb=[59 e8 ] bresp=0 bid=0
[105000] [SCOREBOARD-S] mst_id=0 s_id=0 awaddr=540ec8 awid=0 awlen=1 awsize=7 awburst=2 wdata=[b0f36fe5f025f07a f4d376d4b1646a0d ] wstrb=[59 e8 ] bresp=0 bid=0
[105000] SCOREBOARD: Transaction 2 received. pass=28 fail=0
[105000] ALL PASS. Total transactions: 2
[115000] S1 MEMORY WRITE beat=1 addr=16fabbd0 data=21a6f49cdcc7d1db id=18
[115000] MASTER 1 R_VALID_RDY Handshake beat=1 rlast=1
[115000] [MASTER MONITOR] READ mst_id=1 s_id=1 araddr=1394bca0 arid=1 arlen=1 arsize=3 arburst=1 rid=[11] rresp=[00] rdata=[baadf00d12345678baadf00d12345678]
[115000] MASTER 1 W_VALID_RDY Handshake beat=2 wlast=0
[115000] MASTER 0 W_VALID_RDY Handshake beat=1 wlast=0
[115000] [MASTER DRIVER] READ mst_id=1 s_id=0 araddr=1394bca0 arid=1 arlen=1 arsize=3 arburst=1 rid=[11] rresp=[00] rdata=[baadf00d12345678baadf00d12345678]
[115000] SCOREBOARD MATCH: decode_err expected = 0, actual =0
[115000] SCOREBOARD MATCH: slave_id expected = 1, actual =1
[115000] SCOREBOARD MATCH: araddr passthrough expected = 1394bca0, actual =1394bca0
[115000] SCOREBOARD MATCH: arlen passthrough expected = 1, actual =1
[115000] SCOREBOARD MATCH: arsize passthrough expected = 3, actual =3
[115000] SCOREBOARD MATCH: arburst passthrough expected = 1, actual =1
[115000] SCOREBOARD MATCH: rdata size check expected = 2, actual =2
[115000] SCOREBOARD MATCH: rdata passthrough beat=0 expected = baadf00d12345678, actual =baadf00d12345678
[115000] SCOREBOARD MATCH: rdata passthrough beat=1 expected = baadf00d12345678, actual =baadf00d12345678
[115000] SCOREBOARD MATCH: rresp size check expected = 2, actual =2
[115000] SCOREBOARD MATCH: rresp passthrough beat=0 expected = 0, actual =0
[115000] SCOREBOARD MATCH: rresp passthrough beat=1 expected = 0, actual =0
[115000] SCOREBOARD MATCH: response routed to correct master (read beat 0) expected = 1, actual =1
[115000] SCOREBOARD MATCH: response routed to correct master (read beat 1) expected = 1, actual =1
[115000] [SCOREBOARD-M] READ mst_id=1 s_id=1 araddr=1394bca0 arid=1 arlen=1 arsize=3 arburst=1 rid=[11] rresp=[00] rdata=[baadf00d12345678baadf00d12345678]
[115000] [SCOREBOARD-S] READ mst_id=1 s_id=1 araddr=1394bca0 arid=1 arlen=1 arsize=3 arburst=1 rid=[1111] rresp=[00] rdata=[baadf00d12345678baadf00d12345678]
[115000] SCOREBOARD: Transaction 3 received. pass=42 fail=0
[115000] ALL PASS. Total transactions: 3
[125000] MASTER 0 W_VALID_RDY Handshake beat=2 wlast=0
[125000] MASTER 1 W_VALID_RDY Handshake beat=3 wlast=0
[125000] S1 MEMORY WRITE beat=2 addr=16fabc50 data=ac6ca5fad5aa9c99 id=18
[135000] S1 MEMORY WRITE beat=3 addr=16fabcd0 data=f8aa32f88b8f6f0c id=18
[135000] MASTER 1 W_VALID_RDY Handshake beat=4 wlast=0
[135000] MASTER 0 W_VALID_RDY Handshake beat=3 wlast=0
[145000] MASTER 0 W_VALID_RDY Handshake beat=4 wlast=0
[145000] MASTER 1 W_VALID_RDY Handshake beat=5 wlast=0
[145000] S1 MEMORY WRITE beat=4 addr=16fabd50 data=e85740e7c081c96e id=18
[155000] S1 MEMORY WRITE beat=5 addr=16fabdd0 data=162c66079a512794 id=18
[155000] MASTER 1 W_VALID_RDY Handshake beat=6 wlast=0
[155000] MASTER 0 W_VALID_RDY Handshake beat=5 wlast=0
[165000] MASTER 0 W_VALID_RDY Handshake beat=6 wlast=0
[165000] MASTER 1 W_VALID_RDY Handshake beat=7 wlast=0
[165000] S1 MEMORY WRITE beat=6 addr=16fabe50 data=25e096a114c3e6e2 id=18
[175000] S1 MEMORY WRITE beat=7 addr=16fabed0 data=d545b0508ed698ff id=18
[175000] MASTER 1 W_VALID_RDY Handshake beat=8 wlast=0
[175000] MASTER 0 W_VALID_RDY Handshake beat=7 wlast=0
[185000] MASTER 1 W_VALID_RDY Handshake beat=9 wlast=0
[185000] S1 MEMORY WRITE beat=8 addr=16fabf50 data=2927c0948e37d788 id=18
[195000] S1 MEMORY WRITE beat=9 addr=16fabfd0 data=a2fbbe6aeb721657 id=18
[195000] MASTER 1 W_VALID_RDY Handshake beat=10 wlast=0
[205000] MASTER 1 W_VALID_RDY Handshake beat=11 wlast=0
[205000] S1 MEMORY WRITE beat=10 addr=16fac050 data=fa48af56cf085735 id=18
[215000] S1 MEMORY WRITE beat=11 addr=16fac0d0 data=dd402ebdf8416eba id=18
[215000] MASTER 1 W_VALID_RDY Handshake beat=12 wlast=0
[225000] MASTER 1 W_VALID_RDY Handshake beat=13 wlast=0
[225000] S1 MEMORY WRITE beat=12 addr=16fac150 data=e3b38511a3706fea id=18
[235000] S1 MEMORY WRITE beat=13 addr=16fac1d0 data=f278c71f003bed28 id=18
[235000] MASTER 1 W_VALID_RDY Handshake beat=14 wlast=0
[245000] MASTER 1 W_VALID_RDY Handshake beat=15 wlast=0
[245000] S1 MEMORY WRITE beat=14 addr=16fac250 data=f87d5be2ddfc3468 id=18
[255000] S1 MEMORY WRITE beat=15 addr=16fac2d0 data=816ca452cfb8f5dd id=18
[255000] MASTER 1 W_VALID_RDY Handshake beat=16 wlast=0
[265000] MASTER 1 W_VALID_RDY Handshake beat=17 wlast=0
[265000] S1 MEMORY WRITE beat=16 addr=16fac350 data=cff4e305dc30e0f4 id=18
[275000] S1 MEMORY WRITE beat=17 addr=16fac3d0 data=3a2d155cf3e56b72 id=18
[275000] MASTER 1 W_VALID_RDY Handshake beat=18 wlast=0
[285000] MASTER 1 W_VALID_RDY Handshake beat=19 wlast=0
[285000] S1 MEMORY WRITE beat=18 addr=16fac450 data=c39e614fc8723ee7 id=18
[295000] S1 MEMORY WRITE beat=19 addr=16fac4d0 data=a4a31fdbbb99b9ae id=18
[295000] MASTER 1 W_VALID_RDY Handshake beat=20 wlast=0
[305000] MASTER 1 W_VALID_RDY Handshake beat=21 wlast=0
[305000] S1 MEMORY WRITE beat=20 addr=16fac550 data=af7f252013934454 id=18
[315000] S1 MEMORY WRITE beat=21 addr=16fac5d0 data=dc05833bded03537 id=18
[315000] MASTER 1 W_VALID_RDY Handshake beat=22 wlast=0
[325000] MASTER 1 W_VALID_RDY Handshake beat=23 wlast=0
[325000] S1 MEMORY WRITE beat=22 addr=16fac650 data=1a69eee6f31d866f id=18
[335000] S1 MEMORY WRITE beat=23 addr=16fac6d0 data=86b0cac300a8a317 id=18
[335000] MASTER 1 W_VALID_RDY Handshake beat=24 wlast=0
[345000] MASTER 1 W_VALID_RDY Handshake beat=25 wlast=0
[345000] S1 MEMORY WRITE beat=24 addr=16fac750 data=df78d84ec9e91406 id=18
[355000] S1 MEMORY WRITE beat=25 addr=16fac7d0 data=3d069a76e2b64dff id=18
[355000] MASTER 1 W_VALID_RDY Handshake beat=26 wlast=0
[365000] MASTER 1 W_VALID_RDY Handshake beat=27 wlast=0
[365000] S1 MEMORY WRITE beat=26 addr=16fac850 data=e35ef116f9e2c734 id=18
[375000] S1 MEMORY WRITE beat=27 addr=16fac8d0 data=c3cbdb3bc3b76539 id=18
[375000] MASTER 1 W_VALID_RDY Handshake beat=28 wlast=0
[385000] MASTER 1 W_VALID_RDY Handshake beat=29 wlast=0
[385000] S1 MEMORY WRITE beat=28 addr=16fac950 data=a66db338c2d7c964 id=18
[395000] S1 MEMORY WRITE beat=29 addr=16fac9d0 data=3cba909900d275b1 id=18
[395000] MASTER 1 W_VALID_RDY Handshake beat=30 wlast=0
[405000] MASTER 1 W_VALID_RDY Handshake beat=31 wlast=1
[405000] S1 MEMORY WRITE beat=30 addr=16faca50 data=c489daea89cca44e id=18
[415000] S1 MEMORY WRITE beat=31 addr=16facad0 data=cca46db300866bd4 id=18
[425000] SLAVE1 sent B resp, id=8
[435000] AXI S1_AWVALID_RDY HANDSHAKE
[435000] [SLAVE MONITOR] mst_id=1 s_id=1 awaddr=16fabb50 awid=1000 awlen=31 awsize=7 awburst=1 wdata=[94152373a2ff965f 21a6f49cdcc7d1db ac6ca5fad5aa9c99 f8aa32f88b8f6f0c e85740e7c081c96e 162c66079a512794 25e096a114c3e6e2 d545b0508ed698ff 2927c0948e37d788 a2fbbe6aeb721657 fa48af56cf085735 dd402ebdf8416eba e3b38511a3706fea f278c71f003bed28 f87d5be2ddfc3468 816ca452cfb8f5dd cff4e305dc30e0f4 3a2d155cf3e56b72 c39e614fc8723ee7 a4a31fdbbb99b9ae af7f252013934454 dc05833bded03537 1a69eee6f31d866f 86b0cac300a8a317 df78d84ec9e91406 3d069a76e2b64dff e35ef116f9e2c734 c3cbdb3bc3b76539 a66db338c2d7c964 3cba909900d275b1 c489daea89cca44e cca46db300866bd4 ] wstrb=[23 85 4c 71 6f 20 24 92 a5 70 4 14 90 28 a7 35 99 ab 4a 29 d3 f1 5f 6c 9c a9 96 6f 9a f5 dc 36 ] bresp=0 bid=11000
[435000] ARB MONITOR: slave=1 m0_req=1 m1_req=0 winner=0
[445000] MASTER 1 RECEIVED BRESP. BRESP=0
[445000] [MASTER DRIVER] mst_id=1 s_id=0 awaddr=16fabb50 awid=1000 awlen=31 awsize=7 awburst=1 wdata=[94152373a2ff965f 21a6f49cdcc7d1db ac6ca5fad5aa9c99 f8aa32f88b8f6f0c e85740e7c081c96e 162c66079a512794 25e096a114c3e6e2 d545b0508ed698ff 2927c0948e37d788 a2fbbe6aeb721657 fa48af56cf085735 dd402ebdf8416eba e3b38511a3706fea f278c71f003bed28 f87d5be2ddfc3468 816ca452cfb8f5dd cff4e305dc30e0f4 3a2d155cf3e56b72 c39e614fc8723ee7 a4a31fdbbb99b9ae af7f252013934454 dc05833bded03537 1a69eee6f31d866f 86b0cac300a8a317 df78d84ec9e91406 3d069a76e2b64dff e35ef116f9e2c734 c3cbdb3bc3b76539 a66db338c2d7c964 3cba909900d275b1 c489daea89cca44e cca46db300866bd4 ] wstrb=[23 85 4c 71 6f 20 24 92 a5 70 4 14 90 28 a7 35 99 ab 4a 29 d3 f1 5f 6c 9c a9 96 6f 9a f5 dc 36 ] bresp=0 bid=1000
[445000] MASTER 1 B_VALID_RDY Handshake
[445000] [MASTER MONITOR] mst_id=1 s_id=1 awaddr=16fabb50 awid=1000 awlen=31 awsize=7 awburst=1 wdata=[94152373a2ff965f 21a6f49cdcc7d1db ac6ca5fad5aa9c99 f8aa32f88b8f6f0c e85740e7c081c96e 162c66079a512794 25e096a114c3e6e2 d545b0508ed698ff 2927c0948e37d788 a2fbbe6aeb721657 fa48af56cf085735 dd402ebdf8416eba e3b38511a3706fea f278c71f003bed28 f87d5be2ddfc3468 816ca452cfb8f5dd cff4e305dc30e0f4 3a2d155cf3e56b72 c39e614fc8723ee7 a4a31fdbbb99b9ae af7f252013934454 dc05833bded03537 1a69eee6f31d866f 86b0cac300a8a317 df78d84ec9e91406 3d069a76e2b64dff e35ef116f9e2c734 c3cbdb3bc3b76539 a66db338c2d7c964 3cba909900d275b1 c489daea89cca44e cca46db300866bd4 ] wstrb=[23 85 4c 71 6f 20 24 92 a5 70 4 14 90 28 a7 35 99 ab 4a 29 d3 f1 5f 6c 9c a9 96 6f 9a f5 dc 36 ] bresp=0 bid=1000
[445000] S1 MEMORY WRITE beat=0 addr=1a018438 data=8ede2933d4e5c6d2 id=01
[445000] SCOREBOARD MATCH: decode_err expected = 0, actual =0
[445000] SCOREBOARD MATCH: slave_id expected = 1, actual =1
[445000] SCOREBOARD MATCH: awaddr passthrough expected = 16fabb50, actual =16fabb50
[445000] SCOREBOARD MATCH: awlen passthrough expected = 31, actual =31
[445000] SCOREBOARD MATCH: awsize passthrough expected = 7, actual =7
[445000] SCOREBOARD MATCH: awburst passthrough expected = 1, actual =1
[445000] SCOREBOARD MATCH: wdata size check expected = 20, actual =20
[445000] SCOREBOARD MATCH: wdata passthrough beat=0 expected = 94152373a2ff965f, actual =94152373a2ff965f
[445000] SCOREBOARD MATCH: wdata passthrough beat=1 expected = 21a6f49cdcc7d1db, actual =21a6f49cdcc7d1db
[445000] SCOREBOARD MATCH: wdata passthrough beat=2 expected = ac6ca5fad5aa9c99, actual =ac6ca5fad5aa9c99
[445000] SCOREBOARD MATCH: wdata passthrough beat=3 expected = f8aa32f88b8f6f0c, actual =f8aa32f88b8f6f0c
[445000] SCOREBOARD MATCH: wdata passthrough beat=4 expected = e85740e7c081c96e, actual =e85740e7c081c96e
[445000] SCOREBOARD MATCH: wdata passthrough beat=5 expected = 162c66079a512794, actual =162c66079a512794
[445000] SCOREBOARD MATCH: wdata passthrough beat=6 expected = 25e096a114c3e6e2, actual =25e096a114c3e6e2
[445000] SCOREBOARD MATCH: wdata passthrough beat=7 expected = d545b0508ed698ff, actual =d545b0508ed698ff
[445000] SCOREBOARD MATCH: wdata passthrough beat=8 expected = 2927c0948e37d788, actual =2927c0948e37d788
[445000] SCOREBOARD MATCH: wdata passthrough beat=9 expected = a2fbbe6aeb721657, actual =a2fbbe6aeb721657
[445000] SCOREBOARD MATCH: wdata passthrough beat=10 expected = fa48af56cf085735, actual =fa48af56cf085735
[445000] SCOREBOARD MATCH: wdata passthrough beat=11 expected = dd402ebdf8416eba, actual =dd402ebdf8416eba
[445000] SCOREBOARD MATCH: wdata passthrough beat=12 expected = e3b38511a3706fea, actual =e3b38511a3706fea
[445000] SCOREBOARD MATCH: wdata passthrough beat=13 expected = f278c71f003bed28, actual =f278c71f003bed28
[445000] SCOREBOARD MATCH: wdata passthrough beat=14 expected = f87d5be2ddfc3468, actual =f87d5be2ddfc3468
[445000] SCOREBOARD MATCH: wdata passthrough beat=15 expected = 816ca452cfb8f5dd, actual =816ca452cfb8f5dd
[445000] SCOREBOARD MATCH: wdata passthrough beat=16 expected = cff4e305dc30e0f4, actual =cff4e305dc30e0f4
[445000] SCOREBOARD MATCH: wdata passthrough beat=17 expected = 3a2d155cf3e56b72, actual =3a2d155cf3e56b72
[445000] SCOREBOARD MATCH: wdata passthrough beat=18 expected = c39e614fc8723ee7, actual =c39e614fc8723ee7
[445000] SCOREBOARD MATCH: wdata passthrough beat=19 expected = a4a31fdbbb99b9ae, actual =a4a31fdbbb99b9ae
[445000] SCOREBOARD MATCH: wdata passthrough beat=20 expected = af7f252013934454, actual =af7f252013934454
[445000] SCOREBOARD MATCH: wdata passthrough beat=21 expected = dc05833bded03537, actual =dc05833bded03537
[445000] SCOREBOARD MATCH: wdata passthrough beat=22 expected = 1a69eee6f31d866f, actual =1a69eee6f31d866f
[445000] SCOREBOARD MATCH: wdata passthrough beat=23 expected = 86b0cac300a8a317, actual =86b0cac300a8a317
[445000] SCOREBOARD MATCH: wdata passthrough beat=24 expected = df78d84ec9e91406, actual =df78d84ec9e91406
[445000] SCOREBOARD MATCH: wdata passthrough beat=25 expected = 3d069a76e2b64dff, actual =3d069a76e2b64dff
[445000] SCOREBOARD MATCH: wdata passthrough beat=26 expected = e35ef116f9e2c734, actual =e35ef116f9e2c734
[445000] SCOREBOARD MATCH: wdata passthrough beat=27 expected = c3cbdb3bc3b76539, actual =c3cbdb3bc3b76539
[445000] SCOREBOARD MATCH: wdata passthrough beat=28 expected = a66db338c2d7c964, actual =a66db338c2d7c964
[445000] SCOREBOARD MATCH: wdata passthrough beat=29 expected = 3cba909900d275b1, actual =3cba909900d275b1
[445000] SCOREBOARD MATCH: wdata passthrough beat=30 expected = c489daea89cca44e, actual =c489daea89cca44e
[445000] SCOREBOARD MATCH: wdata passthrough beat=31 expected = cca46db300866bd4, actual =cca46db300866bd4
[445000] SCOREBOARD MATCH: wstrb size check expected = 20, actual =20
[445000] SCOREBOARD MATCH: wstrb passthrough beat=0 expected = 23, actual =23
[445000] SCOREBOARD MATCH: wstrb passthrough beat=1 expected = 85, actual =85
[445000] SCOREBOARD MATCH: wstrb passthrough beat=2 expected = 4c, actual =4c
[445000] SCOREBOARD MATCH: wstrb passthrough beat=3 expected = 71, actual =71
[445000] SCOREBOARD MATCH: wstrb passthrough beat=4 expected = 6f, actual =6f
[445000] SCOREBOARD MATCH: wstrb passthrough beat=5 expected = 20, actual =20
[445000] SCOREBOARD MATCH: wstrb passthrough beat=6 expected = 24, actual =24
[445000] SCOREBOARD MATCH: wstrb passthrough beat=7 expected = 92, actual =92
[445000] SCOREBOARD MATCH: wstrb passthrough beat=8 expected = a5, actual =a5
[445000] SCOREBOARD MATCH: wstrb passthrough beat=9 expected = 70, actual =70
[445000] SCOREBOARD MATCH: wstrb passthrough beat=10 expected = 4, actual =4
[445000] SCOREBOARD MATCH: wstrb passthrough beat=11 expected = 14, actual =14
[445000] SCOREBOARD MATCH: wstrb passthrough beat=12 expected = 90, actual =90
[445000] SCOREBOARD MATCH: wstrb passthrough beat=13 expected = 28, actual =28
[445000] SCOREBOARD MATCH: wstrb passthrough beat=14 expected = a7, actual =a7
[445000] SCOREBOARD MATCH: wstrb passthrough beat=15 expected = 35, actual =35
[445000] SCOREBOARD MATCH: wstrb passthrough beat=16 expected = 99, actual =99
[445000] SCOREBOARD MATCH: wstrb passthrough beat=17 expected = ab, actual =ab
[445000] SCOREBOARD MATCH: wstrb passthrough beat=18 expected = 4a, actual =4a
[445000] SCOREBOARD MATCH: wstrb passthrough beat=19 expected = 29, actual =29
[445000] SCOREBOARD MATCH: wstrb passthrough beat=20 expected = d3, actual =d3
[445000] SCOREBOARD MATCH: wstrb passthrough beat=21 expected = f1, actual =f1
[445000] SCOREBOARD MATCH: wstrb passthrough beat=22 expected = 5f, actual =5f
[445000] SCOREBOARD MATCH: wstrb passthrough beat=23 expected = 6c, actual =6c
[445000] SCOREBOARD MATCH: wstrb passthrough beat=24 expected = 9c, actual =9c
[445000] SCOREBOARD MATCH: wstrb passthrough beat=25 expected = a9, actual =a9
[445000] SCOREBOARD MATCH: wstrb passthrough beat=26 expected = 96, actual =96
[445000] SCOREBOARD MATCH: wstrb passthrough beat=27 expected = 6f, actual =6f
[445000] SCOREBOARD MATCH: wstrb passthrough beat=28 expected = 9a, actual =9a
[445000] SCOREBOARD MATCH: wstrb passthrough beat=29 expected = f5, actual =f5
[445000] SCOREBOARD MATCH: wstrb passthrough beat=30 expected = dc, actual =dc
[445000] SCOREBOARD MATCH: wstrb passthrough beat=31 expected = 36, actual =36
[445000] SCOREBOARD MATCH: bresp passthrough expected = 0, actual =0
[445000] SCOREBOARD MATCH: response routed to correct master (write) expected = 1, actual =1
[445000] [SCOREBOARD-M] mst_id=1 s_id=1 awaddr=16fabb50 awid=1000 awlen=31 awsize=7 awburst=1 wdata=[94152373a2ff965f 21a6f49cdcc7d1db ac6ca5fad5aa9c99 f8aa32f88b8f6f0c e85740e7c081c96e 162c66079a512794 25e096a114c3e6e2 d545b0508ed698ff 2927c0948e37d788 a2fbbe6aeb721657 fa48af56cf085735 dd402ebdf8416eba e3b38511a3706fea f278c71f003bed28 f87d5be2ddfc3468 816ca452cfb8f5dd cff4e305dc30e0f4 3a2d155cf3e56b72 c39e614fc8723ee7 a4a31fdbbb99b9ae af7f252013934454 dc05833bded03537 1a69eee6f31d866f 86b0cac300a8a317 df78d84ec9e91406 3d069a76e2b64dff e35ef116f9e2c734 c3cbdb3bc3b76539 a66db338c2d7c964 3cba909900d275b1 c489daea89cca44e cca46db300866bd4 ] wstrb=[23 85 4c 71 6f 20 24 92 a5 70 4 14 90 28 a7 35 99 ab 4a 29 d3 f1 5f 6c 9c a9 96 6f 9a f5 dc 36 ] bresp=0 bid=1000
[445000] [SCOREBOARD-S] mst_id=1 s_id=1 awaddr=16fabb50 awid=1000 awlen=31 awsize=7 awburst=1 wdata=[94152373a2ff965f 21a6f49cdcc7d1db ac6ca5fad5aa9c99 f8aa32f88b8f6f0c e85740e7c081c96e 162c66079a512794 25e096a114c3e6e2 d545b0508ed698ff 2927c0948e37d788 a2fbbe6aeb721657 fa48af56cf085735 dd402ebdf8416eba e3b38511a3706fea f278c71f003bed28 f87d5be2ddfc3468 816ca452cfb8f5dd cff4e305dc30e0f4 3a2d155cf3e56b72 c39e614fc8723ee7 a4a31fdbbb99b9ae af7f252013934454 dc05833bded03537 1a69eee6f31d866f 86b0cac300a8a317 df78d84ec9e91406 3d069a76e2b64dff e35ef116f9e2c734 c3cbdb3bc3b76539 a66db338c2d7c964 3cba909900d275b1 c489daea89cca44e cca46db300866bd4 ] wstrb=[23 85 4c 71 6f 20 24 92 a5 70 4 14 90 28 a7 35 99 ab 4a 29 d3 f1 5f 6c 9c a9 96 6f 9a f5 dc 36 ] bresp=0 bid=11000
[445000] SCOREBOARD: Transaction 4 received. pass=116 fail=0
[445000] ALL PASS. Total transactions: 4
[455000] S1 MEMORY WRITE beat=1 addr=1a0184b8 data=a1c4d20f989f1fb6 id=01
[455000] MASTER 0 W_VALID_RDY Handshake beat=8 wlast=0
[465000] MASTER 0 W_VALID_RDY Handshake beat=9 wlast=0
[465000] S1 MEMORY WRITE beat=2 addr=1a018538 data=15811ce8e483bf7f id=01
[475000] S1 MEMORY WRITE beat=3 addr=1a0185b8 data=b9698651c1b979a3 id=01
[475000] MASTER 0 W_VALID_RDY Handshake beat=10 wlast=0
[485000] MASTER 0 W_VALID_RDY Handshake beat=11 wlast=0
[485000] S1 MEMORY WRITE beat=4 addr=1a018638 data=da58995aa45f461b id=01
[495000] S1 MEMORY WRITE beat=5 addr=1a017e00 data=88e3059adb2e5861 id=01
[495000] MASTER 0 W_VALID_RDY Handshake beat=12 wlast=0
[505000] MASTER 0 W_VALID_RDY Handshake beat=13 wlast=0
[505000] S1 MEMORY WRITE beat=6 addr=1a017e80 data=9ce7d204efd9b642 id=01
[515000] S1 MEMORY WRITE beat=7 addr=1a017f00 data=9438fc5dc24c8bec id=01
[515000] MASTER 0 W_VALID_RDY Handshake beat=14 wlast=0
[525000] MASTER 0 W_VALID_RDY Handshake beat=15 wlast=0
[525000] S1 MEMORY WRITE beat=8 addr=1a017f80 data=1d7ae44df7406b5e id=01
[535000] S1 MEMORY WRITE beat=9 addr=1a018000 data=e71a21a01d1c01f8 id=01
[535000] MASTER 0 W_VALID_RDY Handshake beat=16 wlast=1
[545000] S1 MEMORY WRITE beat=10 addr=1a018080 data=df688de4ba62b651 id=01
[555000] S1 MEMORY WRITE beat=11 addr=1a018100 data=31a321b0fb531dfe id=01
[565000] S1 MEMORY WRITE beat=12 addr=1a018180 data=186f1ff6fce37231 id=01
[575000] S1 MEMORY WRITE beat=13 addr=1a018200 data=b746288298bd4350 id=01
[585000] S1 MEMORY WRITE beat=14 addr=1a018280 data=9410614ef7d7adda id=01
[595000] S1 MEMORY WRITE beat=15 addr=1a018300 data=f4bb200be8e94a32 id=01
[605000] S1 MEMORY WRITE beat=16 addr=1a018380 data=01a68d83ac7f8144 id=01
[615000] SLAVE1 sent B resp, id=1
[615000] [SLAVE MONITOR] mst_id=0 s_id=1 awaddr=1a018438 awid=1 awlen=16 awsize=7 awburst=2 wdata=[8ede2933d4e5c6d2 a1c4d20f989f1fb6 15811ce8e483bf7f b9698651c1b979a3 da58995aa45f461b 88e3059adb2e5861 9ce7d204efd9b642 9438fc5dc24c8bec 1d7ae44df7406b5e e71a21a01d1c01f8 df688de4ba62b651 31a321b0fb531dfe 186f1ff6fce37231 b746288298bd4350 9410614ef7d7adda f4bb200be8e94a32 1a68d83ac7f8144 ] wstrb=[8d 1e d1 c0 29 16 43 b7 34 14 77 5e 2a ba 15 5f ce ] bresp=0 bid=1
[635000] MASTER 0 B_VALID_RDY Handshake
[635000] [MASTER MONITOR] mst_id=0 s_id=1 awaddr=1a018438 awid=1 awlen=16 awsize=7 awburst=2 wdata=[8ede2933d4e5c6d2 a1c4d20f989f1fb6 15811ce8e483bf7f b9698651c1b979a3 da58995aa45f461b 88e3059adb2e5861 9ce7d204efd9b642 9438fc5dc24c8bec 1d7ae44df7406b5e e71a21a01d1c01f8 df688de4ba62b651 31a321b0fb531dfe 186f1ff6fce37231 b746288298bd4350 9410614ef7d7adda f4bb200be8e94a32 1a68d83ac7f8144 ] wstrb=[8d 1e d1 c0 29 16 43 b7 34 14 77 5e 2a ba 15 5f ce ] bresp=0 bid=1
[635000] MASTER 0 RECEIVED BRESP. BRESP=0
[635000] [MASTER DRIVER] mst_id=0 s_id=0 awaddr=1a018438 awid=1 awlen=16 awsize=7 awburst=2 wdata=[8ede2933d4e5c6d2 a1c4d20f989f1fb6 15811ce8e483bf7f b9698651c1b979a3 da58995aa45f461b 88e3059adb2e5861 9ce7d204efd9b642 9438fc5dc24c8bec 1d7ae44df7406b5e e71a21a01d1c01f8 df688de4ba62b651 31a321b0fb531dfe 186f1ff6fce37231 b746288298bd4350 9410614ef7d7adda f4bb200be8e94a32 1a68d83ac7f8144 ] wstrb=[8d 1e d1 c0 29 16 43 b7 34 14 77 5e 2a ba 15 5f ce ] bresp=0 bid=1
[635000] SCOREBOARD MATCH: decode_err expected = 0, actual =0
[635000] SCOREBOARD MATCH: slave_id expected = 1, actual =1
[635000] SCOREBOARD MATCH: awaddr passthrough expected = 1a018438, actual =1a018438
[635000] SCOREBOARD MATCH: awlen passthrough expected = 16, actual =16
[635000] SCOREBOARD MATCH: awsize passthrough expected = 7, actual =7
[635000] SCOREBOARD MATCH: awburst passthrough expected = 2, actual =2
[635000] SCOREBOARD MATCH: wdata size check expected = 11, actual =11
[635000] SCOREBOARD MATCH: wdata passthrough beat=0 expected = 8ede2933d4e5c6d2, actual =8ede2933d4e5c6d2
[635000] SCOREBOARD MATCH: wdata passthrough beat=1 expected = a1c4d20f989f1fb6, actual =a1c4d20f989f1fb6
[635000] SCOREBOARD MATCH: wdata passthrough beat=2 expected = 15811ce8e483bf7f, actual =15811ce8e483bf7f
[635000] SCOREBOARD MATCH: wdata passthrough beat=3 expected = b9698651c1b979a3, actual =b9698651c1b979a3
[635000] SCOREBOARD MATCH: wdata passthrough beat=4 expected = da58995aa45f461b, actual =da58995aa45f461b
[635000] SCOREBOARD MATCH: wdata passthrough beat=5 expected = 88e3059adb2e5861, actual =88e3059adb2e5861
[635000] SCOREBOARD MATCH: wdata passthrough beat=6 expected = 9ce7d204efd9b642, actual =9ce7d204efd9b642
[635000] SCOREBOARD MATCH: wdata passthrough beat=7 expected = 9438fc5dc24c8bec, actual =9438fc5dc24c8bec
[635000] SCOREBOARD MATCH: wdata passthrough beat=8 expected = 1d7ae44df7406b5e, actual =1d7ae44df7406b5e
[635000] SCOREBOARD MATCH: wdata passthrough beat=9 expected = e71a21a01d1c01f8, actual =e71a21a01d1c01f8
[635000] SCOREBOARD MATCH: wdata passthrough beat=10 expected = df688de4ba62b651, actual =df688de4ba62b651
[635000] SCOREBOARD MATCH: wdata passthrough beat=11 expected = 31a321b0fb531dfe, actual =31a321b0fb531dfe
[635000] SCOREBOARD MATCH: wdata passthrough beat=12 expected = 186f1ff6fce37231, actual =186f1ff6fce37231
[635000] SCOREBOARD MATCH: wdata passthrough beat=13 expected = b746288298bd4350, actual =b746288298bd4350
[635000] SCOREBOARD MATCH: wdata passthrough beat=14 expected = 9410614ef7d7adda, actual =9410614ef7d7adda
[635000] SCOREBOARD MATCH: wdata passthrough beat=15 expected = f4bb200be8e94a32, actual =f4bb200be8e94a32
[635000] SCOREBOARD MATCH: wdata passthrough beat=16 expected = 1a68d83ac7f8144, actual =1a68d83ac7f8144
[635000] SCOREBOARD MATCH: wstrb size check expected = 11, actual =11
[635000] SCOREBOARD MATCH: wstrb passthrough beat=0 expected = 8d, actual =8d
[635000] SCOREBOARD MATCH: wstrb passthrough beat=1 expected = 1e, actual =1e
[635000] SCOREBOARD MATCH: wstrb passthrough beat=2 expected = d1, actual =d1
[635000] SCOREBOARD MATCH: wstrb passthrough beat=3 expected = c0, actual =c0
[635000] SCOREBOARD MATCH: wstrb passthrough beat=4 expected = 29, actual =29
[635000] SCOREBOARD MATCH: wstrb passthrough beat=5 expected = 16, actual =16
[635000] SCOREBOARD MATCH: wstrb passthrough beat=6 expected = 43, actual =43
[635000] SCOREBOARD MATCH: wstrb passthrough beat=7 expected = b7, actual =b7
[635000] SCOREBOARD MATCH: wstrb passthrough beat=8 expected = 34, actual =34
[635000] SCOREBOARD MATCH: wstrb passthrough beat=9 expected = 14, actual =14
[635000] SCOREBOARD MATCH: wstrb passthrough beat=10 expected = 77, actual =77
[635000] SCOREBOARD MATCH: wstrb passthrough beat=11 expected = 5e, actual =5e
[635000] SCOREBOARD MATCH: wstrb passthrough beat=12 expected = 2a, actual =2a
[635000] SCOREBOARD MATCH: wstrb passthrough beat=13 expected = ba, actual =ba
[635000] SCOREBOARD MATCH: wstrb passthrough beat=14 expected = 15, actual =15
[635000] SCOREBOARD MATCH: wstrb passthrough beat=15 expected = 5f, actual =5f
[635000] SCOREBOARD MATCH: wstrb passthrough beat=16 expected = ce, actual =ce
[635000] SCOREBOARD MATCH: bresp passthrough expected = 0, actual =0
[635000] SCOREBOARD MATCH: response routed to correct master (write) expected = 0, actual =0
[635000] [SCOREBOARD-M] mst_id=0 s_id=1 awaddr=1a018438 awid=1 awlen=16 awsize=7 awburst=2 wdata=[8ede2933d4e5c6d2 a1c4d20f989f1fb6 15811ce8e483bf7f b9698651c1b979a3 da58995aa45f461b 88e3059adb2e5861 9ce7d204efd9b642 9438fc5dc24c8bec 1d7ae44df7406b5e e71a21a01d1c01f8 df688de4ba62b651 31a321b0fb531dfe 186f1ff6fce37231 b746288298bd4350 9410614ef7d7adda f4bb200be8e94a32 1a68d83ac7f8144 ] wstrb=[8d 1e d1 c0 29 16 43 b7 34 14 77 5e 2a ba 15 5f ce ] bresp=0 bid=1
[635000] [SCOREBOARD-S] mst_id=0 s_id=1 awaddr=1a018438 awid=1 awlen=16 awsize=7 awburst=2 wdata=[8ede2933d4e5c6d2 a1c4d20f989f1fb6 15811ce8e483bf7f b9698651c1b979a3 da58995aa45f461b 88e3059adb2e5861 9ce7d204efd9b642 9438fc5dc24c8bec 1d7ae44df7406b5e e71a21a01d1c01f8 df688de4ba62b651 31a321b0fb531dfe 186f1ff6fce37231 b746288298bd4350 9410614ef7d7adda f4bb200be8e94a32 1a68d83ac7f8144 ] wstrb=[8d 1e d1 c0 29 16 43 b7 34 14 77 5e 2a ba 15 5f ce ] bresp=0 bid=1
[635000] SCOREBOARD: Transaction 5 received. pass=160 fail=0
[635000] SCOREBOARD: Expected 5 transactions completed, PASS=160 FAIL=0
[635000] ALL PASS. Total transactions: 5
[635000] ALL TRANSACTIONS MONITORED
$finish called at time : 655 ns : File "/home/nashita/Desktop/practice/axi_xbar/tb/top/axi_tb_top.sv" Line 220
exit
INFO: xsimkernel Simulation Memory Usage: 289464 KB (Peak: 337864 KB), Simulation CPU Usage: 1190 ms
INFO: [Common 17-206] Exiting xsim at Thu Sep 10 18:41:24 2026...
