#-----------------------------------------------------------
# xsim v2025.2 (64-bit)
# SW Build 6299465 on Fri Nov 14 12:34:56 MST 2025
# IP Build 6300035 on Fri Nov 14 10:48:45 MST 2025
# SharedData Build 6298862 on Thu Nov 13 04:50:51 MST 2025
# Start of session at: Tue Sep  8 16:06:04 2026
# Process ID         : 3985494
# Current directory  : /home/nashita/Desktop/practice/axi_xbar/sim
# Command line       : xsim -log regress_results/BT_run73.log -mode tcl -source {xsim.dir/tb_top_snap/xsim_script.tcl}
# Log file           : /home/nashita/Desktop/practice/axi_xbar/sim/regress_results/BT_run73.log
# Journal file       : /home/nashita/Desktop/practice/axi_xbar/sim/xsim.jou
# Running On         : vlsi-vivado
# Platform           : Ubuntu
# Operating System   : Ubuntu 24.04.4 LTS
# Processor Detail   : Intel(R) Core(TM) i5-10400 CPU @ 2.90GHz
# CPU Frequency      : 3999.996 MHz
# CPU Physical cores : 6
# CPU Logical cores  : 12
# Host memory        : 41875 MB
# Swap memory        : 27648 MB
# Total Virtual      : 69524 MB
# Available Virtual  : 60479 MB
#-----------------------------------------------------------
source xsim.dir/tb_top_snap/xsim_script.tcl
# xsim {tb_top_snap} -testplusarg BT -autoloadwcfg -runall -sv_seed 74
Time resolution is 1 ps
run -all
[0] RUNNING BASE TEST
[0] INSIDE THE BASE TEST CONSTRUCTOR
[0] ENV: before agent
[0] SLAVE CONSTRUCTED
[0] MASTER MONITOR CONSTRUCTED
[0] MASTER MONITOR CONSTRUCTED
[0] SLAVE MONITOR CONSTRUCTED
[0] SLAVE MONITOR CONSTRUCTED
[0] ARB MONITOR CONSTRUCTED
GENERATOR CONSTRUCTED
[0] ENV: after agent
[0] ENV: before scoreboard
[0] ENV: after scoreboard
[15000] [SEQUENCER] READ mst_id=0 s_id=0 araddr=1db209f0 arid=0 arlen=1 arsize=3 arburst=1 rid=[] rresp=[] rdata=[]
[15000] [SEQUENCER] READ mst_id=1 s_id=0 araddr=129e31a8 arid=0 arlen=1 arsize=3 arburst=1 rid=[] rresp=[] rdata=[]
[15000] [SEQUENCER] READ mst_id=0 s_id=0 araddr=b222d80 arid=1 arlen=1 arsize=3 arburst=1 rid=[] rresp=[] rdata=[]
[15000] [SEQUENCER] READ mst_id=0 s_id=0 araddr=6e1be80 arid=2 arlen=1 arsize=3 arburst=1 rid=[] rresp=[] rdata=[]
[15000] [SEQUENCER] mst_id=0 s_id=0 awaddr=1e9a56a8 awid=101 awlen=1 awsize=3 awburst=1 wdata=[] wstrb=[] bresp=0 bid=0
[15000] [SEQUENCER] READ mst_id=1 s_id=0 araddr=3d46c38 arid=1 arlen=1 arsize=3 arburst=1 rid=[] rresp=[] rdata=[]
[15000] [SEQUENCER] READ mst_id=0 s_id=0 araddr=1dd2d7f8 arid=4 arlen=1 arsize=3 arburst=1 rid=[] rresp=[] rdata=[]
[15000] [SEQUENCER] READ mst_id=1 s_id=0 araddr=1f05be18 arid=2 arlen=1 arsize=3 arburst=1 rid=[] rresp=[] rdata=[]
[15000] [SEQUENCER] READ mst_id=0 s_id=0 araddr=1792ff10 arid=5 arlen=1 arsize=3 arburst=1 rid=[] rresp=[] rdata=[]
[15000] [SEQUENCER] mst_id=0 s_id=0 awaddr=17281308 awid=1001 awlen=1 awsize=3 awburst=1 wdata=[] wstrb=[] bresp=0 bid=0
[15000] MASTER_DRIVER0 received transaction, op=AXI_READ
[15000] MASTER_DRIVER1 received transaction, op=AXI_READ
[35000] MASTER_DRIVER0 received transaction, op=AXI_READ
[35000] MASTER_DRIVER1 received transaction, op=AXI_READ
[45000] ARB MONITOR: slave=1 m0_req=1 m1_req=1 winner=0
[45000] AXI S0_ARVALID_RDY HANDSHAKE
[45000] MEMORY READ MISS beat=0 addr=1db209f0 -> default data id=0
[45000] SCOREBOARD MATCH: arbitration winner (slave 1) expected = 0, actual =0
[55000] MEMORY READ MISS beat=1 addr=1db209f8 -> default data id=0
[55000] SLAVE 1 R_VALID_RDY Handshake beat=0 rlast=0
[55000] MASTER_DRIVER0 received transaction, op=AXI_READ
[55000] MASTER_DRIVER1 received transaction, op=AXI_READ
[65000] ARB MONITOR: slave=0 m0_req=1 m1_req=1 winner=0
[65000] SLAVE 1 R_VALID_RDY Handshake beat=1 rlast=1
[65000] [SLAVE MONITOR AR] READ mst_id=0 s_id=1 araddr=1db209f0 arid=0 arlen=1 arsize=3 arburst=1 rid=[00] rresp=[00] rdata=[baadf00d12345678baadf00d12345678]
[65000] AXI S0_ARVALID_RDY HANDSHAKE
[65000] MEMORY READ MISS beat=0 addr=b222d80 -> default data id=1
[65000] SCOREBOARD MATCH: arbitration winner (slave 0) expected = 0, actual =0
[75000] MEMORY READ MISS beat=1 addr=b222d88 -> default data id=1
[75000] AXI S0_ARVALID_RDY HANDSHAKE
[75000] MEMORY READ MISS beat=0 addr=129e31a8 -> default data id=16
[75000] SLAVE 0 R_VALID_RDY Handshake beat=0 rlast=0
[75000] ARB MONITOR: slave=1 m0_req=0 m1_req=1 winner=1
[75000] MASTER 0 R_VALID_RDY Handshake beat=0 rlast=0
[75000] MASTER_DRIVER0 received transaction, op=AXI_WRITE
[85000] [MASTER DRIVER] READ mst_id=0 s_id=0 araddr=1db209f0 arid=0 arlen=1 arsize=3 arburst=1 rid=[00] rresp=[00] rdata=[baadf00d12345678baadf00d12345678]
[85000] MASTER 0 R_VALID_RDY Handshake beat=1 rlast=1
[85000] [MASTER MONITOR] READ mst_id=0 s_id=1 araddr=1db209f0 arid=0 arlen=1 arsize=3 arburst=1 rid=[00] rresp=[00] rdata=[baadf00d12345678baadf00d12345678]
[85000] SLAVE 1 R_VALID_RDY Handshake beat=0 rlast=0
[85000] SLAVE 0 R_VALID_RDY Handshake beat=1 rlast=1
[85000] [SLAVE MONITOR AR] READ mst_id=0 s_id=0 araddr=b222d80 arid=1 arlen=1 arsize=3 arburst=1 rid=[11] rresp=[00] rdata=[baadf00d12345678baadf00d12345678]
[85000] MEMORY READ MISS beat=1 addr=129e31b0 -> default data id=16
[85000] SCOREBOARD MATCH: decode_err expected = 0, actual =0
[85000] SCOREBOARD MATCH: slave_id expected = 1, actual =1
[85000] SCOREBOARD MATCH: araddr passthrough expected = 1db209f0, actual =1db209f0
[85000] SCOREBOARD MATCH: arlen passthrough expected = 1, actual =1
[85000] SCOREBOARD MATCH: arsize passthrough expected = 3, actual =3
[85000] SCOREBOARD MATCH: arburst passthrough expected = 1, actual =1
[85000] SCOREBOARD MATCH: rdata size check expected = 2, actual =2
[85000] SCOREBOARD MATCH: rdata passthrough beat=0 expected = baadf00d12345678, actual =baadf00d12345678
[85000] SCOREBOARD MATCH: rdata passthrough beat=1 expected = baadf00d12345678, actual =baadf00d12345678
[85000] SCOREBOARD MATCH: rresp size check expected = 2, actual =2
[85000] SCOREBOARD MATCH: rresp passthrough beat=0 expected = 0, actual =0
[85000] SCOREBOARD MATCH: rresp passthrough beat=1 expected = 0, actual =0
[85000] SCOREBOARD MATCH: response routed to correct master (read beat 0) expected = 0, actual =0
[85000] SCOREBOARD MATCH: response routed to correct master (read beat 1) expected = 0, actual =0
[85000] [SCOREBOARD-M] READ mst_id=0 s_id=1 araddr=1db209f0 arid=0 arlen=1 arsize=3 arburst=1 rid=[00] rresp=[00] rdata=[baadf00d12345678baadf00d12345678]
[85000] [SCOREBOARD-S] READ mst_id=0 s_id=1 araddr=1db209f0 arid=0 arlen=1 arsize=3 arburst=1 rid=[00] rresp=[00] rdata=[baadf00d12345678baadf00d12345678]
[85000] SCOREBOARD: Transaction 1 received. pass=16 fail=0
[85000] ALL PASS. Total transactions: 1
[95000] AXI S0_ARVALID_RDY HANDSHAKE
[95000] MEMORY READ MISS beat=0 addr=3d46c38 -> default data id=17
[95000] SLAVE 1 R_VALID_RDY Handshake beat=1 rlast=1
[95000] [SLAVE MONITOR AR] READ mst_id=1 s_id=1 araddr=129e31a8 arid=0 arlen=1 arsize=3 arburst=1 rid=[1010] rresp=[00] rdata=[baadf00d12345678baadf00d12345678]
[95000] ARB MONITOR: slave=0 m0_req=1 m1_req=0 winner=1
[95000] MASTER 0 AW_VALID_RDY Handshake
[105000] MASTER 0 R_VALID_RDY Handshake beat=0 rlast=0
[105000] MASTER 1 R_VALID_RDY Handshake beat=0 rlast=0
[105000] ARB MONITOR: slave=1 m0_req=1 m1_req=0 winner=0
[105000] ARB MONITOR: slave=1 m0_req=0 m1_req=0 winner=1
[105000] SLAVE 0 R_VALID_RDY Handshake beat=0 rlast=0
[105000] AXI S0_ARVALID_RDY HANDSHAKE
[105000] MEMORY READ MISS beat=0 addr=1f05be18 -> default data id=18
[105000] MEMORY READ MISS beat=1 addr=3d46c40 -> default data id=17
[105000] AXI S1_AWVALID_RDY HANDSHAKE
[115000] MEMORY READ MISS beat=1 addr=1f05be20 -> default data id=18
[115000] SLAVE 0 R_VALID_RDY Handshake beat=1 rlast=1
[115000] [SLAVE MONITOR AR] READ mst_id=1 s_id=0 araddr=3d46c38 arid=1 arlen=1 arsize=3 arburst=1 rid=[1111] rresp=[00] rdata=[baadf00d12345678baadf00d12345678]
[115000] SLAVE 1 R_VALID_RDY Handshake beat=0 rlast=0
[115000] MASTER 1 R_VALID_RDY Handshake beat=1 rlast=1
[115000] [MASTER MONITOR] READ mst_id=1 s_id=1 araddr=129e31a8 arid=0 arlen=1 arsize=3 arburst=1 rid=[00] rresp=[00] rdata=[baadf00d12345678baadf00d12345678]
[115000] MASTER 0 R_VALID_RDY Handshake beat=1 rlast=1
[115000] [MASTER MONITOR] READ mst_id=0 s_id=0 araddr=b222d80 arid=1 arlen=1 arsize=3 arburst=1 rid=[11] rresp=[00] rdata=[baadf00d12345678baadf00d12345678]
[115000] MASTER 0 W_VALID_RDY Handshake beat=0 wlast=0
[115000] [MASTER DRIVER] READ mst_id=0 s_id=0 araddr=b222d80 arid=1 arlen=1 arsize=3 arburst=1 rid=[11] rresp=[00] rdata=[baadf00d12345678baadf00d12345678]
[115000] [MASTER DRIVER] READ mst_id=1 s_id=0 araddr=129e31a8 arid=0 arlen=1 arsize=3 arburst=1 rid=[00] rresp=[00] rdata=[baadf00d12345678baadf00d12345678]
[115000] SCOREBOARD MATCH: decode_err expected = 0, actual =0
[115000] SCOREBOARD MATCH: slave_id expected = 1, actual =1
[115000] SCOREBOARD MATCH: araddr passthrough expected = 129e31a8, actual =129e31a8
[115000] SCOREBOARD MATCH: arlen passthrough expected = 1, actual =1
[115000] SCOREBOARD MATCH: arsize passthrough expected = 3, actual =3
[115000] SCOREBOARD MATCH: arburst passthrough expected = 1, actual =1
[115000] SCOREBOARD MATCH: rdata size check expected = 2, actual =2
[115000] SCOREBOARD MATCH: rdata passthrough beat=0 expected = baadf00d12345678, actual =baadf00d12345678
[115000] SCOREBOARD MATCH: rdata passthrough beat=1 expected = baadf00d12345678, actual =baadf00d12345678
[115000] SCOREBOARD MATCH: rresp size check expected = 2, actual =2
[115000] SCOREBOARD MATCH: rresp passthrough beat=0 expected = 0, actual =0
[115000] SCOREBOARD MATCH: rresp passthrough beat=1 expected = 0, actual =0
[115000] SCOREBOARD MATCH: response routed to correct master (read beat 0) expected = 1, actual =1
[115000] SCOREBOARD MATCH: response routed to correct master (read beat 1) expected = 1, actual =1
[115000] [SCOREBOARD-M] READ mst_id=1 s_id=1 araddr=129e31a8 arid=0 arlen=1 arsize=3 arburst=1 rid=[00] rresp=[00] rdata=[baadf00d12345678baadf00d12345678]
[115000] [SCOREBOARD-S] READ mst_id=1 s_id=1 araddr=129e31a8 arid=0 arlen=1 arsize=3 arburst=1 rid=[1010] rresp=[00] rdata=[baadf00d12345678baadf00d12345678]
[115000] SCOREBOARD: Transaction 2 received. pass=30 fail=0
[115000] ALL PASS. Total transactions: 2
[115000] SCOREBOARD MATCH: decode_err expected = 0, actual =0
[115000] SCOREBOARD MATCH: slave_id expected = 0, actual =0
[115000] SCOREBOARD MATCH: araddr passthrough expected = b222d80, actual =b222d80
[115000] SCOREBOARD MATCH: arlen passthrough expected = 1, actual =1
[115000] SCOREBOARD MATCH: arsize passthrough expected = 3, actual =3
[115000] SCOREBOARD MATCH: arburst passthrough expected = 1, actual =1
[115000] SCOREBOARD MATCH: rdata size check expected = 2, actual =2
[115000] SCOREBOARD MATCH: rdata passthrough beat=0 expected = baadf00d12345678, actual =baadf00d12345678
[115000] SCOREBOARD MATCH: rdata passthrough beat=1 expected = baadf00d12345678, actual =baadf00d12345678
[115000] SCOREBOARD MATCH: rresp size check expected = 2, actual =2
[115000] SCOREBOARD MATCH: rresp passthrough beat=0 expected = 0, actual =0
[115000] SCOREBOARD MATCH: rresp passthrough beat=1 expected = 0, actual =0
[115000] SCOREBOARD MATCH: response routed to correct master (read beat 0) expected = 0, actual =0
[115000] SCOREBOARD MATCH: response routed to correct master (read beat 1) expected = 0, actual =0
[115000] [SCOREBOARD-M] READ mst_id=0 s_id=0 araddr=b222d80 arid=1 arlen=1 arsize=3 arburst=1 rid=[11] rresp=[00] rdata=[baadf00d12345678baadf00d12345678]
[115000] [SCOREBOARD-S] READ mst_id=0 s_id=0 araddr=b222d80 arid=1 arlen=1 arsize=3 arburst=1 rid=[11] rresp=[00] rdata=[baadf00d12345678baadf00d12345678]
[115000] SCOREBOARD: Transaction 3 received. pass=44 fail=0
[115000] ALL PASS. Total transactions: 3
[125000] MASTER_DRIVER0 received transaction, op=AXI_READ
[125000] MASTER 0 W_VALID_RDY Handshake beat=1 wlast=1
[125000] ARB MONITOR: slave=0 m0_req=1 m1_req=0 winner=0
[125000] SLAVE 1 R_VALID_RDY Handshake beat=1 rlast=1
[125000] [SLAVE MONITOR AR] READ mst_id=1 s_id=1 araddr=1f05be18 arid=2 arlen=1 arsize=3 arburst=1 rid=[1212] rresp=[00] rdata=[baadf00d12345678baadf00d12345678]
[125000] AXI S1_WVALID_RDY HANDSHAKE
[125000] AXI S0_ARVALID_RDY HANDSHAKE
[125000] MEMORY READ MISS beat=0 addr=6e1be80 -> default data id=2
[125000] S1 MEMORY WRITE beat=0 addr=1e9a56a8 data=0000000000000000 id=05
[135000] S1 MEMORY WRITE beat=1 addr=1e9a56b0 data=0000000000000000 id=05
[135000] MEMORY READ MISS beat=1 addr=6e1be88 -> default data id=2
[135000] SLAVE 0 R_VALID_RDY Handshake beat=0 rlast=0
[135000] AXI S1_WVALID_RDY HANDSHAKE
[135000] MASTER 1 R_VALID_RDY Handshake beat=0 rlast=0
[145000] [MASTER DRIVER] READ mst_id=1 s_id=0 araddr=3d46c38 arid=1 arlen=1 arsize=3 arburst=1 rid=[11] rresp=[00] rdata=[baadf00d12345678baadf00d12345678]
[145000] MASTER_DRIVER0 received transaction, op=AXI_READ
[145000] MASTER 1 R_VALID_RDY Handshake beat=1 rlast=1
[145000] [MASTER MONITOR] READ mst_id=1 s_id=0 araddr=3d46c38 arid=1 arlen=1 arsize=3 arburst=1 rid=[11] rresp=[00] rdata=[baadf00d12345678baadf00d12345678]
[145000] AXI S1_BVALID_RDY HANDSHAKE
[145000] [SLAVE MONITOR] mst_id=0 s_id=1 awaddr=1e9a56a8 awid=101 awlen=1 awsize=3 awburst=1 wdata=[0 0 ] wstrb=[0 0 ] bresp=0 bid=101
[145000] SLAVE 0 R_VALID_RDY Handshake beat=1 rlast=1
[145000] [SLAVE MONITOR AR] READ mst_id=0 s_id=0 araddr=6e1be80 arid=2 arlen=1 arsize=3 arburst=1 rid=[22] rresp=[00] rdata=[baadf00d12345678baadf00d12345678]
[145000] SLAVE1 sent B resp, id=5
[145000] SCOREBOARD MATCH: decode_err expected = 0, actual =0
[145000] SCOREBOARD MATCH: slave_id expected = 0, actual =0
[145000] SCOREBOARD MATCH: araddr passthrough expected = 3d46c38, actual =3d46c38
[145000] SCOREBOARD MATCH: arlen passthrough expected = 1, actual =1
[145000] SCOREBOARD MATCH: arsize passthrough expected = 3, actual =3
[145000] SCOREBOARD MATCH: arburst passthrough expected = 1, actual =1
[145000] SCOREBOARD MATCH: rdata size check expected = 2, actual =2
[145000] SCOREBOARD MATCH: rdata passthrough beat=0 expected = baadf00d12345678, actual =baadf00d12345678
[145000] SCOREBOARD MATCH: rdata passthrough beat=1 expected = baadf00d12345678, actual =baadf00d12345678
[145000] SCOREBOARD MATCH: rresp size check expected = 2, actual =2
[145000] SCOREBOARD MATCH: rresp passthrough beat=0 expected = 0, actual =0
[145000] SCOREBOARD MATCH: rresp passthrough beat=1 expected = 0, actual =0
[145000] SCOREBOARD MATCH: response routed to correct master (read beat 0) expected = 1, actual =1
[145000] SCOREBOARD MATCH: response routed to correct master (read beat 1) expected = 1, actual =1
[145000] [SCOREBOARD-M] READ mst_id=1 s_id=0 araddr=3d46c38 arid=1 arlen=1 arsize=3 arburst=1 rid=[11] rresp=[00] rdata=[baadf00d12345678baadf00d12345678]
[145000] [SCOREBOARD-S] READ mst_id=1 s_id=0 araddr=3d46c38 arid=1 arlen=1 arsize=3 arburst=1 rid=[1111] rresp=[00] rdata=[baadf00d12345678baadf00d12345678]
[145000] SCOREBOARD: Transaction 4 received. pass=58 fail=0
[145000] ALL PASS. Total transactions: 4
[155000] AXI S0_ARVALID_RDY HANDSHAKE
[155000] MEMORY READ MISS beat=0 addr=1dd2d7f8 -> default data id=4
[155000] ARB MONITOR: slave=1 m0_req=1 m1_req=0 winner=0
[165000] MASTER_DRIVER0 received transaction, op=AXI_WRITE
[165000] MASTER 0 RECEIVED BRESP. BRESP=0
[165000] [MASTER DRIVER] mst_id=0 s_id=0 awaddr=1e9a56a8 awid=101 awlen=1 awsize=3 awburst=1 wdata=[] wstrb=[] bresp=0 bid=101
[165000] MASTER 0 B_VALID_RDY Handshake
[165000] [MASTER MONITOR] mst_id=0 s_id=1 awaddr=1e9a56a8 awid=101 awlen=1 awsize=3 awburst=1 wdata=[0 0 ] wstrb=[0 0 ] bresp=0 bid=101
[165000] MASTER 0 R_VALID_RDY Handshake beat=0 rlast=0
[165000] MASTER 1 R_VALID_RDY Handshake beat=0 rlast=0
[165000] SLAVE 1 R_VALID_RDY Handshake beat=0 rlast=0
[165000] MEMORY READ MISS beat=1 addr=1dd2d800 -> default data id=4
[165000] SCOREBOARD MATCH: decode_err expected = 0, actual =0
[165000] SCOREBOARD MATCH: slave_id expected = 1, actual =1
[165000] SCOREBOARD MATCH: awaddr passthrough expected = 1e9a56a8, actual =1e9a56a8
[165000] SCOREBOARD MATCH: awlen passthrough expected = 1, actual =1
[165000] SCOREBOARD MATCH: awsize passthrough expected = 3, actual =3
[165000] SCOREBOARD MATCH: awburst passthrough expected = 1, actual =1
[165000] SCOREBOARD MATCH: wdata size check expected = 2, actual =2
[165000] SCOREBOARD MATCH: wdata passthrough beat=0 expected = 0, actual =0
[165000] SCOREBOARD MATCH: wdata passthrough beat=1 expected = 0, actual =0
[165000] SCOREBOARD MATCH: wstrb size check expected = 2, actual =2
[165000] SCOREBOARD MATCH: wstrb passthrough beat=0 expected = 0, actual =0
[165000] SCOREBOARD MATCH: wstrb passthrough beat=1 expected = 0, actual =0
[165000] SCOREBOARD MATCH: bresp passthrough expected = 0, actual =0
[165000] SCOREBOARD MATCH: response routed to correct master (write) expected = 0, actual =0
[165000] [SCOREBOARD-M] mst_id=0 s_id=1 awaddr=1e9a56a8 awid=101 awlen=1 awsize=3 awburst=1 wdata=[0 0 ] wstrb=[0 0 ] bresp=0 bid=101
[165000] [SCOREBOARD-S] mst_id=0 s_id=1 awaddr=1e9a56a8 awid=101 awlen=1 awsize=3 awburst=1 wdata=[0 0 ] wstrb=[0 0 ] bresp=0 bid=101
[165000] SCOREBOARD: Transaction 5 received. pass=72 fail=0
[165000] ALL PASS. Total transactions: 5
[175000] SLAVE 1 R_VALID_RDY Handshake beat=1 rlast=1
[175000] [SLAVE MONITOR AR] READ mst_id=0 s_id=1 araddr=1dd2d7f8 arid=4 arlen=1 arsize=3 arburst=1 rid=[44] rresp=[00] rdata=[baadf00d12345678baadf00d12345678]
[175000] MASTER 1 R_VALID_RDY Handshake beat=1 rlast=1
[175000] [MASTER MONITOR] READ mst_id=1 s_id=1 araddr=1f05be18 arid=2 arlen=1 arsize=3 arburst=1 rid=[22] rresp=[00] rdata=[baadf00d12345678baadf00d12345678]
[175000] MASTER 0 R_VALID_RDY Handshake beat=1 rlast=1
[175000] [MASTER MONITOR] READ mst_id=0 s_id=0 araddr=6e1be80 arid=2 arlen=1 arsize=3 arburst=1 rid=[22] rresp=[00] rdata=[baadf00d12345678baadf00d12345678]
[175000] [MASTER DRIVER] READ mst_id=0 s_id=0 araddr=6e1be80 arid=2 arlen=1 arsize=3 arburst=1 rid=[22] rresp=[00] rdata=[baadf00d12345678baadf00d12345678]
[175000] [MASTER DRIVER] READ mst_id=1 s_id=0 araddr=1f05be18 arid=2 arlen=1 arsize=3 arburst=1 rid=[22] rresp=[00] rdata=[baadf00d12345678baadf00d12345678]
[175000] SCOREBOARD MATCH: decode_err expected = 0, actual =0
[175000] SCOREBOARD MATCH: slave_id expected = 1, actual =1
[175000] SCOREBOARD MATCH: araddr passthrough expected = 1f05be18, actual =1f05be18
[175000] SCOREBOARD MATCH: arlen passthrough expected = 1, actual =1
[175000] SCOREBOARD MATCH: arsize passthrough expected = 3, actual =3
[175000] SCOREBOARD MATCH: arburst passthrough expected = 1, actual =1
[175000] SCOREBOARD MATCH: rdata size check expected = 2, actual =2
[175000] SCOREBOARD MATCH: rdata passthrough beat=0 expected = baadf00d12345678, actual =baadf00d12345678
[175000] SCOREBOARD MATCH: rdata passthrough beat=1 expected = baadf00d12345678, actual =baadf00d12345678
[175000] SCOREBOARD MATCH: rresp size check expected = 2, actual =2
[175000] SCOREBOARD MATCH: rresp passthrough beat=0 expected = 0, actual =0
[175000] SCOREBOARD MATCH: rresp passthrough beat=1 expected = 0, actual =0
[175000] SCOREBOARD MATCH: response routed to correct master (read beat 0) expected = 1, actual =1
[175000] SCOREBOARD MATCH: response routed to correct master (read beat 1) expected = 1, actual =1
[175000] [SCOREBOARD-M] READ mst_id=1 s_id=1 araddr=1f05be18 arid=2 arlen=1 arsize=3 arburst=1 rid=[22] rresp=[00] rdata=[baadf00d12345678baadf00d12345678]
[175000] [SCOREBOARD-S] READ mst_id=1 s_id=1 araddr=1f05be18 arid=2 arlen=1 arsize=3 arburst=1 rid=[1212] rresp=[00] rdata=[baadf00d12345678baadf00d12345678]
[175000] SCOREBOARD: Transaction 6 received. pass=86 fail=0
[175000] ALL PASS. Total transactions: 6
[175000] SCOREBOARD MATCH: decode_err expected = 0, actual =0
[175000] SCOREBOARD MATCH: slave_id expected = 0, actual =0
[175000] SCOREBOARD MATCH: araddr passthrough expected = 6e1be80, actual =6e1be80
[175000] SCOREBOARD MATCH: arlen passthrough expected = 1, actual =1
[175000] SCOREBOARD MATCH: arsize passthrough expected = 3, actual =3
[175000] SCOREBOARD MATCH: arburst passthrough expected = 1, actual =1
[175000] SCOREBOARD MATCH: rdata size check expected = 2, actual =2
[175000] SCOREBOARD MATCH: rdata passthrough beat=0 expected = baadf00d12345678, actual =baadf00d12345678
[175000] SCOREBOARD MATCH: rdata passthrough beat=1 expected = baadf00d12345678, actual =baadf00d12345678
[175000] SCOREBOARD MATCH: rresp size check expected = 2, actual =2
[175000] SCOREBOARD MATCH: rresp passthrough beat=0 expected = 0, actual =0
[175000] SCOREBOARD MATCH: rresp passthrough beat=1 expected = 0, actual =0
[175000] SCOREBOARD MATCH: response routed to correct master (read beat 0) expected = 0, actual =0
[175000] SCOREBOARD MATCH: response routed to correct master (read beat 1) expected = 0, actual =0
[175000] [SCOREBOARD-M] READ mst_id=0 s_id=0 araddr=6e1be80 arid=2 arlen=1 arsize=3 arburst=1 rid=[22] rresp=[00] rdata=[baadf00d12345678baadf00d12345678]
[175000] [SCOREBOARD-S] READ mst_id=0 s_id=0 araddr=6e1be80 arid=2 arlen=1 arsize=3 arburst=1 rid=[22] rresp=[00] rdata=[baadf00d12345678baadf00d12345678]
[175000] SCOREBOARD: Transaction 7 received. pass=100 fail=0
[175000] ALL PASS. Total transactions: 7
[185000] MASTER 0 AW_VALID_RDY Handshake
[185000] ARB MONITOR: slave=1 m0_req=1 m1_req=0 winner=0
[185000] AXI S0_ARVALID_RDY HANDSHAKE
[185000] MEMORY READ MISS beat=0 addr=1792ff10 -> default data id=5
[195000] AXI S1_AWVALID_RDY HANDSHAKE
[195000] MEMORY READ MISS beat=1 addr=1792ff18 -> default data id=5
[195000] SLAVE 1 R_VALID_RDY Handshake beat=0 rlast=0
[195000] ARB MONITOR: slave=1 m0_req=1 m1_req=0 winner=0
[195000] MASTER 0 R_VALID_RDY Handshake beat=0 rlast=0
[205000] [MASTER DRIVER] READ mst_id=0 s_id=0 araddr=1dd2d7f8 arid=4 arlen=1 arsize=3 arburst=1 rid=[44] rresp=[00] rdata=[baadf00d12345678baadf00d12345678]
[205000] MASTER 0 W_VALID_RDY Handshake beat=0 wlast=0
[205000] MASTER 0 R_VALID_RDY Handshake beat=1 rlast=1
[205000] [MASTER MONITOR] READ mst_id=0 s_id=1 araddr=1dd2d7f8 arid=4 arlen=1 arsize=3 arburst=1 rid=[44] rresp=[00] rdata=[baadf00d12345678baadf00d12345678]
[205000] SLAVE 1 R_VALID_RDY Handshake beat=1 rlast=1
[205000] [SLAVE MONITOR AR] READ mst_id=0 s_id=1 araddr=1792ff10 arid=5 arlen=1 arsize=3 arburst=1 rid=[55] rresp=[00] rdata=[baadf00d12345678baadf00d12345678]
[205000] SCOREBOARD MATCH: decode_err expected = 0, actual =0
[205000] SCOREBOARD MATCH: slave_id expected = 1, actual =1
[205000] SCOREBOARD MATCH: araddr passthrough expected = 1dd2d7f8, actual =1dd2d7f8
[205000] SCOREBOARD MATCH: arlen passthrough expected = 1, actual =1
[205000] SCOREBOARD MATCH: arsize passthrough expected = 3, actual =3
[205000] SCOREBOARD MATCH: arburst passthrough expected = 1, actual =1
[205000] SCOREBOARD MATCH: rdata size check expected = 2, actual =2
[205000] SCOREBOARD MATCH: rdata passthrough beat=0 expected = baadf00d12345678, actual =baadf00d12345678
[205000] SCOREBOARD MATCH: rdata passthrough beat=1 expected = baadf00d12345678, actual =baadf00d12345678
[205000] SCOREBOARD MATCH: rresp size check expected = 2, actual =2
[205000] SCOREBOARD MATCH: rresp passthrough beat=0 expected = 0, actual =0
[205000] SCOREBOARD MATCH: rresp passthrough beat=1 expected = 0, actual =0
[205000] SCOREBOARD MATCH: response routed to correct master (read beat 0) expected = 0, actual =0
[205000] SCOREBOARD MATCH: response routed to correct master (read beat 1) expected = 0, actual =0
[205000] [SCOREBOARD-M] READ mst_id=0 s_id=1 araddr=1dd2d7f8 arid=4 arlen=1 arsize=3 arburst=1 rid=[44] rresp=[00] rdata=[baadf00d12345678baadf00d12345678]
[205000] [SCOREBOARD-S] READ mst_id=0 s_id=1 araddr=1dd2d7f8 arid=4 arlen=1 arsize=3 arburst=1 rid=[44] rresp=[00] rdata=[baadf00d12345678baadf00d12345678]
[205000] SCOREBOARD: Transaction 8 received. pass=114 fail=0
[205000] ALL PASS. Total transactions: 8
[215000] S1 MEMORY WRITE beat=0 addr=17281308 data=0000000000000000 id=09
[215000] AXI S1_WVALID_RDY HANDSHAKE
[215000] MASTER 0 W_VALID_RDY Handshake beat=1 wlast=1
[225000] MASTER 0 R_VALID_RDY Handshake beat=0 rlast=0
[225000] AXI S1_WVALID_RDY HANDSHAKE
[225000] S1 MEMORY WRITE beat=1 addr=17281310 data=0000000000000000 id=09
[235000] SLAVE1 sent B resp, id=9
[235000] AXI S1_BVALID_RDY HANDSHAKE
[235000] [SLAVE MONITOR] mst_id=0 s_id=1 awaddr=17281308 awid=1001 awlen=1 awsize=3 awburst=1 wdata=[0 0 ] wstrb=[0 0 ] bresp=0 bid=1001
[235000] MASTER 0 R_VALID_RDY Handshake beat=1 rlast=1
[235000] [MASTER MONITOR] READ mst_id=0 s_id=1 araddr=1792ff10 arid=5 arlen=1 arsize=3 arburst=1 rid=[55] rresp=[00] rdata=[baadf00d12345678baadf00d12345678]
[235000] [MASTER DRIVER] READ mst_id=0 s_id=0 araddr=1792ff10 arid=5 arlen=1 arsize=3 arburst=1 rid=[55] rresp=[00] rdata=[baadf00d12345678baadf00d12345678]
[235000] SCOREBOARD MATCH: decode_err expected = 0, actual =0
[235000] SCOREBOARD MATCH: slave_id expected = 1, actual =1
[235000] SCOREBOARD MATCH: araddr passthrough expected = 1792ff10, actual =1792ff10
[235000] SCOREBOARD MATCH: arlen passthrough expected = 1, actual =1
[235000] SCOREBOARD MATCH: arsize passthrough expected = 3, actual =3
[235000] SCOREBOARD MATCH: arburst passthrough expected = 1, actual =1
[235000] SCOREBOARD MATCH: rdata size check expected = 2, actual =2
[235000] SCOREBOARD MATCH: rdata passthrough beat=0 expected = baadf00d12345678, actual =baadf00d12345678
[235000] SCOREBOARD MATCH: rdata passthrough beat=1 expected = baadf00d12345678, actual =baadf00d12345678
[235000] SCOREBOARD MATCH: rresp size check expected = 2, actual =2
[235000] SCOREBOARD MATCH: rresp passthrough beat=0 expected = 0, actual =0
[235000] SCOREBOARD MATCH: rresp passthrough beat=1 expected = 0, actual =0
[235000] SCOREBOARD MATCH: response routed to correct master (read beat 0) expected = 0, actual =0
[235000] SCOREBOARD MATCH: response routed to correct master (read beat 1) expected = 0, actual =0
[235000] [SCOREBOARD-M] READ mst_id=0 s_id=1 araddr=1792ff10 arid=5 arlen=1 arsize=3 arburst=1 rid=[55] rresp=[00] rdata=[baadf00d12345678baadf00d12345678]
[235000] [SCOREBOARD-S] READ mst_id=0 s_id=1 araddr=1792ff10 arid=5 arlen=1 arsize=3 arburst=1 rid=[55] rresp=[00] rdata=[baadf00d12345678baadf00d12345678]
[235000] SCOREBOARD: Transaction 9 received. pass=128 fail=0
[235000] ALL PASS. Total transactions: 9
[255000] MASTER 0 B_VALID_RDY Handshake
[255000] [MASTER MONITOR] mst_id=0 s_id=1 awaddr=17281308 awid=1001 awlen=1 awsize=3 awburst=1 wdata=[0 0 ] wstrb=[0 0 ] bresp=0 bid=1001
[255000] MASTER 0 RECEIVED BRESP. BRESP=0
[255000] [MASTER DRIVER] mst_id=0 s_id=0 awaddr=17281308 awid=1001 awlen=1 awsize=3 awburst=1 wdata=[] wstrb=[] bresp=0 bid=1001
[255000] SCOREBOARD MATCH: decode_err expected = 0, actual =0
[255000] SCOREBOARD MATCH: slave_id expected = 1, actual =1
[255000] SCOREBOARD MATCH: awaddr passthrough expected = 17281308, actual =17281308
[255000] SCOREBOARD MATCH: awlen passthrough expected = 1, actual =1
[255000] SCOREBOARD MATCH: awsize passthrough expected = 3, actual =3
[255000] SCOREBOARD MATCH: awburst passthrough expected = 1, actual =1
[255000] SCOREBOARD MATCH: wdata size check expected = 2, actual =2
[255000] SCOREBOARD MATCH: wdata passthrough beat=0 expected = 0, actual =0
[255000] SCOREBOARD MATCH: wdata passthrough beat=1 expected = 0, actual =0
[255000] SCOREBOARD MATCH: wstrb size check expected = 2, actual =2
[255000] SCOREBOARD MATCH: wstrb passthrough beat=0 expected = 0, actual =0
[255000] SCOREBOARD MATCH: wstrb passthrough beat=1 expected = 0, actual =0
[255000] SCOREBOARD MATCH: bresp passthrough expected = 0, actual =0
[255000] SCOREBOARD MATCH: response routed to correct master (write) expected = 0, actual =0
[255000] [SCOREBOARD-M] mst_id=0 s_id=1 awaddr=17281308 awid=1001 awlen=1 awsize=3 awburst=1 wdata=[0 0 ] wstrb=[0 0 ] bresp=0 bid=1001
[255000] [SCOREBOARD-S] mst_id=0 s_id=1 awaddr=17281308 awid=1001 awlen=1 awsize=3 awburst=1 wdata=[0 0 ] wstrb=[0 0 ] bresp=0 bid=1001
[255000] SCOREBOARD: Transaction 10 received. pass=142 fail=0
[255000] SCOREBOARD: Expected 10 transactions completed, PASS=142 FAIL=0
[255000] ALL PASS. Total transactions: 10
[255000] ALL TRANSACTIONS MONITORED
$finish called at time : 275 ns : File "/home/nashita/Desktop/practice/axi_xbar/tb/top/axi_tb_top.sv" Line 206
exit
INFO: xsimkernel Simulation Memory Usage: 289420 KB (Peak: 337824 KB), Simulation CPU Usage: 1200 ms
INFO: [Common 17-206] Exiting xsim at Tue Sep  8 16:06:08 2026...
