#-----------------------------------------------------------
# xsim v2025.2 (64-bit)
# SW Build 6299465 on Fri Nov 14 12:34:56 MST 2025
# IP Build 6300035 on Fri Nov 14 10:48:45 MST 2025
# SharedData Build 6298862 on Thu Nov 13 04:50:51 MST 2025
# Start of session at: Fri Sep 11 12:14:43 2026
# Process ID         : 779758
# Current directory  : /home/nashita/Desktop/practice/axi_xbar/sim
# Command line       : xsim -log regress_results/BT_run194.log -mode tcl -source {xsim.dir/tb_top_snap/xsim_script.tcl}
# Log file           : /home/nashita/Desktop/practice/axi_xbar/sim/regress_results/BT_run194.log
# Journal file       : /home/nashita/Desktop/practice/axi_xbar/sim/xsim.jou
# Running On         : vlsi-vivado
# Platform           : Ubuntu
# Operating System   : Ubuntu 24.04.4 LTS
# Processor Detail   : Intel(R) Core(TM) i5-10400 CPU @ 2.90GHz
# CPU Frequency      : 800.000 MHz
# CPU Physical cores : 6
# CPU Logical cores  : 12
# Host memory        : 41875 MB
# Swap memory        : 27648 MB
# Total Virtual      : 69524 MB
# Available Virtual  : 62518 MB
#-----------------------------------------------------------
source xsim.dir/tb_top_snap/xsim_script.tcl
# xsim {tb_top_snap} -testplusarg BT -autoloadwcfg -runall -sv_seed 195
Time resolution is 1 ps
run -all
[0] RUNNING BASE TEST
[0] INSIDE THE BASE TEST CONSTRUCTOR
[0] ENV: before agent
[0] SLAVE CONSTRUCTED
[0] MASTER MONITOR CONSTRUCTED
[0] MASTER MONITOR CONSTRUCTED
[0] SLAVE MONITOR CONSTRUCTED
[0] SLAVE MONITOR CONSTRUCTED
[0] ARB MONITOR CONSTRUCTED
GENERATOR CONSTRUCTED
[0] ENV: after agent
[0] ENV: before scoreboard
[0] ENV: after scoreboard
[15000] [SEQUENCER] READ mst_id=0 s_id=0 araddr=3eb96c0 arid=0 arlen=1 arsize=3 arburst=1 rid=[] rresp=[] rdata=[]
[15000] [SEQUENCER] READ mst_id=0 s_id=0 araddr=97c4510 arid=1 arlen=1 arsize=3 arburst=1 rid=[] rresp=[] rdata=[]
[15000] [SEQUENCER] mst_id=1 s_id=0 awaddr=2cbf8b0 awid=1111 awlen=95 awsize=0 awburst=1 wdata=[c76355b1c067cef5 f20e2154fd5d58c7 a0672f62155bda37 d5c3a92c35936ba7 b2f0c46ee7ca8513 fd265f4ac7d1ca80 fd653627d357f3d1 bb2278e4d2ea0876 9abbd2f6b055fa95 83adee663848d82f 8b32e0a59821091d c87703b33ed0674b f7193f7a25eeb39c be0fbcb9cc24f219 8af55964824c201f a83ad3bb8686c06c d2abb286820e98de 45ab8fee64a9075 ecd150e1dda10bea dfafa4c9ac958cb9 92e01d2ebf7d0367 1d1e0f52e40a5dc7 909fea80ffb16e10 bf2e7177fccdb41b e0d811e2238007af 233175bfdc4c80c9 d91a34e4f177fc62 94f80411e25fe736 3eac6800b9f246c6 2b6a4329b82979d0 1a89610797c69ce4 d1b8e3abc062473a f88bc10bd935c907 f0fc65ebfd2326d4 bd856e0e13152212 ec4aeb19c2b54996 bfd8706ab6112f19 c926512bdd475104 1ffc9a9bfd5dde79 b36f0d92b5713c44 12b88d49dfd50b05 dd32e97efc955ebe b2069b0232b527e4 928a32e910a1f711 d3755cfc4bf284b f774502fefbd1c68 5f1379bf3df0d1 3fd191d09fe8319 f9bb9f810d966948 ccd45a19fb71694c 856fec65fa1ab2fa 7b11c42d0d17336 cc42dc83ff2b8be6 f9463ee0d485765b 2556e992d1b2c8e8 d0de54cf80f75b22 d57cd17ef199c615 c34c8efdca2493af cb1beed2fad3bb10 ec6d8125942ae3cc de4f777c2098c050 1b6c7b60afba1022 c3e4f3ef296b664e ca04269e07d9fc85 b7940ca722346b6b cb9fd1b9e570a1fe ed4a9e83fb790096 9dad6c0115a3f857 fb149a55a4deab2a 2057abc1e94d3dba fef13611e85f38d8 8d3de402be0517c2 2752557dfa05d066 e265093ead958fc3 eb9aa786a6438b8e 20495bf5efa2ed41 9d387d0412ecfd03 b930889182ae6533 f251527488d3248a 9bc0218dd979e486 dc2849ba0f89cf79 985cf403d4f0aa1f ae6a8ea5ce799c2e de036ba7341d1591 90dbfb08a92d85f d90c748ef6605fab 2a7d753cb7784e55 c20b26b5b70fe035 ad703fe0338b34ec eb0383411b179b43 d2277b78d7edb51c 8b78ea08ad0ea9f6 c8264539ff97bb59 d7857075f67c6d4a a38b17401a4dc0b2 19e57c0be2fe5a7e ] wstrb=[7a c8 80 2c 8 fe 37 82 c6 b7 ae cf b6 e5 51 7c 9d 0 4b 53 e5 9d cf 82 9d 1b d5 82 b8 a5 5 55 c0 da d7 78 7f dc cd 3f b7 a4 b7 36 81 84 76 38 29 2d 6e aa b2 e4 e2 db 12 50 85 c4 35 67 9f 47 b7 24 b ec 8b aa 33 42 ce 3e 2f 59 e8 62 9b b6 a1 ca f 89 2d ab 40 ce 75 4f 57 a2 fa 97 70 70 ] bresp=0 bid=0
[15000] [SEQUENCER] READ mst_id=1 s_id=0 araddr=c06fb58 arid=1 arlen=1 arsize=3 arburst=1 rid=[] rresp=[] rdata=[]
[15000] [SEQUENCER] READ mst_id=1 s_id=0 araddr=c59710 arid=2 arlen=1 arsize=3 arburst=1 rid=[] rresp=[] rdata=[]
[15000] MASTER_DRIVER0 received transaction, op=AXI_READ
[15000] MASTER_DRIVER1 received transaction, op=AXI_WRITE
[35000] MASTER 1 AW_VALID_RDY Handshake
[35000] MASTER_DRIVER0 received transaction, op=AXI_READ
[45000] ARB MONITOR: slave=0 m0_req=0 m1_req=1 winner=1
[45000] ARB MONITOR: slave=0 m0_req=1 m1_req=0 winner=0
[45000] AXI S0_ARVALID_RDY HANDSHAKE
[45000] MEMORY READ MISS beat=0 addr=3eb96c0 -> default data id=0
[45000] AXI S0_AWVALID_RDY HANDSHAKE
[55000] MEMORY READ MISS beat=1 addr=3eb96c8 -> default data id=0
[55000] SLAVE 0 R_VALID_RDY Handshake beat=0 rlast=0
[55000] MASTER 1 W_VALID_RDY Handshake beat=0 wlast=0
[65000] MASTER 1 W_VALID_RDY Handshake beat=1 wlast=0
[65000] SLAVE 0 R_VALID_RDY Handshake beat=1 rlast=1
[65000] [SLAVE MONITOR] READ mst_id=0 s_id=0 araddr=3eb96c0 arid=0 arlen=1 arsize=3 arburst=1 rid=[00] rresp=[00] rdata=[baadf00d12345678baadf00d12345678]
[65000] AXI S0_WVALID_RDY HANDSHAKE
[65000] S0 MEMORY WRITE beat=0 addr=02cbf8b0 data=c76355b1c067cef5 id=1f
[75000] AXI S0_WVALID_RDY HANDSHAKE
[75000] S0 MEMORY WRITE beat=1 addr=02cbf8b1 data=f20e2154fd5d58c7 id=1f
[75000] AXI S0_ARVALID_RDY HANDSHAKE
[75000] MEMORY READ MISS beat=0 addr=97c4510 -> default data id=1
[75000] ARB MONITOR: slave=0 m0_req=1 m1_req=0 winner=0
[75000] MASTER 1 W_VALID_RDY Handshake beat=2 wlast=0
[75000] MASTER 0 R_VALID_RDY Handshake beat=0 rlast=0
[85000] [MASTER DRIVER] READ mst_id=0 s_id=0 araddr=3eb96c0 arid=0 arlen=1 arsize=3 arburst=1 rid=[00] rresp=[00] rdata=[baadf00d12345678baadf00d12345678]
[85000] MASTER 0 R_VALID_RDY Handshake beat=1 rlast=1
[85000] [MASTER MONITOR] READ mst_id=0 s_id=0 araddr=3eb96c0 arid=0 arlen=1 arsize=3 arburst=1 rid=[00] rresp=[00] rdata=[baadf00d12345678baadf00d12345678]
[85000] MASTER 1 W_VALID_RDY Handshake beat=3 wlast=0
[85000] SLAVE 0 R_VALID_RDY Handshake beat=0 rlast=0
[85000] MEMORY READ MISS beat=1 addr=97c4518 -> default data id=1
[85000] AXI S0_WVALID_RDY HANDSHAKE
[85000] S0 MEMORY WRITE beat=2 addr=02cbf8b2 data=a0672f62155bda37 id=1f
[85000] SCOREBOARD MATCH: decode_err expected = 0, actual =0
[85000] SCOREBOARD MATCH: slave_id expected = 0, actual =0
[85000] SCOREBOARD MATCH: araddr passthrough expected = 3eb96c0, actual =3eb96c0
[85000] SCOREBOARD MATCH: arlen passthrough expected = 1, actual =1
[85000] SCOREBOARD MATCH: arsize passthrough expected = 3, actual =3
[85000] SCOREBOARD MATCH: arburst passthrough expected = 1, actual =1
[85000] SCOREBOARD MATCH: rdata size check expected = 2, actual =2
[85000] SCOREBOARD MATCH: rdata passthrough beat=0 expected = baadf00d12345678, actual =baadf00d12345678
[85000] SCOREBOARD MATCH: rdata passthrough beat=1 expected = baadf00d12345678, actual =baadf00d12345678
[85000] SCOREBOARD MATCH: rresp size check expected = 2, actual =2
[85000] SCOREBOARD MATCH: rresp passthrough beat=0 expected = 0, actual =0
[85000] SCOREBOARD MATCH: rresp passthrough beat=1 expected = 0, actual =0
[85000] SCOREBOARD MATCH: response routed to correct master (read beat 0) expected = 0, actual =0
[85000] SCOREBOARD MATCH: response routed to correct master (read beat 1) expected = 0, actual =0
[85000] [SCOREBOARD-M] READ mst_id=0 s_id=0 araddr=3eb96c0 arid=0 arlen=1 arsize=3 arburst=1 rid=[00] rresp=[00] rdata=[baadf00d12345678baadf00d12345678]
[85000] [SCOREBOARD-S] READ mst_id=0 s_id=0 araddr=3eb96c0 arid=0 arlen=1 arsize=3 arburst=1 rid=[00] rresp=[00] rdata=[baadf00d12345678baadf00d12345678]
[85000] SCOREBOARD: Transaction 1 received. pass=14 fail=0
[85000] ALL PASS. Total transactions: 1
[95000] AXI S0_WVALID_RDY HANDSHAKE
[95000] S0 MEMORY WRITE beat=3 addr=02cbf8b3 data=d5c3a92c35936ba7 id=1f
[95000] SLAVE 0 R_VALID_RDY Handshake beat=1 rlast=1
[95000] [SLAVE MONITOR] READ mst_id=0 s_id=0 araddr=97c4510 arid=1 arlen=1 arsize=3 arburst=1 rid=[11] rresp=[00] rdata=[baadf00d12345678baadf00d12345678]
[95000] MASTER 1 W_VALID_RDY Handshake beat=4 wlast=0
[105000] MASTER 0 R_VALID_RDY Handshake beat=0 rlast=0
[105000] MASTER 1 W_VALID_RDY Handshake beat=5 wlast=0
[105000] AXI S0_WVALID_RDY HANDSHAKE
[105000] S0 MEMORY WRITE beat=4 addr=02cbf8b4 data=b2f0c46ee7ca8513 id=1f
[115000] AXI S0_WVALID_RDY HANDSHAKE
[115000] S0 MEMORY WRITE beat=5 addr=02cbf8b5 data=fd265f4ac7d1ca80 id=1f
[115000] MASTER 1 W_VALID_RDY Handshake beat=6 wlast=0
[115000] MASTER 0 R_VALID_RDY Handshake beat=1 rlast=1
[115000] [MASTER MONITOR] READ mst_id=0 s_id=0 araddr=97c4510 arid=1 arlen=1 arsize=3 arburst=1 rid=[11] rresp=[00] rdata=[baadf00d12345678baadf00d12345678]
[115000] [MASTER DRIVER] READ mst_id=0 s_id=0 araddr=97c4510 arid=1 arlen=1 arsize=3 arburst=1 rid=[11] rresp=[00] rdata=[baadf00d12345678baadf00d12345678]
[115000] SCOREBOARD MATCH: decode_err expected = 0, actual =0
[115000] SCOREBOARD MATCH: slave_id expected = 0, actual =0
[115000] SCOREBOARD MATCH: araddr passthrough expected = 97c4510, actual =97c4510
[115000] SCOREBOARD MATCH: arlen passthrough expected = 1, actual =1
[115000] SCOREBOARD MATCH: arsize passthrough expected = 3, actual =3
[115000] SCOREBOARD MATCH: arburst passthrough expected = 1, actual =1
[115000] SCOREBOARD MATCH: rdata size check expected = 2, actual =2
[115000] SCOREBOARD MATCH: rdata passthrough beat=0 expected = baadf00d12345678, actual =baadf00d12345678
[115000] SCOREBOARD MATCH: rdata passthrough beat=1 expected = baadf00d12345678, actual =baadf00d12345678
[115000] SCOREBOARD MATCH: rresp size check expected = 2, actual =2
[115000] SCOREBOARD MATCH: rresp passthrough beat=0 expected = 0, actual =0
[115000] SCOREBOARD MATCH: rresp passthrough beat=1 expected = 0, actual =0
[115000] SCOREBOARD MATCH: response routed to correct master (read beat 0) expected = 0, actual =0
[115000] SCOREBOARD MATCH: response routed to correct master (read beat 1) expected = 0, actual =0
[115000] [SCOREBOARD-M] READ mst_id=0 s_id=0 araddr=97c4510 arid=1 arlen=1 arsize=3 arburst=1 rid=[11] rresp=[00] rdata=[baadf00d12345678baadf00d12345678]
[115000] [SCOREBOARD-S] READ mst_id=0 s_id=0 araddr=97c4510 arid=1 arlen=1 arsize=3 arburst=1 rid=[11] rresp=[00] rdata=[baadf00d12345678baadf00d12345678]
[115000] SCOREBOARD: Transaction 2 received. pass=28 fail=0
[115000] ALL PASS. Total transactions: 2
[125000] MASTER 1 W_VALID_RDY Handshake beat=7 wlast=0
[125000] AXI S0_WVALID_RDY HANDSHAKE
[125000] S0 MEMORY WRITE beat=6 addr=02cbf8b6 data=fd653627d357f3d1 id=1f
[135000] AXI S0_WVALID_RDY HANDSHAKE
[135000] S0 MEMORY WRITE beat=7 addr=02cbf8b7 data=bb2278e4d2ea0876 id=1f
[135000] MASTER 1 W_VALID_RDY Handshake beat=8 wlast=0
[145000] MASTER 1 W_VALID_RDY Handshake beat=9 wlast=0
[145000] AXI S0_WVALID_RDY HANDSHAKE
[145000] S0 MEMORY WRITE beat=8 addr=02cbf8b8 data=9abbd2f6b055fa95 id=1f
[155000] AXI S0_WVALID_RDY HANDSHAKE
[155000] S0 MEMORY WRITE beat=9 addr=02cbf8b9 data=83adee663848d82f id=1f
[155000] MASTER 1 W_VALID_RDY Handshake beat=10 wlast=0
[165000] MASTER 1 W_VALID_RDY Handshake beat=11 wlast=0
[165000] AXI S0_WVALID_RDY HANDSHAKE
[165000] S0 MEMORY WRITE beat=10 addr=02cbf8ba data=8b32e0a59821091d id=1f
[175000] AXI S0_WVALID_RDY HANDSHAKE
[175000] S0 MEMORY WRITE beat=11 addr=02cbf8bb data=c87703b33ed0674b id=1f
[175000] MASTER 1 W_VALID_RDY Handshake beat=12 wlast=0
[185000] MASTER 1 W_VALID_RDY Handshake beat=13 wlast=0
[185000] AXI S0_WVALID_RDY HANDSHAKE
[185000] S0 MEMORY WRITE beat=12 addr=02cbf8bc data=f7193f7a25eeb39c id=1f
[195000] AXI S0_WVALID_RDY HANDSHAKE
[195000] S0 MEMORY WRITE beat=13 addr=02cbf8bd data=be0fbcb9cc24f219 id=1f
[195000] MASTER 1 W_VALID_RDY Handshake beat=14 wlast=0
[205000] MASTER 1 W_VALID_RDY Handshake beat=15 wlast=0
[205000] AXI S0_WVALID_RDY HANDSHAKE
[205000] S0 MEMORY WRITE beat=14 addr=02cbf8be data=8af55964824c201f id=1f
[215000] AXI S0_WVALID_RDY HANDSHAKE
[215000] S0 MEMORY WRITE beat=15 addr=02cbf8bf data=a83ad3bb8686c06c id=1f
[215000] MASTER 1 W_VALID_RDY Handshake beat=16 wlast=0
[225000] MASTER 1 W_VALID_RDY Handshake beat=17 wlast=0
[225000] AXI S0_WVALID_RDY HANDSHAKE
[225000] S0 MEMORY WRITE beat=16 addr=02cbf8c0 data=d2abb286820e98de id=1f
[235000] AXI S0_WVALID_RDY HANDSHAKE
[235000] S0 MEMORY WRITE beat=17 addr=02cbf8c1 data=045ab8fee64a9075 id=1f
[235000] MASTER 1 W_VALID_RDY Handshake beat=18 wlast=0
[245000] MASTER 1 W_VALID_RDY Handshake beat=19 wlast=0
[245000] AXI S0_WVALID_RDY HANDSHAKE
[245000] S0 MEMORY WRITE beat=18 addr=02cbf8c2 data=ecd150e1dda10bea id=1f
[255000] AXI S0_WVALID_RDY HANDSHAKE
[255000] S0 MEMORY WRITE beat=19 addr=02cbf8c3 data=dfafa4c9ac958cb9 id=1f
[255000] MASTER 1 W_VALID_RDY Handshake beat=20 wlast=0
[265000] MASTER 1 W_VALID_RDY Handshake beat=21 wlast=0
[265000] AXI S0_WVALID_RDY HANDSHAKE
[265000] S0 MEMORY WRITE beat=20 addr=02cbf8c4 data=92e01d2ebf7d0367 id=1f
[275000] AXI S0_WVALID_RDY HANDSHAKE
[275000] S0 MEMORY WRITE beat=21 addr=02cbf8c5 data=1d1e0f52e40a5dc7 id=1f
[275000] MASTER 1 W_VALID_RDY Handshake beat=22 wlast=0
[285000] MASTER 1 W_VALID_RDY Handshake beat=23 wlast=0
[285000] AXI S0_WVALID_RDY HANDSHAKE
[285000] S0 MEMORY WRITE beat=22 addr=02cbf8c6 data=909fea80ffb16e10 id=1f
[295000] AXI S0_WVALID_RDY HANDSHAKE
[295000] S0 MEMORY WRITE beat=23 addr=02cbf8c7 data=bf2e7177fccdb41b id=1f
[295000] MASTER 1 W_VALID_RDY Handshake beat=24 wlast=0
[305000] MASTER 1 W_VALID_RDY Handshake beat=25 wlast=0
[305000] AXI S0_WVALID_RDY HANDSHAKE
[305000] S0 MEMORY WRITE beat=24 addr=02cbf8c8 data=e0d811e2238007af id=1f
[315000] AXI S0_WVALID_RDY HANDSHAKE
[315000] S0 MEMORY WRITE beat=25 addr=02cbf8c9 data=233175bfdc4c80c9 id=1f
[315000] MASTER 1 W_VALID_RDY Handshake beat=26 wlast=0
[325000] MASTER 1 W_VALID_RDY Handshake beat=27 wlast=0
[325000] AXI S0_WVALID_RDY HANDSHAKE
[325000] S0 MEMORY WRITE beat=26 addr=02cbf8ca data=d91a34e4f177fc62 id=1f
[335000] AXI S0_WVALID_RDY HANDSHAKE
[335000] S0 MEMORY WRITE beat=27 addr=02cbf8cb data=94f80411e25fe736 id=1f
[335000] MASTER 1 W_VALID_RDY Handshake beat=28 wlast=0
[345000] MASTER 1 W_VALID_RDY Handshake beat=29 wlast=0
[345000] AXI S0_WVALID_RDY HANDSHAKE
[345000] S0 MEMORY WRITE beat=28 addr=02cbf8cc data=3eac6800b9f246c6 id=1f
[355000] AXI S0_WVALID_RDY HANDSHAKE
[355000] S0 MEMORY WRITE beat=29 addr=02cbf8cd data=2b6a4329b82979d0 id=1f
[355000] MASTER 1 W_VALID_RDY Handshake beat=30 wlast=0
[365000] MASTER 1 W_VALID_RDY Handshake beat=31 wlast=0
[365000] AXI S0_WVALID_RDY HANDSHAKE
[365000] S0 MEMORY WRITE beat=30 addr=02cbf8ce data=1a89610797c69ce4 id=1f
[375000] AXI S0_WVALID_RDY HANDSHAKE
[375000] S0 MEMORY WRITE beat=31 addr=02cbf8cf data=d1b8e3abc062473a id=1f
[375000] MASTER 1 W_VALID_RDY Handshake beat=32 wlast=0
[385000] MASTER 1 W_VALID_RDY Handshake beat=33 wlast=0
[385000] AXI S0_WVALID_RDY HANDSHAKE
[385000] S0 MEMORY WRITE beat=32 addr=02cbf8d0 data=f88bc10bd935c907 id=1f
[395000] AXI S0_WVALID_RDY HANDSHAKE
[395000] S0 MEMORY WRITE beat=33 addr=02cbf8d1 data=f0fc65ebfd2326d4 id=1f
[395000] MASTER 1 W_VALID_RDY Handshake beat=34 wlast=0
[405000] MASTER 1 W_VALID_RDY Handshake beat=35 wlast=0
[405000] AXI S0_WVALID_RDY HANDSHAKE
[405000] S0 MEMORY WRITE beat=34 addr=02cbf8d2 data=bd856e0e13152212 id=1f
[415000] AXI S0_WVALID_RDY HANDSHAKE
[415000] S0 MEMORY WRITE beat=35 addr=02cbf8d3 data=ec4aeb19c2b54996 id=1f
[415000] MASTER 1 W_VALID_RDY Handshake beat=36 wlast=0
[425000] MASTER 1 W_VALID_RDY Handshake beat=37 wlast=0
[425000] AXI S0_WVALID_RDY HANDSHAKE
[425000] S0 MEMORY WRITE beat=36 addr=02cbf8d4 data=bfd8706ab6112f19 id=1f
[435000] AXI S0_WVALID_RDY HANDSHAKE
[435000] S0 MEMORY WRITE beat=37 addr=02cbf8d5 data=c926512bdd475104 id=1f
[435000] MASTER 1 W_VALID_RDY Handshake beat=38 wlast=0
[445000] MASTER 1 W_VALID_RDY Handshake beat=39 wlast=0
[445000] AXI S0_WVALID_RDY HANDSHAKE
[445000] S0 MEMORY WRITE beat=38 addr=02cbf8d6 data=1ffc9a9bfd5dde79 id=1f
[455000] AXI S0_WVALID_RDY HANDSHAKE
[455000] S0 MEMORY WRITE beat=39 addr=02cbf8d7 data=b36f0d92b5713c44 id=1f
[455000] MASTER 1 W_VALID_RDY Handshake beat=40 wlast=0
[465000] MASTER 1 W_VALID_RDY Handshake beat=41 wlast=0
[465000] AXI S0_WVALID_RDY HANDSHAKE
[465000] S0 MEMORY WRITE beat=40 addr=02cbf8d8 data=12b88d49dfd50b05 id=1f
[475000] AXI S0_WVALID_RDY HANDSHAKE
[475000] S0 MEMORY WRITE beat=41 addr=02cbf8d9 data=dd32e97efc955ebe id=1f
[475000] MASTER 1 W_VALID_RDY Handshake beat=42 wlast=0
[485000] MASTER 1 W_VALID_RDY Handshake beat=43 wlast=0
[485000] AXI S0_WVALID_RDY HANDSHAKE
[485000] S0 MEMORY WRITE beat=42 addr=02cbf8da data=b2069b0232b527e4 id=1f
[495000] AXI S0_WVALID_RDY HANDSHAKE
[495000] S0 MEMORY WRITE beat=43 addr=02cbf8db data=928a32e910a1f711 id=1f
[495000] MASTER 1 W_VALID_RDY Handshake beat=44 wlast=0
[505000] MASTER 1 W_VALID_RDY Handshake beat=45 wlast=0
[505000] AXI S0_WVALID_RDY HANDSHAKE
[505000] S0 MEMORY WRITE beat=44 addr=02cbf8dc data=0d3755cfc4bf284b id=1f
[515000] AXI S0_WVALID_RDY HANDSHAKE
[515000] S0 MEMORY WRITE beat=45 addr=02cbf8dd data=f774502fefbd1c68 id=1f
[515000] MASTER 1 W_VALID_RDY Handshake beat=46 wlast=0
[525000] MASTER 1 W_VALID_RDY Handshake beat=47 wlast=0
[525000] AXI S0_WVALID_RDY HANDSHAKE
[525000] S0 MEMORY WRITE beat=46 addr=02cbf8de data=005f1379bf3df0d1 id=1f
[535000] AXI S0_WVALID_RDY HANDSHAKE
[535000] S0 MEMORY WRITE beat=47 addr=02cbf8df data=03fd191d09fe8319 id=1f
[535000] MASTER 1 W_VALID_RDY Handshake beat=48 wlast=0
[545000] MASTER 1 W_VALID_RDY Handshake beat=49 wlast=0
[545000] AXI S0_WVALID_RDY HANDSHAKE
[545000] S0 MEMORY WRITE beat=48 addr=02cbf8e0 data=f9bb9f810d966948 id=1f
[555000] AXI S0_WVALID_RDY HANDSHAKE
[555000] S0 MEMORY WRITE beat=49 addr=02cbf8e1 data=ccd45a19fb71694c id=1f
[555000] MASTER 1 W_VALID_RDY Handshake beat=50 wlast=0
[565000] MASTER 1 W_VALID_RDY Handshake beat=51 wlast=0
[565000] AXI S0_WVALID_RDY HANDSHAKE
[565000] S0 MEMORY WRITE beat=50 addr=02cbf8e2 data=856fec65fa1ab2fa id=1f
[575000] AXI S0_WVALID_RDY HANDSHAKE
[575000] S0 MEMORY WRITE beat=51 addr=02cbf8e3 data=07b11c42d0d17336 id=1f
[575000] MASTER 1 W_VALID_RDY Handshake beat=52 wlast=0
[585000] MASTER 1 W_VALID_RDY Handshake beat=53 wlast=0
[585000] AXI S0_WVALID_RDY HANDSHAKE
[585000] S0 MEMORY WRITE beat=52 addr=02cbf8e4 data=cc42dc83ff2b8be6 id=1f
[595000] AXI S0_WVALID_RDY HANDSHAKE
[595000] S0 MEMORY WRITE beat=53 addr=02cbf8e5 data=f9463ee0d485765b id=1f
[595000] MASTER 1 W_VALID_RDY Handshake beat=54 wlast=0
[605000] MASTER 1 W_VALID_RDY Handshake beat=55 wlast=0
[605000] AXI S0_WVALID_RDY HANDSHAKE
[605000] S0 MEMORY WRITE beat=54 addr=02cbf8e6 data=2556e992d1b2c8e8 id=1f
[615000] AXI S0_WVALID_RDY HANDSHAKE
[615000] S0 MEMORY WRITE beat=55 addr=02cbf8e7 data=d0de54cf80f75b22 id=1f
[615000] MASTER 1 W_VALID_RDY Handshake beat=56 wlast=0
[625000] MASTER 1 W_VALID_RDY Handshake beat=57 wlast=0
[625000] AXI S0_WVALID_RDY HANDSHAKE
[625000] S0 MEMORY WRITE beat=56 addr=02cbf8e8 data=d57cd17ef199c615 id=1f
[635000] AXI S0_WVALID_RDY HANDSHAKE
[635000] S0 MEMORY WRITE beat=57 addr=02cbf8e9 data=c34c8efdca2493af id=1f
[635000] MASTER 1 W_VALID_RDY Handshake beat=58 wlast=0
[645000] MASTER 1 W_VALID_RDY Handshake beat=59 wlast=0
[645000] AXI S0_WVALID_RDY HANDSHAKE
[645000] S0 MEMORY WRITE beat=58 addr=02cbf8ea data=cb1beed2fad3bb10 id=1f
[655000] AXI S0_WVALID_RDY HANDSHAKE
[655000] S0 MEMORY WRITE beat=59 addr=02cbf8eb data=ec6d8125942ae3cc id=1f
[655000] MASTER 1 W_VALID_RDY Handshake beat=60 wlast=0
[665000] MASTER 1 W_VALID_RDY Handshake beat=61 wlast=0
[665000] AXI S0_WVALID_RDY HANDSHAKE
[665000] S0 MEMORY WRITE beat=60 addr=02cbf8ec data=de4f777c2098c050 id=1f
[675000] AXI S0_WVALID_RDY HANDSHAKE
[675000] S0 MEMORY WRITE beat=61 addr=02cbf8ed data=1b6c7b60afba1022 id=1f
[675000] MASTER 1 W_VALID_RDY Handshake beat=62 wlast=0
[685000] MASTER 1 W_VALID_RDY Handshake beat=63 wlast=0
[685000] AXI S0_WVALID_RDY HANDSHAKE
[685000] S0 MEMORY WRITE beat=62 addr=02cbf8ee data=c3e4f3ef296b664e id=1f
[695000] AXI S0_WVALID_RDY HANDSHAKE
[695000] S0 MEMORY WRITE beat=63 addr=02cbf8ef data=ca04269e07d9fc85 id=1f
[695000] MASTER 1 W_VALID_RDY Handshake beat=64 wlast=0
[705000] MASTER 1 W_VALID_RDY Handshake beat=65 wlast=0
[705000] AXI S0_WVALID_RDY HANDSHAKE
[705000] S0 MEMORY WRITE beat=64 addr=02cbf8f0 data=b7940ca722346b6b id=1f
[715000] AXI S0_WVALID_RDY HANDSHAKE
[715000] S0 MEMORY WRITE beat=65 addr=02cbf8f1 data=cb9fd1b9e570a1fe id=1f
[715000] MASTER 1 W_VALID_RDY Handshake beat=66 wlast=0
[725000] MASTER 1 W_VALID_RDY Handshake beat=67 wlast=0
[725000] AXI S0_WVALID_RDY HANDSHAKE
[725000] S0 MEMORY WRITE beat=66 addr=02cbf8f2 data=ed4a9e83fb790096 id=1f
[735000] AXI S0_WVALID_RDY HANDSHAKE
[735000] S0 MEMORY WRITE beat=67 addr=02cbf8f3 data=9dad6c0115a3f857 id=1f
[735000] MASTER 1 W_VALID_RDY Handshake beat=68 wlast=0
[745000] MASTER 1 W_VALID_RDY Handshake beat=69 wlast=0
[745000] AXI S0_WVALID_RDY HANDSHAKE
[745000] S0 MEMORY WRITE beat=68 addr=02cbf8f4 data=fb149a55a4deab2a id=1f
[755000] AXI S0_WVALID_RDY HANDSHAKE
[755000] S0 MEMORY WRITE beat=69 addr=02cbf8f5 data=2057abc1e94d3dba id=1f
[755000] MASTER 1 W_VALID_RDY Handshake beat=70 wlast=0
[765000] MASTER 1 W_VALID_RDY Handshake beat=71 wlast=0
[765000] AXI S0_WVALID_RDY HANDSHAKE
[765000] S0 MEMORY WRITE beat=70 addr=02cbf8f6 data=fef13611e85f38d8 id=1f
[775000] AXI S0_WVALID_RDY HANDSHAKE
[775000] S0 MEMORY WRITE beat=71 addr=02cbf8f7 data=8d3de402be0517c2 id=1f
[775000] MASTER 1 W_VALID_RDY Handshake beat=72 wlast=0
[785000] MASTER 1 W_VALID_RDY Handshake beat=73 wlast=0
[785000] AXI S0_WVALID_RDY HANDSHAKE
[785000] S0 MEMORY WRITE beat=72 addr=02cbf8f8 data=2752557dfa05d066 id=1f
[795000] AXI S0_WVALID_RDY HANDSHAKE
[795000] S0 MEMORY WRITE beat=73 addr=02cbf8f9 data=e265093ead958fc3 id=1f
[795000] MASTER 1 W_VALID_RDY Handshake beat=74 wlast=0
[805000] MASTER 1 W_VALID_RDY Handshake beat=75 wlast=0
[805000] AXI S0_WVALID_RDY HANDSHAKE
[805000] S0 MEMORY WRITE beat=74 addr=02cbf8fa data=eb9aa786a6438b8e id=1f
[815000] AXI S0_WVALID_RDY HANDSHAKE
[815000] S0 MEMORY WRITE beat=75 addr=02cbf8fb data=20495bf5efa2ed41 id=1f
[815000] MASTER 1 W_VALID_RDY Handshake beat=76 wlast=0
[825000] MASTER 1 W_VALID_RDY Handshake beat=77 wlast=0
[825000] AXI S0_WVALID_RDY HANDSHAKE
[825000] S0 MEMORY WRITE beat=76 addr=02cbf8fc data=9d387d0412ecfd03 id=1f
[835000] AXI S0_WVALID_RDY HANDSHAKE
[835000] S0 MEMORY WRITE beat=77 addr=02cbf8fd data=b930889182ae6533 id=1f
[835000] MASTER 1 W_VALID_RDY Handshake beat=78 wlast=0
[845000] MASTER 1 W_VALID_RDY Handshake beat=79 wlast=0
[845000] AXI S0_WVALID_RDY HANDSHAKE
[845000] S0 MEMORY WRITE beat=78 addr=02cbf8fe data=f251527488d3248a id=1f
[855000] AXI S0_WVALID_RDY HANDSHAKE
[855000] S0 MEMORY WRITE beat=79 addr=02cbf8ff data=9bc0218dd979e486 id=1f
[855000] MASTER 1 W_VALID_RDY Handshake beat=80 wlast=0
[865000] MASTER 1 W_VALID_RDY Handshake beat=81 wlast=0
[865000] AXI S0_WVALID_RDY HANDSHAKE
[865000] S0 MEMORY WRITE beat=80 addr=02cbf900 data=dc2849ba0f89cf79 id=1f
[875000] AXI S0_WVALID_RDY HANDSHAKE
[875000] S0 MEMORY WRITE beat=81 addr=02cbf901 data=985cf403d4f0aa1f id=1f
[875000] MASTER 1 W_VALID_RDY Handshake beat=82 wlast=0
[885000] MASTER 1 W_VALID_RDY Handshake beat=83 wlast=0
[885000] AXI S0_WVALID_RDY HANDSHAKE
[885000] S0 MEMORY WRITE beat=82 addr=02cbf902 data=ae6a8ea5ce799c2e id=1f
[895000] AXI S0_WVALID_RDY HANDSHAKE
[895000] S0 MEMORY WRITE beat=83 addr=02cbf903 data=de036ba7341d1591 id=1f
[895000] MASTER 1 W_VALID_RDY Handshake beat=84 wlast=0
[905000] MASTER 1 W_VALID_RDY Handshake beat=85 wlast=0
[905000] AXI S0_WVALID_RDY HANDSHAKE
[905000] S0 MEMORY WRITE beat=84 addr=02cbf904 data=090dbfb08a92d85f id=1f
[915000] AXI S0_WVALID_RDY HANDSHAKE
[915000] S0 MEMORY WRITE beat=85 addr=02cbf905 data=d90c748ef6605fab id=1f
[915000] MASTER 1 W_VALID_RDY Handshake beat=86 wlast=0
[925000] MASTER 1 W_VALID_RDY Handshake beat=87 wlast=0
[925000] AXI S0_WVALID_RDY HANDSHAKE
[925000] S0 MEMORY WRITE beat=86 addr=02cbf906 data=2a7d753cb7784e55 id=1f
[935000] AXI S0_WVALID_RDY HANDSHAKE
[935000] S0 MEMORY WRITE beat=87 addr=02cbf907 data=c20b26b5b70fe035 id=1f
[935000] MASTER 1 W_VALID_RDY Handshake beat=88 wlast=0
[945000] MASTER 1 W_VALID_RDY Handshake beat=89 wlast=0
[945000] AXI S0_WVALID_RDY HANDSHAKE
[945000] S0 MEMORY WRITE beat=88 addr=02cbf908 data=ad703fe0338b34ec id=1f
[955000] AXI S0_WVALID_RDY HANDSHAKE
[955000] S0 MEMORY WRITE beat=89 addr=02cbf909 data=eb0383411b179b43 id=1f
[955000] MASTER 1 W_VALID_RDY Handshake beat=90 wlast=0
[965000] MASTER 1 W_VALID_RDY Handshake beat=91 wlast=0
[965000] AXI S0_WVALID_RDY HANDSHAKE
[965000] S0 MEMORY WRITE beat=90 addr=02cbf90a data=d2277b78d7edb51c id=1f
[975000] AXI S0_WVALID_RDY HANDSHAKE
[975000] S0 MEMORY WRITE beat=91 addr=02cbf90b data=8b78ea08ad0ea9f6 id=1f
[975000] MASTER 1 W_VALID_RDY Handshake beat=92 wlast=0
[985000] MASTER 1 W_VALID_RDY Handshake beat=93 wlast=0
[985000] AXI S0_WVALID_RDY HANDSHAKE
[985000] S0 MEMORY WRITE beat=92 addr=02cbf90c data=c8264539ff97bb59 id=1f
[995000] AXI S0_WVALID_RDY HANDSHAKE
[995000] S0 MEMORY WRITE beat=93 addr=02cbf90d data=d7857075f67c6d4a id=1f
[995000] MASTER 1 W_VALID_RDY Handshake beat=94 wlast=0
[1005000] MASTER_DRIVER1 received transaction, op=AXI_READ
[1005000] MASTER 1 W_VALID_RDY Handshake beat=95 wlast=1
[1005000] AXI S0_WVALID_RDY HANDSHAKE
[1005000] S0 MEMORY WRITE beat=94 addr=02cbf90e data=a38b17401a4dc0b2 id=1f
[1015000] AXI S0_WVALID_RDY HANDSHAKE
[1015000] S0 MEMORY WRITE beat=95 addr=02cbf90f data=19e57c0be2fe5a7e id=1f
[1025000] MASTER_DRIVER1 received transaction, op=AXI_READ
[1025000] SLAVE0 sent B resp, id=15
[1035000] AXI S0_ARVALID_RDY HANDSHAKE
[1035000] MEMORY READ MISS beat=0 addr=c06fb58 -> default data id=17
[1035000] [SLAVE MONITOR] mst_id=1 s_id=0 awaddr=2cbf8b0 awid=1111 awlen=95 awsize=0 awburst=1 wdata=[c76355b1c067cef5 f20e2154fd5d58c7 a0672f62155bda37 d5c3a92c35936ba7 b2f0c46ee7ca8513 fd265f4ac7d1ca80 fd653627d357f3d1 bb2278e4d2ea0876 9abbd2f6b055fa95 83adee663848d82f 8b32e0a59821091d c87703b33ed0674b f7193f7a25eeb39c be0fbcb9cc24f219 8af55964824c201f a83ad3bb8686c06c d2abb286820e98de 45ab8fee64a9075 ecd150e1dda10bea dfafa4c9ac958cb9 92e01d2ebf7d0367 1d1e0f52e40a5dc7 909fea80ffb16e10 bf2e7177fccdb41b e0d811e2238007af 233175bfdc4c80c9 d91a34e4f177fc62 94f80411e25fe736 3eac6800b9f246c6 2b6a4329b82979d0 1a89610797c69ce4 d1b8e3abc062473a f88bc10bd935c907 f0fc65ebfd2326d4 bd856e0e13152212 ec4aeb19c2b54996 bfd8706ab6112f19 c926512bdd475104 1ffc9a9bfd5dde79 b36f0d92b5713c44 12b88d49dfd50b05 dd32e97efc955ebe b2069b0232b527e4 928a32e910a1f711 d3755cfc4bf284b f774502fefbd1c68 5f1379bf3df0d1 3fd191d09fe8319 f9bb9f810d966948 ccd45a19fb71694c 856fec65fa1ab2fa 7b11c42d0d17336 cc42dc83ff2b8be6 f9463ee0d485765b 2556e992d1b2c8e8 d0de54cf80f75b22 d57cd17ef199c615 c34c8efdca2493af cb1beed2fad3bb10 ec6d8125942ae3cc de4f777c2098c050 1b6c7b60afba1022 c3e4f3ef296b664e ca04269e07d9fc85 b7940ca722346b6b cb9fd1b9e570a1fe ed4a9e83fb790096 9dad6c0115a3f857 fb149a55a4deab2a 2057abc1e94d3dba fef13611e85f38d8 8d3de402be0517c2 2752557dfa05d066 e265093ead958fc3 eb9aa786a6438b8e 20495bf5efa2ed41 9d387d0412ecfd03 b930889182ae6533 f251527488d3248a 9bc0218dd979e486 dc2849ba0f89cf79 985cf403d4f0aa1f ae6a8ea5ce799c2e de036ba7341d1591 90dbfb08a92d85f d90c748ef6605fab 2a7d753cb7784e55 c20b26b5b70fe035 ad703fe0338b34ec eb0383411b179b43 d2277b78d7edb51c 8b78ea08ad0ea9f6 c8264539ff97bb59 d7857075f67c6d4a a38b17401a4dc0b2 19e57c0be2fe5a7e ] wstrb=[7a c8 80 2c 8 fe 37 82 c6 b7 ae cf b6 e5 51 7c 9d 0 4b 53 e5 9d cf 82 9d 1b d5 82 b8 a5 5 55 c0 da d7 78 7f dc cd 3f b7 a4 b7 36 81 84 76 38 29 2d 6e aa b2 e4 e2 db 12 50 85 c4 35 67 9f 47 b7 24 b ec 8b aa 33 42 ce 3e 2f 59 e8 62 9b b6 a1 ca f 89 2d ab 40 ce 75 4f 57 a2 fa 97 70 70 ] bresp=0 bid=11111
[1035000] ARB MONITOR: slave=0 m0_req=0 m1_req=1 winner=1
[1045000] MASTER 1 RECEIVED BRESP. BRESP=0
[1045000] [MASTER DRIVER] mst_id=1 s_id=0 awaddr=2cbf8b0 awid=1111 awlen=95 awsize=0 awburst=1 wdata=[c76355b1c067cef5 f20e2154fd5d58c7 a0672f62155bda37 d5c3a92c35936ba7 b2f0c46ee7ca8513 fd265f4ac7d1ca80 fd653627d357f3d1 bb2278e4d2ea0876 9abbd2f6b055fa95 83adee663848d82f 8b32e0a59821091d c87703b33ed0674b f7193f7a25eeb39c be0fbcb9cc24f219 8af55964824c201f a83ad3bb8686c06c d2abb286820e98de 45ab8fee64a9075 ecd150e1dda10bea dfafa4c9ac958cb9 92e01d2ebf7d0367 1d1e0f52e40a5dc7 909fea80ffb16e10 bf2e7177fccdb41b e0d811e2238007af 233175bfdc4c80c9 d91a34e4f177fc62 94f80411e25fe736 3eac6800b9f246c6 2b6a4329b82979d0 1a89610797c69ce4 d1b8e3abc062473a f88bc10bd935c907 f0fc65ebfd2326d4 bd856e0e13152212 ec4aeb19c2b54996 bfd8706ab6112f19 c926512bdd475104 1ffc9a9bfd5dde79 b36f0d92b5713c44 12b88d49dfd50b05 dd32e97efc955ebe b2069b0232b527e4 928a32e910a1f711 d3755cfc4bf284b f774502fefbd1c68 5f1379bf3df0d1 3fd191d09fe8319 f9bb9f810d966948 ccd45a19fb71694c 856fec65fa1ab2fa 7b11c42d0d17336 cc42dc83ff2b8be6 f9463ee0d485765b 2556e992d1b2c8e8 d0de54cf80f75b22 d57cd17ef199c615 c34c8efdca2493af cb1beed2fad3bb10 ec6d8125942ae3cc de4f777c2098c050 1b6c7b60afba1022 c3e4f3ef296b664e ca04269e07d9fc85 b7940ca722346b6b cb9fd1b9e570a1fe ed4a9e83fb790096 9dad6c0115a3f857 fb149a55a4deab2a 2057abc1e94d3dba fef13611e85f38d8 8d3de402be0517c2 2752557dfa05d066 e265093ead958fc3 eb9aa786a6438b8e 20495bf5efa2ed41 9d387d0412ecfd03 b930889182ae6533 f251527488d3248a 9bc0218dd979e486 dc2849ba0f89cf79 985cf403d4f0aa1f ae6a8ea5ce799c2e de036ba7341d1591 90dbfb08a92d85f d90c748ef6605fab 2a7d753cb7784e55 c20b26b5b70fe035 ad703fe0338b34ec eb0383411b179b43 d2277b78d7edb51c 8b78ea08ad0ea9f6 c8264539ff97bb59 d7857075f67c6d4a a38b17401a4dc0b2 19e57c0be2fe5a7e ] wstrb=[7a c8 80 2c 8 fe 37 82 c6 b7 ae cf b6 e5 51 7c 9d 0 4b 53 e5 9d cf 82 9d 1b d5 82 b8 a5 5 55 c0 da d7 78 7f dc cd 3f b7 a4 b7 36 81 84 76 38 29 2d 6e aa b2 e4 e2 db 12 50 85 c4 35 67 9f 47 b7 24 b ec 8b aa 33 42 ce 3e 2f 59 e8 62 9b b6 a1 ca f 89 2d ab 40 ce 75 4f 57 a2 fa 97 70 70 ] bresp=0 bid=1111
[1045000] MASTER 1 B_VALID_RDY Handshake
[1045000] [MASTER MONITOR] mst_id=1 s_id=0 awaddr=2cbf8b0 awid=1111 awlen=95 awsize=0 awburst=1 wdata=[c76355b1c067cef5 f20e2154fd5d58c7 a0672f62155bda37 d5c3a92c35936ba7 b2f0c46ee7ca8513 fd265f4ac7d1ca80 fd653627d357f3d1 bb2278e4d2ea0876 9abbd2f6b055fa95 83adee663848d82f 8b32e0a59821091d c87703b33ed0674b f7193f7a25eeb39c be0fbcb9cc24f219 8af55964824c201f a83ad3bb8686c06c d2abb286820e98de 45ab8fee64a9075 ecd150e1dda10bea dfafa4c9ac958cb9 92e01d2ebf7d0367 1d1e0f52e40a5dc7 909fea80ffb16e10 bf2e7177fccdb41b e0d811e2238007af 233175bfdc4c80c9 d91a34e4f177fc62 94f80411e25fe736 3eac6800b9f246c6 2b6a4329b82979d0 1a89610797c69ce4 d1b8e3abc062473a f88bc10bd935c907 f0fc65ebfd2326d4 bd856e0e13152212 ec4aeb19c2b54996 bfd8706ab6112f19 c926512bdd475104 1ffc9a9bfd5dde79 b36f0d92b5713c44 12b88d49dfd50b05 dd32e97efc955ebe b2069b0232b527e4 928a32e910a1f711 d3755cfc4bf284b f774502fefbd1c68 5f1379bf3df0d1 3fd191d09fe8319 f9bb9f810d966948 ccd45a19fb71694c 856fec65fa1ab2fa 7b11c42d0d17336 cc42dc83ff2b8be6 f9463ee0d485765b 2556e992d1b2c8e8 d0de54cf80f75b22 d57cd17ef199c615 c34c8efdca2493af cb1beed2fad3bb10 ec6d8125942ae3cc de4f777c2098c050 1b6c7b60afba1022 c3e4f3ef296b664e ca04269e07d9fc85 b7940ca722346b6b cb9fd1b9e570a1fe ed4a9e83fb790096 9dad6c0115a3f857 fb149a55a4deab2a 2057abc1e94d3dba fef13611e85f38d8 8d3de402be0517c2 2752557dfa05d066 e265093ead958fc3 eb9aa786a6438b8e 20495bf5efa2ed41 9d387d0412ecfd03 b930889182ae6533 f251527488d3248a 9bc0218dd979e486 dc2849ba0f89cf79 985cf403d4f0aa1f ae6a8ea5ce799c2e de036ba7341d1591 90dbfb08a92d85f d90c748ef6605fab 2a7d753cb7784e55 c20b26b5b70fe035 ad703fe0338b34ec eb0383411b179b43 d2277b78d7edb51c 8b78ea08ad0ea9f6 c8264539ff97bb59 d7857075f67c6d4a a38b17401a4dc0b2 19e57c0be2fe5a7e ] wstrb=[7a c8 80 2c 8 fe 37 82 c6 b7 ae cf b6 e5 51 7c 9d 0 4b 53 e5 9d cf 82 9d 1b d5 82 b8 a5 5 55 c0 da d7 78 7f dc cd 3f b7 a4 b7 36 81 84 76 38 29 2d 6e aa b2 e4 e2 db 12 50 85 c4 35 67 9f 47 b7 24 b ec 8b aa 33 42 ce 3e 2f 59 e8 62 9b b6 a1 ca f 89 2d ab 40 ce 75 4f 57 a2 fa 97 70 70 ] bresp=0 bid=1111
[1045000] SLAVE 0 R_VALID_RDY Handshake beat=0 rlast=0
[1045000] MEMORY READ MISS beat=1 addr=c06fb60 -> default data id=17
[1045000] SCOREBOARD MATCH: decode_err expected = 0, actual =0
[1045000] SCOREBOARD MATCH: slave_id expected = 0, actual =0
[1045000] SCOREBOARD MATCH: awaddr passthrough expected = 2cbf8b0, actual =2cbf8b0
[1045000] SCOREBOARD MATCH: awlen passthrough expected = 95, actual =95
[1045000] SCOREBOARD MATCH: awsize passthrough expected = 0, actual =0
[1045000] SCOREBOARD MATCH: awburst passthrough expected = 1, actual =1
[1045000] SCOREBOARD MATCH: wdata size check expected = 60, actual =60
[1045000] SCOREBOARD MATCH: wdata passthrough beat=0 expected = c76355b1c067cef5, actual =c76355b1c067cef5
[1045000] SCOREBOARD MATCH: wdata passthrough beat=1 expected = f20e2154fd5d58c7, actual =f20e2154fd5d58c7
[1045000] SCOREBOARD MATCH: wdata passthrough beat=2 expected = a0672f62155bda37, actual =a0672f62155bda37
[1045000] SCOREBOARD MATCH: wdata passthrough beat=3 expected = d5c3a92c35936ba7, actual =d5c3a92c35936ba7
[1045000] SCOREBOARD MATCH: wdata passthrough beat=4 expected = b2f0c46ee7ca8513, actual =b2f0c46ee7ca8513
[1045000] SCOREBOARD MATCH: wdata passthrough beat=5 expected = fd265f4ac7d1ca80, actual =fd265f4ac7d1ca80
[1045000] SCOREBOARD MATCH: wdata passthrough beat=6 expected = fd653627d357f3d1, actual =fd653627d357f3d1
[1045000] SCOREBOARD MATCH: wdata passthrough beat=7 expected = bb2278e4d2ea0876, actual =bb2278e4d2ea0876
[1045000] SCOREBOARD MATCH: wdata passthrough beat=8 expected = 9abbd2f6b055fa95, actual =9abbd2f6b055fa95
[1045000] SCOREBOARD MATCH: wdata passthrough beat=9 expected = 83adee663848d82f, actual =83adee663848d82f
[1045000] SCOREBOARD MATCH: wdata passthrough beat=10 expected = 8b32e0a59821091d, actual =8b32e0a59821091d
[1045000] SCOREBOARD MATCH: wdata passthrough beat=11 expected = c87703b33ed0674b, actual =c87703b33ed0674b
[1045000] SCOREBOARD MATCH: wdata passthrough beat=12 expected = f7193f7a25eeb39c, actual =f7193f7a25eeb39c
[1045000] SCOREBOARD MATCH: wdata passthrough beat=13 expected = be0fbcb9cc24f219, actual =be0fbcb9cc24f219
[1045000] SCOREBOARD MATCH: wdata passthrough beat=14 expected = 8af55964824c201f, actual =8af55964824c201f
[1045000] SCOREBOARD MATCH: wdata passthrough beat=15 expected = a83ad3bb8686c06c, actual =a83ad3bb8686c06c
[1045000] SCOREBOARD MATCH: wdata passthrough beat=16 expected = d2abb286820e98de, actual =d2abb286820e98de
[1045000] SCOREBOARD MATCH: wdata passthrough beat=17 expected = 45ab8fee64a9075, actual =45ab8fee64a9075
[1045000] SCOREBOARD MATCH: wdata passthrough beat=18 expected = ecd150e1dda10bea, actual =ecd150e1dda10bea
[1045000] SCOREBOARD MATCH: wdata passthrough beat=19 expected = dfafa4c9ac958cb9, actual =dfafa4c9ac958cb9
[1045000] SCOREBOARD MATCH: wdata passthrough beat=20 expected = 92e01d2ebf7d0367, actual =92e01d2ebf7d0367
[1045000] SCOREBOARD MATCH: wdata passthrough beat=21 expected = 1d1e0f52e40a5dc7, actual =1d1e0f52e40a5dc7
[1045000] SCOREBOARD MATCH: wdata passthrough beat=22 expected = 909fea80ffb16e10, actual =909fea80ffb16e10
[1045000] SCOREBOARD MATCH: wdata passthrough beat=23 expected = bf2e7177fccdb41b, actual =bf2e7177fccdb41b
[1045000] SCOREBOARD MATCH: wdata passthrough beat=24 expected = e0d811e2238007af, actual =e0d811e2238007af
[1045000] SCOREBOARD MATCH: wdata passthrough beat=25 expected = 233175bfdc4c80c9, actual =233175bfdc4c80c9
[1045000] SCOREBOARD MATCH: wdata passthrough beat=26 expected = d91a34e4f177fc62, actual =d91a34e4f177fc62
[1045000] SCOREBOARD MATCH: wdata passthrough beat=27 expected = 94f80411e25fe736, actual =94f80411e25fe736
[1045000] SCOREBOARD MATCH: wdata passthrough beat=28 expected = 3eac6800b9f246c6, actual =3eac6800b9f246c6
[1045000] SCOREBOARD MATCH: wdata passthrough beat=29 expected = 2b6a4329b82979d0, actual =2b6a4329b82979d0
[1045000] SCOREBOARD MATCH: wdata passthrough beat=30 expected = 1a89610797c69ce4, actual =1a89610797c69ce4
[1045000] SCOREBOARD MATCH: wdata passthrough beat=31 expected = d1b8e3abc062473a, actual =d1b8e3abc062473a
[1045000] SCOREBOARD MATCH: wdata passthrough beat=32 expected = f88bc10bd935c907, actual =f88bc10bd935c907
[1045000] SCOREBOARD MATCH: wdata passthrough beat=33 expected = f0fc65ebfd2326d4, actual =f0fc65ebfd2326d4
[1045000] SCOREBOARD MATCH: wdata passthrough beat=34 expected = bd856e0e13152212, actual =bd856e0e13152212
[1045000] SCOREBOARD MATCH: wdata passthrough beat=35 expected = ec4aeb19c2b54996, actual =ec4aeb19c2b54996
[1045000] SCOREBOARD MATCH: wdata passthrough beat=36 expected = bfd8706ab6112f19, actual =bfd8706ab6112f19
[1045000] SCOREBOARD MATCH: wdata passthrough beat=37 expected = c926512bdd475104, actual =c926512bdd475104
[1045000] SCOREBOARD MATCH: wdata passthrough beat=38 expected = 1ffc9a9bfd5dde79, actual =1ffc9a9bfd5dde79
[1045000] SCOREBOARD MATCH: wdata passthrough beat=39 expected = b36f0d92b5713c44, actual =b36f0d92b5713c44
[1045000] SCOREBOARD MATCH: wdata passthrough beat=40 expected = 12b88d49dfd50b05, actual =12b88d49dfd50b05
[1045000] SCOREBOARD MATCH: wdata passthrough beat=41 expected = dd32e97efc955ebe, actual =dd32e97efc955ebe
[1045000] SCOREBOARD MATCH: wdata passthrough beat=42 expected = b2069b0232b527e4, actual =b2069b0232b527e4
[1045000] SCOREBOARD MATCH: wdata passthrough beat=43 expected = 928a32e910a1f711, actual =928a32e910a1f711
[1045000] SCOREBOARD MATCH: wdata passthrough beat=44 expected = d3755cfc4bf284b, actual =d3755cfc4bf284b
[1045000] SCOREBOARD MATCH: wdata passthrough beat=45 expected = f774502fefbd1c68, actual =f774502fefbd1c68
[1045000] SCOREBOARD MATCH: wdata passthrough beat=46 expected = 5f1379bf3df0d1, actual =5f1379bf3df0d1
[1045000] SCOREBOARD MATCH: wdata passthrough beat=47 expected = 3fd191d09fe8319, actual =3fd191d09fe8319
[1045000] SCOREBOARD MATCH: wdata passthrough beat=48 expected = f9bb9f810d966948, actual =f9bb9f810d966948
[1045000] SCOREBOARD MATCH: wdata passthrough beat=49 expected = ccd45a19fb71694c, actual =ccd45a19fb71694c
[1045000] SCOREBOARD MATCH: wdata passthrough beat=50 expected = 856fec65fa1ab2fa, actual =856fec65fa1ab2fa
[1045000] SCOREBOARD MATCH: wdata passthrough beat=51 expected = 7b11c42d0d17336, actual =7b11c42d0d17336
[1045000] SCOREBOARD MATCH: wdata passthrough beat=52 expected = cc42dc83ff2b8be6, actual =cc42dc83ff2b8be6
[1045000] SCOREBOARD MATCH: wdata passthrough beat=53 expected = f9463ee0d485765b, actual =f9463ee0d485765b
[1045000] SCOREBOARD MATCH: wdata passthrough beat=54 expected = 2556e992d1b2c8e8, actual =2556e992d1b2c8e8
[1045000] SCOREBOARD MATCH: wdata passthrough beat=55 expected = d0de54cf80f75b22, actual =d0de54cf80f75b22
[1045000] SCOREBOARD MATCH: wdata passthrough beat=56 expected = d57cd17ef199c615, actual =d57cd17ef199c615
[1045000] SCOREBOARD MATCH: wdata passthrough beat=57 expected = c34c8efdca2493af, actual =c34c8efdca2493af
[1045000] SCOREBOARD MATCH: wdata passthrough beat=58 expected = cb1beed2fad3bb10, actual =cb1beed2fad3bb10
[1045000] SCOREBOARD MATCH: wdata passthrough beat=59 expected = ec6d8125942ae3cc, actual =ec6d8125942ae3cc
[1045000] SCOREBOARD MATCH: wdata passthrough beat=60 expected = de4f777c2098c050, actual =de4f777c2098c050
[1045000] SCOREBOARD MATCH: wdata passthrough beat=61 expected = 1b6c7b60afba1022, actual =1b6c7b60afba1022
[1045000] SCOREBOARD MATCH: wdata passthrough beat=62 expected = c3e4f3ef296b664e, actual =c3e4f3ef296b664e
[1045000] SCOREBOARD MATCH: wdata passthrough beat=63 expected = ca04269e07d9fc85, actual =ca04269e07d9fc85
[1045000] SCOREBOARD MATCH: wdata passthrough beat=64 expected = b7940ca722346b6b, actual =b7940ca722346b6b
[1045000] SCOREBOARD MATCH: wdata passthrough beat=65 expected = cb9fd1b9e570a1fe, actual =cb9fd1b9e570a1fe
[1045000] SCOREBOARD MATCH: wdata passthrough beat=66 expected = ed4a9e83fb790096, actual =ed4a9e83fb790096
[1045000] SCOREBOARD MATCH: wdata passthrough beat=67 expected = 9dad6c0115a3f857, actual =9dad6c0115a3f857
[1045000] SCOREBOARD MATCH: wdata passthrough beat=68 expected = fb149a55a4deab2a, actual =fb149a55a4deab2a
[1045000] SCOREBOARD MATCH: wdata passthrough beat=69 expected = 2057abc1e94d3dba, actual =2057abc1e94d3dba
[1045000] SCOREBOARD MATCH: wdata passthrough beat=70 expected = fef13611e85f38d8, actual =fef13611e85f38d8
[1045000] SCOREBOARD MATCH: wdata passthrough beat=71 expected = 8d3de402be0517c2, actual =8d3de402be0517c2
[1045000] SCOREBOARD MATCH: wdata passthrough beat=72 expected = 2752557dfa05d066, actual =2752557dfa05d066
[1045000] SCOREBOARD MATCH: wdata passthrough beat=73 expected = e265093ead958fc3, actual =e265093ead958fc3
[1045000] SCOREBOARD MATCH: wdata passthrough beat=74 expected = eb9aa786a6438b8e, actual =eb9aa786a6438b8e
[1045000] SCOREBOARD MATCH: wdata passthrough beat=75 expected = 20495bf5efa2ed41, actual =20495bf5efa2ed41
[1045000] SCOREBOARD MATCH: wdata passthrough beat=76 expected = 9d387d0412ecfd03, actual =9d387d0412ecfd03
[1045000] SCOREBOARD MATCH: wdata passthrough beat=77 expected = b930889182ae6533, actual =b930889182ae6533
[1045000] SCOREBOARD MATCH: wdata passthrough beat=78 expected = f251527488d3248a, actual =f251527488d3248a
[1045000] SCOREBOARD MATCH: wdata passthrough beat=79 expected = 9bc0218dd979e486, actual =9bc0218dd979e486
[1045000] SCOREBOARD MATCH: wdata passthrough beat=80 expected = dc2849ba0f89cf79, actual =dc2849ba0f89cf79
[1045000] SCOREBOARD MATCH: wdata passthrough beat=81 expected = 985cf403d4f0aa1f, actual =985cf403d4f0aa1f
[1045000] SCOREBOARD MATCH: wdata passthrough beat=82 expected = ae6a8ea5ce799c2e, actual =ae6a8ea5ce799c2e
[1045000] SCOREBOARD MATCH: wdata passthrough beat=83 expected = de036ba7341d1591, actual =de036ba7341d1591
[1045000] SCOREBOARD MATCH: wdata passthrough beat=84 expected = 90dbfb08a92d85f, actual =90dbfb08a92d85f
[1045000] SCOREBOARD MATCH: wdata passthrough beat=85 expected = d90c748ef6605fab, actual =d90c748ef6605fab
[1045000] SCOREBOARD MATCH: wdata passthrough beat=86 expected = 2a7d753cb7784e55, actual =2a7d753cb7784e55
[1045000] SCOREBOARD MATCH: wdata passthrough beat=87 expected = c20b26b5b70fe035, actual =c20b26b5b70fe035
[1045000] SCOREBOARD MATCH: wdata passthrough beat=88 expected = ad703fe0338b34ec, actual =ad703fe0338b34ec
[1045000] SCOREBOARD MATCH: wdata passthrough beat=89 expected = eb0383411b179b43, actual =eb0383411b179b43
[1045000] SCOREBOARD MATCH: wdata passthrough beat=90 expected = d2277b78d7edb51c, actual =d2277b78d7edb51c
[1045000] SCOREBOARD MATCH: wdata passthrough beat=91 expected = 8b78ea08ad0ea9f6, actual =8b78ea08ad0ea9f6
[1045000] SCOREBOARD MATCH: wdata passthrough beat=92 expected = c8264539ff97bb59, actual =c8264539ff97bb59
[1045000] SCOREBOARD MATCH: wdata passthrough beat=93 expected = d7857075f67c6d4a, actual =d7857075f67c6d4a
[1045000] SCOREBOARD MATCH: wdata passthrough beat=94 expected = a38b17401a4dc0b2, actual =a38b17401a4dc0b2
[1045000] SCOREBOARD MATCH: wdata passthrough beat=95 expected = 19e57c0be2fe5a7e, actual =19e57c0be2fe5a7e
[1045000] SCOREBOARD MATCH: wstrb size check expected = 60, actual =60
[1045000] SCOREBOARD MATCH: wstrb passthrough beat=0 expected = 7a, actual =7a
[1045000] SCOREBOARD MATCH: wstrb passthrough beat=1 expected = c8, actual =c8
[1045000] SCOREBOARD MATCH: wstrb passthrough beat=2 expected = 80, actual =80
[1045000] SCOREBOARD MATCH: wstrb passthrough beat=3 expected = 2c, actual =2c
[1045000] SCOREBOARD MATCH: wstrb passthrough beat=4 expected = 8, actual =8
[1045000] SCOREBOARD MATCH: wstrb passthrough beat=5 expected = fe, actual =fe
[1045000] SCOREBOARD MATCH: wstrb passthrough beat=6 expected = 37, actual =37
[1045000] SCOREBOARD MATCH: wstrb passthrough beat=7 expected = 82, actual =82
[1045000] SCOREBOARD MATCH: wstrb passthrough beat=8 expected = c6, actual =c6
[1045000] SCOREBOARD MATCH: wstrb passthrough beat=9 expected = b7, actual =b7
[1045000] SCOREBOARD MATCH: wstrb passthrough beat=10 expected = ae, actual =ae
[1045000] SCOREBOARD MATCH: wstrb passthrough beat=11 expected = cf, actual =cf
[1045000] SCOREBOARD MATCH: wstrb passthrough beat=12 expected = b6, actual =b6
[1045000] SCOREBOARD MATCH: wstrb passthrough beat=13 expected = e5, actual =e5
[1045000] SCOREBOARD MATCH: wstrb passthrough beat=14 expected = 51, actual =51
[1045000] SCOREBOARD MATCH: wstrb passthrough beat=15 expected = 7c, actual =7c
[1045000] SCOREBOARD MATCH: wstrb passthrough beat=16 expected = 9d, actual =9d
[1045000] SCOREBOARD MATCH: wstrb passthrough beat=17 expected = 0, actual =0
[1045000] SCOREBOARD MATCH: wstrb passthrough beat=18 expected = 4b, actual =4b
[1045000] SCOREBOARD MATCH: wstrb passthrough beat=19 expected = 53, actual =53
[1045000] SCOREBOARD MATCH: wstrb passthrough beat=20 expected = e5, actual =e5
[1045000] SCOREBOARD MATCH: wstrb passthrough beat=21 expected = 9d, actual =9d
[1045000] SCOREBOARD MATCH: wstrb passthrough beat=22 expected = cf, actual =cf
[1045000] SCOREBOARD MATCH: wstrb passthrough beat=23 expected = 82, actual =82
[1045000] SCOREBOARD MATCH: wstrb passthrough beat=24 expected = 9d, actual =9d
[1045000] SCOREBOARD MATCH: wstrb passthrough beat=25 expected = 1b, actual =1b
[1045000] SCOREBOARD MATCH: wstrb passthrough beat=26 expected = d5, actual =d5
[1045000] SCOREBOARD MATCH: wstrb passthrough beat=27 expected = 82, actual =82
[1045000] SCOREBOARD MATCH: wstrb passthrough beat=28 expected = b8, actual =b8
[1045000] SCOREBOARD MATCH: wstrb passthrough beat=29 expected = a5, actual =a5
[1045000] SCOREBOARD MATCH: wstrb passthrough beat=30 expected = 5, actual =5
[1045000] SCOREBOARD MATCH: wstrb passthrough beat=31 expected = 55, actual =55
[1045000] SCOREBOARD MATCH: wstrb passthrough beat=32 expected = c0, actual =c0
[1045000] SCOREBOARD MATCH: wstrb passthrough beat=33 expected = da, actual =da
[1045000] SCOREBOARD MATCH: wstrb passthrough beat=34 expected = d7, actual =d7
[1045000] SCOREBOARD MATCH: wstrb passthrough beat=35 expected = 78, actual =78
[1045000] SCOREBOARD MATCH: wstrb passthrough beat=36 expected = 7f, actual =7f
[1045000] SCOREBOARD MATCH: wstrb passthrough beat=37 expected = dc, actual =dc
[1045000] SCOREBOARD MATCH: wstrb passthrough beat=38 expected = cd, actual =cd
[1045000] SCOREBOARD MATCH: wstrb passthrough beat=39 expected = 3f, actual =3f
[1045000] SCOREBOARD MATCH: wstrb passthrough beat=40 expected = b7, actual =b7
[1045000] SCOREBOARD MATCH: wstrb passthrough beat=41 expected = a4, actual =a4
[1045000] SCOREBOARD MATCH: wstrb passthrough beat=42 expected = b7, actual =b7
[1045000] SCOREBOARD MATCH: wstrb passthrough beat=43 expected = 36, actual =36
[1045000] SCOREBOARD MATCH: wstrb passthrough beat=44 expected = 81, actual =81
[1045000] SCOREBOARD MATCH: wstrb passthrough beat=45 expected = 84, actual =84
[1045000] SCOREBOARD MATCH: wstrb passthrough beat=46 expected = 76, actual =76
[1045000] SCOREBOARD MATCH: wstrb passthrough beat=47 expected = 38, actual =38
[1045000] SCOREBOARD MATCH: wstrb passthrough beat=48 expected = 29, actual =29
[1045000] SCOREBOARD MATCH: wstrb passthrough beat=49 expected = 2d, actual =2d
[1045000] SCOREBOARD MATCH: wstrb passthrough beat=50 expected = 6e, actual =6e
[1045000] SCOREBOARD MATCH: wstrb passthrough beat=51 expected = aa, actual =aa
[1045000] SCOREBOARD MATCH: wstrb passthrough beat=52 expected = b2, actual =b2
[1045000] SCOREBOARD MATCH: wstrb passthrough beat=53 expected = e4, actual =e4
[1045000] SCOREBOARD MATCH: wstrb passthrough beat=54 expected = e2, actual =e2
[1045000] SCOREBOARD MATCH: wstrb passthrough beat=55 expected = db, actual =db
[1045000] SCOREBOARD MATCH: wstrb passthrough beat=56 expected = 12, actual =12
[1045000] SCOREBOARD MATCH: wstrb passthrough beat=57 expected = 50, actual =50
[1045000] SCOREBOARD MATCH: wstrb passthrough beat=58 expected = 85, actual =85
[1045000] SCOREBOARD MATCH: wstrb passthrough beat=59 expected = c4, actual =c4
[1045000] SCOREBOARD MATCH: wstrb passthrough beat=60 expected = 35, actual =35
[1045000] SCOREBOARD MATCH: wstrb passthrough beat=61 expected = 67, actual =67
[1045000] SCOREBOARD MATCH: wstrb passthrough beat=62 expected = 9f, actual =9f
[1045000] SCOREBOARD MATCH: wstrb passthrough beat=63 expected = 47, actual =47
[1045000] SCOREBOARD MATCH: wstrb passthrough beat=64 expected = b7, actual =b7
[1045000] SCOREBOARD MATCH: wstrb passthrough beat=65 expected = 24, actual =24
[1045000] SCOREBOARD MATCH: wstrb passthrough beat=66 expected = b, actual =b
[1045000] SCOREBOARD MATCH: wstrb passthrough beat=67 expected = ec, actual =ec
[1045000] SCOREBOARD MATCH: wstrb passthrough beat=68 expected = 8b, actual =8b
[1045000] SCOREBOARD MATCH: wstrb passthrough beat=69 expected = aa, actual =aa
[1045000] SCOREBOARD MATCH: wstrb passthrough beat=70 expected = 33, actual =33
[1045000] SCOREBOARD MATCH: wstrb passthrough beat=71 expected = 42, actual =42
[1045000] SCOREBOARD MATCH: wstrb passthrough beat=72 expected = ce, actual =ce
[1045000] SCOREBOARD MATCH: wstrb passthrough beat=73 expected = 3e, actual =3e
[1045000] SCOREBOARD MATCH: wstrb passthrough beat=74 expected = 2f, actual =2f
[1045000] SCOREBOARD MATCH: wstrb passthrough beat=75 expected = 59, actual =59
[1045000] SCOREBOARD MATCH: wstrb passthrough beat=76 expected = e8, actual =e8
[1045000] SCOREBOARD MATCH: wstrb passthrough beat=77 expected = 62, actual =62
[1045000] SCOREBOARD MATCH: wstrb passthrough beat=78 expected = 9b, actual =9b
[1045000] SCOREBOARD MATCH: wstrb passthrough beat=79 expected = b6, actual =b6
[1045000] SCOREBOARD MATCH: wstrb passthrough beat=80 expected = a1, actual =a1
[1045000] SCOREBOARD MATCH: wstrb passthrough beat=81 expected = ca, actual =ca
[1045000] SCOREBOARD MATCH: wstrb passthrough beat=82 expected = f, actual =f
[1045000] SCOREBOARD MATCH: wstrb passthrough beat=83 expected = 89, actual =89
[1045000] SCOREBOARD MATCH: wstrb passthrough beat=84 expected = 2d, actual =2d
[1045000] SCOREBOARD MATCH: wstrb passthrough beat=85 expected = ab, actual =ab
[1045000] SCOREBOARD MATCH: wstrb passthrough beat=86 expected = 40, actual =40
[1045000] SCOREBOARD MATCH: wstrb passthrough beat=87 expected = ce, actual =ce
[1045000] SCOREBOARD MATCH: wstrb passthrough beat=88 expected = 75, actual =75
[1045000] SCOREBOARD MATCH: wstrb passthrough beat=89 expected = 4f, actual =4f
[1045000] SCOREBOARD MATCH: wstrb passthrough beat=90 expected = 57, actual =57
[1045000] SCOREBOARD MATCH: wstrb passthrough beat=91 expected = a2, actual =a2
[1045000] SCOREBOARD MATCH: wstrb passthrough beat=92 expected = fa, actual =fa
[1045000] SCOREBOARD MATCH: wstrb passthrough beat=93 expected = 97, actual =97
[1045000] SCOREBOARD MATCH: wstrb passthrough beat=94 expected = 70, actual =70
[1045000] SCOREBOARD MATCH: wstrb passthrough beat=95 expected = 70, actual =70
[1045000] SCOREBOARD MATCH: bresp passthrough expected = 0, actual =0
[1045000] SCOREBOARD MATCH: response routed to correct master (write) expected = 1, actual =1
[1045000] [SCOREBOARD-M] mst_id=1 s_id=0 awaddr=2cbf8b0 awid=1111 awlen=95 awsize=0 awburst=1 wdata=[c76355b1c067cef5 f20e2154fd5d58c7 a0672f62155bda37 d5c3a92c35936ba7 b2f0c46ee7ca8513 fd265f4ac7d1ca80 fd653627d357f3d1 bb2278e4d2ea0876 9abbd2f6b055fa95 83adee663848d82f 8b32e0a59821091d c87703b33ed0674b f7193f7a25eeb39c be0fbcb9cc24f219 8af55964824c201f a83ad3bb8686c06c d2abb286820e98de 45ab8fee64a9075 ecd150e1dda10bea dfafa4c9ac958cb9 92e01d2ebf7d0367 1d1e0f52e40a5dc7 909fea80ffb16e10 bf2e7177fccdb41b e0d811e2238007af 233175bfdc4c80c9 d91a34e4f177fc62 94f80411e25fe736 3eac6800b9f246c6 2b6a4329b82979d0 1a89610797c69ce4 d1b8e3abc062473a f88bc10bd935c907 f0fc65ebfd2326d4 bd856e0e13152212 ec4aeb19c2b54996 bfd8706ab6112f19 c926512bdd475104 1ffc9a9bfd5dde79 b36f0d92b5713c44 12b88d49dfd50b05 dd32e97efc955ebe b2069b0232b527e4 928a32e910a1f711 d3755cfc4bf284b f774502fefbd1c68 5f1379bf3df0d1 3fd191d09fe8319 f9bb9f810d966948 ccd45a19fb71694c 856fec65fa1ab2fa 7b11c42d0d17336 cc42dc83ff2b8be6 f9463ee0d485765b 2556e992d1b2c8e8 d0de54cf80f75b22 d57cd17ef199c615 c34c8efdca2493af cb1beed2fad3bb10 ec6d8125942ae3cc de4f777c2098c050 1b6c7b60afba1022 c3e4f3ef296b664e ca04269e07d9fc85 b7940ca722346b6b cb9fd1b9e570a1fe ed4a9e83fb790096 9dad6c0115a3f857 fb149a55a4deab2a 2057abc1e94d3dba fef13611e85f38d8 8d3de402be0517c2 2752557dfa05d066 e265093ead958fc3 eb9aa786a6438b8e 20495bf5efa2ed41 9d387d0412ecfd03 b930889182ae6533 f251527488d3248a 9bc0218dd979e486 dc2849ba0f89cf79 985cf403d4f0aa1f ae6a8ea5ce799c2e de036ba7341d1591 90dbfb08a92d85f d90c748ef6605fab 2a7d753cb7784e55 c20b26b5b70fe035 ad703fe0338b34ec eb0383411b179b43 d2277b78d7edb51c 8b78ea08ad0ea9f6 c8264539ff97bb59 d7857075f67c6d4a a38b17401a4dc0b2 19e57c0be2fe5a7e ] wstrb=[7a c8 80 2c 8 fe 37 82 c6 b7 ae cf b6 e5 51 7c 9d 0 4b 53 e5 9d cf 82 9d 1b d5 82 b8 a5 5 55 c0 da d7 78 7f dc cd 3f b7 a4 b7 36 81 84 76 38 29 2d 6e aa b2 e4 e2 db 12 50 85 c4 35 67 9f 47 b7 24 b ec 8b aa 33 42 ce 3e 2f 59 e8 62 9b b6 a1 ca f 89 2d ab 40 ce 75 4f 57 a2 fa 97 70 70 ] bresp=0 bid=1111
[1045000] [SCOREBOARD-S] mst_id=1 s_id=0 awaddr=2cbf8b0 awid=1111 awlen=95 awsize=0 awburst=1 wdata=[c76355b1c067cef5 f20e2154fd5d58c7 a0672f62155bda37 d5c3a92c35936ba7 b2f0c46ee7ca8513 fd265f4ac7d1ca80 fd653627d357f3d1 bb2278e4d2ea0876 9abbd2f6b055fa95 83adee663848d82f 8b32e0a59821091d c87703b33ed0674b f7193f7a25eeb39c be0fbcb9cc24f219 8af55964824c201f a83ad3bb8686c06c d2abb286820e98de 45ab8fee64a9075 ecd150e1dda10bea dfafa4c9ac958cb9 92e01d2ebf7d0367 1d1e0f52e40a5dc7 909fea80ffb16e10 bf2e7177fccdb41b e0d811e2238007af 233175bfdc4c80c9 d91a34e4f177fc62 94f80411e25fe736 3eac6800b9f246c6 2b6a4329b82979d0 1a89610797c69ce4 d1b8e3abc062473a f88bc10bd935c907 f0fc65ebfd2326d4 bd856e0e13152212 ec4aeb19c2b54996 bfd8706ab6112f19 c926512bdd475104 1ffc9a9bfd5dde79 b36f0d92b5713c44 12b88d49dfd50b05 dd32e97efc955ebe b2069b0232b527e4 928a32e910a1f711 d3755cfc4bf284b f774502fefbd1c68 5f1379bf3df0d1 3fd191d09fe8319 f9bb9f810d966948 ccd45a19fb71694c 856fec65fa1ab2fa 7b11c42d0d17336 cc42dc83ff2b8be6 f9463ee0d485765b 2556e992d1b2c8e8 d0de54cf80f75b22 d57cd17ef199c615 c34c8efdca2493af cb1beed2fad3bb10 ec6d8125942ae3cc de4f777c2098c050 1b6c7b60afba1022 c3e4f3ef296b664e ca04269e07d9fc85 b7940ca722346b6b cb9fd1b9e570a1fe ed4a9e83fb790096 9dad6c0115a3f857 fb149a55a4deab2a 2057abc1e94d3dba fef13611e85f38d8 8d3de402be0517c2 2752557dfa05d066 e265093ead958fc3 eb9aa786a6438b8e 20495bf5efa2ed41 9d387d0412ecfd03 b930889182ae6533 f251527488d3248a 9bc0218dd979e486 dc2849ba0f89cf79 985cf403d4f0aa1f ae6a8ea5ce799c2e de036ba7341d1591 90dbfb08a92d85f d90c748ef6605fab 2a7d753cb7784e55 c20b26b5b70fe035 ad703fe0338b34ec eb0383411b179b43 d2277b78d7edb51c 8b78ea08ad0ea9f6 c8264539ff97bb59 d7857075f67c6d4a a38b17401a4dc0b2 19e57c0be2fe5a7e ] wstrb=[7a c8 80 2c 8 fe 37 82 c6 b7 ae cf b6 e5 51 7c 9d 0 4b 53 e5 9d cf 82 9d 1b d5 82 b8 a5 5 55 c0 da d7 78 7f dc cd 3f b7 a4 b7 36 81 84 76 38 29 2d 6e aa b2 e4 e2 db 12 50 85 c4 35 67 9f 47 b7 24 b ec 8b aa 33 42 ce 3e 2f 59 e8 62 9b b6 a1 ca f 89 2d ab 40 ce 75 4f 57 a2 fa 97 70 70 ] bresp=0 bid=11111
[1045000] SCOREBOARD: Transaction 3 received. pass=230 fail=0
[1045000] ALL PASS. Total transactions: 3
[1055000] SLAVE 0 R_VALID_RDY Handshake beat=1 rlast=1
[1055000] [SLAVE MONITOR] READ mst_id=1 s_id=0 araddr=c06fb58 arid=1 arlen=1 arsize=3 arburst=1 rid=[1111] rresp=[00] rdata=[baadf00d12345678baadf00d12345678]
[1065000] MASTER 1 R_VALID_RDY Handshake beat=0 rlast=0
[1065000] ARB MONITOR: slave=0 m0_req=0 m1_req=1 winner=1
[1065000] AXI S0_ARVALID_RDY HANDSHAKE
[1065000] MEMORY READ MISS beat=0 addr=c59710 -> default data id=18
[1075000] MEMORY READ MISS beat=1 addr=c59718 -> default data id=18
[1075000] SLAVE 0 R_VALID_RDY Handshake beat=0 rlast=0
[1075000] MASTER 1 R_VALID_RDY Handshake beat=1 rlast=1
[1075000] [MASTER MONITOR] READ mst_id=1 s_id=0 araddr=c06fb58 arid=1 arlen=1 arsize=3 arburst=1 rid=[11] rresp=[00] rdata=[baadf00d12345678baadf00d12345678]
[1075000] [MASTER DRIVER] READ mst_id=1 s_id=0 araddr=c06fb58 arid=1 arlen=1 arsize=3 arburst=1 rid=[11] rresp=[00] rdata=[baadf00d12345678baadf00d12345678]
[1075000] SCOREBOARD MATCH: decode_err expected = 0, actual =0
[1075000] SCOREBOARD MATCH: slave_id expected = 0, actual =0
[1075000] SCOREBOARD MATCH: araddr passthrough expected = c06fb58, actual =c06fb58
[1075000] SCOREBOARD MATCH: arlen passthrough expected = 1, actual =1
[1075000] SCOREBOARD MATCH: arsize passthrough expected = 3, actual =3
[1075000] SCOREBOARD MATCH: arburst passthrough expected = 1, actual =1
[1075000] SCOREBOARD MATCH: rdata size check expected = 2, actual =2
[1075000] SCOREBOARD MATCH: rdata passthrough beat=0 expected = baadf00d12345678, actual =baadf00d12345678
[1075000] SCOREBOARD MATCH: rdata passthrough beat=1 expected = baadf00d12345678, actual =baadf00d12345678
[1075000] SCOREBOARD MATCH: rresp size check expected = 2, actual =2
[1075000] SCOREBOARD MATCH: rresp passthrough beat=0 expected = 0, actual =0
[1075000] SCOREBOARD MATCH: rresp passthrough beat=1 expected = 0, actual =0
[1075000] SCOREBOARD MATCH: response routed to correct master (read beat 0) expected = 1, actual =1
[1075000] SCOREBOARD MATCH: response routed to correct master (read beat 1) expected = 1, actual =1
[1075000] [SCOREBOARD-M] READ mst_id=1 s_id=0 araddr=c06fb58 arid=1 arlen=1 arsize=3 arburst=1 rid=[11] rresp=[00] rdata=[baadf00d12345678baadf00d12345678]
[1075000] [SCOREBOARD-S] READ mst_id=1 s_id=0 araddr=c06fb58 arid=1 arlen=1 arsize=3 arburst=1 rid=[1111] rresp=[00] rdata=[baadf00d12345678baadf00d12345678]
[1075000] SCOREBOARD: Transaction 4 received. pass=244 fail=0
[1075000] ALL PASS. Total transactions: 4
[1085000] SLAVE 0 R_VALID_RDY Handshake beat=1 rlast=1
[1085000] [SLAVE MONITOR] READ mst_id=1 s_id=0 araddr=c59710 arid=2 arlen=1 arsize=3 arburst=1 rid=[1212] rresp=[00] rdata=[baadf00d12345678baadf00d12345678]
[1095000] MASTER 1 R_VALID_RDY Handshake beat=0 rlast=0
[1105000] [MASTER DRIVER] READ mst_id=1 s_id=0 araddr=c59710 arid=2 arlen=1 arsize=3 arburst=1 rid=[22] rresp=[00] rdata=[baadf00d12345678baadf00d12345678]
[1105000] MASTER 1 R_VALID_RDY Handshake beat=1 rlast=1
[1105000] [MASTER MONITOR] READ mst_id=1 s_id=0 araddr=c59710 arid=2 arlen=1 arsize=3 arburst=1 rid=[22] rresp=[00] rdata=[baadf00d12345678baadf00d12345678]
[1105000] SCOREBOARD MATCH: decode_err expected = 0, actual =0
[1105000] SCOREBOARD MATCH: slave_id expected = 0, actual =0
[1105000] SCOREBOARD MATCH: araddr passthrough expected = c59710, actual =c59710
[1105000] SCOREBOARD MATCH: arlen passthrough expected = 1, actual =1
[1105000] SCOREBOARD MATCH: arsize passthrough expected = 3, actual =3
[1105000] SCOREBOARD MATCH: arburst passthrough expected = 1, actual =1
[1105000] SCOREBOARD MATCH: rdata size check expected = 2, actual =2
[1105000] SCOREBOARD MATCH: rdata passthrough beat=0 expected = baadf00d12345678, actual =baadf00d12345678
[1105000] SCOREBOARD MATCH: rdata passthrough beat=1 expected = baadf00d12345678, actual =baadf00d12345678
[1105000] SCOREBOARD MATCH: rresp size check expected = 2, actual =2
[1105000] SCOREBOARD MATCH: rresp passthrough beat=0 expected = 0, actual =0
[1105000] SCOREBOARD MATCH: rresp passthrough beat=1 expected = 0, actual =0
[1105000] SCOREBOARD MATCH: response routed to correct master (read beat 0) expected = 1, actual =1
[1105000] SCOREBOARD MATCH: response routed to correct master (read beat 1) expected = 1, actual =1
[1105000] [SCOREBOARD-M] READ mst_id=1 s_id=0 araddr=c59710 arid=2 arlen=1 arsize=3 arburst=1 rid=[22] rresp=[00] rdata=[baadf00d12345678baadf00d12345678]
[1105000] [SCOREBOARD-S] READ mst_id=1 s_id=0 araddr=c59710 arid=2 arlen=1 arsize=3 arburst=1 rid=[1212] rresp=[00] rdata=[baadf00d12345678baadf00d12345678]
[1105000] SCOREBOARD: Transaction 5 received. pass=258 fail=0
[1105000] SCOREBOARD: Expected 5 transactions completed, PASS=258 FAIL=0
[1105000] ALL PASS. Total transactions: 5
[1105000] ALL TRANSACTIONS MONITORED
$finish called at time : 1125 ns : File "/home/nashita/Desktop/practice/axi_xbar/tb/top/axi_tb_top.sv" Line 220
exit
INFO: xsimkernel Simulation Memory Usage: 289464 KB (Peak: 337864 KB), Simulation CPU Usage: 1190 ms
INFO: [Common 17-206] Exiting xsim at Fri Sep 11 12:14:47 2026...
