#-----------------------------------------------------------
# xsim v2025.2 (64-bit)
# SW Build 6299465 on Fri Nov 14 12:34:56 MST 2025
# IP Build 6300035 on Fri Nov 14 10:48:45 MST 2025
# SharedData Build 6298862 on Thu Nov 13 04:50:51 MST 2025
# Start of session at: Thu Sep 10 18:17:00 2026
# Process ID         : 3597346
# Current directory  : /home/nashita/Desktop/practice/axi_xbar/sim
# Command line       : xsim -log regress_results/BT_run86.log -mode tcl -source {xsim.dir/tb_top_snap/xsim_script.tcl}
# Log file           : /home/nashita/Desktop/practice/axi_xbar/sim/regress_results/BT_run86.log
# Journal file       : /home/nashita/Desktop/practice/axi_xbar/sim/xsim.jou
# Running On         : vlsi-vivado
# Platform           : Ubuntu
# Operating System   : Ubuntu 24.04.4 LTS
# Processor Detail   : Intel(R) Core(TM) i5-10400 CPU @ 2.90GHz
# CPU Frequency      : 3999.891 MHz
# CPU Physical cores : 6
# CPU Logical cores  : 12
# Host memory        : 41875 MB
# Swap memory        : 27648 MB
# Total Virtual      : 69524 MB
# Available Virtual  : 62813 MB
#-----------------------------------------------------------
source xsim.dir/tb_top_snap/xsim_script.tcl
# xsim {tb_top_snap} -testplusarg BT -autoloadwcfg -runall -sv_seed 87
Time resolution is 1 ps
run -all
[0] RUNNING BASE TEST
[0] INSIDE THE BASE TEST CONSTRUCTOR
[0] ENV: before agent
[0] SLAVE CONSTRUCTED
[0] MASTER MONITOR CONSTRUCTED
[0] MASTER MONITOR CONSTRUCTED
[0] SLAVE MONITOR CONSTRUCTED
[0] SLAVE MONITOR CONSTRUCTED
[0] ARB MONITOR CONSTRUCTED
GENERATOR CONSTRUCTED
[0] ENV: after agent
[0] ENV: before scoreboard
[0] ENV: after scoreboard
[15000] [SEQUENCER] mst_id=0 s_id=0 awaddr=9c6fc90 awid=0 awlen=39 awsize=2 awburst=1 wdata=[e4419f67abde775c e2a8c9a9242d6253 33362228d6d0528f 82aec9eb173e0313 3b6b65669777c18f ee48141ee5579395 fc9596a8eea1878e 8619491df0f6de0a d64e719f3800fc0e 26a2839cf4615d3c e5583b46d2e40847 ae50455acbbccb9 a11d29f53ba6ace5 e8ab52c318787f1 de4354aa8675653b c21c1220196fb981 caf74172ff607ea0 85d5e3dbd0a6c74c ea1680cda93a961c a89b14bcc7f1f5fc 9898bd48b50dc23f de48585c2e70f898 f662ee9402af3e16 b7bd005586e36d18 b55465b08efbabdc 91aae9f2960558b1 1ce8c5caabb75444 3ab30021c967ea48 df6d42f9d23d2b7a fdf47fbfcc5dea13 95c5d45bfc5608c3 ce93343e38a77fe0 850569f3f5331755 f1892018cc87b3fd 52f33dd1acb3e4f ffe55a4c01c5456 8ca408538a349dd0 a4ffdc1f818775bc c1a3ca1391d33c30 1c07da01b4fe31c3 ] wstrb=[66 80 20 97 93 e4 98 f9 64 b8 90 f7 9c 28 f0 0 e1 81 f7 7d a9 e8 7e 8a 69 75 8 12 5d 86 9d c6 fb a5 d9 59 2b 76 1f 26 ] bresp=0 bid=0
[15000] [SEQUENCER] READ mst_id=0 s_id=0 araddr=1c3f5210 arid=1 arlen=1 arsize=3 arburst=1 rid=[] rresp=[] rdata=[]
[15000] [SEQUENCER] mst_id=0 s_id=0 awaddr=11d6bb98 awid=0 awlen=95 awsize=0 awburst=1 wdata=[b9f5fca4d42123d5 e65bfb48257f9b25 fdac176aad3da3ac 815ec781cb440cc2 f0c3a7e7b7a2140e e4dfb7bbe7bac2ca 32fecf8cee6fbf51 a611d35fe63e7f3c cdf9420623c27773 123236c48af18b1a f1300a5780f81192 a4ba8905b8440a23 c335953ebf294c5d c0215df0b6ecbfc9 ef30c9ed34659f95 f38eebf2e4dbe6f5 1bc8a6bf32665f2b e6cbfec0b3b049e2 188c30d80af970ac 3d5fcfd7da5aeab2 e0b34953454d797 3f4e4843242bce97 fe86b9492697656d daec3d04fcae181a 20d9e6b18c91edde b329534b1a3a8547 16e89d619f609ffa 2bf28dd98e15904f a850159637c28412 d723240cdf1be124 ed317174bf38b2f7 f6fb37098315b1e5 e231930a9581870a d4ba3a02ce1e5b16 d1340cfbcf63047e e4e48b88cbb5710b 99d3cc21b365a005 82c8a483b99ec58a 5543696eb07d91d 9e6d7922e7ad300c a14bf5969f2802b7 8a2fdbd421361da6 8e34db2a6a02c2c c5c82ee4289d54f7 c9d3729daa2f4348 d0cf6f75cff80ab8 f8955fafd2b6c04f fce6039716979e59 e68fa911c268d24c 951f929bcdb5730c e44d1165df2508c1 a18ddb0d12059633 dfbb093fcadcba77 2a01c33836ad6da9 c8b303dcc4081aa5 ee4d51ccb8f9e45 823d0beea86e0d1b ec7627c038e69854 84763699caf00fca f35e1ce6fb5afcdc b441953006b34288 d1a35252dfd444a6 db2f418338b7cbca 3f6b0e52c5016f38 24d5b3df8f70d6b3 c828a27d910e60a4 d60fcfdd0004f562 8f75cc158793b0cf 18a21174fae583bc faea791ed79e6e93 df321f62eeb1e151 e997650d8a604533 e1feb3c6f7d430d6 e6861227e481de2b eee2235ec130d329 b90503ffd01d7734 b49f555fd0e0d725 1211aa4e1f8b1627 efa88d5b238178be f4624fe3cb16ae4d eaa1c4742447e2bb c7c95b790673fa31 d18aa87eda4a51d0 fe92348b3c2bab5c c29fa58d3c2c6cf3 1676bec3c65b9004 2873b60942a4e0b d056bafe1508f34e db648352c526e0ed d9512ef8e6cd79c1 fbd66d0fddebbeb2 23129f9f29a7e9f7 907563b8d73af061 b526af13fc63ce97 a60bb88e0c4bd0c8 e386c129d8394eb2 ] wstrb=[47 4a 3d f d8 ef 38 1f 39 75 2e 12 65 67 31 9e dc 60 b0 41 c7 e2 e0 a3 42 90 e5 9 72 c5 ac b4 55 91 bd c8 56 6a 7c ac fb 3a 74 52 a4 f0 fe 9f 2a 72 f1 ce 62 ef 6e 8d 61 5f 5b c4 4f c9 51 b0 29 ac 74 78 76 c5 28 9f 72 9d 17 e8 62 3f 87 d4 dc 9e bc 3f dd 43 13 ba e1 d0 f9 bf 13 c 79 f5 ] bresp=0 bid=0
[15000] [SEQUENCER] mst_id=0 s_id=0 awaddr=b9d6910 awid=1011 awlen=50 awsize=1 awburst=1 wdata=[3421203d91d9bf56 2404da8003db020b f50f8c5135857e6f c75f3dc5f41eff66 f7fa0171a930ac8e deb62afdeb641845 df8317aced098dc3 963a3a51261568c3 91798108d77d191d c486a6e0f4f0654f 1b05ce12f0fc98b4 c879b1d2dac0e132 cfb14681ac7f4f1a 1d7be7cf8d0058b2 e7c139e4eab71493 973663ade5f599a1 f2f5f253b7728065 a22994f8b4b24b7c 9aa7e51ddab72c38 9229ac9d395ff8a6 ee1244220d9dd771 e85503a934534196 edb33a3c08ba2940 165800b1fa7eb046 aed1f1dcdbc57e5e e47fa79efead045a f92bb4a09c852c18 f84aaa77fad7a84f f984aca927fda67d c482d295dcca5215 d7a1fa65f2b0614a 1aae07c7bccd7d0c 1997cf22d126a70e c3d70858df30da5c 1bfe5769f139c987 c2607095de85101f 3db5ea7c3596268b 26cff012063778ee e4bc890dd9b441e5 f4a6870e93060a7 ef67d995a2727389 fc26b56e361a5882 9f4ab929d42462a3 f696d62c8b711dde c18b76600eb292bf e2d6f562f2bd8b9b fe2ea979e0d62f8a ef88c249d96dcb8e cc2b57293fba1fda 20904f64d25fb7ab abcd8339ca5a00a3 ] wstrb=[ad 7d 63 58 e1 6 91 8e 83 f4 e6 64 fa 77 f2 7d 6c d8 e1 66 4f d3 e4 bb ab c5 22 fb 99 6 b6 44 cb d8 3f 64 de f6 a9 aa ce e8 e ad de b7 57 ad a0 65 5a ] bresp=0 bid=0
[15000] [SEQUENCER] READ mst_id=0 s_id=0 araddr=b945ed0 arid=4 arlen=1 arsize=3 arburst=1 rid=[] rresp=[] rdata=[]
[15000] MASTER_DRIVER0 received transaction, op=AXI_WRITE
[35000] MASTER 0 AW_VALID_RDY Handshake
[45000] ARB MONITOR: slave=0 m0_req=1 m1_req=0 winner=0
[45000] AXI S0_AWVALID_RDY HANDSHAKE
[55000] MASTER 0 W_VALID_RDY Handshake beat=0 wlast=0
[65000] MASTER 0 W_VALID_RDY Handshake beat=1 wlast=0
[65000] AXI S0_WVALID_RDY HANDSHAKE
[65000] S0 MEMORY WRITE beat=0 addr=09c6fc90 data=e4419f67abde775c id=00
[75000] AXI S0_WVALID_RDY HANDSHAKE
[75000] S0 MEMORY WRITE beat=1 addr=09c6fc94 data=e2a8c9a9242d6253 id=00
[75000] MASTER 0 W_VALID_RDY Handshake beat=2 wlast=0
[85000] MASTER 0 W_VALID_RDY Handshake beat=3 wlast=0
[85000] AXI S0_WVALID_RDY HANDSHAKE
[85000] S0 MEMORY WRITE beat=2 addr=09c6fc98 data=33362228d6d0528f id=00
[95000] AXI S0_WVALID_RDY HANDSHAKE
[95000] S0 MEMORY WRITE beat=3 addr=09c6fc9c data=82aec9eb173e0313 id=00
[95000] MASTER 0 W_VALID_RDY Handshake beat=4 wlast=0
[105000] MASTER 0 W_VALID_RDY Handshake beat=5 wlast=0
[105000] AXI S0_WVALID_RDY HANDSHAKE
[105000] S0 MEMORY WRITE beat=4 addr=09c6fca0 data=3b6b65669777c18f id=00
[115000] AXI S0_WVALID_RDY HANDSHAKE
[115000] S0 MEMORY WRITE beat=5 addr=09c6fca4 data=ee48141ee5579395 id=00
[115000] MASTER 0 W_VALID_RDY Handshake beat=6 wlast=0
[125000] MASTER 0 W_VALID_RDY Handshake beat=7 wlast=0
[125000] AXI S0_WVALID_RDY HANDSHAKE
[125000] S0 MEMORY WRITE beat=6 addr=09c6fca8 data=fc9596a8eea1878e id=00
[135000] AXI S0_WVALID_RDY HANDSHAKE
[135000] S0 MEMORY WRITE beat=7 addr=09c6fcac data=8619491df0f6de0a id=00
[135000] MASTER 0 W_VALID_RDY Handshake beat=8 wlast=0
[145000] MASTER 0 W_VALID_RDY Handshake beat=9 wlast=0
[145000] AXI S0_WVALID_RDY HANDSHAKE
[145000] S0 MEMORY WRITE beat=8 addr=09c6fcb0 data=d64e719f3800fc0e id=00
[155000] AXI S0_WVALID_RDY HANDSHAKE
[155000] S0 MEMORY WRITE beat=9 addr=09c6fcb4 data=26a2839cf4615d3c id=00
[155000] MASTER 0 W_VALID_RDY Handshake beat=10 wlast=0
[165000] MASTER 0 W_VALID_RDY Handshake beat=11 wlast=0
[165000] AXI S0_WVALID_RDY HANDSHAKE
[165000] S0 MEMORY WRITE beat=10 addr=09c6fcb8 data=e5583b46d2e40847 id=00
[175000] AXI S0_WVALID_RDY HANDSHAKE
[175000] S0 MEMORY WRITE beat=11 addr=09c6fcbc data=0ae50455acbbccb9 id=00
[175000] MASTER 0 W_VALID_RDY Handshake beat=12 wlast=0
[185000] MASTER 0 W_VALID_RDY Handshake beat=13 wlast=0
[185000] AXI S0_WVALID_RDY HANDSHAKE
[185000] S0 MEMORY WRITE beat=12 addr=09c6fcc0 data=a11d29f53ba6ace5 id=00
[195000] AXI S0_WVALID_RDY HANDSHAKE
[195000] S0 MEMORY WRITE beat=13 addr=09c6fcc4 data=0e8ab52c318787f1 id=00
[195000] MASTER 0 W_VALID_RDY Handshake beat=14 wlast=0
[205000] MASTER 0 W_VALID_RDY Handshake beat=15 wlast=0
[205000] AXI S0_WVALID_RDY HANDSHAKE
[205000] S0 MEMORY WRITE beat=14 addr=09c6fcc8 data=de4354aa8675653b id=00
[215000] AXI S0_WVALID_RDY HANDSHAKE
[215000] S0 MEMORY WRITE beat=15 addr=09c6fccc data=c21c1220196fb981 id=00
[215000] MASTER 0 W_VALID_RDY Handshake beat=16 wlast=0
[225000] MASTER 0 W_VALID_RDY Handshake beat=17 wlast=0
[225000] AXI S0_WVALID_RDY HANDSHAKE
[225000] S0 MEMORY WRITE beat=16 addr=09c6fcd0 data=caf74172ff607ea0 id=00
[235000] AXI S0_WVALID_RDY HANDSHAKE
[235000] S0 MEMORY WRITE beat=17 addr=09c6fcd4 data=85d5e3dbd0a6c74c id=00
[235000] MASTER 0 W_VALID_RDY Handshake beat=18 wlast=0
[245000] MASTER 0 W_VALID_RDY Handshake beat=19 wlast=0
[245000] AXI S0_WVALID_RDY HANDSHAKE
[245000] S0 MEMORY WRITE beat=18 addr=09c6fcd8 data=ea1680cda93a961c id=00
[255000] AXI S0_WVALID_RDY HANDSHAKE
[255000] S0 MEMORY WRITE beat=19 addr=09c6fcdc data=a89b14bcc7f1f5fc id=00
[255000] MASTER 0 W_VALID_RDY Handshake beat=20 wlast=0
[265000] MASTER 0 W_VALID_RDY Handshake beat=21 wlast=0
[265000] AXI S0_WVALID_RDY HANDSHAKE
[265000] S0 MEMORY WRITE beat=20 addr=09c6fce0 data=9898bd48b50dc23f id=00
[275000] AXI S0_WVALID_RDY HANDSHAKE
[275000] S0 MEMORY WRITE beat=21 addr=09c6fce4 data=de48585c2e70f898 id=00
[275000] MASTER 0 W_VALID_RDY Handshake beat=22 wlast=0
[285000] MASTER 0 W_VALID_RDY Handshake beat=23 wlast=0
[285000] AXI S0_WVALID_RDY HANDSHAKE
[285000] S0 MEMORY WRITE beat=22 addr=09c6fce8 data=f662ee9402af3e16 id=00
[295000] AXI S0_WVALID_RDY HANDSHAKE
[295000] S0 MEMORY WRITE beat=23 addr=09c6fcec data=b7bd005586e36d18 id=00
[295000] MASTER 0 W_VALID_RDY Handshake beat=24 wlast=0
[305000] MASTER 0 W_VALID_RDY Handshake beat=25 wlast=0
[305000] AXI S0_WVALID_RDY HANDSHAKE
[305000] S0 MEMORY WRITE beat=24 addr=09c6fcf0 data=b55465b08efbabdc id=00
[315000] AXI S0_WVALID_RDY HANDSHAKE
[315000] S0 MEMORY WRITE beat=25 addr=09c6fcf4 data=91aae9f2960558b1 id=00
[315000] MASTER 0 W_VALID_RDY Handshake beat=26 wlast=0
[325000] MASTER 0 W_VALID_RDY Handshake beat=27 wlast=0
[325000] AXI S0_WVALID_RDY HANDSHAKE
[325000] S0 MEMORY WRITE beat=26 addr=09c6fcf8 data=1ce8c5caabb75444 id=00
[335000] AXI S0_WVALID_RDY HANDSHAKE
[335000] S0 MEMORY WRITE beat=27 addr=09c6fcfc data=3ab30021c967ea48 id=00
[335000] MASTER 0 W_VALID_RDY Handshake beat=28 wlast=0
[345000] MASTER 0 W_VALID_RDY Handshake beat=29 wlast=0
[345000] AXI S0_WVALID_RDY HANDSHAKE
[345000] S0 MEMORY WRITE beat=28 addr=09c6fd00 data=df6d42f9d23d2b7a id=00
[355000] AXI S0_WVALID_RDY HANDSHAKE
[355000] S0 MEMORY WRITE beat=29 addr=09c6fd04 data=fdf47fbfcc5dea13 id=00
[355000] MASTER 0 W_VALID_RDY Handshake beat=30 wlast=0
[365000] MASTER 0 W_VALID_RDY Handshake beat=31 wlast=0
[365000] AXI S0_WVALID_RDY HANDSHAKE
[365000] S0 MEMORY WRITE beat=30 addr=09c6fd08 data=95c5d45bfc5608c3 id=00
[375000] AXI S0_WVALID_RDY HANDSHAKE
[375000] S0 MEMORY WRITE beat=31 addr=09c6fd0c data=ce93343e38a77fe0 id=00
[375000] MASTER 0 W_VALID_RDY Handshake beat=32 wlast=0
[385000] MASTER 0 W_VALID_RDY Handshake beat=33 wlast=0
[385000] AXI S0_WVALID_RDY HANDSHAKE
[385000] S0 MEMORY WRITE beat=32 addr=09c6fd10 data=850569f3f5331755 id=00
[395000] AXI S0_WVALID_RDY HANDSHAKE
[395000] S0 MEMORY WRITE beat=33 addr=09c6fd14 data=f1892018cc87b3fd id=00
[395000] MASTER 0 W_VALID_RDY Handshake beat=34 wlast=0
[405000] MASTER 0 W_VALID_RDY Handshake beat=35 wlast=0
[405000] AXI S0_WVALID_RDY HANDSHAKE
[405000] S0 MEMORY WRITE beat=34 addr=09c6fd18 data=052f33dd1acb3e4f id=00
[415000] AXI S0_WVALID_RDY HANDSHAKE
[415000] S0 MEMORY WRITE beat=35 addr=09c6fd1c data=0ffe55a4c01c5456 id=00
[415000] MASTER 0 W_VALID_RDY Handshake beat=36 wlast=0
[425000] MASTER 0 W_VALID_RDY Handshake beat=37 wlast=0
[425000] AXI S0_WVALID_RDY HANDSHAKE
[425000] S0 MEMORY WRITE beat=36 addr=09c6fd20 data=8ca408538a349dd0 id=00
[435000] AXI S0_WVALID_RDY HANDSHAKE
[435000] S0 MEMORY WRITE beat=37 addr=09c6fd24 data=a4ffdc1f818775bc id=00
[435000] MASTER 0 W_VALID_RDY Handshake beat=38 wlast=0
[445000] MASTER_DRIVER0 received transaction, op=AXI_READ
[445000] MASTER 0 W_VALID_RDY Handshake beat=39 wlast=1
[445000] AXI S0_WVALID_RDY HANDSHAKE
[445000] S0 MEMORY WRITE beat=38 addr=09c6fd28 data=c1a3ca1391d33c30 id=00
[455000] AXI S0_WVALID_RDY HANDSHAKE
[455000] S0 MEMORY WRITE beat=39 addr=09c6fd2c data=1c07da01b4fe31c3 id=00
[465000] MASTER_DRIVER0 received transaction, op=AXI_WRITE
[465000] SLAVE0 sent B resp, id=0
[475000] AXI S0_ARVALID_RDY HANDSHAKE
[475000] MEMORY READ MISS beat=0 addr=1c3f5210 -> default data id=1
[475000] [SLAVE MONITOR] mst_id=0 s_id=0 awaddr=9c6fc90 awid=0 awlen=39 awsize=2 awburst=1 wdata=[e4419f67abde775c e2a8c9a9242d6253 33362228d6d0528f 82aec9eb173e0313 3b6b65669777c18f ee48141ee5579395 fc9596a8eea1878e 8619491df0f6de0a d64e719f3800fc0e 26a2839cf4615d3c e5583b46d2e40847 ae50455acbbccb9 a11d29f53ba6ace5 e8ab52c318787f1 de4354aa8675653b c21c1220196fb981 caf74172ff607ea0 85d5e3dbd0a6c74c ea1680cda93a961c a89b14bcc7f1f5fc 9898bd48b50dc23f de48585c2e70f898 f662ee9402af3e16 b7bd005586e36d18 b55465b08efbabdc 91aae9f2960558b1 1ce8c5caabb75444 3ab30021c967ea48 df6d42f9d23d2b7a fdf47fbfcc5dea13 95c5d45bfc5608c3 ce93343e38a77fe0 850569f3f5331755 f1892018cc87b3fd 52f33dd1acb3e4f ffe55a4c01c5456 8ca408538a349dd0 a4ffdc1f818775bc c1a3ca1391d33c30 1c07da01b4fe31c3 ] wstrb=[66 80 20 97 93 e4 98 f9 64 b8 90 f7 9c 28 f0 0 e1 81 f7 7d a9 e8 7e 8a 69 75 8 12 5d 86 9d c6 fb a5 d9 59 2b 76 1f 26 ] bresp=0 bid=0
[475000] ARB MONITOR: slave=1 m0_req=1 m1_req=0 winner=0
[485000] MASTER 0 RECEIVED BRESP. BRESP=0
[485000] [MASTER DRIVER] mst_id=0 s_id=0 awaddr=9c6fc90 awid=0 awlen=39 awsize=2 awburst=1 wdata=[e4419f67abde775c e2a8c9a9242d6253 33362228d6d0528f 82aec9eb173e0313 3b6b65669777c18f ee48141ee5579395 fc9596a8eea1878e 8619491df0f6de0a d64e719f3800fc0e 26a2839cf4615d3c e5583b46d2e40847 ae50455acbbccb9 a11d29f53ba6ace5 e8ab52c318787f1 de4354aa8675653b c21c1220196fb981 caf74172ff607ea0 85d5e3dbd0a6c74c ea1680cda93a961c a89b14bcc7f1f5fc 9898bd48b50dc23f de48585c2e70f898 f662ee9402af3e16 b7bd005586e36d18 b55465b08efbabdc 91aae9f2960558b1 1ce8c5caabb75444 3ab30021c967ea48 df6d42f9d23d2b7a fdf47fbfcc5dea13 95c5d45bfc5608c3 ce93343e38a77fe0 850569f3f5331755 f1892018cc87b3fd 52f33dd1acb3e4f ffe55a4c01c5456 8ca408538a349dd0 a4ffdc1f818775bc c1a3ca1391d33c30 1c07da01b4fe31c3 ] wstrb=[66 80 20 97 93 e4 98 f9 64 b8 90 f7 9c 28 f0 0 e1 81 f7 7d a9 e8 7e 8a 69 75 8 12 5d 86 9d c6 fb a5 d9 59 2b 76 1f 26 ] bresp=0 bid=0
[485000] MASTER 0 AW_VALID_RDY Handshake
[485000] MASTER 0 B_VALID_RDY Handshake
[485000] [MASTER MONITOR] mst_id=0 s_id=0 awaddr=9c6fc90 awid=0 awlen=39 awsize=2 awburst=1 wdata=[e4419f67abde775c e2a8c9a9242d6253 33362228d6d0528f 82aec9eb173e0313 3b6b65669777c18f ee48141ee5579395 fc9596a8eea1878e 8619491df0f6de0a d64e719f3800fc0e 26a2839cf4615d3c e5583b46d2e40847 ae50455acbbccb9 a11d29f53ba6ace5 e8ab52c318787f1 de4354aa8675653b c21c1220196fb981 caf74172ff607ea0 85d5e3dbd0a6c74c ea1680cda93a961c a89b14bcc7f1f5fc 9898bd48b50dc23f de48585c2e70f898 f662ee9402af3e16 b7bd005586e36d18 b55465b08efbabdc 91aae9f2960558b1 1ce8c5caabb75444 3ab30021c967ea48 df6d42f9d23d2b7a fdf47fbfcc5dea13 95c5d45bfc5608c3 ce93343e38a77fe0 850569f3f5331755 f1892018cc87b3fd 52f33dd1acb3e4f ffe55a4c01c5456 8ca408538a349dd0 a4ffdc1f818775bc c1a3ca1391d33c30 1c07da01b4fe31c3 ] wstrb=[66 80 20 97 93 e4 98 f9 64 b8 90 f7 9c 28 f0 0 e1 81 f7 7d a9 e8 7e 8a 69 75 8 12 5d 86 9d c6 fb a5 d9 59 2b 76 1f 26 ] bresp=0 bid=0
[485000] SLAVE 1 R_VALID_RDY Handshake beat=0 rlast=0
[485000] MEMORY READ MISS beat=1 addr=1c3f5218 -> default data id=1
[485000] SCOREBOARD MATCH: decode_err expected = 0, actual =0
[485000] SCOREBOARD MATCH: slave_id expected = 0, actual =0
[485000] SCOREBOARD MATCH: awaddr passthrough expected = 9c6fc90, actual =9c6fc90
[485000] SCOREBOARD MATCH: awlen passthrough expected = 39, actual =39
[485000] SCOREBOARD MATCH: awsize passthrough expected = 2, actual =2
[485000] SCOREBOARD MATCH: awburst passthrough expected = 1, actual =1
[485000] SCOREBOARD MATCH: wdata size check expected = 28, actual =28
[485000] SCOREBOARD MATCH: wdata passthrough beat=0 expected = e4419f67abde775c, actual =e4419f67abde775c
[485000] SCOREBOARD MATCH: wdata passthrough beat=1 expected = e2a8c9a9242d6253, actual =e2a8c9a9242d6253
[485000] SCOREBOARD MATCH: wdata passthrough beat=2 expected = 33362228d6d0528f, actual =33362228d6d0528f
[485000] SCOREBOARD MATCH: wdata passthrough beat=3 expected = 82aec9eb173e0313, actual =82aec9eb173e0313
[485000] SCOREBOARD MATCH: wdata passthrough beat=4 expected = 3b6b65669777c18f, actual =3b6b65669777c18f
[485000] SCOREBOARD MATCH: wdata passthrough beat=5 expected = ee48141ee5579395, actual =ee48141ee5579395
[485000] SCOREBOARD MATCH: wdata passthrough beat=6 expected = fc9596a8eea1878e, actual =fc9596a8eea1878e
[485000] SCOREBOARD MATCH: wdata passthrough beat=7 expected = 8619491df0f6de0a, actual =8619491df0f6de0a
[485000] SCOREBOARD MATCH: wdata passthrough beat=8 expected = d64e719f3800fc0e, actual =d64e719f3800fc0e
[485000] SCOREBOARD MATCH: wdata passthrough beat=9 expected = 26a2839cf4615d3c, actual =26a2839cf4615d3c
[485000] SCOREBOARD MATCH: wdata passthrough beat=10 expected = e5583b46d2e40847, actual =e5583b46d2e40847
[485000] SCOREBOARD MATCH: wdata passthrough beat=11 expected = ae50455acbbccb9, actual =ae50455acbbccb9
[485000] SCOREBOARD MATCH: wdata passthrough beat=12 expected = a11d29f53ba6ace5, actual =a11d29f53ba6ace5
[485000] SCOREBOARD MATCH: wdata passthrough beat=13 expected = e8ab52c318787f1, actual =e8ab52c318787f1
[485000] SCOREBOARD MATCH: wdata passthrough beat=14 expected = de4354aa8675653b, actual =de4354aa8675653b
[485000] SCOREBOARD MATCH: wdata passthrough beat=15 expected = c21c1220196fb981, actual =c21c1220196fb981
[485000] SCOREBOARD MATCH: wdata passthrough beat=16 expected = caf74172ff607ea0, actual =caf74172ff607ea0
[485000] SCOREBOARD MATCH: wdata passthrough beat=17 expected = 85d5e3dbd0a6c74c, actual =85d5e3dbd0a6c74c
[485000] SCOREBOARD MATCH: wdata passthrough beat=18 expected = ea1680cda93a961c, actual =ea1680cda93a961c
[485000] SCOREBOARD MATCH: wdata passthrough beat=19 expected = a89b14bcc7f1f5fc, actual =a89b14bcc7f1f5fc
[485000] SCOREBOARD MATCH: wdata passthrough beat=20 expected = 9898bd48b50dc23f, actual =9898bd48b50dc23f
[485000] SCOREBOARD MATCH: wdata passthrough beat=21 expected = de48585c2e70f898, actual =de48585c2e70f898
[485000] SCOREBOARD MATCH: wdata passthrough beat=22 expected = f662ee9402af3e16, actual =f662ee9402af3e16
[485000] SCOREBOARD MATCH: wdata passthrough beat=23 expected = b7bd005586e36d18, actual =b7bd005586e36d18
[485000] SCOREBOARD MATCH: wdata passthrough beat=24 expected = b55465b08efbabdc, actual =b55465b08efbabdc
[485000] SCOREBOARD MATCH: wdata passthrough beat=25 expected = 91aae9f2960558b1, actual =91aae9f2960558b1
[485000] SCOREBOARD MATCH: wdata passthrough beat=26 expected = 1ce8c5caabb75444, actual =1ce8c5caabb75444
[485000] SCOREBOARD MATCH: wdata passthrough beat=27 expected = 3ab30021c967ea48, actual =3ab30021c967ea48
[485000] SCOREBOARD MATCH: wdata passthrough beat=28 expected = df6d42f9d23d2b7a, actual =df6d42f9d23d2b7a
[485000] SCOREBOARD MATCH: wdata passthrough beat=29 expected = fdf47fbfcc5dea13, actual =fdf47fbfcc5dea13
[485000] SCOREBOARD MATCH: wdata passthrough beat=30 expected = 95c5d45bfc5608c3, actual =95c5d45bfc5608c3
[485000] SCOREBOARD MATCH: wdata passthrough beat=31 expected = ce93343e38a77fe0, actual =ce93343e38a77fe0
[485000] SCOREBOARD MATCH: wdata passthrough beat=32 expected = 850569f3f5331755, actual =850569f3f5331755
[485000] SCOREBOARD MATCH: wdata passthrough beat=33 expected = f1892018cc87b3fd, actual =f1892018cc87b3fd
[485000] SCOREBOARD MATCH: wdata passthrough beat=34 expected = 52f33dd1acb3e4f, actual =52f33dd1acb3e4f
[485000] SCOREBOARD MATCH: wdata passthrough beat=35 expected = ffe55a4c01c5456, actual =ffe55a4c01c5456
[485000] SCOREBOARD MATCH: wdata passthrough beat=36 expected = 8ca408538a349dd0, actual =8ca408538a349dd0
[485000] SCOREBOARD MATCH: wdata passthrough beat=37 expected = a4ffdc1f818775bc, actual =a4ffdc1f818775bc
[485000] SCOREBOARD MATCH: wdata passthrough beat=38 expected = c1a3ca1391d33c30, actual =c1a3ca1391d33c30
[485000] SCOREBOARD MATCH: wdata passthrough beat=39 expected = 1c07da01b4fe31c3, actual =1c07da01b4fe31c3
[485000] SCOREBOARD MATCH: wstrb size check expected = 28, actual =28
[485000] SCOREBOARD MATCH: wstrb passthrough beat=0 expected = 66, actual =66
[485000] SCOREBOARD MATCH: wstrb passthrough beat=1 expected = 80, actual =80
[485000] SCOREBOARD MATCH: wstrb passthrough beat=2 expected = 20, actual =20
[485000] SCOREBOARD MATCH: wstrb passthrough beat=3 expected = 97, actual =97
[485000] SCOREBOARD MATCH: wstrb passthrough beat=4 expected = 93, actual =93
[485000] SCOREBOARD MATCH: wstrb passthrough beat=5 expected = e4, actual =e4
[485000] SCOREBOARD MATCH: wstrb passthrough beat=6 expected = 98, actual =98
[485000] SCOREBOARD MATCH: wstrb passthrough beat=7 expected = f9, actual =f9
[485000] SCOREBOARD MATCH: wstrb passthrough beat=8 expected = 64, actual =64
[485000] SCOREBOARD MATCH: wstrb passthrough beat=9 expected = b8, actual =b8
[485000] SCOREBOARD MATCH: wstrb passthrough beat=10 expected = 90, actual =90
[485000] SCOREBOARD MATCH: wstrb passthrough beat=11 expected = f7, actual =f7
[485000] SCOREBOARD MATCH: wstrb passthrough beat=12 expected = 9c, actual =9c
[485000] SCOREBOARD MATCH: wstrb passthrough beat=13 expected = 28, actual =28
[485000] SCOREBOARD MATCH: wstrb passthrough beat=14 expected = f0, actual =f0
[485000] SCOREBOARD MATCH: wstrb passthrough beat=15 expected = 0, actual =0
[485000] SCOREBOARD MATCH: wstrb passthrough beat=16 expected = e1, actual =e1
[485000] SCOREBOARD MATCH: wstrb passthrough beat=17 expected = 81, actual =81
[485000] SCOREBOARD MATCH: wstrb passthrough beat=18 expected = f7, actual =f7
[485000] SCOREBOARD MATCH: wstrb passthrough beat=19 expected = 7d, actual =7d
[485000] SCOREBOARD MATCH: wstrb passthrough beat=20 expected = a9, actual =a9
[485000] SCOREBOARD MATCH: wstrb passthrough beat=21 expected = e8, actual =e8
[485000] SCOREBOARD MATCH: wstrb passthrough beat=22 expected = 7e, actual =7e
[485000] SCOREBOARD MATCH: wstrb passthrough beat=23 expected = 8a, actual =8a
[485000] SCOREBOARD MATCH: wstrb passthrough beat=24 expected = 69, actual =69
[485000] SCOREBOARD MATCH: wstrb passthrough beat=25 expected = 75, actual =75
[485000] SCOREBOARD MATCH: wstrb passthrough beat=26 expected = 8, actual =8
[485000] SCOREBOARD MATCH: wstrb passthrough beat=27 expected = 12, actual =12
[485000] SCOREBOARD MATCH: wstrb passthrough beat=28 expected = 5d, actual =5d
[485000] SCOREBOARD MATCH: wstrb passthrough beat=29 expected = 86, actual =86
[485000] SCOREBOARD MATCH: wstrb passthrough beat=30 expected = 9d, actual =9d
[485000] SCOREBOARD MATCH: wstrb passthrough beat=31 expected = c6, actual =c6
[485000] SCOREBOARD MATCH: wstrb passthrough beat=32 expected = fb, actual =fb
[485000] SCOREBOARD MATCH: wstrb passthrough beat=33 expected = a5, actual =a5
[485000] SCOREBOARD MATCH: wstrb passthrough beat=34 expected = d9, actual =d9
[485000] SCOREBOARD MATCH: wstrb passthrough beat=35 expected = 59, actual =59
[485000] SCOREBOARD MATCH: wstrb passthrough beat=36 expected = 2b, actual =2b
[485000] SCOREBOARD MATCH: wstrb passthrough beat=37 expected = 76, actual =76
[485000] SCOREBOARD MATCH: wstrb passthrough beat=38 expected = 1f, actual =1f
[485000] SCOREBOARD MATCH: wstrb passthrough beat=39 expected = 26, actual =26
[485000] SCOREBOARD MATCH: bresp passthrough expected = 0, actual =0
[485000] SCOREBOARD MATCH: response routed to correct master (write) expected = 0, actual =0
[485000] [SCOREBOARD-M] mst_id=0 s_id=0 awaddr=9c6fc90 awid=0 awlen=39 awsize=2 awburst=1 wdata=[e4419f67abde775c e2a8c9a9242d6253 33362228d6d0528f 82aec9eb173e0313 3b6b65669777c18f ee48141ee5579395 fc9596a8eea1878e 8619491df0f6de0a d64e719f3800fc0e 26a2839cf4615d3c e5583b46d2e40847 ae50455acbbccb9 a11d29f53ba6ace5 e8ab52c318787f1 de4354aa8675653b c21c1220196fb981 caf74172ff607ea0 85d5e3dbd0a6c74c ea1680cda93a961c a89b14bcc7f1f5fc 9898bd48b50dc23f de48585c2e70f898 f662ee9402af3e16 b7bd005586e36d18 b55465b08efbabdc 91aae9f2960558b1 1ce8c5caabb75444 3ab30021c967ea48 df6d42f9d23d2b7a fdf47fbfcc5dea13 95c5d45bfc5608c3 ce93343e38a77fe0 850569f3f5331755 f1892018cc87b3fd 52f33dd1acb3e4f ffe55a4c01c5456 8ca408538a349dd0 a4ffdc1f818775bc c1a3ca1391d33c30 1c07da01b4fe31c3 ] wstrb=[66 80 20 97 93 e4 98 f9 64 b8 90 f7 9c 28 f0 0 e1 81 f7 7d a9 e8 7e 8a 69 75 8 12 5d 86 9d c6 fb a5 d9 59 2b 76 1f 26 ] bresp=0 bid=0
[485000] [SCOREBOARD-S] mst_id=0 s_id=0 awaddr=9c6fc90 awid=0 awlen=39 awsize=2 awburst=1 wdata=[e4419f67abde775c e2a8c9a9242d6253 33362228d6d0528f 82aec9eb173e0313 3b6b65669777c18f ee48141ee5579395 fc9596a8eea1878e 8619491df0f6de0a d64e719f3800fc0e 26a2839cf4615d3c e5583b46d2e40847 ae50455acbbccb9 a11d29f53ba6ace5 e8ab52c318787f1 de4354aa8675653b c21c1220196fb981 caf74172ff607ea0 85d5e3dbd0a6c74c ea1680cda93a961c a89b14bcc7f1f5fc 9898bd48b50dc23f de48585c2e70f898 f662ee9402af3e16 b7bd005586e36d18 b55465b08efbabdc 91aae9f2960558b1 1ce8c5caabb75444 3ab30021c967ea48 df6d42f9d23d2b7a fdf47fbfcc5dea13 95c5d45bfc5608c3 ce93343e38a77fe0 850569f3f5331755 f1892018cc87b3fd 52f33dd1acb3e4f ffe55a4c01c5456 8ca408538a349dd0 a4ffdc1f818775bc c1a3ca1391d33c30 1c07da01b4fe31c3 ] wstrb=[66 80 20 97 93 e4 98 f9 64 b8 90 f7 9c 28 f0 0 e1 81 f7 7d a9 e8 7e 8a 69 75 8 12 5d 86 9d c6 fb a5 d9 59 2b 76 1f 26 ] bresp=0 bid=0
[485000] SCOREBOARD: Transaction 1 received. pass=90 fail=0
[485000] ALL PASS. Total transactions: 1
[495000] AXI S1_AWVALID_RDY HANDSHAKE
[495000] SLAVE 1 R_VALID_RDY Handshake beat=1 rlast=1
[495000] [SLAVE MONITOR] READ mst_id=0 s_id=1 araddr=1c3f5210 arid=1 arlen=1 arsize=3 arburst=1 rid=[11] rresp=[00] rdata=[baadf00d12345678baadf00d12345678]
[495000] ARB MONITOR: slave=1 m0_req=1 m1_req=0 winner=0
[505000] MASTER 0 W_VALID_RDY Handshake beat=0 wlast=0
[505000] MASTER 0 R_VALID_RDY Handshake beat=0 rlast=0
[515000] S1 MEMORY WRITE beat=0 addr=11d6bb98 data=b9f5fca4d42123d5 id=00
[515000] MASTER 0 R_VALID_RDY Handshake beat=1 rlast=1
[515000] [MASTER MONITOR] READ mst_id=0 s_id=1 araddr=1c3f5210 arid=1 arlen=1 arsize=3 arburst=1 rid=[11] rresp=[00] rdata=[baadf00d12345678baadf00d12345678]
[515000] MASTER 0 W_VALID_RDY Handshake beat=1 wlast=0
[515000] [MASTER DRIVER] READ mst_id=0 s_id=0 araddr=1c3f5210 arid=1 arlen=1 arsize=3 arburst=1 rid=[11] rresp=[00] rdata=[baadf00d12345678baadf00d12345678]
[515000] SCOREBOARD MATCH: decode_err expected = 0, actual =0
[515000] SCOREBOARD MATCH: slave_id expected = 1, actual =1
[515000] SCOREBOARD MATCH: araddr passthrough expected = 1c3f5210, actual =1c3f5210
[515000] SCOREBOARD MATCH: arlen passthrough expected = 1, actual =1
[515000] SCOREBOARD MATCH: arsize passthrough expected = 3, actual =3
[515000] SCOREBOARD MATCH: arburst passthrough expected = 1, actual =1
[515000] SCOREBOARD MATCH: rdata size check expected = 2, actual =2
[515000] SCOREBOARD MATCH: rdata passthrough beat=0 expected = baadf00d12345678, actual =baadf00d12345678
[515000] SCOREBOARD MATCH: rdata passthrough beat=1 expected = baadf00d12345678, actual =baadf00d12345678
[515000] SCOREBOARD MATCH: rresp size check expected = 2, actual =2
[515000] SCOREBOARD MATCH: rresp passthrough beat=0 expected = 0, actual =0
[515000] SCOREBOARD MATCH: rresp passthrough beat=1 expected = 0, actual =0
[515000] SCOREBOARD MATCH: response routed to correct master (read beat 0) expected = 0, actual =0
[515000] SCOREBOARD MATCH: response routed to correct master (read beat 1) expected = 0, actual =0
[515000] [SCOREBOARD-M] READ mst_id=0 s_id=1 araddr=1c3f5210 arid=1 arlen=1 arsize=3 arburst=1 rid=[11] rresp=[00] rdata=[baadf00d12345678baadf00d12345678]
[515000] [SCOREBOARD-S] READ mst_id=0 s_id=1 araddr=1c3f5210 arid=1 arlen=1 arsize=3 arburst=1 rid=[11] rresp=[00] rdata=[baadf00d12345678baadf00d12345678]
[515000] SCOREBOARD: Transaction 2 received. pass=104 fail=0
[515000] ALL PASS. Total transactions: 2
[525000] MASTER 0 W_VALID_RDY Handshake beat=2 wlast=0
[525000] S1 MEMORY WRITE beat=1 addr=11d6bb99 data=e65bfb48257f9b25 id=00
[535000] S1 MEMORY WRITE beat=2 addr=11d6bb9a data=fdac176aad3da3ac id=00
[535000] MASTER 0 W_VALID_RDY Handshake beat=3 wlast=0
[545000] MASTER 0 W_VALID_RDY Handshake beat=4 wlast=0
[545000] S1 MEMORY WRITE beat=3 addr=11d6bb9b data=815ec781cb440cc2 id=00
[555000] S1 MEMORY WRITE beat=4 addr=11d6bb9c data=f0c3a7e7b7a2140e id=00
[555000] MASTER 0 W_VALID_RDY Handshake beat=5 wlast=0
[565000] MASTER 0 W_VALID_RDY Handshake beat=6 wlast=0
[565000] S1 MEMORY WRITE beat=5 addr=11d6bb9d data=e4dfb7bbe7bac2ca id=00
[575000] S1 MEMORY WRITE beat=6 addr=11d6bb9e data=32fecf8cee6fbf51 id=00
[575000] MASTER 0 W_VALID_RDY Handshake beat=7 wlast=0
[585000] MASTER 0 W_VALID_RDY Handshake beat=8 wlast=0
[585000] S1 MEMORY WRITE beat=7 addr=11d6bb9f data=a611d35fe63e7f3c id=00
[595000] S1 MEMORY WRITE beat=8 addr=11d6bba0 data=cdf9420623c27773 id=00
[595000] MASTER 0 W_VALID_RDY Handshake beat=9 wlast=0
[605000] MASTER 0 W_VALID_RDY Handshake beat=10 wlast=0
[605000] S1 MEMORY WRITE beat=9 addr=11d6bba1 data=123236c48af18b1a id=00
[615000] S1 MEMORY WRITE beat=10 addr=11d6bba2 data=f1300a5780f81192 id=00
[615000] MASTER 0 W_VALID_RDY Handshake beat=11 wlast=0
[625000] MASTER 0 W_VALID_RDY Handshake beat=12 wlast=0
[625000] S1 MEMORY WRITE beat=11 addr=11d6bba3 data=a4ba8905b8440a23 id=00
[635000] S1 MEMORY WRITE beat=12 addr=11d6bba4 data=c335953ebf294c5d id=00
[635000] MASTER 0 W_VALID_RDY Handshake beat=13 wlast=0
[645000] MASTER 0 W_VALID_RDY Handshake beat=14 wlast=0
[645000] S1 MEMORY WRITE beat=13 addr=11d6bba5 data=c0215df0b6ecbfc9 id=00
[655000] S1 MEMORY WRITE beat=14 addr=11d6bba6 data=ef30c9ed34659f95 id=00
[655000] MASTER 0 W_VALID_RDY Handshake beat=15 wlast=0
[665000] MASTER 0 W_VALID_RDY Handshake beat=16 wlast=0
[665000] S1 MEMORY WRITE beat=15 addr=11d6bba7 data=f38eebf2e4dbe6f5 id=00
[675000] S1 MEMORY WRITE beat=16 addr=11d6bba8 data=1bc8a6bf32665f2b id=00
[675000] MASTER 0 W_VALID_RDY Handshake beat=17 wlast=0
[685000] MASTER 0 W_VALID_RDY Handshake beat=18 wlast=0
[685000] S1 MEMORY WRITE beat=17 addr=11d6bba9 data=e6cbfec0b3b049e2 id=00
[695000] S1 MEMORY WRITE beat=18 addr=11d6bbaa data=188c30d80af970ac id=00
[695000] MASTER 0 W_VALID_RDY Handshake beat=19 wlast=0
[705000] MASTER 0 W_VALID_RDY Handshake beat=20 wlast=0
[705000] S1 MEMORY WRITE beat=19 addr=11d6bbab data=3d5fcfd7da5aeab2 id=00
[715000] S1 MEMORY WRITE beat=20 addr=11d6bbac data=0e0b34953454d797 id=00
[715000] MASTER 0 W_VALID_RDY Handshake beat=21 wlast=0
[725000] MASTER 0 W_VALID_RDY Handshake beat=22 wlast=0
[725000] S1 MEMORY WRITE beat=21 addr=11d6bbad data=3f4e4843242bce97 id=00
[735000] S1 MEMORY WRITE beat=22 addr=11d6bbae data=fe86b9492697656d id=00
[735000] MASTER 0 W_VALID_RDY Handshake beat=23 wlast=0
[745000] MASTER 0 W_VALID_RDY Handshake beat=24 wlast=0
[745000] S1 MEMORY WRITE beat=23 addr=11d6bbaf data=daec3d04fcae181a id=00
[755000] S1 MEMORY WRITE beat=24 addr=11d6bbb0 data=20d9e6b18c91edde id=00
[755000] MASTER 0 W_VALID_RDY Handshake beat=25 wlast=0
[765000] MASTER 0 W_VALID_RDY Handshake beat=26 wlast=0
[765000] S1 MEMORY WRITE beat=25 addr=11d6bbb1 data=b329534b1a3a8547 id=00
[775000] S1 MEMORY WRITE beat=26 addr=11d6bbb2 data=16e89d619f609ffa id=00
[775000] MASTER 0 W_VALID_RDY Handshake beat=27 wlast=0
[785000] MASTER 0 W_VALID_RDY Handshake beat=28 wlast=0
[785000] S1 MEMORY WRITE beat=27 addr=11d6bbb3 data=2bf28dd98e15904f id=00
[795000] S1 MEMORY WRITE beat=28 addr=11d6bbb4 data=a850159637c28412 id=00
[795000] MASTER 0 W_VALID_RDY Handshake beat=29 wlast=0
[805000] MASTER 0 W_VALID_RDY Handshake beat=30 wlast=0
[805000] S1 MEMORY WRITE beat=29 addr=11d6bbb5 data=d723240cdf1be124 id=00
[815000] S1 MEMORY WRITE beat=30 addr=11d6bbb6 data=ed317174bf38b2f7 id=00
[815000] MASTER 0 W_VALID_RDY Handshake beat=31 wlast=0
[825000] MASTER 0 W_VALID_RDY Handshake beat=32 wlast=0
[825000] S1 MEMORY WRITE beat=31 addr=11d6bbb7 data=f6fb37098315b1e5 id=00
[835000] S1 MEMORY WRITE beat=32 addr=11d6bbb8 data=e231930a9581870a id=00
[835000] MASTER 0 W_VALID_RDY Handshake beat=33 wlast=0
[845000] MASTER 0 W_VALID_RDY Handshake beat=34 wlast=0
[845000] S1 MEMORY WRITE beat=33 addr=11d6bbb9 data=d4ba3a02ce1e5b16 id=00
[855000] S1 MEMORY WRITE beat=34 addr=11d6bbba data=d1340cfbcf63047e id=00
[855000] MASTER 0 W_VALID_RDY Handshake beat=35 wlast=0
[865000] MASTER 0 W_VALID_RDY Handshake beat=36 wlast=0
[865000] S1 MEMORY WRITE beat=35 addr=11d6bbbb data=e4e48b88cbb5710b id=00
[875000] S1 MEMORY WRITE beat=36 addr=11d6bbbc data=99d3cc21b365a005 id=00
[875000] MASTER 0 W_VALID_RDY Handshake beat=37 wlast=0
[885000] MASTER 0 W_VALID_RDY Handshake beat=38 wlast=0
[885000] S1 MEMORY WRITE beat=37 addr=11d6bbbd data=82c8a483b99ec58a id=00
[895000] S1 MEMORY WRITE beat=38 addr=11d6bbbe data=05543696eb07d91d id=00
[895000] MASTER 0 W_VALID_RDY Handshake beat=39 wlast=0
[905000] MASTER 0 W_VALID_RDY Handshake beat=40 wlast=0
[905000] S1 MEMORY WRITE beat=39 addr=11d6bbbf data=9e6d7922e7ad300c id=00
[915000] S1 MEMORY WRITE beat=40 addr=11d6bbc0 data=a14bf5969f2802b7 id=00
[915000] MASTER 0 W_VALID_RDY Handshake beat=41 wlast=0
[925000] MASTER 0 W_VALID_RDY Handshake beat=42 wlast=0
[925000] S1 MEMORY WRITE beat=41 addr=11d6bbc1 data=8a2fdbd421361da6 id=00
[935000] S1 MEMORY WRITE beat=42 addr=11d6bbc2 data=08e34db2a6a02c2c id=00
[935000] MASTER 0 W_VALID_RDY Handshake beat=43 wlast=0
[945000] MASTER 0 W_VALID_RDY Handshake beat=44 wlast=0
[945000] S1 MEMORY WRITE beat=43 addr=11d6bbc3 data=c5c82ee4289d54f7 id=00
[955000] S1 MEMORY WRITE beat=44 addr=11d6bbc4 data=c9d3729daa2f4348 id=00
[955000] MASTER 0 W_VALID_RDY Handshake beat=45 wlast=0
[965000] MASTER 0 W_VALID_RDY Handshake beat=46 wlast=0
[965000] S1 MEMORY WRITE beat=45 addr=11d6bbc5 data=d0cf6f75cff80ab8 id=00
[975000] S1 MEMORY WRITE beat=46 addr=11d6bbc6 data=f8955fafd2b6c04f id=00
[975000] MASTER 0 W_VALID_RDY Handshake beat=47 wlast=0
[985000] MASTER 0 W_VALID_RDY Handshake beat=48 wlast=0
[985000] S1 MEMORY WRITE beat=47 addr=11d6bbc7 data=fce6039716979e59 id=00
[995000] S1 MEMORY WRITE beat=48 addr=11d6bbc8 data=e68fa911c268d24c id=00
[995000] MASTER 0 W_VALID_RDY Handshake beat=49 wlast=0
[1005000] MASTER 0 W_VALID_RDY Handshake beat=50 wlast=0
[1005000] S1 MEMORY WRITE beat=49 addr=11d6bbc9 data=951f929bcdb5730c id=00
[1015000] S1 MEMORY WRITE beat=50 addr=11d6bbca data=e44d1165df2508c1 id=00
[1015000] MASTER 0 W_VALID_RDY Handshake beat=51 wlast=0
[1025000] MASTER 0 W_VALID_RDY Handshake beat=52 wlast=0
[1025000] S1 MEMORY WRITE beat=51 addr=11d6bbcb data=a18ddb0d12059633 id=00
[1035000] S1 MEMORY WRITE beat=52 addr=11d6bbcc data=dfbb093fcadcba77 id=00
[1035000] MASTER 0 W_VALID_RDY Handshake beat=53 wlast=0
[1045000] MASTER 0 W_VALID_RDY Handshake beat=54 wlast=0
[1045000] S1 MEMORY WRITE beat=53 addr=11d6bbcd data=2a01c33836ad6da9 id=00
[1055000] S1 MEMORY WRITE beat=54 addr=11d6bbce data=c8b303dcc4081aa5 id=00
[1055000] MASTER 0 W_VALID_RDY Handshake beat=55 wlast=0
[1065000] MASTER 0 W_VALID_RDY Handshake beat=56 wlast=0
[1065000] S1 MEMORY WRITE beat=55 addr=11d6bbcf data=0ee4d51ccb8f9e45 id=00
[1075000] S1 MEMORY WRITE beat=56 addr=11d6bbd0 data=823d0beea86e0d1b id=00
[1075000] MASTER 0 W_VALID_RDY Handshake beat=57 wlast=0
[1085000] MASTER 0 W_VALID_RDY Handshake beat=58 wlast=0
[1085000] S1 MEMORY WRITE beat=57 addr=11d6bbd1 data=ec7627c038e69854 id=00
[1095000] S1 MEMORY WRITE beat=58 addr=11d6bbd2 data=84763699caf00fca id=00
[1095000] MASTER 0 W_VALID_RDY Handshake beat=59 wlast=0
[1105000] MASTER 0 W_VALID_RDY Handshake beat=60 wlast=0
[1105000] S1 MEMORY WRITE beat=59 addr=11d6bbd3 data=f35e1ce6fb5afcdc id=00
[1115000] S1 MEMORY WRITE beat=60 addr=11d6bbd4 data=b441953006b34288 id=00
[1115000] MASTER 0 W_VALID_RDY Handshake beat=61 wlast=0
[1125000] MASTER 0 W_VALID_RDY Handshake beat=62 wlast=0
[1125000] S1 MEMORY WRITE beat=61 addr=11d6bbd5 data=d1a35252dfd444a6 id=00
[1135000] S1 MEMORY WRITE beat=62 addr=11d6bbd6 data=db2f418338b7cbca id=00
[1135000] MASTER 0 W_VALID_RDY Handshake beat=63 wlast=0
[1145000] MASTER 0 W_VALID_RDY Handshake beat=64 wlast=0
[1145000] S1 MEMORY WRITE beat=63 addr=11d6bbd7 data=3f6b0e52c5016f38 id=00
[1155000] S1 MEMORY WRITE beat=64 addr=11d6bbd8 data=24d5b3df8f70d6b3 id=00
[1155000] MASTER 0 W_VALID_RDY Handshake beat=65 wlast=0
[1165000] MASTER 0 W_VALID_RDY Handshake beat=66 wlast=0
[1165000] S1 MEMORY WRITE beat=65 addr=11d6bbd9 data=c828a27d910e60a4 id=00
[1175000] S1 MEMORY WRITE beat=66 addr=11d6bbda data=d60fcfdd0004f562 id=00
[1175000] MASTER 0 W_VALID_RDY Handshake beat=67 wlast=0
[1185000] MASTER 0 W_VALID_RDY Handshake beat=68 wlast=0
[1185000] S1 MEMORY WRITE beat=67 addr=11d6bbdb data=8f75cc158793b0cf id=00
[1195000] S1 MEMORY WRITE beat=68 addr=11d6bbdc data=18a21174fae583bc id=00
[1195000] MASTER 0 W_VALID_RDY Handshake beat=69 wlast=0
[1205000] MASTER 0 W_VALID_RDY Handshake beat=70 wlast=0
[1205000] S1 MEMORY WRITE beat=69 addr=11d6bbdd data=faea791ed79e6e93 id=00
[1215000] S1 MEMORY WRITE beat=70 addr=11d6bbde data=df321f62eeb1e151 id=00
[1215000] MASTER 0 W_VALID_RDY Handshake beat=71 wlast=0
[1225000] MASTER 0 W_VALID_RDY Handshake beat=72 wlast=0
[1225000] S1 MEMORY WRITE beat=71 addr=11d6bbdf data=e997650d8a604533 id=00
[1235000] S1 MEMORY WRITE beat=72 addr=11d6bbe0 data=e1feb3c6f7d430d6 id=00
[1235000] MASTER 0 W_VALID_RDY Handshake beat=73 wlast=0
[1245000] MASTER 0 W_VALID_RDY Handshake beat=74 wlast=0
[1245000] S1 MEMORY WRITE beat=73 addr=11d6bbe1 data=e6861227e481de2b id=00
[1255000] S1 MEMORY WRITE beat=74 addr=11d6bbe2 data=eee2235ec130d329 id=00
[1255000] MASTER 0 W_VALID_RDY Handshake beat=75 wlast=0
[1265000] MASTER 0 W_VALID_RDY Handshake beat=76 wlast=0
[1265000] S1 MEMORY WRITE beat=75 addr=11d6bbe3 data=b90503ffd01d7734 id=00
[1275000] S1 MEMORY WRITE beat=76 addr=11d6bbe4 data=b49f555fd0e0d725 id=00
[1275000] MASTER 0 W_VALID_RDY Handshake beat=77 wlast=0
[1285000] MASTER 0 W_VALID_RDY Handshake beat=78 wlast=0
[1285000] S1 MEMORY WRITE beat=77 addr=11d6bbe5 data=1211aa4e1f8b1627 id=00
[1295000] S1 MEMORY WRITE beat=78 addr=11d6bbe6 data=efa88d5b238178be id=00
[1295000] MASTER 0 W_VALID_RDY Handshake beat=79 wlast=0
[1305000] MASTER 0 W_VALID_RDY Handshake beat=80 wlast=0
[1305000] S1 MEMORY WRITE beat=79 addr=11d6bbe7 data=f4624fe3cb16ae4d id=00
[1315000] S1 MEMORY WRITE beat=80 addr=11d6bbe8 data=eaa1c4742447e2bb id=00
[1315000] MASTER 0 W_VALID_RDY Handshake beat=81 wlast=0
[1325000] MASTER 0 W_VALID_RDY Handshake beat=82 wlast=0
[1325000] S1 MEMORY WRITE beat=81 addr=11d6bbe9 data=c7c95b790673fa31 id=00
[1335000] S1 MEMORY WRITE beat=82 addr=11d6bbea data=d18aa87eda4a51d0 id=00
[1335000] MASTER 0 W_VALID_RDY Handshake beat=83 wlast=0
[1345000] MASTER 0 W_VALID_RDY Handshake beat=84 wlast=0
[1345000] S1 MEMORY WRITE beat=83 addr=11d6bbeb data=fe92348b3c2bab5c id=00
[1355000] S1 MEMORY WRITE beat=84 addr=11d6bbec data=c29fa58d3c2c6cf3 id=00
[1355000] MASTER 0 W_VALID_RDY Handshake beat=85 wlast=0
[1365000] MASTER 0 W_VALID_RDY Handshake beat=86 wlast=0
[1365000] S1 MEMORY WRITE beat=85 addr=11d6bbed data=1676bec3c65b9004 id=00
[1375000] S1 MEMORY WRITE beat=86 addr=11d6bbee data=02873b60942a4e0b id=00
[1375000] MASTER 0 W_VALID_RDY Handshake beat=87 wlast=0
[1385000] MASTER 0 W_VALID_RDY Handshake beat=88 wlast=0
[1385000] S1 MEMORY WRITE beat=87 addr=11d6bbef data=d056bafe1508f34e id=00
[1395000] S1 MEMORY WRITE beat=88 addr=11d6bbf0 data=db648352c526e0ed id=00
[1395000] MASTER 0 W_VALID_RDY Handshake beat=89 wlast=0
[1405000] MASTER 0 W_VALID_RDY Handshake beat=90 wlast=0
[1405000] S1 MEMORY WRITE beat=89 addr=11d6bbf1 data=d9512ef8e6cd79c1 id=00
[1415000] S1 MEMORY WRITE beat=90 addr=11d6bbf2 data=fbd66d0fddebbeb2 id=00
[1415000] MASTER 0 W_VALID_RDY Handshake beat=91 wlast=0
[1425000] MASTER 0 W_VALID_RDY Handshake beat=92 wlast=0
[1425000] S1 MEMORY WRITE beat=91 addr=11d6bbf3 data=23129f9f29a7e9f7 id=00
[1435000] S1 MEMORY WRITE beat=92 addr=11d6bbf4 data=907563b8d73af061 id=00
[1435000] MASTER 0 W_VALID_RDY Handshake beat=93 wlast=0
[1445000] MASTER 0 W_VALID_RDY Handshake beat=94 wlast=0
[1445000] S1 MEMORY WRITE beat=93 addr=11d6bbf5 data=b526af13fc63ce97 id=00
[1455000] S1 MEMORY WRITE beat=94 addr=11d6bbf6 data=a60bb88e0c4bd0c8 id=00
[1455000] MASTER 0 W_VALID_RDY Handshake beat=95 wlast=1
[1455000] MASTER_DRIVER0 received transaction, op=AXI_WRITE
[1465000] S1 MEMORY WRITE beat=95 addr=11d6bbf7 data=e386c129d8394eb2 id=00
[1475000] SLAVE1 sent B resp, id=0
[1475000] [SLAVE MONITOR] mst_id=0 s_id=1 awaddr=11d6bb98 awid=0 awlen=95 awsize=0 awburst=1 wdata=[b9f5fca4d42123d5 e65bfb48257f9b25 fdac176aad3da3ac 815ec781cb440cc2 f0c3a7e7b7a2140e e4dfb7bbe7bac2ca 32fecf8cee6fbf51 a611d35fe63e7f3c cdf9420623c27773 123236c48af18b1a f1300a5780f81192 a4ba8905b8440a23 c335953ebf294c5d c0215df0b6ecbfc9 ef30c9ed34659f95 f38eebf2e4dbe6f5 1bc8a6bf32665f2b e6cbfec0b3b049e2 188c30d80af970ac 3d5fcfd7da5aeab2 e0b34953454d797 3f4e4843242bce97 fe86b9492697656d daec3d04fcae181a 20d9e6b18c91edde b329534b1a3a8547 16e89d619f609ffa 2bf28dd98e15904f a850159637c28412 d723240cdf1be124 ed317174bf38b2f7 f6fb37098315b1e5 e231930a9581870a d4ba3a02ce1e5b16 d1340cfbcf63047e e4e48b88cbb5710b 99d3cc21b365a005 82c8a483b99ec58a 5543696eb07d91d 9e6d7922e7ad300c a14bf5969f2802b7 8a2fdbd421361da6 8e34db2a6a02c2c c5c82ee4289d54f7 c9d3729daa2f4348 d0cf6f75cff80ab8 f8955fafd2b6c04f fce6039716979e59 e68fa911c268d24c 951f929bcdb5730c e44d1165df2508c1 a18ddb0d12059633 dfbb093fcadcba77 2a01c33836ad6da9 c8b303dcc4081aa5 ee4d51ccb8f9e45 823d0beea86e0d1b ec7627c038e69854 84763699caf00fca f35e1ce6fb5afcdc b441953006b34288 d1a35252dfd444a6 db2f418338b7cbca 3f6b0e52c5016f38 24d5b3df8f70d6b3 c828a27d910e60a4 d60fcfdd0004f562 8f75cc158793b0cf 18a21174fae583bc faea791ed79e6e93 df321f62eeb1e151 e997650d8a604533 e1feb3c6f7d430d6 e6861227e481de2b eee2235ec130d329 b90503ffd01d7734 b49f555fd0e0d725 1211aa4e1f8b1627 efa88d5b238178be f4624fe3cb16ae4d eaa1c4742447e2bb c7c95b790673fa31 d18aa87eda4a51d0 fe92348b3c2bab5c c29fa58d3c2c6cf3 1676bec3c65b9004 2873b60942a4e0b d056bafe1508f34e db648352c526e0ed d9512ef8e6cd79c1 fbd66d0fddebbeb2 23129f9f29a7e9f7 907563b8d73af061 b526af13fc63ce97 a60bb88e0c4bd0c8 e386c129d8394eb2 ] wstrb=[47 4a 3d f d8 ef 38 1f 39 75 2e 12 65 67 31 9e dc 60 b0 41 c7 e2 e0 a3 42 90 e5 9 72 c5 ac b4 55 91 bd c8 56 6a 7c ac fb 3a 74 52 a4 f0 fe 9f 2a 72 f1 ce 62 ef 6e 8d 61 5f 5b c4 4f c9 51 b0 29 ac 74 78 76 c5 28 9f 72 9d 17 e8 62 3f 87 d4 dc 9e bc 3f dd 43 13 ba e1 d0 f9 bf 13 c 79 f5 ] bresp=0 bid=0
[1475000] MASTER 0 AW_VALID_RDY Handshake
[1485000] ARB MONITOR: slave=0 m0_req=1 m1_req=0 winner=0
[1485000] AXI S0_AWVALID_RDY HANDSHAKE
[1495000] MASTER 0 W_VALID_RDY Handshake beat=0 wlast=0
[1495000] MASTER 0 B_VALID_RDY Handshake
[1495000] [MASTER MONITOR] mst_id=0 s_id=1 awaddr=11d6bb98 awid=0 awlen=95 awsize=0 awburst=1 wdata=[b9f5fca4d42123d5 e65bfb48257f9b25 fdac176aad3da3ac 815ec781cb440cc2 f0c3a7e7b7a2140e e4dfb7bbe7bac2ca 32fecf8cee6fbf51 a611d35fe63e7f3c cdf9420623c27773 123236c48af18b1a f1300a5780f81192 a4ba8905b8440a23 c335953ebf294c5d c0215df0b6ecbfc9 ef30c9ed34659f95 f38eebf2e4dbe6f5 1bc8a6bf32665f2b e6cbfec0b3b049e2 188c30d80af970ac 3d5fcfd7da5aeab2 e0b34953454d797 3f4e4843242bce97 fe86b9492697656d daec3d04fcae181a 20d9e6b18c91edde b329534b1a3a8547 16e89d619f609ffa 2bf28dd98e15904f a850159637c28412 d723240cdf1be124 ed317174bf38b2f7 f6fb37098315b1e5 e231930a9581870a d4ba3a02ce1e5b16 d1340cfbcf63047e e4e48b88cbb5710b 99d3cc21b365a005 82c8a483b99ec58a 5543696eb07d91d 9e6d7922e7ad300c a14bf5969f2802b7 8a2fdbd421361da6 8e34db2a6a02c2c c5c82ee4289d54f7 c9d3729daa2f4348 d0cf6f75cff80ab8 f8955fafd2b6c04f fce6039716979e59 e68fa911c268d24c 951f929bcdb5730c e44d1165df2508c1 a18ddb0d12059633 dfbb093fcadcba77 2a01c33836ad6da9 c8b303dcc4081aa5 ee4d51ccb8f9e45 823d0beea86e0d1b ec7627c038e69854 84763699caf00fca f35e1ce6fb5afcdc b441953006b34288 d1a35252dfd444a6 db2f418338b7cbca 3f6b0e52c5016f38 24d5b3df8f70d6b3 c828a27d910e60a4 d60fcfdd0004f562 8f75cc158793b0cf 18a21174fae583bc faea791ed79e6e93 df321f62eeb1e151 e997650d8a604533 e1feb3c6f7d430d6 e6861227e481de2b eee2235ec130d329 b90503ffd01d7734 b49f555fd0e0d725 1211aa4e1f8b1627 efa88d5b238178be f4624fe3cb16ae4d eaa1c4742447e2bb c7c95b790673fa31 d18aa87eda4a51d0 fe92348b3c2bab5c c29fa58d3c2c6cf3 1676bec3c65b9004 2873b60942a4e0b d056bafe1508f34e db648352c526e0ed d9512ef8e6cd79c1 fbd66d0fddebbeb2 23129f9f29a7e9f7 907563b8d73af061 b526af13fc63ce97 a60bb88e0c4bd0c8 e386c129d8394eb2 ] wstrb=[47 4a 3d f d8 ef 38 1f 39 75 2e 12 65 67 31 9e dc 60 b0 41 c7 e2 e0 a3 42 90 e5 9 72 c5 ac b4 55 91 bd c8 56 6a 7c ac fb 3a 74 52 a4 f0 fe 9f 2a 72 f1 ce 62 ef 6e 8d 61 5f 5b c4 4f c9 51 b0 29 ac 74 78 76 c5 28 9f 72 9d 17 e8 62 3f 87 d4 dc 9e bc 3f dd 43 13 ba e1 d0 f9 bf 13 c 79 f5 ] bresp=0 bid=0
[1495000] MASTER 0 RECEIVED BRESP. BRESP=0
[1495000] [MASTER DRIVER] mst_id=0 s_id=0 awaddr=11d6bb98 awid=0 awlen=95 awsize=0 awburst=1 wdata=[b9f5fca4d42123d5 e65bfb48257f9b25 fdac176aad3da3ac 815ec781cb440cc2 f0c3a7e7b7a2140e e4dfb7bbe7bac2ca 32fecf8cee6fbf51 a611d35fe63e7f3c cdf9420623c27773 123236c48af18b1a f1300a5780f81192 a4ba8905b8440a23 c335953ebf294c5d c0215df0b6ecbfc9 ef30c9ed34659f95 f38eebf2e4dbe6f5 1bc8a6bf32665f2b e6cbfec0b3b049e2 188c30d80af970ac 3d5fcfd7da5aeab2 e0b34953454d797 3f4e4843242bce97 fe86b9492697656d daec3d04fcae181a 20d9e6b18c91edde b329534b1a3a8547 16e89d619f609ffa 2bf28dd98e15904f a850159637c28412 d723240cdf1be124 ed317174bf38b2f7 f6fb37098315b1e5 e231930a9581870a d4ba3a02ce1e5b16 d1340cfbcf63047e e4e48b88cbb5710b 99d3cc21b365a005 82c8a483b99ec58a 5543696eb07d91d 9e6d7922e7ad300c a14bf5969f2802b7 8a2fdbd421361da6 8e34db2a6a02c2c c5c82ee4289d54f7 c9d3729daa2f4348 d0cf6f75cff80ab8 f8955fafd2b6c04f fce6039716979e59 e68fa911c268d24c 951f929bcdb5730c e44d1165df2508c1 a18ddb0d12059633 dfbb093fcadcba77 2a01c33836ad6da9 c8b303dcc4081aa5 ee4d51ccb8f9e45 823d0beea86e0d1b ec7627c038e69854 84763699caf00fca f35e1ce6fb5afcdc b441953006b34288 d1a35252dfd444a6 db2f418338b7cbca 3f6b0e52c5016f38 24d5b3df8f70d6b3 c828a27d910e60a4 d60fcfdd0004f562 8f75cc158793b0cf 18a21174fae583bc faea791ed79e6e93 df321f62eeb1e151 e997650d8a604533 e1feb3c6f7d430d6 e6861227e481de2b eee2235ec130d329 b90503ffd01d7734 b49f555fd0e0d725 1211aa4e1f8b1627 efa88d5b238178be f4624fe3cb16ae4d eaa1c4742447e2bb c7c95b790673fa31 d18aa87eda4a51d0 fe92348b3c2bab5c c29fa58d3c2c6cf3 1676bec3c65b9004 2873b60942a4e0b d056bafe1508f34e db648352c526e0ed d9512ef8e6cd79c1 fbd66d0fddebbeb2 23129f9f29a7e9f7 907563b8d73af061 b526af13fc63ce97 a60bb88e0c4bd0c8 e386c129d8394eb2 ] wstrb=[47 4a 3d f d8 ef 38 1f 39 75 2e 12 65 67 31 9e dc 60 b0 41 c7 e2 e0 a3 42 90 e5 9 72 c5 ac b4 55 91 bd c8 56 6a 7c ac fb 3a 74 52 a4 f0 fe 9f 2a 72 f1 ce 62 ef 6e 8d 61 5f 5b c4 4f c9 51 b0 29 ac 74 78 76 c5 28 9f 72 9d 17 e8 62 3f 87 d4 dc 9e bc 3f dd 43 13 ba e1 d0 f9 bf 13 c 79 f5 ] bresp=0 bid=0
[1495000] SCOREBOARD MATCH: decode_err expected = 0, actual =0
[1495000] SCOREBOARD MATCH: slave_id expected = 1, actual =1
[1495000] SCOREBOARD MATCH: awaddr passthrough expected = 11d6bb98, actual =11d6bb98
[1495000] SCOREBOARD MATCH: awlen passthrough expected = 95, actual =95
[1495000] SCOREBOARD MATCH: awsize passthrough expected = 0, actual =0
[1495000] SCOREBOARD MATCH: awburst passthrough expected = 1, actual =1
[1495000] SCOREBOARD MATCH: wdata size check expected = 60, actual =60
[1495000] SCOREBOARD MATCH: wdata passthrough beat=0 expected = b9f5fca4d42123d5, actual =b9f5fca4d42123d5
[1495000] SCOREBOARD MATCH: wdata passthrough beat=1 expected = e65bfb48257f9b25, actual =e65bfb48257f9b25
[1495000] SCOREBOARD MATCH: wdata passthrough beat=2 expected = fdac176aad3da3ac, actual =fdac176aad3da3ac
[1495000] SCOREBOARD MATCH: wdata passthrough beat=3 expected = 815ec781cb440cc2, actual =815ec781cb440cc2
[1495000] SCOREBOARD MATCH: wdata passthrough beat=4 expected = f0c3a7e7b7a2140e, actual =f0c3a7e7b7a2140e
[1495000] SCOREBOARD MATCH: wdata passthrough beat=5 expected = e4dfb7bbe7bac2ca, actual =e4dfb7bbe7bac2ca
[1495000] SCOREBOARD MATCH: wdata passthrough beat=6 expected = 32fecf8cee6fbf51, actual =32fecf8cee6fbf51
[1495000] SCOREBOARD MATCH: wdata passthrough beat=7 expected = a611d35fe63e7f3c, actual =a611d35fe63e7f3c
[1495000] SCOREBOARD MATCH: wdata passthrough beat=8 expected = cdf9420623c27773, actual =cdf9420623c27773
[1495000] SCOREBOARD MATCH: wdata passthrough beat=9 expected = 123236c48af18b1a, actual =123236c48af18b1a
[1495000] SCOREBOARD MATCH: wdata passthrough beat=10 expected = f1300a5780f81192, actual =f1300a5780f81192
[1495000] SCOREBOARD MATCH: wdata passthrough beat=11 expected = a4ba8905b8440a23, actual =a4ba8905b8440a23
[1495000] SCOREBOARD MATCH: wdata passthrough beat=12 expected = c335953ebf294c5d, actual =c335953ebf294c5d
[1495000] SCOREBOARD MATCH: wdata passthrough beat=13 expected = c0215df0b6ecbfc9, actual =c0215df0b6ecbfc9
[1495000] SCOREBOARD MATCH: wdata passthrough beat=14 expected = ef30c9ed34659f95, actual =ef30c9ed34659f95
[1495000] SCOREBOARD MATCH: wdata passthrough beat=15 expected = f38eebf2e4dbe6f5, actual =f38eebf2e4dbe6f5
[1495000] SCOREBOARD MATCH: wdata passthrough beat=16 expected = 1bc8a6bf32665f2b, actual =1bc8a6bf32665f2b
[1495000] SCOREBOARD MATCH: wdata passthrough beat=17 expected = e6cbfec0b3b049e2, actual =e6cbfec0b3b049e2
[1495000] SCOREBOARD MATCH: wdata passthrough beat=18 expected = 188c30d80af970ac, actual =188c30d80af970ac
[1495000] SCOREBOARD MATCH: wdata passthrough beat=19 expected = 3d5fcfd7da5aeab2, actual =3d5fcfd7da5aeab2
[1495000] SCOREBOARD MATCH: wdata passthrough beat=20 expected = e0b34953454d797, actual =e0b34953454d797
[1495000] SCOREBOARD MATCH: wdata passthrough beat=21 expected = 3f4e4843242bce97, actual =3f4e4843242bce97
[1495000] SCOREBOARD MATCH: wdata passthrough beat=22 expected = fe86b9492697656d, actual =fe86b9492697656d
[1495000] SCOREBOARD MATCH: wdata passthrough beat=23 expected = daec3d04fcae181a, actual =daec3d04fcae181a
[1495000] SCOREBOARD MATCH: wdata passthrough beat=24 expected = 20d9e6b18c91edde, actual =20d9e6b18c91edde
[1495000] SCOREBOARD MATCH: wdata passthrough beat=25 expected = b329534b1a3a8547, actual =b329534b1a3a8547
[1495000] SCOREBOARD MATCH: wdata passthrough beat=26 expected = 16e89d619f609ffa, actual =16e89d619f609ffa
[1495000] SCOREBOARD MATCH: wdata passthrough beat=27 expected = 2bf28dd98e15904f, actual =2bf28dd98e15904f
[1495000] SCOREBOARD MATCH: wdata passthrough beat=28 expected = a850159637c28412, actual =a850159637c28412
[1495000] SCOREBOARD MATCH: wdata passthrough beat=29 expected = d723240cdf1be124, actual =d723240cdf1be124
[1495000] SCOREBOARD MATCH: wdata passthrough beat=30 expected = ed317174bf38b2f7, actual =ed317174bf38b2f7
[1495000] SCOREBOARD MATCH: wdata passthrough beat=31 expected = f6fb37098315b1e5, actual =f6fb37098315b1e5
[1495000] SCOREBOARD MATCH: wdata passthrough beat=32 expected = e231930a9581870a, actual =e231930a9581870a
[1495000] SCOREBOARD MATCH: wdata passthrough beat=33 expected = d4ba3a02ce1e5b16, actual =d4ba3a02ce1e5b16
[1495000] SCOREBOARD MATCH: wdata passthrough beat=34 expected = d1340cfbcf63047e, actual =d1340cfbcf63047e
[1495000] SCOREBOARD MATCH: wdata passthrough beat=35 expected = e4e48b88cbb5710b, actual =e4e48b88cbb5710b
[1495000] SCOREBOARD MATCH: wdata passthrough beat=36 expected = 99d3cc21b365a005, actual =99d3cc21b365a005
[1495000] SCOREBOARD MATCH: wdata passthrough beat=37 expected = 82c8a483b99ec58a, actual =82c8a483b99ec58a
[1495000] SCOREBOARD MATCH: wdata passthrough beat=38 expected = 5543696eb07d91d, actual =5543696eb07d91d
[1495000] SCOREBOARD MATCH: wdata passthrough beat=39 expected = 9e6d7922e7ad300c, actual =9e6d7922e7ad300c
[1495000] SCOREBOARD MATCH: wdata passthrough beat=40 expected = a14bf5969f2802b7, actual =a14bf5969f2802b7
[1495000] SCOREBOARD MATCH: wdata passthrough beat=41 expected = 8a2fdbd421361da6, actual =8a2fdbd421361da6
[1495000] SCOREBOARD MATCH: wdata passthrough beat=42 expected = 8e34db2a6a02c2c, actual =8e34db2a6a02c2c
[1495000] SCOREBOARD MATCH: wdata passthrough beat=43 expected = c5c82ee4289d54f7, actual =c5c82ee4289d54f7
[1495000] SCOREBOARD MATCH: wdata passthrough beat=44 expected = c9d3729daa2f4348, actual =c9d3729daa2f4348
[1495000] SCOREBOARD MATCH: wdata passthrough beat=45 expected = d0cf6f75cff80ab8, actual =d0cf6f75cff80ab8
[1495000] SCOREBOARD MATCH: wdata passthrough beat=46 expected = f8955fafd2b6c04f, actual =f8955fafd2b6c04f
[1495000] SCOREBOARD MATCH: wdata passthrough beat=47 expected = fce6039716979e59, actual =fce6039716979e59
[1495000] SCOREBOARD MATCH: wdata passthrough beat=48 expected = e68fa911c268d24c, actual =e68fa911c268d24c
[1495000] SCOREBOARD MATCH: wdata passthrough beat=49 expected = 951f929bcdb5730c, actual =951f929bcdb5730c
[1495000] SCOREBOARD MATCH: wdata passthrough beat=50 expected = e44d1165df2508c1, actual =e44d1165df2508c1
[1495000] SCOREBOARD MATCH: wdata passthrough beat=51 expected = a18ddb0d12059633, actual =a18ddb0d12059633
[1495000] SCOREBOARD MATCH: wdata passthrough beat=52 expected = dfbb093fcadcba77, actual =dfbb093fcadcba77
[1495000] SCOREBOARD MATCH: wdata passthrough beat=53 expected = 2a01c33836ad6da9, actual =2a01c33836ad6da9
[1495000] SCOREBOARD MATCH: wdata passthrough beat=54 expected = c8b303dcc4081aa5, actual =c8b303dcc4081aa5
[1495000] SCOREBOARD MATCH: wdata passthrough beat=55 expected = ee4d51ccb8f9e45, actual =ee4d51ccb8f9e45
[1495000] SCOREBOARD MATCH: wdata passthrough beat=56 expected = 823d0beea86e0d1b, actual =823d0beea86e0d1b
[1495000] SCOREBOARD MATCH: wdata passthrough beat=57 expected = ec7627c038e69854, actual =ec7627c038e69854
[1495000] SCOREBOARD MATCH: wdata passthrough beat=58 expected = 84763699caf00fca, actual =84763699caf00fca
[1495000] SCOREBOARD MATCH: wdata passthrough beat=59 expected = f35e1ce6fb5afcdc, actual =f35e1ce6fb5afcdc
[1495000] SCOREBOARD MATCH: wdata passthrough beat=60 expected = b441953006b34288, actual =b441953006b34288
[1495000] SCOREBOARD MATCH: wdata passthrough beat=61 expected = d1a35252dfd444a6, actual =d1a35252dfd444a6
[1495000] SCOREBOARD MATCH: wdata passthrough beat=62 expected = db2f418338b7cbca, actual =db2f418338b7cbca
[1495000] SCOREBOARD MATCH: wdata passthrough beat=63 expected = 3f6b0e52c5016f38, actual =3f6b0e52c5016f38
[1495000] SCOREBOARD MATCH: wdata passthrough beat=64 expected = 24d5b3df8f70d6b3, actual =24d5b3df8f70d6b3
[1495000] SCOREBOARD MATCH: wdata passthrough beat=65 expected = c828a27d910e60a4, actual =c828a27d910e60a4
[1495000] SCOREBOARD MATCH: wdata passthrough beat=66 expected = d60fcfdd0004f562, actual =d60fcfdd0004f562
[1495000] SCOREBOARD MATCH: wdata passthrough beat=67 expected = 8f75cc158793b0cf, actual =8f75cc158793b0cf
[1495000] SCOREBOARD MATCH: wdata passthrough beat=68 expected = 18a21174fae583bc, actual =18a21174fae583bc
[1495000] SCOREBOARD MATCH: wdata passthrough beat=69 expected = faea791ed79e6e93, actual =faea791ed79e6e93
[1495000] SCOREBOARD MATCH: wdata passthrough beat=70 expected = df321f62eeb1e151, actual =df321f62eeb1e151
[1495000] SCOREBOARD MATCH: wdata passthrough beat=71 expected = e997650d8a604533, actual =e997650d8a604533
[1495000] SCOREBOARD MATCH: wdata passthrough beat=72 expected = e1feb3c6f7d430d6, actual =e1feb3c6f7d430d6
[1495000] SCOREBOARD MATCH: wdata passthrough beat=73 expected = e6861227e481de2b, actual =e6861227e481de2b
[1495000] SCOREBOARD MATCH: wdata passthrough beat=74 expected = eee2235ec130d329, actual =eee2235ec130d329
[1495000] SCOREBOARD MATCH: wdata passthrough beat=75 expected = b90503ffd01d7734, actual =b90503ffd01d7734
[1495000] SCOREBOARD MATCH: wdata passthrough beat=76 expected = b49f555fd0e0d725, actual =b49f555fd0e0d725
[1495000] SCOREBOARD MATCH: wdata passthrough beat=77 expected = 1211aa4e1f8b1627, actual =1211aa4e1f8b1627
[1495000] SCOREBOARD MATCH: wdata passthrough beat=78 expected = efa88d5b238178be, actual =efa88d5b238178be
[1495000] SCOREBOARD MATCH: wdata passthrough beat=79 expected = f4624fe3cb16ae4d, actual =f4624fe3cb16ae4d
[1495000] SCOREBOARD MATCH: wdata passthrough beat=80 expected = eaa1c4742447e2bb, actual =eaa1c4742447e2bb
[1495000] SCOREBOARD MATCH: wdata passthrough beat=81 expected = c7c95b790673fa31, actual =c7c95b790673fa31
[1495000] SCOREBOARD MATCH: wdata passthrough beat=82 expected = d18aa87eda4a51d0, actual =d18aa87eda4a51d0
[1495000] SCOREBOARD MATCH: wdata passthrough beat=83 expected = fe92348b3c2bab5c, actual =fe92348b3c2bab5c
[1495000] SCOREBOARD MATCH: wdata passthrough beat=84 expected = c29fa58d3c2c6cf3, actual =c29fa58d3c2c6cf3
[1495000] SCOREBOARD MATCH: wdata passthrough beat=85 expected = 1676bec3c65b9004, actual =1676bec3c65b9004
[1495000] SCOREBOARD MATCH: wdata passthrough beat=86 expected = 2873b60942a4e0b, actual =2873b60942a4e0b
[1495000] SCOREBOARD MATCH: wdata passthrough beat=87 expected = d056bafe1508f34e, actual =d056bafe1508f34e
[1495000] SCOREBOARD MATCH: wdata passthrough beat=88 expected = db648352c526e0ed, actual =db648352c526e0ed
[1495000] SCOREBOARD MATCH: wdata passthrough beat=89 expected = d9512ef8e6cd79c1, actual =d9512ef8e6cd79c1
[1495000] SCOREBOARD MATCH: wdata passthrough beat=90 expected = fbd66d0fddebbeb2, actual =fbd66d0fddebbeb2
[1495000] SCOREBOARD MATCH: wdata passthrough beat=91 expected = 23129f9f29a7e9f7, actual =23129f9f29a7e9f7
[1495000] SCOREBOARD MATCH: wdata passthrough beat=92 expected = 907563b8d73af061, actual =907563b8d73af061
[1495000] SCOREBOARD MATCH: wdata passthrough beat=93 expected = b526af13fc63ce97, actual =b526af13fc63ce97
[1495000] SCOREBOARD MATCH: wdata passthrough beat=94 expected = a60bb88e0c4bd0c8, actual =a60bb88e0c4bd0c8
[1495000] SCOREBOARD MATCH: wdata passthrough beat=95 expected = e386c129d8394eb2, actual =e386c129d8394eb2
[1495000] SCOREBOARD MATCH: wstrb size check expected = 60, actual =60
[1495000] SCOREBOARD MATCH: wstrb passthrough beat=0 expected = 47, actual =47
[1495000] SCOREBOARD MATCH: wstrb passthrough beat=1 expected = 4a, actual =4a
[1495000] SCOREBOARD MATCH: wstrb passthrough beat=2 expected = 3d, actual =3d
[1495000] SCOREBOARD MATCH: wstrb passthrough beat=3 expected = f, actual =f
[1495000] SCOREBOARD MATCH: wstrb passthrough beat=4 expected = d8, actual =d8
[1495000] SCOREBOARD MATCH: wstrb passthrough beat=5 expected = ef, actual =ef
[1495000] SCOREBOARD MATCH: wstrb passthrough beat=6 expected = 38, actual =38
[1495000] SCOREBOARD MATCH: wstrb passthrough beat=7 expected = 1f, actual =1f
[1495000] SCOREBOARD MATCH: wstrb passthrough beat=8 expected = 39, actual =39
[1495000] SCOREBOARD MATCH: wstrb passthrough beat=9 expected = 75, actual =75
[1495000] SCOREBOARD MATCH: wstrb passthrough beat=10 expected = 2e, actual =2e
[1495000] SCOREBOARD MATCH: wstrb passthrough beat=11 expected = 12, actual =12
[1495000] SCOREBOARD MATCH: wstrb passthrough beat=12 expected = 65, actual =65
[1495000] SCOREBOARD MATCH: wstrb passthrough beat=13 expected = 67, actual =67
[1495000] SCOREBOARD MATCH: wstrb passthrough beat=14 expected = 31, actual =31
[1495000] SCOREBOARD MATCH: wstrb passthrough beat=15 expected = 9e, actual =9e
[1495000] SCOREBOARD MATCH: wstrb passthrough beat=16 expected = dc, actual =dc
[1495000] SCOREBOARD MATCH: wstrb passthrough beat=17 expected = 60, actual =60
[1495000] SCOREBOARD MATCH: wstrb passthrough beat=18 expected = b0, actual =b0
[1495000] SCOREBOARD MATCH: wstrb passthrough beat=19 expected = 41, actual =41
[1495000] SCOREBOARD MATCH: wstrb passthrough beat=20 expected = c7, actual =c7
[1495000] SCOREBOARD MATCH: wstrb passthrough beat=21 expected = e2, actual =e2
[1495000] SCOREBOARD MATCH: wstrb passthrough beat=22 expected = e0, actual =e0
[1495000] SCOREBOARD MATCH: wstrb passthrough beat=23 expected = a3, actual =a3
[1495000] SCOREBOARD MATCH: wstrb passthrough beat=24 expected = 42, actual =42
[1495000] SCOREBOARD MATCH: wstrb passthrough beat=25 expected = 90, actual =90
[1495000] SCOREBOARD MATCH: wstrb passthrough beat=26 expected = e5, actual =e5
[1495000] SCOREBOARD MATCH: wstrb passthrough beat=27 expected = 9, actual =9
[1495000] SCOREBOARD MATCH: wstrb passthrough beat=28 expected = 72, actual =72
[1495000] SCOREBOARD MATCH: wstrb passthrough beat=29 expected = c5, actual =c5
[1495000] SCOREBOARD MATCH: wstrb passthrough beat=30 expected = ac, actual =ac
[1495000] SCOREBOARD MATCH: wstrb passthrough beat=31 expected = b4, actual =b4
[1495000] SCOREBOARD MATCH: wstrb passthrough beat=32 expected = 55, actual =55
[1495000] SCOREBOARD MATCH: wstrb passthrough beat=33 expected = 91, actual =91
[1495000] SCOREBOARD MATCH: wstrb passthrough beat=34 expected = bd, actual =bd
[1495000] SCOREBOARD MATCH: wstrb passthrough beat=35 expected = c8, actual =c8
[1495000] SCOREBOARD MATCH: wstrb passthrough beat=36 expected = 56, actual =56
[1495000] SCOREBOARD MATCH: wstrb passthrough beat=37 expected = 6a, actual =6a
[1495000] SCOREBOARD MATCH: wstrb passthrough beat=38 expected = 7c, actual =7c
[1495000] SCOREBOARD MATCH: wstrb passthrough beat=39 expected = ac, actual =ac
[1495000] SCOREBOARD MATCH: wstrb passthrough beat=40 expected = fb, actual =fb
[1495000] SCOREBOARD MATCH: wstrb passthrough beat=41 expected = 3a, actual =3a
[1495000] SCOREBOARD MATCH: wstrb passthrough beat=42 expected = 74, actual =74
[1495000] SCOREBOARD MATCH: wstrb passthrough beat=43 expected = 52, actual =52
[1495000] SCOREBOARD MATCH: wstrb passthrough beat=44 expected = a4, actual =a4
[1495000] SCOREBOARD MATCH: wstrb passthrough beat=45 expected = f0, actual =f0
[1495000] SCOREBOARD MATCH: wstrb passthrough beat=46 expected = fe, actual =fe
[1495000] SCOREBOARD MATCH: wstrb passthrough beat=47 expected = 9f, actual =9f
[1495000] SCOREBOARD MATCH: wstrb passthrough beat=48 expected = 2a, actual =2a
[1495000] SCOREBOARD MATCH: wstrb passthrough beat=49 expected = 72, actual =72
[1495000] SCOREBOARD MATCH: wstrb passthrough beat=50 expected = f1, actual =f1
[1495000] SCOREBOARD MATCH: wstrb passthrough beat=51 expected = ce, actual =ce
[1495000] SCOREBOARD MATCH: wstrb passthrough beat=52 expected = 62, actual =62
[1495000] SCOREBOARD MATCH: wstrb passthrough beat=53 expected = ef, actual =ef
[1495000] SCOREBOARD MATCH: wstrb passthrough beat=54 expected = 6e, actual =6e
[1495000] SCOREBOARD MATCH: wstrb passthrough beat=55 expected = 8d, actual =8d
[1495000] SCOREBOARD MATCH: wstrb passthrough beat=56 expected = 61, actual =61
[1495000] SCOREBOARD MATCH: wstrb passthrough beat=57 expected = 5f, actual =5f
[1495000] SCOREBOARD MATCH: wstrb passthrough beat=58 expected = 5b, actual =5b
[1495000] SCOREBOARD MATCH: wstrb passthrough beat=59 expected = c4, actual =c4
[1495000] SCOREBOARD MATCH: wstrb passthrough beat=60 expected = 4f, actual =4f
[1495000] SCOREBOARD MATCH: wstrb passthrough beat=61 expected = c9, actual =c9
[1495000] SCOREBOARD MATCH: wstrb passthrough beat=62 expected = 51, actual =51
[1495000] SCOREBOARD MATCH: wstrb passthrough beat=63 expected = b0, actual =b0
[1495000] SCOREBOARD MATCH: wstrb passthrough beat=64 expected = 29, actual =29
[1495000] SCOREBOARD MATCH: wstrb passthrough beat=65 expected = ac, actual =ac
[1495000] SCOREBOARD MATCH: wstrb passthrough beat=66 expected = 74, actual =74
[1495000] SCOREBOARD MATCH: wstrb passthrough beat=67 expected = 78, actual =78
[1495000] SCOREBOARD MATCH: wstrb passthrough beat=68 expected = 76, actual =76
[1495000] SCOREBOARD MATCH: wstrb passthrough beat=69 expected = c5, actual =c5
[1495000] SCOREBOARD MATCH: wstrb passthrough beat=70 expected = 28, actual =28
[1495000] SCOREBOARD MATCH: wstrb passthrough beat=71 expected = 9f, actual =9f
[1495000] SCOREBOARD MATCH: wstrb passthrough beat=72 expected = 72, actual =72
[1495000] SCOREBOARD MATCH: wstrb passthrough beat=73 expected = 9d, actual =9d
[1495000] SCOREBOARD MATCH: wstrb passthrough beat=74 expected = 17, actual =17
[1495000] SCOREBOARD MATCH: wstrb passthrough beat=75 expected = e8, actual =e8
[1495000] SCOREBOARD MATCH: wstrb passthrough beat=76 expected = 62, actual =62
[1495000] SCOREBOARD MATCH: wstrb passthrough beat=77 expected = 3f, actual =3f
[1495000] SCOREBOARD MATCH: wstrb passthrough beat=78 expected = 87, actual =87
[1495000] SCOREBOARD MATCH: wstrb passthrough beat=79 expected = d4, actual =d4
[1495000] SCOREBOARD MATCH: wstrb passthrough beat=80 expected = dc, actual =dc
[1495000] SCOREBOARD MATCH: wstrb passthrough beat=81 expected = 9e, actual =9e
[1495000] SCOREBOARD MATCH: wstrb passthrough beat=82 expected = bc, actual =bc
[1495000] SCOREBOARD MATCH: wstrb passthrough beat=83 expected = 3f, actual =3f
[1495000] SCOREBOARD MATCH: wstrb passthrough beat=84 expected = dd, actual =dd
[1495000] SCOREBOARD MATCH: wstrb passthrough beat=85 expected = 43, actual =43
[1495000] SCOREBOARD MATCH: wstrb passthrough beat=86 expected = 13, actual =13
[1495000] SCOREBOARD MATCH: wstrb passthrough beat=87 expected = ba, actual =ba
[1495000] SCOREBOARD MATCH: wstrb passthrough beat=88 expected = e1, actual =e1
[1495000] SCOREBOARD MATCH: wstrb passthrough beat=89 expected = d0, actual =d0
[1495000] SCOREBOARD MATCH: wstrb passthrough beat=90 expected = f9, actual =f9
[1495000] SCOREBOARD MATCH: wstrb passthrough beat=91 expected = bf, actual =bf
[1495000] SCOREBOARD MATCH: wstrb passthrough beat=92 expected = 13, actual =13
[1495000] SCOREBOARD MATCH: wstrb passthrough beat=93 expected = c, actual =c
[1495000] SCOREBOARD MATCH: wstrb passthrough beat=94 expected = 79, actual =79
[1495000] SCOREBOARD MATCH: wstrb passthrough beat=95 expected = f5, actual =f5
[1495000] SCOREBOARD MATCH: bresp passthrough expected = 0, actual =0
[1495000] SCOREBOARD MATCH: response routed to correct master (write) expected = 0, actual =0
[1495000] [SCOREBOARD-M] mst_id=0 s_id=1 awaddr=11d6bb98 awid=0 awlen=95 awsize=0 awburst=1 wdata=[b9f5fca4d42123d5 e65bfb48257f9b25 fdac176aad3da3ac 815ec781cb440cc2 f0c3a7e7b7a2140e e4dfb7bbe7bac2ca 32fecf8cee6fbf51 a611d35fe63e7f3c cdf9420623c27773 123236c48af18b1a f1300a5780f81192 a4ba8905b8440a23 c335953ebf294c5d c0215df0b6ecbfc9 ef30c9ed34659f95 f38eebf2e4dbe6f5 1bc8a6bf32665f2b e6cbfec0b3b049e2 188c30d80af970ac 3d5fcfd7da5aeab2 e0b34953454d797 3f4e4843242bce97 fe86b9492697656d daec3d04fcae181a 20d9e6b18c91edde b329534b1a3a8547 16e89d619f609ffa 2bf28dd98e15904f a850159637c28412 d723240cdf1be124 ed317174bf38b2f7 f6fb37098315b1e5 e231930a9581870a d4ba3a02ce1e5b16 d1340cfbcf63047e e4e48b88cbb5710b 99d3cc21b365a005 82c8a483b99ec58a 5543696eb07d91d 9e6d7922e7ad300c a14bf5969f2802b7 8a2fdbd421361da6 8e34db2a6a02c2c c5c82ee4289d54f7 c9d3729daa2f4348 d0cf6f75cff80ab8 f8955fafd2b6c04f fce6039716979e59 e68fa911c268d24c 951f929bcdb5730c e44d1165df2508c1 a18ddb0d12059633 dfbb093fcadcba77 2a01c33836ad6da9 c8b303dcc4081aa5 ee4d51ccb8f9e45 823d0beea86e0d1b ec7627c038e69854 84763699caf00fca f35e1ce6fb5afcdc b441953006b34288 d1a35252dfd444a6 db2f418338b7cbca 3f6b0e52c5016f38 24d5b3df8f70d6b3 c828a27d910e60a4 d60fcfdd0004f562 8f75cc158793b0cf 18a21174fae583bc faea791ed79e6e93 df321f62eeb1e151 e997650d8a604533 e1feb3c6f7d430d6 e6861227e481de2b eee2235ec130d329 b90503ffd01d7734 b49f555fd0e0d725 1211aa4e1f8b1627 efa88d5b238178be f4624fe3cb16ae4d eaa1c4742447e2bb c7c95b790673fa31 d18aa87eda4a51d0 fe92348b3c2bab5c c29fa58d3c2c6cf3 1676bec3c65b9004 2873b60942a4e0b d056bafe1508f34e db648352c526e0ed d9512ef8e6cd79c1 fbd66d0fddebbeb2 23129f9f29a7e9f7 907563b8d73af061 b526af13fc63ce97 a60bb88e0c4bd0c8 e386c129d8394eb2 ] wstrb=[47 4a 3d f d8 ef 38 1f 39 75 2e 12 65 67 31 9e dc 60 b0 41 c7 e2 e0 a3 42 90 e5 9 72 c5 ac b4 55 91 bd c8 56 6a 7c ac fb 3a 74 52 a4 f0 fe 9f 2a 72 f1 ce 62 ef 6e 8d 61 5f 5b c4 4f c9 51 b0 29 ac 74 78 76 c5 28 9f 72 9d 17 e8 62 3f 87 d4 dc 9e bc 3f dd 43 13 ba e1 d0 f9 bf 13 c 79 f5 ] bresp=0 bid=0
[1495000] [SCOREBOARD-S] mst_id=0 s_id=1 awaddr=11d6bb98 awid=0 awlen=95 awsize=0 awburst=1 wdata=[b9f5fca4d42123d5 e65bfb48257f9b25 fdac176aad3da3ac 815ec781cb440cc2 f0c3a7e7b7a2140e e4dfb7bbe7bac2ca 32fecf8cee6fbf51 a611d35fe63e7f3c cdf9420623c27773 123236c48af18b1a f1300a5780f81192 a4ba8905b8440a23 c335953ebf294c5d c0215df0b6ecbfc9 ef30c9ed34659f95 f38eebf2e4dbe6f5 1bc8a6bf32665f2b e6cbfec0b3b049e2 188c30d80af970ac 3d5fcfd7da5aeab2 e0b34953454d797 3f4e4843242bce97 fe86b9492697656d daec3d04fcae181a 20d9e6b18c91edde b329534b1a3a8547 16e89d619f609ffa 2bf28dd98e15904f a850159637c28412 d723240cdf1be124 ed317174bf38b2f7 f6fb37098315b1e5 e231930a9581870a d4ba3a02ce1e5b16 d1340cfbcf63047e e4e48b88cbb5710b 99d3cc21b365a005 82c8a483b99ec58a 5543696eb07d91d 9e6d7922e7ad300c a14bf5969f2802b7 8a2fdbd421361da6 8e34db2a6a02c2c c5c82ee4289d54f7 c9d3729daa2f4348 d0cf6f75cff80ab8 f8955fafd2b6c04f fce6039716979e59 e68fa911c268d24c 951f929bcdb5730c e44d1165df2508c1 a18ddb0d12059633 dfbb093fcadcba77 2a01c33836ad6da9 c8b303dcc4081aa5 ee4d51ccb8f9e45 823d0beea86e0d1b ec7627c038e69854 84763699caf00fca f35e1ce6fb5afcdc b441953006b34288 d1a35252dfd444a6 db2f418338b7cbca 3f6b0e52c5016f38 24d5b3df8f70d6b3 c828a27d910e60a4 d60fcfdd0004f562 8f75cc158793b0cf 18a21174fae583bc faea791ed79e6e93 df321f62eeb1e151 e997650d8a604533 e1feb3c6f7d430d6 e6861227e481de2b eee2235ec130d329 b90503ffd01d7734 b49f555fd0e0d725 1211aa4e1f8b1627 efa88d5b238178be f4624fe3cb16ae4d eaa1c4742447e2bb c7c95b790673fa31 d18aa87eda4a51d0 fe92348b3c2bab5c c29fa58d3c2c6cf3 1676bec3c65b9004 2873b60942a4e0b d056bafe1508f34e db648352c526e0ed d9512ef8e6cd79c1 fbd66d0fddebbeb2 23129f9f29a7e9f7 907563b8d73af061 b526af13fc63ce97 a60bb88e0c4bd0c8 e386c129d8394eb2 ] wstrb=[47 4a 3d f d8 ef 38 1f 39 75 2e 12 65 67 31 9e dc 60 b0 41 c7 e2 e0 a3 42 90 e5 9 72 c5 ac b4 55 91 bd c8 56 6a 7c ac fb 3a 74 52 a4 f0 fe 9f 2a 72 f1 ce 62 ef 6e 8d 61 5f 5b c4 4f c9 51 b0 29 ac 74 78 76 c5 28 9f 72 9d 17 e8 62 3f 87 d4 dc 9e bc 3f dd 43 13 ba e1 d0 f9 bf 13 c 79 f5 ] bresp=0 bid=0
[1495000] SCOREBOARD: Transaction 3 received. pass=306 fail=0
[1495000] ALL PASS. Total transactions: 3
[1505000] MASTER 0 W_VALID_RDY Handshake beat=1 wlast=0
[1505000] AXI S0_WVALID_RDY HANDSHAKE
[1505000] S0 MEMORY WRITE beat=0 addr=0b9d6910 data=3421203d91d9bf56 id=0b
[1515000] AXI S0_WVALID_RDY HANDSHAKE
[1515000] S0 MEMORY WRITE beat=1 addr=0b9d6912 data=2404da8003db020b id=0b
[1515000] MASTER 0 W_VALID_RDY Handshake beat=2 wlast=0
[1525000] MASTER 0 W_VALID_RDY Handshake beat=3 wlast=0
[1525000] AXI S0_WVALID_RDY HANDSHAKE
[1525000] S0 MEMORY WRITE beat=2 addr=0b9d6914 data=f50f8c5135857e6f id=0b
[1535000] AXI S0_WVALID_RDY HANDSHAKE
[1535000] S0 MEMORY WRITE beat=3 addr=0b9d6916 data=c75f3dc5f41eff66 id=0b
[1535000] MASTER 0 W_VALID_RDY Handshake beat=4 wlast=0
[1545000] MASTER 0 W_VALID_RDY Handshake beat=5 wlast=0
[1545000] AXI S0_WVALID_RDY HANDSHAKE
[1545000] S0 MEMORY WRITE beat=4 addr=0b9d6918 data=f7fa0171a930ac8e id=0b
[1555000] AXI S0_WVALID_RDY HANDSHAKE
[1555000] S0 MEMORY WRITE beat=5 addr=0b9d691a data=deb62afdeb641845 id=0b
[1555000] MASTER 0 W_VALID_RDY Handshake beat=6 wlast=0
[1565000] MASTER 0 W_VALID_RDY Handshake beat=7 wlast=0
[1565000] AXI S0_WVALID_RDY HANDSHAKE
[1565000] S0 MEMORY WRITE beat=6 addr=0b9d691c data=df8317aced098dc3 id=0b
[1575000] AXI S0_WVALID_RDY HANDSHAKE
[1575000] S0 MEMORY WRITE beat=7 addr=0b9d691e data=963a3a51261568c3 id=0b
[1575000] MASTER 0 W_VALID_RDY Handshake beat=8 wlast=0
[1585000] MASTER 0 W_VALID_RDY Handshake beat=9 wlast=0
[1585000] AXI S0_WVALID_RDY HANDSHAKE
[1585000] S0 MEMORY WRITE beat=8 addr=0b9d6920 data=91798108d77d191d id=0b
[1595000] AXI S0_WVALID_RDY HANDSHAKE
[1595000] S0 MEMORY WRITE beat=9 addr=0b9d6922 data=c486a6e0f4f0654f id=0b
[1595000] MASTER 0 W_VALID_RDY Handshake beat=10 wlast=0
[1605000] MASTER 0 W_VALID_RDY Handshake beat=11 wlast=0
[1605000] AXI S0_WVALID_RDY HANDSHAKE
[1605000] S0 MEMORY WRITE beat=10 addr=0b9d6924 data=1b05ce12f0fc98b4 id=0b
[1615000] AXI S0_WVALID_RDY HANDSHAKE
[1615000] S0 MEMORY WRITE beat=11 addr=0b9d6926 data=c879b1d2dac0e132 id=0b
[1615000] MASTER 0 W_VALID_RDY Handshake beat=12 wlast=0
[1625000] MASTER 0 W_VALID_RDY Handshake beat=13 wlast=0
[1625000] AXI S0_WVALID_RDY HANDSHAKE
[1625000] S0 MEMORY WRITE beat=12 addr=0b9d6928 data=cfb14681ac7f4f1a id=0b
[1635000] AXI S0_WVALID_RDY HANDSHAKE
[1635000] S0 MEMORY WRITE beat=13 addr=0b9d692a data=1d7be7cf8d0058b2 id=0b
[1635000] MASTER 0 W_VALID_RDY Handshake beat=14 wlast=0
[1645000] MASTER 0 W_VALID_RDY Handshake beat=15 wlast=0
[1645000] AXI S0_WVALID_RDY HANDSHAKE
[1645000] S0 MEMORY WRITE beat=14 addr=0b9d692c data=e7c139e4eab71493 id=0b
[1655000] AXI S0_WVALID_RDY HANDSHAKE
[1655000] S0 MEMORY WRITE beat=15 addr=0b9d692e data=973663ade5f599a1 id=0b
[1655000] MASTER 0 W_VALID_RDY Handshake beat=16 wlast=0
[1665000] MASTER 0 W_VALID_RDY Handshake beat=17 wlast=0
[1665000] AXI S0_WVALID_RDY HANDSHAKE
[1665000] S0 MEMORY WRITE beat=16 addr=0b9d6930 data=f2f5f253b7728065 id=0b
[1675000] AXI S0_WVALID_RDY HANDSHAKE
[1675000] S0 MEMORY WRITE beat=17 addr=0b9d6932 data=a22994f8b4b24b7c id=0b
[1675000] MASTER 0 W_VALID_RDY Handshake beat=18 wlast=0
[1685000] MASTER 0 W_VALID_RDY Handshake beat=19 wlast=0
[1685000] AXI S0_WVALID_RDY HANDSHAKE
[1685000] S0 MEMORY WRITE beat=18 addr=0b9d6934 data=9aa7e51ddab72c38 id=0b
[1695000] AXI S0_WVALID_RDY HANDSHAKE
[1695000] S0 MEMORY WRITE beat=19 addr=0b9d6936 data=9229ac9d395ff8a6 id=0b
[1695000] MASTER 0 W_VALID_RDY Handshake beat=20 wlast=0
[1705000] MASTER 0 W_VALID_RDY Handshake beat=21 wlast=0
[1705000] AXI S0_WVALID_RDY HANDSHAKE
[1705000] S0 MEMORY WRITE beat=20 addr=0b9d6938 data=ee1244220d9dd771 id=0b
[1715000] AXI S0_WVALID_RDY HANDSHAKE
[1715000] S0 MEMORY WRITE beat=21 addr=0b9d693a data=e85503a934534196 id=0b
[1715000] MASTER 0 W_VALID_RDY Handshake beat=22 wlast=0
[1725000] MASTER 0 W_VALID_RDY Handshake beat=23 wlast=0
[1725000] AXI S0_WVALID_RDY HANDSHAKE
[1725000] S0 MEMORY WRITE beat=22 addr=0b9d693c data=edb33a3c08ba2940 id=0b
[1735000] AXI S0_WVALID_RDY HANDSHAKE
[1735000] S0 MEMORY WRITE beat=23 addr=0b9d693e data=165800b1fa7eb046 id=0b
[1735000] MASTER 0 W_VALID_RDY Handshake beat=24 wlast=0
[1745000] MASTER 0 W_VALID_RDY Handshake beat=25 wlast=0
[1745000] AXI S0_WVALID_RDY HANDSHAKE
[1745000] S0 MEMORY WRITE beat=24 addr=0b9d6940 data=aed1f1dcdbc57e5e id=0b
[1755000] AXI S0_WVALID_RDY HANDSHAKE
[1755000] S0 MEMORY WRITE beat=25 addr=0b9d6942 data=e47fa79efead045a id=0b
[1755000] MASTER 0 W_VALID_RDY Handshake beat=26 wlast=0
[1765000] MASTER 0 W_VALID_RDY Handshake beat=27 wlast=0
[1765000] AXI S0_WVALID_RDY HANDSHAKE
[1765000] S0 MEMORY WRITE beat=26 addr=0b9d6944 data=f92bb4a09c852c18 id=0b
[1775000] AXI S0_WVALID_RDY HANDSHAKE
[1775000] S0 MEMORY WRITE beat=27 addr=0b9d6946 data=f84aaa77fad7a84f id=0b
[1775000] MASTER 0 W_VALID_RDY Handshake beat=28 wlast=0
[1785000] MASTER 0 W_VALID_RDY Handshake beat=29 wlast=0
[1785000] AXI S0_WVALID_RDY HANDSHAKE
[1785000] S0 MEMORY WRITE beat=28 addr=0b9d6948 data=f984aca927fda67d id=0b
[1795000] AXI S0_WVALID_RDY HANDSHAKE
[1795000] S0 MEMORY WRITE beat=29 addr=0b9d694a data=c482d295dcca5215 id=0b
[1795000] MASTER 0 W_VALID_RDY Handshake beat=30 wlast=0
[1805000] MASTER 0 W_VALID_RDY Handshake beat=31 wlast=0
[1805000] AXI S0_WVALID_RDY HANDSHAKE
[1805000] S0 MEMORY WRITE beat=30 addr=0b9d694c data=d7a1fa65f2b0614a id=0b
[1815000] AXI S0_WVALID_RDY HANDSHAKE
[1815000] S0 MEMORY WRITE beat=31 addr=0b9d694e data=1aae07c7bccd7d0c id=0b
[1815000] MASTER 0 W_VALID_RDY Handshake beat=32 wlast=0
[1825000] MASTER 0 W_VALID_RDY Handshake beat=33 wlast=0
[1825000] AXI S0_WVALID_RDY HANDSHAKE
[1825000] S0 MEMORY WRITE beat=32 addr=0b9d6950 data=1997cf22d126a70e id=0b
[1835000] AXI S0_WVALID_RDY HANDSHAKE
[1835000] S0 MEMORY WRITE beat=33 addr=0b9d6952 data=c3d70858df30da5c id=0b
[1835000] MASTER 0 W_VALID_RDY Handshake beat=34 wlast=0
[1845000] MASTER 0 W_VALID_RDY Handshake beat=35 wlast=0
[1845000] AXI S0_WVALID_RDY HANDSHAKE
[1845000] S0 MEMORY WRITE beat=34 addr=0b9d6954 data=1bfe5769f139c987 id=0b
[1855000] AXI S0_WVALID_RDY HANDSHAKE
[1855000] S0 MEMORY WRITE beat=35 addr=0b9d6956 data=c2607095de85101f id=0b
[1855000] MASTER 0 W_VALID_RDY Handshake beat=36 wlast=0
[1865000] MASTER 0 W_VALID_RDY Handshake beat=37 wlast=0
[1865000] AXI S0_WVALID_RDY HANDSHAKE
[1865000] S0 MEMORY WRITE beat=36 addr=0b9d6958 data=3db5ea7c3596268b id=0b
[1875000] AXI S0_WVALID_RDY HANDSHAKE
[1875000] S0 MEMORY WRITE beat=37 addr=0b9d695a data=26cff012063778ee id=0b
[1875000] MASTER 0 W_VALID_RDY Handshake beat=38 wlast=0
[1885000] MASTER 0 W_VALID_RDY Handshake beat=39 wlast=0
[1885000] AXI S0_WVALID_RDY HANDSHAKE
[1885000] S0 MEMORY WRITE beat=38 addr=0b9d695c data=e4bc890dd9b441e5 id=0b
[1895000] AXI S0_WVALID_RDY HANDSHAKE
[1895000] S0 MEMORY WRITE beat=39 addr=0b9d695e data=0f4a6870e93060a7 id=0b
[1895000] MASTER 0 W_VALID_RDY Handshake beat=40 wlast=0
[1905000] MASTER 0 W_VALID_RDY Handshake beat=41 wlast=0
[1905000] AXI S0_WVALID_RDY HANDSHAKE
[1905000] S0 MEMORY WRITE beat=40 addr=0b9d6960 data=ef67d995a2727389 id=0b
[1915000] AXI S0_WVALID_RDY HANDSHAKE
[1915000] S0 MEMORY WRITE beat=41 addr=0b9d6962 data=fc26b56e361a5882 id=0b
[1915000] MASTER 0 W_VALID_RDY Handshake beat=42 wlast=0
[1925000] MASTER 0 W_VALID_RDY Handshake beat=43 wlast=0
[1925000] AXI S0_WVALID_RDY HANDSHAKE
[1925000] S0 MEMORY WRITE beat=42 addr=0b9d6964 data=9f4ab929d42462a3 id=0b
[1935000] AXI S0_WVALID_RDY HANDSHAKE
[1935000] S0 MEMORY WRITE beat=43 addr=0b9d6966 data=f696d62c8b711dde id=0b
[1935000] MASTER 0 W_VALID_RDY Handshake beat=44 wlast=0
[1945000] MASTER 0 W_VALID_RDY Handshake beat=45 wlast=0
[1945000] AXI S0_WVALID_RDY HANDSHAKE
[1945000] S0 MEMORY WRITE beat=44 addr=0b9d6968 data=c18b76600eb292bf id=0b
[1955000] AXI S0_WVALID_RDY HANDSHAKE
[1955000] S0 MEMORY WRITE beat=45 addr=0b9d696a data=e2d6f562f2bd8b9b id=0b
[1955000] MASTER 0 W_VALID_RDY Handshake beat=46 wlast=0
[1965000] MASTER 0 W_VALID_RDY Handshake beat=47 wlast=0
[1965000] AXI S0_WVALID_RDY HANDSHAKE
[1965000] S0 MEMORY WRITE beat=46 addr=0b9d696c data=fe2ea979e0d62f8a id=0b
[1975000] AXI S0_WVALID_RDY HANDSHAKE
[1975000] S0 MEMORY WRITE beat=47 addr=0b9d696e data=ef88c249d96dcb8e id=0b
[1975000] MASTER 0 W_VALID_RDY Handshake beat=48 wlast=0
[1985000] MASTER 0 W_VALID_RDY Handshake beat=49 wlast=0
[1985000] AXI S0_WVALID_RDY HANDSHAKE
[1985000] S0 MEMORY WRITE beat=48 addr=0b9d6970 data=cc2b57293fba1fda id=0b
[1995000] AXI S0_WVALID_RDY HANDSHAKE
[1995000] S0 MEMORY WRITE beat=49 addr=0b9d6972 data=20904f64d25fb7ab id=0b
[1995000] MASTER 0 W_VALID_RDY Handshake beat=50 wlast=1
[1995000] MASTER_DRIVER0 received transaction, op=AXI_READ
[2005000] AXI S0_WVALID_RDY HANDSHAKE
[2005000] S0 MEMORY WRITE beat=50 addr=0b9d6974 data=abcd8339ca5a00a3 id=0b
[2015000] SLAVE0 sent B resp, id=11
[2015000] [SLAVE MONITOR] mst_id=0 s_id=0 awaddr=b9d6910 awid=1011 awlen=50 awsize=1 awburst=1 wdata=[3421203d91d9bf56 2404da8003db020b f50f8c5135857e6f c75f3dc5f41eff66 f7fa0171a930ac8e deb62afdeb641845 df8317aced098dc3 963a3a51261568c3 91798108d77d191d c486a6e0f4f0654f 1b05ce12f0fc98b4 c879b1d2dac0e132 cfb14681ac7f4f1a 1d7be7cf8d0058b2 e7c139e4eab71493 973663ade5f599a1 f2f5f253b7728065 a22994f8b4b24b7c 9aa7e51ddab72c38 9229ac9d395ff8a6 ee1244220d9dd771 e85503a934534196 edb33a3c08ba2940 165800b1fa7eb046 aed1f1dcdbc57e5e e47fa79efead045a f92bb4a09c852c18 f84aaa77fad7a84f f984aca927fda67d c482d295dcca5215 d7a1fa65f2b0614a 1aae07c7bccd7d0c 1997cf22d126a70e c3d70858df30da5c 1bfe5769f139c987 c2607095de85101f 3db5ea7c3596268b 26cff012063778ee e4bc890dd9b441e5 f4a6870e93060a7 ef67d995a2727389 fc26b56e361a5882 9f4ab929d42462a3 f696d62c8b711dde c18b76600eb292bf e2d6f562f2bd8b9b fe2ea979e0d62f8a ef88c249d96dcb8e cc2b57293fba1fda 20904f64d25fb7ab abcd8339ca5a00a3 ] wstrb=[ad 7d 63 58 e1 6 91 8e 83 f4 e6 64 fa 77 f2 7d 6c d8 e1 66 4f d3 e4 bb ab c5 22 fb 99 6 b6 44 cb d8 3f 64 de f6 a9 aa ce e8 e ad de b7 57 ad a0 65 5a ] bresp=0 bid=1011
[2025000] ARB MONITOR: slave=0 m0_req=1 m1_req=0 winner=0
[2025000] AXI S0_ARVALID_RDY HANDSHAKE
[2025000] MEMORY READ MISS beat=0 addr=b945ed0 -> default data id=4
[2035000] MEMORY READ MISS beat=1 addr=b945ed8 -> default data id=4
[2035000] SLAVE 0 R_VALID_RDY Handshake beat=0 rlast=0
[2035000] MASTER 0 B_VALID_RDY Handshake
[2035000] [MASTER MONITOR] mst_id=0 s_id=0 awaddr=b9d6910 awid=1011 awlen=50 awsize=1 awburst=1 wdata=[3421203d91d9bf56 2404da8003db020b f50f8c5135857e6f c75f3dc5f41eff66 f7fa0171a930ac8e deb62afdeb641845 df8317aced098dc3 963a3a51261568c3 91798108d77d191d c486a6e0f4f0654f 1b05ce12f0fc98b4 c879b1d2dac0e132 cfb14681ac7f4f1a 1d7be7cf8d0058b2 e7c139e4eab71493 973663ade5f599a1 f2f5f253b7728065 a22994f8b4b24b7c 9aa7e51ddab72c38 9229ac9d395ff8a6 ee1244220d9dd771 e85503a934534196 edb33a3c08ba2940 165800b1fa7eb046 aed1f1dcdbc57e5e e47fa79efead045a f92bb4a09c852c18 f84aaa77fad7a84f f984aca927fda67d c482d295dcca5215 d7a1fa65f2b0614a 1aae07c7bccd7d0c 1997cf22d126a70e c3d70858df30da5c 1bfe5769f139c987 c2607095de85101f 3db5ea7c3596268b 26cff012063778ee e4bc890dd9b441e5 f4a6870e93060a7 ef67d995a2727389 fc26b56e361a5882 9f4ab929d42462a3 f696d62c8b711dde c18b76600eb292bf e2d6f562f2bd8b9b fe2ea979e0d62f8a ef88c249d96dcb8e cc2b57293fba1fda 20904f64d25fb7ab abcd8339ca5a00a3 ] wstrb=[ad 7d 63 58 e1 6 91 8e 83 f4 e6 64 fa 77 f2 7d 6c d8 e1 66 4f d3 e4 bb ab c5 22 fb 99 6 b6 44 cb d8 3f 64 de f6 a9 aa ce e8 e ad de b7 57 ad a0 65 5a ] bresp=0 bid=1011
[2035000] MASTER 0 RECEIVED BRESP. BRESP=0
[2035000] [MASTER DRIVER] mst_id=0 s_id=0 awaddr=b9d6910 awid=1011 awlen=50 awsize=1 awburst=1 wdata=[3421203d91d9bf56 2404da8003db020b f50f8c5135857e6f c75f3dc5f41eff66 f7fa0171a930ac8e deb62afdeb641845 df8317aced098dc3 963a3a51261568c3 91798108d77d191d c486a6e0f4f0654f 1b05ce12f0fc98b4 c879b1d2dac0e132 cfb14681ac7f4f1a 1d7be7cf8d0058b2 e7c139e4eab71493 973663ade5f599a1 f2f5f253b7728065 a22994f8b4b24b7c 9aa7e51ddab72c38 9229ac9d395ff8a6 ee1244220d9dd771 e85503a934534196 edb33a3c08ba2940 165800b1fa7eb046 aed1f1dcdbc57e5e e47fa79efead045a f92bb4a09c852c18 f84aaa77fad7a84f f984aca927fda67d c482d295dcca5215 d7a1fa65f2b0614a 1aae07c7bccd7d0c 1997cf22d126a70e c3d70858df30da5c 1bfe5769f139c987 c2607095de85101f 3db5ea7c3596268b 26cff012063778ee e4bc890dd9b441e5 f4a6870e93060a7 ef67d995a2727389 fc26b56e361a5882 9f4ab929d42462a3 f696d62c8b711dde c18b76600eb292bf e2d6f562f2bd8b9b fe2ea979e0d62f8a ef88c249d96dcb8e cc2b57293fba1fda 20904f64d25fb7ab abcd8339ca5a00a3 ] wstrb=[ad 7d 63 58 e1 6 91 8e 83 f4 e6 64 fa 77 f2 7d 6c d8 e1 66 4f d3 e4 bb ab c5 22 fb 99 6 b6 44 cb d8 3f 64 de f6 a9 aa ce e8 e ad de b7 57 ad a0 65 5a ] bresp=0 bid=1011
[2035000] SCOREBOARD MATCH: decode_err expected = 0, actual =0
[2035000] SCOREBOARD MATCH: slave_id expected = 0, actual =0
[2035000] SCOREBOARD MATCH: awaddr passthrough expected = b9d6910, actual =b9d6910
[2035000] SCOREBOARD MATCH: awlen passthrough expected = 50, actual =50
[2035000] SCOREBOARD MATCH: awsize passthrough expected = 1, actual =1
[2035000] SCOREBOARD MATCH: awburst passthrough expected = 1, actual =1
[2035000] SCOREBOARD MATCH: wdata size check expected = 33, actual =33
[2035000] SCOREBOARD MATCH: wdata passthrough beat=0 expected = 3421203d91d9bf56, actual =3421203d91d9bf56
[2035000] SCOREBOARD MATCH: wdata passthrough beat=1 expected = 2404da8003db020b, actual =2404da8003db020b
[2035000] SCOREBOARD MATCH: wdata passthrough beat=2 expected = f50f8c5135857e6f, actual =f50f8c5135857e6f
[2035000] SCOREBOARD MATCH: wdata passthrough beat=3 expected = c75f3dc5f41eff66, actual =c75f3dc5f41eff66
[2035000] SCOREBOARD MATCH: wdata passthrough beat=4 expected = f7fa0171a930ac8e, actual =f7fa0171a930ac8e
[2035000] SCOREBOARD MATCH: wdata passthrough beat=5 expected = deb62afdeb641845, actual =deb62afdeb641845
[2035000] SCOREBOARD MATCH: wdata passthrough beat=6 expected = df8317aced098dc3, actual =df8317aced098dc3
[2035000] SCOREBOARD MATCH: wdata passthrough beat=7 expected = 963a3a51261568c3, actual =963a3a51261568c3
[2035000] SCOREBOARD MATCH: wdata passthrough beat=8 expected = 91798108d77d191d, actual =91798108d77d191d
[2035000] SCOREBOARD MATCH: wdata passthrough beat=9 expected = c486a6e0f4f0654f, actual =c486a6e0f4f0654f
[2035000] SCOREBOARD MATCH: wdata passthrough beat=10 expected = 1b05ce12f0fc98b4, actual =1b05ce12f0fc98b4
[2035000] SCOREBOARD MATCH: wdata passthrough beat=11 expected = c879b1d2dac0e132, actual =c879b1d2dac0e132
[2035000] SCOREBOARD MATCH: wdata passthrough beat=12 expected = cfb14681ac7f4f1a, actual =cfb14681ac7f4f1a
[2035000] SCOREBOARD MATCH: wdata passthrough beat=13 expected = 1d7be7cf8d0058b2, actual =1d7be7cf8d0058b2
[2035000] SCOREBOARD MATCH: wdata passthrough beat=14 expected = e7c139e4eab71493, actual =e7c139e4eab71493
[2035000] SCOREBOARD MATCH: wdata passthrough beat=15 expected = 973663ade5f599a1, actual =973663ade5f599a1
[2035000] SCOREBOARD MATCH: wdata passthrough beat=16 expected = f2f5f253b7728065, actual =f2f5f253b7728065
[2035000] SCOREBOARD MATCH: wdata passthrough beat=17 expected = a22994f8b4b24b7c, actual =a22994f8b4b24b7c
[2035000] SCOREBOARD MATCH: wdata passthrough beat=18 expected = 9aa7e51ddab72c38, actual =9aa7e51ddab72c38
[2035000] SCOREBOARD MATCH: wdata passthrough beat=19 expected = 9229ac9d395ff8a6, actual =9229ac9d395ff8a6
[2035000] SCOREBOARD MATCH: wdata passthrough beat=20 expected = ee1244220d9dd771, actual =ee1244220d9dd771
[2035000] SCOREBOARD MATCH: wdata passthrough beat=21 expected = e85503a934534196, actual =e85503a934534196
[2035000] SCOREBOARD MATCH: wdata passthrough beat=22 expected = edb33a3c08ba2940, actual =edb33a3c08ba2940
[2035000] SCOREBOARD MATCH: wdata passthrough beat=23 expected = 165800b1fa7eb046, actual =165800b1fa7eb046
[2035000] SCOREBOARD MATCH: wdata passthrough beat=24 expected = aed1f1dcdbc57e5e, actual =aed1f1dcdbc57e5e
[2035000] SCOREBOARD MATCH: wdata passthrough beat=25 expected = e47fa79efead045a, actual =e47fa79efead045a
[2035000] SCOREBOARD MATCH: wdata passthrough beat=26 expected = f92bb4a09c852c18, actual =f92bb4a09c852c18
[2035000] SCOREBOARD MATCH: wdata passthrough beat=27 expected = f84aaa77fad7a84f, actual =f84aaa77fad7a84f
[2035000] SCOREBOARD MATCH: wdata passthrough beat=28 expected = f984aca927fda67d, actual =f984aca927fda67d
[2035000] SCOREBOARD MATCH: wdata passthrough beat=29 expected = c482d295dcca5215, actual =c482d295dcca5215
[2035000] SCOREBOARD MATCH: wdata passthrough beat=30 expected = d7a1fa65f2b0614a, actual =d7a1fa65f2b0614a
[2035000] SCOREBOARD MATCH: wdata passthrough beat=31 expected = 1aae07c7bccd7d0c, actual =1aae07c7bccd7d0c
[2035000] SCOREBOARD MATCH: wdata passthrough beat=32 expected = 1997cf22d126a70e, actual =1997cf22d126a70e
[2035000] SCOREBOARD MATCH: wdata passthrough beat=33 expected = c3d70858df30da5c, actual =c3d70858df30da5c
[2035000] SCOREBOARD MATCH: wdata passthrough beat=34 expected = 1bfe5769f139c987, actual =1bfe5769f139c987
[2035000] SCOREBOARD MATCH: wdata passthrough beat=35 expected = c2607095de85101f, actual =c2607095de85101f
[2035000] SCOREBOARD MATCH: wdata passthrough beat=36 expected = 3db5ea7c3596268b, actual =3db5ea7c3596268b
[2035000] SCOREBOARD MATCH: wdata passthrough beat=37 expected = 26cff012063778ee, actual =26cff012063778ee
[2035000] SCOREBOARD MATCH: wdata passthrough beat=38 expected = e4bc890dd9b441e5, actual =e4bc890dd9b441e5
[2035000] SCOREBOARD MATCH: wdata passthrough beat=39 expected = f4a6870e93060a7, actual =f4a6870e93060a7
[2035000] SCOREBOARD MATCH: wdata passthrough beat=40 expected = ef67d995a2727389, actual =ef67d995a2727389
[2035000] SCOREBOARD MATCH: wdata passthrough beat=41 expected = fc26b56e361a5882, actual =fc26b56e361a5882
[2035000] SCOREBOARD MATCH: wdata passthrough beat=42 expected = 9f4ab929d42462a3, actual =9f4ab929d42462a3
[2035000] SCOREBOARD MATCH: wdata passthrough beat=43 expected = f696d62c8b711dde, actual =f696d62c8b711dde
[2035000] SCOREBOARD MATCH: wdata passthrough beat=44 expected = c18b76600eb292bf, actual =c18b76600eb292bf
[2035000] SCOREBOARD MATCH: wdata passthrough beat=45 expected = e2d6f562f2bd8b9b, actual =e2d6f562f2bd8b9b
[2035000] SCOREBOARD MATCH: wdata passthrough beat=46 expected = fe2ea979e0d62f8a, actual =fe2ea979e0d62f8a
[2035000] SCOREBOARD MATCH: wdata passthrough beat=47 expected = ef88c249d96dcb8e, actual =ef88c249d96dcb8e
[2035000] SCOREBOARD MATCH: wdata passthrough beat=48 expected = cc2b57293fba1fda, actual =cc2b57293fba1fda
[2035000] SCOREBOARD MATCH: wdata passthrough beat=49 expected = 20904f64d25fb7ab, actual =20904f64d25fb7ab
[2035000] SCOREBOARD MATCH: wdata passthrough beat=50 expected = abcd8339ca5a00a3, actual =abcd8339ca5a00a3
[2035000] SCOREBOARD MATCH: wstrb size check expected = 33, actual =33
[2035000] SCOREBOARD MATCH: wstrb passthrough beat=0 expected = ad, actual =ad
[2035000] SCOREBOARD MATCH: wstrb passthrough beat=1 expected = 7d, actual =7d
[2035000] SCOREBOARD MATCH: wstrb passthrough beat=2 expected = 63, actual =63
[2035000] SCOREBOARD MATCH: wstrb passthrough beat=3 expected = 58, actual =58
[2035000] SCOREBOARD MATCH: wstrb passthrough beat=4 expected = e1, actual =e1
[2035000] SCOREBOARD MATCH: wstrb passthrough beat=5 expected = 6, actual =6
[2035000] SCOREBOARD MATCH: wstrb passthrough beat=6 expected = 91, actual =91
[2035000] SCOREBOARD MATCH: wstrb passthrough beat=7 expected = 8e, actual =8e
[2035000] SCOREBOARD MATCH: wstrb passthrough beat=8 expected = 83, actual =83
[2035000] SCOREBOARD MATCH: wstrb passthrough beat=9 expected = f4, actual =f4
[2035000] SCOREBOARD MATCH: wstrb passthrough beat=10 expected = e6, actual =e6
[2035000] SCOREBOARD MATCH: wstrb passthrough beat=11 expected = 64, actual =64
[2035000] SCOREBOARD MATCH: wstrb passthrough beat=12 expected = fa, actual =fa
[2035000] SCOREBOARD MATCH: wstrb passthrough beat=13 expected = 77, actual =77
[2035000] SCOREBOARD MATCH: wstrb passthrough beat=14 expected = f2, actual =f2
[2035000] SCOREBOARD MATCH: wstrb passthrough beat=15 expected = 7d, actual =7d
[2035000] SCOREBOARD MATCH: wstrb passthrough beat=16 expected = 6c, actual =6c
[2035000] SCOREBOARD MATCH: wstrb passthrough beat=17 expected = d8, actual =d8
[2035000] SCOREBOARD MATCH: wstrb passthrough beat=18 expected = e1, actual =e1
[2035000] SCOREBOARD MATCH: wstrb passthrough beat=19 expected = 66, actual =66
[2035000] SCOREBOARD MATCH: wstrb passthrough beat=20 expected = 4f, actual =4f
[2035000] SCOREBOARD MATCH: wstrb passthrough beat=21 expected = d3, actual =d3
[2035000] SCOREBOARD MATCH: wstrb passthrough beat=22 expected = e4, actual =e4
[2035000] SCOREBOARD MATCH: wstrb passthrough beat=23 expected = bb, actual =bb
[2035000] SCOREBOARD MATCH: wstrb passthrough beat=24 expected = ab, actual =ab
[2035000] SCOREBOARD MATCH: wstrb passthrough beat=25 expected = c5, actual =c5
[2035000] SCOREBOARD MATCH: wstrb passthrough beat=26 expected = 22, actual =22
[2035000] SCOREBOARD MATCH: wstrb passthrough beat=27 expected = fb, actual =fb
[2035000] SCOREBOARD MATCH: wstrb passthrough beat=28 expected = 99, actual =99
[2035000] SCOREBOARD MATCH: wstrb passthrough beat=29 expected = 6, actual =6
[2035000] SCOREBOARD MATCH: wstrb passthrough beat=30 expected = b6, actual =b6
[2035000] SCOREBOARD MATCH: wstrb passthrough beat=31 expected = 44, actual =44
[2035000] SCOREBOARD MATCH: wstrb passthrough beat=32 expected = cb, actual =cb
[2035000] SCOREBOARD MATCH: wstrb passthrough beat=33 expected = d8, actual =d8
[2035000] SCOREBOARD MATCH: wstrb passthrough beat=34 expected = 3f, actual =3f
[2035000] SCOREBOARD MATCH: wstrb passthrough beat=35 expected = 64, actual =64
[2035000] SCOREBOARD MATCH: wstrb passthrough beat=36 expected = de, actual =de
[2035000] SCOREBOARD MATCH: wstrb passthrough beat=37 expected = f6, actual =f6
[2035000] SCOREBOARD MATCH: wstrb passthrough beat=38 expected = a9, actual =a9
[2035000] SCOREBOARD MATCH: wstrb passthrough beat=39 expected = aa, actual =aa
[2035000] SCOREBOARD MATCH: wstrb passthrough beat=40 expected = ce, actual =ce
[2035000] SCOREBOARD MATCH: wstrb passthrough beat=41 expected = e8, actual =e8
[2035000] SCOREBOARD MATCH: wstrb passthrough beat=42 expected = e, actual =e
[2035000] SCOREBOARD MATCH: wstrb passthrough beat=43 expected = ad, actual =ad
[2035000] SCOREBOARD MATCH: wstrb passthrough beat=44 expected = de, actual =de
[2035000] SCOREBOARD MATCH: wstrb passthrough beat=45 expected = b7, actual =b7
[2035000] SCOREBOARD MATCH: wstrb passthrough beat=46 expected = 57, actual =57
[2035000] SCOREBOARD MATCH: wstrb passthrough beat=47 expected = ad, actual =ad
[2035000] SCOREBOARD MATCH: wstrb passthrough beat=48 expected = a0, actual =a0
[2035000] SCOREBOARD MATCH: wstrb passthrough beat=49 expected = 65, actual =65
[2035000] SCOREBOARD MATCH: wstrb passthrough beat=50 expected = 5a, actual =5a
[2035000] SCOREBOARD MATCH: bresp passthrough expected = 0, actual =0
[2035000] SCOREBOARD MATCH: response routed to correct master (write) expected = 0, actual =0
[2035000] [SCOREBOARD-M] mst_id=0 s_id=0 awaddr=b9d6910 awid=1011 awlen=50 awsize=1 awburst=1 wdata=[3421203d91d9bf56 2404da8003db020b f50f8c5135857e6f c75f3dc5f41eff66 f7fa0171a930ac8e deb62afdeb641845 df8317aced098dc3 963a3a51261568c3 91798108d77d191d c486a6e0f4f0654f 1b05ce12f0fc98b4 c879b1d2dac0e132 cfb14681ac7f4f1a 1d7be7cf8d0058b2 e7c139e4eab71493 973663ade5f599a1 f2f5f253b7728065 a22994f8b4b24b7c 9aa7e51ddab72c38 9229ac9d395ff8a6 ee1244220d9dd771 e85503a934534196 edb33a3c08ba2940 165800b1fa7eb046 aed1f1dcdbc57e5e e47fa79efead045a f92bb4a09c852c18 f84aaa77fad7a84f f984aca927fda67d c482d295dcca5215 d7a1fa65f2b0614a 1aae07c7bccd7d0c 1997cf22d126a70e c3d70858df30da5c 1bfe5769f139c987 c2607095de85101f 3db5ea7c3596268b 26cff012063778ee e4bc890dd9b441e5 f4a6870e93060a7 ef67d995a2727389 fc26b56e361a5882 9f4ab929d42462a3 f696d62c8b711dde c18b76600eb292bf e2d6f562f2bd8b9b fe2ea979e0d62f8a ef88c249d96dcb8e cc2b57293fba1fda 20904f64d25fb7ab abcd8339ca5a00a3 ] wstrb=[ad 7d 63 58 e1 6 91 8e 83 f4 e6 64 fa 77 f2 7d 6c d8 e1 66 4f d3 e4 bb ab c5 22 fb 99 6 b6 44 cb d8 3f 64 de f6 a9 aa ce e8 e ad de b7 57 ad a0 65 5a ] bresp=0 bid=1011
[2035000] [SCOREBOARD-S] mst_id=0 s_id=0 awaddr=b9d6910 awid=1011 awlen=50 awsize=1 awburst=1 wdata=[3421203d91d9bf56 2404da8003db020b f50f8c5135857e6f c75f3dc5f41eff66 f7fa0171a930ac8e deb62afdeb641845 df8317aced098dc3 963a3a51261568c3 91798108d77d191d c486a6e0f4f0654f 1b05ce12f0fc98b4 c879b1d2dac0e132 cfb14681ac7f4f1a 1d7be7cf8d0058b2 e7c139e4eab71493 973663ade5f599a1 f2f5f253b7728065 a22994f8b4b24b7c 9aa7e51ddab72c38 9229ac9d395ff8a6 ee1244220d9dd771 e85503a934534196 edb33a3c08ba2940 165800b1fa7eb046 aed1f1dcdbc57e5e e47fa79efead045a f92bb4a09c852c18 f84aaa77fad7a84f f984aca927fda67d c482d295dcca5215 d7a1fa65f2b0614a 1aae07c7bccd7d0c 1997cf22d126a70e c3d70858df30da5c 1bfe5769f139c987 c2607095de85101f 3db5ea7c3596268b 26cff012063778ee e4bc890dd9b441e5 f4a6870e93060a7 ef67d995a2727389 fc26b56e361a5882 9f4ab929d42462a3 f696d62c8b711dde c18b76600eb292bf e2d6f562f2bd8b9b fe2ea979e0d62f8a ef88c249d96dcb8e cc2b57293fba1fda 20904f64d25fb7ab abcd8339ca5a00a3 ] wstrb=[ad 7d 63 58 e1 6 91 8e 83 f4 e6 64 fa 77 f2 7d 6c d8 e1 66 4f d3 e4 bb ab c5 22 fb 99 6 b6 44 cb d8 3f 64 de f6 a9 aa ce e8 e ad de b7 57 ad a0 65 5a ] bresp=0 bid=1011
[2035000] SCOREBOARD: Transaction 4 received. pass=418 fail=0
[2035000] ALL PASS. Total transactions: 4
[2045000] SLAVE 0 R_VALID_RDY Handshake beat=1 rlast=1
[2045000] [SLAVE MONITOR] READ mst_id=0 s_id=0 araddr=b945ed0 arid=4 arlen=1 arsize=3 arburst=1 rid=[44] rresp=[00] rdata=[baadf00d12345678baadf00d12345678]
[2055000] MASTER 0 R_VALID_RDY Handshake beat=0 rlast=0
[2065000] [MASTER DRIVER] READ mst_id=0 s_id=0 araddr=b945ed0 arid=4 arlen=1 arsize=3 arburst=1 rid=[44] rresp=[00] rdata=[baadf00d12345678baadf00d12345678]
[2065000] MASTER 0 R_VALID_RDY Handshake beat=1 rlast=1
[2065000] [MASTER MONITOR] READ mst_id=0 s_id=0 araddr=b945ed0 arid=4 arlen=1 arsize=3 arburst=1 rid=[44] rresp=[00] rdata=[baadf00d12345678baadf00d12345678]
[2065000] SCOREBOARD MATCH: decode_err expected = 0, actual =0
[2065000] SCOREBOARD MATCH: slave_id expected = 0, actual =0
[2065000] SCOREBOARD MATCH: araddr passthrough expected = b945ed0, actual =b945ed0
[2065000] SCOREBOARD MATCH: arlen passthrough expected = 1, actual =1
[2065000] SCOREBOARD MATCH: arsize passthrough expected = 3, actual =3
[2065000] SCOREBOARD MATCH: arburst passthrough expected = 1, actual =1
[2065000] SCOREBOARD MATCH: rdata size check expected = 2, actual =2
[2065000] SCOREBOARD MATCH: rdata passthrough beat=0 expected = baadf00d12345678, actual =baadf00d12345678
[2065000] SCOREBOARD MATCH: rdata passthrough beat=1 expected = baadf00d12345678, actual =baadf00d12345678
[2065000] SCOREBOARD MATCH: rresp size check expected = 2, actual =2
[2065000] SCOREBOARD MATCH: rresp passthrough beat=0 expected = 0, actual =0
[2065000] SCOREBOARD MATCH: rresp passthrough beat=1 expected = 0, actual =0
[2065000] SCOREBOARD MATCH: response routed to correct master (read beat 0) expected = 0, actual =0
[2065000] SCOREBOARD MATCH: response routed to correct master (read beat 1) expected = 0, actual =0
[2065000] [SCOREBOARD-M] READ mst_id=0 s_id=0 araddr=b945ed0 arid=4 arlen=1 arsize=3 arburst=1 rid=[44] rresp=[00] rdata=[baadf00d12345678baadf00d12345678]
[2065000] [SCOREBOARD-S] READ mst_id=0 s_id=0 araddr=b945ed0 arid=4 arlen=1 arsize=3 arburst=1 rid=[44] rresp=[00] rdata=[baadf00d12345678baadf00d12345678]
[2065000] SCOREBOARD: Transaction 5 received. pass=432 fail=0
[2065000] SCOREBOARD: Expected 5 transactions completed, PASS=432 FAIL=0
[2065000] ALL PASS. Total transactions: 5
[2065000] ALL TRANSACTIONS MONITORED
$finish called at time : 2085 ns : File "/home/nashita/Desktop/practice/axi_xbar/tb/top/axi_tb_top.sv" Line 220
exit
INFO: xsimkernel Simulation Memory Usage: 289464 KB (Peak: 337864 KB), Simulation CPU Usage: 1200 ms
INFO: [Common 17-206] Exiting xsim at Thu Sep 10 18:17:04 2026...
