#-----------------------------------------------------------
# xsim v2025.2 (64-bit)
# SW Build 6299465 on Fri Nov 14 12:34:56 MST 2025
# IP Build 6300035 on Fri Nov 14 10:48:45 MST 2025
# SharedData Build 6298862 on Thu Nov 13 04:50:51 MST 2025
# Start of session at: Thu Sep 10 18:40:16 2026
# Process ID         : 3659933
# Current directory  : /home/nashita/Desktop/practice/axi_xbar/sim
# Command line       : xsim -log regress_results/BT_run385.log -mode tcl -source {xsim.dir/tb_top_snap/xsim_script.tcl}
# Log file           : /home/nashita/Desktop/practice/axi_xbar/sim/regress_results/BT_run385.log
# Journal file       : /home/nashita/Desktop/practice/axi_xbar/sim/xsim.jou
# Running On         : vlsi-vivado
# Platform           : Ubuntu
# Operating System   : Ubuntu 24.04.4 LTS
# Processor Detail   : Intel(R) Core(TM) i5-10400 CPU @ 2.90GHz
# CPU Frequency      : 4101.571 MHz
# CPU Physical cores : 6
# CPU Logical cores  : 12
# Host memory        : 41875 MB
# Swap memory        : 27648 MB
# Total Virtual      : 69524 MB
# Available Virtual  : 62541 MB
#-----------------------------------------------------------
source xsim.dir/tb_top_snap/xsim_script.tcl
# xsim {tb_top_snap} -testplusarg BT -autoloadwcfg -runall -sv_seed 386
Time resolution is 1 ps
run -all
[0] RUNNING BASE TEST
[0] INSIDE THE BASE TEST CONSTRUCTOR
[0] ENV: before agent
[0] SLAVE CONSTRUCTED
[0] MASTER MONITOR CONSTRUCTED
[0] MASTER MONITOR CONSTRUCTED
[0] SLAVE MONITOR CONSTRUCTED
[0] SLAVE MONITOR CONSTRUCTED
[0] ARB MONITOR CONSTRUCTED
GENERATOR CONSTRUCTED
[0] ENV: after agent
[0] ENV: before scoreboard
[0] ENV: after scoreboard
[15000] [SEQUENCER] mst_id=0 s_id=0 awaddr=16942398 awid=111 awlen=114 awsize=0 awburst=1 wdata=[f44519e33540cf49 1c1353bcdac65aee bb11685fcee8a682 42975cb9a69b9af f530149e2f568243 fe3f28c5203cc987 baa68336b0417cfd df97ff4002689e90 22a56817afd697d4 e01814d2ddd72805 e03fc695dd4beb4d d228322bfb01412 1d873c1882e52eac e03119faed3a97f4 aceaac06fdc702ad ac315aed539d1c da8e3510ca71e81e c838eacce0dd4b54 ce30e8708778e116 d1eac935c8e51c26 29c2677a28bf1d80 b037fe961a23b401 e308d027f7f34fea 20b26d6a8222c7cb 9c467bcc0ccb37a1 4be878bd0ea6c00 d30d33ccff4f4bf3 8c1a83942570f4f5 f65b60f5ef53af98 eea2fb8c90d90b1f b64a0014c96894c1 38bc445afabd7f20 b968a402ca5610a f60df5cb275f3fe6 a21cbf06c1e08a54 ee85eb5eaeca3a25 d6297a0badb34946 ef93d39be493e12a 935e1b4ff8463912 a5f98258de19bef9 c2ada023e987955b e1cdce6d958d55f3 f3a714edd60bbb73 3f9350ce87c750c5 1d54a6b9b654b510 8c60708321611f3b a928700010fbbba6 c75070b6cbf3c151 ed54e08cc67d16b9 d778d25fd3b0e13a 9fa4a28b167d508d dcfa67461ec94316 f27a24500cf98318 2376d3a5347339a6 d33c7cbc921ec6db 9f1849f380713aeb b4e47491c5b6a10c d7d567e7c28f1d98 c30058848820f14d cdd79259f6edb1db b97ccf73f7e4cd15 5be6325acfa41 1c9aac1cfc7d27f7 f461f50dcddd50bc f38a4afdd6177b8f d294a387f467b370 c245042c9024f719 e63c72a9c6f69894 3b5e4c0435cf4f2a c5f4464338d11630 ffc7aec4fda35030 b3729f5aac30b8ec e501cf1c3b25fac8 b8c94af8f966e59e a5979e8ae4c97de0 9fef78a8ec3bea53 e5a2cff10a996da7 ef62eb87d8b8c3a1 c4f4adf48b3a6e7b 95d3dc220f526430 e80b27d12a977de5 b5d1ec600536c7aa 14892bda2cffd5c5 d79753aacba5c883 d0dc902dfc9453ab 299429708d69400a d90f088de565bc07 e1fa0fb2012b7d1a 8e94bd24a9eb98ba 8f5154c10b8e3922 cb9b63ce7a3c5b2 918f5e6cf14b6473 fcd99d959b4e7360 82f2391220e0b32e 922c17a1899353d1 24e1c7321481977f 35624aad0f05b537 98990908a7d40044 bc5597c3c78e624e d6941785bd7ad03a e54ed07ff1b7e270 394644bfef2d208e aca7f0c8a1a46842 135c4ab38fda5c44 ff077cd291f6c147 339b298acca28f72 dc7cebb62baf6d9b bda62ee2c6f7743d 139a03afdb846889 733d624f141586c b838cca9f016ef65 cb9b57eec4da0506 361b5d73cbd2d058 3be9bfbed2cf2e12 17a93319ee542a1c ] wstrb=[ac 75 8c bf 33 a8 d8 df 1d 64 9e 50 c 76 30 2a da ce 7a e7 45 aa 11 1f 79 8b 6 be 36 17 dd af a3 e4 6d d9 fb 4a 88 9e 2e f5 77 2a 3f ff c8 6e f4 40 98 34 3f 60 a2 34 a0 3a 68 e0 9a a 14 3b 44 7c 1b de 86 2f 19 ca ab 34 a8 31 63 c2 fb e f6 a3 3f 5a 65 3a 68 5c de a8 b6 43 e2 1e 9f c0 c6 55 4 a9 74 a3 69 3a f9 6d e3 6d 11 4d a7 a ba 8b 77 ] bresp=0 bid=0
[15000] [SEQUENCER] READ mst_id=1 s_id=0 araddr=136c5cb8 arid=0 arlen=1 arsize=3 arburst=1 rid=[] rresp=[] rdata=[]
[15000] [SEQUENCER] READ mst_id=0 s_id=0 araddr=1fbb8a50 arid=1 arlen=1 arsize=3 arburst=1 rid=[] rresp=[] rdata=[]
[15000] [SEQUENCER] READ mst_id=0 s_id=0 araddr=1031ea50 arid=2 arlen=1 arsize=3 arburst=1 rid=[] rresp=[] rdata=[]
[15000] [SEQUENCER] READ mst_id=1 s_id=0 araddr=fe04c0 arid=1 arlen=1 arsize=3 arburst=1 rid=[] rresp=[] rdata=[]
[15000] MASTER_DRIVER0 received transaction, op=AXI_WRITE
[15000] MASTER_DRIVER1 received transaction, op=AXI_READ
[35000] MASTER 0 AW_VALID_RDY Handshake
[35000] MASTER_DRIVER1 received transaction, op=AXI_READ
[45000] ARB MONITOR: slave=1 m0_req=1 m1_req=0 winner=0
[45000] ARB MONITOR: slave=1 m0_req=0 m1_req=1 winner=1
[45000] AXI S0_ARVALID_RDY HANDSHAKE
[45000] MEMORY READ MISS beat=0 addr=136c5cb8 -> default data id=16
[45000] AXI S1_AWVALID_RDY HANDSHAKE
[55000] MEMORY READ MISS beat=1 addr=136c5cc0 -> default data id=16
[55000] SLAVE 1 R_VALID_RDY Handshake beat=0 rlast=0
[55000] MASTER 0 W_VALID_RDY Handshake beat=0 wlast=0
[65000] MASTER 0 W_VALID_RDY Handshake beat=1 wlast=0
[65000] ARB MONITOR: slave=0 m0_req=0 m1_req=1 winner=1
[65000] SLAVE 1 R_VALID_RDY Handshake beat=1 rlast=1
[65000] [SLAVE MONITOR] READ mst_id=1 s_id=1 araddr=136c5cb8 arid=0 arlen=1 arsize=3 arburst=1 rid=[1010] rresp=[00] rdata=[baadf00d12345678baadf00d12345678]
[65000] AXI S0_ARVALID_RDY HANDSHAKE
[65000] MEMORY READ MISS beat=0 addr=fe04c0 -> default data id=17
[65000] S1 MEMORY WRITE beat=0 addr=16942398 data=f44519e33540cf49 id=07
[75000] S1 MEMORY WRITE beat=1 addr=16942399 data=1c1353bcdac65aee id=07
[75000] MEMORY READ MISS beat=1 addr=fe04c8 -> default data id=17
[75000] SLAVE 0 R_VALID_RDY Handshake beat=0 rlast=0
[75000] MASTER 1 R_VALID_RDY Handshake beat=0 rlast=0
[75000] MASTER 0 W_VALID_RDY Handshake beat=2 wlast=0
[85000] [MASTER DRIVER] READ mst_id=1 s_id=0 araddr=136c5cb8 arid=0 arlen=1 arsize=3 arburst=1 rid=[00] rresp=[00] rdata=[baadf00d12345678baadf00d12345678]
[85000] MASTER 0 W_VALID_RDY Handshake beat=3 wlast=0
[85000] MASTER 1 R_VALID_RDY Handshake beat=1 rlast=1
[85000] [MASTER MONITOR] READ mst_id=1 s_id=1 araddr=136c5cb8 arid=0 arlen=1 arsize=3 arburst=1 rid=[00] rresp=[00] rdata=[baadf00d12345678baadf00d12345678]
[85000] SLAVE 0 R_VALID_RDY Handshake beat=1 rlast=1
[85000] [SLAVE MONITOR] READ mst_id=1 s_id=0 araddr=fe04c0 arid=1 arlen=1 arsize=3 arburst=1 rid=[1111] rresp=[00] rdata=[baadf00d12345678baadf00d12345678]
[85000] S1 MEMORY WRITE beat=2 addr=1694239a data=bb11685fcee8a682 id=07
[85000] SCOREBOARD MATCH: decode_err expected = 0, actual =0
[85000] SCOREBOARD MATCH: slave_id expected = 1, actual =1
[85000] SCOREBOARD MATCH: araddr passthrough expected = 136c5cb8, actual =136c5cb8
[85000] SCOREBOARD MATCH: arlen passthrough expected = 1, actual =1
[85000] SCOREBOARD MATCH: arsize passthrough expected = 3, actual =3
[85000] SCOREBOARD MATCH: arburst passthrough expected = 1, actual =1
[85000] SCOREBOARD MATCH: rdata size check expected = 2, actual =2
[85000] SCOREBOARD MATCH: rdata passthrough beat=0 expected = baadf00d12345678, actual =baadf00d12345678
[85000] SCOREBOARD MATCH: rdata passthrough beat=1 expected = baadf00d12345678, actual =baadf00d12345678
[85000] SCOREBOARD MATCH: rresp size check expected = 2, actual =2
[85000] SCOREBOARD MATCH: rresp passthrough beat=0 expected = 0, actual =0
[85000] SCOREBOARD MATCH: rresp passthrough beat=1 expected = 0, actual =0
[85000] SCOREBOARD MATCH: response routed to correct master (read beat 0) expected = 1, actual =1
[85000] SCOREBOARD MATCH: response routed to correct master (read beat 1) expected = 1, actual =1
[85000] [SCOREBOARD-M] READ mst_id=1 s_id=1 araddr=136c5cb8 arid=0 arlen=1 arsize=3 arburst=1 rid=[00] rresp=[00] rdata=[baadf00d12345678baadf00d12345678]
[85000] [SCOREBOARD-S] READ mst_id=1 s_id=1 araddr=136c5cb8 arid=0 arlen=1 arsize=3 arburst=1 rid=[1010] rresp=[00] rdata=[baadf00d12345678baadf00d12345678]
[85000] SCOREBOARD: Transaction 1 received. pass=14 fail=0
[85000] ALL PASS. Total transactions: 1
[95000] S1 MEMORY WRITE beat=3 addr=1694239b data=042975cb9a69b9af id=07
[95000] MASTER 0 W_VALID_RDY Handshake beat=4 wlast=0
[105000] MASTER 0 W_VALID_RDY Handshake beat=5 wlast=0
[105000] MASTER 1 R_VALID_RDY Handshake beat=0 rlast=0
[105000] S1 MEMORY WRITE beat=4 addr=1694239c data=f530149e2f568243 id=07
[115000] S1 MEMORY WRITE beat=5 addr=1694239d data=fe3f28c5203cc987 id=07
[115000] MASTER 1 R_VALID_RDY Handshake beat=1 rlast=1
[115000] [MASTER MONITOR] READ mst_id=1 s_id=0 araddr=fe04c0 arid=1 arlen=1 arsize=3 arburst=1 rid=[11] rresp=[00] rdata=[baadf00d12345678baadf00d12345678]
[115000] MASTER 0 W_VALID_RDY Handshake beat=6 wlast=0
[115000] [MASTER DRIVER] READ mst_id=1 s_id=0 araddr=fe04c0 arid=1 arlen=1 arsize=3 arburst=1 rid=[11] rresp=[00] rdata=[baadf00d12345678baadf00d12345678]
[115000] SCOREBOARD MATCH: decode_err expected = 0, actual =0
[115000] SCOREBOARD MATCH: slave_id expected = 0, actual =0
[115000] SCOREBOARD MATCH: araddr passthrough expected = fe04c0, actual =fe04c0
[115000] SCOREBOARD MATCH: arlen passthrough expected = 1, actual =1
[115000] SCOREBOARD MATCH: arsize passthrough expected = 3, actual =3
[115000] SCOREBOARD MATCH: arburst passthrough expected = 1, actual =1
[115000] SCOREBOARD MATCH: rdata size check expected = 2, actual =2
[115000] SCOREBOARD MATCH: rdata passthrough beat=0 expected = baadf00d12345678, actual =baadf00d12345678
[115000] SCOREBOARD MATCH: rdata passthrough beat=1 expected = baadf00d12345678, actual =baadf00d12345678
[115000] SCOREBOARD MATCH: rresp size check expected = 2, actual =2
[115000] SCOREBOARD MATCH: rresp passthrough beat=0 expected = 0, actual =0
[115000] SCOREBOARD MATCH: rresp passthrough beat=1 expected = 0, actual =0
[115000] SCOREBOARD MATCH: response routed to correct master (read beat 0) expected = 1, actual =1
[115000] SCOREBOARD MATCH: response routed to correct master (read beat 1) expected = 1, actual =1
[115000] [SCOREBOARD-M] READ mst_id=1 s_id=0 araddr=fe04c0 arid=1 arlen=1 arsize=3 arburst=1 rid=[11] rresp=[00] rdata=[baadf00d12345678baadf00d12345678]
[115000] [SCOREBOARD-S] READ mst_id=1 s_id=0 araddr=fe04c0 arid=1 arlen=1 arsize=3 arburst=1 rid=[1111] rresp=[00] rdata=[baadf00d12345678baadf00d12345678]
[115000] SCOREBOARD: Transaction 2 received. pass=28 fail=0
[115000] ALL PASS. Total transactions: 2
[125000] MASTER 0 W_VALID_RDY Handshake beat=7 wlast=0
[125000] S1 MEMORY WRITE beat=6 addr=1694239e data=baa68336b0417cfd id=07
[135000] S1 MEMORY WRITE beat=7 addr=1694239f data=df97ff4002689e90 id=07
[135000] MASTER 0 W_VALID_RDY Handshake beat=8 wlast=0
[145000] MASTER 0 W_VALID_RDY Handshake beat=9 wlast=0
[145000] S1 MEMORY WRITE beat=8 addr=169423a0 data=22a56817afd697d4 id=07
[155000] S1 MEMORY WRITE beat=9 addr=169423a1 data=e01814d2ddd72805 id=07
[155000] MASTER 0 W_VALID_RDY Handshake beat=10 wlast=0
[165000] MASTER 0 W_VALID_RDY Handshake beat=11 wlast=0
[165000] S1 MEMORY WRITE beat=10 addr=169423a2 data=e03fc695dd4beb4d id=07
[175000] S1 MEMORY WRITE beat=11 addr=169423a3 data=0d228322bfb01412 id=07
[175000] MASTER 0 W_VALID_RDY Handshake beat=12 wlast=0
[185000] MASTER 0 W_VALID_RDY Handshake beat=13 wlast=0
[185000] S1 MEMORY WRITE beat=12 addr=169423a4 data=1d873c1882e52eac id=07
[195000] S1 MEMORY WRITE beat=13 addr=169423a5 data=e03119faed3a97f4 id=07
[195000] MASTER 0 W_VALID_RDY Handshake beat=14 wlast=0
[205000] MASTER 0 W_VALID_RDY Handshake beat=15 wlast=0
[205000] S1 MEMORY WRITE beat=14 addr=169423a6 data=aceaac06fdc702ad id=07
[215000] S1 MEMORY WRITE beat=15 addr=169423a7 data=00ac315aed539d1c id=07
[215000] MASTER 0 W_VALID_RDY Handshake beat=16 wlast=0
[225000] MASTER 0 W_VALID_RDY Handshake beat=17 wlast=0
[225000] S1 MEMORY WRITE beat=16 addr=169423a8 data=da8e3510ca71e81e id=07
[235000] S1 MEMORY WRITE beat=17 addr=169423a9 data=c838eacce0dd4b54 id=07
[235000] MASTER 0 W_VALID_RDY Handshake beat=18 wlast=0
[245000] MASTER 0 W_VALID_RDY Handshake beat=19 wlast=0
[245000] S1 MEMORY WRITE beat=18 addr=169423aa data=ce30e8708778e116 id=07
[255000] S1 MEMORY WRITE beat=19 addr=169423ab data=d1eac935c8e51c26 id=07
[255000] MASTER 0 W_VALID_RDY Handshake beat=20 wlast=0
[265000] MASTER 0 W_VALID_RDY Handshake beat=21 wlast=0
[265000] S1 MEMORY WRITE beat=20 addr=169423ac data=29c2677a28bf1d80 id=07
[275000] S1 MEMORY WRITE beat=21 addr=169423ad data=b037fe961a23b401 id=07
[275000] MASTER 0 W_VALID_RDY Handshake beat=22 wlast=0
[285000] MASTER 0 W_VALID_RDY Handshake beat=23 wlast=0
[285000] S1 MEMORY WRITE beat=22 addr=169423ae data=e308d027f7f34fea id=07
[295000] S1 MEMORY WRITE beat=23 addr=169423af data=20b26d6a8222c7cb id=07
[295000] MASTER 0 W_VALID_RDY Handshake beat=24 wlast=0
[305000] MASTER 0 W_VALID_RDY Handshake beat=25 wlast=0
[305000] S1 MEMORY WRITE beat=24 addr=169423b0 data=9c467bcc0ccb37a1 id=07
[315000] S1 MEMORY WRITE beat=25 addr=169423b1 data=04be878bd0ea6c00 id=07
[315000] MASTER 0 W_VALID_RDY Handshake beat=26 wlast=0
[325000] MASTER 0 W_VALID_RDY Handshake beat=27 wlast=0
[325000] S1 MEMORY WRITE beat=26 addr=169423b2 data=d30d33ccff4f4bf3 id=07
[335000] S1 MEMORY WRITE beat=27 addr=169423b3 data=8c1a83942570f4f5 id=07
[335000] MASTER 0 W_VALID_RDY Handshake beat=28 wlast=0
[345000] MASTER 0 W_VALID_RDY Handshake beat=29 wlast=0
[345000] S1 MEMORY WRITE beat=28 addr=169423b4 data=f65b60f5ef53af98 id=07
[355000] S1 MEMORY WRITE beat=29 addr=169423b5 data=eea2fb8c90d90b1f id=07
[355000] MASTER 0 W_VALID_RDY Handshake beat=30 wlast=0
[365000] MASTER 0 W_VALID_RDY Handshake beat=31 wlast=0
[365000] S1 MEMORY WRITE beat=30 addr=169423b6 data=b64a0014c96894c1 id=07
[375000] S1 MEMORY WRITE beat=31 addr=169423b7 data=38bc445afabd7f20 id=07
[375000] MASTER 0 W_VALID_RDY Handshake beat=32 wlast=0
[385000] MASTER 0 W_VALID_RDY Handshake beat=33 wlast=0
[385000] S1 MEMORY WRITE beat=32 addr=169423b8 data=0b968a402ca5610a id=07
[395000] S1 MEMORY WRITE beat=33 addr=169423b9 data=f60df5cb275f3fe6 id=07
[395000] MASTER 0 W_VALID_RDY Handshake beat=34 wlast=0
[405000] MASTER 0 W_VALID_RDY Handshake beat=35 wlast=0
[405000] S1 MEMORY WRITE beat=34 addr=169423ba data=a21cbf06c1e08a54 id=07
[415000] S1 MEMORY WRITE beat=35 addr=169423bb data=ee85eb5eaeca3a25 id=07
[415000] MASTER 0 W_VALID_RDY Handshake beat=36 wlast=0
[425000] MASTER 0 W_VALID_RDY Handshake beat=37 wlast=0
[425000] S1 MEMORY WRITE beat=36 addr=169423bc data=d6297a0badb34946 id=07
[435000] S1 MEMORY WRITE beat=37 addr=169423bd data=ef93d39be493e12a id=07
[435000] MASTER 0 W_VALID_RDY Handshake beat=38 wlast=0
[445000] MASTER 0 W_VALID_RDY Handshake beat=39 wlast=0
[445000] S1 MEMORY WRITE beat=38 addr=169423be data=935e1b4ff8463912 id=07
[455000] S1 MEMORY WRITE beat=39 addr=169423bf data=a5f98258de19bef9 id=07
[455000] MASTER 0 W_VALID_RDY Handshake beat=40 wlast=0
[465000] MASTER 0 W_VALID_RDY Handshake beat=41 wlast=0
[465000] S1 MEMORY WRITE beat=40 addr=169423c0 data=c2ada023e987955b id=07
[475000] S1 MEMORY WRITE beat=41 addr=169423c1 data=e1cdce6d958d55f3 id=07
[475000] MASTER 0 W_VALID_RDY Handshake beat=42 wlast=0
[485000] MASTER 0 W_VALID_RDY Handshake beat=43 wlast=0
[485000] S1 MEMORY WRITE beat=42 addr=169423c2 data=f3a714edd60bbb73 id=07
[495000] S1 MEMORY WRITE beat=43 addr=169423c3 data=3f9350ce87c750c5 id=07
[495000] MASTER 0 W_VALID_RDY Handshake beat=44 wlast=0
[505000] MASTER 0 W_VALID_RDY Handshake beat=45 wlast=0
[505000] S1 MEMORY WRITE beat=44 addr=169423c4 data=1d54a6b9b654b510 id=07
[515000] S1 MEMORY WRITE beat=45 addr=169423c5 data=8c60708321611f3b id=07
[515000] MASTER 0 W_VALID_RDY Handshake beat=46 wlast=0
[525000] MASTER 0 W_VALID_RDY Handshake beat=47 wlast=0
[525000] S1 MEMORY WRITE beat=46 addr=169423c6 data=a928700010fbbba6 id=07
[535000] S1 MEMORY WRITE beat=47 addr=169423c7 data=c75070b6cbf3c151 id=07
[535000] MASTER 0 W_VALID_RDY Handshake beat=48 wlast=0
[545000] MASTER 0 W_VALID_RDY Handshake beat=49 wlast=0
[545000] S1 MEMORY WRITE beat=48 addr=169423c8 data=ed54e08cc67d16b9 id=07
[555000] S1 MEMORY WRITE beat=49 addr=169423c9 data=d778d25fd3b0e13a id=07
[555000] MASTER 0 W_VALID_RDY Handshake beat=50 wlast=0
[565000] MASTER 0 W_VALID_RDY Handshake beat=51 wlast=0
[565000] S1 MEMORY WRITE beat=50 addr=169423ca data=9fa4a28b167d508d id=07
[575000] S1 MEMORY WRITE beat=51 addr=169423cb data=dcfa67461ec94316 id=07
[575000] MASTER 0 W_VALID_RDY Handshake beat=52 wlast=0
[585000] MASTER 0 W_VALID_RDY Handshake beat=53 wlast=0
[585000] S1 MEMORY WRITE beat=52 addr=169423cc data=f27a24500cf98318 id=07
[595000] S1 MEMORY WRITE beat=53 addr=169423cd data=2376d3a5347339a6 id=07
[595000] MASTER 0 W_VALID_RDY Handshake beat=54 wlast=0
[605000] MASTER 0 W_VALID_RDY Handshake beat=55 wlast=0
[605000] S1 MEMORY WRITE beat=54 addr=169423ce data=d33c7cbc921ec6db id=07
[615000] S1 MEMORY WRITE beat=55 addr=169423cf data=9f1849f380713aeb id=07
[615000] MASTER 0 W_VALID_RDY Handshake beat=56 wlast=0
[625000] MASTER 0 W_VALID_RDY Handshake beat=57 wlast=0
[625000] S1 MEMORY WRITE beat=56 addr=169423d0 data=b4e47491c5b6a10c id=07
[635000] S1 MEMORY WRITE beat=57 addr=169423d1 data=d7d567e7c28f1d98 id=07
[635000] MASTER 0 W_VALID_RDY Handshake beat=58 wlast=0
[645000] MASTER 0 W_VALID_RDY Handshake beat=59 wlast=0
[645000] S1 MEMORY WRITE beat=58 addr=169423d2 data=c30058848820f14d id=07
[655000] S1 MEMORY WRITE beat=59 addr=169423d3 data=cdd79259f6edb1db id=07
[655000] MASTER 0 W_VALID_RDY Handshake beat=60 wlast=0
[665000] MASTER 0 W_VALID_RDY Handshake beat=61 wlast=0
[665000] S1 MEMORY WRITE beat=60 addr=169423d4 data=b97ccf73f7e4cd15 id=07
[675000] S1 MEMORY WRITE beat=61 addr=169423d5 data=0005be6325acfa41 id=07
[675000] MASTER 0 W_VALID_RDY Handshake beat=62 wlast=0
[685000] MASTER 0 W_VALID_RDY Handshake beat=63 wlast=0
[685000] S1 MEMORY WRITE beat=62 addr=169423d6 data=1c9aac1cfc7d27f7 id=07
[695000] S1 MEMORY WRITE beat=63 addr=169423d7 data=f461f50dcddd50bc id=07
[695000] MASTER 0 W_VALID_RDY Handshake beat=64 wlast=0
[705000] MASTER 0 W_VALID_RDY Handshake beat=65 wlast=0
[705000] S1 MEMORY WRITE beat=64 addr=169423d8 data=f38a4afdd6177b8f id=07
[715000] S1 MEMORY WRITE beat=65 addr=169423d9 data=d294a387f467b370 id=07
[715000] MASTER 0 W_VALID_RDY Handshake beat=66 wlast=0
[725000] MASTER 0 W_VALID_RDY Handshake beat=67 wlast=0
[725000] S1 MEMORY WRITE beat=66 addr=169423da data=c245042c9024f719 id=07
[735000] S1 MEMORY WRITE beat=67 addr=169423db data=e63c72a9c6f69894 id=07
[735000] MASTER 0 W_VALID_RDY Handshake beat=68 wlast=0
[745000] MASTER 0 W_VALID_RDY Handshake beat=69 wlast=0
[745000] S1 MEMORY WRITE beat=68 addr=169423dc data=3b5e4c0435cf4f2a id=07
[755000] S1 MEMORY WRITE beat=69 addr=169423dd data=c5f4464338d11630 id=07
[755000] MASTER 0 W_VALID_RDY Handshake beat=70 wlast=0
[765000] MASTER 0 W_VALID_RDY Handshake beat=71 wlast=0
[765000] S1 MEMORY WRITE beat=70 addr=169423de data=ffc7aec4fda35030 id=07
[775000] S1 MEMORY WRITE beat=71 addr=169423df data=b3729f5aac30b8ec id=07
[775000] MASTER 0 W_VALID_RDY Handshake beat=72 wlast=0
[785000] MASTER 0 W_VALID_RDY Handshake beat=73 wlast=0
[785000] S1 MEMORY WRITE beat=72 addr=169423e0 data=e501cf1c3b25fac8 id=07
[795000] S1 MEMORY WRITE beat=73 addr=169423e1 data=b8c94af8f966e59e id=07
[795000] MASTER 0 W_VALID_RDY Handshake beat=74 wlast=0
[805000] MASTER 0 W_VALID_RDY Handshake beat=75 wlast=0
[805000] S1 MEMORY WRITE beat=74 addr=169423e2 data=a5979e8ae4c97de0 id=07
[815000] S1 MEMORY WRITE beat=75 addr=169423e3 data=9fef78a8ec3bea53 id=07
[815000] MASTER 0 W_VALID_RDY Handshake beat=76 wlast=0
[825000] MASTER 0 W_VALID_RDY Handshake beat=77 wlast=0
[825000] S1 MEMORY WRITE beat=76 addr=169423e4 data=e5a2cff10a996da7 id=07
[835000] S1 MEMORY WRITE beat=77 addr=169423e5 data=ef62eb87d8b8c3a1 id=07
[835000] MASTER 0 W_VALID_RDY Handshake beat=78 wlast=0
[845000] MASTER 0 W_VALID_RDY Handshake beat=79 wlast=0
[845000] S1 MEMORY WRITE beat=78 addr=169423e6 data=c4f4adf48b3a6e7b id=07
[855000] S1 MEMORY WRITE beat=79 addr=169423e7 data=95d3dc220f526430 id=07
[855000] MASTER 0 W_VALID_RDY Handshake beat=80 wlast=0
[865000] MASTER 0 W_VALID_RDY Handshake beat=81 wlast=0
[865000] S1 MEMORY WRITE beat=80 addr=169423e8 data=e80b27d12a977de5 id=07
[875000] S1 MEMORY WRITE beat=81 addr=169423e9 data=b5d1ec600536c7aa id=07
[875000] MASTER 0 W_VALID_RDY Handshake beat=82 wlast=0
[885000] MASTER 0 W_VALID_RDY Handshake beat=83 wlast=0
[885000] S1 MEMORY WRITE beat=82 addr=169423ea data=14892bda2cffd5c5 id=07
[895000] S1 MEMORY WRITE beat=83 addr=169423eb data=d79753aacba5c883 id=07
[895000] MASTER 0 W_VALID_RDY Handshake beat=84 wlast=0
[905000] MASTER 0 W_VALID_RDY Handshake beat=85 wlast=0
[905000] S1 MEMORY WRITE beat=84 addr=169423ec data=d0dc902dfc9453ab id=07
[915000] S1 MEMORY WRITE beat=85 addr=169423ed data=299429708d69400a id=07
[915000] MASTER 0 W_VALID_RDY Handshake beat=86 wlast=0
[925000] MASTER 0 W_VALID_RDY Handshake beat=87 wlast=0
[925000] S1 MEMORY WRITE beat=86 addr=169423ee data=d90f088de565bc07 id=07
[935000] S1 MEMORY WRITE beat=87 addr=169423ef data=e1fa0fb2012b7d1a id=07
[935000] MASTER 0 W_VALID_RDY Handshake beat=88 wlast=0
[945000] MASTER 0 W_VALID_RDY Handshake beat=89 wlast=0
[945000] S1 MEMORY WRITE beat=88 addr=169423f0 data=8e94bd24a9eb98ba id=07
[955000] S1 MEMORY WRITE beat=89 addr=169423f1 data=8f5154c10b8e3922 id=07
[955000] MASTER 0 W_VALID_RDY Handshake beat=90 wlast=0
[965000] MASTER 0 W_VALID_RDY Handshake beat=91 wlast=0
[965000] S1 MEMORY WRITE beat=90 addr=169423f2 data=0cb9b63ce7a3c5b2 id=07
[975000] S1 MEMORY WRITE beat=91 addr=169423f3 data=918f5e6cf14b6473 id=07
[975000] MASTER 0 W_VALID_RDY Handshake beat=92 wlast=0
[985000] MASTER 0 W_VALID_RDY Handshake beat=93 wlast=0
[985000] S1 MEMORY WRITE beat=92 addr=169423f4 data=fcd99d959b4e7360 id=07
[995000] S1 MEMORY WRITE beat=93 addr=169423f5 data=82f2391220e0b32e id=07
[995000] MASTER 0 W_VALID_RDY Handshake beat=94 wlast=0
[1005000] MASTER 0 W_VALID_RDY Handshake beat=95 wlast=0
[1005000] S1 MEMORY WRITE beat=94 addr=169423f6 data=922c17a1899353d1 id=07
[1015000] S1 MEMORY WRITE beat=95 addr=169423f7 data=24e1c7321481977f id=07
[1015000] MASTER 0 W_VALID_RDY Handshake beat=96 wlast=0
[1025000] MASTER 0 W_VALID_RDY Handshake beat=97 wlast=0
[1025000] S1 MEMORY WRITE beat=96 addr=169423f8 data=35624aad0f05b537 id=07
[1035000] S1 MEMORY WRITE beat=97 addr=169423f9 data=98990908a7d40044 id=07
[1035000] MASTER 0 W_VALID_RDY Handshake beat=98 wlast=0
[1045000] MASTER 0 W_VALID_RDY Handshake beat=99 wlast=0
[1045000] S1 MEMORY WRITE beat=98 addr=169423fa data=bc5597c3c78e624e id=07
[1055000] S1 MEMORY WRITE beat=99 addr=169423fb data=d6941785bd7ad03a id=07
[1055000] MASTER 0 W_VALID_RDY Handshake beat=100 wlast=0
[1065000] MASTER 0 W_VALID_RDY Handshake beat=101 wlast=0
[1065000] S1 MEMORY WRITE beat=100 addr=169423fc data=e54ed07ff1b7e270 id=07
[1075000] S1 MEMORY WRITE beat=101 addr=169423fd data=394644bfef2d208e id=07
[1075000] MASTER 0 W_VALID_RDY Handshake beat=102 wlast=0
[1085000] MASTER 0 W_VALID_RDY Handshake beat=103 wlast=0
[1085000] S1 MEMORY WRITE beat=102 addr=169423fe data=aca7f0c8a1a46842 id=07
[1095000] S1 MEMORY WRITE beat=103 addr=169423ff data=135c4ab38fda5c44 id=07
[1095000] MASTER 0 W_VALID_RDY Handshake beat=104 wlast=0
[1105000] MASTER 0 W_VALID_RDY Handshake beat=105 wlast=0
[1105000] S1 MEMORY WRITE beat=104 addr=16942400 data=ff077cd291f6c147 id=07
[1115000] S1 MEMORY WRITE beat=105 addr=16942401 data=339b298acca28f72 id=07
[1115000] MASTER 0 W_VALID_RDY Handshake beat=106 wlast=0
[1125000] MASTER 0 W_VALID_RDY Handshake beat=107 wlast=0
[1125000] S1 MEMORY WRITE beat=106 addr=16942402 data=dc7cebb62baf6d9b id=07
[1135000] S1 MEMORY WRITE beat=107 addr=16942403 data=bda62ee2c6f7743d id=07
[1135000] MASTER 0 W_VALID_RDY Handshake beat=108 wlast=0
[1145000] MASTER 0 W_VALID_RDY Handshake beat=109 wlast=0
[1145000] S1 MEMORY WRITE beat=108 addr=16942404 data=139a03afdb846889 id=07
[1155000] S1 MEMORY WRITE beat=109 addr=16942405 data=0733d624f141586c id=07
[1155000] MASTER 0 W_VALID_RDY Handshake beat=110 wlast=0
[1165000] MASTER 0 W_VALID_RDY Handshake beat=111 wlast=0
[1165000] S1 MEMORY WRITE beat=110 addr=16942406 data=b838cca9f016ef65 id=07
[1175000] S1 MEMORY WRITE beat=111 addr=16942407 data=cb9b57eec4da0506 id=07
[1175000] MASTER 0 W_VALID_RDY Handshake beat=112 wlast=0
[1185000] MASTER 0 W_VALID_RDY Handshake beat=113 wlast=0
[1185000] S1 MEMORY WRITE beat=112 addr=16942408 data=361b5d73cbd2d058 id=07
[1195000] S1 MEMORY WRITE beat=113 addr=16942409 data=3be9bfbed2cf2e12 id=07
[1195000] MASTER 0 W_VALID_RDY Handshake beat=114 wlast=1
[1195000] MASTER_DRIVER0 received transaction, op=AXI_READ
[1205000] S1 MEMORY WRITE beat=114 addr=1694240a data=17a93319ee542a1c id=07
[1215000] SLAVE1 sent B resp, id=7
[1215000] [SLAVE MONITOR] mst_id=0 s_id=1 awaddr=16942398 awid=111 awlen=114 awsize=0 awburst=1 wdata=[f44519e33540cf49 1c1353bcdac65aee bb11685fcee8a682 42975cb9a69b9af f530149e2f568243 fe3f28c5203cc987 baa68336b0417cfd df97ff4002689e90 22a56817afd697d4 e01814d2ddd72805 e03fc695dd4beb4d d228322bfb01412 1d873c1882e52eac e03119faed3a97f4 aceaac06fdc702ad ac315aed539d1c da8e3510ca71e81e c838eacce0dd4b54 ce30e8708778e116 d1eac935c8e51c26 29c2677a28bf1d80 b037fe961a23b401 e308d027f7f34fea 20b26d6a8222c7cb 9c467bcc0ccb37a1 4be878bd0ea6c00 d30d33ccff4f4bf3 8c1a83942570f4f5 f65b60f5ef53af98 eea2fb8c90d90b1f b64a0014c96894c1 38bc445afabd7f20 b968a402ca5610a f60df5cb275f3fe6 a21cbf06c1e08a54 ee85eb5eaeca3a25 d6297a0badb34946 ef93d39be493e12a 935e1b4ff8463912 a5f98258de19bef9 c2ada023e987955b e1cdce6d958d55f3 f3a714edd60bbb73 3f9350ce87c750c5 1d54a6b9b654b510 8c60708321611f3b a928700010fbbba6 c75070b6cbf3c151 ed54e08cc67d16b9 d778d25fd3b0e13a 9fa4a28b167d508d dcfa67461ec94316 f27a24500cf98318 2376d3a5347339a6 d33c7cbc921ec6db 9f1849f380713aeb b4e47491c5b6a10c d7d567e7c28f1d98 c30058848820f14d cdd79259f6edb1db b97ccf73f7e4cd15 5be6325acfa41 1c9aac1cfc7d27f7 f461f50dcddd50bc f38a4afdd6177b8f d294a387f467b370 c245042c9024f719 e63c72a9c6f69894 3b5e4c0435cf4f2a c5f4464338d11630 ffc7aec4fda35030 b3729f5aac30b8ec e501cf1c3b25fac8 b8c94af8f966e59e a5979e8ae4c97de0 9fef78a8ec3bea53 e5a2cff10a996da7 ef62eb87d8b8c3a1 c4f4adf48b3a6e7b 95d3dc220f526430 e80b27d12a977de5 b5d1ec600536c7aa 14892bda2cffd5c5 d79753aacba5c883 d0dc902dfc9453ab 299429708d69400a d90f088de565bc07 e1fa0fb2012b7d1a 8e94bd24a9eb98ba 8f5154c10b8e3922 cb9b63ce7a3c5b2 918f5e6cf14b6473 fcd99d959b4e7360 82f2391220e0b32e 922c17a1899353d1 24e1c7321481977f 35624aad0f05b537 98990908a7d40044 bc5597c3c78e624e d6941785bd7ad03a e54ed07ff1b7e270 394644bfef2d208e aca7f0c8a1a46842 135c4ab38fda5c44 ff077cd291f6c147 339b298acca28f72 dc7cebb62baf6d9b bda62ee2c6f7743d 139a03afdb846889 733d624f141586c b838cca9f016ef65 cb9b57eec4da0506 361b5d73cbd2d058 3be9bfbed2cf2e12 17a93319ee542a1c ] wstrb=[ac 75 8c bf 33 a8 d8 df 1d 64 9e 50 c 76 30 2a da ce 7a e7 45 aa 11 1f 79 8b 6 be 36 17 dd af a3 e4 6d d9 fb 4a 88 9e 2e f5 77 2a 3f ff c8 6e f4 40 98 34 3f 60 a2 34 a0 3a 68 e0 9a a 14 3b 44 7c 1b de 86 2f 19 ca ab 34 a8 31 63 c2 fb e f6 a3 3f 5a 65 3a 68 5c de a8 b6 43 e2 1e 9f c0 c6 55 4 a9 74 a3 69 3a f9 6d e3 6d 11 4d a7 a ba 8b 77 ] bresp=0 bid=111
[1215000] MASTER_DRIVER0 received transaction, op=AXI_READ
[1225000] ARB MONITOR: slave=1 m0_req=1 m1_req=0 winner=0
[1225000] AXI S0_ARVALID_RDY HANDSHAKE
[1225000] MEMORY READ MISS beat=0 addr=1fbb8a50 -> default data id=1
[1235000] MEMORY READ MISS beat=1 addr=1fbb8a58 -> default data id=1
[1235000] SLAVE 1 R_VALID_RDY Handshake beat=0 rlast=0
[1235000] MASTER 0 B_VALID_RDY Handshake
[1235000] [MASTER MONITOR] mst_id=0 s_id=1 awaddr=16942398 awid=111 awlen=114 awsize=0 awburst=1 wdata=[f44519e33540cf49 1c1353bcdac65aee bb11685fcee8a682 42975cb9a69b9af f530149e2f568243 fe3f28c5203cc987 baa68336b0417cfd df97ff4002689e90 22a56817afd697d4 e01814d2ddd72805 e03fc695dd4beb4d d228322bfb01412 1d873c1882e52eac e03119faed3a97f4 aceaac06fdc702ad ac315aed539d1c da8e3510ca71e81e c838eacce0dd4b54 ce30e8708778e116 d1eac935c8e51c26 29c2677a28bf1d80 b037fe961a23b401 e308d027f7f34fea 20b26d6a8222c7cb 9c467bcc0ccb37a1 4be878bd0ea6c00 d30d33ccff4f4bf3 8c1a83942570f4f5 f65b60f5ef53af98 eea2fb8c90d90b1f b64a0014c96894c1 38bc445afabd7f20 b968a402ca5610a f60df5cb275f3fe6 a21cbf06c1e08a54 ee85eb5eaeca3a25 d6297a0badb34946 ef93d39be493e12a 935e1b4ff8463912 a5f98258de19bef9 c2ada023e987955b e1cdce6d958d55f3 f3a714edd60bbb73 3f9350ce87c750c5 1d54a6b9b654b510 8c60708321611f3b a928700010fbbba6 c75070b6cbf3c151 ed54e08cc67d16b9 d778d25fd3b0e13a 9fa4a28b167d508d dcfa67461ec94316 f27a24500cf98318 2376d3a5347339a6 d33c7cbc921ec6db 9f1849f380713aeb b4e47491c5b6a10c d7d567e7c28f1d98 c30058848820f14d cdd79259f6edb1db b97ccf73f7e4cd15 5be6325acfa41 1c9aac1cfc7d27f7 f461f50dcddd50bc f38a4afdd6177b8f d294a387f467b370 c245042c9024f719 e63c72a9c6f69894 3b5e4c0435cf4f2a c5f4464338d11630 ffc7aec4fda35030 b3729f5aac30b8ec e501cf1c3b25fac8 b8c94af8f966e59e a5979e8ae4c97de0 9fef78a8ec3bea53 e5a2cff10a996da7 ef62eb87d8b8c3a1 c4f4adf48b3a6e7b 95d3dc220f526430 e80b27d12a977de5 b5d1ec600536c7aa 14892bda2cffd5c5 d79753aacba5c883 d0dc902dfc9453ab 299429708d69400a d90f088de565bc07 e1fa0fb2012b7d1a 8e94bd24a9eb98ba 8f5154c10b8e3922 cb9b63ce7a3c5b2 918f5e6cf14b6473 fcd99d959b4e7360 82f2391220e0b32e 922c17a1899353d1 24e1c7321481977f 35624aad0f05b537 98990908a7d40044 bc5597c3c78e624e d6941785bd7ad03a e54ed07ff1b7e270 394644bfef2d208e aca7f0c8a1a46842 135c4ab38fda5c44 ff077cd291f6c147 339b298acca28f72 dc7cebb62baf6d9b bda62ee2c6f7743d 139a03afdb846889 733d624f141586c b838cca9f016ef65 cb9b57eec4da0506 361b5d73cbd2d058 3be9bfbed2cf2e12 17a93319ee542a1c ] wstrb=[ac 75 8c bf 33 a8 d8 df 1d 64 9e 50 c 76 30 2a da ce 7a e7 45 aa 11 1f 79 8b 6 be 36 17 dd af a3 e4 6d d9 fb 4a 88 9e 2e f5 77 2a 3f ff c8 6e f4 40 98 34 3f 60 a2 34 a0 3a 68 e0 9a a 14 3b 44 7c 1b de 86 2f 19 ca ab 34 a8 31 63 c2 fb e f6 a3 3f 5a 65 3a 68 5c de a8 b6 43 e2 1e 9f c0 c6 55 4 a9 74 a3 69 3a f9 6d e3 6d 11 4d a7 a ba 8b 77 ] bresp=0 bid=111
[1235000] MASTER 0 RECEIVED BRESP. BRESP=0
[1235000] [MASTER DRIVER] mst_id=0 s_id=0 awaddr=16942398 awid=111 awlen=114 awsize=0 awburst=1 wdata=[f44519e33540cf49 1c1353bcdac65aee bb11685fcee8a682 42975cb9a69b9af f530149e2f568243 fe3f28c5203cc987 baa68336b0417cfd df97ff4002689e90 22a56817afd697d4 e01814d2ddd72805 e03fc695dd4beb4d d228322bfb01412 1d873c1882e52eac e03119faed3a97f4 aceaac06fdc702ad ac315aed539d1c da8e3510ca71e81e c838eacce0dd4b54 ce30e8708778e116 d1eac935c8e51c26 29c2677a28bf1d80 b037fe961a23b401 e308d027f7f34fea 20b26d6a8222c7cb 9c467bcc0ccb37a1 4be878bd0ea6c00 d30d33ccff4f4bf3 8c1a83942570f4f5 f65b60f5ef53af98 eea2fb8c90d90b1f b64a0014c96894c1 38bc445afabd7f20 b968a402ca5610a f60df5cb275f3fe6 a21cbf06c1e08a54 ee85eb5eaeca3a25 d6297a0badb34946 ef93d39be493e12a 935e1b4ff8463912 a5f98258de19bef9 c2ada023e987955b e1cdce6d958d55f3 f3a714edd60bbb73 3f9350ce87c750c5 1d54a6b9b654b510 8c60708321611f3b a928700010fbbba6 c75070b6cbf3c151 ed54e08cc67d16b9 d778d25fd3b0e13a 9fa4a28b167d508d dcfa67461ec94316 f27a24500cf98318 2376d3a5347339a6 d33c7cbc921ec6db 9f1849f380713aeb b4e47491c5b6a10c d7d567e7c28f1d98 c30058848820f14d cdd79259f6edb1db b97ccf73f7e4cd15 5be6325acfa41 1c9aac1cfc7d27f7 f461f50dcddd50bc f38a4afdd6177b8f d294a387f467b370 c245042c9024f719 e63c72a9c6f69894 3b5e4c0435cf4f2a c5f4464338d11630 ffc7aec4fda35030 b3729f5aac30b8ec e501cf1c3b25fac8 b8c94af8f966e59e a5979e8ae4c97de0 9fef78a8ec3bea53 e5a2cff10a996da7 ef62eb87d8b8c3a1 c4f4adf48b3a6e7b 95d3dc220f526430 e80b27d12a977de5 b5d1ec600536c7aa 14892bda2cffd5c5 d79753aacba5c883 d0dc902dfc9453ab 299429708d69400a d90f088de565bc07 e1fa0fb2012b7d1a 8e94bd24a9eb98ba 8f5154c10b8e3922 cb9b63ce7a3c5b2 918f5e6cf14b6473 fcd99d959b4e7360 82f2391220e0b32e 922c17a1899353d1 24e1c7321481977f 35624aad0f05b537 98990908a7d40044 bc5597c3c78e624e d6941785bd7ad03a e54ed07ff1b7e270 394644bfef2d208e aca7f0c8a1a46842 135c4ab38fda5c44 ff077cd291f6c147 339b298acca28f72 dc7cebb62baf6d9b bda62ee2c6f7743d 139a03afdb846889 733d624f141586c b838cca9f016ef65 cb9b57eec4da0506 361b5d73cbd2d058 3be9bfbed2cf2e12 17a93319ee542a1c ] wstrb=[ac 75 8c bf 33 a8 d8 df 1d 64 9e 50 c 76 30 2a da ce 7a e7 45 aa 11 1f 79 8b 6 be 36 17 dd af a3 e4 6d d9 fb 4a 88 9e 2e f5 77 2a 3f ff c8 6e f4 40 98 34 3f 60 a2 34 a0 3a 68 e0 9a a 14 3b 44 7c 1b de 86 2f 19 ca ab 34 a8 31 63 c2 fb e f6 a3 3f 5a 65 3a 68 5c de a8 b6 43 e2 1e 9f c0 c6 55 4 a9 74 a3 69 3a f9 6d e3 6d 11 4d a7 a ba 8b 77 ] bresp=0 bid=111
[1235000] SCOREBOARD MATCH: decode_err expected = 0, actual =0
[1235000] SCOREBOARD MATCH: slave_id expected = 1, actual =1
[1235000] SCOREBOARD MATCH: awaddr passthrough expected = 16942398, actual =16942398
[1235000] SCOREBOARD MATCH: awlen passthrough expected = 114, actual =114
[1235000] SCOREBOARD MATCH: awsize passthrough expected = 0, actual =0
[1235000] SCOREBOARD MATCH: awburst passthrough expected = 1, actual =1
[1235000] SCOREBOARD MATCH: wdata size check expected = 73, actual =73
[1235000] SCOREBOARD MATCH: wdata passthrough beat=0 expected = f44519e33540cf49, actual =f44519e33540cf49
[1235000] SCOREBOARD MATCH: wdata passthrough beat=1 expected = 1c1353bcdac65aee, actual =1c1353bcdac65aee
[1235000] SCOREBOARD MATCH: wdata passthrough beat=2 expected = bb11685fcee8a682, actual =bb11685fcee8a682
[1235000] SCOREBOARD MATCH: wdata passthrough beat=3 expected = 42975cb9a69b9af, actual =42975cb9a69b9af
[1235000] SCOREBOARD MATCH: wdata passthrough beat=4 expected = f530149e2f568243, actual =f530149e2f568243
[1235000] SCOREBOARD MATCH: wdata passthrough beat=5 expected = fe3f28c5203cc987, actual =fe3f28c5203cc987
[1235000] SCOREBOARD MATCH: wdata passthrough beat=6 expected = baa68336b0417cfd, actual =baa68336b0417cfd
[1235000] SCOREBOARD MATCH: wdata passthrough beat=7 expected = df97ff4002689e90, actual =df97ff4002689e90
[1235000] SCOREBOARD MATCH: wdata passthrough beat=8 expected = 22a56817afd697d4, actual =22a56817afd697d4
[1235000] SCOREBOARD MATCH: wdata passthrough beat=9 expected = e01814d2ddd72805, actual =e01814d2ddd72805
[1235000] SCOREBOARD MATCH: wdata passthrough beat=10 expected = e03fc695dd4beb4d, actual =e03fc695dd4beb4d
[1235000] SCOREBOARD MATCH: wdata passthrough beat=11 expected = d228322bfb01412, actual =d228322bfb01412
[1235000] SCOREBOARD MATCH: wdata passthrough beat=12 expected = 1d873c1882e52eac, actual =1d873c1882e52eac
[1235000] SCOREBOARD MATCH: wdata passthrough beat=13 expected = e03119faed3a97f4, actual =e03119faed3a97f4
[1235000] SCOREBOARD MATCH: wdata passthrough beat=14 expected = aceaac06fdc702ad, actual =aceaac06fdc702ad
[1235000] SCOREBOARD MATCH: wdata passthrough beat=15 expected = ac315aed539d1c, actual =ac315aed539d1c
[1235000] SCOREBOARD MATCH: wdata passthrough beat=16 expected = da8e3510ca71e81e, actual =da8e3510ca71e81e
[1235000] SCOREBOARD MATCH: wdata passthrough beat=17 expected = c838eacce0dd4b54, actual =c838eacce0dd4b54
[1235000] SCOREBOARD MATCH: wdata passthrough beat=18 expected = ce30e8708778e116, actual =ce30e8708778e116
[1235000] SCOREBOARD MATCH: wdata passthrough beat=19 expected = d1eac935c8e51c26, actual =d1eac935c8e51c26
[1235000] SCOREBOARD MATCH: wdata passthrough beat=20 expected = 29c2677a28bf1d80, actual =29c2677a28bf1d80
[1235000] SCOREBOARD MATCH: wdata passthrough beat=21 expected = b037fe961a23b401, actual =b037fe961a23b401
[1235000] SCOREBOARD MATCH: wdata passthrough beat=22 expected = e308d027f7f34fea, actual =e308d027f7f34fea
[1235000] SCOREBOARD MATCH: wdata passthrough beat=23 expected = 20b26d6a8222c7cb, actual =20b26d6a8222c7cb
[1235000] SCOREBOARD MATCH: wdata passthrough beat=24 expected = 9c467bcc0ccb37a1, actual =9c467bcc0ccb37a1
[1235000] SCOREBOARD MATCH: wdata passthrough beat=25 expected = 4be878bd0ea6c00, actual =4be878bd0ea6c00
[1235000] SCOREBOARD MATCH: wdata passthrough beat=26 expected = d30d33ccff4f4bf3, actual =d30d33ccff4f4bf3
[1235000] SCOREBOARD MATCH: wdata passthrough beat=27 expected = 8c1a83942570f4f5, actual =8c1a83942570f4f5
[1235000] SCOREBOARD MATCH: wdata passthrough beat=28 expected = f65b60f5ef53af98, actual =f65b60f5ef53af98
[1235000] SCOREBOARD MATCH: wdata passthrough beat=29 expected = eea2fb8c90d90b1f, actual =eea2fb8c90d90b1f
[1235000] SCOREBOARD MATCH: wdata passthrough beat=30 expected = b64a0014c96894c1, actual =b64a0014c96894c1
[1235000] SCOREBOARD MATCH: wdata passthrough beat=31 expected = 38bc445afabd7f20, actual =38bc445afabd7f20
[1235000] SCOREBOARD MATCH: wdata passthrough beat=32 expected = b968a402ca5610a, actual =b968a402ca5610a
[1235000] SCOREBOARD MATCH: wdata passthrough beat=33 expected = f60df5cb275f3fe6, actual =f60df5cb275f3fe6
[1235000] SCOREBOARD MATCH: wdata passthrough beat=34 expected = a21cbf06c1e08a54, actual =a21cbf06c1e08a54
[1235000] SCOREBOARD MATCH: wdata passthrough beat=35 expected = ee85eb5eaeca3a25, actual =ee85eb5eaeca3a25
[1235000] SCOREBOARD MATCH: wdata passthrough beat=36 expected = d6297a0badb34946, actual =d6297a0badb34946
[1235000] SCOREBOARD MATCH: wdata passthrough beat=37 expected = ef93d39be493e12a, actual =ef93d39be493e12a
[1235000] SCOREBOARD MATCH: wdata passthrough beat=38 expected = 935e1b4ff8463912, actual =935e1b4ff8463912
[1235000] SCOREBOARD MATCH: wdata passthrough beat=39 expected = a5f98258de19bef9, actual =a5f98258de19bef9
[1235000] SCOREBOARD MATCH: wdata passthrough beat=40 expected = c2ada023e987955b, actual =c2ada023e987955b
[1235000] SCOREBOARD MATCH: wdata passthrough beat=41 expected = e1cdce6d958d55f3, actual =e1cdce6d958d55f3
[1235000] SCOREBOARD MATCH: wdata passthrough beat=42 expected = f3a714edd60bbb73, actual =f3a714edd60bbb73
[1235000] SCOREBOARD MATCH: wdata passthrough beat=43 expected = 3f9350ce87c750c5, actual =3f9350ce87c750c5
[1235000] SCOREBOARD MATCH: wdata passthrough beat=44 expected = 1d54a6b9b654b510, actual =1d54a6b9b654b510
[1235000] SCOREBOARD MATCH: wdata passthrough beat=45 expected = 8c60708321611f3b, actual =8c60708321611f3b
[1235000] SCOREBOARD MATCH: wdata passthrough beat=46 expected = a928700010fbbba6, actual =a928700010fbbba6
[1235000] SCOREBOARD MATCH: wdata passthrough beat=47 expected = c75070b6cbf3c151, actual =c75070b6cbf3c151
[1235000] SCOREBOARD MATCH: wdata passthrough beat=48 expected = ed54e08cc67d16b9, actual =ed54e08cc67d16b9
[1235000] SCOREBOARD MATCH: wdata passthrough beat=49 expected = d778d25fd3b0e13a, actual =d778d25fd3b0e13a
[1235000] SCOREBOARD MATCH: wdata passthrough beat=50 expected = 9fa4a28b167d508d, actual =9fa4a28b167d508d
[1235000] SCOREBOARD MATCH: wdata passthrough beat=51 expected = dcfa67461ec94316, actual =dcfa67461ec94316
[1235000] SCOREBOARD MATCH: wdata passthrough beat=52 expected = f27a24500cf98318, actual =f27a24500cf98318
[1235000] SCOREBOARD MATCH: wdata passthrough beat=53 expected = 2376d3a5347339a6, actual =2376d3a5347339a6
[1235000] SCOREBOARD MATCH: wdata passthrough beat=54 expected = d33c7cbc921ec6db, actual =d33c7cbc921ec6db
[1235000] SCOREBOARD MATCH: wdata passthrough beat=55 expected = 9f1849f380713aeb, actual =9f1849f380713aeb
[1235000] SCOREBOARD MATCH: wdata passthrough beat=56 expected = b4e47491c5b6a10c, actual =b4e47491c5b6a10c
[1235000] SCOREBOARD MATCH: wdata passthrough beat=57 expected = d7d567e7c28f1d98, actual =d7d567e7c28f1d98
[1235000] SCOREBOARD MATCH: wdata passthrough beat=58 expected = c30058848820f14d, actual =c30058848820f14d
[1235000] SCOREBOARD MATCH: wdata passthrough beat=59 expected = cdd79259f6edb1db, actual =cdd79259f6edb1db
[1235000] SCOREBOARD MATCH: wdata passthrough beat=60 expected = b97ccf73f7e4cd15, actual =b97ccf73f7e4cd15
[1235000] SCOREBOARD MATCH: wdata passthrough beat=61 expected = 5be6325acfa41, actual =5be6325acfa41
[1235000] SCOREBOARD MATCH: wdata passthrough beat=62 expected = 1c9aac1cfc7d27f7, actual =1c9aac1cfc7d27f7
[1235000] SCOREBOARD MATCH: wdata passthrough beat=63 expected = f461f50dcddd50bc, actual =f461f50dcddd50bc
[1235000] SCOREBOARD MATCH: wdata passthrough beat=64 expected = f38a4afdd6177b8f, actual =f38a4afdd6177b8f
[1235000] SCOREBOARD MATCH: wdata passthrough beat=65 expected = d294a387f467b370, actual =d294a387f467b370
[1235000] SCOREBOARD MATCH: wdata passthrough beat=66 expected = c245042c9024f719, actual =c245042c9024f719
[1235000] SCOREBOARD MATCH: wdata passthrough beat=67 expected = e63c72a9c6f69894, actual =e63c72a9c6f69894
[1235000] SCOREBOARD MATCH: wdata passthrough beat=68 expected = 3b5e4c0435cf4f2a, actual =3b5e4c0435cf4f2a
[1235000] SCOREBOARD MATCH: wdata passthrough beat=69 expected = c5f4464338d11630, actual =c5f4464338d11630
[1235000] SCOREBOARD MATCH: wdata passthrough beat=70 expected = ffc7aec4fda35030, actual =ffc7aec4fda35030
[1235000] SCOREBOARD MATCH: wdata passthrough beat=71 expected = b3729f5aac30b8ec, actual =b3729f5aac30b8ec
[1235000] SCOREBOARD MATCH: wdata passthrough beat=72 expected = e501cf1c3b25fac8, actual =e501cf1c3b25fac8
[1235000] SCOREBOARD MATCH: wdata passthrough beat=73 expected = b8c94af8f966e59e, actual =b8c94af8f966e59e
[1235000] SCOREBOARD MATCH: wdata passthrough beat=74 expected = a5979e8ae4c97de0, actual =a5979e8ae4c97de0
[1235000] SCOREBOARD MATCH: wdata passthrough beat=75 expected = 9fef78a8ec3bea53, actual =9fef78a8ec3bea53
[1235000] SCOREBOARD MATCH: wdata passthrough beat=76 expected = e5a2cff10a996da7, actual =e5a2cff10a996da7
[1235000] SCOREBOARD MATCH: wdata passthrough beat=77 expected = ef62eb87d8b8c3a1, actual =ef62eb87d8b8c3a1
[1235000] SCOREBOARD MATCH: wdata passthrough beat=78 expected = c4f4adf48b3a6e7b, actual =c4f4adf48b3a6e7b
[1235000] SCOREBOARD MATCH: wdata passthrough beat=79 expected = 95d3dc220f526430, actual =95d3dc220f526430
[1235000] SCOREBOARD MATCH: wdata passthrough beat=80 expected = e80b27d12a977de5, actual =e80b27d12a977de5
[1235000] SCOREBOARD MATCH: wdata passthrough beat=81 expected = b5d1ec600536c7aa, actual =b5d1ec600536c7aa
[1235000] SCOREBOARD MATCH: wdata passthrough beat=82 expected = 14892bda2cffd5c5, actual =14892bda2cffd5c5
[1235000] SCOREBOARD MATCH: wdata passthrough beat=83 expected = d79753aacba5c883, actual =d79753aacba5c883
[1235000] SCOREBOARD MATCH: wdata passthrough beat=84 expected = d0dc902dfc9453ab, actual =d0dc902dfc9453ab
[1235000] SCOREBOARD MATCH: wdata passthrough beat=85 expected = 299429708d69400a, actual =299429708d69400a
[1235000] SCOREBOARD MATCH: wdata passthrough beat=86 expected = d90f088de565bc07, actual =d90f088de565bc07
[1235000] SCOREBOARD MATCH: wdata passthrough beat=87 expected = e1fa0fb2012b7d1a, actual =e1fa0fb2012b7d1a
[1235000] SCOREBOARD MATCH: wdata passthrough beat=88 expected = 8e94bd24a9eb98ba, actual =8e94bd24a9eb98ba
[1235000] SCOREBOARD MATCH: wdata passthrough beat=89 expected = 8f5154c10b8e3922, actual =8f5154c10b8e3922
[1235000] SCOREBOARD MATCH: wdata passthrough beat=90 expected = cb9b63ce7a3c5b2, actual =cb9b63ce7a3c5b2
[1235000] SCOREBOARD MATCH: wdata passthrough beat=91 expected = 918f5e6cf14b6473, actual =918f5e6cf14b6473
[1235000] SCOREBOARD MATCH: wdata passthrough beat=92 expected = fcd99d959b4e7360, actual =fcd99d959b4e7360
[1235000] SCOREBOARD MATCH: wdata passthrough beat=93 expected = 82f2391220e0b32e, actual =82f2391220e0b32e
[1235000] SCOREBOARD MATCH: wdata passthrough beat=94 expected = 922c17a1899353d1, actual =922c17a1899353d1
[1235000] SCOREBOARD MATCH: wdata passthrough beat=95 expected = 24e1c7321481977f, actual =24e1c7321481977f
[1235000] SCOREBOARD MATCH: wdata passthrough beat=96 expected = 35624aad0f05b537, actual =35624aad0f05b537
[1235000] SCOREBOARD MATCH: wdata passthrough beat=97 expected = 98990908a7d40044, actual =98990908a7d40044
[1235000] SCOREBOARD MATCH: wdata passthrough beat=98 expected = bc5597c3c78e624e, actual =bc5597c3c78e624e
[1235000] SCOREBOARD MATCH: wdata passthrough beat=99 expected = d6941785bd7ad03a, actual =d6941785bd7ad03a
[1235000] SCOREBOARD MATCH: wdata passthrough beat=100 expected = e54ed07ff1b7e270, actual =e54ed07ff1b7e270
[1235000] SCOREBOARD MATCH: wdata passthrough beat=101 expected = 394644bfef2d208e, actual =394644bfef2d208e
[1235000] SCOREBOARD MATCH: wdata passthrough beat=102 expected = aca7f0c8a1a46842, actual =aca7f0c8a1a46842
[1235000] SCOREBOARD MATCH: wdata passthrough beat=103 expected = 135c4ab38fda5c44, actual =135c4ab38fda5c44
[1235000] SCOREBOARD MATCH: wdata passthrough beat=104 expected = ff077cd291f6c147, actual =ff077cd291f6c147
[1235000] SCOREBOARD MATCH: wdata passthrough beat=105 expected = 339b298acca28f72, actual =339b298acca28f72
[1235000] SCOREBOARD MATCH: wdata passthrough beat=106 expected = dc7cebb62baf6d9b, actual =dc7cebb62baf6d9b
[1235000] SCOREBOARD MATCH: wdata passthrough beat=107 expected = bda62ee2c6f7743d, actual =bda62ee2c6f7743d
[1235000] SCOREBOARD MATCH: wdata passthrough beat=108 expected = 139a03afdb846889, actual =139a03afdb846889
[1235000] SCOREBOARD MATCH: wdata passthrough beat=109 expected = 733d624f141586c, actual =733d624f141586c
[1235000] SCOREBOARD MATCH: wdata passthrough beat=110 expected = b838cca9f016ef65, actual =b838cca9f016ef65
[1235000] SCOREBOARD MATCH: wdata passthrough beat=111 expected = cb9b57eec4da0506, actual =cb9b57eec4da0506
[1235000] SCOREBOARD MATCH: wdata passthrough beat=112 expected = 361b5d73cbd2d058, actual =361b5d73cbd2d058
[1235000] SCOREBOARD MATCH: wdata passthrough beat=113 expected = 3be9bfbed2cf2e12, actual =3be9bfbed2cf2e12
[1235000] SCOREBOARD MATCH: wdata passthrough beat=114 expected = 17a93319ee542a1c, actual =17a93319ee542a1c
[1235000] SCOREBOARD MATCH: wstrb size check expected = 73, actual =73
[1235000] SCOREBOARD MATCH: wstrb passthrough beat=0 expected = ac, actual =ac
[1235000] SCOREBOARD MATCH: wstrb passthrough beat=1 expected = 75, actual =75
[1235000] SCOREBOARD MATCH: wstrb passthrough beat=2 expected = 8c, actual =8c
[1235000] SCOREBOARD MATCH: wstrb passthrough beat=3 expected = bf, actual =bf
[1235000] SCOREBOARD MATCH: wstrb passthrough beat=4 expected = 33, actual =33
[1235000] SCOREBOARD MATCH: wstrb passthrough beat=5 expected = a8, actual =a8
[1235000] SCOREBOARD MATCH: wstrb passthrough beat=6 expected = d8, actual =d8
[1235000] SCOREBOARD MATCH: wstrb passthrough beat=7 expected = df, actual =df
[1235000] SCOREBOARD MATCH: wstrb passthrough beat=8 expected = 1d, actual =1d
[1235000] SCOREBOARD MATCH: wstrb passthrough beat=9 expected = 64, actual =64
[1235000] SCOREBOARD MATCH: wstrb passthrough beat=10 expected = 9e, actual =9e
[1235000] SCOREBOARD MATCH: wstrb passthrough beat=11 expected = 50, actual =50
[1235000] SCOREBOARD MATCH: wstrb passthrough beat=12 expected = c, actual =c
[1235000] SCOREBOARD MATCH: wstrb passthrough beat=13 expected = 76, actual =76
[1235000] SCOREBOARD MATCH: wstrb passthrough beat=14 expected = 30, actual =30
[1235000] SCOREBOARD MATCH: wstrb passthrough beat=15 expected = 2a, actual =2a
[1235000] SCOREBOARD MATCH: wstrb passthrough beat=16 expected = da, actual =da
[1235000] SCOREBOARD MATCH: wstrb passthrough beat=17 expected = ce, actual =ce
[1235000] SCOREBOARD MATCH: wstrb passthrough beat=18 expected = 7a, actual =7a
[1235000] SCOREBOARD MATCH: wstrb passthrough beat=19 expected = e7, actual =e7
[1235000] SCOREBOARD MATCH: wstrb passthrough beat=20 expected = 45, actual =45
[1235000] SCOREBOARD MATCH: wstrb passthrough beat=21 expected = aa, actual =aa
[1235000] SCOREBOARD MATCH: wstrb passthrough beat=22 expected = 11, actual =11
[1235000] SCOREBOARD MATCH: wstrb passthrough beat=23 expected = 1f, actual =1f
[1235000] SCOREBOARD MATCH: wstrb passthrough beat=24 expected = 79, actual =79
[1235000] SCOREBOARD MATCH: wstrb passthrough beat=25 expected = 8b, actual =8b
[1235000] SCOREBOARD MATCH: wstrb passthrough beat=26 expected = 6, actual =6
[1235000] SCOREBOARD MATCH: wstrb passthrough beat=27 expected = be, actual =be
[1235000] SCOREBOARD MATCH: wstrb passthrough beat=28 expected = 36, actual =36
[1235000] SCOREBOARD MATCH: wstrb passthrough beat=29 expected = 17, actual =17
[1235000] SCOREBOARD MATCH: wstrb passthrough beat=30 expected = dd, actual =dd
[1235000] SCOREBOARD MATCH: wstrb passthrough beat=31 expected = af, actual =af
[1235000] SCOREBOARD MATCH: wstrb passthrough beat=32 expected = a3, actual =a3
[1235000] SCOREBOARD MATCH: wstrb passthrough beat=33 expected = e4, actual =e4
[1235000] SCOREBOARD MATCH: wstrb passthrough beat=34 expected = 6d, actual =6d
[1235000] SCOREBOARD MATCH: wstrb passthrough beat=35 expected = d9, actual =d9
[1235000] SCOREBOARD MATCH: wstrb passthrough beat=36 expected = fb, actual =fb
[1235000] SCOREBOARD MATCH: wstrb passthrough beat=37 expected = 4a, actual =4a
[1235000] SCOREBOARD MATCH: wstrb passthrough beat=38 expected = 88, actual =88
[1235000] SCOREBOARD MATCH: wstrb passthrough beat=39 expected = 9e, actual =9e
[1235000] SCOREBOARD MATCH: wstrb passthrough beat=40 expected = 2e, actual =2e
[1235000] SCOREBOARD MATCH: wstrb passthrough beat=41 expected = f5, actual =f5
[1235000] SCOREBOARD MATCH: wstrb passthrough beat=42 expected = 77, actual =77
[1235000] SCOREBOARD MATCH: wstrb passthrough beat=43 expected = 2a, actual =2a
[1235000] SCOREBOARD MATCH: wstrb passthrough beat=44 expected = 3f, actual =3f
[1235000] SCOREBOARD MATCH: wstrb passthrough beat=45 expected = ff, actual =ff
[1235000] SCOREBOARD MATCH: wstrb passthrough beat=46 expected = c8, actual =c8
[1235000] SCOREBOARD MATCH: wstrb passthrough beat=47 expected = 6e, actual =6e
[1235000] SCOREBOARD MATCH: wstrb passthrough beat=48 expected = f4, actual =f4
[1235000] SCOREBOARD MATCH: wstrb passthrough beat=49 expected = 40, actual =40
[1235000] SCOREBOARD MATCH: wstrb passthrough beat=50 expected = 98, actual =98
[1235000] SCOREBOARD MATCH: wstrb passthrough beat=51 expected = 34, actual =34
[1235000] SCOREBOARD MATCH: wstrb passthrough beat=52 expected = 3f, actual =3f
[1235000] SCOREBOARD MATCH: wstrb passthrough beat=53 expected = 60, actual =60
[1235000] SCOREBOARD MATCH: wstrb passthrough beat=54 expected = a2, actual =a2
[1235000] SCOREBOARD MATCH: wstrb passthrough beat=55 expected = 34, actual =34
[1235000] SCOREBOARD MATCH: wstrb passthrough beat=56 expected = a0, actual =a0
[1235000] SCOREBOARD MATCH: wstrb passthrough beat=57 expected = 3a, actual =3a
[1235000] SCOREBOARD MATCH: wstrb passthrough beat=58 expected = 68, actual =68
[1235000] SCOREBOARD MATCH: wstrb passthrough beat=59 expected = e0, actual =e0
[1235000] SCOREBOARD MATCH: wstrb passthrough beat=60 expected = 9a, actual =9a
[1235000] SCOREBOARD MATCH: wstrb passthrough beat=61 expected = a, actual =a
[1235000] SCOREBOARD MATCH: wstrb passthrough beat=62 expected = 14, actual =14
[1235000] SCOREBOARD MATCH: wstrb passthrough beat=63 expected = 3b, actual =3b
[1235000] SCOREBOARD MATCH: wstrb passthrough beat=64 expected = 44, actual =44
[1235000] SCOREBOARD MATCH: wstrb passthrough beat=65 expected = 7c, actual =7c
[1235000] SCOREBOARD MATCH: wstrb passthrough beat=66 expected = 1b, actual =1b
[1235000] SCOREBOARD MATCH: wstrb passthrough beat=67 expected = de, actual =de
[1235000] SCOREBOARD MATCH: wstrb passthrough beat=68 expected = 86, actual =86
[1235000] SCOREBOARD MATCH: wstrb passthrough beat=69 expected = 2f, actual =2f
[1235000] SCOREBOARD MATCH: wstrb passthrough beat=70 expected = 19, actual =19
[1235000] SCOREBOARD MATCH: wstrb passthrough beat=71 expected = ca, actual =ca
[1235000] SCOREBOARD MATCH: wstrb passthrough beat=72 expected = ab, actual =ab
[1235000] SCOREBOARD MATCH: wstrb passthrough beat=73 expected = 34, actual =34
[1235000] SCOREBOARD MATCH: wstrb passthrough beat=74 expected = a8, actual =a8
[1235000] SCOREBOARD MATCH: wstrb passthrough beat=75 expected = 31, actual =31
[1235000] SCOREBOARD MATCH: wstrb passthrough beat=76 expected = 63, actual =63
[1235000] SCOREBOARD MATCH: wstrb passthrough beat=77 expected = c2, actual =c2
[1235000] SCOREBOARD MATCH: wstrb passthrough beat=78 expected = fb, actual =fb
[1235000] SCOREBOARD MATCH: wstrb passthrough beat=79 expected = e, actual =e
[1235000] SCOREBOARD MATCH: wstrb passthrough beat=80 expected = f6, actual =f6
[1235000] SCOREBOARD MATCH: wstrb passthrough beat=81 expected = a3, actual =a3
[1235000] SCOREBOARD MATCH: wstrb passthrough beat=82 expected = 3f, actual =3f
[1235000] SCOREBOARD MATCH: wstrb passthrough beat=83 expected = 5a, actual =5a
[1235000] SCOREBOARD MATCH: wstrb passthrough beat=84 expected = 65, actual =65
[1235000] SCOREBOARD MATCH: wstrb passthrough beat=85 expected = 3a, actual =3a
[1235000] SCOREBOARD MATCH: wstrb passthrough beat=86 expected = 68, actual =68
[1235000] SCOREBOARD MATCH: wstrb passthrough beat=87 expected = 5c, actual =5c
[1235000] SCOREBOARD MATCH: wstrb passthrough beat=88 expected = de, actual =de
[1235000] SCOREBOARD MATCH: wstrb passthrough beat=89 expected = a8, actual =a8
[1235000] SCOREBOARD MATCH: wstrb passthrough beat=90 expected = b6, actual =b6
[1235000] SCOREBOARD MATCH: wstrb passthrough beat=91 expected = 43, actual =43
[1235000] SCOREBOARD MATCH: wstrb passthrough beat=92 expected = e2, actual =e2
[1235000] SCOREBOARD MATCH: wstrb passthrough beat=93 expected = 1e, actual =1e
[1235000] SCOREBOARD MATCH: wstrb passthrough beat=94 expected = 9f, actual =9f
[1235000] SCOREBOARD MATCH: wstrb passthrough beat=95 expected = c0, actual =c0
[1235000] SCOREBOARD MATCH: wstrb passthrough beat=96 expected = c6, actual =c6
[1235000] SCOREBOARD MATCH: wstrb passthrough beat=97 expected = 55, actual =55
[1235000] SCOREBOARD MATCH: wstrb passthrough beat=98 expected = 4, actual =4
[1235000] SCOREBOARD MATCH: wstrb passthrough beat=99 expected = a9, actual =a9
[1235000] SCOREBOARD MATCH: wstrb passthrough beat=100 expected = 74, actual =74
[1235000] SCOREBOARD MATCH: wstrb passthrough beat=101 expected = a3, actual =a3
[1235000] SCOREBOARD MATCH: wstrb passthrough beat=102 expected = 69, actual =69
[1235000] SCOREBOARD MATCH: wstrb passthrough beat=103 expected = 3a, actual =3a
[1235000] SCOREBOARD MATCH: wstrb passthrough beat=104 expected = f9, actual =f9
[1235000] SCOREBOARD MATCH: wstrb passthrough beat=105 expected = 6d, actual =6d
[1235000] SCOREBOARD MATCH: wstrb passthrough beat=106 expected = e3, actual =e3
[1235000] SCOREBOARD MATCH: wstrb passthrough beat=107 expected = 6d, actual =6d
[1235000] SCOREBOARD MATCH: wstrb passthrough beat=108 expected = 11, actual =11
[1235000] SCOREBOARD MATCH: wstrb passthrough beat=109 expected = 4d, actual =4d
[1235000] SCOREBOARD MATCH: wstrb passthrough beat=110 expected = a7, actual =a7
[1235000] SCOREBOARD MATCH: wstrb passthrough beat=111 expected = a, actual =a
[1235000] SCOREBOARD MATCH: wstrb passthrough beat=112 expected = ba, actual =ba
[1235000] SCOREBOARD MATCH: wstrb passthrough beat=113 expected = 8b, actual =8b
[1235000] SCOREBOARD MATCH: wstrb passthrough beat=114 expected = 77, actual =77
[1235000] SCOREBOARD MATCH: bresp passthrough expected = 0, actual =0
[1235000] SCOREBOARD MATCH: response routed to correct master (write) expected = 0, actual =0
[1235000] [SCOREBOARD-M] mst_id=0 s_id=1 awaddr=16942398 awid=111 awlen=114 awsize=0 awburst=1 wdata=[f44519e33540cf49 1c1353bcdac65aee bb11685fcee8a682 42975cb9a69b9af f530149e2f568243 fe3f28c5203cc987 baa68336b0417cfd df97ff4002689e90 22a56817afd697d4 e01814d2ddd72805 e03fc695dd4beb4d d228322bfb01412 1d873c1882e52eac e03119faed3a97f4 aceaac06fdc702ad ac315aed539d1c da8e3510ca71e81e c838eacce0dd4b54 ce30e8708778e116 d1eac935c8e51c26 29c2677a28bf1d80 b037fe961a23b401 e308d027f7f34fea 20b26d6a8222c7cb 9c467bcc0ccb37a1 4be878bd0ea6c00 d30d33ccff4f4bf3 8c1a83942570f4f5 f65b60f5ef53af98 eea2fb8c90d90b1f b64a0014c96894c1 38bc445afabd7f20 b968a402ca5610a f60df5cb275f3fe6 a21cbf06c1e08a54 ee85eb5eaeca3a25 d6297a0badb34946 ef93d39be493e12a 935e1b4ff8463912 a5f98258de19bef9 c2ada023e987955b e1cdce6d958d55f3 f3a714edd60bbb73 3f9350ce87c750c5 1d54a6b9b654b510 8c60708321611f3b a928700010fbbba6 c75070b6cbf3c151 ed54e08cc67d16b9 d778d25fd3b0e13a 9fa4a28b167d508d dcfa67461ec94316 f27a24500cf98318 2376d3a5347339a6 d33c7cbc921ec6db 9f1849f380713aeb b4e47491c5b6a10c d7d567e7c28f1d98 c30058848820f14d cdd79259f6edb1db b97ccf73f7e4cd15 5be6325acfa41 1c9aac1cfc7d27f7 f461f50dcddd50bc f38a4afdd6177b8f d294a387f467b370 c245042c9024f719 e63c72a9c6f69894 3b5e4c0435cf4f2a c5f4464338d11630 ffc7aec4fda35030 b3729f5aac30b8ec e501cf1c3b25fac8 b8c94af8f966e59e a5979e8ae4c97de0 9fef78a8ec3bea53 e5a2cff10a996da7 ef62eb87d8b8c3a1 c4f4adf48b3a6e7b 95d3dc220f526430 e80b27d12a977de5 b5d1ec600536c7aa 14892bda2cffd5c5 d79753aacba5c883 d0dc902dfc9453ab 299429708d69400a d90f088de565bc07 e1fa0fb2012b7d1a 8e94bd24a9eb98ba 8f5154c10b8e3922 cb9b63ce7a3c5b2 918f5e6cf14b6473 fcd99d959b4e7360 82f2391220e0b32e 922c17a1899353d1 24e1c7321481977f 35624aad0f05b537 98990908a7d40044 bc5597c3c78e624e d6941785bd7ad03a e54ed07ff1b7e270 394644bfef2d208e aca7f0c8a1a46842 135c4ab38fda5c44 ff077cd291f6c147 339b298acca28f72 dc7cebb62baf6d9b bda62ee2c6f7743d 139a03afdb846889 733d624f141586c b838cca9f016ef65 cb9b57eec4da0506 361b5d73cbd2d058 3be9bfbed2cf2e12 17a93319ee542a1c ] wstrb=[ac 75 8c bf 33 a8 d8 df 1d 64 9e 50 c 76 30 2a da ce 7a e7 45 aa 11 1f 79 8b 6 be 36 17 dd af a3 e4 6d d9 fb 4a 88 9e 2e f5 77 2a 3f ff c8 6e f4 40 98 34 3f 60 a2 34 a0 3a 68 e0 9a a 14 3b 44 7c 1b de 86 2f 19 ca ab 34 a8 31 63 c2 fb e f6 a3 3f 5a 65 3a 68 5c de a8 b6 43 e2 1e 9f c0 c6 55 4 a9 74 a3 69 3a f9 6d e3 6d 11 4d a7 a ba 8b 77 ] bresp=0 bid=111
[1235000] [SCOREBOARD-S] mst_id=0 s_id=1 awaddr=16942398 awid=111 awlen=114 awsize=0 awburst=1 wdata=[f44519e33540cf49 1c1353bcdac65aee bb11685fcee8a682 42975cb9a69b9af f530149e2f568243 fe3f28c5203cc987 baa68336b0417cfd df97ff4002689e90 22a56817afd697d4 e01814d2ddd72805 e03fc695dd4beb4d d228322bfb01412 1d873c1882e52eac e03119faed3a97f4 aceaac06fdc702ad ac315aed539d1c da8e3510ca71e81e c838eacce0dd4b54 ce30e8708778e116 d1eac935c8e51c26 29c2677a28bf1d80 b037fe961a23b401 e308d027f7f34fea 20b26d6a8222c7cb 9c467bcc0ccb37a1 4be878bd0ea6c00 d30d33ccff4f4bf3 8c1a83942570f4f5 f65b60f5ef53af98 eea2fb8c90d90b1f b64a0014c96894c1 38bc445afabd7f20 b968a402ca5610a f60df5cb275f3fe6 a21cbf06c1e08a54 ee85eb5eaeca3a25 d6297a0badb34946 ef93d39be493e12a 935e1b4ff8463912 a5f98258de19bef9 c2ada023e987955b e1cdce6d958d55f3 f3a714edd60bbb73 3f9350ce87c750c5 1d54a6b9b654b510 8c60708321611f3b a928700010fbbba6 c75070b6cbf3c151 ed54e08cc67d16b9 d778d25fd3b0e13a 9fa4a28b167d508d dcfa67461ec94316 f27a24500cf98318 2376d3a5347339a6 d33c7cbc921ec6db 9f1849f380713aeb b4e47491c5b6a10c d7d567e7c28f1d98 c30058848820f14d cdd79259f6edb1db b97ccf73f7e4cd15 5be6325acfa41 1c9aac1cfc7d27f7 f461f50dcddd50bc f38a4afdd6177b8f d294a387f467b370 c245042c9024f719 e63c72a9c6f69894 3b5e4c0435cf4f2a c5f4464338d11630 ffc7aec4fda35030 b3729f5aac30b8ec e501cf1c3b25fac8 b8c94af8f966e59e a5979e8ae4c97de0 9fef78a8ec3bea53 e5a2cff10a996da7 ef62eb87d8b8c3a1 c4f4adf48b3a6e7b 95d3dc220f526430 e80b27d12a977de5 b5d1ec600536c7aa 14892bda2cffd5c5 d79753aacba5c883 d0dc902dfc9453ab 299429708d69400a d90f088de565bc07 e1fa0fb2012b7d1a 8e94bd24a9eb98ba 8f5154c10b8e3922 cb9b63ce7a3c5b2 918f5e6cf14b6473 fcd99d959b4e7360 82f2391220e0b32e 922c17a1899353d1 24e1c7321481977f 35624aad0f05b537 98990908a7d40044 bc5597c3c78e624e d6941785bd7ad03a e54ed07ff1b7e270 394644bfef2d208e aca7f0c8a1a46842 135c4ab38fda5c44 ff077cd291f6c147 339b298acca28f72 dc7cebb62baf6d9b bda62ee2c6f7743d 139a03afdb846889 733d624f141586c b838cca9f016ef65 cb9b57eec4da0506 361b5d73cbd2d058 3be9bfbed2cf2e12 17a93319ee542a1c ] wstrb=[ac 75 8c bf 33 a8 d8 df 1d 64 9e 50 c 76 30 2a da ce 7a e7 45 aa 11 1f 79 8b 6 be 36 17 dd af a3 e4 6d d9 fb 4a 88 9e 2e f5 77 2a 3f ff c8 6e f4 40 98 34 3f 60 a2 34 a0 3a 68 e0 9a a 14 3b 44 7c 1b de 86 2f 19 ca ab 34 a8 31 63 c2 fb e f6 a3 3f 5a 65 3a 68 5c de a8 b6 43 e2 1e 9f c0 c6 55 4 a9 74 a3 69 3a f9 6d e3 6d 11 4d a7 a ba 8b 77 ] bresp=0 bid=111
[1235000] SCOREBOARD: Transaction 3 received. pass=268 fail=0
[1235000] ALL PASS. Total transactions: 3
[1245000] SLAVE 1 R_VALID_RDY Handshake beat=1 rlast=1
[1245000] [SLAVE MONITOR] READ mst_id=0 s_id=1 araddr=1fbb8a50 arid=1 arlen=1 arsize=3 arburst=1 rid=[11] rresp=[00] rdata=[baadf00d12345678baadf00d12345678]
[1255000] AXI S0_ARVALID_RDY HANDSHAKE
[1255000] MEMORY READ MISS beat=0 addr=1031ea50 -> default data id=2
[1255000] ARB MONITOR: slave=1 m0_req=1 m1_req=0 winner=0
[1255000] MASTER 0 R_VALID_RDY Handshake beat=0 rlast=0
[1265000] [MASTER DRIVER] READ mst_id=0 s_id=0 araddr=1fbb8a50 arid=1 arlen=1 arsize=3 arburst=1 rid=[11] rresp=[00] rdata=[baadf00d12345678baadf00d12345678]
[1265000] MASTER 0 R_VALID_RDY Handshake beat=1 rlast=1
[1265000] [MASTER MONITOR] READ mst_id=0 s_id=1 araddr=1fbb8a50 arid=1 arlen=1 arsize=3 arburst=1 rid=[11] rresp=[00] rdata=[baadf00d12345678baadf00d12345678]
[1265000] SLAVE 1 R_VALID_RDY Handshake beat=0 rlast=0
[1265000] MEMORY READ MISS beat=1 addr=1031ea58 -> default data id=2
[1265000] SCOREBOARD MATCH: decode_err expected = 0, actual =0
[1265000] SCOREBOARD MATCH: slave_id expected = 1, actual =1
[1265000] SCOREBOARD MATCH: araddr passthrough expected = 1fbb8a50, actual =1fbb8a50
[1265000] SCOREBOARD MATCH: arlen passthrough expected = 1, actual =1
[1265000] SCOREBOARD MATCH: arsize passthrough expected = 3, actual =3
[1265000] SCOREBOARD MATCH: arburst passthrough expected = 1, actual =1
[1265000] SCOREBOARD MATCH: rdata size check expected = 2, actual =2
[1265000] SCOREBOARD MATCH: rdata passthrough beat=0 expected = baadf00d12345678, actual =baadf00d12345678
[1265000] SCOREBOARD MATCH: rdata passthrough beat=1 expected = baadf00d12345678, actual =baadf00d12345678
[1265000] SCOREBOARD MATCH: rresp size check expected = 2, actual =2
[1265000] SCOREBOARD MATCH: rresp passthrough beat=0 expected = 0, actual =0
[1265000] SCOREBOARD MATCH: rresp passthrough beat=1 expected = 0, actual =0
[1265000] SCOREBOARD MATCH: response routed to correct master (read beat 0) expected = 0, actual =0
[1265000] SCOREBOARD MATCH: response routed to correct master (read beat 1) expected = 0, actual =0
[1265000] [SCOREBOARD-M] READ mst_id=0 s_id=1 araddr=1fbb8a50 arid=1 arlen=1 arsize=3 arburst=1 rid=[11] rresp=[00] rdata=[baadf00d12345678baadf00d12345678]
[1265000] [SCOREBOARD-S] READ mst_id=0 s_id=1 araddr=1fbb8a50 arid=1 arlen=1 arsize=3 arburst=1 rid=[11] rresp=[00] rdata=[baadf00d12345678baadf00d12345678]
[1265000] SCOREBOARD: Transaction 4 received. pass=282 fail=0
[1265000] ALL PASS. Total transactions: 4
[1275000] SLAVE 1 R_VALID_RDY Handshake beat=1 rlast=1
[1275000] [SLAVE MONITOR] READ mst_id=0 s_id=1 araddr=1031ea50 arid=2 arlen=1 arsize=3 arburst=1 rid=[22] rresp=[00] rdata=[baadf00d12345678baadf00d12345678]
[1285000] MASTER 0 R_VALID_RDY Handshake beat=0 rlast=0
[1295000] MASTER 0 R_VALID_RDY Handshake beat=1 rlast=1
[1295000] [MASTER MONITOR] READ mst_id=0 s_id=1 araddr=1031ea50 arid=2 arlen=1 arsize=3 arburst=1 rid=[22] rresp=[00] rdata=[baadf00d12345678baadf00d12345678]
[1295000] [MASTER DRIVER] READ mst_id=0 s_id=0 araddr=1031ea50 arid=2 arlen=1 arsize=3 arburst=1 rid=[22] rresp=[00] rdata=[baadf00d12345678baadf00d12345678]
[1295000] SCOREBOARD MATCH: decode_err expected = 0, actual =0
[1295000] SCOREBOARD MATCH: slave_id expected = 1, actual =1
[1295000] SCOREBOARD MATCH: araddr passthrough expected = 1031ea50, actual =1031ea50
[1295000] SCOREBOARD MATCH: arlen passthrough expected = 1, actual =1
[1295000] SCOREBOARD MATCH: arsize passthrough expected = 3, actual =3
[1295000] SCOREBOARD MATCH: arburst passthrough expected = 1, actual =1
[1295000] SCOREBOARD MATCH: rdata size check expected = 2, actual =2
[1295000] SCOREBOARD MATCH: rdata passthrough beat=0 expected = baadf00d12345678, actual =baadf00d12345678
[1295000] SCOREBOARD MATCH: rdata passthrough beat=1 expected = baadf00d12345678, actual =baadf00d12345678
[1295000] SCOREBOARD MATCH: rresp size check expected = 2, actual =2
[1295000] SCOREBOARD MATCH: rresp passthrough beat=0 expected = 0, actual =0
[1295000] SCOREBOARD MATCH: rresp passthrough beat=1 expected = 0, actual =0
[1295000] SCOREBOARD MATCH: response routed to correct master (read beat 0) expected = 0, actual =0
[1295000] SCOREBOARD MATCH: response routed to correct master (read beat 1) expected = 0, actual =0
[1295000] [SCOREBOARD-M] READ mst_id=0 s_id=1 araddr=1031ea50 arid=2 arlen=1 arsize=3 arburst=1 rid=[22] rresp=[00] rdata=[baadf00d12345678baadf00d12345678]
[1295000] [SCOREBOARD-S] READ mst_id=0 s_id=1 araddr=1031ea50 arid=2 arlen=1 arsize=3 arburst=1 rid=[22] rresp=[00] rdata=[baadf00d12345678baadf00d12345678]
[1295000] SCOREBOARD: Transaction 5 received. pass=296 fail=0
[1295000] SCOREBOARD: Expected 5 transactions completed, PASS=296 FAIL=0
[1295000] ALL PASS. Total transactions: 5
[1295000] ALL TRANSACTIONS MONITORED
$finish called at time : 1315 ns : File "/home/nashita/Desktop/practice/axi_xbar/tb/top/axi_tb_top.sv" Line 220
exit
INFO: xsimkernel Simulation Memory Usage: 289464 KB (Peak: 337864 KB), Simulation CPU Usage: 1180 ms
INFO: [Common 17-206] Exiting xsim at Thu Sep 10 18:40:19 2026...
