#-----------------------------------------------------------
# xsim v2025.2 (64-bit)
# SW Build 6299465 on Fri Nov 14 12:34:56 MST 2025
# IP Build 6300035 on Fri Nov 14 10:48:45 MST 2025
# SharedData Build 6298862 on Thu Nov 13 04:50:51 MST 2025
# Start of session at: Thu Sep 10 18:32:43 2026
# Process ID         : 3639633
# Current directory  : /home/nashita/Desktop/practice/axi_xbar/sim
# Command line       : xsim -log regress_results/BT_run288.log -mode tcl -source {xsim.dir/tb_top_snap/xsim_script.tcl}
# Log file           : /home/nashita/Desktop/practice/axi_xbar/sim/regress_results/BT_run288.log
# Journal file       : /home/nashita/Desktop/practice/axi_xbar/sim/xsim.jou
# Running On         : vlsi-vivado
# Platform           : Ubuntu
# Operating System   : Ubuntu 24.04.4 LTS
# Processor Detail   : Intel(R) Core(TM) i5-10400 CPU @ 2.90GHz
# CPU Frequency      : 4100.336 MHz
# CPU Physical cores : 6
# CPU Logical cores  : 12
# Host memory        : 41875 MB
# Swap memory        : 27648 MB
# Total Virtual      : 69524 MB
# Available Virtual  : 62748 MB
#-----------------------------------------------------------
source xsim.dir/tb_top_snap/xsim_script.tcl
# xsim {tb_top_snap} -testplusarg BT -autoloadwcfg -runall -sv_seed 289
Time resolution is 1 ps
run -all
[0] RUNNING BASE TEST
[0] INSIDE THE BASE TEST CONSTRUCTOR
[0] ENV: before agent
[0] SLAVE CONSTRUCTED
[0] MASTER MONITOR CONSTRUCTED
[0] MASTER MONITOR CONSTRUCTED
[0] SLAVE MONITOR CONSTRUCTED
[0] SLAVE MONITOR CONSTRUCTED
[0] ARB MONITOR CONSTRUCTED
GENERATOR CONSTRUCTED
[0] ENV: after agent
[0] ENV: before scoreboard
[0] ENV: after scoreboard
[15000] [SEQUENCER] mst_id=0 s_id=0 awaddr=5e47a68 awid=11 awlen=10 awsize=6 awburst=0 wdata=[e41c00509fbcc7cf f35fa6d0df7fb01e c31a59baf8fdb87c 18ba804ca3bf151e 33ec53d27365a0a a03412868c1a271c 2fd93c3bc6591ef7 ed8f7901b8ee92d2 c508b9ef33180178 f971206f8dc38b87 c6b21e5af4e1f62a ] wstrb=[70 a2 49 f7 11 73 51 81 15 9a 78 ] bresp=0 bid=0
[15000] [SEQUENCER] mst_id=1 s_id=0 awaddr=45d50c8 awid=1101 awlen=62 awsize=1 awburst=1 wdata=[ffe0dee422016e01 d7c930aadc585067 ab9195a59d84fc38 bf866a393ec3ef72 9b1c3fd9ab727489 c8f770c2174f9ae4 d6138a56c6add57f f2204a08887ddafb 9fcd75dff12fca2f b7dd9faebb17baca c39595c6f5e10035 e710ca6529fde9b7 e515a481e3630ba5 d9440bdb9eee6a13 c8ec53caa8ab3a47 c0e45edc054d640 df4340532e01f84c d6ad3293e55251c8 25a72808282f941e d6318c6ae2bb7880 c80dca4884ea685b ad19fc79acdebefd f9a377eedb4f250 f29f5aac834b88e3 302a47e1d7a801c6 c55cf4179fb95725 2304e0093fc47f5f 976c812537fc4ec3 d7b5a5e8d32f27ea 12f3a749dcc9753c 94c5c3fffaba85f1 cde9addbaa60286e 7299dabec7b69e8 e735efd9e0dd5524 b3d7d939bef61aa 886acb92351f9db5 95fcf2d912671b3e ae567ce8efa0bb6c 24c05921a13a706c b3a18baa36c1487b 266203e7babd4bfa dbf7bc67e1f80893 18b9510ecb225d08 85dfa9028f994811 f19150a43f1b54f5 a3db1fde1d76569 f170ad7b8a4aa1b2 c965f6a7901d5aff f1f4c069e301fe1f ed4c9fd2d3a3a8a4 e3c103a4e3656de4 c6676c03b6b29679 a563f1ed5b5c40d 391b31f1b3b40bd5 ea66a24fee1742c2 c3cd06cfff829df4 3336a9caf4bce16d e2d4242ffce838c0 fc6ad6b41d9d4c19 125a2d8626a12afe 238963beafa1807e cd3ecc97f52e51b5 1bcf7cb39ff43a72 ] wstrb=[1d f1 71 d2 88 e3 85 a6 d4 f6 78 5d da fe 3 ae f4 7b b ce 79 e 7d 6e 8a 88 3c 3 97 b9 71 21 42 ae 24 d9 67 96 fa a9 44 1e 82 ab b4 7c 55 f8 9b d7 a4 4f 54 f9 48 ef d0 ec 3e 24 e5 86 13 ] bresp=0 bid=0
[15000] [SEQUENCER] READ mst_id=1 s_id=0 araddr=7c678f8 arid=1 arlen=1 arsize=3 arburst=1 rid=[] rresp=[] rdata=[]
[15000] [SEQUENCER] READ mst_id=1 s_id=0 araddr=174ec640 arid=2 arlen=1 arsize=3 arburst=1 rid=[] rresp=[] rdata=[]
[15000] [SEQUENCER] READ mst_id=1 s_id=0 araddr=18cae138 arid=3 arlen=1 arsize=3 arburst=1 rid=[] rresp=[] rdata=[]
[15000] MASTER_DRIVER0 received transaction, op=AXI_WRITE
[15000] MASTER_DRIVER1 received transaction, op=AXI_WRITE
[35000] MASTER 1 AW_VALID_RDY Handshake
[35000] MASTER 0 AW_VALID_RDY Handshake
[45000] ARB MONITOR: slave=0 m0_req=1 m1_req=1 winner=0
[45000] AXI S0_AWVALID_RDY HANDSHAKE
[45000] SCOREBOARD MATCH: arbitration winner (slave 0) expected = 0, actual =0
[55000] MASTER 1 W_VALID_RDY Handshake beat=0 wlast=0
[55000] MASTER 0 W_VALID_RDY Handshake beat=0 wlast=0
[65000] MASTER 0 W_VALID_RDY Handshake beat=1 wlast=0
[65000] MASTER 1 W_VALID_RDY Handshake beat=1 wlast=0
[65000] AXI S0_WVALID_RDY HANDSHAKE
[65000] S0 MEMORY WRITE beat=0 addr=05e47a68 data=e41c00509fbcc7cf id=03
[75000] AXI S0_WVALID_RDY HANDSHAKE
[75000] S0 MEMORY WRITE beat=1 addr=05e47a68 data=f35fa6d0df7fb01e id=03
[75000] MASTER 1 W_VALID_RDY Handshake beat=2 wlast=0
[75000] MASTER 0 W_VALID_RDY Handshake beat=2 wlast=0
[85000] MASTER 0 W_VALID_RDY Handshake beat=3 wlast=0
[85000] MASTER 1 W_VALID_RDY Handshake beat=3 wlast=0
[85000] AXI S0_WVALID_RDY HANDSHAKE
[85000] S0 MEMORY WRITE beat=2 addr=05e47a68 data=c31a59baf8fdb87c id=03
[95000] AXI S0_WVALID_RDY HANDSHAKE
[95000] S0 MEMORY WRITE beat=3 addr=05e47a68 data=18ba804ca3bf151e id=03
[95000] MASTER 1 W_VALID_RDY Handshake beat=4 wlast=0
[95000] MASTER 0 W_VALID_RDY Handshake beat=4 wlast=0
[105000] MASTER 0 W_VALID_RDY Handshake beat=5 wlast=0
[105000] MASTER 1 W_VALID_RDY Handshake beat=5 wlast=0
[105000] AXI S0_WVALID_RDY HANDSHAKE
[105000] S0 MEMORY WRITE beat=4 addr=05e47a68 data=033ec53d27365a0a id=03
[115000] AXI S0_WVALID_RDY HANDSHAKE
[115000] S0 MEMORY WRITE beat=5 addr=05e47a68 data=a03412868c1a271c id=03
[115000] MASTER 1 W_VALID_RDY Handshake beat=6 wlast=0
[115000] MASTER 0 W_VALID_RDY Handshake beat=6 wlast=0
[125000] MASTER 0 W_VALID_RDY Handshake beat=7 wlast=0
[125000] MASTER 1 W_VALID_RDY Handshake beat=7 wlast=0
[125000] AXI S0_WVALID_RDY HANDSHAKE
[125000] S0 MEMORY WRITE beat=6 addr=05e47a68 data=2fd93c3bc6591ef7 id=03
[135000] AXI S0_WVALID_RDY HANDSHAKE
[135000] S0 MEMORY WRITE beat=7 addr=05e47a68 data=ed8f7901b8ee92d2 id=03
[135000] MASTER 0 W_VALID_RDY Handshake beat=8 wlast=0
[145000] MASTER 0 W_VALID_RDY Handshake beat=9 wlast=0
[145000] AXI S0_WVALID_RDY HANDSHAKE
[145000] S0 MEMORY WRITE beat=8 addr=05e47a68 data=c508b9ef33180178 id=03
[155000] AXI S0_WVALID_RDY HANDSHAKE
[155000] S0 MEMORY WRITE beat=9 addr=05e47a68 data=f971206f8dc38b87 id=03
[155000] MASTER 0 W_VALID_RDY Handshake beat=10 wlast=1
[165000] AXI S0_WVALID_RDY HANDSHAKE
[165000] S0 MEMORY WRITE beat=10 addr=05e47a68 data=c6b21e5af4e1f62a id=03
[175000] SLAVE0 sent B resp, id=3
[175000] [SLAVE MONITOR] mst_id=0 s_id=0 awaddr=5e47a68 awid=11 awlen=10 awsize=6 awburst=0 wdata=[e41c00509fbcc7cf f35fa6d0df7fb01e c31a59baf8fdb87c 18ba804ca3bf151e 33ec53d27365a0a a03412868c1a271c 2fd93c3bc6591ef7 ed8f7901b8ee92d2 c508b9ef33180178 f971206f8dc38b87 c6b21e5af4e1f62a ] wstrb=[70 a2 49 f7 11 73 51 81 15 9a 78 ] bresp=0 bid=11
[185000] ARB MONITOR: slave=0 m0_req=0 m1_req=1 winner=1
[185000] AXI S0_AWVALID_RDY HANDSHAKE
[195000] AXI S0_WVALID_RDY HANDSHAKE
[195000] S0 MEMORY WRITE beat=0 addr=045d50c8 data=ffe0dee422016e01 id=1d
[195000] MASTER 0 B_VALID_RDY Handshake
[195000] [MASTER MONITOR] mst_id=0 s_id=0 awaddr=5e47a68 awid=11 awlen=10 awsize=6 awburst=0 wdata=[e41c00509fbcc7cf f35fa6d0df7fb01e c31a59baf8fdb87c 18ba804ca3bf151e 33ec53d27365a0a a03412868c1a271c 2fd93c3bc6591ef7 ed8f7901b8ee92d2 c508b9ef33180178 f971206f8dc38b87 c6b21e5af4e1f62a ] wstrb=[70 a2 49 f7 11 73 51 81 15 9a 78 ] bresp=0 bid=11
[195000] MASTER 0 RECEIVED BRESP. BRESP=0
[195000] [MASTER DRIVER] mst_id=0 s_id=0 awaddr=5e47a68 awid=11 awlen=10 awsize=6 awburst=0 wdata=[e41c00509fbcc7cf f35fa6d0df7fb01e c31a59baf8fdb87c 18ba804ca3bf151e 33ec53d27365a0a a03412868c1a271c 2fd93c3bc6591ef7 ed8f7901b8ee92d2 c508b9ef33180178 f971206f8dc38b87 c6b21e5af4e1f62a ] wstrb=[70 a2 49 f7 11 73 51 81 15 9a 78 ] bresp=0 bid=11
[195000] SCOREBOARD MATCH: decode_err expected = 0, actual =0
[195000] SCOREBOARD MATCH: slave_id expected = 0, actual =0
[195000] SCOREBOARD MATCH: awaddr passthrough expected = 5e47a68, actual =5e47a68
[195000] SCOREBOARD MATCH: awlen passthrough expected = 10, actual =10
[195000] SCOREBOARD MATCH: awsize passthrough expected = 6, actual =6
[195000] SCOREBOARD MATCH: awburst passthrough expected = 0, actual =0
[195000] SCOREBOARD MATCH: wdata size check expected = b, actual =b
[195000] SCOREBOARD MATCH: wdata passthrough beat=0 expected = e41c00509fbcc7cf, actual =e41c00509fbcc7cf
[195000] SCOREBOARD MATCH: wdata passthrough beat=1 expected = f35fa6d0df7fb01e, actual =f35fa6d0df7fb01e
[195000] SCOREBOARD MATCH: wdata passthrough beat=2 expected = c31a59baf8fdb87c, actual =c31a59baf8fdb87c
[195000] SCOREBOARD MATCH: wdata passthrough beat=3 expected = 18ba804ca3bf151e, actual =18ba804ca3bf151e
[195000] SCOREBOARD MATCH: wdata passthrough beat=4 expected = 33ec53d27365a0a, actual =33ec53d27365a0a
[195000] SCOREBOARD MATCH: wdata passthrough beat=5 expected = a03412868c1a271c, actual =a03412868c1a271c
[195000] SCOREBOARD MATCH: wdata passthrough beat=6 expected = 2fd93c3bc6591ef7, actual =2fd93c3bc6591ef7
[195000] SCOREBOARD MATCH: wdata passthrough beat=7 expected = ed8f7901b8ee92d2, actual =ed8f7901b8ee92d2
[195000] SCOREBOARD MATCH: wdata passthrough beat=8 expected = c508b9ef33180178, actual =c508b9ef33180178
[195000] SCOREBOARD MATCH: wdata passthrough beat=9 expected = f971206f8dc38b87, actual =f971206f8dc38b87
[195000] SCOREBOARD MATCH: wdata passthrough beat=10 expected = c6b21e5af4e1f62a, actual =c6b21e5af4e1f62a
[195000] SCOREBOARD MATCH: wstrb size check expected = b, actual =b
[195000] SCOREBOARD MATCH: wstrb passthrough beat=0 expected = 70, actual =70
[195000] SCOREBOARD MATCH: wstrb passthrough beat=1 expected = a2, actual =a2
[195000] SCOREBOARD MATCH: wstrb passthrough beat=2 expected = 49, actual =49
[195000] SCOREBOARD MATCH: wstrb passthrough beat=3 expected = f7, actual =f7
[195000] SCOREBOARD MATCH: wstrb passthrough beat=4 expected = 11, actual =11
[195000] SCOREBOARD MATCH: wstrb passthrough beat=5 expected = 73, actual =73
[195000] SCOREBOARD MATCH: wstrb passthrough beat=6 expected = 51, actual =51
[195000] SCOREBOARD MATCH: wstrb passthrough beat=7 expected = 81, actual =81
[195000] SCOREBOARD MATCH: wstrb passthrough beat=8 expected = 15, actual =15
[195000] SCOREBOARD MATCH: wstrb passthrough beat=9 expected = 9a, actual =9a
[195000] SCOREBOARD MATCH: wstrb passthrough beat=10 expected = 78, actual =78
[195000] SCOREBOARD MATCH: bresp passthrough expected = 0, actual =0
[195000] SCOREBOARD MATCH: response routed to correct master (write) expected = 0, actual =0
[195000] [SCOREBOARD-M] mst_id=0 s_id=0 awaddr=5e47a68 awid=11 awlen=10 awsize=6 awburst=0 wdata=[e41c00509fbcc7cf f35fa6d0df7fb01e c31a59baf8fdb87c 18ba804ca3bf151e 33ec53d27365a0a a03412868c1a271c 2fd93c3bc6591ef7 ed8f7901b8ee92d2 c508b9ef33180178 f971206f8dc38b87 c6b21e5af4e1f62a ] wstrb=[70 a2 49 f7 11 73 51 81 15 9a 78 ] bresp=0 bid=11
[195000] [SCOREBOARD-S] mst_id=0 s_id=0 awaddr=5e47a68 awid=11 awlen=10 awsize=6 awburst=0 wdata=[e41c00509fbcc7cf f35fa6d0df7fb01e c31a59baf8fdb87c 18ba804ca3bf151e 33ec53d27365a0a a03412868c1a271c 2fd93c3bc6591ef7 ed8f7901b8ee92d2 c508b9ef33180178 f971206f8dc38b87 c6b21e5af4e1f62a ] wstrb=[70 a2 49 f7 11 73 51 81 15 9a 78 ] bresp=0 bid=11
[195000] SCOREBOARD: Transaction 1 received. pass=33 fail=0
[195000] ALL PASS. Total transactions: 1
[205000] MASTER 1 W_VALID_RDY Handshake beat=8 wlast=0
[205000] AXI S0_WVALID_RDY HANDSHAKE
[205000] S0 MEMORY WRITE beat=1 addr=045d50ca data=d7c930aadc585067 id=1d
[215000] AXI S0_WVALID_RDY HANDSHAKE
[215000] S0 MEMORY WRITE beat=2 addr=045d50cc data=ab9195a59d84fc38 id=1d
[215000] MASTER 1 W_VALID_RDY Handshake beat=9 wlast=0
[225000] MASTER 1 W_VALID_RDY Handshake beat=10 wlast=0
[225000] AXI S0_WVALID_RDY HANDSHAKE
[225000] S0 MEMORY WRITE beat=3 addr=045d50ce data=bf866a393ec3ef72 id=1d
[235000] AXI S0_WVALID_RDY HANDSHAKE
[235000] S0 MEMORY WRITE beat=4 addr=045d50d0 data=9b1c3fd9ab727489 id=1d
[235000] MASTER 1 W_VALID_RDY Handshake beat=11 wlast=0
[245000] MASTER 1 W_VALID_RDY Handshake beat=12 wlast=0
[245000] AXI S0_WVALID_RDY HANDSHAKE
[245000] S0 MEMORY WRITE beat=5 addr=045d50d2 data=c8f770c2174f9ae4 id=1d
[255000] AXI S0_WVALID_RDY HANDSHAKE
[255000] S0 MEMORY WRITE beat=6 addr=045d50d4 data=d6138a56c6add57f id=1d
[255000] MASTER 1 W_VALID_RDY Handshake beat=13 wlast=0
[265000] MASTER 1 W_VALID_RDY Handshake beat=14 wlast=0
[265000] AXI S0_WVALID_RDY HANDSHAKE
[265000] S0 MEMORY WRITE beat=7 addr=045d50d6 data=f2204a08887ddafb id=1d
[275000] AXI S0_WVALID_RDY HANDSHAKE
[275000] S0 MEMORY WRITE beat=8 addr=045d50d8 data=9fcd75dff12fca2f id=1d
[275000] MASTER 1 W_VALID_RDY Handshake beat=15 wlast=0
[285000] MASTER 1 W_VALID_RDY Handshake beat=16 wlast=0
[285000] AXI S0_WVALID_RDY HANDSHAKE
[285000] S0 MEMORY WRITE beat=9 addr=045d50da data=b7dd9faebb17baca id=1d
[295000] AXI S0_WVALID_RDY HANDSHAKE
[295000] S0 MEMORY WRITE beat=10 addr=045d50dc data=c39595c6f5e10035 id=1d
[295000] MASTER 1 W_VALID_RDY Handshake beat=17 wlast=0
[305000] MASTER 1 W_VALID_RDY Handshake beat=18 wlast=0
[305000] AXI S0_WVALID_RDY HANDSHAKE
[305000] S0 MEMORY WRITE beat=11 addr=045d50de data=e710ca6529fde9b7 id=1d
[315000] AXI S0_WVALID_RDY HANDSHAKE
[315000] S0 MEMORY WRITE beat=12 addr=045d50e0 data=e515a481e3630ba5 id=1d
[315000] MASTER 1 W_VALID_RDY Handshake beat=19 wlast=0
[325000] MASTER 1 W_VALID_RDY Handshake beat=20 wlast=0
[325000] AXI S0_WVALID_RDY HANDSHAKE
[325000] S0 MEMORY WRITE beat=13 addr=045d50e2 data=d9440bdb9eee6a13 id=1d
[335000] AXI S0_WVALID_RDY HANDSHAKE
[335000] S0 MEMORY WRITE beat=14 addr=045d50e4 data=c8ec53caa8ab3a47 id=1d
[335000] MASTER 1 W_VALID_RDY Handshake beat=21 wlast=0
[345000] MASTER 1 W_VALID_RDY Handshake beat=22 wlast=0
[345000] AXI S0_WVALID_RDY HANDSHAKE
[345000] S0 MEMORY WRITE beat=15 addr=045d50e6 data=0c0e45edc054d640 id=1d
[355000] AXI S0_WVALID_RDY HANDSHAKE
[355000] S0 MEMORY WRITE beat=16 addr=045d50e8 data=df4340532e01f84c id=1d
[355000] MASTER 1 W_VALID_RDY Handshake beat=23 wlast=0
[365000] MASTER 1 W_VALID_RDY Handshake beat=24 wlast=0
[365000] AXI S0_WVALID_RDY HANDSHAKE
[365000] S0 MEMORY WRITE beat=17 addr=045d50ea data=d6ad3293e55251c8 id=1d
[375000] AXI S0_WVALID_RDY HANDSHAKE
[375000] S0 MEMORY WRITE beat=18 addr=045d50ec data=25a72808282f941e id=1d
[375000] MASTER 1 W_VALID_RDY Handshake beat=25 wlast=0
[385000] MASTER 1 W_VALID_RDY Handshake beat=26 wlast=0
[385000] AXI S0_WVALID_RDY HANDSHAKE
[385000] S0 MEMORY WRITE beat=19 addr=045d50ee data=d6318c6ae2bb7880 id=1d
[395000] AXI S0_WVALID_RDY HANDSHAKE
[395000] S0 MEMORY WRITE beat=20 addr=045d50f0 data=c80dca4884ea685b id=1d
[395000] MASTER 1 W_VALID_RDY Handshake beat=27 wlast=0
[405000] MASTER 1 W_VALID_RDY Handshake beat=28 wlast=0
[405000] AXI S0_WVALID_RDY HANDSHAKE
[405000] S0 MEMORY WRITE beat=21 addr=045d50f2 data=ad19fc79acdebefd id=1d
[415000] AXI S0_WVALID_RDY HANDSHAKE
[415000] S0 MEMORY WRITE beat=22 addr=045d50f4 data=0f9a377eedb4f250 id=1d
[415000] MASTER 1 W_VALID_RDY Handshake beat=29 wlast=0
[425000] MASTER 1 W_VALID_RDY Handshake beat=30 wlast=0
[425000] AXI S0_WVALID_RDY HANDSHAKE
[425000] S0 MEMORY WRITE beat=23 addr=045d50f6 data=f29f5aac834b88e3 id=1d
[435000] AXI S0_WVALID_RDY HANDSHAKE
[435000] S0 MEMORY WRITE beat=24 addr=045d50f8 data=302a47e1d7a801c6 id=1d
[435000] MASTER 1 W_VALID_RDY Handshake beat=31 wlast=0
[445000] MASTER 1 W_VALID_RDY Handshake beat=32 wlast=0
[445000] AXI S0_WVALID_RDY HANDSHAKE
[445000] S0 MEMORY WRITE beat=25 addr=045d50fa data=c55cf4179fb95725 id=1d
[455000] AXI S0_WVALID_RDY HANDSHAKE
[455000] S0 MEMORY WRITE beat=26 addr=045d50fc data=2304e0093fc47f5f id=1d
[455000] MASTER 1 W_VALID_RDY Handshake beat=33 wlast=0
[465000] MASTER 1 W_VALID_RDY Handshake beat=34 wlast=0
[465000] AXI S0_WVALID_RDY HANDSHAKE
[465000] S0 MEMORY WRITE beat=27 addr=045d50fe data=976c812537fc4ec3 id=1d
[475000] AXI S0_WVALID_RDY HANDSHAKE
[475000] S0 MEMORY WRITE beat=28 addr=045d5100 data=d7b5a5e8d32f27ea id=1d
[475000] MASTER 1 W_VALID_RDY Handshake beat=35 wlast=0
[485000] MASTER 1 W_VALID_RDY Handshake beat=36 wlast=0
[485000] AXI S0_WVALID_RDY HANDSHAKE
[485000] S0 MEMORY WRITE beat=29 addr=045d5102 data=12f3a749dcc9753c id=1d
[495000] AXI S0_WVALID_RDY HANDSHAKE
[495000] S0 MEMORY WRITE beat=30 addr=045d5104 data=94c5c3fffaba85f1 id=1d
[495000] MASTER 1 W_VALID_RDY Handshake beat=37 wlast=0
[505000] MASTER 1 W_VALID_RDY Handshake beat=38 wlast=0
[505000] AXI S0_WVALID_RDY HANDSHAKE
[505000] S0 MEMORY WRITE beat=31 addr=045d5106 data=cde9addbaa60286e id=1d
[515000] AXI S0_WVALID_RDY HANDSHAKE
[515000] S0 MEMORY WRITE beat=32 addr=045d5108 data=07299dabec7b69e8 id=1d
[515000] MASTER 1 W_VALID_RDY Handshake beat=39 wlast=0
[525000] MASTER 1 W_VALID_RDY Handshake beat=40 wlast=0
[525000] AXI S0_WVALID_RDY HANDSHAKE
[525000] S0 MEMORY WRITE beat=33 addr=045d510a data=e735efd9e0dd5524 id=1d
[535000] AXI S0_WVALID_RDY HANDSHAKE
[535000] S0 MEMORY WRITE beat=34 addr=045d510c data=0b3d7d939bef61aa id=1d
[535000] MASTER 1 W_VALID_RDY Handshake beat=41 wlast=0
[545000] MASTER 1 W_VALID_RDY Handshake beat=42 wlast=0
[545000] AXI S0_WVALID_RDY HANDSHAKE
[545000] S0 MEMORY WRITE beat=35 addr=045d510e data=886acb92351f9db5 id=1d
[555000] AXI S0_WVALID_RDY HANDSHAKE
[555000] S0 MEMORY WRITE beat=36 addr=045d5110 data=95fcf2d912671b3e id=1d
[555000] MASTER 1 W_VALID_RDY Handshake beat=43 wlast=0
[565000] MASTER 1 W_VALID_RDY Handshake beat=44 wlast=0
[565000] AXI S0_WVALID_RDY HANDSHAKE
[565000] S0 MEMORY WRITE beat=37 addr=045d5112 data=ae567ce8efa0bb6c id=1d
[575000] AXI S0_WVALID_RDY HANDSHAKE
[575000] S0 MEMORY WRITE beat=38 addr=045d5114 data=24c05921a13a706c id=1d
[575000] MASTER 1 W_VALID_RDY Handshake beat=45 wlast=0
[585000] MASTER 1 W_VALID_RDY Handshake beat=46 wlast=0
[585000] AXI S0_WVALID_RDY HANDSHAKE
[585000] S0 MEMORY WRITE beat=39 addr=045d5116 data=b3a18baa36c1487b id=1d
[595000] AXI S0_WVALID_RDY HANDSHAKE
[595000] S0 MEMORY WRITE beat=40 addr=045d5118 data=266203e7babd4bfa id=1d
[595000] MASTER 1 W_VALID_RDY Handshake beat=47 wlast=0
[605000] MASTER 1 W_VALID_RDY Handshake beat=48 wlast=0
[605000] AXI S0_WVALID_RDY HANDSHAKE
[605000] S0 MEMORY WRITE beat=41 addr=045d511a data=dbf7bc67e1f80893 id=1d
[615000] AXI S0_WVALID_RDY HANDSHAKE
[615000] S0 MEMORY WRITE beat=42 addr=045d511c data=18b9510ecb225d08 id=1d
[615000] MASTER 1 W_VALID_RDY Handshake beat=49 wlast=0
[625000] MASTER 1 W_VALID_RDY Handshake beat=50 wlast=0
[625000] AXI S0_WVALID_RDY HANDSHAKE
[625000] S0 MEMORY WRITE beat=43 addr=045d511e data=85dfa9028f994811 id=1d
[635000] AXI S0_WVALID_RDY HANDSHAKE
[635000] S0 MEMORY WRITE beat=44 addr=045d5120 data=f19150a43f1b54f5 id=1d
[635000] MASTER 1 W_VALID_RDY Handshake beat=51 wlast=0
[645000] MASTER 1 W_VALID_RDY Handshake beat=52 wlast=0
[645000] AXI S0_WVALID_RDY HANDSHAKE
[645000] S0 MEMORY WRITE beat=45 addr=045d5122 data=0a3db1fde1d76569 id=1d
[655000] AXI S0_WVALID_RDY HANDSHAKE
[655000] S0 MEMORY WRITE beat=46 addr=045d5124 data=f170ad7b8a4aa1b2 id=1d
[655000] MASTER 1 W_VALID_RDY Handshake beat=53 wlast=0
[665000] MASTER 1 W_VALID_RDY Handshake beat=54 wlast=0
[665000] AXI S0_WVALID_RDY HANDSHAKE
[665000] S0 MEMORY WRITE beat=47 addr=045d5126 data=c965f6a7901d5aff id=1d
[675000] AXI S0_WVALID_RDY HANDSHAKE
[675000] S0 MEMORY WRITE beat=48 addr=045d5128 data=f1f4c069e301fe1f id=1d
[675000] MASTER 1 W_VALID_RDY Handshake beat=55 wlast=0
[685000] MASTER 1 W_VALID_RDY Handshake beat=56 wlast=0
[685000] AXI S0_WVALID_RDY HANDSHAKE
[685000] S0 MEMORY WRITE beat=49 addr=045d512a data=ed4c9fd2d3a3a8a4 id=1d
[695000] AXI S0_WVALID_RDY HANDSHAKE
[695000] S0 MEMORY WRITE beat=50 addr=045d512c data=e3c103a4e3656de4 id=1d
[695000] MASTER 1 W_VALID_RDY Handshake beat=57 wlast=0
[705000] MASTER 1 W_VALID_RDY Handshake beat=58 wlast=0
[705000] AXI S0_WVALID_RDY HANDSHAKE
[705000] S0 MEMORY WRITE beat=51 addr=045d512e data=c6676c03b6b29679 id=1d
[715000] AXI S0_WVALID_RDY HANDSHAKE
[715000] S0 MEMORY WRITE beat=52 addr=045d5130 data=0a563f1ed5b5c40d id=1d
[715000] MASTER 1 W_VALID_RDY Handshake beat=59 wlast=0
[725000] MASTER 1 W_VALID_RDY Handshake beat=60 wlast=0
[725000] AXI S0_WVALID_RDY HANDSHAKE
[725000] S0 MEMORY WRITE beat=53 addr=045d5132 data=391b31f1b3b40bd5 id=1d
[735000] AXI S0_WVALID_RDY HANDSHAKE
[735000] S0 MEMORY WRITE beat=54 addr=045d5134 data=ea66a24fee1742c2 id=1d
[735000] MASTER 1 W_VALID_RDY Handshake beat=61 wlast=0
[745000] MASTER_DRIVER1 received transaction, op=AXI_READ
[745000] MASTER 1 W_VALID_RDY Handshake beat=62 wlast=1
[745000] AXI S0_WVALID_RDY HANDSHAKE
[745000] S0 MEMORY WRITE beat=55 addr=045d5136 data=c3cd06cfff829df4 id=1d
[755000] AXI S0_WVALID_RDY HANDSHAKE
[755000] S0 MEMORY WRITE beat=56 addr=045d5138 data=3336a9caf4bce16d id=1d
[765000] MASTER_DRIVER1 received transaction, op=AXI_READ
[765000] AXI S0_WVALID_RDY HANDSHAKE
[765000] S0 MEMORY WRITE beat=57 addr=045d513a data=e2d4242ffce838c0 id=1d
[775000] AXI S0_WVALID_RDY HANDSHAKE
[775000] S0 MEMORY WRITE beat=58 addr=045d513c data=fc6ad6b41d9d4c19 id=1d
[775000] AXI S0_ARVALID_RDY HANDSHAKE
[775000] MEMORY READ MISS beat=0 addr=7c678f8 -> default data id=17
[775000] ARB MONITOR: slave=0 m0_req=0 m1_req=1 winner=1
[785000] MASTER_DRIVER1 received transaction, op=AXI_READ
[785000] SLAVE 0 R_VALID_RDY Handshake beat=0 rlast=0
[785000] MEMORY READ MISS beat=1 addr=7c67900 -> default data id=17
[785000] AXI S0_WVALID_RDY HANDSHAKE
[785000] S0 MEMORY WRITE beat=59 addr=045d513e data=125a2d8626a12afe id=1d
[795000] AXI S0_WVALID_RDY HANDSHAKE
[795000] S0 MEMORY WRITE beat=60 addr=045d5140 data=238963beafa1807e id=1d
[795000] AXI S0_ARVALID_RDY HANDSHAKE
[795000] MEMORY READ MISS beat=0 addr=174ec640 -> default data id=18
[795000] SLAVE 0 R_VALID_RDY Handshake beat=1 rlast=1
[795000] [SLAVE MONITOR] READ mst_id=1 s_id=0 araddr=7c678f8 arid=1 arlen=1 arsize=3 arburst=1 rid=[1111] rresp=[00] rdata=[baadf00d12345678baadf00d12345678]
[795000] ARB MONITOR: slave=1 m0_req=0 m1_req=1 winner=1
[805000] MASTER 1 R_VALID_RDY Handshake beat=0 rlast=0
[805000] SLAVE 1 R_VALID_RDY Handshake beat=0 rlast=0
[805000] MEMORY READ MISS beat=1 addr=174ec648 -> default data id=18
[805000] AXI S0_WVALID_RDY HANDSHAKE
[805000] S0 MEMORY WRITE beat=61 addr=045d5142 data=cd3ecc97f52e51b5 id=1d
[815000] AXI S0_WVALID_RDY HANDSHAKE
[815000] S0 MEMORY WRITE beat=62 addr=045d5144 data=1bcf7cb39ff43a72 id=1d
[815000] SLAVE 1 R_VALID_RDY Handshake beat=1 rlast=1
[815000] [SLAVE MONITOR] READ mst_id=1 s_id=1 araddr=174ec640 arid=2 arlen=1 arsize=3 arburst=1 rid=[1212] rresp=[00] rdata=[baadf00d12345678baadf00d12345678]
[815000] MASTER 1 R_VALID_RDY Handshake beat=1 rlast=1
[815000] [MASTER MONITOR] READ mst_id=1 s_id=0 araddr=7c678f8 arid=1 arlen=1 arsize=3 arburst=1 rid=[11] rresp=[00] rdata=[baadf00d12345678baadf00d12345678]
[815000] [MASTER DRIVER] READ mst_id=1 s_id=0 araddr=7c678f8 arid=1 arlen=1 arsize=3 arburst=1 rid=[11] rresp=[00] rdata=[baadf00d12345678baadf00d12345678]
[815000] SCOREBOARD MATCH: decode_err expected = 0, actual =0
[815000] SCOREBOARD MATCH: slave_id expected = 0, actual =0
[815000] SCOREBOARD MATCH: araddr passthrough expected = 7c678f8, actual =7c678f8
[815000] SCOREBOARD MATCH: arlen passthrough expected = 1, actual =1
[815000] SCOREBOARD MATCH: arsize passthrough expected = 3, actual =3
[815000] SCOREBOARD MATCH: arburst passthrough expected = 1, actual =1
[815000] SCOREBOARD MATCH: rdata size check expected = 2, actual =2
[815000] SCOREBOARD MATCH: rdata passthrough beat=0 expected = baadf00d12345678, actual =baadf00d12345678
[815000] SCOREBOARD MATCH: rdata passthrough beat=1 expected = baadf00d12345678, actual =baadf00d12345678
[815000] SCOREBOARD MATCH: rresp size check expected = 2, actual =2
[815000] SCOREBOARD MATCH: rresp passthrough beat=0 expected = 0, actual =0
[815000] SCOREBOARD MATCH: rresp passthrough beat=1 expected = 0, actual =0
[815000] SCOREBOARD MATCH: response routed to correct master (read beat 0) expected = 1, actual =1
[815000] SCOREBOARD MATCH: response routed to correct master (read beat 1) expected = 1, actual =1
[815000] [SCOREBOARD-M] READ mst_id=1 s_id=0 araddr=7c678f8 arid=1 arlen=1 arsize=3 arburst=1 rid=[11] rresp=[00] rdata=[baadf00d12345678baadf00d12345678]
[815000] [SCOREBOARD-S] READ mst_id=1 s_id=0 araddr=7c678f8 arid=1 arlen=1 arsize=3 arburst=1 rid=[1111] rresp=[00] rdata=[baadf00d12345678baadf00d12345678]
[815000] SCOREBOARD: Transaction 2 received. pass=47 fail=0
[815000] ALL PASS. Total transactions: 2
[825000] ARB MONITOR: slave=1 m0_req=0 m1_req=1 winner=1
[825000] AXI S0_ARVALID_RDY HANDSHAKE
[825000] MEMORY READ MISS beat=0 addr=18cae138 -> default data id=19
[825000] SLAVE0 sent B resp, id=13
[835000] MEMORY READ MISS beat=1 addr=18cae140 -> default data id=19
[835000] [SLAVE MONITOR] mst_id=1 s_id=0 awaddr=45d50c8 awid=1101 awlen=62 awsize=1 awburst=1 wdata=[ffe0dee422016e01 d7c930aadc585067 ab9195a59d84fc38 bf866a393ec3ef72 9b1c3fd9ab727489 c8f770c2174f9ae4 d6138a56c6add57f f2204a08887ddafb 9fcd75dff12fca2f b7dd9faebb17baca c39595c6f5e10035 e710ca6529fde9b7 e515a481e3630ba5 d9440bdb9eee6a13 c8ec53caa8ab3a47 c0e45edc054d640 df4340532e01f84c d6ad3293e55251c8 25a72808282f941e d6318c6ae2bb7880 c80dca4884ea685b ad19fc79acdebefd f9a377eedb4f250 f29f5aac834b88e3 302a47e1d7a801c6 c55cf4179fb95725 2304e0093fc47f5f 976c812537fc4ec3 d7b5a5e8d32f27ea 12f3a749dcc9753c 94c5c3fffaba85f1 cde9addbaa60286e 7299dabec7b69e8 e735efd9e0dd5524 b3d7d939bef61aa 886acb92351f9db5 95fcf2d912671b3e ae567ce8efa0bb6c 24c05921a13a706c b3a18baa36c1487b 266203e7babd4bfa dbf7bc67e1f80893 18b9510ecb225d08 85dfa9028f994811 f19150a43f1b54f5 a3db1fde1d76569 f170ad7b8a4aa1b2 c965f6a7901d5aff f1f4c069e301fe1f ed4c9fd2d3a3a8a4 e3c103a4e3656de4 c6676c03b6b29679 a563f1ed5b5c40d 391b31f1b3b40bd5 ea66a24fee1742c2 c3cd06cfff829df4 3336a9caf4bce16d e2d4242ffce838c0 fc6ad6b41d9d4c19 125a2d8626a12afe 238963beafa1807e cd3ecc97f52e51b5 1bcf7cb39ff43a72 ] wstrb=[1d f1 71 d2 88 e3 85 a6 d4 f6 78 5d da fe 3 ae f4 7b b ce 79 e 7d 6e 8a 88 3c 3 97 b9 71 21 42 ae 24 d9 67 96 fa a9 44 1e 82 ab b4 7c 55 f8 9b d7 a4 4f 54 f9 48 ef d0 ec 3e 24 e5 86 13 ] bresp=0 bid=11101
[835000] SLAVE 1 R_VALID_RDY Handshake beat=0 rlast=0
[835000] MASTER 1 R_VALID_RDY Handshake beat=0 rlast=0
[845000] [MASTER DRIVER] READ mst_id=1 s_id=0 araddr=174ec640 arid=2 arlen=1 arsize=3 arburst=1 rid=[22] rresp=[00] rdata=[baadf00d12345678baadf00d12345678]
[845000] MASTER 1 RECEIVED BRESP. BRESP=0
[845000] [MASTER DRIVER] mst_id=1 s_id=0 awaddr=45d50c8 awid=1101 awlen=62 awsize=1 awburst=1 wdata=[ffe0dee422016e01 d7c930aadc585067 ab9195a59d84fc38 bf866a393ec3ef72 9b1c3fd9ab727489 c8f770c2174f9ae4 d6138a56c6add57f f2204a08887ddafb 9fcd75dff12fca2f b7dd9faebb17baca c39595c6f5e10035 e710ca6529fde9b7 e515a481e3630ba5 d9440bdb9eee6a13 c8ec53caa8ab3a47 c0e45edc054d640 df4340532e01f84c d6ad3293e55251c8 25a72808282f941e d6318c6ae2bb7880 c80dca4884ea685b ad19fc79acdebefd f9a377eedb4f250 f29f5aac834b88e3 302a47e1d7a801c6 c55cf4179fb95725 2304e0093fc47f5f 976c812537fc4ec3 d7b5a5e8d32f27ea 12f3a749dcc9753c 94c5c3fffaba85f1 cde9addbaa60286e 7299dabec7b69e8 e735efd9e0dd5524 b3d7d939bef61aa 886acb92351f9db5 95fcf2d912671b3e ae567ce8efa0bb6c 24c05921a13a706c b3a18baa36c1487b 266203e7babd4bfa dbf7bc67e1f80893 18b9510ecb225d08 85dfa9028f994811 f19150a43f1b54f5 a3db1fde1d76569 f170ad7b8a4aa1b2 c965f6a7901d5aff f1f4c069e301fe1f ed4c9fd2d3a3a8a4 e3c103a4e3656de4 c6676c03b6b29679 a563f1ed5b5c40d 391b31f1b3b40bd5 ea66a24fee1742c2 c3cd06cfff829df4 3336a9caf4bce16d e2d4242ffce838c0 fc6ad6b41d9d4c19 125a2d8626a12afe 238963beafa1807e cd3ecc97f52e51b5 1bcf7cb39ff43a72 ] wstrb=[1d f1 71 d2 88 e3 85 a6 d4 f6 78 5d da fe 3 ae f4 7b b ce 79 e 7d 6e 8a 88 3c 3 97 b9 71 21 42 ae 24 d9 67 96 fa a9 44 1e 82 ab b4 7c 55 f8 9b d7 a4 4f 54 f9 48 ef d0 ec 3e 24 e5 86 13 ] bresp=0 bid=1101
[845000] MASTER 1 B_VALID_RDY Handshake
[845000] [MASTER MONITOR] mst_id=1 s_id=0 awaddr=45d50c8 awid=1101 awlen=62 awsize=1 awburst=1 wdata=[ffe0dee422016e01 d7c930aadc585067 ab9195a59d84fc38 bf866a393ec3ef72 9b1c3fd9ab727489 c8f770c2174f9ae4 d6138a56c6add57f f2204a08887ddafb 9fcd75dff12fca2f b7dd9faebb17baca c39595c6f5e10035 e710ca6529fde9b7 e515a481e3630ba5 d9440bdb9eee6a13 c8ec53caa8ab3a47 c0e45edc054d640 df4340532e01f84c d6ad3293e55251c8 25a72808282f941e d6318c6ae2bb7880 c80dca4884ea685b ad19fc79acdebefd f9a377eedb4f250 f29f5aac834b88e3 302a47e1d7a801c6 c55cf4179fb95725 2304e0093fc47f5f 976c812537fc4ec3 d7b5a5e8d32f27ea 12f3a749dcc9753c 94c5c3fffaba85f1 cde9addbaa60286e 7299dabec7b69e8 e735efd9e0dd5524 b3d7d939bef61aa 886acb92351f9db5 95fcf2d912671b3e ae567ce8efa0bb6c 24c05921a13a706c b3a18baa36c1487b 266203e7babd4bfa dbf7bc67e1f80893 18b9510ecb225d08 85dfa9028f994811 f19150a43f1b54f5 a3db1fde1d76569 f170ad7b8a4aa1b2 c965f6a7901d5aff f1f4c069e301fe1f ed4c9fd2d3a3a8a4 e3c103a4e3656de4 c6676c03b6b29679 a563f1ed5b5c40d 391b31f1b3b40bd5 ea66a24fee1742c2 c3cd06cfff829df4 3336a9caf4bce16d e2d4242ffce838c0 fc6ad6b41d9d4c19 125a2d8626a12afe 238963beafa1807e cd3ecc97f52e51b5 1bcf7cb39ff43a72 ] wstrb=[1d f1 71 d2 88 e3 85 a6 d4 f6 78 5d da fe 3 ae f4 7b b ce 79 e 7d 6e 8a 88 3c 3 97 b9 71 21 42 ae 24 d9 67 96 fa a9 44 1e 82 ab b4 7c 55 f8 9b d7 a4 4f 54 f9 48 ef d0 ec 3e 24 e5 86 13 ] bresp=0 bid=1101
[845000] MASTER 1 R_VALID_RDY Handshake beat=1 rlast=1
[845000] [MASTER MONITOR] READ mst_id=1 s_id=1 araddr=174ec640 arid=2 arlen=1 arsize=3 arburst=1 rid=[22] rresp=[00] rdata=[baadf00d12345678baadf00d12345678]
[845000] SLAVE 1 R_VALID_RDY Handshake beat=1 rlast=1
[845000] [SLAVE MONITOR] READ mst_id=1 s_id=1 araddr=18cae138 arid=3 arlen=1 arsize=3 arburst=1 rid=[1313] rresp=[00] rdata=[baadf00d12345678baadf00d12345678]
[845000] SCOREBOARD MATCH: decode_err expected = 0, actual =0
[845000] SCOREBOARD MATCH: slave_id expected = 0, actual =0
[845000] SCOREBOARD MATCH: awaddr passthrough expected = 45d50c8, actual =45d50c8
[845000] SCOREBOARD MATCH: awlen passthrough expected = 62, actual =62
[845000] SCOREBOARD MATCH: awsize passthrough expected = 1, actual =1
[845000] SCOREBOARD MATCH: awburst passthrough expected = 1, actual =1
[845000] SCOREBOARD MATCH: wdata size check expected = 3f, actual =3f
[845000] SCOREBOARD MATCH: wdata passthrough beat=0 expected = ffe0dee422016e01, actual =ffe0dee422016e01
[845000] SCOREBOARD MATCH: wdata passthrough beat=1 expected = d7c930aadc585067, actual =d7c930aadc585067
[845000] SCOREBOARD MATCH: wdata passthrough beat=2 expected = ab9195a59d84fc38, actual =ab9195a59d84fc38
[845000] SCOREBOARD MATCH: wdata passthrough beat=3 expected = bf866a393ec3ef72, actual =bf866a393ec3ef72
[845000] SCOREBOARD MATCH: wdata passthrough beat=4 expected = 9b1c3fd9ab727489, actual =9b1c3fd9ab727489
[845000] SCOREBOARD MATCH: wdata passthrough beat=5 expected = c8f770c2174f9ae4, actual =c8f770c2174f9ae4
[845000] SCOREBOARD MATCH: wdata passthrough beat=6 expected = d6138a56c6add57f, actual =d6138a56c6add57f
[845000] SCOREBOARD MATCH: wdata passthrough beat=7 expected = f2204a08887ddafb, actual =f2204a08887ddafb
[845000] SCOREBOARD MATCH: wdata passthrough beat=8 expected = 9fcd75dff12fca2f, actual =9fcd75dff12fca2f
[845000] SCOREBOARD MATCH: wdata passthrough beat=9 expected = b7dd9faebb17baca, actual =b7dd9faebb17baca
[845000] SCOREBOARD MATCH: wdata passthrough beat=10 expected = c39595c6f5e10035, actual =c39595c6f5e10035
[845000] SCOREBOARD MATCH: wdata passthrough beat=11 expected = e710ca6529fde9b7, actual =e710ca6529fde9b7
[845000] SCOREBOARD MATCH: wdata passthrough beat=12 expected = e515a481e3630ba5, actual =e515a481e3630ba5
[845000] SCOREBOARD MATCH: wdata passthrough beat=13 expected = d9440bdb9eee6a13, actual =d9440bdb9eee6a13
[845000] SCOREBOARD MATCH: wdata passthrough beat=14 expected = c8ec53caa8ab3a47, actual =c8ec53caa8ab3a47
[845000] SCOREBOARD MATCH: wdata passthrough beat=15 expected = c0e45edc054d640, actual =c0e45edc054d640
[845000] SCOREBOARD MATCH: wdata passthrough beat=16 expected = df4340532e01f84c, actual =df4340532e01f84c
[845000] SCOREBOARD MATCH: wdata passthrough beat=17 expected = d6ad3293e55251c8, actual =d6ad3293e55251c8
[845000] SCOREBOARD MATCH: wdata passthrough beat=18 expected = 25a72808282f941e, actual =25a72808282f941e
[845000] SCOREBOARD MATCH: wdata passthrough beat=19 expected = d6318c6ae2bb7880, actual =d6318c6ae2bb7880
[845000] SCOREBOARD MATCH: wdata passthrough beat=20 expected = c80dca4884ea685b, actual =c80dca4884ea685b
[845000] SCOREBOARD MATCH: wdata passthrough beat=21 expected = ad19fc79acdebefd, actual =ad19fc79acdebefd
[845000] SCOREBOARD MATCH: wdata passthrough beat=22 expected = f9a377eedb4f250, actual =f9a377eedb4f250
[845000] SCOREBOARD MATCH: wdata passthrough beat=23 expected = f29f5aac834b88e3, actual =f29f5aac834b88e3
[845000] SCOREBOARD MATCH: wdata passthrough beat=24 expected = 302a47e1d7a801c6, actual =302a47e1d7a801c6
[845000] SCOREBOARD MATCH: wdata passthrough beat=25 expected = c55cf4179fb95725, actual =c55cf4179fb95725
[845000] SCOREBOARD MATCH: wdata passthrough beat=26 expected = 2304e0093fc47f5f, actual =2304e0093fc47f5f
[845000] SCOREBOARD MATCH: wdata passthrough beat=27 expected = 976c812537fc4ec3, actual =976c812537fc4ec3
[845000] SCOREBOARD MATCH: wdata passthrough beat=28 expected = d7b5a5e8d32f27ea, actual =d7b5a5e8d32f27ea
[845000] SCOREBOARD MATCH: wdata passthrough beat=29 expected = 12f3a749dcc9753c, actual =12f3a749dcc9753c
[845000] SCOREBOARD MATCH: wdata passthrough beat=30 expected = 94c5c3fffaba85f1, actual =94c5c3fffaba85f1
[845000] SCOREBOARD MATCH: wdata passthrough beat=31 expected = cde9addbaa60286e, actual =cde9addbaa60286e
[845000] SCOREBOARD MATCH: wdata passthrough beat=32 expected = 7299dabec7b69e8, actual =7299dabec7b69e8
[845000] SCOREBOARD MATCH: wdata passthrough beat=33 expected = e735efd9e0dd5524, actual =e735efd9e0dd5524
[845000] SCOREBOARD MATCH: wdata passthrough beat=34 expected = b3d7d939bef61aa, actual =b3d7d939bef61aa
[845000] SCOREBOARD MATCH: wdata passthrough beat=35 expected = 886acb92351f9db5, actual =886acb92351f9db5
[845000] SCOREBOARD MATCH: wdata passthrough beat=36 expected = 95fcf2d912671b3e, actual =95fcf2d912671b3e
[845000] SCOREBOARD MATCH: wdata passthrough beat=37 expected = ae567ce8efa0bb6c, actual =ae567ce8efa0bb6c
[845000] SCOREBOARD MATCH: wdata passthrough beat=38 expected = 24c05921a13a706c, actual =24c05921a13a706c
[845000] SCOREBOARD MATCH: wdata passthrough beat=39 expected = b3a18baa36c1487b, actual =b3a18baa36c1487b
[845000] SCOREBOARD MATCH: wdata passthrough beat=40 expected = 266203e7babd4bfa, actual =266203e7babd4bfa
[845000] SCOREBOARD MATCH: wdata passthrough beat=41 expected = dbf7bc67e1f80893, actual =dbf7bc67e1f80893
[845000] SCOREBOARD MATCH: wdata passthrough beat=42 expected = 18b9510ecb225d08, actual =18b9510ecb225d08
[845000] SCOREBOARD MATCH: wdata passthrough beat=43 expected = 85dfa9028f994811, actual =85dfa9028f994811
[845000] SCOREBOARD MATCH: wdata passthrough beat=44 expected = f19150a43f1b54f5, actual =f19150a43f1b54f5
[845000] SCOREBOARD MATCH: wdata passthrough beat=45 expected = a3db1fde1d76569, actual =a3db1fde1d76569
[845000] SCOREBOARD MATCH: wdata passthrough beat=46 expected = f170ad7b8a4aa1b2, actual =f170ad7b8a4aa1b2
[845000] SCOREBOARD MATCH: wdata passthrough beat=47 expected = c965f6a7901d5aff, actual =c965f6a7901d5aff
[845000] SCOREBOARD MATCH: wdata passthrough beat=48 expected = f1f4c069e301fe1f, actual =f1f4c069e301fe1f
[845000] SCOREBOARD MATCH: wdata passthrough beat=49 expected = ed4c9fd2d3a3a8a4, actual =ed4c9fd2d3a3a8a4
[845000] SCOREBOARD MATCH: wdata passthrough beat=50 expected = e3c103a4e3656de4, actual =e3c103a4e3656de4
[845000] SCOREBOARD MATCH: wdata passthrough beat=51 expected = c6676c03b6b29679, actual =c6676c03b6b29679
[845000] SCOREBOARD MATCH: wdata passthrough beat=52 expected = a563f1ed5b5c40d, actual =a563f1ed5b5c40d
[845000] SCOREBOARD MATCH: wdata passthrough beat=53 expected = 391b31f1b3b40bd5, actual =391b31f1b3b40bd5
[845000] SCOREBOARD MATCH: wdata passthrough beat=54 expected = ea66a24fee1742c2, actual =ea66a24fee1742c2
[845000] SCOREBOARD MATCH: wdata passthrough beat=55 expected = c3cd06cfff829df4, actual =c3cd06cfff829df4
[845000] SCOREBOARD MATCH: wdata passthrough beat=56 expected = 3336a9caf4bce16d, actual =3336a9caf4bce16d
[845000] SCOREBOARD MATCH: wdata passthrough beat=57 expected = e2d4242ffce838c0, actual =e2d4242ffce838c0
[845000] SCOREBOARD MATCH: wdata passthrough beat=58 expected = fc6ad6b41d9d4c19, actual =fc6ad6b41d9d4c19
[845000] SCOREBOARD MATCH: wdata passthrough beat=59 expected = 125a2d8626a12afe, actual =125a2d8626a12afe
[845000] SCOREBOARD MATCH: wdata passthrough beat=60 expected = 238963beafa1807e, actual =238963beafa1807e
[845000] SCOREBOARD MATCH: wdata passthrough beat=61 expected = cd3ecc97f52e51b5, actual =cd3ecc97f52e51b5
[845000] SCOREBOARD MATCH: wdata passthrough beat=62 expected = 1bcf7cb39ff43a72, actual =1bcf7cb39ff43a72
[845000] SCOREBOARD MATCH: wstrb size check expected = 3f, actual =3f
[845000] SCOREBOARD MATCH: wstrb passthrough beat=0 expected = 1d, actual =1d
[845000] SCOREBOARD MATCH: wstrb passthrough beat=1 expected = f1, actual =f1
[845000] SCOREBOARD MATCH: wstrb passthrough beat=2 expected = 71, actual =71
[845000] SCOREBOARD MATCH: wstrb passthrough beat=3 expected = d2, actual =d2
[845000] SCOREBOARD MATCH: wstrb passthrough beat=4 expected = 88, actual =88
[845000] SCOREBOARD MATCH: wstrb passthrough beat=5 expected = e3, actual =e3
[845000] SCOREBOARD MATCH: wstrb passthrough beat=6 expected = 85, actual =85
[845000] SCOREBOARD MATCH: wstrb passthrough beat=7 expected = a6, actual =a6
[845000] SCOREBOARD MATCH: wstrb passthrough beat=8 expected = d4, actual =d4
[845000] SCOREBOARD MATCH: wstrb passthrough beat=9 expected = f6, actual =f6
[845000] SCOREBOARD MATCH: wstrb passthrough beat=10 expected = 78, actual =78
[845000] SCOREBOARD MATCH: wstrb passthrough beat=11 expected = 5d, actual =5d
[845000] SCOREBOARD MATCH: wstrb passthrough beat=12 expected = da, actual =da
[845000] SCOREBOARD MATCH: wstrb passthrough beat=13 expected = fe, actual =fe
[845000] SCOREBOARD MATCH: wstrb passthrough beat=14 expected = 3, actual =3
[845000] SCOREBOARD MATCH: wstrb passthrough beat=15 expected = ae, actual =ae
[845000] SCOREBOARD MATCH: wstrb passthrough beat=16 expected = f4, actual =f4
[845000] SCOREBOARD MATCH: wstrb passthrough beat=17 expected = 7b, actual =7b
[845000] SCOREBOARD MATCH: wstrb passthrough beat=18 expected = b, actual =b
[845000] SCOREBOARD MATCH: wstrb passthrough beat=19 expected = ce, actual =ce
[845000] SCOREBOARD MATCH: wstrb passthrough beat=20 expected = 79, actual =79
[845000] SCOREBOARD MATCH: wstrb passthrough beat=21 expected = e, actual =e
[845000] SCOREBOARD MATCH: wstrb passthrough beat=22 expected = 7d, actual =7d
[845000] SCOREBOARD MATCH: wstrb passthrough beat=23 expected = 6e, actual =6e
[845000] SCOREBOARD MATCH: wstrb passthrough beat=24 expected = 8a, actual =8a
[845000] SCOREBOARD MATCH: wstrb passthrough beat=25 expected = 88, actual =88
[845000] SCOREBOARD MATCH: wstrb passthrough beat=26 expected = 3c, actual =3c
[845000] SCOREBOARD MATCH: wstrb passthrough beat=27 expected = 3, actual =3
[845000] SCOREBOARD MATCH: wstrb passthrough beat=28 expected = 97, actual =97
[845000] SCOREBOARD MATCH: wstrb passthrough beat=29 expected = b9, actual =b9
[845000] SCOREBOARD MATCH: wstrb passthrough beat=30 expected = 71, actual =71
[845000] SCOREBOARD MATCH: wstrb passthrough beat=31 expected = 21, actual =21
[845000] SCOREBOARD MATCH: wstrb passthrough beat=32 expected = 42, actual =42
[845000] SCOREBOARD MATCH: wstrb passthrough beat=33 expected = ae, actual =ae
[845000] SCOREBOARD MATCH: wstrb passthrough beat=34 expected = 24, actual =24
[845000] SCOREBOARD MATCH: wstrb passthrough beat=35 expected = d9, actual =d9
[845000] SCOREBOARD MATCH: wstrb passthrough beat=36 expected = 67, actual =67
[845000] SCOREBOARD MATCH: wstrb passthrough beat=37 expected = 96, actual =96
[845000] SCOREBOARD MATCH: wstrb passthrough beat=38 expected = fa, actual =fa
[845000] SCOREBOARD MATCH: wstrb passthrough beat=39 expected = a9, actual =a9
[845000] SCOREBOARD MATCH: wstrb passthrough beat=40 expected = 44, actual =44
[845000] SCOREBOARD MATCH: wstrb passthrough beat=41 expected = 1e, actual =1e
[845000] SCOREBOARD MATCH: wstrb passthrough beat=42 expected = 82, actual =82
[845000] SCOREBOARD MATCH: wstrb passthrough beat=43 expected = ab, actual =ab
[845000] SCOREBOARD MATCH: wstrb passthrough beat=44 expected = b4, actual =b4
[845000] SCOREBOARD MATCH: wstrb passthrough beat=45 expected = 7c, actual =7c
[845000] SCOREBOARD MATCH: wstrb passthrough beat=46 expected = 55, actual =55
[845000] SCOREBOARD MATCH: wstrb passthrough beat=47 expected = f8, actual =f8
[845000] SCOREBOARD MATCH: wstrb passthrough beat=48 expected = 9b, actual =9b
[845000] SCOREBOARD MATCH: wstrb passthrough beat=49 expected = d7, actual =d7
[845000] SCOREBOARD MATCH: wstrb passthrough beat=50 expected = a4, actual =a4
[845000] SCOREBOARD MATCH: wstrb passthrough beat=51 expected = 4f, actual =4f
[845000] SCOREBOARD MATCH: wstrb passthrough beat=52 expected = 54, actual =54
[845000] SCOREBOARD MATCH: wstrb passthrough beat=53 expected = f9, actual =f9
[845000] SCOREBOARD MATCH: wstrb passthrough beat=54 expected = 48, actual =48
[845000] SCOREBOARD MATCH: wstrb passthrough beat=55 expected = ef, actual =ef
[845000] SCOREBOARD MATCH: wstrb passthrough beat=56 expected = d0, actual =d0
[845000] SCOREBOARD MATCH: wstrb passthrough beat=57 expected = ec, actual =ec
[845000] SCOREBOARD MATCH: wstrb passthrough beat=58 expected = 3e, actual =3e
[845000] SCOREBOARD MATCH: wstrb passthrough beat=59 expected = 24, actual =24
[845000] SCOREBOARD MATCH: wstrb passthrough beat=60 expected = e5, actual =e5
[845000] SCOREBOARD MATCH: wstrb passthrough beat=61 expected = 86, actual =86
[845000] SCOREBOARD MATCH: wstrb passthrough beat=62 expected = 13, actual =13
[845000] SCOREBOARD MATCH: bresp passthrough expected = 0, actual =0
[845000] SCOREBOARD MATCH: response routed to correct master (write) expected = 1, actual =1
[845000] [SCOREBOARD-M] mst_id=1 s_id=0 awaddr=45d50c8 awid=1101 awlen=62 awsize=1 awburst=1 wdata=[ffe0dee422016e01 d7c930aadc585067 ab9195a59d84fc38 bf866a393ec3ef72 9b1c3fd9ab727489 c8f770c2174f9ae4 d6138a56c6add57f f2204a08887ddafb 9fcd75dff12fca2f b7dd9faebb17baca c39595c6f5e10035 e710ca6529fde9b7 e515a481e3630ba5 d9440bdb9eee6a13 c8ec53caa8ab3a47 c0e45edc054d640 df4340532e01f84c d6ad3293e55251c8 25a72808282f941e d6318c6ae2bb7880 c80dca4884ea685b ad19fc79acdebefd f9a377eedb4f250 f29f5aac834b88e3 302a47e1d7a801c6 c55cf4179fb95725 2304e0093fc47f5f 976c812537fc4ec3 d7b5a5e8d32f27ea 12f3a749dcc9753c 94c5c3fffaba85f1 cde9addbaa60286e 7299dabec7b69e8 e735efd9e0dd5524 b3d7d939bef61aa 886acb92351f9db5 95fcf2d912671b3e ae567ce8efa0bb6c 24c05921a13a706c b3a18baa36c1487b 266203e7babd4bfa dbf7bc67e1f80893 18b9510ecb225d08 85dfa9028f994811 f19150a43f1b54f5 a3db1fde1d76569 f170ad7b8a4aa1b2 c965f6a7901d5aff f1f4c069e301fe1f ed4c9fd2d3a3a8a4 e3c103a4e3656de4 c6676c03b6b29679 a563f1ed5b5c40d 391b31f1b3b40bd5 ea66a24fee1742c2 c3cd06cfff829df4 3336a9caf4bce16d e2d4242ffce838c0 fc6ad6b41d9d4c19 125a2d8626a12afe 238963beafa1807e cd3ecc97f52e51b5 1bcf7cb39ff43a72 ] wstrb=[1d f1 71 d2 88 e3 85 a6 d4 f6 78 5d da fe 3 ae f4 7b b ce 79 e 7d 6e 8a 88 3c 3 97 b9 71 21 42 ae 24 d9 67 96 fa a9 44 1e 82 ab b4 7c 55 f8 9b d7 a4 4f 54 f9 48 ef d0 ec 3e 24 e5 86 13 ] bresp=0 bid=1101
[845000] [SCOREBOARD-S] mst_id=1 s_id=0 awaddr=45d50c8 awid=1101 awlen=62 awsize=1 awburst=1 wdata=[ffe0dee422016e01 d7c930aadc585067 ab9195a59d84fc38 bf866a393ec3ef72 9b1c3fd9ab727489 c8f770c2174f9ae4 d6138a56c6add57f f2204a08887ddafb 9fcd75dff12fca2f b7dd9faebb17baca c39595c6f5e10035 e710ca6529fde9b7 e515a481e3630ba5 d9440bdb9eee6a13 c8ec53caa8ab3a47 c0e45edc054d640 df4340532e01f84c d6ad3293e55251c8 25a72808282f941e d6318c6ae2bb7880 c80dca4884ea685b ad19fc79acdebefd f9a377eedb4f250 f29f5aac834b88e3 302a47e1d7a801c6 c55cf4179fb95725 2304e0093fc47f5f 976c812537fc4ec3 d7b5a5e8d32f27ea 12f3a749dcc9753c 94c5c3fffaba85f1 cde9addbaa60286e 7299dabec7b69e8 e735efd9e0dd5524 b3d7d939bef61aa 886acb92351f9db5 95fcf2d912671b3e ae567ce8efa0bb6c 24c05921a13a706c b3a18baa36c1487b 266203e7babd4bfa dbf7bc67e1f80893 18b9510ecb225d08 85dfa9028f994811 f19150a43f1b54f5 a3db1fde1d76569 f170ad7b8a4aa1b2 c965f6a7901d5aff f1f4c069e301fe1f ed4c9fd2d3a3a8a4 e3c103a4e3656de4 c6676c03b6b29679 a563f1ed5b5c40d 391b31f1b3b40bd5 ea66a24fee1742c2 c3cd06cfff829df4 3336a9caf4bce16d e2d4242ffce838c0 fc6ad6b41d9d4c19 125a2d8626a12afe 238963beafa1807e cd3ecc97f52e51b5 1bcf7cb39ff43a72 ] wstrb=[1d f1 71 d2 88 e3 85 a6 d4 f6 78 5d da fe 3 ae f4 7b b ce 79 e 7d 6e 8a 88 3c 3 97 b9 71 21 42 ae 24 d9 67 96 fa a9 44 1e 82 ab b4 7c 55 f8 9b d7 a4 4f 54 f9 48 ef d0 ec 3e 24 e5 86 13 ] bresp=0 bid=11101
[845000] SCOREBOARD: Transaction 3 received. pass=183 fail=0
[845000] ALL PASS. Total transactions: 3
[845000] SCOREBOARD MATCH: decode_err expected = 0, actual =0
[845000] SCOREBOARD MATCH: slave_id expected = 1, actual =1
[845000] SCOREBOARD MATCH: araddr passthrough expected = 174ec640, actual =174ec640
[845000] SCOREBOARD MATCH: arlen passthrough expected = 1, actual =1
[845000] SCOREBOARD MATCH: arsize passthrough expected = 3, actual =3
[845000] SCOREBOARD MATCH: arburst passthrough expected = 1, actual =1
[845000] SCOREBOARD MATCH: rdata size check expected = 2, actual =2
[845000] SCOREBOARD MATCH: rdata passthrough beat=0 expected = baadf00d12345678, actual =baadf00d12345678
[845000] SCOREBOARD MATCH: rdata passthrough beat=1 expected = baadf00d12345678, actual =baadf00d12345678
[845000] SCOREBOARD MATCH: rresp size check expected = 2, actual =2
[845000] SCOREBOARD MATCH: rresp passthrough beat=0 expected = 0, actual =0
[845000] SCOREBOARD MATCH: rresp passthrough beat=1 expected = 0, actual =0
[845000] SCOREBOARD MATCH: response routed to correct master (read beat 0) expected = 1, actual =1
[845000] SCOREBOARD MATCH: response routed to correct master (read beat 1) expected = 1, actual =1
[845000] [SCOREBOARD-M] READ mst_id=1 s_id=1 araddr=174ec640 arid=2 arlen=1 arsize=3 arburst=1 rid=[22] rresp=[00] rdata=[baadf00d12345678baadf00d12345678]
[845000] [SCOREBOARD-S] READ mst_id=1 s_id=1 araddr=174ec640 arid=2 arlen=1 arsize=3 arburst=1 rid=[1212] rresp=[00] rdata=[baadf00d12345678baadf00d12345678]
[845000] SCOREBOARD: Transaction 4 received. pass=197 fail=0
[845000] ALL PASS. Total transactions: 4
[865000] MASTER 1 R_VALID_RDY Handshake beat=0 rlast=0
[875000] MASTER 1 R_VALID_RDY Handshake beat=1 rlast=1
[875000] [MASTER MONITOR] READ mst_id=1 s_id=1 araddr=18cae138 arid=3 arlen=1 arsize=3 arburst=1 rid=[33] rresp=[00] rdata=[baadf00d12345678baadf00d12345678]
[875000] [MASTER DRIVER] READ mst_id=1 s_id=0 araddr=18cae138 arid=3 arlen=1 arsize=3 arburst=1 rid=[33] rresp=[00] rdata=[baadf00d12345678baadf00d12345678]
[875000] SCOREBOARD MATCH: decode_err expected = 0, actual =0
[875000] SCOREBOARD MATCH: slave_id expected = 1, actual =1
[875000] SCOREBOARD MATCH: araddr passthrough expected = 18cae138, actual =18cae138
[875000] SCOREBOARD MATCH: arlen passthrough expected = 1, actual =1
[875000] SCOREBOARD MATCH: arsize passthrough expected = 3, actual =3
[875000] SCOREBOARD MATCH: arburst passthrough expected = 1, actual =1
[875000] SCOREBOARD MATCH: rdata size check expected = 2, actual =2
[875000] SCOREBOARD MATCH: rdata passthrough beat=0 expected = baadf00d12345678, actual =baadf00d12345678
[875000] SCOREBOARD MATCH: rdata passthrough beat=1 expected = baadf00d12345678, actual =baadf00d12345678
[875000] SCOREBOARD MATCH: rresp size check expected = 2, actual =2
[875000] SCOREBOARD MATCH: rresp passthrough beat=0 expected = 0, actual =0
[875000] SCOREBOARD MATCH: rresp passthrough beat=1 expected = 0, actual =0
[875000] SCOREBOARD MATCH: response routed to correct master (read beat 0) expected = 1, actual =1
[875000] SCOREBOARD MATCH: response routed to correct master (read beat 1) expected = 1, actual =1
[875000] [SCOREBOARD-M] READ mst_id=1 s_id=1 araddr=18cae138 arid=3 arlen=1 arsize=3 arburst=1 rid=[33] rresp=[00] rdata=[baadf00d12345678baadf00d12345678]
[875000] [SCOREBOARD-S] READ mst_id=1 s_id=1 araddr=18cae138 arid=3 arlen=1 arsize=3 arburst=1 rid=[1313] rresp=[00] rdata=[baadf00d12345678baadf00d12345678]
[875000] SCOREBOARD: Transaction 5 received. pass=211 fail=0
[875000] SCOREBOARD: Expected 5 transactions completed, PASS=211 FAIL=0
[875000] ALL PASS. Total transactions: 5
[875000] ALL TRANSACTIONS MONITORED
$finish called at time : 895 ns : File "/home/nashita/Desktop/practice/axi_xbar/tb/top/axi_tb_top.sv" Line 220
exit
INFO: xsimkernel Simulation Memory Usage: 289464 KB (Peak: 337864 KB), Simulation CPU Usage: 1180 ms
INFO: [Common 17-206] Exiting xsim at Thu Sep 10 18:32:47 2026...
