#-----------------------------------------------------------
# xsim v2025.2 (64-bit)
# SW Build 6299465 on Fri Nov 14 12:34:56 MST 2025
# IP Build 6300035 on Fri Nov 14 10:48:45 MST 2025
# SharedData Build 6298862 on Thu Nov 13 04:50:51 MST 2025
# Start of session at: Thu Sep 10 18:29:08 2026
# Process ID         : 3629979
# Current directory  : /home/nashita/Desktop/practice/axi_xbar/sim
# Command line       : xsim -log regress_results/BT_run242.log -mode tcl -source {xsim.dir/tb_top_snap/xsim_script.tcl}
# Log file           : /home/nashita/Desktop/practice/axi_xbar/sim/regress_results/BT_run242.log
# Journal file       : /home/nashita/Desktop/practice/axi_xbar/sim/xsim.jou
# Running On         : vlsi-vivado
# Platform           : Ubuntu
# Operating System   : Ubuntu 24.04.4 LTS
# Processor Detail   : Intel(R) Core(TM) i5-10400 CPU @ 2.90GHz
# CPU Frequency      : 3999.993 MHz
# CPU Physical cores : 6
# CPU Logical cores  : 12
# Host memory        : 41875 MB
# Swap memory        : 27648 MB
# Total Virtual      : 69524 MB
# Available Virtual  : 62841 MB
#-----------------------------------------------------------
source xsim.dir/tb_top_snap/xsim_script.tcl
# xsim {tb_top_snap} -testplusarg BT -autoloadwcfg -runall -sv_seed 243
Time resolution is 1 ps
run -all
[0] RUNNING BASE TEST
[0] INSIDE THE BASE TEST CONSTRUCTOR
[0] ENV: before agent
[0] SLAVE CONSTRUCTED
[0] MASTER MONITOR CONSTRUCTED
[0] MASTER MONITOR CONSTRUCTED
[0] SLAVE MONITOR CONSTRUCTED
[0] SLAVE MONITOR CONSTRUCTED
[0] ARB MONITOR CONSTRUCTED
GENERATOR CONSTRUCTED
[0] ENV: after agent
[0] ENV: before scoreboard
[0] ENV: after scoreboard
[15000] [SEQUENCER] mst_id=1 s_id=0 awaddr=4438dd8 awid=1110 awlen=95 awsize=3 awburst=1 wdata=[9f0f54b21ac03178 29b7f4d2e270c730 bd3c8e340cac3805 276c697d1140328b f3b0f9bbdc4be2e7 e8f81aecd1245e4f e26490dab0ed87ef 8d396ad610648469 e188e2b8d6158a95 87031284f63185c2 86960a2bc3ed7392 1a02fe27143c7d5b 8a6e031de81eece3 ac0c6075a10610ab b5428e0611040d49 f922fa2cc60f5e9c e7156f483fb09124 d0b49e6d252f5aa2 eb3eb93e9c57fd4e dc088e72c9d79899 ef06f33bd2542886 eeac25d5acbd2cdf f694c579da45ac7a ac99d500cab4b447 f771e127e59bb8b4 bfe1652e9b45fad5 e5faaf1dee06a6a0 d3a25f54ec7b3a2f 87c13504dd6c9044 cb7336e41383c483 fffefeb2edbbe421 cb2874659f159638 b2995abb87c033b6 f57c17d8969bab49 35b14182b298596d 3a588d24c0a48c3d d7403787e84a9c3d 1ae2f5ab2fd4a4fc f07931390cf17909 f53c1546d53b82cf 51027cbc7b968c0 d4aae1c9901f0af1 e55a8dc0f5895904 3d42c1c5c9e6f710 da060201ea6ab58b dff40e9091eda38e dbd49a9e3f608fc2 a9cb454d1d36d055 af2473e335da9ca0 f53b2c6289bf53dd a6f624320af90e82 c0d3ab229f0671af 28c5c58dd61a9816 e113a698360ed784 d5154933cfbbe9bf a5d681d521e751ba d7f6293efddb0ec0 cd96f88086ea286d a8d17a27ad0b7271 2ae68132f36d7a55 fa57a2c380c7a365 2dd315d7f87d79b2 ebeaf407a3291cea 23f0c050d8b99709 d13710bbe64296ca 96bb3b5d1c3d627 2a7d6d30bd2204c2 23649b8d2d5c7405 ff204a2cfbb47deb b8d682ad2cd04f42 da2cc347299db75c 25523547dc3b1e3a 890b6d7cd94d0d73 2eac4cfde28b7f4 3a63d62fe33830c3 bc853e36283cfa16 8665b20ac36f43ab 26a7746fbf700305 e7acfd1bc0c98839 438cbe5e32cb2a5 229cb5abee12af26 aedc375f2ae04054 8e0cf2f98a49b2c6 f85c61ecb3150344 ddf54398b0a9a8a4 3af35b6b2738994c da4d9c90ec023692 9cabdf36b34fbd57 da8856a33842e029 244516bbd79f3aa1 aeef7f934d5f334 ed18d35dc0f0f5f1 18903093e5774e9c 9a4d41d0115dea18 d24ee009237f288c 88f677288766152d ] wstrb=[9c 45 f9 28 4f 26 51 eb 6c 4a 14 bb 70 65 a6 dc af ba 97 1f 1f 3e fc ce f8 93 ee 18 d1 ea e6 ca 7d d4 e2 4f be c8 19 3c 9d fb 8b 5b c3 a4 97 60 9f 22 bc 62 c6 53 c3 65 76 7f c8 3c d2 8b a2 48 a 6a 85 dc f5 27 25 ff 91 aa db 86 d1 0 85 62 aa 60 e8 7b 61 6d dd b cd c5 87 2e 32 64 3a 0 ] bresp=0 bid=0
[15000] [SEQUENCER] READ mst_id=1 s_id=0 araddr=196d5c38 arid=1 arlen=1 arsize=3 arburst=1 rid=[] rresp=[] rdata=[]
[15000] [SEQUENCER] mst_id=1 s_id=0 awaddr=e9d8ee8 awid=111 awlen=9 awsize=2 awburst=2 wdata=[eb4d1dfac2694953 d8728856da5bc246 ec094f14dac06104 9d29aa57e45c36ee 3eb7f934d7566d0e b216ce12f59c32ae d9f8699c2ac14848 8217b556cf40786a c4dcab1818b062d0 c371ab18342e8369 ] wstrb=[b4 d3 6e 84 eb d7 9c 9f aa a ] bresp=0 bid=0
[15000] [SEQUENCER] READ mst_id=1 s_id=0 araddr=98e6428 arid=3 arlen=1 arsize=3 arburst=1 rid=[] rresp=[] rdata=[]
[15000] [SEQUENCER] READ mst_id=0 s_id=0 araddr=1783a160 arid=0 arlen=1 arsize=3 arburst=1 rid=[] rresp=[] rdata=[]
[15000] MASTER_DRIVER1 received transaction, op=AXI_WRITE
[15000] MASTER_DRIVER0 received transaction, op=AXI_READ
[35000] MASTER 1 AW_VALID_RDY Handshake
[45000] ARB MONITOR: slave=0 m0_req=0 m1_req=1 winner=1
[45000] ARB MONITOR: slave=1 m0_req=1 m1_req=0 winner=0
[45000] AXI S0_ARVALID_RDY HANDSHAKE
[45000] MEMORY READ MISS beat=0 addr=1783a160 -> default data id=0
[45000] AXI S0_AWVALID_RDY HANDSHAKE
[55000] MEMORY READ MISS beat=1 addr=1783a168 -> default data id=0
[55000] SLAVE 1 R_VALID_RDY Handshake beat=0 rlast=0
[55000] MASTER 1 W_VALID_RDY Handshake beat=0 wlast=0
[65000] MASTER 1 W_VALID_RDY Handshake beat=1 wlast=0
[65000] SLAVE 1 R_VALID_RDY Handshake beat=1 rlast=1
[65000] [SLAVE MONITOR] READ mst_id=0 s_id=1 araddr=1783a160 arid=0 arlen=1 arsize=3 arburst=1 rid=[00] rresp=[00] rdata=[baadf00d12345678baadf00d12345678]
[65000] AXI S0_WVALID_RDY HANDSHAKE
[65000] S0 MEMORY WRITE beat=0 addr=04438dd8 data=9f0f54b21ac03178 id=1e
[75000] AXI S0_WVALID_RDY HANDSHAKE
[75000] S0 MEMORY WRITE beat=1 addr=04438de0 data=29b7f4d2e270c730 id=1e
[75000] MASTER 1 W_VALID_RDY Handshake beat=2 wlast=0
[75000] MASTER 0 R_VALID_RDY Handshake beat=0 rlast=0
[85000] [MASTER DRIVER] READ mst_id=0 s_id=0 araddr=1783a160 arid=0 arlen=1 arsize=3 arburst=1 rid=[00] rresp=[00] rdata=[baadf00d12345678baadf00d12345678]
[85000] MASTER 0 R_VALID_RDY Handshake beat=1 rlast=1
[85000] [MASTER MONITOR] READ mst_id=0 s_id=1 araddr=1783a160 arid=0 arlen=1 arsize=3 arburst=1 rid=[00] rresp=[00] rdata=[baadf00d12345678baadf00d12345678]
[85000] MASTER 1 W_VALID_RDY Handshake beat=3 wlast=0
[85000] AXI S0_WVALID_RDY HANDSHAKE
[85000] S0 MEMORY WRITE beat=2 addr=04438de8 data=bd3c8e340cac3805 id=1e
[85000] SCOREBOARD MATCH: decode_err expected = 0, actual =0
[85000] SCOREBOARD MATCH: slave_id expected = 1, actual =1
[85000] SCOREBOARD MATCH: araddr passthrough expected = 1783a160, actual =1783a160
[85000] SCOREBOARD MATCH: arlen passthrough expected = 1, actual =1
[85000] SCOREBOARD MATCH: arsize passthrough expected = 3, actual =3
[85000] SCOREBOARD MATCH: arburst passthrough expected = 1, actual =1
[85000] SCOREBOARD MATCH: rdata size check expected = 2, actual =2
[85000] SCOREBOARD MATCH: rdata passthrough beat=0 expected = baadf00d12345678, actual =baadf00d12345678
[85000] SCOREBOARD MATCH: rdata passthrough beat=1 expected = baadf00d12345678, actual =baadf00d12345678
[85000] SCOREBOARD MATCH: rresp size check expected = 2, actual =2
[85000] SCOREBOARD MATCH: rresp passthrough beat=0 expected = 0, actual =0
[85000] SCOREBOARD MATCH: rresp passthrough beat=1 expected = 0, actual =0
[85000] SCOREBOARD MATCH: response routed to correct master (read beat 0) expected = 0, actual =0
[85000] SCOREBOARD MATCH: response routed to correct master (read beat 1) expected = 0, actual =0
[85000] [SCOREBOARD-M] READ mst_id=0 s_id=1 araddr=1783a160 arid=0 arlen=1 arsize=3 arburst=1 rid=[00] rresp=[00] rdata=[baadf00d12345678baadf00d12345678]
[85000] [SCOREBOARD-S] READ mst_id=0 s_id=1 araddr=1783a160 arid=0 arlen=1 arsize=3 arburst=1 rid=[00] rresp=[00] rdata=[baadf00d12345678baadf00d12345678]
[85000] SCOREBOARD: Transaction 1 received. pass=14 fail=0
[85000] ALL PASS. Total transactions: 1
[95000] AXI S0_WVALID_RDY HANDSHAKE
[95000] S0 MEMORY WRITE beat=3 addr=04438df0 data=276c697d1140328b id=1e
[95000] MASTER 1 W_VALID_RDY Handshake beat=4 wlast=0
[105000] MASTER 1 W_VALID_RDY Handshake beat=5 wlast=0
[105000] AXI S0_WVALID_RDY HANDSHAKE
[105000] S0 MEMORY WRITE beat=4 addr=04438df8 data=f3b0f9bbdc4be2e7 id=1e
[115000] AXI S0_WVALID_RDY HANDSHAKE
[115000] S0 MEMORY WRITE beat=5 addr=04438e00 data=e8f81aecd1245e4f id=1e
[115000] MASTER 1 W_VALID_RDY Handshake beat=6 wlast=0
[125000] MASTER 1 W_VALID_RDY Handshake beat=7 wlast=0
[125000] AXI S0_WVALID_RDY HANDSHAKE
[125000] S0 MEMORY WRITE beat=6 addr=04438e08 data=e26490dab0ed87ef id=1e
[135000] AXI S0_WVALID_RDY HANDSHAKE
[135000] S0 MEMORY WRITE beat=7 addr=04438e10 data=8d396ad610648469 id=1e
[135000] MASTER 1 W_VALID_RDY Handshake beat=8 wlast=0
[145000] MASTER 1 W_VALID_RDY Handshake beat=9 wlast=0
[145000] AXI S0_WVALID_RDY HANDSHAKE
[145000] S0 MEMORY WRITE beat=8 addr=04438e18 data=e188e2b8d6158a95 id=1e
[155000] AXI S0_WVALID_RDY HANDSHAKE
[155000] S0 MEMORY WRITE beat=9 addr=04438e20 data=87031284f63185c2 id=1e
[155000] MASTER 1 W_VALID_RDY Handshake beat=10 wlast=0
[165000] MASTER 1 W_VALID_RDY Handshake beat=11 wlast=0
[165000] AXI S0_WVALID_RDY HANDSHAKE
[165000] S0 MEMORY WRITE beat=10 addr=04438e28 data=86960a2bc3ed7392 id=1e
[175000] AXI S0_WVALID_RDY HANDSHAKE
[175000] S0 MEMORY WRITE beat=11 addr=04438e30 data=1a02fe27143c7d5b id=1e
[175000] MASTER 1 W_VALID_RDY Handshake beat=12 wlast=0
[185000] MASTER 1 W_VALID_RDY Handshake beat=13 wlast=0
[185000] AXI S0_WVALID_RDY HANDSHAKE
[185000] S0 MEMORY WRITE beat=12 addr=04438e38 data=8a6e031de81eece3 id=1e
[195000] AXI S0_WVALID_RDY HANDSHAKE
[195000] S0 MEMORY WRITE beat=13 addr=04438e40 data=ac0c6075a10610ab id=1e
[195000] MASTER 1 W_VALID_RDY Handshake beat=14 wlast=0
[205000] MASTER 1 W_VALID_RDY Handshake beat=15 wlast=0
[205000] AXI S0_WVALID_RDY HANDSHAKE
[205000] S0 MEMORY WRITE beat=14 addr=04438e48 data=b5428e0611040d49 id=1e
[215000] AXI S0_WVALID_RDY HANDSHAKE
[215000] S0 MEMORY WRITE beat=15 addr=04438e50 data=f922fa2cc60f5e9c id=1e
[215000] MASTER 1 W_VALID_RDY Handshake beat=16 wlast=0
[225000] MASTER 1 W_VALID_RDY Handshake beat=17 wlast=0
[225000] AXI S0_WVALID_RDY HANDSHAKE
[225000] S0 MEMORY WRITE beat=16 addr=04438e58 data=e7156f483fb09124 id=1e
[235000] AXI S0_WVALID_RDY HANDSHAKE
[235000] S0 MEMORY WRITE beat=17 addr=04438e60 data=d0b49e6d252f5aa2 id=1e
[235000] MASTER 1 W_VALID_RDY Handshake beat=18 wlast=0
[245000] MASTER 1 W_VALID_RDY Handshake beat=19 wlast=0
[245000] AXI S0_WVALID_RDY HANDSHAKE
[245000] S0 MEMORY WRITE beat=18 addr=04438e68 data=eb3eb93e9c57fd4e id=1e
[255000] AXI S0_WVALID_RDY HANDSHAKE
[255000] S0 MEMORY WRITE beat=19 addr=04438e70 data=dc088e72c9d79899 id=1e
[255000] MASTER 1 W_VALID_RDY Handshake beat=20 wlast=0
[265000] MASTER 1 W_VALID_RDY Handshake beat=21 wlast=0
[265000] AXI S0_WVALID_RDY HANDSHAKE
[265000] S0 MEMORY WRITE beat=20 addr=04438e78 data=ef06f33bd2542886 id=1e
[275000] AXI S0_WVALID_RDY HANDSHAKE
[275000] S0 MEMORY WRITE beat=21 addr=04438e80 data=eeac25d5acbd2cdf id=1e
[275000] MASTER 1 W_VALID_RDY Handshake beat=22 wlast=0
[285000] MASTER 1 W_VALID_RDY Handshake beat=23 wlast=0
[285000] AXI S0_WVALID_RDY HANDSHAKE
[285000] S0 MEMORY WRITE beat=22 addr=04438e88 data=f694c579da45ac7a id=1e
[295000] AXI S0_WVALID_RDY HANDSHAKE
[295000] S0 MEMORY WRITE beat=23 addr=04438e90 data=ac99d500cab4b447 id=1e
[295000] MASTER 1 W_VALID_RDY Handshake beat=24 wlast=0
[305000] MASTER 1 W_VALID_RDY Handshake beat=25 wlast=0
[305000] AXI S0_WVALID_RDY HANDSHAKE
[305000] S0 MEMORY WRITE beat=24 addr=04438e98 data=f771e127e59bb8b4 id=1e
[315000] AXI S0_WVALID_RDY HANDSHAKE
[315000] S0 MEMORY WRITE beat=25 addr=04438ea0 data=bfe1652e9b45fad5 id=1e
[315000] MASTER 1 W_VALID_RDY Handshake beat=26 wlast=0
[325000] MASTER 1 W_VALID_RDY Handshake beat=27 wlast=0
[325000] AXI S0_WVALID_RDY HANDSHAKE
[325000] S0 MEMORY WRITE beat=26 addr=04438ea8 data=e5faaf1dee06a6a0 id=1e
[335000] AXI S0_WVALID_RDY HANDSHAKE
[335000] S0 MEMORY WRITE beat=27 addr=04438eb0 data=d3a25f54ec7b3a2f id=1e
[335000] MASTER 1 W_VALID_RDY Handshake beat=28 wlast=0
[345000] MASTER 1 W_VALID_RDY Handshake beat=29 wlast=0
[345000] AXI S0_WVALID_RDY HANDSHAKE
[345000] S0 MEMORY WRITE beat=28 addr=04438eb8 data=87c13504dd6c9044 id=1e
[355000] AXI S0_WVALID_RDY HANDSHAKE
[355000] S0 MEMORY WRITE beat=29 addr=04438ec0 data=cb7336e41383c483 id=1e
[355000] MASTER 1 W_VALID_RDY Handshake beat=30 wlast=0
[365000] MASTER 1 W_VALID_RDY Handshake beat=31 wlast=0
[365000] AXI S0_WVALID_RDY HANDSHAKE
[365000] S0 MEMORY WRITE beat=30 addr=04438ec8 data=fffefeb2edbbe421 id=1e
[375000] AXI S0_WVALID_RDY HANDSHAKE
[375000] S0 MEMORY WRITE beat=31 addr=04438ed0 data=cb2874659f159638 id=1e
[375000] MASTER 1 W_VALID_RDY Handshake beat=32 wlast=0
[385000] MASTER 1 W_VALID_RDY Handshake beat=33 wlast=0
[385000] AXI S0_WVALID_RDY HANDSHAKE
[385000] S0 MEMORY WRITE beat=32 addr=04438ed8 data=b2995abb87c033b6 id=1e
[395000] AXI S0_WVALID_RDY HANDSHAKE
[395000] S0 MEMORY WRITE beat=33 addr=04438ee0 data=f57c17d8969bab49 id=1e
[395000] MASTER 1 W_VALID_RDY Handshake beat=34 wlast=0
[405000] MASTER 1 W_VALID_RDY Handshake beat=35 wlast=0
[405000] AXI S0_WVALID_RDY HANDSHAKE
[405000] S0 MEMORY WRITE beat=34 addr=04438ee8 data=35b14182b298596d id=1e
[415000] AXI S0_WVALID_RDY HANDSHAKE
[415000] S0 MEMORY WRITE beat=35 addr=04438ef0 data=3a588d24c0a48c3d id=1e
[415000] MASTER 1 W_VALID_RDY Handshake beat=36 wlast=0
[425000] MASTER 1 W_VALID_RDY Handshake beat=37 wlast=0
[425000] AXI S0_WVALID_RDY HANDSHAKE
[425000] S0 MEMORY WRITE beat=36 addr=04438ef8 data=d7403787e84a9c3d id=1e
[435000] AXI S0_WVALID_RDY HANDSHAKE
[435000] S0 MEMORY WRITE beat=37 addr=04438f00 data=1ae2f5ab2fd4a4fc id=1e
[435000] MASTER 1 W_VALID_RDY Handshake beat=38 wlast=0
[445000] MASTER 1 W_VALID_RDY Handshake beat=39 wlast=0
[445000] AXI S0_WVALID_RDY HANDSHAKE
[445000] S0 MEMORY WRITE beat=38 addr=04438f08 data=f07931390cf17909 id=1e
[455000] AXI S0_WVALID_RDY HANDSHAKE
[455000] S0 MEMORY WRITE beat=39 addr=04438f10 data=f53c1546d53b82cf id=1e
[455000] MASTER 1 W_VALID_RDY Handshake beat=40 wlast=0
[465000] MASTER 1 W_VALID_RDY Handshake beat=41 wlast=0
[465000] AXI S0_WVALID_RDY HANDSHAKE
[465000] S0 MEMORY WRITE beat=40 addr=04438f18 data=051027cbc7b968c0 id=1e
[475000] AXI S0_WVALID_RDY HANDSHAKE
[475000] S0 MEMORY WRITE beat=41 addr=04438f20 data=d4aae1c9901f0af1 id=1e
[475000] MASTER 1 W_VALID_RDY Handshake beat=42 wlast=0
[485000] MASTER 1 W_VALID_RDY Handshake beat=43 wlast=0
[485000] AXI S0_WVALID_RDY HANDSHAKE
[485000] S0 MEMORY WRITE beat=42 addr=04438f28 data=e55a8dc0f5895904 id=1e
[495000] AXI S0_WVALID_RDY HANDSHAKE
[495000] S0 MEMORY WRITE beat=43 addr=04438f30 data=3d42c1c5c9e6f710 id=1e
[495000] MASTER 1 W_VALID_RDY Handshake beat=44 wlast=0
[505000] MASTER 1 W_VALID_RDY Handshake beat=45 wlast=0
[505000] AXI S0_WVALID_RDY HANDSHAKE
[505000] S0 MEMORY WRITE beat=44 addr=04438f38 data=da060201ea6ab58b id=1e
[515000] AXI S0_WVALID_RDY HANDSHAKE
[515000] S0 MEMORY WRITE beat=45 addr=04438f40 data=dff40e9091eda38e id=1e
[515000] MASTER 1 W_VALID_RDY Handshake beat=46 wlast=0
[525000] MASTER 1 W_VALID_RDY Handshake beat=47 wlast=0
[525000] AXI S0_WVALID_RDY HANDSHAKE
[525000] S0 MEMORY WRITE beat=46 addr=04438f48 data=dbd49a9e3f608fc2 id=1e
[535000] AXI S0_WVALID_RDY HANDSHAKE
[535000] S0 MEMORY WRITE beat=47 addr=04438f50 data=a9cb454d1d36d055 id=1e
[535000] MASTER 1 W_VALID_RDY Handshake beat=48 wlast=0
[545000] MASTER 1 W_VALID_RDY Handshake beat=49 wlast=0
[545000] AXI S0_WVALID_RDY HANDSHAKE
[545000] S0 MEMORY WRITE beat=48 addr=04438f58 data=af2473e335da9ca0 id=1e
[555000] AXI S0_WVALID_RDY HANDSHAKE
[555000] S0 MEMORY WRITE beat=49 addr=04438f60 data=f53b2c6289bf53dd id=1e
[555000] MASTER 1 W_VALID_RDY Handshake beat=50 wlast=0
[565000] MASTER 1 W_VALID_RDY Handshake beat=51 wlast=0
[565000] AXI S0_WVALID_RDY HANDSHAKE
[565000] S0 MEMORY WRITE beat=50 addr=04438f68 data=a6f624320af90e82 id=1e
[575000] AXI S0_WVALID_RDY HANDSHAKE
[575000] S0 MEMORY WRITE beat=51 addr=04438f70 data=c0d3ab229f0671af id=1e
[575000] MASTER 1 W_VALID_RDY Handshake beat=52 wlast=0
[585000] MASTER 1 W_VALID_RDY Handshake beat=53 wlast=0
[585000] AXI S0_WVALID_RDY HANDSHAKE
[585000] S0 MEMORY WRITE beat=52 addr=04438f78 data=28c5c58dd61a9816 id=1e
[595000] AXI S0_WVALID_RDY HANDSHAKE
[595000] S0 MEMORY WRITE beat=53 addr=04438f80 data=e113a698360ed784 id=1e
[595000] MASTER 1 W_VALID_RDY Handshake beat=54 wlast=0
[605000] MASTER 1 W_VALID_RDY Handshake beat=55 wlast=0
[605000] AXI S0_WVALID_RDY HANDSHAKE
[605000] S0 MEMORY WRITE beat=54 addr=04438f88 data=d5154933cfbbe9bf id=1e
[615000] AXI S0_WVALID_RDY HANDSHAKE
[615000] S0 MEMORY WRITE beat=55 addr=04438f90 data=a5d681d521e751ba id=1e
[615000] MASTER 1 W_VALID_RDY Handshake beat=56 wlast=0
[625000] MASTER 1 W_VALID_RDY Handshake beat=57 wlast=0
[625000] AXI S0_WVALID_RDY HANDSHAKE
[625000] S0 MEMORY WRITE beat=56 addr=04438f98 data=d7f6293efddb0ec0 id=1e
[635000] AXI S0_WVALID_RDY HANDSHAKE
[635000] S0 MEMORY WRITE beat=57 addr=04438fa0 data=cd96f88086ea286d id=1e
[635000] MASTER 1 W_VALID_RDY Handshake beat=58 wlast=0
[645000] MASTER 1 W_VALID_RDY Handshake beat=59 wlast=0
[645000] AXI S0_WVALID_RDY HANDSHAKE
[645000] S0 MEMORY WRITE beat=58 addr=04438fa8 data=a8d17a27ad0b7271 id=1e
[655000] AXI S0_WVALID_RDY HANDSHAKE
[655000] S0 MEMORY WRITE beat=59 addr=04438fb0 data=2ae68132f36d7a55 id=1e
[655000] MASTER 1 W_VALID_RDY Handshake beat=60 wlast=0
[665000] MASTER 1 W_VALID_RDY Handshake beat=61 wlast=0
[665000] AXI S0_WVALID_RDY HANDSHAKE
[665000] S0 MEMORY WRITE beat=60 addr=04438fb8 data=fa57a2c380c7a365 id=1e
[675000] AXI S0_WVALID_RDY HANDSHAKE
[675000] S0 MEMORY WRITE beat=61 addr=04438fc0 data=2dd315d7f87d79b2 id=1e
[675000] MASTER 1 W_VALID_RDY Handshake beat=62 wlast=0
[685000] MASTER 1 W_VALID_RDY Handshake beat=63 wlast=0
[685000] AXI S0_WVALID_RDY HANDSHAKE
[685000] S0 MEMORY WRITE beat=62 addr=04438fc8 data=ebeaf407a3291cea id=1e
[695000] AXI S0_WVALID_RDY HANDSHAKE
[695000] S0 MEMORY WRITE beat=63 addr=04438fd0 data=23f0c050d8b99709 id=1e
[695000] MASTER 1 W_VALID_RDY Handshake beat=64 wlast=0
[705000] MASTER 1 W_VALID_RDY Handshake beat=65 wlast=0
[705000] AXI S0_WVALID_RDY HANDSHAKE
[705000] S0 MEMORY WRITE beat=64 addr=04438fd8 data=d13710bbe64296ca id=1e
[715000] AXI S0_WVALID_RDY HANDSHAKE
[715000] S0 MEMORY WRITE beat=65 addr=04438fe0 data=096bb3b5d1c3d627 id=1e
[715000] MASTER 1 W_VALID_RDY Handshake beat=66 wlast=0
[725000] MASTER 1 W_VALID_RDY Handshake beat=67 wlast=0
[725000] AXI S0_WVALID_RDY HANDSHAKE
[725000] S0 MEMORY WRITE beat=66 addr=04438fe8 data=2a7d6d30bd2204c2 id=1e
[735000] AXI S0_WVALID_RDY HANDSHAKE
[735000] S0 MEMORY WRITE beat=67 addr=04438ff0 data=23649b8d2d5c7405 id=1e
[735000] MASTER 1 W_VALID_RDY Handshake beat=68 wlast=0
[745000] MASTER 1 W_VALID_RDY Handshake beat=69 wlast=0
[745000] AXI S0_WVALID_RDY HANDSHAKE
[745000] S0 MEMORY WRITE beat=68 addr=04438ff8 data=ff204a2cfbb47deb id=1e
[755000] AXI S0_WVALID_RDY HANDSHAKE
[755000] S0 MEMORY WRITE beat=69 addr=04439000 data=b8d682ad2cd04f42 id=1e
[755000] MASTER 1 W_VALID_RDY Handshake beat=70 wlast=0
[765000] MASTER 1 W_VALID_RDY Handshake beat=71 wlast=0
[765000] AXI S0_WVALID_RDY HANDSHAKE
[765000] S0 MEMORY WRITE beat=70 addr=04439008 data=da2cc347299db75c id=1e
[775000] AXI S0_WVALID_RDY HANDSHAKE
[775000] S0 MEMORY WRITE beat=71 addr=04439010 data=25523547dc3b1e3a id=1e
[775000] MASTER 1 W_VALID_RDY Handshake beat=72 wlast=0
[785000] MASTER 1 W_VALID_RDY Handshake beat=73 wlast=0
[785000] AXI S0_WVALID_RDY HANDSHAKE
[785000] S0 MEMORY WRITE beat=72 addr=04439018 data=890b6d7cd94d0d73 id=1e
[795000] AXI S0_WVALID_RDY HANDSHAKE
[795000] S0 MEMORY WRITE beat=73 addr=04439020 data=02eac4cfde28b7f4 id=1e
[795000] MASTER 1 W_VALID_RDY Handshake beat=74 wlast=0
[805000] MASTER 1 W_VALID_RDY Handshake beat=75 wlast=0
[805000] AXI S0_WVALID_RDY HANDSHAKE
[805000] S0 MEMORY WRITE beat=74 addr=04439028 data=3a63d62fe33830c3 id=1e
[815000] AXI S0_WVALID_RDY HANDSHAKE
[815000] S0 MEMORY WRITE beat=75 addr=04439030 data=bc853e36283cfa16 id=1e
[815000] MASTER 1 W_VALID_RDY Handshake beat=76 wlast=0
[825000] MASTER 1 W_VALID_RDY Handshake beat=77 wlast=0
[825000] AXI S0_WVALID_RDY HANDSHAKE
[825000] S0 MEMORY WRITE beat=76 addr=04439038 data=8665b20ac36f43ab id=1e
[835000] AXI S0_WVALID_RDY HANDSHAKE
[835000] S0 MEMORY WRITE beat=77 addr=04439040 data=26a7746fbf700305 id=1e
[835000] MASTER 1 W_VALID_RDY Handshake beat=78 wlast=0
[845000] MASTER 1 W_VALID_RDY Handshake beat=79 wlast=0
[845000] AXI S0_WVALID_RDY HANDSHAKE
[845000] S0 MEMORY WRITE beat=78 addr=04439048 data=e7acfd1bc0c98839 id=1e
[855000] AXI S0_WVALID_RDY HANDSHAKE
[855000] S0 MEMORY WRITE beat=79 addr=04439050 data=0438cbe5e32cb2a5 id=1e
[855000] MASTER 1 W_VALID_RDY Handshake beat=80 wlast=0
[865000] MASTER 1 W_VALID_RDY Handshake beat=81 wlast=0
[865000] AXI S0_WVALID_RDY HANDSHAKE
[865000] S0 MEMORY WRITE beat=80 addr=04439058 data=229cb5abee12af26 id=1e
[875000] AXI S0_WVALID_RDY HANDSHAKE
[875000] S0 MEMORY WRITE beat=81 addr=04439060 data=aedc375f2ae04054 id=1e
[875000] MASTER 1 W_VALID_RDY Handshake beat=82 wlast=0
[885000] MASTER 1 W_VALID_RDY Handshake beat=83 wlast=0
[885000] AXI S0_WVALID_RDY HANDSHAKE
[885000] S0 MEMORY WRITE beat=82 addr=04439068 data=8e0cf2f98a49b2c6 id=1e
[895000] AXI S0_WVALID_RDY HANDSHAKE
[895000] S0 MEMORY WRITE beat=83 addr=04439070 data=f85c61ecb3150344 id=1e
[895000] MASTER 1 W_VALID_RDY Handshake beat=84 wlast=0
[905000] MASTER 1 W_VALID_RDY Handshake beat=85 wlast=0
[905000] AXI S0_WVALID_RDY HANDSHAKE
[905000] S0 MEMORY WRITE beat=84 addr=04439078 data=ddf54398b0a9a8a4 id=1e
[915000] AXI S0_WVALID_RDY HANDSHAKE
[915000] S0 MEMORY WRITE beat=85 addr=04439080 data=3af35b6b2738994c id=1e
[915000] MASTER 1 W_VALID_RDY Handshake beat=86 wlast=0
[925000] MASTER 1 W_VALID_RDY Handshake beat=87 wlast=0
[925000] AXI S0_WVALID_RDY HANDSHAKE
[925000] S0 MEMORY WRITE beat=86 addr=04439088 data=da4d9c90ec023692 id=1e
[935000] AXI S0_WVALID_RDY HANDSHAKE
[935000] S0 MEMORY WRITE beat=87 addr=04439090 data=9cabdf36b34fbd57 id=1e
[935000] MASTER 1 W_VALID_RDY Handshake beat=88 wlast=0
[945000] MASTER 1 W_VALID_RDY Handshake beat=89 wlast=0
[945000] AXI S0_WVALID_RDY HANDSHAKE
[945000] S0 MEMORY WRITE beat=88 addr=04439098 data=da8856a33842e029 id=1e
[955000] AXI S0_WVALID_RDY HANDSHAKE
[955000] S0 MEMORY WRITE beat=89 addr=044390a0 data=244516bbd79f3aa1 id=1e
[955000] MASTER 1 W_VALID_RDY Handshake beat=90 wlast=0
[965000] MASTER 1 W_VALID_RDY Handshake beat=91 wlast=0
[965000] AXI S0_WVALID_RDY HANDSHAKE
[965000] S0 MEMORY WRITE beat=90 addr=044390a8 data=0aeef7f934d5f334 id=1e
[975000] AXI S0_WVALID_RDY HANDSHAKE
[975000] S0 MEMORY WRITE beat=91 addr=044390b0 data=ed18d35dc0f0f5f1 id=1e
[975000] MASTER 1 W_VALID_RDY Handshake beat=92 wlast=0
[985000] MASTER 1 W_VALID_RDY Handshake beat=93 wlast=0
[985000] AXI S0_WVALID_RDY HANDSHAKE
[985000] S0 MEMORY WRITE beat=92 addr=044390b8 data=18903093e5774e9c id=1e
[995000] AXI S0_WVALID_RDY HANDSHAKE
[995000] S0 MEMORY WRITE beat=93 addr=044390c0 data=9a4d41d0115dea18 id=1e
[995000] MASTER 1 W_VALID_RDY Handshake beat=94 wlast=0
[1005000] MASTER_DRIVER1 received transaction, op=AXI_READ
[1005000] MASTER 1 W_VALID_RDY Handshake beat=95 wlast=1
[1005000] AXI S0_WVALID_RDY HANDSHAKE
[1005000] S0 MEMORY WRITE beat=94 addr=044390c8 data=d24ee009237f288c id=1e
[1015000] AXI S0_WVALID_RDY HANDSHAKE
[1015000] S0 MEMORY WRITE beat=95 addr=044390d0 data=88f677288766152d id=1e
[1025000] MASTER_DRIVER1 received transaction, op=AXI_WRITE
[1025000] SLAVE0 sent B resp, id=14
[1035000] AXI S0_ARVALID_RDY HANDSHAKE
[1035000] MEMORY READ MISS beat=0 addr=196d5c38 -> default data id=17
[1035000] [SLAVE MONITOR] mst_id=1 s_id=0 awaddr=4438dd8 awid=1110 awlen=95 awsize=3 awburst=1 wdata=[9f0f54b21ac03178 29b7f4d2e270c730 bd3c8e340cac3805 276c697d1140328b f3b0f9bbdc4be2e7 e8f81aecd1245e4f e26490dab0ed87ef 8d396ad610648469 e188e2b8d6158a95 87031284f63185c2 86960a2bc3ed7392 1a02fe27143c7d5b 8a6e031de81eece3 ac0c6075a10610ab b5428e0611040d49 f922fa2cc60f5e9c e7156f483fb09124 d0b49e6d252f5aa2 eb3eb93e9c57fd4e dc088e72c9d79899 ef06f33bd2542886 eeac25d5acbd2cdf f694c579da45ac7a ac99d500cab4b447 f771e127e59bb8b4 bfe1652e9b45fad5 e5faaf1dee06a6a0 d3a25f54ec7b3a2f 87c13504dd6c9044 cb7336e41383c483 fffefeb2edbbe421 cb2874659f159638 b2995abb87c033b6 f57c17d8969bab49 35b14182b298596d 3a588d24c0a48c3d d7403787e84a9c3d 1ae2f5ab2fd4a4fc f07931390cf17909 f53c1546d53b82cf 51027cbc7b968c0 d4aae1c9901f0af1 e55a8dc0f5895904 3d42c1c5c9e6f710 da060201ea6ab58b dff40e9091eda38e dbd49a9e3f608fc2 a9cb454d1d36d055 af2473e335da9ca0 f53b2c6289bf53dd a6f624320af90e82 c0d3ab229f0671af 28c5c58dd61a9816 e113a698360ed784 d5154933cfbbe9bf a5d681d521e751ba d7f6293efddb0ec0 cd96f88086ea286d a8d17a27ad0b7271 2ae68132f36d7a55 fa57a2c380c7a365 2dd315d7f87d79b2 ebeaf407a3291cea 23f0c050d8b99709 d13710bbe64296ca 96bb3b5d1c3d627 2a7d6d30bd2204c2 23649b8d2d5c7405 ff204a2cfbb47deb b8d682ad2cd04f42 da2cc347299db75c 25523547dc3b1e3a 890b6d7cd94d0d73 2eac4cfde28b7f4 3a63d62fe33830c3 bc853e36283cfa16 8665b20ac36f43ab 26a7746fbf700305 e7acfd1bc0c98839 438cbe5e32cb2a5 229cb5abee12af26 aedc375f2ae04054 8e0cf2f98a49b2c6 f85c61ecb3150344 ddf54398b0a9a8a4 3af35b6b2738994c da4d9c90ec023692 9cabdf36b34fbd57 da8856a33842e029 244516bbd79f3aa1 aeef7f934d5f334 ed18d35dc0f0f5f1 18903093e5774e9c 9a4d41d0115dea18 d24ee009237f288c 88f677288766152d ] wstrb=[9c 45 f9 28 4f 26 51 eb 6c 4a 14 bb 70 65 a6 dc af ba 97 1f 1f 3e fc ce f8 93 ee 18 d1 ea e6 ca 7d d4 e2 4f be c8 19 3c 9d fb 8b 5b c3 a4 97 60 9f 22 bc 62 c6 53 c3 65 76 7f c8 3c d2 8b a2 48 a 6a 85 dc f5 27 25 ff 91 aa db 86 d1 0 85 62 aa 60 e8 7b 61 6d dd b cd c5 87 2e 32 64 3a 0 ] bresp=0 bid=11110
[1035000] ARB MONITOR: slave=1 m0_req=0 m1_req=1 winner=1
[1045000] MASTER 1 RECEIVED BRESP. BRESP=0
[1045000] [MASTER DRIVER] mst_id=1 s_id=0 awaddr=4438dd8 awid=1110 awlen=95 awsize=3 awburst=1 wdata=[9f0f54b21ac03178 29b7f4d2e270c730 bd3c8e340cac3805 276c697d1140328b f3b0f9bbdc4be2e7 e8f81aecd1245e4f e26490dab0ed87ef 8d396ad610648469 e188e2b8d6158a95 87031284f63185c2 86960a2bc3ed7392 1a02fe27143c7d5b 8a6e031de81eece3 ac0c6075a10610ab b5428e0611040d49 f922fa2cc60f5e9c e7156f483fb09124 d0b49e6d252f5aa2 eb3eb93e9c57fd4e dc088e72c9d79899 ef06f33bd2542886 eeac25d5acbd2cdf f694c579da45ac7a ac99d500cab4b447 f771e127e59bb8b4 bfe1652e9b45fad5 e5faaf1dee06a6a0 d3a25f54ec7b3a2f 87c13504dd6c9044 cb7336e41383c483 fffefeb2edbbe421 cb2874659f159638 b2995abb87c033b6 f57c17d8969bab49 35b14182b298596d 3a588d24c0a48c3d d7403787e84a9c3d 1ae2f5ab2fd4a4fc f07931390cf17909 f53c1546d53b82cf 51027cbc7b968c0 d4aae1c9901f0af1 e55a8dc0f5895904 3d42c1c5c9e6f710 da060201ea6ab58b dff40e9091eda38e dbd49a9e3f608fc2 a9cb454d1d36d055 af2473e335da9ca0 f53b2c6289bf53dd a6f624320af90e82 c0d3ab229f0671af 28c5c58dd61a9816 e113a698360ed784 d5154933cfbbe9bf a5d681d521e751ba d7f6293efddb0ec0 cd96f88086ea286d a8d17a27ad0b7271 2ae68132f36d7a55 fa57a2c380c7a365 2dd315d7f87d79b2 ebeaf407a3291cea 23f0c050d8b99709 d13710bbe64296ca 96bb3b5d1c3d627 2a7d6d30bd2204c2 23649b8d2d5c7405 ff204a2cfbb47deb b8d682ad2cd04f42 da2cc347299db75c 25523547dc3b1e3a 890b6d7cd94d0d73 2eac4cfde28b7f4 3a63d62fe33830c3 bc853e36283cfa16 8665b20ac36f43ab 26a7746fbf700305 e7acfd1bc0c98839 438cbe5e32cb2a5 229cb5abee12af26 aedc375f2ae04054 8e0cf2f98a49b2c6 f85c61ecb3150344 ddf54398b0a9a8a4 3af35b6b2738994c da4d9c90ec023692 9cabdf36b34fbd57 da8856a33842e029 244516bbd79f3aa1 aeef7f934d5f334 ed18d35dc0f0f5f1 18903093e5774e9c 9a4d41d0115dea18 d24ee009237f288c 88f677288766152d ] wstrb=[9c 45 f9 28 4f 26 51 eb 6c 4a 14 bb 70 65 a6 dc af ba 97 1f 1f 3e fc ce f8 93 ee 18 d1 ea e6 ca 7d d4 e2 4f be c8 19 3c 9d fb 8b 5b c3 a4 97 60 9f 22 bc 62 c6 53 c3 65 76 7f c8 3c d2 8b a2 48 a 6a 85 dc f5 27 25 ff 91 aa db 86 d1 0 85 62 aa 60 e8 7b 61 6d dd b cd c5 87 2e 32 64 3a 0 ] bresp=0 bid=1110
[1045000] MASTER 1 AW_VALID_RDY Handshake
[1045000] MASTER 1 B_VALID_RDY Handshake
[1045000] [MASTER MONITOR] mst_id=1 s_id=0 awaddr=4438dd8 awid=1110 awlen=95 awsize=3 awburst=1 wdata=[9f0f54b21ac03178 29b7f4d2e270c730 bd3c8e340cac3805 276c697d1140328b f3b0f9bbdc4be2e7 e8f81aecd1245e4f e26490dab0ed87ef 8d396ad610648469 e188e2b8d6158a95 87031284f63185c2 86960a2bc3ed7392 1a02fe27143c7d5b 8a6e031de81eece3 ac0c6075a10610ab b5428e0611040d49 f922fa2cc60f5e9c e7156f483fb09124 d0b49e6d252f5aa2 eb3eb93e9c57fd4e dc088e72c9d79899 ef06f33bd2542886 eeac25d5acbd2cdf f694c579da45ac7a ac99d500cab4b447 f771e127e59bb8b4 bfe1652e9b45fad5 e5faaf1dee06a6a0 d3a25f54ec7b3a2f 87c13504dd6c9044 cb7336e41383c483 fffefeb2edbbe421 cb2874659f159638 b2995abb87c033b6 f57c17d8969bab49 35b14182b298596d 3a588d24c0a48c3d d7403787e84a9c3d 1ae2f5ab2fd4a4fc f07931390cf17909 f53c1546d53b82cf 51027cbc7b968c0 d4aae1c9901f0af1 e55a8dc0f5895904 3d42c1c5c9e6f710 da060201ea6ab58b dff40e9091eda38e dbd49a9e3f608fc2 a9cb454d1d36d055 af2473e335da9ca0 f53b2c6289bf53dd a6f624320af90e82 c0d3ab229f0671af 28c5c58dd61a9816 e113a698360ed784 d5154933cfbbe9bf a5d681d521e751ba d7f6293efddb0ec0 cd96f88086ea286d a8d17a27ad0b7271 2ae68132f36d7a55 fa57a2c380c7a365 2dd315d7f87d79b2 ebeaf407a3291cea 23f0c050d8b99709 d13710bbe64296ca 96bb3b5d1c3d627 2a7d6d30bd2204c2 23649b8d2d5c7405 ff204a2cfbb47deb b8d682ad2cd04f42 da2cc347299db75c 25523547dc3b1e3a 890b6d7cd94d0d73 2eac4cfde28b7f4 3a63d62fe33830c3 bc853e36283cfa16 8665b20ac36f43ab 26a7746fbf700305 e7acfd1bc0c98839 438cbe5e32cb2a5 229cb5abee12af26 aedc375f2ae04054 8e0cf2f98a49b2c6 f85c61ecb3150344 ddf54398b0a9a8a4 3af35b6b2738994c da4d9c90ec023692 9cabdf36b34fbd57 da8856a33842e029 244516bbd79f3aa1 aeef7f934d5f334 ed18d35dc0f0f5f1 18903093e5774e9c 9a4d41d0115dea18 d24ee009237f288c 88f677288766152d ] wstrb=[9c 45 f9 28 4f 26 51 eb 6c 4a 14 bb 70 65 a6 dc af ba 97 1f 1f 3e fc ce f8 93 ee 18 d1 ea e6 ca 7d d4 e2 4f be c8 19 3c 9d fb 8b 5b c3 a4 97 60 9f 22 bc 62 c6 53 c3 65 76 7f c8 3c d2 8b a2 48 a 6a 85 dc f5 27 25 ff 91 aa db 86 d1 0 85 62 aa 60 e8 7b 61 6d dd b cd c5 87 2e 32 64 3a 0 ] bresp=0 bid=1110
[1045000] SLAVE 1 R_VALID_RDY Handshake beat=0 rlast=0
[1045000] MEMORY READ MISS beat=1 addr=196d5c40 -> default data id=17
[1045000] SCOREBOARD MATCH: decode_err expected = 0, actual =0
[1045000] SCOREBOARD MATCH: slave_id expected = 0, actual =0
[1045000] SCOREBOARD MATCH: awaddr passthrough expected = 4438dd8, actual =4438dd8
[1045000] SCOREBOARD MATCH: awlen passthrough expected = 95, actual =95
[1045000] SCOREBOARD MATCH: awsize passthrough expected = 3, actual =3
[1045000] SCOREBOARD MATCH: awburst passthrough expected = 1, actual =1
[1045000] SCOREBOARD MATCH: wdata size check expected = 60, actual =60
[1045000] SCOREBOARD MATCH: wdata passthrough beat=0 expected = 9f0f54b21ac03178, actual =9f0f54b21ac03178
[1045000] SCOREBOARD MATCH: wdata passthrough beat=1 expected = 29b7f4d2e270c730, actual =29b7f4d2e270c730
[1045000] SCOREBOARD MATCH: wdata passthrough beat=2 expected = bd3c8e340cac3805, actual =bd3c8e340cac3805
[1045000] SCOREBOARD MATCH: wdata passthrough beat=3 expected = 276c697d1140328b, actual =276c697d1140328b
[1045000] SCOREBOARD MATCH: wdata passthrough beat=4 expected = f3b0f9bbdc4be2e7, actual =f3b0f9bbdc4be2e7
[1045000] SCOREBOARD MATCH: wdata passthrough beat=5 expected = e8f81aecd1245e4f, actual =e8f81aecd1245e4f
[1045000] SCOREBOARD MATCH: wdata passthrough beat=6 expected = e26490dab0ed87ef, actual =e26490dab0ed87ef
[1045000] SCOREBOARD MATCH: wdata passthrough beat=7 expected = 8d396ad610648469, actual =8d396ad610648469
[1045000] SCOREBOARD MATCH: wdata passthrough beat=8 expected = e188e2b8d6158a95, actual =e188e2b8d6158a95
[1045000] SCOREBOARD MATCH: wdata passthrough beat=9 expected = 87031284f63185c2, actual =87031284f63185c2
[1045000] SCOREBOARD MATCH: wdata passthrough beat=10 expected = 86960a2bc3ed7392, actual =86960a2bc3ed7392
[1045000] SCOREBOARD MATCH: wdata passthrough beat=11 expected = 1a02fe27143c7d5b, actual =1a02fe27143c7d5b
[1045000] SCOREBOARD MATCH: wdata passthrough beat=12 expected = 8a6e031de81eece3, actual =8a6e031de81eece3
[1045000] SCOREBOARD MATCH: wdata passthrough beat=13 expected = ac0c6075a10610ab, actual =ac0c6075a10610ab
[1045000] SCOREBOARD MATCH: wdata passthrough beat=14 expected = b5428e0611040d49, actual =b5428e0611040d49
[1045000] SCOREBOARD MATCH: wdata passthrough beat=15 expected = f922fa2cc60f5e9c, actual =f922fa2cc60f5e9c
[1045000] SCOREBOARD MATCH: wdata passthrough beat=16 expected = e7156f483fb09124, actual =e7156f483fb09124
[1045000] SCOREBOARD MATCH: wdata passthrough beat=17 expected = d0b49e6d252f5aa2, actual =d0b49e6d252f5aa2
[1045000] SCOREBOARD MATCH: wdata passthrough beat=18 expected = eb3eb93e9c57fd4e, actual =eb3eb93e9c57fd4e
[1045000] SCOREBOARD MATCH: wdata passthrough beat=19 expected = dc088e72c9d79899, actual =dc088e72c9d79899
[1045000] SCOREBOARD MATCH: wdata passthrough beat=20 expected = ef06f33bd2542886, actual =ef06f33bd2542886
[1045000] SCOREBOARD MATCH: wdata passthrough beat=21 expected = eeac25d5acbd2cdf, actual =eeac25d5acbd2cdf
[1045000] SCOREBOARD MATCH: wdata passthrough beat=22 expected = f694c579da45ac7a, actual =f694c579da45ac7a
[1045000] SCOREBOARD MATCH: wdata passthrough beat=23 expected = ac99d500cab4b447, actual =ac99d500cab4b447
[1045000] SCOREBOARD MATCH: wdata passthrough beat=24 expected = f771e127e59bb8b4, actual =f771e127e59bb8b4
[1045000] SCOREBOARD MATCH: wdata passthrough beat=25 expected = bfe1652e9b45fad5, actual =bfe1652e9b45fad5
[1045000] SCOREBOARD MATCH: wdata passthrough beat=26 expected = e5faaf1dee06a6a0, actual =e5faaf1dee06a6a0
[1045000] SCOREBOARD MATCH: wdata passthrough beat=27 expected = d3a25f54ec7b3a2f, actual =d3a25f54ec7b3a2f
[1045000] SCOREBOARD MATCH: wdata passthrough beat=28 expected = 87c13504dd6c9044, actual =87c13504dd6c9044
[1045000] SCOREBOARD MATCH: wdata passthrough beat=29 expected = cb7336e41383c483, actual =cb7336e41383c483
[1045000] SCOREBOARD MATCH: wdata passthrough beat=30 expected = fffefeb2edbbe421, actual =fffefeb2edbbe421
[1045000] SCOREBOARD MATCH: wdata passthrough beat=31 expected = cb2874659f159638, actual =cb2874659f159638
[1045000] SCOREBOARD MATCH: wdata passthrough beat=32 expected = b2995abb87c033b6, actual =b2995abb87c033b6
[1045000] SCOREBOARD MATCH: wdata passthrough beat=33 expected = f57c17d8969bab49, actual =f57c17d8969bab49
[1045000] SCOREBOARD MATCH: wdata passthrough beat=34 expected = 35b14182b298596d, actual =35b14182b298596d
[1045000] SCOREBOARD MATCH: wdata passthrough beat=35 expected = 3a588d24c0a48c3d, actual =3a588d24c0a48c3d
[1045000] SCOREBOARD MATCH: wdata passthrough beat=36 expected = d7403787e84a9c3d, actual =d7403787e84a9c3d
[1045000] SCOREBOARD MATCH: wdata passthrough beat=37 expected = 1ae2f5ab2fd4a4fc, actual =1ae2f5ab2fd4a4fc
[1045000] SCOREBOARD MATCH: wdata passthrough beat=38 expected = f07931390cf17909, actual =f07931390cf17909
[1045000] SCOREBOARD MATCH: wdata passthrough beat=39 expected = f53c1546d53b82cf, actual =f53c1546d53b82cf
[1045000] SCOREBOARD MATCH: wdata passthrough beat=40 expected = 51027cbc7b968c0, actual =51027cbc7b968c0
[1045000] SCOREBOARD MATCH: wdata passthrough beat=41 expected = d4aae1c9901f0af1, actual =d4aae1c9901f0af1
[1045000] SCOREBOARD MATCH: wdata passthrough beat=42 expected = e55a8dc0f5895904, actual =e55a8dc0f5895904
[1045000] SCOREBOARD MATCH: wdata passthrough beat=43 expected = 3d42c1c5c9e6f710, actual =3d42c1c5c9e6f710
[1045000] SCOREBOARD MATCH: wdata passthrough beat=44 expected = da060201ea6ab58b, actual =da060201ea6ab58b
[1045000] SCOREBOARD MATCH: wdata passthrough beat=45 expected = dff40e9091eda38e, actual =dff40e9091eda38e
[1045000] SCOREBOARD MATCH: wdata passthrough beat=46 expected = dbd49a9e3f608fc2, actual =dbd49a9e3f608fc2
[1045000] SCOREBOARD MATCH: wdata passthrough beat=47 expected = a9cb454d1d36d055, actual =a9cb454d1d36d055
[1045000] SCOREBOARD MATCH: wdata passthrough beat=48 expected = af2473e335da9ca0, actual =af2473e335da9ca0
[1045000] SCOREBOARD MATCH: wdata passthrough beat=49 expected = f53b2c6289bf53dd, actual =f53b2c6289bf53dd
[1045000] SCOREBOARD MATCH: wdata passthrough beat=50 expected = a6f624320af90e82, actual =a6f624320af90e82
[1045000] SCOREBOARD MATCH: wdata passthrough beat=51 expected = c0d3ab229f0671af, actual =c0d3ab229f0671af
[1045000] SCOREBOARD MATCH: wdata passthrough beat=52 expected = 28c5c58dd61a9816, actual =28c5c58dd61a9816
[1045000] SCOREBOARD MATCH: wdata passthrough beat=53 expected = e113a698360ed784, actual =e113a698360ed784
[1045000] SCOREBOARD MATCH: wdata passthrough beat=54 expected = d5154933cfbbe9bf, actual =d5154933cfbbe9bf
[1045000] SCOREBOARD MATCH: wdata passthrough beat=55 expected = a5d681d521e751ba, actual =a5d681d521e751ba
[1045000] SCOREBOARD MATCH: wdata passthrough beat=56 expected = d7f6293efddb0ec0, actual =d7f6293efddb0ec0
[1045000] SCOREBOARD MATCH: wdata passthrough beat=57 expected = cd96f88086ea286d, actual =cd96f88086ea286d
[1045000] SCOREBOARD MATCH: wdata passthrough beat=58 expected = a8d17a27ad0b7271, actual =a8d17a27ad0b7271
[1045000] SCOREBOARD MATCH: wdata passthrough beat=59 expected = 2ae68132f36d7a55, actual =2ae68132f36d7a55
[1045000] SCOREBOARD MATCH: wdata passthrough beat=60 expected = fa57a2c380c7a365, actual =fa57a2c380c7a365
[1045000] SCOREBOARD MATCH: wdata passthrough beat=61 expected = 2dd315d7f87d79b2, actual =2dd315d7f87d79b2
[1045000] SCOREBOARD MATCH: wdata passthrough beat=62 expected = ebeaf407a3291cea, actual =ebeaf407a3291cea
[1045000] SCOREBOARD MATCH: wdata passthrough beat=63 expected = 23f0c050d8b99709, actual =23f0c050d8b99709
[1045000] SCOREBOARD MATCH: wdata passthrough beat=64 expected = d13710bbe64296ca, actual =d13710bbe64296ca
[1045000] SCOREBOARD MATCH: wdata passthrough beat=65 expected = 96bb3b5d1c3d627, actual =96bb3b5d1c3d627
[1045000] SCOREBOARD MATCH: wdata passthrough beat=66 expected = 2a7d6d30bd2204c2, actual =2a7d6d30bd2204c2
[1045000] SCOREBOARD MATCH: wdata passthrough beat=67 expected = 23649b8d2d5c7405, actual =23649b8d2d5c7405
[1045000] SCOREBOARD MATCH: wdata passthrough beat=68 expected = ff204a2cfbb47deb, actual =ff204a2cfbb47deb
[1045000] SCOREBOARD MATCH: wdata passthrough beat=69 expected = b8d682ad2cd04f42, actual =b8d682ad2cd04f42
[1045000] SCOREBOARD MATCH: wdata passthrough beat=70 expected = da2cc347299db75c, actual =da2cc347299db75c
[1045000] SCOREBOARD MATCH: wdata passthrough beat=71 expected = 25523547dc3b1e3a, actual =25523547dc3b1e3a
[1045000] SCOREBOARD MATCH: wdata passthrough beat=72 expected = 890b6d7cd94d0d73, actual =890b6d7cd94d0d73
[1045000] SCOREBOARD MATCH: wdata passthrough beat=73 expected = 2eac4cfde28b7f4, actual =2eac4cfde28b7f4
[1045000] SCOREBOARD MATCH: wdata passthrough beat=74 expected = 3a63d62fe33830c3, actual =3a63d62fe33830c3
[1045000] SCOREBOARD MATCH: wdata passthrough beat=75 expected = bc853e36283cfa16, actual =bc853e36283cfa16
[1045000] SCOREBOARD MATCH: wdata passthrough beat=76 expected = 8665b20ac36f43ab, actual =8665b20ac36f43ab
[1045000] SCOREBOARD MATCH: wdata passthrough beat=77 expected = 26a7746fbf700305, actual =26a7746fbf700305
[1045000] SCOREBOARD MATCH: wdata passthrough beat=78 expected = e7acfd1bc0c98839, actual =e7acfd1bc0c98839
[1045000] SCOREBOARD MATCH: wdata passthrough beat=79 expected = 438cbe5e32cb2a5, actual =438cbe5e32cb2a5
[1045000] SCOREBOARD MATCH: wdata passthrough beat=80 expected = 229cb5abee12af26, actual =229cb5abee12af26
[1045000] SCOREBOARD MATCH: wdata passthrough beat=81 expected = aedc375f2ae04054, actual =aedc375f2ae04054
[1045000] SCOREBOARD MATCH: wdata passthrough beat=82 expected = 8e0cf2f98a49b2c6, actual =8e0cf2f98a49b2c6
[1045000] SCOREBOARD MATCH: wdata passthrough beat=83 expected = f85c61ecb3150344, actual =f85c61ecb3150344
[1045000] SCOREBOARD MATCH: wdata passthrough beat=84 expected = ddf54398b0a9a8a4, actual =ddf54398b0a9a8a4
[1045000] SCOREBOARD MATCH: wdata passthrough beat=85 expected = 3af35b6b2738994c, actual =3af35b6b2738994c
[1045000] SCOREBOARD MATCH: wdata passthrough beat=86 expected = da4d9c90ec023692, actual =da4d9c90ec023692
[1045000] SCOREBOARD MATCH: wdata passthrough beat=87 expected = 9cabdf36b34fbd57, actual =9cabdf36b34fbd57
[1045000] SCOREBOARD MATCH: wdata passthrough beat=88 expected = da8856a33842e029, actual =da8856a33842e029
[1045000] SCOREBOARD MATCH: wdata passthrough beat=89 expected = 244516bbd79f3aa1, actual =244516bbd79f3aa1
[1045000] SCOREBOARD MATCH: wdata passthrough beat=90 expected = aeef7f934d5f334, actual =aeef7f934d5f334
[1045000] SCOREBOARD MATCH: wdata passthrough beat=91 expected = ed18d35dc0f0f5f1, actual =ed18d35dc0f0f5f1
[1045000] SCOREBOARD MATCH: wdata passthrough beat=92 expected = 18903093e5774e9c, actual =18903093e5774e9c
[1045000] SCOREBOARD MATCH: wdata passthrough beat=93 expected = 9a4d41d0115dea18, actual =9a4d41d0115dea18
[1045000] SCOREBOARD MATCH: wdata passthrough beat=94 expected = d24ee009237f288c, actual =d24ee009237f288c
[1045000] SCOREBOARD MATCH: wdata passthrough beat=95 expected = 88f677288766152d, actual =88f677288766152d
[1045000] SCOREBOARD MATCH: wstrb size check expected = 60, actual =60
[1045000] SCOREBOARD MATCH: wstrb passthrough beat=0 expected = 9c, actual =9c
[1045000] SCOREBOARD MATCH: wstrb passthrough beat=1 expected = 45, actual =45
[1045000] SCOREBOARD MATCH: wstrb passthrough beat=2 expected = f9, actual =f9
[1045000] SCOREBOARD MATCH: wstrb passthrough beat=3 expected = 28, actual =28
[1045000] SCOREBOARD MATCH: wstrb passthrough beat=4 expected = 4f, actual =4f
[1045000] SCOREBOARD MATCH: wstrb passthrough beat=5 expected = 26, actual =26
[1045000] SCOREBOARD MATCH: wstrb passthrough beat=6 expected = 51, actual =51
[1045000] SCOREBOARD MATCH: wstrb passthrough beat=7 expected = eb, actual =eb
[1045000] SCOREBOARD MATCH: wstrb passthrough beat=8 expected = 6c, actual =6c
[1045000] SCOREBOARD MATCH: wstrb passthrough beat=9 expected = 4a, actual =4a
[1045000] SCOREBOARD MATCH: wstrb passthrough beat=10 expected = 14, actual =14
[1045000] SCOREBOARD MATCH: wstrb passthrough beat=11 expected = bb, actual =bb
[1045000] SCOREBOARD MATCH: wstrb passthrough beat=12 expected = 70, actual =70
[1045000] SCOREBOARD MATCH: wstrb passthrough beat=13 expected = 65, actual =65
[1045000] SCOREBOARD MATCH: wstrb passthrough beat=14 expected = a6, actual =a6
[1045000] SCOREBOARD MATCH: wstrb passthrough beat=15 expected = dc, actual =dc
[1045000] SCOREBOARD MATCH: wstrb passthrough beat=16 expected = af, actual =af
[1045000] SCOREBOARD MATCH: wstrb passthrough beat=17 expected = ba, actual =ba
[1045000] SCOREBOARD MATCH: wstrb passthrough beat=18 expected = 97, actual =97
[1045000] SCOREBOARD MATCH: wstrb passthrough beat=19 expected = 1f, actual =1f
[1045000] SCOREBOARD MATCH: wstrb passthrough beat=20 expected = 1f, actual =1f
[1045000] SCOREBOARD MATCH: wstrb passthrough beat=21 expected = 3e, actual =3e
[1045000] SCOREBOARD MATCH: wstrb passthrough beat=22 expected = fc, actual =fc
[1045000] SCOREBOARD MATCH: wstrb passthrough beat=23 expected = ce, actual =ce
[1045000] SCOREBOARD MATCH: wstrb passthrough beat=24 expected = f8, actual =f8
[1045000] SCOREBOARD MATCH: wstrb passthrough beat=25 expected = 93, actual =93
[1045000] SCOREBOARD MATCH: wstrb passthrough beat=26 expected = ee, actual =ee
[1045000] SCOREBOARD MATCH: wstrb passthrough beat=27 expected = 18, actual =18
[1045000] SCOREBOARD MATCH: wstrb passthrough beat=28 expected = d1, actual =d1
[1045000] SCOREBOARD MATCH: wstrb passthrough beat=29 expected = ea, actual =ea
[1045000] SCOREBOARD MATCH: wstrb passthrough beat=30 expected = e6, actual =e6
[1045000] SCOREBOARD MATCH: wstrb passthrough beat=31 expected = ca, actual =ca
[1045000] SCOREBOARD MATCH: wstrb passthrough beat=32 expected = 7d, actual =7d
[1045000] SCOREBOARD MATCH: wstrb passthrough beat=33 expected = d4, actual =d4
[1045000] SCOREBOARD MATCH: wstrb passthrough beat=34 expected = e2, actual =e2
[1045000] SCOREBOARD MATCH: wstrb passthrough beat=35 expected = 4f, actual =4f
[1045000] SCOREBOARD MATCH: wstrb passthrough beat=36 expected = be, actual =be
[1045000] SCOREBOARD MATCH: wstrb passthrough beat=37 expected = c8, actual =c8
[1045000] SCOREBOARD MATCH: wstrb passthrough beat=38 expected = 19, actual =19
[1045000] SCOREBOARD MATCH: wstrb passthrough beat=39 expected = 3c, actual =3c
[1045000] SCOREBOARD MATCH: wstrb passthrough beat=40 expected = 9d, actual =9d
[1045000] SCOREBOARD MATCH: wstrb passthrough beat=41 expected = fb, actual =fb
[1045000] SCOREBOARD MATCH: wstrb passthrough beat=42 expected = 8b, actual =8b
[1045000] SCOREBOARD MATCH: wstrb passthrough beat=43 expected = 5b, actual =5b
[1045000] SCOREBOARD MATCH: wstrb passthrough beat=44 expected = c3, actual =c3
[1045000] SCOREBOARD MATCH: wstrb passthrough beat=45 expected = a4, actual =a4
[1045000] SCOREBOARD MATCH: wstrb passthrough beat=46 expected = 97, actual =97
[1045000] SCOREBOARD MATCH: wstrb passthrough beat=47 expected = 60, actual =60
[1045000] SCOREBOARD MATCH: wstrb passthrough beat=48 expected = 9f, actual =9f
[1045000] SCOREBOARD MATCH: wstrb passthrough beat=49 expected = 22, actual =22
[1045000] SCOREBOARD MATCH: wstrb passthrough beat=50 expected = bc, actual =bc
[1045000] SCOREBOARD MATCH: wstrb passthrough beat=51 expected = 62, actual =62
[1045000] SCOREBOARD MATCH: wstrb passthrough beat=52 expected = c6, actual =c6
[1045000] SCOREBOARD MATCH: wstrb passthrough beat=53 expected = 53, actual =53
[1045000] SCOREBOARD MATCH: wstrb passthrough beat=54 expected = c3, actual =c3
[1045000] SCOREBOARD MATCH: wstrb passthrough beat=55 expected = 65, actual =65
[1045000] SCOREBOARD MATCH: wstrb passthrough beat=56 expected = 76, actual =76
[1045000] SCOREBOARD MATCH: wstrb passthrough beat=57 expected = 7f, actual =7f
[1045000] SCOREBOARD MATCH: wstrb passthrough beat=58 expected = c8, actual =c8
[1045000] SCOREBOARD MATCH: wstrb passthrough beat=59 expected = 3c, actual =3c
[1045000] SCOREBOARD MATCH: wstrb passthrough beat=60 expected = d2, actual =d2
[1045000] SCOREBOARD MATCH: wstrb passthrough beat=61 expected = 8b, actual =8b
[1045000] SCOREBOARD MATCH: wstrb passthrough beat=62 expected = a2, actual =a2
[1045000] SCOREBOARD MATCH: wstrb passthrough beat=63 expected = 48, actual =48
[1045000] SCOREBOARD MATCH: wstrb passthrough beat=64 expected = a, actual =a
[1045000] SCOREBOARD MATCH: wstrb passthrough beat=65 expected = 6a, actual =6a
[1045000] SCOREBOARD MATCH: wstrb passthrough beat=66 expected = 85, actual =85
[1045000] SCOREBOARD MATCH: wstrb passthrough beat=67 expected = dc, actual =dc
[1045000] SCOREBOARD MATCH: wstrb passthrough beat=68 expected = f5, actual =f5
[1045000] SCOREBOARD MATCH: wstrb passthrough beat=69 expected = 27, actual =27
[1045000] SCOREBOARD MATCH: wstrb passthrough beat=70 expected = 25, actual =25
[1045000] SCOREBOARD MATCH: wstrb passthrough beat=71 expected = ff, actual =ff
[1045000] SCOREBOARD MATCH: wstrb passthrough beat=72 expected = 91, actual =91
[1045000] SCOREBOARD MATCH: wstrb passthrough beat=73 expected = aa, actual =aa
[1045000] SCOREBOARD MATCH: wstrb passthrough beat=74 expected = db, actual =db
[1045000] SCOREBOARD MATCH: wstrb passthrough beat=75 expected = 86, actual =86
[1045000] SCOREBOARD MATCH: wstrb passthrough beat=76 expected = d1, actual =d1
[1045000] SCOREBOARD MATCH: wstrb passthrough beat=77 expected = 0, actual =0
[1045000] SCOREBOARD MATCH: wstrb passthrough beat=78 expected = 85, actual =85
[1045000] SCOREBOARD MATCH: wstrb passthrough beat=79 expected = 62, actual =62
[1045000] SCOREBOARD MATCH: wstrb passthrough beat=80 expected = aa, actual =aa
[1045000] SCOREBOARD MATCH: wstrb passthrough beat=81 expected = 60, actual =60
[1045000] SCOREBOARD MATCH: wstrb passthrough beat=82 expected = e8, actual =e8
[1045000] SCOREBOARD MATCH: wstrb passthrough beat=83 expected = 7b, actual =7b
[1045000] SCOREBOARD MATCH: wstrb passthrough beat=84 expected = 61, actual =61
[1045000] SCOREBOARD MATCH: wstrb passthrough beat=85 expected = 6d, actual =6d
[1045000] SCOREBOARD MATCH: wstrb passthrough beat=86 expected = dd, actual =dd
[1045000] SCOREBOARD MATCH: wstrb passthrough beat=87 expected = b, actual =b
[1045000] SCOREBOARD MATCH: wstrb passthrough beat=88 expected = cd, actual =cd
[1045000] SCOREBOARD MATCH: wstrb passthrough beat=89 expected = c5, actual =c5
[1045000] SCOREBOARD MATCH: wstrb passthrough beat=90 expected = 87, actual =87
[1045000] SCOREBOARD MATCH: wstrb passthrough beat=91 expected = 2e, actual =2e
[1045000] SCOREBOARD MATCH: wstrb passthrough beat=92 expected = 32, actual =32
[1045000] SCOREBOARD MATCH: wstrb passthrough beat=93 expected = 64, actual =64
[1045000] SCOREBOARD MATCH: wstrb passthrough beat=94 expected = 3a, actual =3a
[1045000] SCOREBOARD MATCH: wstrb passthrough beat=95 expected = 0, actual =0
[1045000] SCOREBOARD MATCH: bresp passthrough expected = 0, actual =0
[1045000] SCOREBOARD MATCH: response routed to correct master (write) expected = 1, actual =1
[1045000] [SCOREBOARD-M] mst_id=1 s_id=0 awaddr=4438dd8 awid=1110 awlen=95 awsize=3 awburst=1 wdata=[9f0f54b21ac03178 29b7f4d2e270c730 bd3c8e340cac3805 276c697d1140328b f3b0f9bbdc4be2e7 e8f81aecd1245e4f e26490dab0ed87ef 8d396ad610648469 e188e2b8d6158a95 87031284f63185c2 86960a2bc3ed7392 1a02fe27143c7d5b 8a6e031de81eece3 ac0c6075a10610ab b5428e0611040d49 f922fa2cc60f5e9c e7156f483fb09124 d0b49e6d252f5aa2 eb3eb93e9c57fd4e dc088e72c9d79899 ef06f33bd2542886 eeac25d5acbd2cdf f694c579da45ac7a ac99d500cab4b447 f771e127e59bb8b4 bfe1652e9b45fad5 e5faaf1dee06a6a0 d3a25f54ec7b3a2f 87c13504dd6c9044 cb7336e41383c483 fffefeb2edbbe421 cb2874659f159638 b2995abb87c033b6 f57c17d8969bab49 35b14182b298596d 3a588d24c0a48c3d d7403787e84a9c3d 1ae2f5ab2fd4a4fc f07931390cf17909 f53c1546d53b82cf 51027cbc7b968c0 d4aae1c9901f0af1 e55a8dc0f5895904 3d42c1c5c9e6f710 da060201ea6ab58b dff40e9091eda38e dbd49a9e3f608fc2 a9cb454d1d36d055 af2473e335da9ca0 f53b2c6289bf53dd a6f624320af90e82 c0d3ab229f0671af 28c5c58dd61a9816 e113a698360ed784 d5154933cfbbe9bf a5d681d521e751ba d7f6293efddb0ec0 cd96f88086ea286d a8d17a27ad0b7271 2ae68132f36d7a55 fa57a2c380c7a365 2dd315d7f87d79b2 ebeaf407a3291cea 23f0c050d8b99709 d13710bbe64296ca 96bb3b5d1c3d627 2a7d6d30bd2204c2 23649b8d2d5c7405 ff204a2cfbb47deb b8d682ad2cd04f42 da2cc347299db75c 25523547dc3b1e3a 890b6d7cd94d0d73 2eac4cfde28b7f4 3a63d62fe33830c3 bc853e36283cfa16 8665b20ac36f43ab 26a7746fbf700305 e7acfd1bc0c98839 438cbe5e32cb2a5 229cb5abee12af26 aedc375f2ae04054 8e0cf2f98a49b2c6 f85c61ecb3150344 ddf54398b0a9a8a4 3af35b6b2738994c da4d9c90ec023692 9cabdf36b34fbd57 da8856a33842e029 244516bbd79f3aa1 aeef7f934d5f334 ed18d35dc0f0f5f1 18903093e5774e9c 9a4d41d0115dea18 d24ee009237f288c 88f677288766152d ] wstrb=[9c 45 f9 28 4f 26 51 eb 6c 4a 14 bb 70 65 a6 dc af ba 97 1f 1f 3e fc ce f8 93 ee 18 d1 ea e6 ca 7d d4 e2 4f be c8 19 3c 9d fb 8b 5b c3 a4 97 60 9f 22 bc 62 c6 53 c3 65 76 7f c8 3c d2 8b a2 48 a 6a 85 dc f5 27 25 ff 91 aa db 86 d1 0 85 62 aa 60 e8 7b 61 6d dd b cd c5 87 2e 32 64 3a 0 ] bresp=0 bid=1110
[1045000] [SCOREBOARD-S] mst_id=1 s_id=0 awaddr=4438dd8 awid=1110 awlen=95 awsize=3 awburst=1 wdata=[9f0f54b21ac03178 29b7f4d2e270c730 bd3c8e340cac3805 276c697d1140328b f3b0f9bbdc4be2e7 e8f81aecd1245e4f e26490dab0ed87ef 8d396ad610648469 e188e2b8d6158a95 87031284f63185c2 86960a2bc3ed7392 1a02fe27143c7d5b 8a6e031de81eece3 ac0c6075a10610ab b5428e0611040d49 f922fa2cc60f5e9c e7156f483fb09124 d0b49e6d252f5aa2 eb3eb93e9c57fd4e dc088e72c9d79899 ef06f33bd2542886 eeac25d5acbd2cdf f694c579da45ac7a ac99d500cab4b447 f771e127e59bb8b4 bfe1652e9b45fad5 e5faaf1dee06a6a0 d3a25f54ec7b3a2f 87c13504dd6c9044 cb7336e41383c483 fffefeb2edbbe421 cb2874659f159638 b2995abb87c033b6 f57c17d8969bab49 35b14182b298596d 3a588d24c0a48c3d d7403787e84a9c3d 1ae2f5ab2fd4a4fc f07931390cf17909 f53c1546d53b82cf 51027cbc7b968c0 d4aae1c9901f0af1 e55a8dc0f5895904 3d42c1c5c9e6f710 da060201ea6ab58b dff40e9091eda38e dbd49a9e3f608fc2 a9cb454d1d36d055 af2473e335da9ca0 f53b2c6289bf53dd a6f624320af90e82 c0d3ab229f0671af 28c5c58dd61a9816 e113a698360ed784 d5154933cfbbe9bf a5d681d521e751ba d7f6293efddb0ec0 cd96f88086ea286d a8d17a27ad0b7271 2ae68132f36d7a55 fa57a2c380c7a365 2dd315d7f87d79b2 ebeaf407a3291cea 23f0c050d8b99709 d13710bbe64296ca 96bb3b5d1c3d627 2a7d6d30bd2204c2 23649b8d2d5c7405 ff204a2cfbb47deb b8d682ad2cd04f42 da2cc347299db75c 25523547dc3b1e3a 890b6d7cd94d0d73 2eac4cfde28b7f4 3a63d62fe33830c3 bc853e36283cfa16 8665b20ac36f43ab 26a7746fbf700305 e7acfd1bc0c98839 438cbe5e32cb2a5 229cb5abee12af26 aedc375f2ae04054 8e0cf2f98a49b2c6 f85c61ecb3150344 ddf54398b0a9a8a4 3af35b6b2738994c da4d9c90ec023692 9cabdf36b34fbd57 da8856a33842e029 244516bbd79f3aa1 aeef7f934d5f334 ed18d35dc0f0f5f1 18903093e5774e9c 9a4d41d0115dea18 d24ee009237f288c 88f677288766152d ] wstrb=[9c 45 f9 28 4f 26 51 eb 6c 4a 14 bb 70 65 a6 dc af ba 97 1f 1f 3e fc ce f8 93 ee 18 d1 ea e6 ca 7d d4 e2 4f be c8 19 3c 9d fb 8b 5b c3 a4 97 60 9f 22 bc 62 c6 53 c3 65 76 7f c8 3c d2 8b a2 48 a 6a 85 dc f5 27 25 ff 91 aa db 86 d1 0 85 62 aa 60 e8 7b 61 6d dd b cd c5 87 2e 32 64 3a 0 ] bresp=0 bid=11110
[1045000] SCOREBOARD: Transaction 2 received. pass=216 fail=0
[1045000] ALL PASS. Total transactions: 2
[1055000] AXI S0_AWVALID_RDY HANDSHAKE
[1055000] SLAVE 1 R_VALID_RDY Handshake beat=1 rlast=1
[1055000] [SLAVE MONITOR] READ mst_id=1 s_id=1 araddr=196d5c38 arid=1 arlen=1 arsize=3 arburst=1 rid=[1111] rresp=[00] rdata=[baadf00d12345678baadf00d12345678]
[1055000] ARB MONITOR: slave=0 m0_req=0 m1_req=1 winner=1
[1065000] MASTER 1 W_VALID_RDY Handshake beat=0 wlast=0
[1065000] MASTER 1 R_VALID_RDY Handshake beat=0 rlast=0
[1075000] AXI S0_WVALID_RDY HANDSHAKE
[1075000] S0 MEMORY WRITE beat=0 addr=0e9d8ee8 data=eb4d1dfac2694953 id=17
[1075000] MASTER 1 R_VALID_RDY Handshake beat=1 rlast=1
[1075000] [MASTER MONITOR] READ mst_id=1 s_id=1 araddr=196d5c38 arid=1 arlen=1 arsize=3 arburst=1 rid=[11] rresp=[00] rdata=[baadf00d12345678baadf00d12345678]
[1075000] MASTER 1 W_VALID_RDY Handshake beat=1 wlast=0
[1075000] [MASTER DRIVER] READ mst_id=1 s_id=0 araddr=196d5c38 arid=1 arlen=1 arsize=3 arburst=1 rid=[11] rresp=[00] rdata=[baadf00d12345678baadf00d12345678]
[1075000] SCOREBOARD MATCH: decode_err expected = 0, actual =0
[1075000] SCOREBOARD MATCH: slave_id expected = 1, actual =1
[1075000] SCOREBOARD MATCH: araddr passthrough expected = 196d5c38, actual =196d5c38
[1075000] SCOREBOARD MATCH: arlen passthrough expected = 1, actual =1
[1075000] SCOREBOARD MATCH: arsize passthrough expected = 3, actual =3
[1075000] SCOREBOARD MATCH: arburst passthrough expected = 1, actual =1
[1075000] SCOREBOARD MATCH: rdata size check expected = 2, actual =2
[1075000] SCOREBOARD MATCH: rdata passthrough beat=0 expected = baadf00d12345678, actual =baadf00d12345678
[1075000] SCOREBOARD MATCH: rdata passthrough beat=1 expected = baadf00d12345678, actual =baadf00d12345678
[1075000] SCOREBOARD MATCH: rresp size check expected = 2, actual =2
[1075000] SCOREBOARD MATCH: rresp passthrough beat=0 expected = 0, actual =0
[1075000] SCOREBOARD MATCH: rresp passthrough beat=1 expected = 0, actual =0
[1075000] SCOREBOARD MATCH: response routed to correct master (read beat 0) expected = 1, actual =1
[1075000] SCOREBOARD MATCH: response routed to correct master (read beat 1) expected = 1, actual =1
[1075000] [SCOREBOARD-M] READ mst_id=1 s_id=1 araddr=196d5c38 arid=1 arlen=1 arsize=3 arburst=1 rid=[11] rresp=[00] rdata=[baadf00d12345678baadf00d12345678]
[1075000] [SCOREBOARD-S] READ mst_id=1 s_id=1 araddr=196d5c38 arid=1 arlen=1 arsize=3 arburst=1 rid=[1111] rresp=[00] rdata=[baadf00d12345678baadf00d12345678]
[1075000] SCOREBOARD: Transaction 3 received. pass=230 fail=0
[1075000] ALL PASS. Total transactions: 3
[1085000] MASTER 1 W_VALID_RDY Handshake beat=2 wlast=0
[1085000] AXI S0_WVALID_RDY HANDSHAKE
[1085000] S0 MEMORY WRITE beat=1 addr=0e9d8eec data=d8728856da5bc246 id=17
[1095000] AXI S0_WVALID_RDY HANDSHAKE
[1095000] S0 MEMORY WRITE beat=2 addr=0e9d8ef0 data=ec094f14dac06104 id=17
[1095000] MASTER 1 W_VALID_RDY Handshake beat=3 wlast=0
[1105000] MASTER 1 W_VALID_RDY Handshake beat=4 wlast=0
[1105000] AXI S0_WVALID_RDY HANDSHAKE
[1105000] S0 MEMORY WRITE beat=3 addr=0e9d8ef4 data=9d29aa57e45c36ee id=17
[1115000] AXI S0_WVALID_RDY HANDSHAKE
[1115000] S0 MEMORY WRITE beat=4 addr=0e9d8ef8 data=3eb7f934d7566d0e id=17
[1115000] MASTER 1 W_VALID_RDY Handshake beat=5 wlast=0
[1125000] MASTER 1 W_VALID_RDY Handshake beat=6 wlast=0
[1125000] AXI S0_WVALID_RDY HANDSHAKE
[1125000] S0 MEMORY WRITE beat=5 addr=0e9d8efc data=b216ce12f59c32ae id=17
[1135000] AXI S0_WVALID_RDY HANDSHAKE
[1135000] S0 MEMORY WRITE beat=6 addr=0e9d8f00 data=d9f8699c2ac14848 id=17
[1135000] MASTER 1 W_VALID_RDY Handshake beat=7 wlast=0
[1145000] MASTER 1 W_VALID_RDY Handshake beat=8 wlast=0
[1145000] AXI S0_WVALID_RDY HANDSHAKE
[1145000] S0 MEMORY WRITE beat=7 addr=0e9d8f04 data=8217b556cf40786a id=17
[1155000] AXI S0_WVALID_RDY HANDSHAKE
[1155000] S0 MEMORY WRITE beat=8 addr=0e9d8f08 data=c4dcab1818b062d0 id=17
[1155000] MASTER 1 W_VALID_RDY Handshake beat=9 wlast=1
[1155000] MASTER_DRIVER1 received transaction, op=AXI_READ
[1165000] AXI S0_WVALID_RDY HANDSHAKE
[1165000] S0 MEMORY WRITE beat=9 addr=0e9d8f0c data=c371ab18342e8369 id=17
[1175000] SLAVE0 sent B resp, id=7
[1175000] [SLAVE MONITOR] mst_id=1 s_id=0 awaddr=e9d8ee8 awid=111 awlen=9 awsize=2 awburst=2 wdata=[eb4d1dfac2694953 d8728856da5bc246 ec094f14dac06104 9d29aa57e45c36ee 3eb7f934d7566d0e b216ce12f59c32ae d9f8699c2ac14848 8217b556cf40786a c4dcab1818b062d0 c371ab18342e8369 ] wstrb=[b4 d3 6e 84 eb d7 9c 9f aa a ] bresp=0 bid=10111
[1185000] ARB MONITOR: slave=0 m0_req=0 m1_req=1 winner=1
[1185000] AXI S0_ARVALID_RDY HANDSHAKE
[1185000] MEMORY READ MISS beat=0 addr=98e6428 -> default data id=19
[1195000] MEMORY READ MISS beat=1 addr=98e6430 -> default data id=19
[1195000] SLAVE 0 R_VALID_RDY Handshake beat=0 rlast=0
[1195000] MASTER 1 B_VALID_RDY Handshake
[1195000] [MASTER MONITOR] mst_id=1 s_id=0 awaddr=e9d8ee8 awid=111 awlen=9 awsize=2 awburst=2 wdata=[eb4d1dfac2694953 d8728856da5bc246 ec094f14dac06104 9d29aa57e45c36ee 3eb7f934d7566d0e b216ce12f59c32ae d9f8699c2ac14848 8217b556cf40786a c4dcab1818b062d0 c371ab18342e8369 ] wstrb=[b4 d3 6e 84 eb d7 9c 9f aa a ] bresp=0 bid=111
[1195000] MASTER 1 RECEIVED BRESP. BRESP=0
[1195000] [MASTER DRIVER] mst_id=1 s_id=0 awaddr=e9d8ee8 awid=111 awlen=9 awsize=2 awburst=2 wdata=[eb4d1dfac2694953 d8728856da5bc246 ec094f14dac06104 9d29aa57e45c36ee 3eb7f934d7566d0e b216ce12f59c32ae d9f8699c2ac14848 8217b556cf40786a c4dcab1818b062d0 c371ab18342e8369 ] wstrb=[b4 d3 6e 84 eb d7 9c 9f aa a ] bresp=0 bid=111
[1195000] SCOREBOARD MATCH: decode_err expected = 0, actual =0
[1195000] SCOREBOARD MATCH: slave_id expected = 0, actual =0
[1195000] SCOREBOARD MATCH: awaddr passthrough expected = e9d8ee8, actual =e9d8ee8
[1195000] SCOREBOARD MATCH: awlen passthrough expected = 9, actual =9
[1195000] SCOREBOARD MATCH: awsize passthrough expected = 2, actual =2
[1195000] SCOREBOARD MATCH: awburst passthrough expected = 2, actual =2
[1195000] SCOREBOARD MATCH: wdata size check expected = a, actual =a
[1195000] SCOREBOARD MATCH: wdata passthrough beat=0 expected = eb4d1dfac2694953, actual =eb4d1dfac2694953
[1195000] SCOREBOARD MATCH: wdata passthrough beat=1 expected = d8728856da5bc246, actual =d8728856da5bc246
[1195000] SCOREBOARD MATCH: wdata passthrough beat=2 expected = ec094f14dac06104, actual =ec094f14dac06104
[1195000] SCOREBOARD MATCH: wdata passthrough beat=3 expected = 9d29aa57e45c36ee, actual =9d29aa57e45c36ee
[1195000] SCOREBOARD MATCH: wdata passthrough beat=4 expected = 3eb7f934d7566d0e, actual =3eb7f934d7566d0e
[1195000] SCOREBOARD MATCH: wdata passthrough beat=5 expected = b216ce12f59c32ae, actual =b216ce12f59c32ae
[1195000] SCOREBOARD MATCH: wdata passthrough beat=6 expected = d9f8699c2ac14848, actual =d9f8699c2ac14848
[1195000] SCOREBOARD MATCH: wdata passthrough beat=7 expected = 8217b556cf40786a, actual =8217b556cf40786a
[1195000] SCOREBOARD MATCH: wdata passthrough beat=8 expected = c4dcab1818b062d0, actual =c4dcab1818b062d0
[1195000] SCOREBOARD MATCH: wdata passthrough beat=9 expected = c371ab18342e8369, actual =c371ab18342e8369
[1195000] SCOREBOARD MATCH: wstrb size check expected = a, actual =a
[1195000] SCOREBOARD MATCH: wstrb passthrough beat=0 expected = b4, actual =b4
[1195000] SCOREBOARD MATCH: wstrb passthrough beat=1 expected = d3, actual =d3
[1195000] SCOREBOARD MATCH: wstrb passthrough beat=2 expected = 6e, actual =6e
[1195000] SCOREBOARD MATCH: wstrb passthrough beat=3 expected = 84, actual =84
[1195000] SCOREBOARD MATCH: wstrb passthrough beat=4 expected = eb, actual =eb
[1195000] SCOREBOARD MATCH: wstrb passthrough beat=5 expected = d7, actual =d7
[1195000] SCOREBOARD MATCH: wstrb passthrough beat=6 expected = 9c, actual =9c
[1195000] SCOREBOARD MATCH: wstrb passthrough beat=7 expected = 9f, actual =9f
[1195000] SCOREBOARD MATCH: wstrb passthrough beat=8 expected = aa, actual =aa
[1195000] SCOREBOARD MATCH: wstrb passthrough beat=9 expected = a, actual =a
[1195000] SCOREBOARD MATCH: bresp passthrough expected = 0, actual =0
[1195000] SCOREBOARD MATCH: response routed to correct master (write) expected = 1, actual =1
[1195000] [SCOREBOARD-M] mst_id=1 s_id=0 awaddr=e9d8ee8 awid=111 awlen=9 awsize=2 awburst=2 wdata=[eb4d1dfac2694953 d8728856da5bc246 ec094f14dac06104 9d29aa57e45c36ee 3eb7f934d7566d0e b216ce12f59c32ae d9f8699c2ac14848 8217b556cf40786a c4dcab1818b062d0 c371ab18342e8369 ] wstrb=[b4 d3 6e 84 eb d7 9c 9f aa a ] bresp=0 bid=111
[1195000] [SCOREBOARD-S] mst_id=1 s_id=0 awaddr=e9d8ee8 awid=111 awlen=9 awsize=2 awburst=2 wdata=[eb4d1dfac2694953 d8728856da5bc246 ec094f14dac06104 9d29aa57e45c36ee 3eb7f934d7566d0e b216ce12f59c32ae d9f8699c2ac14848 8217b556cf40786a c4dcab1818b062d0 c371ab18342e8369 ] wstrb=[b4 d3 6e 84 eb d7 9c 9f aa a ] bresp=0 bid=10111
[1195000] SCOREBOARD: Transaction 4 received. pass=260 fail=0
[1195000] ALL PASS. Total transactions: 4
[1205000] SLAVE 0 R_VALID_RDY Handshake beat=1 rlast=1
[1205000] [SLAVE MONITOR] READ mst_id=1 s_id=0 araddr=98e6428 arid=3 arlen=1 arsize=3 arburst=1 rid=[1313] rresp=[00] rdata=[baadf00d12345678baadf00d12345678]
[1215000] MASTER 1 R_VALID_RDY Handshake beat=0 rlast=0
[1225000] [MASTER DRIVER] READ mst_id=1 s_id=0 araddr=98e6428 arid=3 arlen=1 arsize=3 arburst=1 rid=[33] rresp=[00] rdata=[baadf00d12345678baadf00d12345678]
[1225000] MASTER 1 R_VALID_RDY Handshake beat=1 rlast=1
[1225000] [MASTER MONITOR] READ mst_id=1 s_id=0 araddr=98e6428 arid=3 arlen=1 arsize=3 arburst=1 rid=[33] rresp=[00] rdata=[baadf00d12345678baadf00d12345678]
[1225000] SCOREBOARD MATCH: decode_err expected = 0, actual =0
[1225000] SCOREBOARD MATCH: slave_id expected = 0, actual =0
[1225000] SCOREBOARD MATCH: araddr passthrough expected = 98e6428, actual =98e6428
[1225000] SCOREBOARD MATCH: arlen passthrough expected = 1, actual =1
[1225000] SCOREBOARD MATCH: arsize passthrough expected = 3, actual =3
[1225000] SCOREBOARD MATCH: arburst passthrough expected = 1, actual =1
[1225000] SCOREBOARD MATCH: rdata size check expected = 2, actual =2
[1225000] SCOREBOARD MATCH: rdata passthrough beat=0 expected = baadf00d12345678, actual =baadf00d12345678
[1225000] SCOREBOARD MATCH: rdata passthrough beat=1 expected = baadf00d12345678, actual =baadf00d12345678
[1225000] SCOREBOARD MATCH: rresp size check expected = 2, actual =2
[1225000] SCOREBOARD MATCH: rresp passthrough beat=0 expected = 0, actual =0
[1225000] SCOREBOARD MATCH: rresp passthrough beat=1 expected = 0, actual =0
[1225000] SCOREBOARD MATCH: response routed to correct master (read beat 0) expected = 1, actual =1
[1225000] SCOREBOARD MATCH: response routed to correct master (read beat 1) expected = 1, actual =1
[1225000] [SCOREBOARD-M] READ mst_id=1 s_id=0 araddr=98e6428 arid=3 arlen=1 arsize=3 arburst=1 rid=[33] rresp=[00] rdata=[baadf00d12345678baadf00d12345678]
[1225000] [SCOREBOARD-S] READ mst_id=1 s_id=0 araddr=98e6428 arid=3 arlen=1 arsize=3 arburst=1 rid=[1313] rresp=[00] rdata=[baadf00d12345678baadf00d12345678]
[1225000] SCOREBOARD: Transaction 5 received. pass=274 fail=0
[1225000] SCOREBOARD: Expected 5 transactions completed, PASS=274 FAIL=0
[1225000] ALL PASS. Total transactions: 5
[1225000] ALL TRANSACTIONS MONITORED
$finish called at time : 1245 ns : File "/home/nashita/Desktop/practice/axi_xbar/tb/top/axi_tb_top.sv" Line 220
exit
INFO: xsimkernel Simulation Memory Usage: 289464 KB (Peak: 337864 KB), Simulation CPU Usage: 1180 ms
INFO: [Common 17-206] Exiting xsim at Thu Sep 10 18:29:12 2026...
