#-----------------------------------------------------------
# xsim v2025.2 (64-bit)
# SW Build 6299465 on Fri Nov 14 12:34:56 MST 2025
# IP Build 6300035 on Fri Nov 14 10:48:45 MST 2025
# SharedData Build 6298862 on Thu Nov 13 04:50:51 MST 2025
# Start of session at: Tue Sep  8 15:51:07 2026
# Process ID         : 3953763
# Current directory  : /home/nashita/Desktop/practice/axi_xbar/sim
# Command line       : xsim -log regress_results/BT_run86.log -mode tcl -source {xsim.dir/tb_top_snap/xsim_script.tcl}
# Log file           : /home/nashita/Desktop/practice/axi_xbar/sim/regress_results/BT_run86.log
# Journal file       : /home/nashita/Desktop/practice/axi_xbar/sim/xsim.jou
# Running On         : vlsi-vivado
# Platform           : Ubuntu
# Operating System   : Ubuntu 24.04.4 LTS
# Processor Detail   : Intel(R) Core(TM) i5-10400 CPU @ 2.90GHz
# CPU Frequency      : 4000.002 MHz
# CPU Physical cores : 6
# CPU Logical cores  : 12
# Host memory        : 41875 MB
# Swap memory        : 27648 MB
# Total Virtual      : 69524 MB
# Available Virtual  : 60477 MB
#-----------------------------------------------------------
source xsim.dir/tb_top_snap/xsim_script.tcl
# xsim {tb_top_snap} -testplusarg BT -autoloadwcfg -runall -sv_seed 87
Time resolution is 1 ps
run -all
[0] RUNNING BASE TEST
[0] INSIDE THE BASE TEST CONSTRUCTOR
[0] ENV: before agent
[0] SLAVE CONSTRUCTED
[0] MASTER MONITOR CONSTRUCTED
[0] MASTER MONITOR CONSTRUCTED
[0] SLAVE MONITOR CONSTRUCTED
[0] SLAVE MONITOR CONSTRUCTED
[0] ARB MONITOR CONSTRUCTED
GENERATOR CONSTRUCTED
[0] ENV: after agent
[0] ENV: before scoreboard
[0] ENV: after scoreboard
[15000] [SEQUENCER] mst_id=0 s_id=0 awaddr=d1aa8f0 awid=0 awlen=1 awsize=3 awburst=1 wdata=[] wstrb=[] bresp=0 bid=0
[15000] [SEQUENCER] READ mst_id=0 s_id=0 araddr=156bdc48 arid=1 arlen=1 arsize=3 arburst=1 rid=[] rresp=[] rdata=[]
[15000] [SEQUENCER] mst_id=0 s_id=0 awaddr=44f5690 awid=0 awlen=1 awsize=3 awburst=1 wdata=[] wstrb=[] bresp=0 bid=0
[15000] [SEQUENCER] mst_id=0 s_id=0 awaddr=15cac6d8 awid=1011 awlen=1 awsize=3 awburst=1 wdata=[] wstrb=[] bresp=0 bid=0
[15000] [SEQUENCER] READ mst_id=0 s_id=0 araddr=c5ca3e0 arid=4 arlen=1 arsize=3 arburst=1 rid=[] rresp=[] rdata=[]
[15000] [SEQUENCER] READ mst_id=1 s_id=0 araddr=1f995a90 arid=0 arlen=1 arsize=3 arburst=1 rid=[] rresp=[] rdata=[]
[15000] [SEQUENCER] mst_id=0 s_id=0 awaddr=10903f58 awid=110 awlen=1 awsize=3 awburst=1 wdata=[] wstrb=[] bresp=0 bid=0
[15000] [SEQUENCER] READ mst_id=0 s_id=0 araddr=d745c90 arid=6 arlen=1 arsize=3 arburst=1 rid=[] rresp=[] rdata=[]
[15000] [SEQUENCER] READ mst_id=1 s_id=0 araddr=654c108 arid=1 arlen=1 arsize=3 arburst=1 rid=[] rresp=[] rdata=[]
[15000] [SEQUENCER] mst_id=0 s_id=0 awaddr=17232290 awid=1001 awlen=1 awsize=3 awburst=1 wdata=[] wstrb=[] bresp=0 bid=0
[15000] MASTER_DRIVER0 received transaction, op=AXI_WRITE
[15000] MASTER_DRIVER1 received transaction, op=AXI_READ
[35000] MASTER 0 AW_VALID_RDY Handshake
[35000] MASTER_DRIVER1 received transaction, op=AXI_READ
[45000] ARB MONITOR: slave=0 m0_req=1 m1_req=0 winner=0
[45000] ARB MONITOR: slave=1 m0_req=0 m1_req=1 winner=1
[45000] AXI S0_ARVALID_RDY HANDSHAKE
[45000] MEMORY READ MISS beat=0 addr=1f995a90 -> default data id=16
[45000] AXI S0_AWVALID_RDY HANDSHAKE
[55000] MEMORY READ MISS beat=1 addr=1f995a98 -> default data id=16
[55000] SLAVE 1 R_VALID_RDY Handshake beat=0 rlast=0
[55000] MASTER 0 W_VALID_RDY Handshake beat=0 wlast=0
[65000] MASTER_DRIVER0 received transaction, op=AXI_READ
[65000] MASTER 0 W_VALID_RDY Handshake beat=1 wlast=1
[65000] ARB MONITOR: slave=0 m0_req=0 m1_req=1 winner=1
[65000] SLAVE 1 R_VALID_RDY Handshake beat=1 rlast=1
[65000] [SLAVE MONITOR AR] READ mst_id=1 s_id=1 araddr=1f995a90 arid=0 arlen=1 arsize=3 arburst=1 rid=[1010] rresp=[00] rdata=[baadf00d12345678baadf00d12345678]
[65000] AXI S0_WVALID_RDY HANDSHAKE
[65000] AXI S0_ARVALID_RDY HANDSHAKE
[65000] MEMORY READ MISS beat=0 addr=654c108 -> default data id=17
[65000] AXI S0_WVALID_RDY HANDSHAKE
[65000] S0 MEMORY WRITE beat=0 addr=0d1aa8f0 data=0000000000000000 id=00
[75000] AXI S0_WVALID_RDY HANDSHAKE
[75000] S0 MEMORY WRITE beat=1 addr=0d1aa8f8 data=0000000000000000 id=00
[75000] MEMORY READ MISS beat=1 addr=654c110 -> default data id=17
[75000] AXI S0_WVALID_RDY HANDSHAKE
[75000] SLAVE 0 R_VALID_RDY Handshake beat=0 rlast=0
[75000] MASTER 1 R_VALID_RDY Handshake beat=0 rlast=0
[85000] [MASTER DRIVER] READ mst_id=1 s_id=0 araddr=1f995a90 arid=0 arlen=1 arsize=3 arburst=1 rid=[00] rresp=[00] rdata=[baadf00d12345678baadf00d12345678]
[85000] MASTER_DRIVER0 received transaction, op=AXI_WRITE
[85000] MASTER 1 R_VALID_RDY Handshake beat=1 rlast=1
[85000] [MASTER MONITOR] READ mst_id=1 s_id=1 araddr=1f995a90 arid=0 arlen=1 arsize=3 arburst=1 rid=[00] rresp=[00] rdata=[baadf00d12345678baadf00d12345678]
[85000] SLAVE 0 R_VALID_RDY Handshake beat=1 rlast=1
[85000] [SLAVE MONITOR AR] READ mst_id=1 s_id=0 araddr=654c108 arid=1 arlen=1 arsize=3 arburst=1 rid=[1111] rresp=[00] rdata=[baadf00d12345678baadf00d12345678]
[85000] AXI S0_BVALID_RDY HANDSHAKE
[85000] [SLAVE MONITOR] mst_id=0 s_id=0 awaddr=d1aa8f0 awid=0 awlen=1 awsize=3 awburst=1 wdata=[0 0 ] wstrb=[0 0 ] bresp=0 bid=0
[85000] SLAVE0 sent B resp, id=0
[85000] SCOREBOARD MATCH: decode_err expected = 0, actual =0
[85000] SCOREBOARD MATCH: slave_id expected = 1, actual =1
[85000] SCOREBOARD MATCH: araddr passthrough expected = 1f995a90, actual =1f995a90
[85000] SCOREBOARD MATCH: arlen passthrough expected = 1, actual =1
[85000] SCOREBOARD MATCH: arsize passthrough expected = 3, actual =3
[85000] SCOREBOARD MATCH: arburst passthrough expected = 1, actual =1
[85000] SCOREBOARD MATCH: rdata size check expected = 2, actual =2
[85000] SCOREBOARD MATCH: rdata passthrough beat=0 expected = baadf00d12345678, actual =baadf00d12345678
[85000] SCOREBOARD MATCH: rdata passthrough beat=1 expected = baadf00d12345678, actual =baadf00d12345678
[85000] SCOREBOARD MATCH: rresp size check expected = 2, actual =2
[85000] SCOREBOARD MATCH: rresp passthrough beat=0 expected = 0, actual =0
[85000] SCOREBOARD MATCH: rresp passthrough beat=1 expected = 0, actual =0
[85000] SCOREBOARD MATCH: response routed to correct master (read beat 0) expected = 1, actual =1
[85000] SCOREBOARD MATCH: response routed to correct master (read beat 1) expected = 1, actual =1
[85000] [SCOREBOARD-M] READ mst_id=1 s_id=1 araddr=1f995a90 arid=0 arlen=1 arsize=3 arburst=1 rid=[00] rresp=[00] rdata=[baadf00d12345678baadf00d12345678]
[85000] [SCOREBOARD-S] READ mst_id=1 s_id=1 araddr=1f995a90 arid=0 arlen=1 arsize=3 arburst=1 rid=[1010] rresp=[00] rdata=[baadf00d12345678baadf00d12345678]
[85000] SCOREBOARD: Transaction 1 received. pass=14 fail=0
[85000] ALL PASS. Total transactions: 1
[95000] AXI S0_ARVALID_RDY HANDSHAKE
[95000] MEMORY READ MISS beat=0 addr=156bdc48 -> default data id=1
[95000] ARB MONITOR: slave=1 m0_req=1 m1_req=0 winner=0
[105000] MASTER 0 RECEIVED BRESP. BRESP=0
[105000] [MASTER DRIVER] mst_id=0 s_id=0 awaddr=d1aa8f0 awid=0 awlen=1 awsize=3 awburst=1 wdata=[] wstrb=[] bresp=0 bid=0
[105000] MASTER 0 AW_VALID_RDY Handshake
[105000] MASTER 0 B_VALID_RDY Handshake
[105000] [MASTER MONITOR] mst_id=0 s_id=0 awaddr=d1aa8f0 awid=0 awlen=1 awsize=3 awburst=1 wdata=[0 0 ] wstrb=[0 0 ] bresp=0 bid=0
[105000] MASTER 1 R_VALID_RDY Handshake beat=0 rlast=0
[105000] SLAVE 1 R_VALID_RDY Handshake beat=0 rlast=0
[105000] MEMORY READ MISS beat=1 addr=156bdc50 -> default data id=1
[105000] SCOREBOARD MATCH: decode_err expected = 0, actual =0
[105000] SCOREBOARD MATCH: slave_id expected = 0, actual =0
[105000] SCOREBOARD MATCH: awaddr passthrough expected = d1aa8f0, actual =d1aa8f0
[105000] SCOREBOARD MATCH: awlen passthrough expected = 1, actual =1
[105000] SCOREBOARD MATCH: awsize passthrough expected = 3, actual =3
[105000] SCOREBOARD MATCH: awburst passthrough expected = 1, actual =1
[105000] SCOREBOARD MATCH: wdata size check expected = 2, actual =2
[105000] SCOREBOARD MATCH: wdata passthrough beat=0 expected = 0, actual =0
[105000] SCOREBOARD MATCH: wdata passthrough beat=1 expected = 0, actual =0
[105000] SCOREBOARD MATCH: wstrb size check expected = 2, actual =2
[105000] SCOREBOARD MATCH: wstrb passthrough beat=0 expected = 0, actual =0
[105000] SCOREBOARD MATCH: wstrb passthrough beat=1 expected = 0, actual =0
[105000] SCOREBOARD MATCH: bresp passthrough expected = 0, actual =0
[105000] SCOREBOARD MATCH: response routed to correct master (write) expected = 0, actual =0
[105000] [SCOREBOARD-M] mst_id=0 s_id=0 awaddr=d1aa8f0 awid=0 awlen=1 awsize=3 awburst=1 wdata=[0 0 ] wstrb=[0 0 ] bresp=0 bid=0
[105000] [SCOREBOARD-S] mst_id=0 s_id=0 awaddr=d1aa8f0 awid=0 awlen=1 awsize=3 awburst=1 wdata=[0 0 ] wstrb=[0 0 ] bresp=0 bid=0
[105000] SCOREBOARD: Transaction 2 received. pass=28 fail=0
[105000] ALL PASS. Total transactions: 2
[115000] AXI S0_AWVALID_RDY HANDSHAKE
[115000] SLAVE 1 R_VALID_RDY Handshake beat=1 rlast=1
[115000] [SLAVE MONITOR AR] READ mst_id=0 s_id=1 araddr=156bdc48 arid=1 arlen=1 arsize=3 arburst=1 rid=[11] rresp=[00] rdata=[baadf00d12345678baadf00d12345678]
[115000] ARB MONITOR: slave=0 m0_req=1 m1_req=0 winner=0
[115000] MASTER 1 R_VALID_RDY Handshake beat=1 rlast=1
[115000] [MASTER MONITOR] READ mst_id=1 s_id=0 araddr=654c108 arid=1 arlen=1 arsize=3 arburst=1 rid=[11] rresp=[00] rdata=[baadf00d12345678baadf00d12345678]
[115000] [MASTER DRIVER] READ mst_id=1 s_id=0 araddr=654c108 arid=1 arlen=1 arsize=3 arburst=1 rid=[11] rresp=[00] rdata=[baadf00d12345678baadf00d12345678]
[115000] SCOREBOARD MATCH: decode_err expected = 0, actual =0
[115000] SCOREBOARD MATCH: slave_id expected = 0, actual =0
[115000] SCOREBOARD MATCH: araddr passthrough expected = 654c108, actual =654c108
[115000] SCOREBOARD MATCH: arlen passthrough expected = 1, actual =1
[115000] SCOREBOARD MATCH: arsize passthrough expected = 3, actual =3
[115000] SCOREBOARD MATCH: arburst passthrough expected = 1, actual =1
[115000] SCOREBOARD MATCH: rdata size check expected = 2, actual =2
[115000] SCOREBOARD MATCH: rdata passthrough beat=0 expected = baadf00d12345678, actual =baadf00d12345678
[115000] SCOREBOARD MATCH: rdata passthrough beat=1 expected = baadf00d12345678, actual =baadf00d12345678
[115000] SCOREBOARD MATCH: rresp size check expected = 2, actual =2
[115000] SCOREBOARD MATCH: rresp passthrough beat=0 expected = 0, actual =0
[115000] SCOREBOARD MATCH: rresp passthrough beat=1 expected = 0, actual =0
[115000] SCOREBOARD MATCH: response routed to correct master (read beat 0) expected = 1, actual =1
[115000] SCOREBOARD MATCH: response routed to correct master (read beat 1) expected = 1, actual =1
[115000] [SCOREBOARD-M] READ mst_id=1 s_id=0 araddr=654c108 arid=1 arlen=1 arsize=3 arburst=1 rid=[11] rresp=[00] rdata=[baadf00d12345678baadf00d12345678]
[115000] [SCOREBOARD-S] READ mst_id=1 s_id=0 araddr=654c108 arid=1 arlen=1 arsize=3 arburst=1 rid=[1111] rresp=[00] rdata=[baadf00d12345678baadf00d12345678]
[115000] SCOREBOARD: Transaction 3 received. pass=42 fail=0
[115000] ALL PASS. Total transactions: 3
[125000] MASTER 0 W_VALID_RDY Handshake beat=0 wlast=0
[125000] MASTER 0 R_VALID_RDY Handshake beat=0 rlast=0
[135000] AXI S0_WVALID_RDY HANDSHAKE
[135000] S0 MEMORY WRITE beat=0 addr=044f5690 data=0000000000000000 id=00
[135000] AXI S0_WVALID_RDY HANDSHAKE
[135000] MASTER 0 R_VALID_RDY Handshake beat=1 rlast=1
[135000] [MASTER MONITOR] READ mst_id=0 s_id=1 araddr=156bdc48 arid=1 arlen=1 arsize=3 arburst=1 rid=[11] rresp=[00] rdata=[baadf00d12345678baadf00d12345678]
[135000] MASTER 0 W_VALID_RDY Handshake beat=1 wlast=1
[135000] [MASTER DRIVER] READ mst_id=0 s_id=0 araddr=156bdc48 arid=1 arlen=1 arsize=3 arburst=1 rid=[11] rresp=[00] rdata=[baadf00d12345678baadf00d12345678]
[135000] MASTER_DRIVER0 received transaction, op=AXI_WRITE
[135000] SCOREBOARD MATCH: decode_err expected = 0, actual =0
[135000] SCOREBOARD MATCH: slave_id expected = 1, actual =1
[135000] SCOREBOARD MATCH: araddr passthrough expected = 156bdc48, actual =156bdc48
[135000] SCOREBOARD MATCH: arlen passthrough expected = 1, actual =1
[135000] SCOREBOARD MATCH: arsize passthrough expected = 3, actual =3
[135000] SCOREBOARD MATCH: arburst passthrough expected = 1, actual =1
[135000] SCOREBOARD MATCH: rdata size check expected = 2, actual =2
[135000] SCOREBOARD MATCH: rdata passthrough beat=0 expected = baadf00d12345678, actual =baadf00d12345678
[135000] SCOREBOARD MATCH: rdata passthrough beat=1 expected = baadf00d12345678, actual =baadf00d12345678
[135000] SCOREBOARD MATCH: rresp size check expected = 2, actual =2
[135000] SCOREBOARD MATCH: rresp passthrough beat=0 expected = 0, actual =0
[135000] SCOREBOARD MATCH: rresp passthrough beat=1 expected = 0, actual =0
[135000] SCOREBOARD MATCH: response routed to correct master (read beat 0) expected = 0, actual =0
[135000] SCOREBOARD MATCH: response routed to correct master (read beat 1) expected = 0, actual =0
[135000] [SCOREBOARD-M] READ mst_id=0 s_id=1 araddr=156bdc48 arid=1 arlen=1 arsize=3 arburst=1 rid=[11] rresp=[00] rdata=[baadf00d12345678baadf00d12345678]
[135000] [SCOREBOARD-S] READ mst_id=0 s_id=1 araddr=156bdc48 arid=1 arlen=1 arsize=3 arburst=1 rid=[11] rresp=[00] rdata=[baadf00d12345678baadf00d12345678]
[135000] SCOREBOARD: Transaction 4 received. pass=56 fail=0
[135000] ALL PASS. Total transactions: 4
[145000] AXI S0_WVALID_RDY HANDSHAKE
[145000] AXI S0_WVALID_RDY HANDSHAKE
[145000] S0 MEMORY WRITE beat=1 addr=044f5698 data=0000000000000000 id=00
[155000] SLAVE0 sent B resp, id=0
[155000] AXI S0_BVALID_RDY HANDSHAKE
[155000] [SLAVE MONITOR] mst_id=0 s_id=0 awaddr=44f5690 awid=0 awlen=1 awsize=3 awburst=1 wdata=[0 0 ] wstrb=[0 0 ] bresp=0 bid=0
[155000] MASTER 0 AW_VALID_RDY Handshake
[165000] ARB MONITOR: slave=1 m0_req=1 m1_req=0 winner=0
[165000] AXI S1_AWVALID_RDY HANDSHAKE
[175000] MASTER 0 W_VALID_RDY Handshake beat=0 wlast=0
[175000] MASTER 0 B_VALID_RDY Handshake
[175000] [MASTER MONITOR] mst_id=0 s_id=0 awaddr=44f5690 awid=0 awlen=1 awsize=3 awburst=1 wdata=[0 0 ] wstrb=[0 0 ] bresp=0 bid=0
[175000] MASTER 0 RECEIVED BRESP. BRESP=0
[175000] [MASTER DRIVER] mst_id=0 s_id=0 awaddr=44f5690 awid=0 awlen=1 awsize=3 awburst=1 wdata=[] wstrb=[] bresp=0 bid=0
[175000] SCOREBOARD MATCH: decode_err expected = 0, actual =0
[175000] SCOREBOARD MATCH: slave_id expected = 0, actual =0
[175000] SCOREBOARD MATCH: awaddr passthrough expected = 44f5690, actual =44f5690
[175000] SCOREBOARD MATCH: awlen passthrough expected = 1, actual =1
[175000] SCOREBOARD MATCH: awsize passthrough expected = 3, actual =3
[175000] SCOREBOARD MATCH: awburst passthrough expected = 1, actual =1
[175000] SCOREBOARD MATCH: wdata size check expected = 2, actual =2
[175000] SCOREBOARD MATCH: wdata passthrough beat=0 expected = 0, actual =0
[175000] SCOREBOARD MATCH: wdata passthrough beat=1 expected = 0, actual =0
[175000] SCOREBOARD MATCH: wstrb size check expected = 2, actual =2
[175000] SCOREBOARD MATCH: wstrb passthrough beat=0 expected = 0, actual =0
[175000] SCOREBOARD MATCH: wstrb passthrough beat=1 expected = 0, actual =0
[175000] SCOREBOARD MATCH: bresp passthrough expected = 0, actual =0
[175000] SCOREBOARD MATCH: response routed to correct master (write) expected = 0, actual =0
[175000] [SCOREBOARD-M] mst_id=0 s_id=0 awaddr=44f5690 awid=0 awlen=1 awsize=3 awburst=1 wdata=[0 0 ] wstrb=[0 0 ] bresp=0 bid=0
[175000] [SCOREBOARD-S] mst_id=0 s_id=0 awaddr=44f5690 awid=0 awlen=1 awsize=3 awburst=1 wdata=[0 0 ] wstrb=[0 0 ] bresp=0 bid=0
[175000] SCOREBOARD: Transaction 5 received. pass=70 fail=0
[175000] ALL PASS. Total transactions: 5
[185000] MASTER_DRIVER0 received transaction, op=AXI_READ
[185000] MASTER 0 W_VALID_RDY Handshake beat=1 wlast=1
[185000] AXI S1_WVALID_RDY HANDSHAKE
[185000] S1 MEMORY WRITE beat=0 addr=15cac6d8 data=0000000000000000 id=0b
[195000] S1 MEMORY WRITE beat=1 addr=15cac6e0 data=0000000000000000 id=0b
[195000] AXI S1_WVALID_RDY HANDSHAKE
[205000] MASTER_DRIVER0 received transaction, op=AXI_WRITE
[205000] AXI S1_BVALID_RDY HANDSHAKE
[205000] [SLAVE MONITOR] mst_id=0 s_id=1 awaddr=15cac6d8 awid=1011 awlen=1 awsize=3 awburst=1 wdata=[0 0 ] wstrb=[0 0 ] bresp=0 bid=1011
[205000] SLAVE1 sent B resp, id=11
[215000] AXI S0_ARVALID_RDY HANDSHAKE
[215000] MEMORY READ MISS beat=0 addr=c5ca3e0 -> default data id=4
[215000] ARB MONITOR: slave=0 m0_req=1 m1_req=0 winner=0
[225000] MASTER 0 RECEIVED BRESP. BRESP=0
[225000] [MASTER DRIVER] mst_id=0 s_id=0 awaddr=15cac6d8 awid=1011 awlen=1 awsize=3 awburst=1 wdata=[] wstrb=[] bresp=0 bid=1011
[225000] MASTER 0 AW_VALID_RDY Handshake
[225000] MASTER 0 B_VALID_RDY Handshake
[225000] [MASTER MONITOR] mst_id=0 s_id=1 awaddr=15cac6d8 awid=1011 awlen=1 awsize=3 awburst=1 wdata=[0 0 ] wstrb=[0 0 ] bresp=0 bid=1011
[225000] SLAVE 0 R_VALID_RDY Handshake beat=0 rlast=0
[225000] MEMORY READ MISS beat=1 addr=c5ca3e8 -> default data id=4
[225000] SCOREBOARD MATCH: decode_err expected = 0, actual =0
[225000] SCOREBOARD MATCH: slave_id expected = 1, actual =1
[225000] SCOREBOARD MATCH: awaddr passthrough expected = 15cac6d8, actual =15cac6d8
[225000] SCOREBOARD MATCH: awlen passthrough expected = 1, actual =1
[225000] SCOREBOARD MATCH: awsize passthrough expected = 3, actual =3
[225000] SCOREBOARD MATCH: awburst passthrough expected = 1, actual =1
[225000] SCOREBOARD MATCH: wdata size check expected = 2, actual =2
[225000] SCOREBOARD MATCH: wdata passthrough beat=0 expected = 0, actual =0
[225000] SCOREBOARD MATCH: wdata passthrough beat=1 expected = 0, actual =0
[225000] SCOREBOARD MATCH: wstrb size check expected = 2, actual =2
[225000] SCOREBOARD MATCH: wstrb passthrough beat=0 expected = 0, actual =0
[225000] SCOREBOARD MATCH: wstrb passthrough beat=1 expected = 0, actual =0
[225000] SCOREBOARD MATCH: bresp passthrough expected = 0, actual =0
[225000] SCOREBOARD MATCH: response routed to correct master (write) expected = 0, actual =0
[225000] [SCOREBOARD-M] mst_id=0 s_id=1 awaddr=15cac6d8 awid=1011 awlen=1 awsize=3 awburst=1 wdata=[0 0 ] wstrb=[0 0 ] bresp=0 bid=1011
[225000] [SCOREBOARD-S] mst_id=0 s_id=1 awaddr=15cac6d8 awid=1011 awlen=1 awsize=3 awburst=1 wdata=[0 0 ] wstrb=[0 0 ] bresp=0 bid=1011
[225000] SCOREBOARD: Transaction 6 received. pass=84 fail=0
[225000] ALL PASS. Total transactions: 6
[235000] AXI S1_AWVALID_RDY HANDSHAKE
[235000] SLAVE 0 R_VALID_RDY Handshake beat=1 rlast=1
[235000] [SLAVE MONITOR AR] READ mst_id=0 s_id=0 araddr=c5ca3e0 arid=4 arlen=1 arsize=3 arburst=1 rid=[44] rresp=[00] rdata=[baadf00d12345678baadf00d12345678]
[235000] ARB MONITOR: slave=1 m0_req=1 m1_req=0 winner=0
[245000] MASTER 0 W_VALID_RDY Handshake beat=0 wlast=0
[245000] MASTER 0 R_VALID_RDY Handshake beat=0 rlast=0
[255000] S1 MEMORY WRITE beat=0 addr=10903f58 data=0000000000000000 id=06
[255000] AXI S1_WVALID_RDY HANDSHAKE
[255000] MASTER 0 R_VALID_RDY Handshake beat=1 rlast=1
[255000] [MASTER MONITOR] READ mst_id=0 s_id=0 araddr=c5ca3e0 arid=4 arlen=1 arsize=3 arburst=1 rid=[44] rresp=[00] rdata=[baadf00d12345678baadf00d12345678]
[255000] MASTER 0 W_VALID_RDY Handshake beat=1 wlast=1
[255000] [MASTER DRIVER] READ mst_id=0 s_id=0 araddr=c5ca3e0 arid=4 arlen=1 arsize=3 arburst=1 rid=[44] rresp=[00] rdata=[baadf00d12345678baadf00d12345678]
[255000] MASTER_DRIVER0 received transaction, op=AXI_READ
[255000] SCOREBOARD MATCH: decode_err expected = 0, actual =0
[255000] SCOREBOARD MATCH: slave_id expected = 0, actual =0
[255000] SCOREBOARD MATCH: araddr passthrough expected = c5ca3e0, actual =c5ca3e0
[255000] SCOREBOARD MATCH: arlen passthrough expected = 1, actual =1
[255000] SCOREBOARD MATCH: arsize passthrough expected = 3, actual =3
[255000] SCOREBOARD MATCH: arburst passthrough expected = 1, actual =1
[255000] SCOREBOARD MATCH: rdata size check expected = 2, actual =2
[255000] SCOREBOARD MATCH: rdata passthrough beat=0 expected = baadf00d12345678, actual =baadf00d12345678
[255000] SCOREBOARD MATCH: rdata passthrough beat=1 expected = baadf00d12345678, actual =baadf00d12345678
[255000] SCOREBOARD MATCH: rresp size check expected = 2, actual =2
[255000] SCOREBOARD MATCH: rresp passthrough beat=0 expected = 0, actual =0
[255000] SCOREBOARD MATCH: rresp passthrough beat=1 expected = 0, actual =0
[255000] SCOREBOARD MATCH: response routed to correct master (read beat 0) expected = 0, actual =0
[255000] SCOREBOARD MATCH: response routed to correct master (read beat 1) expected = 0, actual =0
[255000] [SCOREBOARD-M] READ mst_id=0 s_id=0 araddr=c5ca3e0 arid=4 arlen=1 arsize=3 arburst=1 rid=[44] rresp=[00] rdata=[baadf00d12345678baadf00d12345678]
[255000] [SCOREBOARD-S] READ mst_id=0 s_id=0 araddr=c5ca3e0 arid=4 arlen=1 arsize=3 arburst=1 rid=[44] rresp=[00] rdata=[baadf00d12345678baadf00d12345678]
[255000] SCOREBOARD: Transaction 7 received. pass=98 fail=0
[255000] ALL PASS. Total transactions: 7
[265000] AXI S1_WVALID_RDY HANDSHAKE
[265000] S1 MEMORY WRITE beat=1 addr=10903f60 data=0000000000000000 id=06
[275000] SLAVE1 sent B resp, id=6
[275000] AXI S1_BVALID_RDY HANDSHAKE
[275000] [SLAVE MONITOR] mst_id=0 s_id=1 awaddr=10903f58 awid=110 awlen=1 awsize=3 awburst=1 wdata=[0 0 ] wstrb=[0 0 ] bresp=0 bid=110
[275000] MASTER_DRIVER0 received transaction, op=AXI_WRITE
[285000] ARB MONITOR: slave=0 m0_req=1 m1_req=0 winner=0
[285000] AXI S0_ARVALID_RDY HANDSHAKE
[285000] MEMORY READ MISS beat=0 addr=d745c90 -> default data id=6
[295000] MEMORY READ MISS beat=1 addr=d745c98 -> default data id=6
[295000] SLAVE 0 R_VALID_RDY Handshake beat=0 rlast=0
[295000] MASTER 0 AW_VALID_RDY Handshake
[295000] MASTER 0 B_VALID_RDY Handshake
[295000] [MASTER MONITOR] mst_id=0 s_id=1 awaddr=10903f58 awid=110 awlen=1 awsize=3 awburst=1 wdata=[0 0 ] wstrb=[0 0 ] bresp=0 bid=110
[295000] MASTER 0 RECEIVED BRESP. BRESP=0
[295000] [MASTER DRIVER] mst_id=0 s_id=0 awaddr=10903f58 awid=110 awlen=1 awsize=3 awburst=1 wdata=[] wstrb=[] bresp=0 bid=110
[295000] SCOREBOARD MATCH: decode_err expected = 0, actual =0
[295000] SCOREBOARD MATCH: slave_id expected = 1, actual =1
[295000] SCOREBOARD MATCH: awaddr passthrough expected = 10903f58, actual =10903f58
[295000] SCOREBOARD MATCH: awlen passthrough expected = 1, actual =1
[295000] SCOREBOARD MATCH: awsize passthrough expected = 3, actual =3
[295000] SCOREBOARD MATCH: awburst passthrough expected = 1, actual =1
[295000] SCOREBOARD MATCH: wdata size check expected = 2, actual =2
[295000] SCOREBOARD MATCH: wdata passthrough beat=0 expected = 0, actual =0
[295000] SCOREBOARD MATCH: wdata passthrough beat=1 expected = 0, actual =0
[295000] SCOREBOARD MATCH: wstrb size check expected = 2, actual =2
[295000] SCOREBOARD MATCH: wstrb passthrough beat=0 expected = 0, actual =0
[295000] SCOREBOARD MATCH: wstrb passthrough beat=1 expected = 0, actual =0
[295000] SCOREBOARD MATCH: bresp passthrough expected = 0, actual =0
[295000] SCOREBOARD MATCH: response routed to correct master (write) expected = 0, actual =0
[295000] [SCOREBOARD-M] mst_id=0 s_id=1 awaddr=10903f58 awid=110 awlen=1 awsize=3 awburst=1 wdata=[0 0 ] wstrb=[0 0 ] bresp=0 bid=110
[295000] [SCOREBOARD-S] mst_id=0 s_id=1 awaddr=10903f58 awid=110 awlen=1 awsize=3 awburst=1 wdata=[0 0 ] wstrb=[0 0 ] bresp=0 bid=110
[295000] SCOREBOARD: Transaction 8 received. pass=112 fail=0
[295000] ALL PASS. Total transactions: 8
[305000] ARB MONITOR: slave=1 m0_req=1 m1_req=0 winner=0
[305000] SLAVE 0 R_VALID_RDY Handshake beat=1 rlast=1
[305000] [SLAVE MONITOR AR] READ mst_id=0 s_id=0 araddr=d745c90 arid=6 arlen=1 arsize=3 arburst=1 rid=[66] rresp=[00] rdata=[baadf00d12345678baadf00d12345678]
[305000] AXI S1_AWVALID_RDY HANDSHAKE
[315000] MASTER 0 R_VALID_RDY Handshake beat=0 rlast=0
[315000] MASTER 0 W_VALID_RDY Handshake beat=0 wlast=0
[325000] [MASTER DRIVER] READ mst_id=0 s_id=0 araddr=d745c90 arid=6 arlen=1 arsize=3 arburst=1 rid=[66] rresp=[00] rdata=[baadf00d12345678baadf00d12345678]
[325000] MASTER 0 W_VALID_RDY Handshake beat=1 wlast=1
[325000] MASTER 0 R_VALID_RDY Handshake beat=1 rlast=1
[325000] [MASTER MONITOR] READ mst_id=0 s_id=0 araddr=d745c90 arid=6 arlen=1 arsize=3 arburst=1 rid=[66] rresp=[00] rdata=[baadf00d12345678baadf00d12345678]
[325000] AXI S1_WVALID_RDY HANDSHAKE
[325000] S1 MEMORY WRITE beat=0 addr=17232290 data=0000000000000000 id=09
[325000] SCOREBOARD MATCH: decode_err expected = 0, actual =0
[325000] SCOREBOARD MATCH: slave_id expected = 0, actual =0
[325000] SCOREBOARD MATCH: araddr passthrough expected = d745c90, actual =d745c90
[325000] SCOREBOARD MATCH: arlen passthrough expected = 1, actual =1
[325000] SCOREBOARD MATCH: arsize passthrough expected = 3, actual =3
[325000] SCOREBOARD MATCH: arburst passthrough expected = 1, actual =1
[325000] SCOREBOARD MATCH: rdata size check expected = 2, actual =2
[325000] SCOREBOARD MATCH: rdata passthrough beat=0 expected = baadf00d12345678, actual =baadf00d12345678
[325000] SCOREBOARD MATCH: rdata passthrough beat=1 expected = baadf00d12345678, actual =baadf00d12345678
[325000] SCOREBOARD MATCH: rresp size check expected = 2, actual =2
[325000] SCOREBOARD MATCH: rresp passthrough beat=0 expected = 0, actual =0
[325000] SCOREBOARD MATCH: rresp passthrough beat=1 expected = 0, actual =0
[325000] SCOREBOARD MATCH: response routed to correct master (read beat 0) expected = 0, actual =0
[325000] SCOREBOARD MATCH: response routed to correct master (read beat 1) expected = 0, actual =0
[325000] [SCOREBOARD-M] READ mst_id=0 s_id=0 araddr=d745c90 arid=6 arlen=1 arsize=3 arburst=1 rid=[66] rresp=[00] rdata=[baadf00d12345678baadf00d12345678]
[325000] [SCOREBOARD-S] READ mst_id=0 s_id=0 araddr=d745c90 arid=6 arlen=1 arsize=3 arburst=1 rid=[66] rresp=[00] rdata=[baadf00d12345678baadf00d12345678]
[325000] SCOREBOARD: Transaction 9 received. pass=126 fail=0
[325000] ALL PASS. Total transactions: 9
[335000] S1 MEMORY WRITE beat=1 addr=17232298 data=0000000000000000 id=09
[335000] AXI S1_WVALID_RDY HANDSHAKE
[345000] AXI S1_BVALID_RDY HANDSHAKE
[345000] [SLAVE MONITOR] mst_id=0 s_id=1 awaddr=17232290 awid=1001 awlen=1 awsize=3 awburst=1 wdata=[0 0 ] wstrb=[0 0 ] bresp=0 bid=1001
[345000] SLAVE1 sent B resp, id=9
[365000] MASTER 0 RECEIVED BRESP. BRESP=0
[365000] [MASTER DRIVER] mst_id=0 s_id=0 awaddr=17232290 awid=1001 awlen=1 awsize=3 awburst=1 wdata=[] wstrb=[] bresp=0 bid=1001
[365000] MASTER 0 B_VALID_RDY Handshake
[365000] [MASTER MONITOR] mst_id=0 s_id=1 awaddr=17232290 awid=1001 awlen=1 awsize=3 awburst=1 wdata=[0 0 ] wstrb=[0 0 ] bresp=0 bid=1001
[365000] SCOREBOARD MATCH: decode_err expected = 0, actual =0
[365000] SCOREBOARD MATCH: slave_id expected = 1, actual =1
[365000] SCOREBOARD MATCH: awaddr passthrough expected = 17232290, actual =17232290
[365000] SCOREBOARD MATCH: awlen passthrough expected = 1, actual =1
[365000] SCOREBOARD MATCH: awsize passthrough expected = 3, actual =3
[365000] SCOREBOARD MATCH: awburst passthrough expected = 1, actual =1
[365000] SCOREBOARD MATCH: wdata size check expected = 2, actual =2
[365000] SCOREBOARD MATCH: wdata passthrough beat=0 expected = 0, actual =0
[365000] SCOREBOARD MATCH: wdata passthrough beat=1 expected = 0, actual =0
[365000] SCOREBOARD MATCH: wstrb size check expected = 2, actual =2
[365000] SCOREBOARD MATCH: wstrb passthrough beat=0 expected = 0, actual =0
[365000] SCOREBOARD MATCH: wstrb passthrough beat=1 expected = 0, actual =0
[365000] SCOREBOARD MATCH: bresp passthrough expected = 0, actual =0
[365000] SCOREBOARD MATCH: response routed to correct master (write) expected = 0, actual =0
[365000] [SCOREBOARD-M] mst_id=0 s_id=1 awaddr=17232290 awid=1001 awlen=1 awsize=3 awburst=1 wdata=[0 0 ] wstrb=[0 0 ] bresp=0 bid=1001
[365000] [SCOREBOARD-S] mst_id=0 s_id=1 awaddr=17232290 awid=1001 awlen=1 awsize=3 awburst=1 wdata=[0 0 ] wstrb=[0 0 ] bresp=0 bid=1001
[365000] SCOREBOARD: Transaction 10 received. pass=140 fail=0
[365000] SCOREBOARD: Expected 10 transactions completed, PASS=140 FAIL=0
[365000] ALL PASS. Total transactions: 10
[365000] ALL TRANSACTIONS MONITORED
$finish called at time : 385 ns : File "/home/nashita/Desktop/practice/axi_xbar/tb/top/axi_tb_top.sv" Line 206
exit
INFO: xsimkernel Simulation Memory Usage: 289416 KB (Peak: 337820 KB), Simulation CPU Usage: 1210 ms
INFO: [Common 17-206] Exiting xsim at Tue Sep  8 15:51:11 2026...
