#-----------------------------------------------------------
# xsim v2025.2 (64-bit)
# SW Build 6299465 on Fri Nov 14 12:34:56 MST 2025
# IP Build 6300035 on Fri Nov 14 10:48:45 MST 2025
# SharedData Build 6298862 on Thu Nov 13 04:50:51 MST 2025
# Start of session at: Thu Sep 10 18:41:30 2026
# Process ID         : 3663253
# Current directory  : /home/nashita/Desktop/practice/axi_xbar/sim
# Command line       : xsim -log regress_results/BT_run401.log -mode tcl -source {xsim.dir/tb_top_snap/xsim_script.tcl}
# Log file           : /home/nashita/Desktop/practice/axi_xbar/sim/regress_results/BT_run401.log
# Journal file       : /home/nashita/Desktop/practice/axi_xbar/sim/xsim.jou
# Running On         : vlsi-vivado
# Platform           : Ubuntu
# Operating System   : Ubuntu 24.04.4 LTS
# Processor Detail   : Intel(R) Core(TM) i5-10400 CPU @ 2.90GHz
# CPU Frequency      : 4000.133 MHz
# CPU Physical cores : 6
# CPU Logical cores  : 12
# Host memory        : 41875 MB
# Swap memory        : 27648 MB
# Total Virtual      : 69524 MB
# Available Virtual  : 62739 MB
#-----------------------------------------------------------
source xsim.dir/tb_top_snap/xsim_script.tcl
# xsim {tb_top_snap} -testplusarg BT -autoloadwcfg -runall -sv_seed 402
Time resolution is 1 ps
run -all
[0] RUNNING BASE TEST
[0] INSIDE THE BASE TEST CONSTRUCTOR
[0] ENV: before agent
[0] SLAVE CONSTRUCTED
[0] MASTER MONITOR CONSTRUCTED
[0] MASTER MONITOR CONSTRUCTED
[0] SLAVE MONITOR CONSTRUCTED
[0] SLAVE MONITOR CONSTRUCTED
[0] ARB MONITOR CONSTRUCTED
GENERATOR CONSTRUCTED
[0] ENV: after agent
[0] ENV: before scoreboard
[0] ENV: after scoreboard
[15000] [SEQUENCER] mst_id=1 s_id=0 awaddr=18e257f8 awid=1001 awlen=157 awsize=4 awburst=1 wdata=[c40acfc2ca8f7ccb bf533f49c432fd83 e74f4883f85dd524 c2ed51f018d62930 dd0926b3ab5a1845 23b7ed6a82409139 9b16ba69c4586f36 efb2877ce6a53f5a e8e5d093f81fe11d bc785053136a74e6 fa0fb44003fc8afd fc1c6c1aac2ad7cf bf954cb5e2f584d3 e6f20fd0b894bc6d e4bf943db9a500f5 1c9a85c9e30e7bea 1ba33858a454e0f2 ddf9e1e8838c9599 e69b11840062cc95 a4b7ad87fa9467b1 fe20fd4a023e49dc 2a1167182b18f6f fd45f720e4bc0ece e6fa58aaa758c3f8 2a0a5368fb66f46b e0230339e99b6f1b 10f43314a7504a88 a2b73ef3c71d5be4 b0b8caff3afe867c e24ed10402da422d c9f79e11c1acfe13 fcab848f05060ff8 7e05225fab06910 3c5d6724defa5594 e400658cd1d7f036 cc885946b908ebb3 98034147ebe0b7b1 3db8a7e788e5c06a c1eeac1efc03a6d3 e7e45e848a41012d 1326c198d9f1ed65 d5f59439a59d066b 2fde0799d5156db6 af075b1bbdd9f2bd e376f929c304c931 181a36e784fcef54 c2d6e212135500c2 d659c9f3c7219202 cc1e8157264ddb3b 39a2dbfdee7400da b59592dc0ef56369 35433ea40ffca5f0 fe70a6ca81b41433 90a9779ceee61aa1 fee2c091b40639a6 35ba4ddac5ecb640 b4d2d0e1fd53675b b159a101c663c576 c507bb7b3b59172 b108f8cde713eedb 2d77b452c1234c98 f4d8de0be26299cf c97688aa39c83009 faeb7ca1a5e1d6d8 884470a7f6ee3cfc b0b66d05efc45aac 15a63185d1baf952 c8a9364e2ba1e9a7 9b6644539deaa22c efa59b7ef95fa354 25018cfbb10c75d8 cef71805384ed1cd 31ae7521c067d14e f1744727be9cb383 f6eb8550d6b0021c 9717d36ac06b5f2c ff0812afa899fa71 ff49fc8d888c1a91 c8f779bdf5f39800 9e8d92711661cff8 9eedea89c7ff8c6d 3df3246d1dd78eff 34395ef7e7e56447 2fe4f0b4dc80b6de fa5845ddd3274980 bb0cadc7edd81521 ca58cbffae91a4d4 1b8ee55eaf19e7b d8c9b39cc4b111dd f342b6b1bcc59c1c 27b73a9823227f9c e7d39179f4fba506 31c141238080ee34 a3a36dd0db16482a d011ed31d9787bbb d9f969ef8b76ff49 e68d477401d32e54 db4baa0ffd9cd7c0 8913d709369f34a5 387262f9b54513fe b2e1ebbeefa11e7d a640532213be0d08 c90321063bf5c2c8 ab96e145deb2b61b f270c323fbe50cc5 37dacf8dd1d73468 b089ea833b73e42a 3758f0efe371b0d2 b548e53a22faada7 de6e91d1ef33c07c d2a5714ee5d2cfbe 8cd7d6515c782c0 4fb433c07ee5689 edc12647e73c0f36 fd0391f6d7a0b48a df8f0b13f68ea3ac ddcab2e201fed532 d99f89bccd50315a c3ded506dace44d8 dccd1a0a392e94d0 867ec62aa1a987e8 fc77ccc0b66ca3c6 ef9b3896ca5d9b31 ec072319d944e6ca fb18a91f619fec1 c07799f2e87eefda c1c3d6a4ff4cc327 f566c1e8ac7ebd0b 94fdace5d1756135 d0c2245db5de5bda e25d18e6d6c1838a a836e4bfc628e645 fc074220f75ac5cb ce1c4955f8f9091c 3f21ef62de645b06 d5bf20d1f6532e15 ef4c37313b293182 198d8c8823db6a27 1a2e983cae6e2693 e9975815ef4cad59 93281780897acf6d 37e8f6018324e49d f27191f7ad56afbc 36d17f2aa1804e16 24a532b48599a977 32f05934eeba752b 903ac3411716c4ab 9cb06e22e9c1d85e d87c4d89b4dff5f5 cbf6baa0cfa0c756 b9629fb4e8b710ca 1d9706c0e8a728c3 b847f01991deed3d fa95fe08e98dc160 d234ea23f1aa8fce 83897d0b182d04c8 81bac6280a7cda3d fc276a0bfe1f7b13 ] wstrb=[4c db 16 89 4 2a 94 50 5 aa d9 9 d4 6d 59 da 17 32 e3 ec 9f 3d c6 b7 6f a9 a3 f e6 69 c6 56 12 69 65 f9 d2 2b 4f e4 94 b4 dd 66 df 2c 4a 73 e0 28 d9 bf 54 23 32 35 4b b f4 a0 2f 27 d5 7a 32 c9 1a 61 f0 ef dc 23 b9 f6 84 a9 e6 60 cc 9f 57 51 48 3d b1 15 dc 8 66 24 45 17 39 21 20 9f 46 65 b7 7f 87 d7 1f cd 3c d6 4c c3 ad 6b 90 e9 41 dd ad ee 48 3d d8 8a 1a 85 78 63 c2 50 ed dd d5 65 40 98 b6 2d 75 8b 92 b5 23 48 e2 98 d4 74 4d f7 bd 2f 90 91 a4 dd 88 61 d 18 f2 b1 ] bresp=0 bid=0
[15000] [SEQUENCER] mst_id=0 s_id=0 awaddr=8342200 awid=1000 awlen=10 awsize=7 awburst=2 wdata=[e7c414aa9caecbce 9b554ce723376742 9c5951c3f4bd7202 116c3dd12bd8d1d1 cf103913041d666e f8dad870acc18ab8 d89a5c89eb698ad6 ef86f1448a471641 3708a0faa7aa959c 13142073e861c9b5 f2a8dff68fa2fd83 ] wstrb=[b7 20 f0 6c 93 74 63 4a 94 53 b7 ] bresp=0 bid=0
[15000] [SEQUENCER] mst_id=1 s_id=0 awaddr=9cbb9a8 awid=11 awlen=15 awsize=6 awburst=2 wdata=[d2a1fd48f414be57 9e47ffe4db222900 e0ab93c0fdbcf147 f1d1af9f0b36a319 e658cc19b34d9108 310a82509019af83 9b50529cc7045fd9 fa51f0e222dc31ef b2f5e17281a91eb5 c8ad7e8f2b5c7332 ce38a521ce46340f cfef52c4c2ff6f71 ee5be2a3812e8693 cf74baa2989cd153 db9c40c43c9487c4 bdc30e571f640d67 ] wstrb=[67 ba fa 2b 7f 61 83 e6 1b 7d 12 9a de 95 81 f9 ] bresp=0 bid=0
[15000] [SEQUENCER] mst_id=0 s_id=0 awaddr=f58adb8 awid=100 awlen=4 awsize=6 awburst=2 wdata=[d2fb9a0ecc059702 20b82943900f83e8 dc9c25c928e6afc5 f4ec46c70f687413 9f77f7fb2f97bfd7 ] wstrb=[a 9c c4 1d 63 ] bresp=0 bid=0
[15000] [SEQUENCER] READ mst_id=1 s_id=0 araddr=2198378 arid=2 arlen=1 arsize=3 arburst=1 rid=[] rresp=[] rdata=[]
[15000] MASTER_DRIVER1 received transaction, op=AXI_WRITE
[15000] MASTER_DRIVER0 received transaction, op=AXI_WRITE
[35000] MASTER 1 AW_VALID_RDY Handshake
[35000] MASTER 0 AW_VALID_RDY Handshake
[45000] ARB MONITOR: slave=0 m0_req=1 m1_req=0 winner=0
[45000] ARB MONITOR: slave=1 m0_req=0 m1_req=1 winner=1
[45000] AXI S1_AWVALID_RDY HANDSHAKE
[45000] AXI S0_AWVALID_RDY HANDSHAKE
[55000] MASTER 1 W_VALID_RDY Handshake beat=0 wlast=0
[55000] MASTER 0 W_VALID_RDY Handshake beat=0 wlast=0
[65000] MASTER 0 W_VALID_RDY Handshake beat=1 wlast=0
[65000] MASTER 1 W_VALID_RDY Handshake beat=1 wlast=0
[65000] S1 MEMORY WRITE beat=0 addr=18e257f8 data=c40acfc2ca8f7ccb id=19
[65000] AXI S0_WVALID_RDY HANDSHAKE
[65000] S0 MEMORY WRITE beat=0 addr=08342200 data=e7c414aa9caecbce id=08
[75000] AXI S0_WVALID_RDY HANDSHAKE
[75000] S0 MEMORY WRITE beat=1 addr=08342280 data=9b554ce723376742 id=08
[75000] S1 MEMORY WRITE beat=1 addr=18e25808 data=bf533f49c432fd83 id=19
[75000] MASTER 1 W_VALID_RDY Handshake beat=2 wlast=0
[75000] MASTER 0 W_VALID_RDY Handshake beat=2 wlast=0
[85000] MASTER 0 W_VALID_RDY Handshake beat=3 wlast=0
[85000] MASTER 1 W_VALID_RDY Handshake beat=3 wlast=0
[85000] S1 MEMORY WRITE beat=2 addr=18e25818 data=e74f4883f85dd524 id=19
[85000] AXI S0_WVALID_RDY HANDSHAKE
[85000] S0 MEMORY WRITE beat=2 addr=08342300 data=9c5951c3f4bd7202 id=08
[95000] AXI S0_WVALID_RDY HANDSHAKE
[95000] S0 MEMORY WRITE beat=3 addr=08342380 data=116c3dd12bd8d1d1 id=08
[95000] S1 MEMORY WRITE beat=3 addr=18e25828 data=c2ed51f018d62930 id=19
[95000] MASTER 1 W_VALID_RDY Handshake beat=4 wlast=0
[95000] MASTER 0 W_VALID_RDY Handshake beat=4 wlast=0
[105000] MASTER 0 W_VALID_RDY Handshake beat=5 wlast=0
[105000] MASTER 1 W_VALID_RDY Handshake beat=5 wlast=0
[105000] S1 MEMORY WRITE beat=4 addr=18e25838 data=dd0926b3ab5a1845 id=19
[105000] AXI S0_WVALID_RDY HANDSHAKE
[105000] S0 MEMORY WRITE beat=4 addr=08341e80 data=cf103913041d666e id=08
[115000] AXI S0_WVALID_RDY HANDSHAKE
[115000] S0 MEMORY WRITE beat=5 addr=08341f00 data=f8dad870acc18ab8 id=08
[115000] S1 MEMORY WRITE beat=5 addr=18e25848 data=23b7ed6a82409139 id=19
[115000] MASTER 1 W_VALID_RDY Handshake beat=6 wlast=0
[115000] MASTER 0 W_VALID_RDY Handshake beat=6 wlast=0
[125000] MASTER 0 W_VALID_RDY Handshake beat=7 wlast=0
[125000] MASTER 1 W_VALID_RDY Handshake beat=7 wlast=0
[125000] S1 MEMORY WRITE beat=6 addr=18e25858 data=9b16ba69c4586f36 id=19
[125000] AXI S0_WVALID_RDY HANDSHAKE
[125000] S0 MEMORY WRITE beat=6 addr=08341f80 data=d89a5c89eb698ad6 id=08
[135000] AXI S0_WVALID_RDY HANDSHAKE
[135000] S0 MEMORY WRITE beat=7 addr=08342000 data=ef86f1448a471641 id=08
[135000] S1 MEMORY WRITE beat=7 addr=18e25868 data=efb2877ce6a53f5a id=19
[135000] MASTER 1 W_VALID_RDY Handshake beat=8 wlast=0
[135000] MASTER 0 W_VALID_RDY Handshake beat=8 wlast=0
[145000] MASTER 0 W_VALID_RDY Handshake beat=9 wlast=0
[145000] MASTER 1 W_VALID_RDY Handshake beat=9 wlast=0
[145000] S1 MEMORY WRITE beat=8 addr=18e25878 data=e8e5d093f81fe11d id=19
[145000] AXI S0_WVALID_RDY HANDSHAKE
[145000] S0 MEMORY WRITE beat=8 addr=08342080 data=3708a0faa7aa959c id=08
[155000] AXI S0_WVALID_RDY HANDSHAKE
[155000] S0 MEMORY WRITE beat=9 addr=08342100 data=13142073e861c9b5 id=08
[155000] S1 MEMORY WRITE beat=9 addr=18e25888 data=bc785053136a74e6 id=19
[155000] MASTER 1 W_VALID_RDY Handshake beat=10 wlast=0
[155000] MASTER 0 W_VALID_RDY Handshake beat=10 wlast=1
[155000] MASTER_DRIVER0 received transaction, op=AXI_WRITE
[165000] MASTER 1 W_VALID_RDY Handshake beat=11 wlast=0
[165000] S1 MEMORY WRITE beat=10 addr=18e25898 data=fa0fb44003fc8afd id=19
[165000] AXI S0_WVALID_RDY HANDSHAKE
[165000] S0 MEMORY WRITE beat=10 addr=08342180 data=f2a8dff68fa2fd83 id=08
[175000] SLAVE0 sent B resp, id=8
[175000] S1 MEMORY WRITE beat=11 addr=18e258a8 data=fc1c6c1aac2ad7cf id=19
[175000] [SLAVE MONITOR] mst_id=0 s_id=0 awaddr=8342200 awid=1000 awlen=10 awsize=7 awburst=2 wdata=[e7c414aa9caecbce 9b554ce723376742 9c5951c3f4bd7202 116c3dd12bd8d1d1 cf103913041d666e f8dad870acc18ab8 d89a5c89eb698ad6 ef86f1448a471641 3708a0faa7aa959c 13142073e861c9b5 f2a8dff68fa2fd83 ] wstrb=[b7 20 f0 6c 93 74 63 4a 94 53 b7 ] bresp=0 bid=1000
[175000] MASTER 1 W_VALID_RDY Handshake beat=12 wlast=0
[175000] MASTER 0 AW_VALID_RDY Handshake
[185000] MASTER 1 W_VALID_RDY Handshake beat=13 wlast=0
[185000] ARB MONITOR: slave=0 m0_req=1 m1_req=0 winner=0
[185000] S1 MEMORY WRITE beat=12 addr=18e258b8 data=bf954cb5e2f584d3 id=19
[185000] AXI S0_AWVALID_RDY HANDSHAKE
[195000] S1 MEMORY WRITE beat=13 addr=18e258c8 data=e6f20fd0b894bc6d id=19
[195000] MASTER 1 W_VALID_RDY Handshake beat=14 wlast=0
[195000] MASTER 0 W_VALID_RDY Handshake beat=0 wlast=0
[195000] MASTER 0 B_VALID_RDY Handshake
[195000] [MASTER MONITOR] mst_id=0 s_id=0 awaddr=8342200 awid=1000 awlen=10 awsize=7 awburst=2 wdata=[e7c414aa9caecbce 9b554ce723376742 9c5951c3f4bd7202 116c3dd12bd8d1d1 cf103913041d666e f8dad870acc18ab8 d89a5c89eb698ad6 ef86f1448a471641 3708a0faa7aa959c 13142073e861c9b5 f2a8dff68fa2fd83 ] wstrb=[b7 20 f0 6c 93 74 63 4a 94 53 b7 ] bresp=0 bid=1000
[195000] MASTER 0 RECEIVED BRESP. BRESP=0
[195000] [MASTER DRIVER] mst_id=0 s_id=0 awaddr=8342200 awid=1000 awlen=10 awsize=7 awburst=2 wdata=[e7c414aa9caecbce 9b554ce723376742 9c5951c3f4bd7202 116c3dd12bd8d1d1 cf103913041d666e f8dad870acc18ab8 d89a5c89eb698ad6 ef86f1448a471641 3708a0faa7aa959c 13142073e861c9b5 f2a8dff68fa2fd83 ] wstrb=[b7 20 f0 6c 93 74 63 4a 94 53 b7 ] bresp=0 bid=1000
[195000] SCOREBOARD MATCH: decode_err expected = 0, actual =0
[195000] SCOREBOARD MATCH: slave_id expected = 0, actual =0
[195000] SCOREBOARD MATCH: awaddr passthrough expected = 8342200, actual =8342200
[195000] SCOREBOARD MATCH: awlen passthrough expected = 10, actual =10
[195000] SCOREBOARD MATCH: awsize passthrough expected = 7, actual =7
[195000] SCOREBOARD MATCH: awburst passthrough expected = 2, actual =2
[195000] SCOREBOARD MATCH: wdata size check expected = b, actual =b
[195000] SCOREBOARD MATCH: wdata passthrough beat=0 expected = e7c414aa9caecbce, actual =e7c414aa9caecbce
[195000] SCOREBOARD MATCH: wdata passthrough beat=1 expected = 9b554ce723376742, actual =9b554ce723376742
[195000] SCOREBOARD MATCH: wdata passthrough beat=2 expected = 9c5951c3f4bd7202, actual =9c5951c3f4bd7202
[195000] SCOREBOARD MATCH: wdata passthrough beat=3 expected = 116c3dd12bd8d1d1, actual =116c3dd12bd8d1d1
[195000] SCOREBOARD MATCH: wdata passthrough beat=4 expected = cf103913041d666e, actual =cf103913041d666e
[195000] SCOREBOARD MATCH: wdata passthrough beat=5 expected = f8dad870acc18ab8, actual =f8dad870acc18ab8
[195000] SCOREBOARD MATCH: wdata passthrough beat=6 expected = d89a5c89eb698ad6, actual =d89a5c89eb698ad6
[195000] SCOREBOARD MATCH: wdata passthrough beat=7 expected = ef86f1448a471641, actual =ef86f1448a471641
[195000] SCOREBOARD MATCH: wdata passthrough beat=8 expected = 3708a0faa7aa959c, actual =3708a0faa7aa959c
[195000] SCOREBOARD MATCH: wdata passthrough beat=9 expected = 13142073e861c9b5, actual =13142073e861c9b5
[195000] SCOREBOARD MATCH: wdata passthrough beat=10 expected = f2a8dff68fa2fd83, actual =f2a8dff68fa2fd83
[195000] SCOREBOARD MATCH: wstrb size check expected = b, actual =b
[195000] SCOREBOARD MATCH: wstrb passthrough beat=0 expected = b7, actual =b7
[195000] SCOREBOARD MATCH: wstrb passthrough beat=1 expected = 20, actual =20
[195000] SCOREBOARD MATCH: wstrb passthrough beat=2 expected = f0, actual =f0
[195000] SCOREBOARD MATCH: wstrb passthrough beat=3 expected = 6c, actual =6c
[195000] SCOREBOARD MATCH: wstrb passthrough beat=4 expected = 93, actual =93
[195000] SCOREBOARD MATCH: wstrb passthrough beat=5 expected = 74, actual =74
[195000] SCOREBOARD MATCH: wstrb passthrough beat=6 expected = 63, actual =63
[195000] SCOREBOARD MATCH: wstrb passthrough beat=7 expected = 4a, actual =4a
[195000] SCOREBOARD MATCH: wstrb passthrough beat=8 expected = 94, actual =94
[195000] SCOREBOARD MATCH: wstrb passthrough beat=9 expected = 53, actual =53
[195000] SCOREBOARD MATCH: wstrb passthrough beat=10 expected = b7, actual =b7
[195000] SCOREBOARD MATCH: bresp passthrough expected = 0, actual =0
[195000] SCOREBOARD MATCH: response routed to correct master (write) expected = 0, actual =0
[195000] [SCOREBOARD-M] mst_id=0 s_id=0 awaddr=8342200 awid=1000 awlen=10 awsize=7 awburst=2 wdata=[e7c414aa9caecbce 9b554ce723376742 9c5951c3f4bd7202 116c3dd12bd8d1d1 cf103913041d666e f8dad870acc18ab8 d89a5c89eb698ad6 ef86f1448a471641 3708a0faa7aa959c 13142073e861c9b5 f2a8dff68fa2fd83 ] wstrb=[b7 20 f0 6c 93 74 63 4a 94 53 b7 ] bresp=0 bid=1000
[195000] [SCOREBOARD-S] mst_id=0 s_id=0 awaddr=8342200 awid=1000 awlen=10 awsize=7 awburst=2 wdata=[e7c414aa9caecbce 9b554ce723376742 9c5951c3f4bd7202 116c3dd12bd8d1d1 cf103913041d666e f8dad870acc18ab8 d89a5c89eb698ad6 ef86f1448a471641 3708a0faa7aa959c 13142073e861c9b5 f2a8dff68fa2fd83 ] wstrb=[b7 20 f0 6c 93 74 63 4a 94 53 b7 ] bresp=0 bid=1000
[195000] SCOREBOARD: Transaction 1 received. pass=32 fail=0
[195000] ALL PASS. Total transactions: 1
[205000] MASTER 0 W_VALID_RDY Handshake beat=1 wlast=0
[205000] MASTER 1 W_VALID_RDY Handshake beat=15 wlast=0
[205000] S1 MEMORY WRITE beat=14 addr=18e258d8 data=e4bf943db9a500f5 id=19
[205000] AXI S0_WVALID_RDY HANDSHAKE
[205000] S0 MEMORY WRITE beat=0 addr=0f58adb8 data=d2fb9a0ecc059702 id=04
[215000] AXI S0_WVALID_RDY HANDSHAKE
[215000] S0 MEMORY WRITE beat=1 addr=0f58adf8 data=20b82943900f83e8 id=04
[215000] S1 MEMORY WRITE beat=15 addr=18e258e8 data=1c9a85c9e30e7bea id=19
[215000] MASTER 1 W_VALID_RDY Handshake beat=16 wlast=0
[215000] MASTER 0 W_VALID_RDY Handshake beat=2 wlast=0
[225000] MASTER 0 W_VALID_RDY Handshake beat=3 wlast=0
[225000] MASTER 1 W_VALID_RDY Handshake beat=17 wlast=0
[225000] S1 MEMORY WRITE beat=16 addr=18e258f8 data=1ba33858a454e0f2 id=19
[225000] AXI S0_WVALID_RDY HANDSHAKE
[225000] S0 MEMORY WRITE beat=2 addr=0f58ae38 data=dc9c25c928e6afc5 id=04
[235000] AXI S0_WVALID_RDY HANDSHAKE
[235000] S0 MEMORY WRITE beat=3 addr=0f58ae78 data=f4ec46c70f687413 id=04
[235000] S1 MEMORY WRITE beat=17 addr=18e25908 data=ddf9e1e8838c9599 id=19
[235000] MASTER 1 W_VALID_RDY Handshake beat=18 wlast=0
[235000] MASTER 0 W_VALID_RDY Handshake beat=4 wlast=1
[245000] MASTER 1 W_VALID_RDY Handshake beat=19 wlast=0
[245000] S1 MEMORY WRITE beat=18 addr=18e25918 data=e69b11840062cc95 id=19
[245000] AXI S0_WVALID_RDY HANDSHAKE
[245000] S0 MEMORY WRITE beat=4 addr=0f58ad40 data=9f77f7fb2f97bfd7 id=04
[255000] SLAVE0 sent B resp, id=4
[255000] S1 MEMORY WRITE beat=19 addr=18e25928 data=a4b7ad87fa9467b1 id=19
[255000] [SLAVE MONITOR] mst_id=0 s_id=0 awaddr=f58adb8 awid=100 awlen=4 awsize=6 awburst=2 wdata=[d2fb9a0ecc059702 20b82943900f83e8 dc9c25c928e6afc5 f4ec46c70f687413 9f77f7fb2f97bfd7 ] wstrb=[a 9c c4 1d 63 ] bresp=0 bid=100
[255000] MASTER 1 W_VALID_RDY Handshake beat=20 wlast=0
[265000] MASTER 1 W_VALID_RDY Handshake beat=21 wlast=0
[265000] S1 MEMORY WRITE beat=20 addr=18e25938 data=fe20fd4a023e49dc id=19
[275000] S1 MEMORY WRITE beat=21 addr=18e25948 data=02a1167182b18f6f id=19
[275000] MASTER 1 W_VALID_RDY Handshake beat=22 wlast=0
[275000] MASTER 0 B_VALID_RDY Handshake
[275000] [MASTER MONITOR] mst_id=0 s_id=0 awaddr=f58adb8 awid=100 awlen=4 awsize=6 awburst=2 wdata=[d2fb9a0ecc059702 20b82943900f83e8 dc9c25c928e6afc5 f4ec46c70f687413 9f77f7fb2f97bfd7 ] wstrb=[a 9c c4 1d 63 ] bresp=0 bid=100
[275000] MASTER 0 RECEIVED BRESP. BRESP=0
[275000] [MASTER DRIVER] mst_id=0 s_id=0 awaddr=f58adb8 awid=100 awlen=4 awsize=6 awburst=2 wdata=[d2fb9a0ecc059702 20b82943900f83e8 dc9c25c928e6afc5 f4ec46c70f687413 9f77f7fb2f97bfd7 ] wstrb=[a 9c c4 1d 63 ] bresp=0 bid=100
[275000] SCOREBOARD MATCH: decode_err expected = 0, actual =0
[275000] SCOREBOARD MATCH: slave_id expected = 0, actual =0
[275000] SCOREBOARD MATCH: awaddr passthrough expected = f58adb8, actual =f58adb8
[275000] SCOREBOARD MATCH: awlen passthrough expected = 4, actual =4
[275000] SCOREBOARD MATCH: awsize passthrough expected = 6, actual =6
[275000] SCOREBOARD MATCH: awburst passthrough expected = 2, actual =2
[275000] SCOREBOARD MATCH: wdata size check expected = 5, actual =5
[275000] SCOREBOARD MATCH: wdata passthrough beat=0 expected = d2fb9a0ecc059702, actual =d2fb9a0ecc059702
[275000] SCOREBOARD MATCH: wdata passthrough beat=1 expected = 20b82943900f83e8, actual =20b82943900f83e8
[275000] SCOREBOARD MATCH: wdata passthrough beat=2 expected = dc9c25c928e6afc5, actual =dc9c25c928e6afc5
[275000] SCOREBOARD MATCH: wdata passthrough beat=3 expected = f4ec46c70f687413, actual =f4ec46c70f687413
[275000] SCOREBOARD MATCH: wdata passthrough beat=4 expected = 9f77f7fb2f97bfd7, actual =9f77f7fb2f97bfd7
[275000] SCOREBOARD MATCH: wstrb size check expected = 5, actual =5
[275000] SCOREBOARD MATCH: wstrb passthrough beat=0 expected = a, actual =a
[275000] SCOREBOARD MATCH: wstrb passthrough beat=1 expected = 9c, actual =9c
[275000] SCOREBOARD MATCH: wstrb passthrough beat=2 expected = c4, actual =c4
[275000] SCOREBOARD MATCH: wstrb passthrough beat=3 expected = 1d, actual =1d
[275000] SCOREBOARD MATCH: wstrb passthrough beat=4 expected = 63, actual =63
[275000] SCOREBOARD MATCH: bresp passthrough expected = 0, actual =0
[275000] SCOREBOARD MATCH: response routed to correct master (write) expected = 0, actual =0
[275000] [SCOREBOARD-M] mst_id=0 s_id=0 awaddr=f58adb8 awid=100 awlen=4 awsize=6 awburst=2 wdata=[d2fb9a0ecc059702 20b82943900f83e8 dc9c25c928e6afc5 f4ec46c70f687413 9f77f7fb2f97bfd7 ] wstrb=[a 9c c4 1d 63 ] bresp=0 bid=100
[275000] [SCOREBOARD-S] mst_id=0 s_id=0 awaddr=f58adb8 awid=100 awlen=4 awsize=6 awburst=2 wdata=[d2fb9a0ecc059702 20b82943900f83e8 dc9c25c928e6afc5 f4ec46c70f687413 9f77f7fb2f97bfd7 ] wstrb=[a 9c c4 1d 63 ] bresp=0 bid=100
[275000] SCOREBOARD: Transaction 2 received. pass=52 fail=0
[275000] ALL PASS. Total transactions: 2
[285000] MASTER 1 W_VALID_RDY Handshake beat=23 wlast=0
[285000] S1 MEMORY WRITE beat=22 addr=18e25958 data=fd45f720e4bc0ece id=19
[295000] S1 MEMORY WRITE beat=23 addr=18e25968 data=e6fa58aaa758c3f8 id=19
[295000] MASTER 1 W_VALID_RDY Handshake beat=24 wlast=0
[305000] MASTER 1 W_VALID_RDY Handshake beat=25 wlast=0
[305000] S1 MEMORY WRITE beat=24 addr=18e25978 data=2a0a5368fb66f46b id=19
[315000] S1 MEMORY WRITE beat=25 addr=18e25988 data=e0230339e99b6f1b id=19
[315000] MASTER 1 W_VALID_RDY Handshake beat=26 wlast=0
[325000] MASTER 1 W_VALID_RDY Handshake beat=27 wlast=0
[325000] S1 MEMORY WRITE beat=26 addr=18e25998 data=10f43314a7504a88 id=19
[335000] S1 MEMORY WRITE beat=27 addr=18e259a8 data=a2b73ef3c71d5be4 id=19
[335000] MASTER 1 W_VALID_RDY Handshake beat=28 wlast=0
[345000] MASTER 1 W_VALID_RDY Handshake beat=29 wlast=0
[345000] S1 MEMORY WRITE beat=28 addr=18e259b8 data=b0b8caff3afe867c id=19
[355000] S1 MEMORY WRITE beat=29 addr=18e259c8 data=e24ed10402da422d id=19
[355000] MASTER 1 W_VALID_RDY Handshake beat=30 wlast=0
[365000] MASTER 1 W_VALID_RDY Handshake beat=31 wlast=0
[365000] S1 MEMORY WRITE beat=30 addr=18e259d8 data=c9f79e11c1acfe13 id=19
[375000] S1 MEMORY WRITE beat=31 addr=18e259e8 data=fcab848f05060ff8 id=19
[375000] MASTER 1 W_VALID_RDY Handshake beat=32 wlast=0
[385000] MASTER 1 W_VALID_RDY Handshake beat=33 wlast=0
[385000] S1 MEMORY WRITE beat=32 addr=18e259f8 data=07e05225fab06910 id=19
[395000] S1 MEMORY WRITE beat=33 addr=18e25a08 data=3c5d6724defa5594 id=19
[395000] MASTER 1 W_VALID_RDY Handshake beat=34 wlast=0
[405000] MASTER 1 W_VALID_RDY Handshake beat=35 wlast=0
[405000] S1 MEMORY WRITE beat=34 addr=18e25a18 data=e400658cd1d7f036 id=19
[415000] S1 MEMORY WRITE beat=35 addr=18e25a28 data=cc885946b908ebb3 id=19
[415000] MASTER 1 W_VALID_RDY Handshake beat=36 wlast=0
[425000] MASTER 1 W_VALID_RDY Handshake beat=37 wlast=0
[425000] S1 MEMORY WRITE beat=36 addr=18e25a38 data=98034147ebe0b7b1 id=19
[435000] S1 MEMORY WRITE beat=37 addr=18e25a48 data=3db8a7e788e5c06a id=19
[435000] MASTER 1 W_VALID_RDY Handshake beat=38 wlast=0
[445000] MASTER 1 W_VALID_RDY Handshake beat=39 wlast=0
[445000] S1 MEMORY WRITE beat=38 addr=18e25a58 data=c1eeac1efc03a6d3 id=19
[455000] S1 MEMORY WRITE beat=39 addr=18e25a68 data=e7e45e848a41012d id=19
[455000] MASTER 1 W_VALID_RDY Handshake beat=40 wlast=0
[465000] MASTER 1 W_VALID_RDY Handshake beat=41 wlast=0
[465000] S1 MEMORY WRITE beat=40 addr=18e25a78 data=1326c198d9f1ed65 id=19
[475000] S1 MEMORY WRITE beat=41 addr=18e25a88 data=d5f59439a59d066b id=19
[475000] MASTER 1 W_VALID_RDY Handshake beat=42 wlast=0
[485000] MASTER 1 W_VALID_RDY Handshake beat=43 wlast=0
[485000] S1 MEMORY WRITE beat=42 addr=18e25a98 data=2fde0799d5156db6 id=19
[495000] S1 MEMORY WRITE beat=43 addr=18e25aa8 data=af075b1bbdd9f2bd id=19
[495000] MASTER 1 W_VALID_RDY Handshake beat=44 wlast=0
[505000] MASTER 1 W_VALID_RDY Handshake beat=45 wlast=0
[505000] S1 MEMORY WRITE beat=44 addr=18e25ab8 data=e376f929c304c931 id=19
[515000] S1 MEMORY WRITE beat=45 addr=18e25ac8 data=181a36e784fcef54 id=19
[515000] MASTER 1 W_VALID_RDY Handshake beat=46 wlast=0
[525000] MASTER 1 W_VALID_RDY Handshake beat=47 wlast=0
[525000] S1 MEMORY WRITE beat=46 addr=18e25ad8 data=c2d6e212135500c2 id=19
[535000] S1 MEMORY WRITE beat=47 addr=18e25ae8 data=d659c9f3c7219202 id=19
[535000] MASTER 1 W_VALID_RDY Handshake beat=48 wlast=0
[545000] MASTER 1 W_VALID_RDY Handshake beat=49 wlast=0
[545000] S1 MEMORY WRITE beat=48 addr=18e25af8 data=cc1e8157264ddb3b id=19
[555000] S1 MEMORY WRITE beat=49 addr=18e25b08 data=39a2dbfdee7400da id=19
[555000] MASTER 1 W_VALID_RDY Handshake beat=50 wlast=0
[565000] MASTER 1 W_VALID_RDY Handshake beat=51 wlast=0
[565000] S1 MEMORY WRITE beat=50 addr=18e25b18 data=b59592dc0ef56369 id=19
[575000] S1 MEMORY WRITE beat=51 addr=18e25b28 data=35433ea40ffca5f0 id=19
[575000] MASTER 1 W_VALID_RDY Handshake beat=52 wlast=0
[585000] MASTER 1 W_VALID_RDY Handshake beat=53 wlast=0
[585000] S1 MEMORY WRITE beat=52 addr=18e25b38 data=fe70a6ca81b41433 id=19
[595000] S1 MEMORY WRITE beat=53 addr=18e25b48 data=90a9779ceee61aa1 id=19
[595000] MASTER 1 W_VALID_RDY Handshake beat=54 wlast=0
[605000] MASTER 1 W_VALID_RDY Handshake beat=55 wlast=0
[605000] S1 MEMORY WRITE beat=54 addr=18e25b58 data=fee2c091b40639a6 id=19
[615000] S1 MEMORY WRITE beat=55 addr=18e25b68 data=35ba4ddac5ecb640 id=19
[615000] MASTER 1 W_VALID_RDY Handshake beat=56 wlast=0
[625000] MASTER 1 W_VALID_RDY Handshake beat=57 wlast=0
[625000] S1 MEMORY WRITE beat=56 addr=18e25b78 data=b4d2d0e1fd53675b id=19
[635000] S1 MEMORY WRITE beat=57 addr=18e25b88 data=b159a101c663c576 id=19
[635000] MASTER 1 W_VALID_RDY Handshake beat=58 wlast=0
[645000] MASTER 1 W_VALID_RDY Handshake beat=59 wlast=0
[645000] S1 MEMORY WRITE beat=58 addr=18e25b98 data=0c507bb7b3b59172 id=19
[655000] S1 MEMORY WRITE beat=59 addr=18e25ba8 data=b108f8cde713eedb id=19
[655000] MASTER 1 W_VALID_RDY Handshake beat=60 wlast=0
[665000] MASTER 1 W_VALID_RDY Handshake beat=61 wlast=0
[665000] S1 MEMORY WRITE beat=60 addr=18e25bb8 data=2d77b452c1234c98 id=19
[675000] S1 MEMORY WRITE beat=61 addr=18e25bc8 data=f4d8de0be26299cf id=19
[675000] MASTER 1 W_VALID_RDY Handshake beat=62 wlast=0
[685000] MASTER 1 W_VALID_RDY Handshake beat=63 wlast=0
[685000] S1 MEMORY WRITE beat=62 addr=18e25bd8 data=c97688aa39c83009 id=19
[695000] S1 MEMORY WRITE beat=63 addr=18e25be8 data=faeb7ca1a5e1d6d8 id=19
[695000] MASTER 1 W_VALID_RDY Handshake beat=64 wlast=0
[705000] MASTER 1 W_VALID_RDY Handshake beat=65 wlast=0
[705000] S1 MEMORY WRITE beat=64 addr=18e25bf8 data=884470a7f6ee3cfc id=19
[715000] S1 MEMORY WRITE beat=65 addr=18e25c08 data=b0b66d05efc45aac id=19
[715000] MASTER 1 W_VALID_RDY Handshake beat=66 wlast=0
[725000] MASTER 1 W_VALID_RDY Handshake beat=67 wlast=0
[725000] S1 MEMORY WRITE beat=66 addr=18e25c18 data=15a63185d1baf952 id=19
[735000] S1 MEMORY WRITE beat=67 addr=18e25c28 data=c8a9364e2ba1e9a7 id=19
[735000] MASTER 1 W_VALID_RDY Handshake beat=68 wlast=0
[745000] MASTER 1 W_VALID_RDY Handshake beat=69 wlast=0
[745000] S1 MEMORY WRITE beat=68 addr=18e25c38 data=9b6644539deaa22c id=19
[755000] S1 MEMORY WRITE beat=69 addr=18e25c48 data=efa59b7ef95fa354 id=19
[755000] MASTER 1 W_VALID_RDY Handshake beat=70 wlast=0
[765000] MASTER 1 W_VALID_RDY Handshake beat=71 wlast=0
[765000] S1 MEMORY WRITE beat=70 addr=18e25c58 data=25018cfbb10c75d8 id=19
[775000] S1 MEMORY WRITE beat=71 addr=18e25c68 data=cef71805384ed1cd id=19
[775000] MASTER 1 W_VALID_RDY Handshake beat=72 wlast=0
[785000] MASTER 1 W_VALID_RDY Handshake beat=73 wlast=0
[785000] S1 MEMORY WRITE beat=72 addr=18e25c78 data=31ae7521c067d14e id=19
[795000] S1 MEMORY WRITE beat=73 addr=18e25c88 data=f1744727be9cb383 id=19
[795000] MASTER 1 W_VALID_RDY Handshake beat=74 wlast=0
[805000] MASTER 1 W_VALID_RDY Handshake beat=75 wlast=0
[805000] S1 MEMORY WRITE beat=74 addr=18e25c98 data=f6eb8550d6b0021c id=19
[815000] S1 MEMORY WRITE beat=75 addr=18e25ca8 data=9717d36ac06b5f2c id=19
[815000] MASTER 1 W_VALID_RDY Handshake beat=76 wlast=0
[825000] MASTER 1 W_VALID_RDY Handshake beat=77 wlast=0
[825000] S1 MEMORY WRITE beat=76 addr=18e25cb8 data=ff0812afa899fa71 id=19
[835000] S1 MEMORY WRITE beat=77 addr=18e25cc8 data=ff49fc8d888c1a91 id=19
[835000] MASTER 1 W_VALID_RDY Handshake beat=78 wlast=0
[845000] MASTER 1 W_VALID_RDY Handshake beat=79 wlast=0
[845000] S1 MEMORY WRITE beat=78 addr=18e25cd8 data=c8f779bdf5f39800 id=19
[855000] S1 MEMORY WRITE beat=79 addr=18e25ce8 data=9e8d92711661cff8 id=19
[855000] MASTER 1 W_VALID_RDY Handshake beat=80 wlast=0
[865000] MASTER 1 W_VALID_RDY Handshake beat=81 wlast=0
[865000] S1 MEMORY WRITE beat=80 addr=18e25cf8 data=9eedea89c7ff8c6d id=19
[875000] S1 MEMORY WRITE beat=81 addr=18e25d08 data=3df3246d1dd78eff id=19
[875000] MASTER 1 W_VALID_RDY Handshake beat=82 wlast=0
[885000] MASTER 1 W_VALID_RDY Handshake beat=83 wlast=0
[885000] S1 MEMORY WRITE beat=82 addr=18e25d18 data=34395ef7e7e56447 id=19
[895000] S1 MEMORY WRITE beat=83 addr=18e25d28 data=2fe4f0b4dc80b6de id=19
[895000] MASTER 1 W_VALID_RDY Handshake beat=84 wlast=0
[905000] MASTER 1 W_VALID_RDY Handshake beat=85 wlast=0
[905000] S1 MEMORY WRITE beat=84 addr=18e25d38 data=fa5845ddd3274980 id=19
[915000] S1 MEMORY WRITE beat=85 addr=18e25d48 data=bb0cadc7edd81521 id=19
[915000] MASTER 1 W_VALID_RDY Handshake beat=86 wlast=0
[925000] MASTER 1 W_VALID_RDY Handshake beat=87 wlast=0
[925000] S1 MEMORY WRITE beat=86 addr=18e25d58 data=ca58cbffae91a4d4 id=19
[935000] S1 MEMORY WRITE beat=87 addr=18e25d68 data=01b8ee55eaf19e7b id=19
[935000] MASTER 1 W_VALID_RDY Handshake beat=88 wlast=0
[945000] MASTER 1 W_VALID_RDY Handshake beat=89 wlast=0
[945000] S1 MEMORY WRITE beat=88 addr=18e25d78 data=d8c9b39cc4b111dd id=19
[955000] S1 MEMORY WRITE beat=89 addr=18e25d88 data=f342b6b1bcc59c1c id=19
[955000] MASTER 1 W_VALID_RDY Handshake beat=90 wlast=0
[965000] MASTER 1 W_VALID_RDY Handshake beat=91 wlast=0
[965000] S1 MEMORY WRITE beat=90 addr=18e25d98 data=27b73a9823227f9c id=19
[975000] S1 MEMORY WRITE beat=91 addr=18e25da8 data=e7d39179f4fba506 id=19
[975000] MASTER 1 W_VALID_RDY Handshake beat=92 wlast=0
[985000] MASTER 1 W_VALID_RDY Handshake beat=93 wlast=0
[985000] S1 MEMORY WRITE beat=92 addr=18e25db8 data=31c141238080ee34 id=19
[995000] S1 MEMORY WRITE beat=93 addr=18e25dc8 data=a3a36dd0db16482a id=19
[995000] MASTER 1 W_VALID_RDY Handshake beat=94 wlast=0
[1005000] MASTER 1 W_VALID_RDY Handshake beat=95 wlast=0
[1005000] S1 MEMORY WRITE beat=94 addr=18e25dd8 data=d011ed31d9787bbb id=19
[1015000] S1 MEMORY WRITE beat=95 addr=18e25de8 data=d9f969ef8b76ff49 id=19
[1015000] MASTER 1 W_VALID_RDY Handshake beat=96 wlast=0
[1025000] MASTER 1 W_VALID_RDY Handshake beat=97 wlast=0
[1025000] S1 MEMORY WRITE beat=96 addr=18e25df8 data=e68d477401d32e54 id=19
[1035000] S1 MEMORY WRITE beat=97 addr=18e25e08 data=db4baa0ffd9cd7c0 id=19
[1035000] MASTER 1 W_VALID_RDY Handshake beat=98 wlast=0
[1045000] MASTER 1 W_VALID_RDY Handshake beat=99 wlast=0
[1045000] S1 MEMORY WRITE beat=98 addr=18e25e18 data=8913d709369f34a5 id=19
[1055000] S1 MEMORY WRITE beat=99 addr=18e25e28 data=387262f9b54513fe id=19
[1055000] MASTER 1 W_VALID_RDY Handshake beat=100 wlast=0
[1065000] MASTER 1 W_VALID_RDY Handshake beat=101 wlast=0
[1065000] S1 MEMORY WRITE beat=100 addr=18e25e38 data=b2e1ebbeefa11e7d id=19
[1075000] S1 MEMORY WRITE beat=101 addr=18e25e48 data=a640532213be0d08 id=19
[1075000] MASTER 1 W_VALID_RDY Handshake beat=102 wlast=0
[1085000] MASTER 1 W_VALID_RDY Handshake beat=103 wlast=0
[1085000] S1 MEMORY WRITE beat=102 addr=18e25e58 data=c90321063bf5c2c8 id=19
[1095000] S1 MEMORY WRITE beat=103 addr=18e25e68 data=ab96e145deb2b61b id=19
[1095000] MASTER 1 W_VALID_RDY Handshake beat=104 wlast=0
[1105000] MASTER 1 W_VALID_RDY Handshake beat=105 wlast=0
[1105000] S1 MEMORY WRITE beat=104 addr=18e25e78 data=f270c323fbe50cc5 id=19
[1115000] S1 MEMORY WRITE beat=105 addr=18e25e88 data=37dacf8dd1d73468 id=19
[1115000] MASTER 1 W_VALID_RDY Handshake beat=106 wlast=0
[1125000] MASTER 1 W_VALID_RDY Handshake beat=107 wlast=0
[1125000] S1 MEMORY WRITE beat=106 addr=18e25e98 data=b089ea833b73e42a id=19
[1135000] S1 MEMORY WRITE beat=107 addr=18e25ea8 data=3758f0efe371b0d2 id=19
[1135000] MASTER 1 W_VALID_RDY Handshake beat=108 wlast=0
[1145000] MASTER 1 W_VALID_RDY Handshake beat=109 wlast=0
[1145000] S1 MEMORY WRITE beat=108 addr=18e25eb8 data=b548e53a22faada7 id=19
[1155000] S1 MEMORY WRITE beat=109 addr=18e25ec8 data=de6e91d1ef33c07c id=19
[1155000] MASTER 1 W_VALID_RDY Handshake beat=110 wlast=0
[1165000] MASTER 1 W_VALID_RDY Handshake beat=111 wlast=0
[1165000] S1 MEMORY WRITE beat=110 addr=18e25ed8 data=d2a5714ee5d2cfbe id=19
[1175000] S1 MEMORY WRITE beat=111 addr=18e25ee8 data=08cd7d6515c782c0 id=19
[1175000] MASTER 1 W_VALID_RDY Handshake beat=112 wlast=0
[1185000] MASTER 1 W_VALID_RDY Handshake beat=113 wlast=0
[1185000] S1 MEMORY WRITE beat=112 addr=18e25ef8 data=04fb433c07ee5689 id=19
[1195000] S1 MEMORY WRITE beat=113 addr=18e25f08 data=edc12647e73c0f36 id=19
[1195000] MASTER 1 W_VALID_RDY Handshake beat=114 wlast=0
[1205000] MASTER 1 W_VALID_RDY Handshake beat=115 wlast=0
[1205000] S1 MEMORY WRITE beat=114 addr=18e25f18 data=fd0391f6d7a0b48a id=19
[1215000] S1 MEMORY WRITE beat=115 addr=18e25f28 data=df8f0b13f68ea3ac id=19
[1215000] MASTER 1 W_VALID_RDY Handshake beat=116 wlast=0
[1225000] MASTER 1 W_VALID_RDY Handshake beat=117 wlast=0
[1225000] S1 MEMORY WRITE beat=116 addr=18e25f38 data=ddcab2e201fed532 id=19
[1235000] S1 MEMORY WRITE beat=117 addr=18e25f48 data=d99f89bccd50315a id=19
[1235000] MASTER 1 W_VALID_RDY Handshake beat=118 wlast=0
[1245000] MASTER 1 W_VALID_RDY Handshake beat=119 wlast=0
[1245000] S1 MEMORY WRITE beat=118 addr=18e25f58 data=c3ded506dace44d8 id=19
[1255000] S1 MEMORY WRITE beat=119 addr=18e25f68 data=dccd1a0a392e94d0 id=19
[1255000] MASTER 1 W_VALID_RDY Handshake beat=120 wlast=0
[1265000] MASTER 1 W_VALID_RDY Handshake beat=121 wlast=0
[1265000] S1 MEMORY WRITE beat=120 addr=18e25f78 data=867ec62aa1a987e8 id=19
[1275000] S1 MEMORY WRITE beat=121 addr=18e25f88 data=fc77ccc0b66ca3c6 id=19
[1275000] MASTER 1 W_VALID_RDY Handshake beat=122 wlast=0
[1285000] MASTER 1 W_VALID_RDY Handshake beat=123 wlast=0
[1285000] S1 MEMORY WRITE beat=122 addr=18e25f98 data=ef9b3896ca5d9b31 id=19
[1295000] S1 MEMORY WRITE beat=123 addr=18e25fa8 data=ec072319d944e6ca id=19
[1295000] MASTER 1 W_VALID_RDY Handshake beat=124 wlast=0
[1305000] MASTER 1 W_VALID_RDY Handshake beat=125 wlast=0
[1305000] S1 MEMORY WRITE beat=124 addr=18e25fb8 data=0fb18a91f619fec1 id=19
[1315000] S1 MEMORY WRITE beat=125 addr=18e25fc8 data=c07799f2e87eefda id=19
[1315000] MASTER 1 W_VALID_RDY Handshake beat=126 wlast=0
[1325000] MASTER 1 W_VALID_RDY Handshake beat=127 wlast=0
[1325000] S1 MEMORY WRITE beat=126 addr=18e25fd8 data=c1c3d6a4ff4cc327 id=19
[1335000] S1 MEMORY WRITE beat=127 addr=18e25fe8 data=f566c1e8ac7ebd0b id=19
[1335000] MASTER 1 W_VALID_RDY Handshake beat=128 wlast=0
[1345000] MASTER 1 W_VALID_RDY Handshake beat=129 wlast=0
[1345000] S1 MEMORY WRITE beat=128 addr=18e25ff8 data=94fdace5d1756135 id=19
[1355000] S1 MEMORY WRITE beat=129 addr=18e26008 data=d0c2245db5de5bda id=19
[1355000] MASTER 1 W_VALID_RDY Handshake beat=130 wlast=0
[1365000] MASTER 1 W_VALID_RDY Handshake beat=131 wlast=0
[1365000] S1 MEMORY WRITE beat=130 addr=18e26018 data=e25d18e6d6c1838a id=19
[1375000] S1 MEMORY WRITE beat=131 addr=18e26028 data=a836e4bfc628e645 id=19
[1375000] MASTER 1 W_VALID_RDY Handshake beat=132 wlast=0
[1385000] MASTER 1 W_VALID_RDY Handshake beat=133 wlast=0
[1385000] S1 MEMORY WRITE beat=132 addr=18e26038 data=fc074220f75ac5cb id=19
[1395000] S1 MEMORY WRITE beat=133 addr=18e26048 data=ce1c4955f8f9091c id=19
[1395000] MASTER 1 W_VALID_RDY Handshake beat=134 wlast=0
[1405000] MASTER 1 W_VALID_RDY Handshake beat=135 wlast=0
[1405000] S1 MEMORY WRITE beat=134 addr=18e26058 data=3f21ef62de645b06 id=19
[1415000] S1 MEMORY WRITE beat=135 addr=18e26068 data=d5bf20d1f6532e15 id=19
[1415000] MASTER 1 W_VALID_RDY Handshake beat=136 wlast=0
[1425000] MASTER 1 W_VALID_RDY Handshake beat=137 wlast=0
[1425000] S1 MEMORY WRITE beat=136 addr=18e26078 data=ef4c37313b293182 id=19
[1435000] S1 MEMORY WRITE beat=137 addr=18e26088 data=198d8c8823db6a27 id=19
[1435000] MASTER 1 W_VALID_RDY Handshake beat=138 wlast=0
[1445000] MASTER 1 W_VALID_RDY Handshake beat=139 wlast=0
[1445000] S1 MEMORY WRITE beat=138 addr=18e26098 data=1a2e983cae6e2693 id=19
[1455000] S1 MEMORY WRITE beat=139 addr=18e260a8 data=e9975815ef4cad59 id=19
[1455000] MASTER 1 W_VALID_RDY Handshake beat=140 wlast=0
[1465000] MASTER 1 W_VALID_RDY Handshake beat=141 wlast=0
[1465000] S1 MEMORY WRITE beat=140 addr=18e260b8 data=93281780897acf6d id=19
[1475000] S1 MEMORY WRITE beat=141 addr=18e260c8 data=37e8f6018324e49d id=19
[1475000] MASTER 1 W_VALID_RDY Handshake beat=142 wlast=0
[1485000] MASTER 1 W_VALID_RDY Handshake beat=143 wlast=0
[1485000] S1 MEMORY WRITE beat=142 addr=18e260d8 data=f27191f7ad56afbc id=19
[1495000] S1 MEMORY WRITE beat=143 addr=18e260e8 data=36d17f2aa1804e16 id=19
[1495000] MASTER 1 W_VALID_RDY Handshake beat=144 wlast=0
[1505000] MASTER 1 W_VALID_RDY Handshake beat=145 wlast=0
[1505000] S1 MEMORY WRITE beat=144 addr=18e260f8 data=24a532b48599a977 id=19
[1515000] S1 MEMORY WRITE beat=145 addr=18e26108 data=32f05934eeba752b id=19
[1515000] MASTER 1 W_VALID_RDY Handshake beat=146 wlast=0
[1525000] MASTER 1 W_VALID_RDY Handshake beat=147 wlast=0
[1525000] S1 MEMORY WRITE beat=146 addr=18e26118 data=903ac3411716c4ab id=19
[1535000] S1 MEMORY WRITE beat=147 addr=18e26128 data=9cb06e22e9c1d85e id=19
[1535000] MASTER 1 W_VALID_RDY Handshake beat=148 wlast=0
[1545000] MASTER 1 W_VALID_RDY Handshake beat=149 wlast=0
[1545000] S1 MEMORY WRITE beat=148 addr=18e26138 data=d87c4d89b4dff5f5 id=19
[1555000] S1 MEMORY WRITE beat=149 addr=18e26148 data=cbf6baa0cfa0c756 id=19
[1555000] MASTER 1 W_VALID_RDY Handshake beat=150 wlast=0
[1565000] MASTER 1 W_VALID_RDY Handshake beat=151 wlast=0
[1565000] S1 MEMORY WRITE beat=150 addr=18e26158 data=b9629fb4e8b710ca id=19
[1575000] S1 MEMORY WRITE beat=151 addr=18e26168 data=1d9706c0e8a728c3 id=19
[1575000] MASTER 1 W_VALID_RDY Handshake beat=152 wlast=0
[1585000] MASTER 1 W_VALID_RDY Handshake beat=153 wlast=0
[1585000] S1 MEMORY WRITE beat=152 addr=18e26178 data=b847f01991deed3d id=19
[1595000] S1 MEMORY WRITE beat=153 addr=18e26188 data=fa95fe08e98dc160 id=19
[1595000] MASTER 1 W_VALID_RDY Handshake beat=154 wlast=0
[1605000] MASTER 1 W_VALID_RDY Handshake beat=155 wlast=0
[1605000] S1 MEMORY WRITE beat=154 addr=18e26198 data=d234ea23f1aa8fce id=19
[1615000] S1 MEMORY WRITE beat=155 addr=18e261a8 data=83897d0b182d04c8 id=19
[1615000] MASTER 1 W_VALID_RDY Handshake beat=156 wlast=0
[1625000] MASTER_DRIVER1 received transaction, op=AXI_WRITE
[1625000] MASTER 1 W_VALID_RDY Handshake beat=157 wlast=1
[1625000] S1 MEMORY WRITE beat=156 addr=18e261b8 data=81bac6280a7cda3d id=19
[1635000] S1 MEMORY WRITE beat=157 addr=18e261c8 data=fc276a0bfe1f7b13 id=19
[1645000] MASTER 1 AW_VALID_RDY Handshake
[1645000] SLAVE1 sent B resp, id=9
[1655000] AXI S0_AWVALID_RDY HANDSHAKE
[1655000] [SLAVE MONITOR] mst_id=1 s_id=1 awaddr=18e257f8 awid=1001 awlen=157 awsize=4 awburst=1 wdata=[c40acfc2ca8f7ccb bf533f49c432fd83 e74f4883f85dd524 c2ed51f018d62930 dd0926b3ab5a1845 23b7ed6a82409139 9b16ba69c4586f36 efb2877ce6a53f5a e8e5d093f81fe11d bc785053136a74e6 fa0fb44003fc8afd fc1c6c1aac2ad7cf bf954cb5e2f584d3 e6f20fd0b894bc6d e4bf943db9a500f5 1c9a85c9e30e7bea 1ba33858a454e0f2 ddf9e1e8838c9599 e69b11840062cc95 a4b7ad87fa9467b1 fe20fd4a023e49dc 2a1167182b18f6f fd45f720e4bc0ece e6fa58aaa758c3f8 2a0a5368fb66f46b e0230339e99b6f1b 10f43314a7504a88 a2b73ef3c71d5be4 b0b8caff3afe867c e24ed10402da422d c9f79e11c1acfe13 fcab848f05060ff8 7e05225fab06910 3c5d6724defa5594 e400658cd1d7f036 cc885946b908ebb3 98034147ebe0b7b1 3db8a7e788e5c06a c1eeac1efc03a6d3 e7e45e848a41012d 1326c198d9f1ed65 d5f59439a59d066b 2fde0799d5156db6 af075b1bbdd9f2bd e376f929c304c931 181a36e784fcef54 c2d6e212135500c2 d659c9f3c7219202 cc1e8157264ddb3b 39a2dbfdee7400da b59592dc0ef56369 35433ea40ffca5f0 fe70a6ca81b41433 90a9779ceee61aa1 fee2c091b40639a6 35ba4ddac5ecb640 b4d2d0e1fd53675b b159a101c663c576 c507bb7b3b59172 b108f8cde713eedb 2d77b452c1234c98 f4d8de0be26299cf c97688aa39c83009 faeb7ca1a5e1d6d8 884470a7f6ee3cfc b0b66d05efc45aac 15a63185d1baf952 c8a9364e2ba1e9a7 9b6644539deaa22c efa59b7ef95fa354 25018cfbb10c75d8 cef71805384ed1cd 31ae7521c067d14e f1744727be9cb383 f6eb8550d6b0021c 9717d36ac06b5f2c ff0812afa899fa71 ff49fc8d888c1a91 c8f779bdf5f39800 9e8d92711661cff8 9eedea89c7ff8c6d 3df3246d1dd78eff 34395ef7e7e56447 2fe4f0b4dc80b6de fa5845ddd3274980 bb0cadc7edd81521 ca58cbffae91a4d4 1b8ee55eaf19e7b d8c9b39cc4b111dd f342b6b1bcc59c1c 27b73a9823227f9c e7d39179f4fba506 31c141238080ee34 a3a36dd0db16482a d011ed31d9787bbb d9f969ef8b76ff49 e68d477401d32e54 db4baa0ffd9cd7c0 8913d709369f34a5 387262f9b54513fe b2e1ebbeefa11e7d a640532213be0d08 c90321063bf5c2c8 ab96e145deb2b61b f270c323fbe50cc5 37dacf8dd1d73468 b089ea833b73e42a 3758f0efe371b0d2 b548e53a22faada7 de6e91d1ef33c07c d2a5714ee5d2cfbe 8cd7d6515c782c0 4fb433c07ee5689 edc12647e73c0f36 fd0391f6d7a0b48a df8f0b13f68ea3ac ddcab2e201fed532 d99f89bccd50315a c3ded506dace44d8 dccd1a0a392e94d0 867ec62aa1a987e8 fc77ccc0b66ca3c6 ef9b3896ca5d9b31 ec072319d944e6ca fb18a91f619fec1 c07799f2e87eefda c1c3d6a4ff4cc327 f566c1e8ac7ebd0b 94fdace5d1756135 d0c2245db5de5bda e25d18e6d6c1838a a836e4bfc628e645 fc074220f75ac5cb ce1c4955f8f9091c 3f21ef62de645b06 d5bf20d1f6532e15 ef4c37313b293182 198d8c8823db6a27 1a2e983cae6e2693 e9975815ef4cad59 93281780897acf6d 37e8f6018324e49d f27191f7ad56afbc 36d17f2aa1804e16 24a532b48599a977 32f05934eeba752b 903ac3411716c4ab 9cb06e22e9c1d85e d87c4d89b4dff5f5 cbf6baa0cfa0c756 b9629fb4e8b710ca 1d9706c0e8a728c3 b847f01991deed3d fa95fe08e98dc160 d234ea23f1aa8fce 83897d0b182d04c8 81bac6280a7cda3d fc276a0bfe1f7b13 ] wstrb=[4c db 16 89 4 2a 94 50 5 aa d9 9 d4 6d 59 da 17 32 e3 ec 9f 3d c6 b7 6f a9 a3 f e6 69 c6 56 12 69 65 f9 d2 2b 4f e4 94 b4 dd 66 df 2c 4a 73 e0 28 d9 bf 54 23 32 35 4b b f4 a0 2f 27 d5 7a 32 c9 1a 61 f0 ef dc 23 b9 f6 84 a9 e6 60 cc 9f 57 51 48 3d b1 15 dc 8 66 24 45 17 39 21 20 9f 46 65 b7 7f 87 d7 1f cd 3c d6 4c c3 ad 6b 90 e9 41 dd ad ee 48 3d d8 8a 1a 85 78 63 c2 50 ed dd d5 65 40 98 b6 2d 75 8b 92 b5 23 48 e2 98 d4 74 4d f7 bd 2f 90 91 a4 dd 88 61 d 18 f2 b1 ] bresp=0 bid=11001
[1655000] ARB MONITOR: slave=0 m0_req=0 m1_req=1 winner=1
[1665000] MASTER 1 RECEIVED BRESP. BRESP=0
[1665000] [MASTER DRIVER] mst_id=1 s_id=0 awaddr=18e257f8 awid=1001 awlen=157 awsize=4 awburst=1 wdata=[c40acfc2ca8f7ccb bf533f49c432fd83 e74f4883f85dd524 c2ed51f018d62930 dd0926b3ab5a1845 23b7ed6a82409139 9b16ba69c4586f36 efb2877ce6a53f5a e8e5d093f81fe11d bc785053136a74e6 fa0fb44003fc8afd fc1c6c1aac2ad7cf bf954cb5e2f584d3 e6f20fd0b894bc6d e4bf943db9a500f5 1c9a85c9e30e7bea 1ba33858a454e0f2 ddf9e1e8838c9599 e69b11840062cc95 a4b7ad87fa9467b1 fe20fd4a023e49dc 2a1167182b18f6f fd45f720e4bc0ece e6fa58aaa758c3f8 2a0a5368fb66f46b e0230339e99b6f1b 10f43314a7504a88 a2b73ef3c71d5be4 b0b8caff3afe867c e24ed10402da422d c9f79e11c1acfe13 fcab848f05060ff8 7e05225fab06910 3c5d6724defa5594 e400658cd1d7f036 cc885946b908ebb3 98034147ebe0b7b1 3db8a7e788e5c06a c1eeac1efc03a6d3 e7e45e848a41012d 1326c198d9f1ed65 d5f59439a59d066b 2fde0799d5156db6 af075b1bbdd9f2bd e376f929c304c931 181a36e784fcef54 c2d6e212135500c2 d659c9f3c7219202 cc1e8157264ddb3b 39a2dbfdee7400da b59592dc0ef56369 35433ea40ffca5f0 fe70a6ca81b41433 90a9779ceee61aa1 fee2c091b40639a6 35ba4ddac5ecb640 b4d2d0e1fd53675b b159a101c663c576 c507bb7b3b59172 b108f8cde713eedb 2d77b452c1234c98 f4d8de0be26299cf c97688aa39c83009 faeb7ca1a5e1d6d8 884470a7f6ee3cfc b0b66d05efc45aac 15a63185d1baf952 c8a9364e2ba1e9a7 9b6644539deaa22c efa59b7ef95fa354 25018cfbb10c75d8 cef71805384ed1cd 31ae7521c067d14e f1744727be9cb383 f6eb8550d6b0021c 9717d36ac06b5f2c ff0812afa899fa71 ff49fc8d888c1a91 c8f779bdf5f39800 9e8d92711661cff8 9eedea89c7ff8c6d 3df3246d1dd78eff 34395ef7e7e56447 2fe4f0b4dc80b6de fa5845ddd3274980 bb0cadc7edd81521 ca58cbffae91a4d4 1b8ee55eaf19e7b d8c9b39cc4b111dd f342b6b1bcc59c1c 27b73a9823227f9c e7d39179f4fba506 31c141238080ee34 a3a36dd0db16482a d011ed31d9787bbb d9f969ef8b76ff49 e68d477401d32e54 db4baa0ffd9cd7c0 8913d709369f34a5 387262f9b54513fe b2e1ebbeefa11e7d a640532213be0d08 c90321063bf5c2c8 ab96e145deb2b61b f270c323fbe50cc5 37dacf8dd1d73468 b089ea833b73e42a 3758f0efe371b0d2 b548e53a22faada7 de6e91d1ef33c07c d2a5714ee5d2cfbe 8cd7d6515c782c0 4fb433c07ee5689 edc12647e73c0f36 fd0391f6d7a0b48a df8f0b13f68ea3ac ddcab2e201fed532 d99f89bccd50315a c3ded506dace44d8 dccd1a0a392e94d0 867ec62aa1a987e8 fc77ccc0b66ca3c6 ef9b3896ca5d9b31 ec072319d944e6ca fb18a91f619fec1 c07799f2e87eefda c1c3d6a4ff4cc327 f566c1e8ac7ebd0b 94fdace5d1756135 d0c2245db5de5bda e25d18e6d6c1838a a836e4bfc628e645 fc074220f75ac5cb ce1c4955f8f9091c 3f21ef62de645b06 d5bf20d1f6532e15 ef4c37313b293182 198d8c8823db6a27 1a2e983cae6e2693 e9975815ef4cad59 93281780897acf6d 37e8f6018324e49d f27191f7ad56afbc 36d17f2aa1804e16 24a532b48599a977 32f05934eeba752b 903ac3411716c4ab 9cb06e22e9c1d85e d87c4d89b4dff5f5 cbf6baa0cfa0c756 b9629fb4e8b710ca 1d9706c0e8a728c3 b847f01991deed3d fa95fe08e98dc160 d234ea23f1aa8fce 83897d0b182d04c8 81bac6280a7cda3d fc276a0bfe1f7b13 ] wstrb=[4c db 16 89 4 2a 94 50 5 aa d9 9 d4 6d 59 da 17 32 e3 ec 9f 3d c6 b7 6f a9 a3 f e6 69 c6 56 12 69 65 f9 d2 2b 4f e4 94 b4 dd 66 df 2c 4a 73 e0 28 d9 bf 54 23 32 35 4b b f4 a0 2f 27 d5 7a 32 c9 1a 61 f0 ef dc 23 b9 f6 84 a9 e6 60 cc 9f 57 51 48 3d b1 15 dc 8 66 24 45 17 39 21 20 9f 46 65 b7 7f 87 d7 1f cd 3c d6 4c c3 ad 6b 90 e9 41 dd ad ee 48 3d d8 8a 1a 85 78 63 c2 50 ed dd d5 65 40 98 b6 2d 75 8b 92 b5 23 48 e2 98 d4 74 4d f7 bd 2f 90 91 a4 dd 88 61 d 18 f2 b1 ] bresp=0 bid=1001
[1665000] MASTER 1 W_VALID_RDY Handshake beat=0 wlast=0
[1665000] MASTER 1 B_VALID_RDY Handshake
[1665000] [MASTER MONITOR] mst_id=1 s_id=1 awaddr=18e257f8 awid=1001 awlen=157 awsize=4 awburst=1 wdata=[c40acfc2ca8f7ccb bf533f49c432fd83 e74f4883f85dd524 c2ed51f018d62930 dd0926b3ab5a1845 23b7ed6a82409139 9b16ba69c4586f36 efb2877ce6a53f5a e8e5d093f81fe11d bc785053136a74e6 fa0fb44003fc8afd fc1c6c1aac2ad7cf bf954cb5e2f584d3 e6f20fd0b894bc6d e4bf943db9a500f5 1c9a85c9e30e7bea 1ba33858a454e0f2 ddf9e1e8838c9599 e69b11840062cc95 a4b7ad87fa9467b1 fe20fd4a023e49dc 2a1167182b18f6f fd45f720e4bc0ece e6fa58aaa758c3f8 2a0a5368fb66f46b e0230339e99b6f1b 10f43314a7504a88 a2b73ef3c71d5be4 b0b8caff3afe867c e24ed10402da422d c9f79e11c1acfe13 fcab848f05060ff8 7e05225fab06910 3c5d6724defa5594 e400658cd1d7f036 cc885946b908ebb3 98034147ebe0b7b1 3db8a7e788e5c06a c1eeac1efc03a6d3 e7e45e848a41012d 1326c198d9f1ed65 d5f59439a59d066b 2fde0799d5156db6 af075b1bbdd9f2bd e376f929c304c931 181a36e784fcef54 c2d6e212135500c2 d659c9f3c7219202 cc1e8157264ddb3b 39a2dbfdee7400da b59592dc0ef56369 35433ea40ffca5f0 fe70a6ca81b41433 90a9779ceee61aa1 fee2c091b40639a6 35ba4ddac5ecb640 b4d2d0e1fd53675b b159a101c663c576 c507bb7b3b59172 b108f8cde713eedb 2d77b452c1234c98 f4d8de0be26299cf c97688aa39c83009 faeb7ca1a5e1d6d8 884470a7f6ee3cfc b0b66d05efc45aac 15a63185d1baf952 c8a9364e2ba1e9a7 9b6644539deaa22c efa59b7ef95fa354 25018cfbb10c75d8 cef71805384ed1cd 31ae7521c067d14e f1744727be9cb383 f6eb8550d6b0021c 9717d36ac06b5f2c ff0812afa899fa71 ff49fc8d888c1a91 c8f779bdf5f39800 9e8d92711661cff8 9eedea89c7ff8c6d 3df3246d1dd78eff 34395ef7e7e56447 2fe4f0b4dc80b6de fa5845ddd3274980 bb0cadc7edd81521 ca58cbffae91a4d4 1b8ee55eaf19e7b d8c9b39cc4b111dd f342b6b1bcc59c1c 27b73a9823227f9c e7d39179f4fba506 31c141238080ee34 a3a36dd0db16482a d011ed31d9787bbb d9f969ef8b76ff49 e68d477401d32e54 db4baa0ffd9cd7c0 8913d709369f34a5 387262f9b54513fe b2e1ebbeefa11e7d a640532213be0d08 c90321063bf5c2c8 ab96e145deb2b61b f270c323fbe50cc5 37dacf8dd1d73468 b089ea833b73e42a 3758f0efe371b0d2 b548e53a22faada7 de6e91d1ef33c07c d2a5714ee5d2cfbe 8cd7d6515c782c0 4fb433c07ee5689 edc12647e73c0f36 fd0391f6d7a0b48a df8f0b13f68ea3ac ddcab2e201fed532 d99f89bccd50315a c3ded506dace44d8 dccd1a0a392e94d0 867ec62aa1a987e8 fc77ccc0b66ca3c6 ef9b3896ca5d9b31 ec072319d944e6ca fb18a91f619fec1 c07799f2e87eefda c1c3d6a4ff4cc327 f566c1e8ac7ebd0b 94fdace5d1756135 d0c2245db5de5bda e25d18e6d6c1838a a836e4bfc628e645 fc074220f75ac5cb ce1c4955f8f9091c 3f21ef62de645b06 d5bf20d1f6532e15 ef4c37313b293182 198d8c8823db6a27 1a2e983cae6e2693 e9975815ef4cad59 93281780897acf6d 37e8f6018324e49d f27191f7ad56afbc 36d17f2aa1804e16 24a532b48599a977 32f05934eeba752b 903ac3411716c4ab 9cb06e22e9c1d85e d87c4d89b4dff5f5 cbf6baa0cfa0c756 b9629fb4e8b710ca 1d9706c0e8a728c3 b847f01991deed3d fa95fe08e98dc160 d234ea23f1aa8fce 83897d0b182d04c8 81bac6280a7cda3d fc276a0bfe1f7b13 ] wstrb=[4c db 16 89 4 2a 94 50 5 aa d9 9 d4 6d 59 da 17 32 e3 ec 9f 3d c6 b7 6f a9 a3 f e6 69 c6 56 12 69 65 f9 d2 2b 4f e4 94 b4 dd 66 df 2c 4a 73 e0 28 d9 bf 54 23 32 35 4b b f4 a0 2f 27 d5 7a 32 c9 1a 61 f0 ef dc 23 b9 f6 84 a9 e6 60 cc 9f 57 51 48 3d b1 15 dc 8 66 24 45 17 39 21 20 9f 46 65 b7 7f 87 d7 1f cd 3c d6 4c c3 ad 6b 90 e9 41 dd ad ee 48 3d d8 8a 1a 85 78 63 c2 50 ed dd d5 65 40 98 b6 2d 75 8b 92 b5 23 48 e2 98 d4 74 4d f7 bd 2f 90 91 a4 dd 88 61 d 18 f2 b1 ] bresp=0 bid=1001
[1665000] SCOREBOARD MATCH: decode_err expected = 0, actual =0
[1665000] SCOREBOARD MATCH: slave_id expected = 1, actual =1
[1665000] SCOREBOARD MATCH: awaddr passthrough expected = 18e257f8, actual =18e257f8
[1665000] SCOREBOARD MATCH: awlen passthrough expected = 157, actual =157
[1665000] SCOREBOARD MATCH: awsize passthrough expected = 4, actual =4
[1665000] SCOREBOARD MATCH: awburst passthrough expected = 1, actual =1
[1665000] SCOREBOARD MATCH: wdata size check expected = 9e, actual =9e
[1665000] SCOREBOARD MATCH: wdata passthrough beat=0 expected = c40acfc2ca8f7ccb, actual =c40acfc2ca8f7ccb
[1665000] SCOREBOARD MATCH: wdata passthrough beat=1 expected = bf533f49c432fd83, actual =bf533f49c432fd83
[1665000] SCOREBOARD MATCH: wdata passthrough beat=2 expected = e74f4883f85dd524, actual =e74f4883f85dd524
[1665000] SCOREBOARD MATCH: wdata passthrough beat=3 expected = c2ed51f018d62930, actual =c2ed51f018d62930
[1665000] SCOREBOARD MATCH: wdata passthrough beat=4 expected = dd0926b3ab5a1845, actual =dd0926b3ab5a1845
[1665000] SCOREBOARD MATCH: wdata passthrough beat=5 expected = 23b7ed6a82409139, actual =23b7ed6a82409139
[1665000] SCOREBOARD MATCH: wdata passthrough beat=6 expected = 9b16ba69c4586f36, actual =9b16ba69c4586f36
[1665000] SCOREBOARD MATCH: wdata passthrough beat=7 expected = efb2877ce6a53f5a, actual =efb2877ce6a53f5a
[1665000] SCOREBOARD MATCH: wdata passthrough beat=8 expected = e8e5d093f81fe11d, actual =e8e5d093f81fe11d
[1665000] SCOREBOARD MATCH: wdata passthrough beat=9 expected = bc785053136a74e6, actual =bc785053136a74e6
[1665000] SCOREBOARD MATCH: wdata passthrough beat=10 expected = fa0fb44003fc8afd, actual =fa0fb44003fc8afd
[1665000] SCOREBOARD MATCH: wdata passthrough beat=11 expected = fc1c6c1aac2ad7cf, actual =fc1c6c1aac2ad7cf
[1665000] SCOREBOARD MATCH: wdata passthrough beat=12 expected = bf954cb5e2f584d3, actual =bf954cb5e2f584d3
[1665000] SCOREBOARD MATCH: wdata passthrough beat=13 expected = e6f20fd0b894bc6d, actual =e6f20fd0b894bc6d
[1665000] SCOREBOARD MATCH: wdata passthrough beat=14 expected = e4bf943db9a500f5, actual =e4bf943db9a500f5
[1665000] SCOREBOARD MATCH: wdata passthrough beat=15 expected = 1c9a85c9e30e7bea, actual =1c9a85c9e30e7bea
[1665000] SCOREBOARD MATCH: wdata passthrough beat=16 expected = 1ba33858a454e0f2, actual =1ba33858a454e0f2
[1665000] SCOREBOARD MATCH: wdata passthrough beat=17 expected = ddf9e1e8838c9599, actual =ddf9e1e8838c9599
[1665000] SCOREBOARD MATCH: wdata passthrough beat=18 expected = e69b11840062cc95, actual =e69b11840062cc95
[1665000] SCOREBOARD MATCH: wdata passthrough beat=19 expected = a4b7ad87fa9467b1, actual =a4b7ad87fa9467b1
[1665000] SCOREBOARD MATCH: wdata passthrough beat=20 expected = fe20fd4a023e49dc, actual =fe20fd4a023e49dc
[1665000] SCOREBOARD MATCH: wdata passthrough beat=21 expected = 2a1167182b18f6f, actual =2a1167182b18f6f
[1665000] SCOREBOARD MATCH: wdata passthrough beat=22 expected = fd45f720e4bc0ece, actual =fd45f720e4bc0ece
[1665000] SCOREBOARD MATCH: wdata passthrough beat=23 expected = e6fa58aaa758c3f8, actual =e6fa58aaa758c3f8
[1665000] SCOREBOARD MATCH: wdata passthrough beat=24 expected = 2a0a5368fb66f46b, actual =2a0a5368fb66f46b
[1665000] SCOREBOARD MATCH: wdata passthrough beat=25 expected = e0230339e99b6f1b, actual =e0230339e99b6f1b
[1665000] SCOREBOARD MATCH: wdata passthrough beat=26 expected = 10f43314a7504a88, actual =10f43314a7504a88
[1665000] SCOREBOARD MATCH: wdata passthrough beat=27 expected = a2b73ef3c71d5be4, actual =a2b73ef3c71d5be4
[1665000] SCOREBOARD MATCH: wdata passthrough beat=28 expected = b0b8caff3afe867c, actual =b0b8caff3afe867c
[1665000] SCOREBOARD MATCH: wdata passthrough beat=29 expected = e24ed10402da422d, actual =e24ed10402da422d
[1665000] SCOREBOARD MATCH: wdata passthrough beat=30 expected = c9f79e11c1acfe13, actual =c9f79e11c1acfe13
[1665000] SCOREBOARD MATCH: wdata passthrough beat=31 expected = fcab848f05060ff8, actual =fcab848f05060ff8
[1665000] SCOREBOARD MATCH: wdata passthrough beat=32 expected = 7e05225fab06910, actual =7e05225fab06910
[1665000] SCOREBOARD MATCH: wdata passthrough beat=33 expected = 3c5d6724defa5594, actual =3c5d6724defa5594
[1665000] SCOREBOARD MATCH: wdata passthrough beat=34 expected = e400658cd1d7f036, actual =e400658cd1d7f036
[1665000] SCOREBOARD MATCH: wdata passthrough beat=35 expected = cc885946b908ebb3, actual =cc885946b908ebb3
[1665000] SCOREBOARD MATCH: wdata passthrough beat=36 expected = 98034147ebe0b7b1, actual =98034147ebe0b7b1
[1665000] SCOREBOARD MATCH: wdata passthrough beat=37 expected = 3db8a7e788e5c06a, actual =3db8a7e788e5c06a
[1665000] SCOREBOARD MATCH: wdata passthrough beat=38 expected = c1eeac1efc03a6d3, actual =c1eeac1efc03a6d3
[1665000] SCOREBOARD MATCH: wdata passthrough beat=39 expected = e7e45e848a41012d, actual =e7e45e848a41012d
[1665000] SCOREBOARD MATCH: wdata passthrough beat=40 expected = 1326c198d9f1ed65, actual =1326c198d9f1ed65
[1665000] SCOREBOARD MATCH: wdata passthrough beat=41 expected = d5f59439a59d066b, actual =d5f59439a59d066b
[1665000] SCOREBOARD MATCH: wdata passthrough beat=42 expected = 2fde0799d5156db6, actual =2fde0799d5156db6
[1665000] SCOREBOARD MATCH: wdata passthrough beat=43 expected = af075b1bbdd9f2bd, actual =af075b1bbdd9f2bd
[1665000] SCOREBOARD MATCH: wdata passthrough beat=44 expected = e376f929c304c931, actual =e376f929c304c931
[1665000] SCOREBOARD MATCH: wdata passthrough beat=45 expected = 181a36e784fcef54, actual =181a36e784fcef54
[1665000] SCOREBOARD MATCH: wdata passthrough beat=46 expected = c2d6e212135500c2, actual =c2d6e212135500c2
[1665000] SCOREBOARD MATCH: wdata passthrough beat=47 expected = d659c9f3c7219202, actual =d659c9f3c7219202
[1665000] SCOREBOARD MATCH: wdata passthrough beat=48 expected = cc1e8157264ddb3b, actual =cc1e8157264ddb3b
[1665000] SCOREBOARD MATCH: wdata passthrough beat=49 expected = 39a2dbfdee7400da, actual =39a2dbfdee7400da
[1665000] SCOREBOARD MATCH: wdata passthrough beat=50 expected = b59592dc0ef56369, actual =b59592dc0ef56369
[1665000] SCOREBOARD MATCH: wdata passthrough beat=51 expected = 35433ea40ffca5f0, actual =35433ea40ffca5f0
[1665000] SCOREBOARD MATCH: wdata passthrough beat=52 expected = fe70a6ca81b41433, actual =fe70a6ca81b41433
[1665000] SCOREBOARD MATCH: wdata passthrough beat=53 expected = 90a9779ceee61aa1, actual =90a9779ceee61aa1
[1665000] SCOREBOARD MATCH: wdata passthrough beat=54 expected = fee2c091b40639a6, actual =fee2c091b40639a6
[1665000] SCOREBOARD MATCH: wdata passthrough beat=55 expected = 35ba4ddac5ecb640, actual =35ba4ddac5ecb640
[1665000] SCOREBOARD MATCH: wdata passthrough beat=56 expected = b4d2d0e1fd53675b, actual =b4d2d0e1fd53675b
[1665000] SCOREBOARD MATCH: wdata passthrough beat=57 expected = b159a101c663c576, actual =b159a101c663c576
[1665000] SCOREBOARD MATCH: wdata passthrough beat=58 expected = c507bb7b3b59172, actual =c507bb7b3b59172
[1665000] SCOREBOARD MATCH: wdata passthrough beat=59 expected = b108f8cde713eedb, actual =b108f8cde713eedb
[1665000] SCOREBOARD MATCH: wdata passthrough beat=60 expected = 2d77b452c1234c98, actual =2d77b452c1234c98
[1665000] SCOREBOARD MATCH: wdata passthrough beat=61 expected = f4d8de0be26299cf, actual =f4d8de0be26299cf
[1665000] SCOREBOARD MATCH: wdata passthrough beat=62 expected = c97688aa39c83009, actual =c97688aa39c83009
[1665000] SCOREBOARD MATCH: wdata passthrough beat=63 expected = faeb7ca1a5e1d6d8, actual =faeb7ca1a5e1d6d8
[1665000] SCOREBOARD MATCH: wdata passthrough beat=64 expected = 884470a7f6ee3cfc, actual =884470a7f6ee3cfc
[1665000] SCOREBOARD MATCH: wdata passthrough beat=65 expected = b0b66d05efc45aac, actual =b0b66d05efc45aac
[1665000] SCOREBOARD MATCH: wdata passthrough beat=66 expected = 15a63185d1baf952, actual =15a63185d1baf952
[1665000] SCOREBOARD MATCH: wdata passthrough beat=67 expected = c8a9364e2ba1e9a7, actual =c8a9364e2ba1e9a7
[1665000] SCOREBOARD MATCH: wdata passthrough beat=68 expected = 9b6644539deaa22c, actual =9b6644539deaa22c
[1665000] SCOREBOARD MATCH: wdata passthrough beat=69 expected = efa59b7ef95fa354, actual =efa59b7ef95fa354
[1665000] SCOREBOARD MATCH: wdata passthrough beat=70 expected = 25018cfbb10c75d8, actual =25018cfbb10c75d8
[1665000] SCOREBOARD MATCH: wdata passthrough beat=71 expected = cef71805384ed1cd, actual =cef71805384ed1cd
[1665000] SCOREBOARD MATCH: wdata passthrough beat=72 expected = 31ae7521c067d14e, actual =31ae7521c067d14e
[1665000] SCOREBOARD MATCH: wdata passthrough beat=73 expected = f1744727be9cb383, actual =f1744727be9cb383
[1665000] SCOREBOARD MATCH: wdata passthrough beat=74 expected = f6eb8550d6b0021c, actual =f6eb8550d6b0021c
[1665000] SCOREBOARD MATCH: wdata passthrough beat=75 expected = 9717d36ac06b5f2c, actual =9717d36ac06b5f2c
[1665000] SCOREBOARD MATCH: wdata passthrough beat=76 expected = ff0812afa899fa71, actual =ff0812afa899fa71
[1665000] SCOREBOARD MATCH: wdata passthrough beat=77 expected = ff49fc8d888c1a91, actual =ff49fc8d888c1a91
[1665000] SCOREBOARD MATCH: wdata passthrough beat=78 expected = c8f779bdf5f39800, actual =c8f779bdf5f39800
[1665000] SCOREBOARD MATCH: wdata passthrough beat=79 expected = 9e8d92711661cff8, actual =9e8d92711661cff8
[1665000] SCOREBOARD MATCH: wdata passthrough beat=80 expected = 9eedea89c7ff8c6d, actual =9eedea89c7ff8c6d
[1665000] SCOREBOARD MATCH: wdata passthrough beat=81 expected = 3df3246d1dd78eff, actual =3df3246d1dd78eff
[1665000] SCOREBOARD MATCH: wdata passthrough beat=82 expected = 34395ef7e7e56447, actual =34395ef7e7e56447
[1665000] SCOREBOARD MATCH: wdata passthrough beat=83 expected = 2fe4f0b4dc80b6de, actual =2fe4f0b4dc80b6de
[1665000] SCOREBOARD MATCH: wdata passthrough beat=84 expected = fa5845ddd3274980, actual =fa5845ddd3274980
[1665000] SCOREBOARD MATCH: wdata passthrough beat=85 expected = bb0cadc7edd81521, actual =bb0cadc7edd81521
[1665000] SCOREBOARD MATCH: wdata passthrough beat=86 expected = ca58cbffae91a4d4, actual =ca58cbffae91a4d4
[1665000] SCOREBOARD MATCH: wdata passthrough beat=87 expected = 1b8ee55eaf19e7b, actual =1b8ee55eaf19e7b
[1665000] SCOREBOARD MATCH: wdata passthrough beat=88 expected = d8c9b39cc4b111dd, actual =d8c9b39cc4b111dd
[1665000] SCOREBOARD MATCH: wdata passthrough beat=89 expected = f342b6b1bcc59c1c, actual =f342b6b1bcc59c1c
[1665000] SCOREBOARD MATCH: wdata passthrough beat=90 expected = 27b73a9823227f9c, actual =27b73a9823227f9c
[1665000] SCOREBOARD MATCH: wdata passthrough beat=91 expected = e7d39179f4fba506, actual =e7d39179f4fba506
[1665000] SCOREBOARD MATCH: wdata passthrough beat=92 expected = 31c141238080ee34, actual =31c141238080ee34
[1665000] SCOREBOARD MATCH: wdata passthrough beat=93 expected = a3a36dd0db16482a, actual =a3a36dd0db16482a
[1665000] SCOREBOARD MATCH: wdata passthrough beat=94 expected = d011ed31d9787bbb, actual =d011ed31d9787bbb
[1665000] SCOREBOARD MATCH: wdata passthrough beat=95 expected = d9f969ef8b76ff49, actual =d9f969ef8b76ff49
[1665000] SCOREBOARD MATCH: wdata passthrough beat=96 expected = e68d477401d32e54, actual =e68d477401d32e54
[1665000] SCOREBOARD MATCH: wdata passthrough beat=97 expected = db4baa0ffd9cd7c0, actual =db4baa0ffd9cd7c0
[1665000] SCOREBOARD MATCH: wdata passthrough beat=98 expected = 8913d709369f34a5, actual =8913d709369f34a5
[1665000] SCOREBOARD MATCH: wdata passthrough beat=99 expected = 387262f9b54513fe, actual =387262f9b54513fe
[1665000] SCOREBOARD MATCH: wdata passthrough beat=100 expected = b2e1ebbeefa11e7d, actual =b2e1ebbeefa11e7d
[1665000] SCOREBOARD MATCH: wdata passthrough beat=101 expected = a640532213be0d08, actual =a640532213be0d08
[1665000] SCOREBOARD MATCH: wdata passthrough beat=102 expected = c90321063bf5c2c8, actual =c90321063bf5c2c8
[1665000] SCOREBOARD MATCH: wdata passthrough beat=103 expected = ab96e145deb2b61b, actual =ab96e145deb2b61b
[1665000] SCOREBOARD MATCH: wdata passthrough beat=104 expected = f270c323fbe50cc5, actual =f270c323fbe50cc5
[1665000] SCOREBOARD MATCH: wdata passthrough beat=105 expected = 37dacf8dd1d73468, actual =37dacf8dd1d73468
[1665000] SCOREBOARD MATCH: wdata passthrough beat=106 expected = b089ea833b73e42a, actual =b089ea833b73e42a
[1665000] SCOREBOARD MATCH: wdata passthrough beat=107 expected = 3758f0efe371b0d2, actual =3758f0efe371b0d2
[1665000] SCOREBOARD MATCH: wdata passthrough beat=108 expected = b548e53a22faada7, actual =b548e53a22faada7
[1665000] SCOREBOARD MATCH: wdata passthrough beat=109 expected = de6e91d1ef33c07c, actual =de6e91d1ef33c07c
[1665000] SCOREBOARD MATCH: wdata passthrough beat=110 expected = d2a5714ee5d2cfbe, actual =d2a5714ee5d2cfbe
[1665000] SCOREBOARD MATCH: wdata passthrough beat=111 expected = 8cd7d6515c782c0, actual =8cd7d6515c782c0
[1665000] SCOREBOARD MATCH: wdata passthrough beat=112 expected = 4fb433c07ee5689, actual =4fb433c07ee5689
[1665000] SCOREBOARD MATCH: wdata passthrough beat=113 expected = edc12647e73c0f36, actual =edc12647e73c0f36
[1665000] SCOREBOARD MATCH: wdata passthrough beat=114 expected = fd0391f6d7a0b48a, actual =fd0391f6d7a0b48a
[1665000] SCOREBOARD MATCH: wdata passthrough beat=115 expected = df8f0b13f68ea3ac, actual =df8f0b13f68ea3ac
[1665000] SCOREBOARD MATCH: wdata passthrough beat=116 expected = ddcab2e201fed532, actual =ddcab2e201fed532
[1665000] SCOREBOARD MATCH: wdata passthrough beat=117 expected = d99f89bccd50315a, actual =d99f89bccd50315a
[1665000] SCOREBOARD MATCH: wdata passthrough beat=118 expected = c3ded506dace44d8, actual =c3ded506dace44d8
[1665000] SCOREBOARD MATCH: wdata passthrough beat=119 expected = dccd1a0a392e94d0, actual =dccd1a0a392e94d0
[1665000] SCOREBOARD MATCH: wdata passthrough beat=120 expected = 867ec62aa1a987e8, actual =867ec62aa1a987e8
[1665000] SCOREBOARD MATCH: wdata passthrough beat=121 expected = fc77ccc0b66ca3c6, actual =fc77ccc0b66ca3c6
[1665000] SCOREBOARD MATCH: wdata passthrough beat=122 expected = ef9b3896ca5d9b31, actual =ef9b3896ca5d9b31
[1665000] SCOREBOARD MATCH: wdata passthrough beat=123 expected = ec072319d944e6ca, actual =ec072319d944e6ca
[1665000] SCOREBOARD MATCH: wdata passthrough beat=124 expected = fb18a91f619fec1, actual =fb18a91f619fec1
[1665000] SCOREBOARD MATCH: wdata passthrough beat=125 expected = c07799f2e87eefda, actual =c07799f2e87eefda
[1665000] SCOREBOARD MATCH: wdata passthrough beat=126 expected = c1c3d6a4ff4cc327, actual =c1c3d6a4ff4cc327
[1665000] SCOREBOARD MATCH: wdata passthrough beat=127 expected = f566c1e8ac7ebd0b, actual =f566c1e8ac7ebd0b
[1665000] SCOREBOARD MATCH: wdata passthrough beat=128 expected = 94fdace5d1756135, actual =94fdace5d1756135
[1665000] SCOREBOARD MATCH: wdata passthrough beat=129 expected = d0c2245db5de5bda, actual =d0c2245db5de5bda
[1665000] SCOREBOARD MATCH: wdata passthrough beat=130 expected = e25d18e6d6c1838a, actual =e25d18e6d6c1838a
[1665000] SCOREBOARD MATCH: wdata passthrough beat=131 expected = a836e4bfc628e645, actual =a836e4bfc628e645
[1665000] SCOREBOARD MATCH: wdata passthrough beat=132 expected = fc074220f75ac5cb, actual =fc074220f75ac5cb
[1665000] SCOREBOARD MATCH: wdata passthrough beat=133 expected = ce1c4955f8f9091c, actual =ce1c4955f8f9091c
[1665000] SCOREBOARD MATCH: wdata passthrough beat=134 expected = 3f21ef62de645b06, actual =3f21ef62de645b06
[1665000] SCOREBOARD MATCH: wdata passthrough beat=135 expected = d5bf20d1f6532e15, actual =d5bf20d1f6532e15
[1665000] SCOREBOARD MATCH: wdata passthrough beat=136 expected = ef4c37313b293182, actual =ef4c37313b293182
[1665000] SCOREBOARD MATCH: wdata passthrough beat=137 expected = 198d8c8823db6a27, actual =198d8c8823db6a27
[1665000] SCOREBOARD MATCH: wdata passthrough beat=138 expected = 1a2e983cae6e2693, actual =1a2e983cae6e2693
[1665000] SCOREBOARD MATCH: wdata passthrough beat=139 expected = e9975815ef4cad59, actual =e9975815ef4cad59
[1665000] SCOREBOARD MATCH: wdata passthrough beat=140 expected = 93281780897acf6d, actual =93281780897acf6d
[1665000] SCOREBOARD MATCH: wdata passthrough beat=141 expected = 37e8f6018324e49d, actual =37e8f6018324e49d
[1665000] SCOREBOARD MATCH: wdata passthrough beat=142 expected = f27191f7ad56afbc, actual =f27191f7ad56afbc
[1665000] SCOREBOARD MATCH: wdata passthrough beat=143 expected = 36d17f2aa1804e16, actual =36d17f2aa1804e16
[1665000] SCOREBOARD MATCH: wdata passthrough beat=144 expected = 24a532b48599a977, actual =24a532b48599a977
[1665000] SCOREBOARD MATCH: wdata passthrough beat=145 expected = 32f05934eeba752b, actual =32f05934eeba752b
[1665000] SCOREBOARD MATCH: wdata passthrough beat=146 expected = 903ac3411716c4ab, actual =903ac3411716c4ab
[1665000] SCOREBOARD MATCH: wdata passthrough beat=147 expected = 9cb06e22e9c1d85e, actual =9cb06e22e9c1d85e
[1665000] SCOREBOARD MATCH: wdata passthrough beat=148 expected = d87c4d89b4dff5f5, actual =d87c4d89b4dff5f5
[1665000] SCOREBOARD MATCH: wdata passthrough beat=149 expected = cbf6baa0cfa0c756, actual =cbf6baa0cfa0c756
[1665000] SCOREBOARD MATCH: wdata passthrough beat=150 expected = b9629fb4e8b710ca, actual =b9629fb4e8b710ca
[1665000] SCOREBOARD MATCH: wdata passthrough beat=151 expected = 1d9706c0e8a728c3, actual =1d9706c0e8a728c3
[1665000] SCOREBOARD MATCH: wdata passthrough beat=152 expected = b847f01991deed3d, actual =b847f01991deed3d
[1665000] SCOREBOARD MATCH: wdata passthrough beat=153 expected = fa95fe08e98dc160, actual =fa95fe08e98dc160
[1665000] SCOREBOARD MATCH: wdata passthrough beat=154 expected = d234ea23f1aa8fce, actual =d234ea23f1aa8fce
[1665000] SCOREBOARD MATCH: wdata passthrough beat=155 expected = 83897d0b182d04c8, actual =83897d0b182d04c8
[1665000] SCOREBOARD MATCH: wdata passthrough beat=156 expected = 81bac6280a7cda3d, actual =81bac6280a7cda3d
[1665000] SCOREBOARD MATCH: wdata passthrough beat=157 expected = fc276a0bfe1f7b13, actual =fc276a0bfe1f7b13
[1665000] SCOREBOARD MATCH: wstrb size check expected = 9e, actual =9e
[1665000] SCOREBOARD MATCH: wstrb passthrough beat=0 expected = 4c, actual =4c
[1665000] SCOREBOARD MATCH: wstrb passthrough beat=1 expected = db, actual =db
[1665000] SCOREBOARD MATCH: wstrb passthrough beat=2 expected = 16, actual =16
[1665000] SCOREBOARD MATCH: wstrb passthrough beat=3 expected = 89, actual =89
[1665000] SCOREBOARD MATCH: wstrb passthrough beat=4 expected = 4, actual =4
[1665000] SCOREBOARD MATCH: wstrb passthrough beat=5 expected = 2a, actual =2a
[1665000] SCOREBOARD MATCH: wstrb passthrough beat=6 expected = 94, actual =94
[1665000] SCOREBOARD MATCH: wstrb passthrough beat=7 expected = 50, actual =50
[1665000] SCOREBOARD MATCH: wstrb passthrough beat=8 expected = 5, actual =5
[1665000] SCOREBOARD MATCH: wstrb passthrough beat=9 expected = aa, actual =aa
[1665000] SCOREBOARD MATCH: wstrb passthrough beat=10 expected = d9, actual =d9
[1665000] SCOREBOARD MATCH: wstrb passthrough beat=11 expected = 9, actual =9
[1665000] SCOREBOARD MATCH: wstrb passthrough beat=12 expected = d4, actual =d4
[1665000] SCOREBOARD MATCH: wstrb passthrough beat=13 expected = 6d, actual =6d
[1665000] SCOREBOARD MATCH: wstrb passthrough beat=14 expected = 59, actual =59
[1665000] SCOREBOARD MATCH: wstrb passthrough beat=15 expected = da, actual =da
[1665000] SCOREBOARD MATCH: wstrb passthrough beat=16 expected = 17, actual =17
[1665000] SCOREBOARD MATCH: wstrb passthrough beat=17 expected = 32, actual =32
[1665000] SCOREBOARD MATCH: wstrb passthrough beat=18 expected = e3, actual =e3
[1665000] SCOREBOARD MATCH: wstrb passthrough beat=19 expected = ec, actual =ec
[1665000] SCOREBOARD MATCH: wstrb passthrough beat=20 expected = 9f, actual =9f
[1665000] SCOREBOARD MATCH: wstrb passthrough beat=21 expected = 3d, actual =3d
[1665000] SCOREBOARD MATCH: wstrb passthrough beat=22 expected = c6, actual =c6
[1665000] SCOREBOARD MATCH: wstrb passthrough beat=23 expected = b7, actual =b7
[1665000] SCOREBOARD MATCH: wstrb passthrough beat=24 expected = 6f, actual =6f
[1665000] SCOREBOARD MATCH: wstrb passthrough beat=25 expected = a9, actual =a9
[1665000] SCOREBOARD MATCH: wstrb passthrough beat=26 expected = a3, actual =a3
[1665000] SCOREBOARD MATCH: wstrb passthrough beat=27 expected = f, actual =f
[1665000] SCOREBOARD MATCH: wstrb passthrough beat=28 expected = e6, actual =e6
[1665000] SCOREBOARD MATCH: wstrb passthrough beat=29 expected = 69, actual =69
[1665000] SCOREBOARD MATCH: wstrb passthrough beat=30 expected = c6, actual =c6
[1665000] SCOREBOARD MATCH: wstrb passthrough beat=31 expected = 56, actual =56
[1665000] SCOREBOARD MATCH: wstrb passthrough beat=32 expected = 12, actual =12
[1665000] SCOREBOARD MATCH: wstrb passthrough beat=33 expected = 69, actual =69
[1665000] SCOREBOARD MATCH: wstrb passthrough beat=34 expected = 65, actual =65
[1665000] SCOREBOARD MATCH: wstrb passthrough beat=35 expected = f9, actual =f9
[1665000] SCOREBOARD MATCH: wstrb passthrough beat=36 expected = d2, actual =d2
[1665000] SCOREBOARD MATCH: wstrb passthrough beat=37 expected = 2b, actual =2b
[1665000] SCOREBOARD MATCH: wstrb passthrough beat=38 expected = 4f, actual =4f
[1665000] SCOREBOARD MATCH: wstrb passthrough beat=39 expected = e4, actual =e4
[1665000] SCOREBOARD MATCH: wstrb passthrough beat=40 expected = 94, actual =94
[1665000] SCOREBOARD MATCH: wstrb passthrough beat=41 expected = b4, actual =b4
[1665000] SCOREBOARD MATCH: wstrb passthrough beat=42 expected = dd, actual =dd
[1665000] SCOREBOARD MATCH: wstrb passthrough beat=43 expected = 66, actual =66
[1665000] SCOREBOARD MATCH: wstrb passthrough beat=44 expected = df, actual =df
[1665000] SCOREBOARD MATCH: wstrb passthrough beat=45 expected = 2c, actual =2c
[1665000] SCOREBOARD MATCH: wstrb passthrough beat=46 expected = 4a, actual =4a
[1665000] SCOREBOARD MATCH: wstrb passthrough beat=47 expected = 73, actual =73
[1665000] SCOREBOARD MATCH: wstrb passthrough beat=48 expected = e0, actual =e0
[1665000] SCOREBOARD MATCH: wstrb passthrough beat=49 expected = 28, actual =28
[1665000] SCOREBOARD MATCH: wstrb passthrough beat=50 expected = d9, actual =d9
[1665000] SCOREBOARD MATCH: wstrb passthrough beat=51 expected = bf, actual =bf
[1665000] SCOREBOARD MATCH: wstrb passthrough beat=52 expected = 54, actual =54
[1665000] SCOREBOARD MATCH: wstrb passthrough beat=53 expected = 23, actual =23
[1665000] SCOREBOARD MATCH: wstrb passthrough beat=54 expected = 32, actual =32
[1665000] SCOREBOARD MATCH: wstrb passthrough beat=55 expected = 35, actual =35
[1665000] SCOREBOARD MATCH: wstrb passthrough beat=56 expected = 4b, actual =4b
[1665000] SCOREBOARD MATCH: wstrb passthrough beat=57 expected = b, actual =b
[1665000] SCOREBOARD MATCH: wstrb passthrough beat=58 expected = f4, actual =f4
[1665000] SCOREBOARD MATCH: wstrb passthrough beat=59 expected = a0, actual =a0
[1665000] SCOREBOARD MATCH: wstrb passthrough beat=60 expected = 2f, actual =2f
[1665000] SCOREBOARD MATCH: wstrb passthrough beat=61 expected = 27, actual =27
[1665000] SCOREBOARD MATCH: wstrb passthrough beat=62 expected = d5, actual =d5
[1665000] SCOREBOARD MATCH: wstrb passthrough beat=63 expected = 7a, actual =7a
[1665000] SCOREBOARD MATCH: wstrb passthrough beat=64 expected = 32, actual =32
[1665000] SCOREBOARD MATCH: wstrb passthrough beat=65 expected = c9, actual =c9
[1665000] SCOREBOARD MATCH: wstrb passthrough beat=66 expected = 1a, actual =1a
[1665000] SCOREBOARD MATCH: wstrb passthrough beat=67 expected = 61, actual =61
[1665000] SCOREBOARD MATCH: wstrb passthrough beat=68 expected = f0, actual =f0
[1665000] SCOREBOARD MATCH: wstrb passthrough beat=69 expected = ef, actual =ef
[1665000] SCOREBOARD MATCH: wstrb passthrough beat=70 expected = dc, actual =dc
[1665000] SCOREBOARD MATCH: wstrb passthrough beat=71 expected = 23, actual =23
[1665000] SCOREBOARD MATCH: wstrb passthrough beat=72 expected = b9, actual =b9
[1665000] SCOREBOARD MATCH: wstrb passthrough beat=73 expected = f6, actual =f6
[1665000] SCOREBOARD MATCH: wstrb passthrough beat=74 expected = 84, actual =84
[1665000] SCOREBOARD MATCH: wstrb passthrough beat=75 expected = a9, actual =a9
[1665000] SCOREBOARD MATCH: wstrb passthrough beat=76 expected = e6, actual =e6
[1665000] SCOREBOARD MATCH: wstrb passthrough beat=77 expected = 60, actual =60
[1665000] SCOREBOARD MATCH: wstrb passthrough beat=78 expected = cc, actual =cc
[1665000] SCOREBOARD MATCH: wstrb passthrough beat=79 expected = 9f, actual =9f
[1665000] SCOREBOARD MATCH: wstrb passthrough beat=80 expected = 57, actual =57
[1665000] SCOREBOARD MATCH: wstrb passthrough beat=81 expected = 51, actual =51
[1665000] SCOREBOARD MATCH: wstrb passthrough beat=82 expected = 48, actual =48
[1665000] SCOREBOARD MATCH: wstrb passthrough beat=83 expected = 3d, actual =3d
[1665000] SCOREBOARD MATCH: wstrb passthrough beat=84 expected = b1, actual =b1
[1665000] SCOREBOARD MATCH: wstrb passthrough beat=85 expected = 15, actual =15
[1665000] SCOREBOARD MATCH: wstrb passthrough beat=86 expected = dc, actual =dc
[1665000] SCOREBOARD MATCH: wstrb passthrough beat=87 expected = 8, actual =8
[1665000] SCOREBOARD MATCH: wstrb passthrough beat=88 expected = 66, actual =66
[1665000] SCOREBOARD MATCH: wstrb passthrough beat=89 expected = 24, actual =24
[1665000] SCOREBOARD MATCH: wstrb passthrough beat=90 expected = 45, actual =45
[1665000] SCOREBOARD MATCH: wstrb passthrough beat=91 expected = 17, actual =17
[1665000] SCOREBOARD MATCH: wstrb passthrough beat=92 expected = 39, actual =39
[1665000] SCOREBOARD MATCH: wstrb passthrough beat=93 expected = 21, actual =21
[1665000] SCOREBOARD MATCH: wstrb passthrough beat=94 expected = 20, actual =20
[1665000] SCOREBOARD MATCH: wstrb passthrough beat=95 expected = 9f, actual =9f
[1665000] SCOREBOARD MATCH: wstrb passthrough beat=96 expected = 46, actual =46
[1665000] SCOREBOARD MATCH: wstrb passthrough beat=97 expected = 65, actual =65
[1665000] SCOREBOARD MATCH: wstrb passthrough beat=98 expected = b7, actual =b7
[1665000] SCOREBOARD MATCH: wstrb passthrough beat=99 expected = 7f, actual =7f
[1665000] SCOREBOARD MATCH: wstrb passthrough beat=100 expected = 87, actual =87
[1665000] SCOREBOARD MATCH: wstrb passthrough beat=101 expected = d7, actual =d7
[1665000] SCOREBOARD MATCH: wstrb passthrough beat=102 expected = 1f, actual =1f
[1665000] SCOREBOARD MATCH: wstrb passthrough beat=103 expected = cd, actual =cd
[1665000] SCOREBOARD MATCH: wstrb passthrough beat=104 expected = 3c, actual =3c
[1665000] SCOREBOARD MATCH: wstrb passthrough beat=105 expected = d6, actual =d6
[1665000] SCOREBOARD MATCH: wstrb passthrough beat=106 expected = 4c, actual =4c
[1665000] SCOREBOARD MATCH: wstrb passthrough beat=107 expected = c3, actual =c3
[1665000] SCOREBOARD MATCH: wstrb passthrough beat=108 expected = ad, actual =ad
[1665000] SCOREBOARD MATCH: wstrb passthrough beat=109 expected = 6b, actual =6b
[1665000] SCOREBOARD MATCH: wstrb passthrough beat=110 expected = 90, actual =90
[1665000] SCOREBOARD MATCH: wstrb passthrough beat=111 expected = e9, actual =e9
[1665000] SCOREBOARD MATCH: wstrb passthrough beat=112 expected = 41, actual =41
[1665000] SCOREBOARD MATCH: wstrb passthrough beat=113 expected = dd, actual =dd
[1665000] SCOREBOARD MATCH: wstrb passthrough beat=114 expected = ad, actual =ad
[1665000] SCOREBOARD MATCH: wstrb passthrough beat=115 expected = ee, actual =ee
[1665000] SCOREBOARD MATCH: wstrb passthrough beat=116 expected = 48, actual =48
[1665000] SCOREBOARD MATCH: wstrb passthrough beat=117 expected = 3d, actual =3d
[1665000] SCOREBOARD MATCH: wstrb passthrough beat=118 expected = d8, actual =d8
[1665000] SCOREBOARD MATCH: wstrb passthrough beat=119 expected = 8a, actual =8a
[1665000] SCOREBOARD MATCH: wstrb passthrough beat=120 expected = 1a, actual =1a
[1665000] SCOREBOARD MATCH: wstrb passthrough beat=121 expected = 85, actual =85
[1665000] SCOREBOARD MATCH: wstrb passthrough beat=122 expected = 78, actual =78
[1665000] SCOREBOARD MATCH: wstrb passthrough beat=123 expected = 63, actual =63
[1665000] SCOREBOARD MATCH: wstrb passthrough beat=124 expected = c2, actual =c2
[1665000] SCOREBOARD MATCH: wstrb passthrough beat=125 expected = 50, actual =50
[1665000] SCOREBOARD MATCH: wstrb passthrough beat=126 expected = ed, actual =ed
[1665000] SCOREBOARD MATCH: wstrb passthrough beat=127 expected = dd, actual =dd
[1665000] SCOREBOARD MATCH: wstrb passthrough beat=128 expected = d5, actual =d5
[1665000] SCOREBOARD MATCH: wstrb passthrough beat=129 expected = 65, actual =65
[1665000] SCOREBOARD MATCH: wstrb passthrough beat=130 expected = 40, actual =40
[1665000] SCOREBOARD MATCH: wstrb passthrough beat=131 expected = 98, actual =98
[1665000] SCOREBOARD MATCH: wstrb passthrough beat=132 expected = b6, actual =b6
[1665000] SCOREBOARD MATCH: wstrb passthrough beat=133 expected = 2d, actual =2d
[1665000] SCOREBOARD MATCH: wstrb passthrough beat=134 expected = 75, actual =75
[1665000] SCOREBOARD MATCH: wstrb passthrough beat=135 expected = 8b, actual =8b
[1665000] SCOREBOARD MATCH: wstrb passthrough beat=136 expected = 92, actual =92
[1665000] SCOREBOARD MATCH: wstrb passthrough beat=137 expected = b5, actual =b5
[1665000] SCOREBOARD MATCH: wstrb passthrough beat=138 expected = 23, actual =23
[1665000] SCOREBOARD MATCH: wstrb passthrough beat=139 expected = 48, actual =48
[1665000] SCOREBOARD MATCH: wstrb passthrough beat=140 expected = e2, actual =e2
[1665000] SCOREBOARD MATCH: wstrb passthrough beat=141 expected = 98, actual =98
[1665000] SCOREBOARD MATCH: wstrb passthrough beat=142 expected = d4, actual =d4
[1665000] SCOREBOARD MATCH: wstrb passthrough beat=143 expected = 74, actual =74
[1665000] SCOREBOARD MATCH: wstrb passthrough beat=144 expected = 4d, actual =4d
[1665000] SCOREBOARD MATCH: wstrb passthrough beat=145 expected = f7, actual =f7
[1665000] SCOREBOARD MATCH: wstrb passthrough beat=146 expected = bd, actual =bd
[1665000] SCOREBOARD MATCH: wstrb passthrough beat=147 expected = 2f, actual =2f
[1665000] SCOREBOARD MATCH: wstrb passthrough beat=148 expected = 90, actual =90
[1665000] SCOREBOARD MATCH: wstrb passthrough beat=149 expected = 91, actual =91
[1665000] SCOREBOARD MATCH: wstrb passthrough beat=150 expected = a4, actual =a4
[1665000] SCOREBOARD MATCH: wstrb passthrough beat=151 expected = dd, actual =dd
[1665000] SCOREBOARD MATCH: wstrb passthrough beat=152 expected = 88, actual =88
[1665000] SCOREBOARD MATCH: wstrb passthrough beat=153 expected = 61, actual =61
[1665000] SCOREBOARD MATCH: wstrb passthrough beat=154 expected = d, actual =d
[1665000] SCOREBOARD MATCH: wstrb passthrough beat=155 expected = 18, actual =18
[1665000] SCOREBOARD MATCH: wstrb passthrough beat=156 expected = f2, actual =f2
[1665000] SCOREBOARD MATCH: wstrb passthrough beat=157 expected = b1, actual =b1
[1665000] SCOREBOARD MATCH: bresp passthrough expected = 0, actual =0
[1665000] SCOREBOARD MATCH: response routed to correct master (write) expected = 1, actual =1
[1665000] [SCOREBOARD-M] mst_id=1 s_id=1 awaddr=18e257f8 awid=1001 awlen=157 awsize=4 awburst=1 wdata=[c40acfc2ca8f7ccb bf533f49c432fd83 e74f4883f85dd524 c2ed51f018d62930 dd0926b3ab5a1845 23b7ed6a82409139 9b16ba69c4586f36 efb2877ce6a53f5a e8e5d093f81fe11d bc785053136a74e6 fa0fb44003fc8afd fc1c6c1aac2ad7cf bf954cb5e2f584d3 e6f20fd0b894bc6d e4bf943db9a500f5 1c9a85c9e30e7bea 1ba33858a454e0f2 ddf9e1e8838c9599 e69b11840062cc95 a4b7ad87fa9467b1 fe20fd4a023e49dc 2a1167182b18f6f fd45f720e4bc0ece e6fa58aaa758c3f8 2a0a5368fb66f46b e0230339e99b6f1b 10f43314a7504a88 a2b73ef3c71d5be4 b0b8caff3afe867c e24ed10402da422d c9f79e11c1acfe13 fcab848f05060ff8 7e05225fab06910 3c5d6724defa5594 e400658cd1d7f036 cc885946b908ebb3 98034147ebe0b7b1 3db8a7e788e5c06a c1eeac1efc03a6d3 e7e45e848a41012d 1326c198d9f1ed65 d5f59439a59d066b 2fde0799d5156db6 af075b1bbdd9f2bd e376f929c304c931 181a36e784fcef54 c2d6e212135500c2 d659c9f3c7219202 cc1e8157264ddb3b 39a2dbfdee7400da b59592dc0ef56369 35433ea40ffca5f0 fe70a6ca81b41433 90a9779ceee61aa1 fee2c091b40639a6 35ba4ddac5ecb640 b4d2d0e1fd53675b b159a101c663c576 c507bb7b3b59172 b108f8cde713eedb 2d77b452c1234c98 f4d8de0be26299cf c97688aa39c83009 faeb7ca1a5e1d6d8 884470a7f6ee3cfc b0b66d05efc45aac 15a63185d1baf952 c8a9364e2ba1e9a7 9b6644539deaa22c efa59b7ef95fa354 25018cfbb10c75d8 cef71805384ed1cd 31ae7521c067d14e f1744727be9cb383 f6eb8550d6b0021c 9717d36ac06b5f2c ff0812afa899fa71 ff49fc8d888c1a91 c8f779bdf5f39800 9e8d92711661cff8 9eedea89c7ff8c6d 3df3246d1dd78eff 34395ef7e7e56447 2fe4f0b4dc80b6de fa5845ddd3274980 bb0cadc7edd81521 ca58cbffae91a4d4 1b8ee55eaf19e7b d8c9b39cc4b111dd f342b6b1bcc59c1c 27b73a9823227f9c e7d39179f4fba506 31c141238080ee34 a3a36dd0db16482a d011ed31d9787bbb d9f969ef8b76ff49 e68d477401d32e54 db4baa0ffd9cd7c0 8913d709369f34a5 387262f9b54513fe b2e1ebbeefa11e7d a640532213be0d08 c90321063bf5c2c8 ab96e145deb2b61b f270c323fbe50cc5 37dacf8dd1d73468 b089ea833b73e42a 3758f0efe371b0d2 b548e53a22faada7 de6e91d1ef33c07c d2a5714ee5d2cfbe 8cd7d6515c782c0 4fb433c07ee5689 edc12647e73c0f36 fd0391f6d7a0b48a df8f0b13f68ea3ac ddcab2e201fed532 d99f89bccd50315a c3ded506dace44d8 dccd1a0a392e94d0 867ec62aa1a987e8 fc77ccc0b66ca3c6 ef9b3896ca5d9b31 ec072319d944e6ca fb18a91f619fec1 c07799f2e87eefda c1c3d6a4ff4cc327 f566c1e8ac7ebd0b 94fdace5d1756135 d0c2245db5de5bda e25d18e6d6c1838a a836e4bfc628e645 fc074220f75ac5cb ce1c4955f8f9091c 3f21ef62de645b06 d5bf20d1f6532e15 ef4c37313b293182 198d8c8823db6a27 1a2e983cae6e2693 e9975815ef4cad59 93281780897acf6d 37e8f6018324e49d f27191f7ad56afbc 36d17f2aa1804e16 24a532b48599a977 32f05934eeba752b 903ac3411716c4ab 9cb06e22e9c1d85e d87c4d89b4dff5f5 cbf6baa0cfa0c756 b9629fb4e8b710ca 1d9706c0e8a728c3 b847f01991deed3d fa95fe08e98dc160 d234ea23f1aa8fce 83897d0b182d04c8 81bac6280a7cda3d fc276a0bfe1f7b13 ] wstrb=[4c db 16 89 4 2a 94 50 5 aa d9 9 d4 6d 59 da 17 32 e3 ec 9f 3d c6 b7 6f a9 a3 f e6 69 c6 56 12 69 65 f9 d2 2b 4f e4 94 b4 dd 66 df 2c 4a 73 e0 28 d9 bf 54 23 32 35 4b b f4 a0 2f 27 d5 7a 32 c9 1a 61 f0 ef dc 23 b9 f6 84 a9 e6 60 cc 9f 57 51 48 3d b1 15 dc 8 66 24 45 17 39 21 20 9f 46 65 b7 7f 87 d7 1f cd 3c d6 4c c3 ad 6b 90 e9 41 dd ad ee 48 3d d8 8a 1a 85 78 63 c2 50 ed dd d5 65 40 98 b6 2d 75 8b 92 b5 23 48 e2 98 d4 74 4d f7 bd 2f 90 91 a4 dd 88 61 d 18 f2 b1 ] bresp=0 bid=1001
[1665000] [SCOREBOARD-S] mst_id=1 s_id=1 awaddr=18e257f8 awid=1001 awlen=157 awsize=4 awburst=1 wdata=[c40acfc2ca8f7ccb bf533f49c432fd83 e74f4883f85dd524 c2ed51f018d62930 dd0926b3ab5a1845 23b7ed6a82409139 9b16ba69c4586f36 efb2877ce6a53f5a e8e5d093f81fe11d bc785053136a74e6 fa0fb44003fc8afd fc1c6c1aac2ad7cf bf954cb5e2f584d3 e6f20fd0b894bc6d e4bf943db9a500f5 1c9a85c9e30e7bea 1ba33858a454e0f2 ddf9e1e8838c9599 e69b11840062cc95 a4b7ad87fa9467b1 fe20fd4a023e49dc 2a1167182b18f6f fd45f720e4bc0ece e6fa58aaa758c3f8 2a0a5368fb66f46b e0230339e99b6f1b 10f43314a7504a88 a2b73ef3c71d5be4 b0b8caff3afe867c e24ed10402da422d c9f79e11c1acfe13 fcab848f05060ff8 7e05225fab06910 3c5d6724defa5594 e400658cd1d7f036 cc885946b908ebb3 98034147ebe0b7b1 3db8a7e788e5c06a c1eeac1efc03a6d3 e7e45e848a41012d 1326c198d9f1ed65 d5f59439a59d066b 2fde0799d5156db6 af075b1bbdd9f2bd e376f929c304c931 181a36e784fcef54 c2d6e212135500c2 d659c9f3c7219202 cc1e8157264ddb3b 39a2dbfdee7400da b59592dc0ef56369 35433ea40ffca5f0 fe70a6ca81b41433 90a9779ceee61aa1 fee2c091b40639a6 35ba4ddac5ecb640 b4d2d0e1fd53675b b159a101c663c576 c507bb7b3b59172 b108f8cde713eedb 2d77b452c1234c98 f4d8de0be26299cf c97688aa39c83009 faeb7ca1a5e1d6d8 884470a7f6ee3cfc b0b66d05efc45aac 15a63185d1baf952 c8a9364e2ba1e9a7 9b6644539deaa22c efa59b7ef95fa354 25018cfbb10c75d8 cef71805384ed1cd 31ae7521c067d14e f1744727be9cb383 f6eb8550d6b0021c 9717d36ac06b5f2c ff0812afa899fa71 ff49fc8d888c1a91 c8f779bdf5f39800 9e8d92711661cff8 9eedea89c7ff8c6d 3df3246d1dd78eff 34395ef7e7e56447 2fe4f0b4dc80b6de fa5845ddd3274980 bb0cadc7edd81521 ca58cbffae91a4d4 1b8ee55eaf19e7b d8c9b39cc4b111dd f342b6b1bcc59c1c 27b73a9823227f9c e7d39179f4fba506 31c141238080ee34 a3a36dd0db16482a d011ed31d9787bbb d9f969ef8b76ff49 e68d477401d32e54 db4baa0ffd9cd7c0 8913d709369f34a5 387262f9b54513fe b2e1ebbeefa11e7d a640532213be0d08 c90321063bf5c2c8 ab96e145deb2b61b f270c323fbe50cc5 37dacf8dd1d73468 b089ea833b73e42a 3758f0efe371b0d2 b548e53a22faada7 de6e91d1ef33c07c d2a5714ee5d2cfbe 8cd7d6515c782c0 4fb433c07ee5689 edc12647e73c0f36 fd0391f6d7a0b48a df8f0b13f68ea3ac ddcab2e201fed532 d99f89bccd50315a c3ded506dace44d8 dccd1a0a392e94d0 867ec62aa1a987e8 fc77ccc0b66ca3c6 ef9b3896ca5d9b31 ec072319d944e6ca fb18a91f619fec1 c07799f2e87eefda c1c3d6a4ff4cc327 f566c1e8ac7ebd0b 94fdace5d1756135 d0c2245db5de5bda e25d18e6d6c1838a a836e4bfc628e645 fc074220f75ac5cb ce1c4955f8f9091c 3f21ef62de645b06 d5bf20d1f6532e15 ef4c37313b293182 198d8c8823db6a27 1a2e983cae6e2693 e9975815ef4cad59 93281780897acf6d 37e8f6018324e49d f27191f7ad56afbc 36d17f2aa1804e16 24a532b48599a977 32f05934eeba752b 903ac3411716c4ab 9cb06e22e9c1d85e d87c4d89b4dff5f5 cbf6baa0cfa0c756 b9629fb4e8b710ca 1d9706c0e8a728c3 b847f01991deed3d fa95fe08e98dc160 d234ea23f1aa8fce 83897d0b182d04c8 81bac6280a7cda3d fc276a0bfe1f7b13 ] wstrb=[4c db 16 89 4 2a 94 50 5 aa d9 9 d4 6d 59 da 17 32 e3 ec 9f 3d c6 b7 6f a9 a3 f e6 69 c6 56 12 69 65 f9 d2 2b 4f e4 94 b4 dd 66 df 2c 4a 73 e0 28 d9 bf 54 23 32 35 4b b f4 a0 2f 27 d5 7a 32 c9 1a 61 f0 ef dc 23 b9 f6 84 a9 e6 60 cc 9f 57 51 48 3d b1 15 dc 8 66 24 45 17 39 21 20 9f 46 65 b7 7f 87 d7 1f cd 3c d6 4c c3 ad 6b 90 e9 41 dd ad ee 48 3d d8 8a 1a 85 78 63 c2 50 ed dd d5 65 40 98 b6 2d 75 8b 92 b5 23 48 e2 98 d4 74 4d f7 bd 2f 90 91 a4 dd 88 61 d 18 f2 b1 ] bresp=0 bid=11001
[1665000] SCOREBOARD: Transaction 3 received. pass=378 fail=0
[1665000] ALL PASS. Total transactions: 3
[1675000] AXI S0_WVALID_RDY HANDSHAKE
[1675000] S0 MEMORY WRITE beat=0 addr=09cbb9a8 data=d2a1fd48f414be57 id=13
[1675000] MASTER 1 W_VALID_RDY Handshake beat=1 wlast=0
[1685000] MASTER 1 W_VALID_RDY Handshake beat=2 wlast=0
[1685000] AXI S0_WVALID_RDY HANDSHAKE
[1685000] S0 MEMORY WRITE beat=1 addr=09cbb9e8 data=9e47ffe4db222900 id=13
[1695000] AXI S0_WVALID_RDY HANDSHAKE
[1695000] S0 MEMORY WRITE beat=2 addr=09cbba28 data=e0ab93c0fdbcf147 id=13
[1695000] MASTER 1 W_VALID_RDY Handshake beat=3 wlast=0
[1705000] MASTER 1 W_VALID_RDY Handshake beat=4 wlast=0
[1705000] AXI S0_WVALID_RDY HANDSHAKE
[1705000] S0 MEMORY WRITE beat=3 addr=09cbba68 data=f1d1af9f0b36a319 id=13
[1715000] AXI S0_WVALID_RDY HANDSHAKE
[1715000] S0 MEMORY WRITE beat=4 addr=09cbbaa8 data=e658cc19b34d9108 id=13
[1715000] MASTER 1 W_VALID_RDY Handshake beat=5 wlast=0
[1725000] MASTER 1 W_VALID_RDY Handshake beat=6 wlast=0
[1725000] AXI S0_WVALID_RDY HANDSHAKE
[1725000] S0 MEMORY WRITE beat=5 addr=09cbbae8 data=310a82509019af83 id=13
[1735000] AXI S0_WVALID_RDY HANDSHAKE
[1735000] S0 MEMORY WRITE beat=6 addr=09cbbb28 data=9b50529cc7045fd9 id=13
[1735000] MASTER 1 W_VALID_RDY Handshake beat=7 wlast=0
[1745000] MASTER 1 W_VALID_RDY Handshake beat=8 wlast=0
[1745000] AXI S0_WVALID_RDY HANDSHAKE
[1745000] S0 MEMORY WRITE beat=7 addr=09cbbb68 data=fa51f0e222dc31ef id=13
[1755000] AXI S0_WVALID_RDY HANDSHAKE
[1755000] S0 MEMORY WRITE beat=8 addr=09cbbba8 data=b2f5e17281a91eb5 id=13
[1755000] MASTER 1 W_VALID_RDY Handshake beat=9 wlast=0
[1765000] MASTER 1 W_VALID_RDY Handshake beat=10 wlast=0
[1765000] AXI S0_WVALID_RDY HANDSHAKE
[1765000] S0 MEMORY WRITE beat=9 addr=09cbbbe8 data=c8ad7e8f2b5c7332 id=13
[1775000] AXI S0_WVALID_RDY HANDSHAKE
[1775000] S0 MEMORY WRITE beat=10 addr=09cbb800 data=ce38a521ce46340f id=13
[1775000] MASTER 1 W_VALID_RDY Handshake beat=11 wlast=0
[1785000] MASTER 1 W_VALID_RDY Handshake beat=12 wlast=0
[1785000] AXI S0_WVALID_RDY HANDSHAKE
[1785000] S0 MEMORY WRITE beat=11 addr=09cbb840 data=cfef52c4c2ff6f71 id=13
[1795000] AXI S0_WVALID_RDY HANDSHAKE
[1795000] S0 MEMORY WRITE beat=12 addr=09cbb880 data=ee5be2a3812e8693 id=13
[1795000] MASTER 1 W_VALID_RDY Handshake beat=13 wlast=0
[1805000] MASTER 1 W_VALID_RDY Handshake beat=14 wlast=0
[1805000] AXI S0_WVALID_RDY HANDSHAKE
[1805000] S0 MEMORY WRITE beat=13 addr=09cbb8c0 data=cf74baa2989cd153 id=13
[1815000] AXI S0_WVALID_RDY HANDSHAKE
[1815000] S0 MEMORY WRITE beat=14 addr=09cbb900 data=db9c40c43c9487c4 id=13
[1815000] MASTER 1 W_VALID_RDY Handshake beat=15 wlast=1
[1815000] MASTER_DRIVER1 received transaction, op=AXI_READ
[1825000] AXI S0_WVALID_RDY HANDSHAKE
[1825000] S0 MEMORY WRITE beat=15 addr=09cbb940 data=bdc30e571f640d67 id=13
[1835000] SLAVE0 sent B resp, id=3
[1835000] [SLAVE MONITOR] mst_id=1 s_id=0 awaddr=9cbb9a8 awid=11 awlen=15 awsize=6 awburst=2 wdata=[d2a1fd48f414be57 9e47ffe4db222900 e0ab93c0fdbcf147 f1d1af9f0b36a319 e658cc19b34d9108 310a82509019af83 9b50529cc7045fd9 fa51f0e222dc31ef b2f5e17281a91eb5 c8ad7e8f2b5c7332 ce38a521ce46340f cfef52c4c2ff6f71 ee5be2a3812e8693 cf74baa2989cd153 db9c40c43c9487c4 bdc30e571f640d67 ] wstrb=[67 ba fa 2b 7f 61 83 e6 1b 7d 12 9a de 95 81 f9 ] bresp=0 bid=10011
[1845000] ARB MONITOR: slave=0 m0_req=0 m1_req=1 winner=1
[1845000] AXI S0_ARVALID_RDY HANDSHAKE
[1845000] MEMORY READ MISS beat=0 addr=2198378 -> default data id=18
[1855000] MEMORY READ MISS beat=1 addr=2198380 -> default data id=18
[1855000] SLAVE 0 R_VALID_RDY Handshake beat=0 rlast=0
[1855000] MASTER 1 B_VALID_RDY Handshake
[1855000] [MASTER MONITOR] mst_id=1 s_id=0 awaddr=9cbb9a8 awid=11 awlen=15 awsize=6 awburst=2 wdata=[d2a1fd48f414be57 9e47ffe4db222900 e0ab93c0fdbcf147 f1d1af9f0b36a319 e658cc19b34d9108 310a82509019af83 9b50529cc7045fd9 fa51f0e222dc31ef b2f5e17281a91eb5 c8ad7e8f2b5c7332 ce38a521ce46340f cfef52c4c2ff6f71 ee5be2a3812e8693 cf74baa2989cd153 db9c40c43c9487c4 bdc30e571f640d67 ] wstrb=[67 ba fa 2b 7f 61 83 e6 1b 7d 12 9a de 95 81 f9 ] bresp=0 bid=11
[1855000] MASTER 1 RECEIVED BRESP. BRESP=0
[1855000] [MASTER DRIVER] mst_id=1 s_id=0 awaddr=9cbb9a8 awid=11 awlen=15 awsize=6 awburst=2 wdata=[d2a1fd48f414be57 9e47ffe4db222900 e0ab93c0fdbcf147 f1d1af9f0b36a319 e658cc19b34d9108 310a82509019af83 9b50529cc7045fd9 fa51f0e222dc31ef b2f5e17281a91eb5 c8ad7e8f2b5c7332 ce38a521ce46340f cfef52c4c2ff6f71 ee5be2a3812e8693 cf74baa2989cd153 db9c40c43c9487c4 bdc30e571f640d67 ] wstrb=[67 ba fa 2b 7f 61 83 e6 1b 7d 12 9a de 95 81 f9 ] bresp=0 bid=11
[1855000] SCOREBOARD MATCH: decode_err expected = 0, actual =0
[1855000] SCOREBOARD MATCH: slave_id expected = 0, actual =0
[1855000] SCOREBOARD MATCH: awaddr passthrough expected = 9cbb9a8, actual =9cbb9a8
[1855000] SCOREBOARD MATCH: awlen passthrough expected = 15, actual =15
[1855000] SCOREBOARD MATCH: awsize passthrough expected = 6, actual =6
[1855000] SCOREBOARD MATCH: awburst passthrough expected = 2, actual =2
[1855000] SCOREBOARD MATCH: wdata size check expected = 10, actual =10
[1855000] SCOREBOARD MATCH: wdata passthrough beat=0 expected = d2a1fd48f414be57, actual =d2a1fd48f414be57
[1855000] SCOREBOARD MATCH: wdata passthrough beat=1 expected = 9e47ffe4db222900, actual =9e47ffe4db222900
[1855000] SCOREBOARD MATCH: wdata passthrough beat=2 expected = e0ab93c0fdbcf147, actual =e0ab93c0fdbcf147
[1855000] SCOREBOARD MATCH: wdata passthrough beat=3 expected = f1d1af9f0b36a319, actual =f1d1af9f0b36a319
[1855000] SCOREBOARD MATCH: wdata passthrough beat=4 expected = e658cc19b34d9108, actual =e658cc19b34d9108
[1855000] SCOREBOARD MATCH: wdata passthrough beat=5 expected = 310a82509019af83, actual =310a82509019af83
[1855000] SCOREBOARD MATCH: wdata passthrough beat=6 expected = 9b50529cc7045fd9, actual =9b50529cc7045fd9
[1855000] SCOREBOARD MATCH: wdata passthrough beat=7 expected = fa51f0e222dc31ef, actual =fa51f0e222dc31ef
[1855000] SCOREBOARD MATCH: wdata passthrough beat=8 expected = b2f5e17281a91eb5, actual =b2f5e17281a91eb5
[1855000] SCOREBOARD MATCH: wdata passthrough beat=9 expected = c8ad7e8f2b5c7332, actual =c8ad7e8f2b5c7332
[1855000] SCOREBOARD MATCH: wdata passthrough beat=10 expected = ce38a521ce46340f, actual =ce38a521ce46340f
[1855000] SCOREBOARD MATCH: wdata passthrough beat=11 expected = cfef52c4c2ff6f71, actual =cfef52c4c2ff6f71
[1855000] SCOREBOARD MATCH: wdata passthrough beat=12 expected = ee5be2a3812e8693, actual =ee5be2a3812e8693
[1855000] SCOREBOARD MATCH: wdata passthrough beat=13 expected = cf74baa2989cd153, actual =cf74baa2989cd153
[1855000] SCOREBOARD MATCH: wdata passthrough beat=14 expected = db9c40c43c9487c4, actual =db9c40c43c9487c4
[1855000] SCOREBOARD MATCH: wdata passthrough beat=15 expected = bdc30e571f640d67, actual =bdc30e571f640d67
[1855000] SCOREBOARD MATCH: wstrb size check expected = 10, actual =10
[1855000] SCOREBOARD MATCH: wstrb passthrough beat=0 expected = 67, actual =67
[1855000] SCOREBOARD MATCH: wstrb passthrough beat=1 expected = ba, actual =ba
[1855000] SCOREBOARD MATCH: wstrb passthrough beat=2 expected = fa, actual =fa
[1855000] SCOREBOARD MATCH: wstrb passthrough beat=3 expected = 2b, actual =2b
[1855000] SCOREBOARD MATCH: wstrb passthrough beat=4 expected = 7f, actual =7f
[1855000] SCOREBOARD MATCH: wstrb passthrough beat=5 expected = 61, actual =61
[1855000] SCOREBOARD MATCH: wstrb passthrough beat=6 expected = 83, actual =83
[1855000] SCOREBOARD MATCH: wstrb passthrough beat=7 expected = e6, actual =e6
[1855000] SCOREBOARD MATCH: wstrb passthrough beat=8 expected = 1b, actual =1b
[1855000] SCOREBOARD MATCH: wstrb passthrough beat=9 expected = 7d, actual =7d
[1855000] SCOREBOARD MATCH: wstrb passthrough beat=10 expected = 12, actual =12
[1855000] SCOREBOARD MATCH: wstrb passthrough beat=11 expected = 9a, actual =9a
[1855000] SCOREBOARD MATCH: wstrb passthrough beat=12 expected = de, actual =de
[1855000] SCOREBOARD MATCH: wstrb passthrough beat=13 expected = 95, actual =95
[1855000] SCOREBOARD MATCH: wstrb passthrough beat=14 expected = 81, actual =81
[1855000] SCOREBOARD MATCH: wstrb passthrough beat=15 expected = f9, actual =f9
[1855000] SCOREBOARD MATCH: bresp passthrough expected = 0, actual =0
[1855000] SCOREBOARD MATCH: response routed to correct master (write) expected = 1, actual =1
[1855000] [SCOREBOARD-M] mst_id=1 s_id=0 awaddr=9cbb9a8 awid=11 awlen=15 awsize=6 awburst=2 wdata=[d2a1fd48f414be57 9e47ffe4db222900 e0ab93c0fdbcf147 f1d1af9f0b36a319 e658cc19b34d9108 310a82509019af83 9b50529cc7045fd9 fa51f0e222dc31ef b2f5e17281a91eb5 c8ad7e8f2b5c7332 ce38a521ce46340f cfef52c4c2ff6f71 ee5be2a3812e8693 cf74baa2989cd153 db9c40c43c9487c4 bdc30e571f640d67 ] wstrb=[67 ba fa 2b 7f 61 83 e6 1b 7d 12 9a de 95 81 f9 ] bresp=0 bid=11
[1855000] [SCOREBOARD-S] mst_id=1 s_id=0 awaddr=9cbb9a8 awid=11 awlen=15 awsize=6 awburst=2 wdata=[d2a1fd48f414be57 9e47ffe4db222900 e0ab93c0fdbcf147 f1d1af9f0b36a319 e658cc19b34d9108 310a82509019af83 9b50529cc7045fd9 fa51f0e222dc31ef b2f5e17281a91eb5 c8ad7e8f2b5c7332 ce38a521ce46340f cfef52c4c2ff6f71 ee5be2a3812e8693 cf74baa2989cd153 db9c40c43c9487c4 bdc30e571f640d67 ] wstrb=[67 ba fa 2b 7f 61 83 e6 1b 7d 12 9a de 95 81 f9 ] bresp=0 bid=10011
[1855000] SCOREBOARD: Transaction 4 received. pass=420 fail=0
[1855000] ALL PASS. Total transactions: 4
[1865000] SLAVE 0 R_VALID_RDY Handshake beat=1 rlast=1
[1865000] [SLAVE MONITOR] READ mst_id=1 s_id=0 araddr=2198378 arid=2 arlen=1 arsize=3 arburst=1 rid=[1212] rresp=[00] rdata=[baadf00d12345678baadf00d12345678]
[1875000] MASTER 1 R_VALID_RDY Handshake beat=0 rlast=0
[1885000] [MASTER DRIVER] READ mst_id=1 s_id=0 araddr=2198378 arid=2 arlen=1 arsize=3 arburst=1 rid=[22] rresp=[00] rdata=[baadf00d12345678baadf00d12345678]
[1885000] MASTER 1 R_VALID_RDY Handshake beat=1 rlast=1
[1885000] [MASTER MONITOR] READ mst_id=1 s_id=0 araddr=2198378 arid=2 arlen=1 arsize=3 arburst=1 rid=[22] rresp=[00] rdata=[baadf00d12345678baadf00d12345678]
[1885000] SCOREBOARD MATCH: decode_err expected = 0, actual =0
[1885000] SCOREBOARD MATCH: slave_id expected = 0, actual =0
[1885000] SCOREBOARD MATCH: araddr passthrough expected = 2198378, actual =2198378
[1885000] SCOREBOARD MATCH: arlen passthrough expected = 1, actual =1
[1885000] SCOREBOARD MATCH: arsize passthrough expected = 3, actual =3
[1885000] SCOREBOARD MATCH: arburst passthrough expected = 1, actual =1
[1885000] SCOREBOARD MATCH: rdata size check expected = 2, actual =2
[1885000] SCOREBOARD MATCH: rdata passthrough beat=0 expected = baadf00d12345678, actual =baadf00d12345678
[1885000] SCOREBOARD MATCH: rdata passthrough beat=1 expected = baadf00d12345678, actual =baadf00d12345678
[1885000] SCOREBOARD MATCH: rresp size check expected = 2, actual =2
[1885000] SCOREBOARD MATCH: rresp passthrough beat=0 expected = 0, actual =0
[1885000] SCOREBOARD MATCH: rresp passthrough beat=1 expected = 0, actual =0
[1885000] SCOREBOARD MATCH: response routed to correct master (read beat 0) expected = 1, actual =1
[1885000] SCOREBOARD MATCH: response routed to correct master (read beat 1) expected = 1, actual =1
[1885000] [SCOREBOARD-M] READ mst_id=1 s_id=0 araddr=2198378 arid=2 arlen=1 arsize=3 arburst=1 rid=[22] rresp=[00] rdata=[baadf00d12345678baadf00d12345678]
[1885000] [SCOREBOARD-S] READ mst_id=1 s_id=0 araddr=2198378 arid=2 arlen=1 arsize=3 arburst=1 rid=[1212] rresp=[00] rdata=[baadf00d12345678baadf00d12345678]
[1885000] SCOREBOARD: Transaction 5 received. pass=434 fail=0
[1885000] SCOREBOARD: Expected 5 transactions completed, PASS=434 FAIL=0
[1885000] ALL PASS. Total transactions: 5
[1885000] ALL TRANSACTIONS MONITORED
$finish called at time : 1905 ns : File "/home/nashita/Desktop/practice/axi_xbar/tb/top/axi_tb_top.sv" Line 220
exit
INFO: xsimkernel Simulation Memory Usage: 289464 KB (Peak: 337864 KB), Simulation CPU Usage: 1180 ms
INFO: [Common 17-206] Exiting xsim at Thu Sep 10 18:41:33 2026...
