#-----------------------------------------------------------
# xsim v2025.2 (64-bit)
# SW Build 6299465 on Fri Nov 14 12:34:56 MST 2025
# IP Build 6300035 on Fri Nov 14 10:48:45 MST 2025
# SharedData Build 6298862 on Thu Nov 13 04:50:51 MST 2025
# Start of session at: Fri Sep 11 12:02:12 2026
# Process ID         : 746053
# Current directory  : /home/nashita/Desktop/practice/axi_xbar/sim
# Command line       : xsim -log regress_results/BT_run33.log -mode tcl -source {xsim.dir/tb_top_snap/xsim_script.tcl}
# Log file           : /home/nashita/Desktop/practice/axi_xbar/sim/regress_results/BT_run33.log
# Journal file       : /home/nashita/Desktop/practice/axi_xbar/sim/xsim.jou
# Running On         : vlsi-vivado
# Platform           : Ubuntu
# Operating System   : Ubuntu 24.04.4 LTS
# Processor Detail   : Intel(R) Core(TM) i5-10400 CPU @ 2.90GHz
# CPU Frequency      : 4004.537 MHz
# CPU Physical cores : 6
# CPU Logical cores  : 12
# Host memory        : 41875 MB
# Swap memory        : 27648 MB
# Total Virtual      : 69524 MB
# Available Virtual  : 62651 MB
#-----------------------------------------------------------
source xsim.dir/tb_top_snap/xsim_script.tcl
# xsim {tb_top_snap} -testplusarg BT -autoloadwcfg -runall -sv_seed 34
Time resolution is 1 ps
run -all
[0] RUNNING BASE TEST
[0] INSIDE THE BASE TEST CONSTRUCTOR
[0] ENV: before agent
[0] SLAVE CONSTRUCTED
[0] MASTER MONITOR CONSTRUCTED
[0] MASTER MONITOR CONSTRUCTED
[0] SLAVE MONITOR CONSTRUCTED
[0] SLAVE MONITOR CONSTRUCTED
[0] ARB MONITOR CONSTRUCTED
GENERATOR CONSTRUCTED
[0] ENV: after agent
[0] ENV: before scoreboard
[0] ENV: after scoreboard
[15000] [SEQUENCER] READ mst_id=1 s_id=0 araddr=131f6068 arid=0 arlen=1 arsize=3 arburst=1 rid=[] rresp=[] rdata=[]
[15000] [SEQUENCER] READ mst_id=0 s_id=0 araddr=85fee30 arid=0 arlen=1 arsize=3 arburst=1 rid=[] rresp=[] rdata=[]
[15000] [SEQUENCER] mst_id=0 s_id=0 awaddr=df56070 awid=1101 awlen=8 awsize=0 awburst=2 wdata=[f4987d2bc5b56b78 e0b6a78ba0e8d678 2302ee72c4d58e6a a8af9e3cb719b42 ec5a71bb179b6b9d dc70fa07eb41a16e b6b33cb00f5d602d 26f8cbcae6fbf3ea d23d9558a30dae6b ] wstrb=[d1 98 9 bc 62 74 14 34 d ] bresp=0 bid=0
[15000] [SEQUENCER] READ mst_id=1 s_id=0 araddr=1f7bbb98 arid=1 arlen=1 arsize=3 arburst=1 rid=[] rresp=[] rdata=[]
[15000] [SEQUENCER] READ mst_id=1 s_id=0 araddr=92718d8 arid=2 arlen=1 arsize=3 arburst=1 rid=[] rresp=[] rdata=[]
[15000] MASTER_DRIVER1 received transaction, op=AXI_READ
[15000] MASTER_DRIVER0 received transaction, op=AXI_READ
[35000] MASTER_DRIVER1 received transaction, op=AXI_READ
[35000] MASTER_DRIVER0 received transaction, op=AXI_WRITE
[45000] ARB MONITOR: slave=0 m0_req=1 m1_req=0 winner=0
[45000] ARB MONITOR: slave=1 m0_req=0 m1_req=1 winner=1
[45000] AXI S0_ARVALID_RDY HANDSHAKE
[45000] MEMORY READ MISS beat=0 addr=131f6068 -> default data id=16
[45000] AXI S0_ARVALID_RDY HANDSHAKE
[45000] MEMORY READ MISS beat=0 addr=85fee30 -> default data id=0
[55000] MEMORY READ MISS beat=1 addr=85fee38 -> default data id=0
[55000] MEMORY READ MISS beat=1 addr=131f6070 -> default data id=16
[55000] SLAVE 0 R_VALID_RDY Handshake beat=0 rlast=0
[55000] SLAVE 1 R_VALID_RDY Handshake beat=0 rlast=0
[55000] MASTER 0 AW_VALID_RDY Handshake
[55000] MASTER_DRIVER1 received transaction, op=AXI_READ
[65000] ARB MONITOR: slave=0 m0_req=1 m1_req=0 winner=0
[65000] SLAVE 1 R_VALID_RDY Handshake beat=1 rlast=1
[65000] [SLAVE MONITOR] READ mst_id=1 s_id=1 araddr=131f6068 arid=0 arlen=1 arsize=3 arburst=1 rid=[1010] rresp=[00] rdata=[baadf00d12345678baadf00d12345678]
[65000] SLAVE 0 R_VALID_RDY Handshake beat=1 rlast=1
[65000] [SLAVE MONITOR] READ mst_id=0 s_id=0 araddr=85fee30 arid=0 arlen=1 arsize=3 arburst=1 rid=[00] rresp=[00] rdata=[baadf00d12345678baadf00d12345678]
[65000] AXI S0_AWVALID_RDY HANDSHAKE
[75000] AXI S0_ARVALID_RDY HANDSHAKE
[75000] MEMORY READ MISS beat=0 addr=1f7bbb98 -> default data id=17
[75000] ARB MONITOR: slave=1 m0_req=0 m1_req=1 winner=1
[75000] MASTER 1 R_VALID_RDY Handshake beat=0 rlast=0
[75000] MASTER 0 R_VALID_RDY Handshake beat=0 rlast=0
[75000] MASTER 0 W_VALID_RDY Handshake beat=0 wlast=0
[85000] [MASTER DRIVER] READ mst_id=0 s_id=0 araddr=85fee30 arid=0 arlen=1 arsize=3 arburst=1 rid=[00] rresp=[00] rdata=[baadf00d12345678baadf00d12345678]
[85000] [MASTER DRIVER] READ mst_id=1 s_id=0 araddr=131f6068 arid=0 arlen=1 arsize=3 arburst=1 rid=[00] rresp=[00] rdata=[baadf00d12345678baadf00d12345678]
[85000] MASTER 0 W_VALID_RDY Handshake beat=1 wlast=0
[85000] MASTER 0 R_VALID_RDY Handshake beat=1 rlast=1
[85000] [MASTER MONITOR] READ mst_id=0 s_id=0 araddr=85fee30 arid=0 arlen=1 arsize=3 arburst=1 rid=[00] rresp=[00] rdata=[baadf00d12345678baadf00d12345678]
[85000] MASTER 1 R_VALID_RDY Handshake beat=1 rlast=1
[85000] [MASTER MONITOR] READ mst_id=1 s_id=1 araddr=131f6068 arid=0 arlen=1 arsize=3 arburst=1 rid=[00] rresp=[00] rdata=[baadf00d12345678baadf00d12345678]
[85000] SLAVE 1 R_VALID_RDY Handshake beat=0 rlast=0
[85000] MEMORY READ MISS beat=1 addr=1f7bbba0 -> default data id=17
[85000] AXI S0_WVALID_RDY HANDSHAKE
[85000] S0 MEMORY WRITE beat=0 addr=0df56070 data=f4987d2bc5b56b78 id=0d
[85000] SCOREBOARD MATCH: decode_err expected = 0, actual =0
[85000] SCOREBOARD MATCH: slave_id expected = 0, actual =0
[85000] SCOREBOARD MATCH: araddr passthrough expected = 85fee30, actual =85fee30
[85000] SCOREBOARD MATCH: arlen passthrough expected = 1, actual =1
[85000] SCOREBOARD MATCH: arsize passthrough expected = 3, actual =3
[85000] SCOREBOARD MATCH: arburst passthrough expected = 1, actual =1
[85000] SCOREBOARD MATCH: rdata size check expected = 2, actual =2
[85000] SCOREBOARD MATCH: rdata passthrough beat=0 expected = baadf00d12345678, actual =baadf00d12345678
[85000] SCOREBOARD MATCH: rdata passthrough beat=1 expected = baadf00d12345678, actual =baadf00d12345678
[85000] SCOREBOARD MATCH: rresp size check expected = 2, actual =2
[85000] SCOREBOARD MATCH: rresp passthrough beat=0 expected = 0, actual =0
[85000] SCOREBOARD MATCH: rresp passthrough beat=1 expected = 0, actual =0
[85000] SCOREBOARD MATCH: response routed to correct master (read beat 0) expected = 0, actual =0
[85000] SCOREBOARD MATCH: response routed to correct master (read beat 1) expected = 0, actual =0
[85000] [SCOREBOARD-M] READ mst_id=0 s_id=0 araddr=85fee30 arid=0 arlen=1 arsize=3 arburst=1 rid=[00] rresp=[00] rdata=[baadf00d12345678baadf00d12345678]
[85000] [SCOREBOARD-S] READ mst_id=0 s_id=0 araddr=85fee30 arid=0 arlen=1 arsize=3 arburst=1 rid=[00] rresp=[00] rdata=[baadf00d12345678baadf00d12345678]
[85000] SCOREBOARD: Transaction 1 received. pass=14 fail=0
[85000] ALL PASS. Total transactions: 1
[85000] SCOREBOARD MATCH: decode_err expected = 0, actual =0
[85000] SCOREBOARD MATCH: slave_id expected = 1, actual =1
[85000] SCOREBOARD MATCH: araddr passthrough expected = 131f6068, actual =131f6068
[85000] SCOREBOARD MATCH: arlen passthrough expected = 1, actual =1
[85000] SCOREBOARD MATCH: arsize passthrough expected = 3, actual =3
[85000] SCOREBOARD MATCH: arburst passthrough expected = 1, actual =1
[85000] SCOREBOARD MATCH: rdata size check expected = 2, actual =2
[85000] SCOREBOARD MATCH: rdata passthrough beat=0 expected = baadf00d12345678, actual =baadf00d12345678
[85000] SCOREBOARD MATCH: rdata passthrough beat=1 expected = baadf00d12345678, actual =baadf00d12345678
[85000] SCOREBOARD MATCH: rresp size check expected = 2, actual =2
[85000] SCOREBOARD MATCH: rresp passthrough beat=0 expected = 0, actual =0
[85000] SCOREBOARD MATCH: rresp passthrough beat=1 expected = 0, actual =0
[85000] SCOREBOARD MATCH: response routed to correct master (read beat 0) expected = 1, actual =1
[85000] SCOREBOARD MATCH: response routed to correct master (read beat 1) expected = 1, actual =1
[85000] [SCOREBOARD-M] READ mst_id=1 s_id=1 araddr=131f6068 arid=0 arlen=1 arsize=3 arburst=1 rid=[00] rresp=[00] rdata=[baadf00d12345678baadf00d12345678]
[85000] [SCOREBOARD-S] READ mst_id=1 s_id=1 araddr=131f6068 arid=0 arlen=1 arsize=3 arburst=1 rid=[1010] rresp=[00] rdata=[baadf00d12345678baadf00d12345678]
[85000] SCOREBOARD: Transaction 2 received. pass=28 fail=0
[85000] ALL PASS. Total transactions: 2
[95000] AXI S0_WVALID_RDY HANDSHAKE
[95000] S0 MEMORY WRITE beat=1 addr=0df56071 data=e0b6a78ba0e8d678 id=0d
[95000] SLAVE 1 R_VALID_RDY Handshake beat=1 rlast=1
[95000] [SLAVE MONITOR] READ mst_id=1 s_id=1 araddr=1f7bbb98 arid=1 arlen=1 arsize=3 arburst=1 rid=[1111] rresp=[00] rdata=[baadf00d12345678baadf00d12345678]
[95000] MASTER 0 W_VALID_RDY Handshake beat=2 wlast=0
[105000] MASTER 0 W_VALID_RDY Handshake beat=3 wlast=0
[105000] MASTER 1 R_VALID_RDY Handshake beat=0 rlast=0
[105000] ARB MONITOR: slave=0 m0_req=0 m1_req=1 winner=1
[105000] AXI S0_ARVALID_RDY HANDSHAKE
[105000] MEMORY READ MISS beat=0 addr=92718d8 -> default data id=18
[105000] AXI S0_WVALID_RDY HANDSHAKE
[105000] S0 MEMORY WRITE beat=2 addr=0df56072 data=2302ee72c4d58e6a id=0d
[115000] AXI S0_WVALID_RDY HANDSHAKE
[115000] S0 MEMORY WRITE beat=3 addr=0df56073 data=0a8af9e3cb719b42 id=0d
[115000] MEMORY READ MISS beat=1 addr=92718e0 -> default data id=18
[115000] SLAVE 0 R_VALID_RDY Handshake beat=0 rlast=0
[115000] MASTER 1 R_VALID_RDY Handshake beat=1 rlast=1
[115000] [MASTER MONITOR] READ mst_id=1 s_id=1 araddr=1f7bbb98 arid=1 arlen=1 arsize=3 arburst=1 rid=[11] rresp=[00] rdata=[baadf00d12345678baadf00d12345678]
[115000] MASTER 0 W_VALID_RDY Handshake beat=4 wlast=0
[115000] [MASTER DRIVER] READ mst_id=1 s_id=0 araddr=1f7bbb98 arid=1 arlen=1 arsize=3 arburst=1 rid=[11] rresp=[00] rdata=[baadf00d12345678baadf00d12345678]
[115000] SCOREBOARD MATCH: decode_err expected = 0, actual =0
[115000] SCOREBOARD MATCH: slave_id expected = 1, actual =1
[115000] SCOREBOARD MATCH: araddr passthrough expected = 1f7bbb98, actual =1f7bbb98
[115000] SCOREBOARD MATCH: arlen passthrough expected = 1, actual =1
[115000] SCOREBOARD MATCH: arsize passthrough expected = 3, actual =3
[115000] SCOREBOARD MATCH: arburst passthrough expected = 1, actual =1
[115000] SCOREBOARD MATCH: rdata size check expected = 2, actual =2
[115000] SCOREBOARD MATCH: rdata passthrough beat=0 expected = baadf00d12345678, actual =baadf00d12345678
[115000] SCOREBOARD MATCH: rdata passthrough beat=1 expected = baadf00d12345678, actual =baadf00d12345678
[115000] SCOREBOARD MATCH: rresp size check expected = 2, actual =2
[115000] SCOREBOARD MATCH: rresp passthrough beat=0 expected = 0, actual =0
[115000] SCOREBOARD MATCH: rresp passthrough beat=1 expected = 0, actual =0
[115000] SCOREBOARD MATCH: response routed to correct master (read beat 0) expected = 1, actual =1
[115000] SCOREBOARD MATCH: response routed to correct master (read beat 1) expected = 1, actual =1
[115000] [SCOREBOARD-M] READ mst_id=1 s_id=1 araddr=1f7bbb98 arid=1 arlen=1 arsize=3 arburst=1 rid=[11] rresp=[00] rdata=[baadf00d12345678baadf00d12345678]
[115000] [SCOREBOARD-S] READ mst_id=1 s_id=1 araddr=1f7bbb98 arid=1 arlen=1 arsize=3 arburst=1 rid=[1111] rresp=[00] rdata=[baadf00d12345678baadf00d12345678]
[115000] SCOREBOARD: Transaction 3 received. pass=42 fail=0
[115000] ALL PASS. Total transactions: 3
[125000] MASTER 0 W_VALID_RDY Handshake beat=5 wlast=0
[125000] SLAVE 0 R_VALID_RDY Handshake beat=1 rlast=1
[125000] [SLAVE MONITOR] READ mst_id=1 s_id=0 araddr=92718d8 arid=2 arlen=1 arsize=3 arburst=1 rid=[1212] rresp=[00] rdata=[baadf00d12345678baadf00d12345678]
[125000] AXI S0_WVALID_RDY HANDSHAKE
[125000] S0 MEMORY WRITE beat=4 addr=0df56074 data=ec5a71bb179b6b9d id=0d
[135000] AXI S0_WVALID_RDY HANDSHAKE
[135000] S0 MEMORY WRITE beat=5 addr=0df56075 data=dc70fa07eb41a16e id=0d
[135000] MASTER 1 R_VALID_RDY Handshake beat=0 rlast=0
[135000] MASTER 0 W_VALID_RDY Handshake beat=6 wlast=0
[145000] [MASTER DRIVER] READ mst_id=1 s_id=0 araddr=92718d8 arid=2 arlen=1 arsize=3 arburst=1 rid=[22] rresp=[00] rdata=[baadf00d12345678baadf00d12345678]
[145000] MASTER 0 W_VALID_RDY Handshake beat=7 wlast=0
[145000] MASTER 1 R_VALID_RDY Handshake beat=1 rlast=1
[145000] [MASTER MONITOR] READ mst_id=1 s_id=0 araddr=92718d8 arid=2 arlen=1 arsize=3 arburst=1 rid=[22] rresp=[00] rdata=[baadf00d12345678baadf00d12345678]
[145000] AXI S0_WVALID_RDY HANDSHAKE
[145000] S0 MEMORY WRITE beat=6 addr=0df56076 data=b6b33cb00f5d602d id=0d
[145000] SCOREBOARD MATCH: decode_err expected = 0, actual =0
[145000] SCOREBOARD MATCH: slave_id expected = 0, actual =0
[145000] SCOREBOARD MATCH: araddr passthrough expected = 92718d8, actual =92718d8
[145000] SCOREBOARD MATCH: arlen passthrough expected = 1, actual =1
[145000] SCOREBOARD MATCH: arsize passthrough expected = 3, actual =3
[145000] SCOREBOARD MATCH: arburst passthrough expected = 1, actual =1
[145000] SCOREBOARD MATCH: rdata size check expected = 2, actual =2
[145000] SCOREBOARD MATCH: rdata passthrough beat=0 expected = baadf00d12345678, actual =baadf00d12345678
[145000] SCOREBOARD MATCH: rdata passthrough beat=1 expected = baadf00d12345678, actual =baadf00d12345678
[145000] SCOREBOARD MATCH: rresp size check expected = 2, actual =2
[145000] SCOREBOARD MATCH: rresp passthrough beat=0 expected = 0, actual =0
[145000] SCOREBOARD MATCH: rresp passthrough beat=1 expected = 0, actual =0
[145000] SCOREBOARD MATCH: response routed to correct master (read beat 0) expected = 1, actual =1
[145000] SCOREBOARD MATCH: response routed to correct master (read beat 1) expected = 1, actual =1
[145000] [SCOREBOARD-M] READ mst_id=1 s_id=0 araddr=92718d8 arid=2 arlen=1 arsize=3 arburst=1 rid=[22] rresp=[00] rdata=[baadf00d12345678baadf00d12345678]
[145000] [SCOREBOARD-S] READ mst_id=1 s_id=0 araddr=92718d8 arid=2 arlen=1 arsize=3 arburst=1 rid=[1212] rresp=[00] rdata=[baadf00d12345678baadf00d12345678]
[145000] SCOREBOARD: Transaction 4 received. pass=56 fail=0
[145000] ALL PASS. Total transactions: 4
[155000] AXI S0_WVALID_RDY HANDSHAKE
[155000] S0 MEMORY WRITE beat=7 addr=0df56077 data=26f8cbcae6fbf3ea id=0d
[155000] MASTER 0 W_VALID_RDY Handshake beat=8 wlast=1
[165000] AXI S0_WVALID_RDY HANDSHAKE
[165000] S0 MEMORY WRITE beat=8 addr=0df5606f data=d23d9558a30dae6b id=0d
[175000] SLAVE0 sent B resp, id=13
[175000] [SLAVE MONITOR] mst_id=0 s_id=0 awaddr=df56070 awid=1101 awlen=8 awsize=0 awburst=2 wdata=[f4987d2bc5b56b78 e0b6a78ba0e8d678 2302ee72c4d58e6a a8af9e3cb719b42 ec5a71bb179b6b9d dc70fa07eb41a16e b6b33cb00f5d602d 26f8cbcae6fbf3ea d23d9558a30dae6b ] wstrb=[d1 98 9 bc 62 74 14 34 d ] bresp=0 bid=1101
[195000] MASTER 0 B_VALID_RDY Handshake
[195000] [MASTER MONITOR] mst_id=0 s_id=0 awaddr=df56070 awid=1101 awlen=8 awsize=0 awburst=2 wdata=[f4987d2bc5b56b78 e0b6a78ba0e8d678 2302ee72c4d58e6a a8af9e3cb719b42 ec5a71bb179b6b9d dc70fa07eb41a16e b6b33cb00f5d602d 26f8cbcae6fbf3ea d23d9558a30dae6b ] wstrb=[d1 98 9 bc 62 74 14 34 d ] bresp=0 bid=1101
[195000] MASTER 0 RECEIVED BRESP. BRESP=0
[195000] [MASTER DRIVER] mst_id=0 s_id=0 awaddr=df56070 awid=1101 awlen=8 awsize=0 awburst=2 wdata=[f4987d2bc5b56b78 e0b6a78ba0e8d678 2302ee72c4d58e6a a8af9e3cb719b42 ec5a71bb179b6b9d dc70fa07eb41a16e b6b33cb00f5d602d 26f8cbcae6fbf3ea d23d9558a30dae6b ] wstrb=[d1 98 9 bc 62 74 14 34 d ] bresp=0 bid=1101
[195000] SCOREBOARD MATCH: decode_err expected = 0, actual =0
[195000] SCOREBOARD MATCH: slave_id expected = 0, actual =0
[195000] SCOREBOARD MATCH: awaddr passthrough expected = df56070, actual =df56070
[195000] SCOREBOARD MATCH: awlen passthrough expected = 8, actual =8
[195000] SCOREBOARD MATCH: awsize passthrough expected = 0, actual =0
[195000] SCOREBOARD MATCH: awburst passthrough expected = 2, actual =2
[195000] SCOREBOARD MATCH: wdata size check expected = 9, actual =9
[195000] SCOREBOARD MATCH: wdata passthrough beat=0 expected = f4987d2bc5b56b78, actual =f4987d2bc5b56b78
[195000] SCOREBOARD MATCH: wdata passthrough beat=1 expected = e0b6a78ba0e8d678, actual =e0b6a78ba0e8d678
[195000] SCOREBOARD MATCH: wdata passthrough beat=2 expected = 2302ee72c4d58e6a, actual =2302ee72c4d58e6a
[195000] SCOREBOARD MATCH: wdata passthrough beat=3 expected = a8af9e3cb719b42, actual =a8af9e3cb719b42
[195000] SCOREBOARD MATCH: wdata passthrough beat=4 expected = ec5a71bb179b6b9d, actual =ec5a71bb179b6b9d
[195000] SCOREBOARD MATCH: wdata passthrough beat=5 expected = dc70fa07eb41a16e, actual =dc70fa07eb41a16e
[195000] SCOREBOARD MATCH: wdata passthrough beat=6 expected = b6b33cb00f5d602d, actual =b6b33cb00f5d602d
[195000] SCOREBOARD MATCH: wdata passthrough beat=7 expected = 26f8cbcae6fbf3ea, actual =26f8cbcae6fbf3ea
[195000] SCOREBOARD MATCH: wdata passthrough beat=8 expected = d23d9558a30dae6b, actual =d23d9558a30dae6b
[195000] SCOREBOARD MATCH: wstrb size check expected = 9, actual =9
[195000] SCOREBOARD MATCH: wstrb passthrough beat=0 expected = d1, actual =d1
[195000] SCOREBOARD MATCH: wstrb passthrough beat=1 expected = 98, actual =98
[195000] SCOREBOARD MATCH: wstrb passthrough beat=2 expected = 9, actual =9
[195000] SCOREBOARD MATCH: wstrb passthrough beat=3 expected = bc, actual =bc
[195000] SCOREBOARD MATCH: wstrb passthrough beat=4 expected = 62, actual =62
[195000] SCOREBOARD MATCH: wstrb passthrough beat=5 expected = 74, actual =74
[195000] SCOREBOARD MATCH: wstrb passthrough beat=6 expected = 14, actual =14
[195000] SCOREBOARD MATCH: wstrb passthrough beat=7 expected = 34, actual =34
[195000] SCOREBOARD MATCH: wstrb passthrough beat=8 expected = d, actual =d
[195000] SCOREBOARD MATCH: bresp passthrough expected = 0, actual =0
[195000] SCOREBOARD MATCH: response routed to correct master (write) expected = 0, actual =0
[195000] [SCOREBOARD-M] mst_id=0 s_id=0 awaddr=df56070 awid=1101 awlen=8 awsize=0 awburst=2 wdata=[f4987d2bc5b56b78 e0b6a78ba0e8d678 2302ee72c4d58e6a a8af9e3cb719b42 ec5a71bb179b6b9d dc70fa07eb41a16e b6b33cb00f5d602d 26f8cbcae6fbf3ea d23d9558a30dae6b ] wstrb=[d1 98 9 bc 62 74 14 34 d ] bresp=0 bid=1101
[195000] [SCOREBOARD-S] mst_id=0 s_id=0 awaddr=df56070 awid=1101 awlen=8 awsize=0 awburst=2 wdata=[f4987d2bc5b56b78 e0b6a78ba0e8d678 2302ee72c4d58e6a a8af9e3cb719b42 ec5a71bb179b6b9d dc70fa07eb41a16e b6b33cb00f5d602d 26f8cbcae6fbf3ea d23d9558a30dae6b ] wstrb=[d1 98 9 bc 62 74 14 34 d ] bresp=0 bid=1101
[195000] SCOREBOARD: Transaction 5 received. pass=84 fail=0
[195000] SCOREBOARD: Expected 5 transactions completed, PASS=84 FAIL=0
[195000] ALL PASS. Total transactions: 5
[195000] ALL TRANSACTIONS MONITORED
$finish called at time : 215 ns : File "/home/nashita/Desktop/practice/axi_xbar/tb/top/axi_tb_top.sv" Line 220
exit
INFO: xsimkernel Simulation Memory Usage: 289464 KB (Peak: 337864 KB), Simulation CPU Usage: 1180 ms
INFO: [Common 17-206] Exiting xsim at Fri Sep 11 12:02:16 2026...
