#-----------------------------------------------------------
# xsim v2025.2 (64-bit)
# SW Build 6299465 on Fri Nov 14 12:34:56 MST 2025
# IP Build 6300035 on Fri Nov 14 10:48:45 MST 2025
# SharedData Build 6298862 on Thu Nov 13 04:50:51 MST 2025
# Start of session at: Thu Sep 10 18:28:17 2026
# Process ID         : 3627717
# Current directory  : /home/nashita/Desktop/practice/axi_xbar/sim
# Command line       : xsim -log regress_results/BT_run231.log -mode tcl -source {xsim.dir/tb_top_snap/xsim_script.tcl}
# Log file           : /home/nashita/Desktop/practice/axi_xbar/sim/regress_results/BT_run231.log
# Journal file       : /home/nashita/Desktop/practice/axi_xbar/sim/xsim.jou
# Running On         : vlsi-vivado
# Platform           : Ubuntu
# Operating System   : Ubuntu 24.04.4 LTS
# Processor Detail   : Intel(R) Core(TM) i5-10400 CPU @ 2.90GHz
# CPU Frequency      : 4000.043 MHz
# CPU Physical cores : 6
# CPU Logical cores  : 12
# Host memory        : 41875 MB
# Swap memory        : 27648 MB
# Total Virtual      : 69524 MB
# Available Virtual  : 62684 MB
#-----------------------------------------------------------
source xsim.dir/tb_top_snap/xsim_script.tcl
# xsim {tb_top_snap} -testplusarg BT -autoloadwcfg -runall -sv_seed 232
Time resolution is 1 ps
run -all
[0] RUNNING BASE TEST
[0] INSIDE THE BASE TEST CONSTRUCTOR
[0] ENV: before agent
[0] SLAVE CONSTRUCTED
[0] MASTER MONITOR CONSTRUCTED
[0] MASTER MONITOR CONSTRUCTED
[0] SLAVE MONITOR CONSTRUCTED
[0] SLAVE MONITOR CONSTRUCTED
[0] ARB MONITOR CONSTRUCTED
GENERATOR CONSTRUCTED
[0] ENV: after agent
[0] ENV: before scoreboard
[0] ENV: after scoreboard
[15000] [SEQUENCER] mst_id=1 s_id=0 awaddr=e5190c8 awid=1010 awlen=86 awsize=1 awburst=1 wdata=[e02b6d87e2435855 c6c6c9b7f73dd889 e52e76d2d0306edd 3273c7332d12c1a0 24509a29c559e459 158a5337f93a90ea 264d528a897f10fb ced8f555c7fe1a6a c138ab54ca9decb3 d41cfdaee463488c 2c6162f6e785fdde 3223ea91a2f5f303 87593b8fed9a0e4a d5200c288640e83f 2936db43b3ba9e85 a154accf0743f6b9 8d84def8b09016d2 e44ab558f674b8f7 fdb8afb0b6bbba3b e74bd10e859f6227 fc141b1f0b3d8ea9 c1f948e4cb968666 d135e88df9cccacf 850a5978a94519f2 f4dba058cd4a03ac c716ce7cc703a25d f048bc4fc61188e6 935b8c92cc2127f4 9324ca51e5245ca8 2b35e58eda725b0e 26938303036d86a1 e891e349be917220 1903cd2fb9b84d54 bd25d3f513c7c8d7 d2593af73f975032 f94f9d86a5b7b73e b97f8015eb5d0826 aaf458583675717c dc2d28ba0bd8bb0d f735c3332443f5df dab9675b15aca8d0 218563dd222a1b8c c66e116bb6e69015 cc9338e598bb2710 bae5429c212778c6 d80e08dbee189cc2 6d3c3d381535407 a27acccd24a141c1 92b9de83c1b9066f c30c5a77fa88d5a9 1f2a176a998da256 db46a8c6e5872744 e00ffcedb1e3f5ed cb7198441e53033d 83da2a81ff3a1457 311e0a4526b8410a c50b4447e3ea276f e3243bc6fc8fa289 2347e393c8e56ec8 accf96379442460b 90d1e894e85327da b13896a20ff3d1fe a4361809b419cc27 9c6cf401de082cda edfbfed83508009e e921ccc5cda58aa4 2badb77e923216e1 c73a177f058ec0c7 d3344b6b19a9b656 abdbcd37305be445 35eaa50cfee202e9 188bb93ff315e4b7 2371c8fc091ef077 800f360c4678676 b77d6b2dd95c6e08 e27b5e7f208cac9f e4f43315daef3429 b44ba231ea7c51df b08fe7e1c719e43 f760d26c96c700b0 8143528feffd3193 8c6ecfd62bac749e c273754e8c4c510d fc4982a103cfa243 2f7c16e1c3b6c7de d00318eb88b85277 8c87f4baf1ef8c2f ] wstrb=[8c d 9b 4 f9 cb be 85 d8 5a 89 d1 25 48 57 fd a2 e0 cf c7 28 26 c4 ca 6 93 91 2f b9 56 f9 c0 e9 8b ef a3 e1 e8 63 ca 73 52 6d 54 3a d0 1f ae 22 8c 2 5d 5d 21 b 7f ae d dc b 2f e7 8a dd f5 67 e8 24 4e 72 1 43 d9 e9 67 28 5b 68 6b 35 51 d3 5d ad 3b c8 e2 ] bresp=0 bid=0
[15000] [SEQUENCER] READ mst_id=0 s_id=0 araddr=197cf878 arid=0 arlen=1 arsize=3 arburst=1 rid=[] rresp=[] rdata=[]
[15000] [SEQUENCER] READ mst_id=1 s_id=0 araddr=1120bba8 arid=1 arlen=1 arsize=3 arburst=1 rid=[] rresp=[] rdata=[]
[15000] [SEQUENCER] READ mst_id=1 s_id=0 araddr=1fc9a1f8 arid=2 arlen=1 arsize=3 arburst=1 rid=[] rresp=[] rdata=[]
[15000] [SEQUENCER] READ mst_id=0 s_id=0 araddr=fd2ffd8 arid=1 arlen=1 arsize=3 arburst=1 rid=[] rresp=[] rdata=[]
[15000] MASTER_DRIVER1 received transaction, op=AXI_WRITE
[15000] MASTER_DRIVER0 received transaction, op=AXI_READ
[35000] MASTER 1 AW_VALID_RDY Handshake
[35000] MASTER_DRIVER0 received transaction, op=AXI_READ
[45000] ARB MONITOR: slave=0 m0_req=0 m1_req=1 winner=1
[45000] ARB MONITOR: slave=1 m0_req=1 m1_req=0 winner=0
[45000] AXI S0_ARVALID_RDY HANDSHAKE
[45000] MEMORY READ MISS beat=0 addr=197cf878 -> default data id=0
[45000] AXI S0_AWVALID_RDY HANDSHAKE
[55000] MEMORY READ MISS beat=1 addr=197cf880 -> default data id=0
[55000] SLAVE 1 R_VALID_RDY Handshake beat=0 rlast=0
[55000] MASTER 1 W_VALID_RDY Handshake beat=0 wlast=0
[65000] MASTER 1 W_VALID_RDY Handshake beat=1 wlast=0
[65000] ARB MONITOR: slave=0 m0_req=1 m1_req=0 winner=0
[65000] SLAVE 1 R_VALID_RDY Handshake beat=1 rlast=1
[65000] [SLAVE MONITOR] READ mst_id=0 s_id=1 araddr=197cf878 arid=0 arlen=1 arsize=3 arburst=1 rid=[00] rresp=[00] rdata=[baadf00d12345678baadf00d12345678]
[65000] AXI S0_ARVALID_RDY HANDSHAKE
[65000] MEMORY READ MISS beat=0 addr=fd2ffd8 -> default data id=1
[65000] AXI S0_WVALID_RDY HANDSHAKE
[65000] S0 MEMORY WRITE beat=0 addr=0e5190c8 data=e02b6d87e2435855 id=1a
[75000] AXI S0_WVALID_RDY HANDSHAKE
[75000] S0 MEMORY WRITE beat=1 addr=0e5190ca data=c6c6c9b7f73dd889 id=1a
[75000] MEMORY READ MISS beat=1 addr=fd2ffe0 -> default data id=1
[75000] SLAVE 0 R_VALID_RDY Handshake beat=0 rlast=0
[75000] MASTER 1 W_VALID_RDY Handshake beat=2 wlast=0
[75000] MASTER 0 R_VALID_RDY Handshake beat=0 rlast=0
[85000] [MASTER DRIVER] READ mst_id=0 s_id=0 araddr=197cf878 arid=0 arlen=1 arsize=3 arburst=1 rid=[00] rresp=[00] rdata=[baadf00d12345678baadf00d12345678]
[85000] MASTER 0 R_VALID_RDY Handshake beat=1 rlast=1
[85000] [MASTER MONITOR] READ mst_id=0 s_id=1 araddr=197cf878 arid=0 arlen=1 arsize=3 arburst=1 rid=[00] rresp=[00] rdata=[baadf00d12345678baadf00d12345678]
[85000] MASTER 1 W_VALID_RDY Handshake beat=3 wlast=0
[85000] SLAVE 0 R_VALID_RDY Handshake beat=1 rlast=1
[85000] [SLAVE MONITOR] READ mst_id=0 s_id=0 araddr=fd2ffd8 arid=1 arlen=1 arsize=3 arburst=1 rid=[11] rresp=[00] rdata=[baadf00d12345678baadf00d12345678]
[85000] AXI S0_WVALID_RDY HANDSHAKE
[85000] S0 MEMORY WRITE beat=2 addr=0e5190cc data=e52e76d2d0306edd id=1a
[85000] SCOREBOARD MATCH: decode_err expected = 0, actual =0
[85000] SCOREBOARD MATCH: slave_id expected = 1, actual =1
[85000] SCOREBOARD MATCH: araddr passthrough expected = 197cf878, actual =197cf878
[85000] SCOREBOARD MATCH: arlen passthrough expected = 1, actual =1
[85000] SCOREBOARD MATCH: arsize passthrough expected = 3, actual =3
[85000] SCOREBOARD MATCH: arburst passthrough expected = 1, actual =1
[85000] SCOREBOARD MATCH: rdata size check expected = 2, actual =2
[85000] SCOREBOARD MATCH: rdata passthrough beat=0 expected = baadf00d12345678, actual =baadf00d12345678
[85000] SCOREBOARD MATCH: rdata passthrough beat=1 expected = baadf00d12345678, actual =baadf00d12345678
[85000] SCOREBOARD MATCH: rresp size check expected = 2, actual =2
[85000] SCOREBOARD MATCH: rresp passthrough beat=0 expected = 0, actual =0
[85000] SCOREBOARD MATCH: rresp passthrough beat=1 expected = 0, actual =0
[85000] SCOREBOARD MATCH: response routed to correct master (read beat 0) expected = 0, actual =0
[85000] SCOREBOARD MATCH: response routed to correct master (read beat 1) expected = 0, actual =0
[85000] [SCOREBOARD-M] READ mst_id=0 s_id=1 araddr=197cf878 arid=0 arlen=1 arsize=3 arburst=1 rid=[00] rresp=[00] rdata=[baadf00d12345678baadf00d12345678]
[85000] [SCOREBOARD-S] READ mst_id=0 s_id=1 araddr=197cf878 arid=0 arlen=1 arsize=3 arburst=1 rid=[00] rresp=[00] rdata=[baadf00d12345678baadf00d12345678]
[85000] SCOREBOARD: Transaction 1 received. pass=14 fail=0
[85000] ALL PASS. Total transactions: 1
[95000] AXI S0_WVALID_RDY HANDSHAKE
[95000] S0 MEMORY WRITE beat=3 addr=0e5190ce data=3273c7332d12c1a0 id=1a
[95000] MASTER 1 W_VALID_RDY Handshake beat=4 wlast=0
[105000] MASTER 0 R_VALID_RDY Handshake beat=0 rlast=0
[105000] MASTER 1 W_VALID_RDY Handshake beat=5 wlast=0
[105000] AXI S0_WVALID_RDY HANDSHAKE
[105000] S0 MEMORY WRITE beat=4 addr=0e5190d0 data=24509a29c559e459 id=1a
[115000] AXI S0_WVALID_RDY HANDSHAKE
[115000] S0 MEMORY WRITE beat=5 addr=0e5190d2 data=158a5337f93a90ea id=1a
[115000] MASTER 1 W_VALID_RDY Handshake beat=6 wlast=0
[115000] MASTER 0 R_VALID_RDY Handshake beat=1 rlast=1
[115000] [MASTER MONITOR] READ mst_id=0 s_id=0 araddr=fd2ffd8 arid=1 arlen=1 arsize=3 arburst=1 rid=[11] rresp=[00] rdata=[baadf00d12345678baadf00d12345678]
[115000] [MASTER DRIVER] READ mst_id=0 s_id=0 araddr=fd2ffd8 arid=1 arlen=1 arsize=3 arburst=1 rid=[11] rresp=[00] rdata=[baadf00d12345678baadf00d12345678]
[115000] SCOREBOARD MATCH: decode_err expected = 0, actual =0
[115000] SCOREBOARD MATCH: slave_id expected = 0, actual =0
[115000] SCOREBOARD MATCH: araddr passthrough expected = fd2ffd8, actual =fd2ffd8
[115000] SCOREBOARD MATCH: arlen passthrough expected = 1, actual =1
[115000] SCOREBOARD MATCH: arsize passthrough expected = 3, actual =3
[115000] SCOREBOARD MATCH: arburst passthrough expected = 1, actual =1
[115000] SCOREBOARD MATCH: rdata size check expected = 2, actual =2
[115000] SCOREBOARD MATCH: rdata passthrough beat=0 expected = baadf00d12345678, actual =baadf00d12345678
[115000] SCOREBOARD MATCH: rdata passthrough beat=1 expected = baadf00d12345678, actual =baadf00d12345678
[115000] SCOREBOARD MATCH: rresp size check expected = 2, actual =2
[115000] SCOREBOARD MATCH: rresp passthrough beat=0 expected = 0, actual =0
[115000] SCOREBOARD MATCH: rresp passthrough beat=1 expected = 0, actual =0
[115000] SCOREBOARD MATCH: response routed to correct master (read beat 0) expected = 0, actual =0
[115000] SCOREBOARD MATCH: response routed to correct master (read beat 1) expected = 0, actual =0
[115000] [SCOREBOARD-M] READ mst_id=0 s_id=0 araddr=fd2ffd8 arid=1 arlen=1 arsize=3 arburst=1 rid=[11] rresp=[00] rdata=[baadf00d12345678baadf00d12345678]
[115000] [SCOREBOARD-S] READ mst_id=0 s_id=0 araddr=fd2ffd8 arid=1 arlen=1 arsize=3 arburst=1 rid=[11] rresp=[00] rdata=[baadf00d12345678baadf00d12345678]
[115000] SCOREBOARD: Transaction 2 received. pass=28 fail=0
[115000] ALL PASS. Total transactions: 2
[125000] MASTER 1 W_VALID_RDY Handshake beat=7 wlast=0
[125000] AXI S0_WVALID_RDY HANDSHAKE
[125000] S0 MEMORY WRITE beat=6 addr=0e5190d4 data=264d528a897f10fb id=1a
[135000] AXI S0_WVALID_RDY HANDSHAKE
[135000] S0 MEMORY WRITE beat=7 addr=0e5190d6 data=ced8f555c7fe1a6a id=1a
[135000] MASTER 1 W_VALID_RDY Handshake beat=8 wlast=0
[145000] MASTER 1 W_VALID_RDY Handshake beat=9 wlast=0
[145000] AXI S0_WVALID_RDY HANDSHAKE
[145000] S0 MEMORY WRITE beat=8 addr=0e5190d8 data=c138ab54ca9decb3 id=1a
[155000] AXI S0_WVALID_RDY HANDSHAKE
[155000] S0 MEMORY WRITE beat=9 addr=0e5190da data=d41cfdaee463488c id=1a
[155000] MASTER 1 W_VALID_RDY Handshake beat=10 wlast=0
[165000] MASTER 1 W_VALID_RDY Handshake beat=11 wlast=0
[165000] AXI S0_WVALID_RDY HANDSHAKE
[165000] S0 MEMORY WRITE beat=10 addr=0e5190dc data=2c6162f6e785fdde id=1a
[175000] AXI S0_WVALID_RDY HANDSHAKE
[175000] S0 MEMORY WRITE beat=11 addr=0e5190de data=3223ea91a2f5f303 id=1a
[175000] MASTER 1 W_VALID_RDY Handshake beat=12 wlast=0
[185000] MASTER 1 W_VALID_RDY Handshake beat=13 wlast=0
[185000] AXI S0_WVALID_RDY HANDSHAKE
[185000] S0 MEMORY WRITE beat=12 addr=0e5190e0 data=87593b8fed9a0e4a id=1a
[195000] AXI S0_WVALID_RDY HANDSHAKE
[195000] S0 MEMORY WRITE beat=13 addr=0e5190e2 data=d5200c288640e83f id=1a
[195000] MASTER 1 W_VALID_RDY Handshake beat=14 wlast=0
[205000] MASTER 1 W_VALID_RDY Handshake beat=15 wlast=0
[205000] AXI S0_WVALID_RDY HANDSHAKE
[205000] S0 MEMORY WRITE beat=14 addr=0e5190e4 data=2936db43b3ba9e85 id=1a
[215000] AXI S0_WVALID_RDY HANDSHAKE
[215000] S0 MEMORY WRITE beat=15 addr=0e5190e6 data=a154accf0743f6b9 id=1a
[215000] MASTER 1 W_VALID_RDY Handshake beat=16 wlast=0
[225000] MASTER 1 W_VALID_RDY Handshake beat=17 wlast=0
[225000] AXI S0_WVALID_RDY HANDSHAKE
[225000] S0 MEMORY WRITE beat=16 addr=0e5190e8 data=8d84def8b09016d2 id=1a
[235000] AXI S0_WVALID_RDY HANDSHAKE
[235000] S0 MEMORY WRITE beat=17 addr=0e5190ea data=e44ab558f674b8f7 id=1a
[235000] MASTER 1 W_VALID_RDY Handshake beat=18 wlast=0
[245000] MASTER 1 W_VALID_RDY Handshake beat=19 wlast=0
[245000] AXI S0_WVALID_RDY HANDSHAKE
[245000] S0 MEMORY WRITE beat=18 addr=0e5190ec data=fdb8afb0b6bbba3b id=1a
[255000] AXI S0_WVALID_RDY HANDSHAKE
[255000] S0 MEMORY WRITE beat=19 addr=0e5190ee data=e74bd10e859f6227 id=1a
[255000] MASTER 1 W_VALID_RDY Handshake beat=20 wlast=0
[265000] MASTER 1 W_VALID_RDY Handshake beat=21 wlast=0
[265000] AXI S0_WVALID_RDY HANDSHAKE
[265000] S0 MEMORY WRITE beat=20 addr=0e5190f0 data=fc141b1f0b3d8ea9 id=1a
[275000] AXI S0_WVALID_RDY HANDSHAKE
[275000] S0 MEMORY WRITE beat=21 addr=0e5190f2 data=c1f948e4cb968666 id=1a
[275000] MASTER 1 W_VALID_RDY Handshake beat=22 wlast=0
[285000] MASTER 1 W_VALID_RDY Handshake beat=23 wlast=0
[285000] AXI S0_WVALID_RDY HANDSHAKE
[285000] S0 MEMORY WRITE beat=22 addr=0e5190f4 data=d135e88df9cccacf id=1a
[295000] AXI S0_WVALID_RDY HANDSHAKE
[295000] S0 MEMORY WRITE beat=23 addr=0e5190f6 data=850a5978a94519f2 id=1a
[295000] MASTER 1 W_VALID_RDY Handshake beat=24 wlast=0
[305000] MASTER 1 W_VALID_RDY Handshake beat=25 wlast=0
[305000] AXI S0_WVALID_RDY HANDSHAKE
[305000] S0 MEMORY WRITE beat=24 addr=0e5190f8 data=f4dba058cd4a03ac id=1a
[315000] AXI S0_WVALID_RDY HANDSHAKE
[315000] S0 MEMORY WRITE beat=25 addr=0e5190fa data=c716ce7cc703a25d id=1a
[315000] MASTER 1 W_VALID_RDY Handshake beat=26 wlast=0
[325000] MASTER 1 W_VALID_RDY Handshake beat=27 wlast=0
[325000] AXI S0_WVALID_RDY HANDSHAKE
[325000] S0 MEMORY WRITE beat=26 addr=0e5190fc data=f048bc4fc61188e6 id=1a
[335000] AXI S0_WVALID_RDY HANDSHAKE
[335000] S0 MEMORY WRITE beat=27 addr=0e5190fe data=935b8c92cc2127f4 id=1a
[335000] MASTER 1 W_VALID_RDY Handshake beat=28 wlast=0
[345000] MASTER 1 W_VALID_RDY Handshake beat=29 wlast=0
[345000] AXI S0_WVALID_RDY HANDSHAKE
[345000] S0 MEMORY WRITE beat=28 addr=0e519100 data=9324ca51e5245ca8 id=1a
[355000] AXI S0_WVALID_RDY HANDSHAKE
[355000] S0 MEMORY WRITE beat=29 addr=0e519102 data=2b35e58eda725b0e id=1a
[355000] MASTER 1 W_VALID_RDY Handshake beat=30 wlast=0
[365000] MASTER 1 W_VALID_RDY Handshake beat=31 wlast=0
[365000] AXI S0_WVALID_RDY HANDSHAKE
[365000] S0 MEMORY WRITE beat=30 addr=0e519104 data=26938303036d86a1 id=1a
[375000] AXI S0_WVALID_RDY HANDSHAKE
[375000] S0 MEMORY WRITE beat=31 addr=0e519106 data=e891e349be917220 id=1a
[375000] MASTER 1 W_VALID_RDY Handshake beat=32 wlast=0
[385000] MASTER 1 W_VALID_RDY Handshake beat=33 wlast=0
[385000] AXI S0_WVALID_RDY HANDSHAKE
[385000] S0 MEMORY WRITE beat=32 addr=0e519108 data=1903cd2fb9b84d54 id=1a
[395000] AXI S0_WVALID_RDY HANDSHAKE
[395000] S0 MEMORY WRITE beat=33 addr=0e51910a data=bd25d3f513c7c8d7 id=1a
[395000] MASTER 1 W_VALID_RDY Handshake beat=34 wlast=0
[405000] MASTER 1 W_VALID_RDY Handshake beat=35 wlast=0
[405000] AXI S0_WVALID_RDY HANDSHAKE
[405000] S0 MEMORY WRITE beat=34 addr=0e51910c data=d2593af73f975032 id=1a
[415000] AXI S0_WVALID_RDY HANDSHAKE
[415000] S0 MEMORY WRITE beat=35 addr=0e51910e data=f94f9d86a5b7b73e id=1a
[415000] MASTER 1 W_VALID_RDY Handshake beat=36 wlast=0
[425000] MASTER 1 W_VALID_RDY Handshake beat=37 wlast=0
[425000] AXI S0_WVALID_RDY HANDSHAKE
[425000] S0 MEMORY WRITE beat=36 addr=0e519110 data=b97f8015eb5d0826 id=1a
[435000] AXI S0_WVALID_RDY HANDSHAKE
[435000] S0 MEMORY WRITE beat=37 addr=0e519112 data=aaf458583675717c id=1a
[435000] MASTER 1 W_VALID_RDY Handshake beat=38 wlast=0
[445000] MASTER 1 W_VALID_RDY Handshake beat=39 wlast=0
[445000] AXI S0_WVALID_RDY HANDSHAKE
[445000] S0 MEMORY WRITE beat=38 addr=0e519114 data=dc2d28ba0bd8bb0d id=1a
[455000] AXI S0_WVALID_RDY HANDSHAKE
[455000] S0 MEMORY WRITE beat=39 addr=0e519116 data=f735c3332443f5df id=1a
[455000] MASTER 1 W_VALID_RDY Handshake beat=40 wlast=0
[465000] MASTER 1 W_VALID_RDY Handshake beat=41 wlast=0
[465000] AXI S0_WVALID_RDY HANDSHAKE
[465000] S0 MEMORY WRITE beat=40 addr=0e519118 data=dab9675b15aca8d0 id=1a
[475000] AXI S0_WVALID_RDY HANDSHAKE
[475000] S0 MEMORY WRITE beat=41 addr=0e51911a data=218563dd222a1b8c id=1a
[475000] MASTER 1 W_VALID_RDY Handshake beat=42 wlast=0
[485000] MASTER 1 W_VALID_RDY Handshake beat=43 wlast=0
[485000] AXI S0_WVALID_RDY HANDSHAKE
[485000] S0 MEMORY WRITE beat=42 addr=0e51911c data=c66e116bb6e69015 id=1a
[495000] AXI S0_WVALID_RDY HANDSHAKE
[495000] S0 MEMORY WRITE beat=43 addr=0e51911e data=cc9338e598bb2710 id=1a
[495000] MASTER 1 W_VALID_RDY Handshake beat=44 wlast=0
[505000] MASTER 1 W_VALID_RDY Handshake beat=45 wlast=0
[505000] AXI S0_WVALID_RDY HANDSHAKE
[505000] S0 MEMORY WRITE beat=44 addr=0e519120 data=bae5429c212778c6 id=1a
[515000] AXI S0_WVALID_RDY HANDSHAKE
[515000] S0 MEMORY WRITE beat=45 addr=0e519122 data=d80e08dbee189cc2 id=1a
[515000] MASTER 1 W_VALID_RDY Handshake beat=46 wlast=0
[525000] MASTER 1 W_VALID_RDY Handshake beat=47 wlast=0
[525000] AXI S0_WVALID_RDY HANDSHAKE
[525000] S0 MEMORY WRITE beat=46 addr=0e519124 data=06d3c3d381535407 id=1a
[535000] AXI S0_WVALID_RDY HANDSHAKE
[535000] S0 MEMORY WRITE beat=47 addr=0e519126 data=a27acccd24a141c1 id=1a
[535000] MASTER 1 W_VALID_RDY Handshake beat=48 wlast=0
[545000] MASTER 1 W_VALID_RDY Handshake beat=49 wlast=0
[545000] AXI S0_WVALID_RDY HANDSHAKE
[545000] S0 MEMORY WRITE beat=48 addr=0e519128 data=92b9de83c1b9066f id=1a
[555000] AXI S0_WVALID_RDY HANDSHAKE
[555000] S0 MEMORY WRITE beat=49 addr=0e51912a data=c30c5a77fa88d5a9 id=1a
[555000] MASTER 1 W_VALID_RDY Handshake beat=50 wlast=0
[565000] MASTER 1 W_VALID_RDY Handshake beat=51 wlast=0
[565000] AXI S0_WVALID_RDY HANDSHAKE
[565000] S0 MEMORY WRITE beat=50 addr=0e51912c data=1f2a176a998da256 id=1a
[575000] AXI S0_WVALID_RDY HANDSHAKE
[575000] S0 MEMORY WRITE beat=51 addr=0e51912e data=db46a8c6e5872744 id=1a
[575000] MASTER 1 W_VALID_RDY Handshake beat=52 wlast=0
[585000] MASTER 1 W_VALID_RDY Handshake beat=53 wlast=0
[585000] AXI S0_WVALID_RDY HANDSHAKE
[585000] S0 MEMORY WRITE beat=52 addr=0e519130 data=e00ffcedb1e3f5ed id=1a
[595000] AXI S0_WVALID_RDY HANDSHAKE
[595000] S0 MEMORY WRITE beat=53 addr=0e519132 data=cb7198441e53033d id=1a
[595000] MASTER 1 W_VALID_RDY Handshake beat=54 wlast=0
[605000] MASTER 1 W_VALID_RDY Handshake beat=55 wlast=0
[605000] AXI S0_WVALID_RDY HANDSHAKE
[605000] S0 MEMORY WRITE beat=54 addr=0e519134 data=83da2a81ff3a1457 id=1a
[615000] AXI S0_WVALID_RDY HANDSHAKE
[615000] S0 MEMORY WRITE beat=55 addr=0e519136 data=311e0a4526b8410a id=1a
[615000] MASTER 1 W_VALID_RDY Handshake beat=56 wlast=0
[625000] MASTER 1 W_VALID_RDY Handshake beat=57 wlast=0
[625000] AXI S0_WVALID_RDY HANDSHAKE
[625000] S0 MEMORY WRITE beat=56 addr=0e519138 data=c50b4447e3ea276f id=1a
[635000] AXI S0_WVALID_RDY HANDSHAKE
[635000] S0 MEMORY WRITE beat=57 addr=0e51913a data=e3243bc6fc8fa289 id=1a
[635000] MASTER 1 W_VALID_RDY Handshake beat=58 wlast=0
[645000] MASTER 1 W_VALID_RDY Handshake beat=59 wlast=0
[645000] AXI S0_WVALID_RDY HANDSHAKE
[645000] S0 MEMORY WRITE beat=58 addr=0e51913c data=2347e393c8e56ec8 id=1a
[655000] AXI S0_WVALID_RDY HANDSHAKE
[655000] S0 MEMORY WRITE beat=59 addr=0e51913e data=accf96379442460b id=1a
[655000] MASTER 1 W_VALID_RDY Handshake beat=60 wlast=0
[665000] MASTER 1 W_VALID_RDY Handshake beat=61 wlast=0
[665000] AXI S0_WVALID_RDY HANDSHAKE
[665000] S0 MEMORY WRITE beat=60 addr=0e519140 data=90d1e894e85327da id=1a
[675000] AXI S0_WVALID_RDY HANDSHAKE
[675000] S0 MEMORY WRITE beat=61 addr=0e519142 data=b13896a20ff3d1fe id=1a
[675000] MASTER 1 W_VALID_RDY Handshake beat=62 wlast=0
[685000] MASTER 1 W_VALID_RDY Handshake beat=63 wlast=0
[685000] AXI S0_WVALID_RDY HANDSHAKE
[685000] S0 MEMORY WRITE beat=62 addr=0e519144 data=a4361809b419cc27 id=1a
[695000] AXI S0_WVALID_RDY HANDSHAKE
[695000] S0 MEMORY WRITE beat=63 addr=0e519146 data=9c6cf401de082cda id=1a
[695000] MASTER 1 W_VALID_RDY Handshake beat=64 wlast=0
[705000] MASTER 1 W_VALID_RDY Handshake beat=65 wlast=0
[705000] AXI S0_WVALID_RDY HANDSHAKE
[705000] S0 MEMORY WRITE beat=64 addr=0e519148 data=edfbfed83508009e id=1a
[715000] AXI S0_WVALID_RDY HANDSHAKE
[715000] S0 MEMORY WRITE beat=65 addr=0e51914a data=e921ccc5cda58aa4 id=1a
[715000] MASTER 1 W_VALID_RDY Handshake beat=66 wlast=0
[725000] MASTER 1 W_VALID_RDY Handshake beat=67 wlast=0
[725000] AXI S0_WVALID_RDY HANDSHAKE
[725000] S0 MEMORY WRITE beat=66 addr=0e51914c data=2badb77e923216e1 id=1a
[735000] AXI S0_WVALID_RDY HANDSHAKE
[735000] S0 MEMORY WRITE beat=67 addr=0e51914e data=c73a177f058ec0c7 id=1a
[735000] MASTER 1 W_VALID_RDY Handshake beat=68 wlast=0
[745000] MASTER 1 W_VALID_RDY Handshake beat=69 wlast=0
[745000] AXI S0_WVALID_RDY HANDSHAKE
[745000] S0 MEMORY WRITE beat=68 addr=0e519150 data=d3344b6b19a9b656 id=1a
[755000] AXI S0_WVALID_RDY HANDSHAKE
[755000] S0 MEMORY WRITE beat=69 addr=0e519152 data=abdbcd37305be445 id=1a
[755000] MASTER 1 W_VALID_RDY Handshake beat=70 wlast=0
[765000] MASTER 1 W_VALID_RDY Handshake beat=71 wlast=0
[765000] AXI S0_WVALID_RDY HANDSHAKE
[765000] S0 MEMORY WRITE beat=70 addr=0e519154 data=35eaa50cfee202e9 id=1a
[775000] AXI S0_WVALID_RDY HANDSHAKE
[775000] S0 MEMORY WRITE beat=71 addr=0e519156 data=188bb93ff315e4b7 id=1a
[775000] MASTER 1 W_VALID_RDY Handshake beat=72 wlast=0
[785000] MASTER 1 W_VALID_RDY Handshake beat=73 wlast=0
[785000] AXI S0_WVALID_RDY HANDSHAKE
[785000] S0 MEMORY WRITE beat=72 addr=0e519158 data=2371c8fc091ef077 id=1a
[795000] AXI S0_WVALID_RDY HANDSHAKE
[795000] S0 MEMORY WRITE beat=73 addr=0e51915a data=0800f360c4678676 id=1a
[795000] MASTER 1 W_VALID_RDY Handshake beat=74 wlast=0
[805000] MASTER 1 W_VALID_RDY Handshake beat=75 wlast=0
[805000] AXI S0_WVALID_RDY HANDSHAKE
[805000] S0 MEMORY WRITE beat=74 addr=0e51915c data=b77d6b2dd95c6e08 id=1a
[815000] AXI S0_WVALID_RDY HANDSHAKE
[815000] S0 MEMORY WRITE beat=75 addr=0e51915e data=e27b5e7f208cac9f id=1a
[815000] MASTER 1 W_VALID_RDY Handshake beat=76 wlast=0
[825000] MASTER 1 W_VALID_RDY Handshake beat=77 wlast=0
[825000] AXI S0_WVALID_RDY HANDSHAKE
[825000] S0 MEMORY WRITE beat=76 addr=0e519160 data=e4f43315daef3429 id=1a
[835000] AXI S0_WVALID_RDY HANDSHAKE
[835000] S0 MEMORY WRITE beat=77 addr=0e519162 data=b44ba231ea7c51df id=1a
[835000] MASTER 1 W_VALID_RDY Handshake beat=78 wlast=0
[845000] MASTER 1 W_VALID_RDY Handshake beat=79 wlast=0
[845000] AXI S0_WVALID_RDY HANDSHAKE
[845000] S0 MEMORY WRITE beat=78 addr=0e519164 data=0b08fe7e1c719e43 id=1a
[855000] AXI S0_WVALID_RDY HANDSHAKE
[855000] S0 MEMORY WRITE beat=79 addr=0e519166 data=f760d26c96c700b0 id=1a
[855000] MASTER 1 W_VALID_RDY Handshake beat=80 wlast=0
[865000] MASTER 1 W_VALID_RDY Handshake beat=81 wlast=0
[865000] AXI S0_WVALID_RDY HANDSHAKE
[865000] S0 MEMORY WRITE beat=80 addr=0e519168 data=8143528feffd3193 id=1a
[875000] AXI S0_WVALID_RDY HANDSHAKE
[875000] S0 MEMORY WRITE beat=81 addr=0e51916a data=8c6ecfd62bac749e id=1a
[875000] MASTER 1 W_VALID_RDY Handshake beat=82 wlast=0
[885000] MASTER 1 W_VALID_RDY Handshake beat=83 wlast=0
[885000] AXI S0_WVALID_RDY HANDSHAKE
[885000] S0 MEMORY WRITE beat=82 addr=0e51916c data=c273754e8c4c510d id=1a
[895000] AXI S0_WVALID_RDY HANDSHAKE
[895000] S0 MEMORY WRITE beat=83 addr=0e51916e data=fc4982a103cfa243 id=1a
[895000] MASTER 1 W_VALID_RDY Handshake beat=84 wlast=0
[905000] MASTER 1 W_VALID_RDY Handshake beat=85 wlast=0
[905000] AXI S0_WVALID_RDY HANDSHAKE
[905000] S0 MEMORY WRITE beat=84 addr=0e519170 data=2f7c16e1c3b6c7de id=1a
[915000] AXI S0_WVALID_RDY HANDSHAKE
[915000] S0 MEMORY WRITE beat=85 addr=0e519172 data=d00318eb88b85277 id=1a
[915000] MASTER 1 W_VALID_RDY Handshake beat=86 wlast=1
[915000] MASTER_DRIVER1 received transaction, op=AXI_READ
[925000] AXI S0_WVALID_RDY HANDSHAKE
[925000] S0 MEMORY WRITE beat=86 addr=0e519174 data=8c87f4baf1ef8c2f id=1a
[935000] SLAVE0 sent B resp, id=10
[935000] [SLAVE MONITOR] mst_id=1 s_id=0 awaddr=e5190c8 awid=1010 awlen=86 awsize=1 awburst=1 wdata=[e02b6d87e2435855 c6c6c9b7f73dd889 e52e76d2d0306edd 3273c7332d12c1a0 24509a29c559e459 158a5337f93a90ea 264d528a897f10fb ced8f555c7fe1a6a c138ab54ca9decb3 d41cfdaee463488c 2c6162f6e785fdde 3223ea91a2f5f303 87593b8fed9a0e4a d5200c288640e83f 2936db43b3ba9e85 a154accf0743f6b9 8d84def8b09016d2 e44ab558f674b8f7 fdb8afb0b6bbba3b e74bd10e859f6227 fc141b1f0b3d8ea9 c1f948e4cb968666 d135e88df9cccacf 850a5978a94519f2 f4dba058cd4a03ac c716ce7cc703a25d f048bc4fc61188e6 935b8c92cc2127f4 9324ca51e5245ca8 2b35e58eda725b0e 26938303036d86a1 e891e349be917220 1903cd2fb9b84d54 bd25d3f513c7c8d7 d2593af73f975032 f94f9d86a5b7b73e b97f8015eb5d0826 aaf458583675717c dc2d28ba0bd8bb0d f735c3332443f5df dab9675b15aca8d0 218563dd222a1b8c c66e116bb6e69015 cc9338e598bb2710 bae5429c212778c6 d80e08dbee189cc2 6d3c3d381535407 a27acccd24a141c1 92b9de83c1b9066f c30c5a77fa88d5a9 1f2a176a998da256 db46a8c6e5872744 e00ffcedb1e3f5ed cb7198441e53033d 83da2a81ff3a1457 311e0a4526b8410a c50b4447e3ea276f e3243bc6fc8fa289 2347e393c8e56ec8 accf96379442460b 90d1e894e85327da b13896a20ff3d1fe a4361809b419cc27 9c6cf401de082cda edfbfed83508009e e921ccc5cda58aa4 2badb77e923216e1 c73a177f058ec0c7 d3344b6b19a9b656 abdbcd37305be445 35eaa50cfee202e9 188bb93ff315e4b7 2371c8fc091ef077 800f360c4678676 b77d6b2dd95c6e08 e27b5e7f208cac9f e4f43315daef3429 b44ba231ea7c51df b08fe7e1c719e43 f760d26c96c700b0 8143528feffd3193 8c6ecfd62bac749e c273754e8c4c510d fc4982a103cfa243 2f7c16e1c3b6c7de d00318eb88b85277 8c87f4baf1ef8c2f ] wstrb=[8c d 9b 4 f9 cb be 85 d8 5a 89 d1 25 48 57 fd a2 e0 cf c7 28 26 c4 ca 6 93 91 2f b9 56 f9 c0 e9 8b ef a3 e1 e8 63 ca 73 52 6d 54 3a d0 1f ae 22 8c 2 5d 5d 21 b 7f ae d dc b 2f e7 8a dd f5 67 e8 24 4e 72 1 43 d9 e9 67 28 5b 68 6b 35 51 d3 5d ad 3b c8 e2 ] bresp=0 bid=11010
[935000] MASTER_DRIVER1 received transaction, op=AXI_READ
[945000] ARB MONITOR: slave=1 m0_req=0 m1_req=1 winner=1
[945000] AXI S0_ARVALID_RDY HANDSHAKE
[945000] MEMORY READ MISS beat=0 addr=1120bba8 -> default data id=17
[955000] MEMORY READ MISS beat=1 addr=1120bbb0 -> default data id=17
[955000] SLAVE 1 R_VALID_RDY Handshake beat=0 rlast=0
[955000] MASTER 1 B_VALID_RDY Handshake
[955000] [MASTER MONITOR] mst_id=1 s_id=0 awaddr=e5190c8 awid=1010 awlen=86 awsize=1 awburst=1 wdata=[e02b6d87e2435855 c6c6c9b7f73dd889 e52e76d2d0306edd 3273c7332d12c1a0 24509a29c559e459 158a5337f93a90ea 264d528a897f10fb ced8f555c7fe1a6a c138ab54ca9decb3 d41cfdaee463488c 2c6162f6e785fdde 3223ea91a2f5f303 87593b8fed9a0e4a d5200c288640e83f 2936db43b3ba9e85 a154accf0743f6b9 8d84def8b09016d2 e44ab558f674b8f7 fdb8afb0b6bbba3b e74bd10e859f6227 fc141b1f0b3d8ea9 c1f948e4cb968666 d135e88df9cccacf 850a5978a94519f2 f4dba058cd4a03ac c716ce7cc703a25d f048bc4fc61188e6 935b8c92cc2127f4 9324ca51e5245ca8 2b35e58eda725b0e 26938303036d86a1 e891e349be917220 1903cd2fb9b84d54 bd25d3f513c7c8d7 d2593af73f975032 f94f9d86a5b7b73e b97f8015eb5d0826 aaf458583675717c dc2d28ba0bd8bb0d f735c3332443f5df dab9675b15aca8d0 218563dd222a1b8c c66e116bb6e69015 cc9338e598bb2710 bae5429c212778c6 d80e08dbee189cc2 6d3c3d381535407 a27acccd24a141c1 92b9de83c1b9066f c30c5a77fa88d5a9 1f2a176a998da256 db46a8c6e5872744 e00ffcedb1e3f5ed cb7198441e53033d 83da2a81ff3a1457 311e0a4526b8410a c50b4447e3ea276f e3243bc6fc8fa289 2347e393c8e56ec8 accf96379442460b 90d1e894e85327da b13896a20ff3d1fe a4361809b419cc27 9c6cf401de082cda edfbfed83508009e e921ccc5cda58aa4 2badb77e923216e1 c73a177f058ec0c7 d3344b6b19a9b656 abdbcd37305be445 35eaa50cfee202e9 188bb93ff315e4b7 2371c8fc091ef077 800f360c4678676 b77d6b2dd95c6e08 e27b5e7f208cac9f e4f43315daef3429 b44ba231ea7c51df b08fe7e1c719e43 f760d26c96c700b0 8143528feffd3193 8c6ecfd62bac749e c273754e8c4c510d fc4982a103cfa243 2f7c16e1c3b6c7de d00318eb88b85277 8c87f4baf1ef8c2f ] wstrb=[8c d 9b 4 f9 cb be 85 d8 5a 89 d1 25 48 57 fd a2 e0 cf c7 28 26 c4 ca 6 93 91 2f b9 56 f9 c0 e9 8b ef a3 e1 e8 63 ca 73 52 6d 54 3a d0 1f ae 22 8c 2 5d 5d 21 b 7f ae d dc b 2f e7 8a dd f5 67 e8 24 4e 72 1 43 d9 e9 67 28 5b 68 6b 35 51 d3 5d ad 3b c8 e2 ] bresp=0 bid=1010
[955000] MASTER 1 RECEIVED BRESP. BRESP=0
[955000] [MASTER DRIVER] mst_id=1 s_id=0 awaddr=e5190c8 awid=1010 awlen=86 awsize=1 awburst=1 wdata=[e02b6d87e2435855 c6c6c9b7f73dd889 e52e76d2d0306edd 3273c7332d12c1a0 24509a29c559e459 158a5337f93a90ea 264d528a897f10fb ced8f555c7fe1a6a c138ab54ca9decb3 d41cfdaee463488c 2c6162f6e785fdde 3223ea91a2f5f303 87593b8fed9a0e4a d5200c288640e83f 2936db43b3ba9e85 a154accf0743f6b9 8d84def8b09016d2 e44ab558f674b8f7 fdb8afb0b6bbba3b e74bd10e859f6227 fc141b1f0b3d8ea9 c1f948e4cb968666 d135e88df9cccacf 850a5978a94519f2 f4dba058cd4a03ac c716ce7cc703a25d f048bc4fc61188e6 935b8c92cc2127f4 9324ca51e5245ca8 2b35e58eda725b0e 26938303036d86a1 e891e349be917220 1903cd2fb9b84d54 bd25d3f513c7c8d7 d2593af73f975032 f94f9d86a5b7b73e b97f8015eb5d0826 aaf458583675717c dc2d28ba0bd8bb0d f735c3332443f5df dab9675b15aca8d0 218563dd222a1b8c c66e116bb6e69015 cc9338e598bb2710 bae5429c212778c6 d80e08dbee189cc2 6d3c3d381535407 a27acccd24a141c1 92b9de83c1b9066f c30c5a77fa88d5a9 1f2a176a998da256 db46a8c6e5872744 e00ffcedb1e3f5ed cb7198441e53033d 83da2a81ff3a1457 311e0a4526b8410a c50b4447e3ea276f e3243bc6fc8fa289 2347e393c8e56ec8 accf96379442460b 90d1e894e85327da b13896a20ff3d1fe a4361809b419cc27 9c6cf401de082cda edfbfed83508009e e921ccc5cda58aa4 2badb77e923216e1 c73a177f058ec0c7 d3344b6b19a9b656 abdbcd37305be445 35eaa50cfee202e9 188bb93ff315e4b7 2371c8fc091ef077 800f360c4678676 b77d6b2dd95c6e08 e27b5e7f208cac9f e4f43315daef3429 b44ba231ea7c51df b08fe7e1c719e43 f760d26c96c700b0 8143528feffd3193 8c6ecfd62bac749e c273754e8c4c510d fc4982a103cfa243 2f7c16e1c3b6c7de d00318eb88b85277 8c87f4baf1ef8c2f ] wstrb=[8c d 9b 4 f9 cb be 85 d8 5a 89 d1 25 48 57 fd a2 e0 cf c7 28 26 c4 ca 6 93 91 2f b9 56 f9 c0 e9 8b ef a3 e1 e8 63 ca 73 52 6d 54 3a d0 1f ae 22 8c 2 5d 5d 21 b 7f ae d dc b 2f e7 8a dd f5 67 e8 24 4e 72 1 43 d9 e9 67 28 5b 68 6b 35 51 d3 5d ad 3b c8 e2 ] bresp=0 bid=1010
[955000] SCOREBOARD MATCH: decode_err expected = 0, actual =0
[955000] SCOREBOARD MATCH: slave_id expected = 0, actual =0
[955000] SCOREBOARD MATCH: awaddr passthrough expected = e5190c8, actual =e5190c8
[955000] SCOREBOARD MATCH: awlen passthrough expected = 86, actual =86
[955000] SCOREBOARD MATCH: awsize passthrough expected = 1, actual =1
[955000] SCOREBOARD MATCH: awburst passthrough expected = 1, actual =1
[955000] SCOREBOARD MATCH: wdata size check expected = 57, actual =57
[955000] SCOREBOARD MATCH: wdata passthrough beat=0 expected = e02b6d87e2435855, actual =e02b6d87e2435855
[955000] SCOREBOARD MATCH: wdata passthrough beat=1 expected = c6c6c9b7f73dd889, actual =c6c6c9b7f73dd889
[955000] SCOREBOARD MATCH: wdata passthrough beat=2 expected = e52e76d2d0306edd, actual =e52e76d2d0306edd
[955000] SCOREBOARD MATCH: wdata passthrough beat=3 expected = 3273c7332d12c1a0, actual =3273c7332d12c1a0
[955000] SCOREBOARD MATCH: wdata passthrough beat=4 expected = 24509a29c559e459, actual =24509a29c559e459
[955000] SCOREBOARD MATCH: wdata passthrough beat=5 expected = 158a5337f93a90ea, actual =158a5337f93a90ea
[955000] SCOREBOARD MATCH: wdata passthrough beat=6 expected = 264d528a897f10fb, actual =264d528a897f10fb
[955000] SCOREBOARD MATCH: wdata passthrough beat=7 expected = ced8f555c7fe1a6a, actual =ced8f555c7fe1a6a
[955000] SCOREBOARD MATCH: wdata passthrough beat=8 expected = c138ab54ca9decb3, actual =c138ab54ca9decb3
[955000] SCOREBOARD MATCH: wdata passthrough beat=9 expected = d41cfdaee463488c, actual =d41cfdaee463488c
[955000] SCOREBOARD MATCH: wdata passthrough beat=10 expected = 2c6162f6e785fdde, actual =2c6162f6e785fdde
[955000] SCOREBOARD MATCH: wdata passthrough beat=11 expected = 3223ea91a2f5f303, actual =3223ea91a2f5f303
[955000] SCOREBOARD MATCH: wdata passthrough beat=12 expected = 87593b8fed9a0e4a, actual =87593b8fed9a0e4a
[955000] SCOREBOARD MATCH: wdata passthrough beat=13 expected = d5200c288640e83f, actual =d5200c288640e83f
[955000] SCOREBOARD MATCH: wdata passthrough beat=14 expected = 2936db43b3ba9e85, actual =2936db43b3ba9e85
[955000] SCOREBOARD MATCH: wdata passthrough beat=15 expected = a154accf0743f6b9, actual =a154accf0743f6b9
[955000] SCOREBOARD MATCH: wdata passthrough beat=16 expected = 8d84def8b09016d2, actual =8d84def8b09016d2
[955000] SCOREBOARD MATCH: wdata passthrough beat=17 expected = e44ab558f674b8f7, actual =e44ab558f674b8f7
[955000] SCOREBOARD MATCH: wdata passthrough beat=18 expected = fdb8afb0b6bbba3b, actual =fdb8afb0b6bbba3b
[955000] SCOREBOARD MATCH: wdata passthrough beat=19 expected = e74bd10e859f6227, actual =e74bd10e859f6227
[955000] SCOREBOARD MATCH: wdata passthrough beat=20 expected = fc141b1f0b3d8ea9, actual =fc141b1f0b3d8ea9
[955000] SCOREBOARD MATCH: wdata passthrough beat=21 expected = c1f948e4cb968666, actual =c1f948e4cb968666
[955000] SCOREBOARD MATCH: wdata passthrough beat=22 expected = d135e88df9cccacf, actual =d135e88df9cccacf
[955000] SCOREBOARD MATCH: wdata passthrough beat=23 expected = 850a5978a94519f2, actual =850a5978a94519f2
[955000] SCOREBOARD MATCH: wdata passthrough beat=24 expected = f4dba058cd4a03ac, actual =f4dba058cd4a03ac
[955000] SCOREBOARD MATCH: wdata passthrough beat=25 expected = c716ce7cc703a25d, actual =c716ce7cc703a25d
[955000] SCOREBOARD MATCH: wdata passthrough beat=26 expected = f048bc4fc61188e6, actual =f048bc4fc61188e6
[955000] SCOREBOARD MATCH: wdata passthrough beat=27 expected = 935b8c92cc2127f4, actual =935b8c92cc2127f4
[955000] SCOREBOARD MATCH: wdata passthrough beat=28 expected = 9324ca51e5245ca8, actual =9324ca51e5245ca8
[955000] SCOREBOARD MATCH: wdata passthrough beat=29 expected = 2b35e58eda725b0e, actual =2b35e58eda725b0e
[955000] SCOREBOARD MATCH: wdata passthrough beat=30 expected = 26938303036d86a1, actual =26938303036d86a1
[955000] SCOREBOARD MATCH: wdata passthrough beat=31 expected = e891e349be917220, actual =e891e349be917220
[955000] SCOREBOARD MATCH: wdata passthrough beat=32 expected = 1903cd2fb9b84d54, actual =1903cd2fb9b84d54
[955000] SCOREBOARD MATCH: wdata passthrough beat=33 expected = bd25d3f513c7c8d7, actual =bd25d3f513c7c8d7
[955000] SCOREBOARD MATCH: wdata passthrough beat=34 expected = d2593af73f975032, actual =d2593af73f975032
[955000] SCOREBOARD MATCH: wdata passthrough beat=35 expected = f94f9d86a5b7b73e, actual =f94f9d86a5b7b73e
[955000] SCOREBOARD MATCH: wdata passthrough beat=36 expected = b97f8015eb5d0826, actual =b97f8015eb5d0826
[955000] SCOREBOARD MATCH: wdata passthrough beat=37 expected = aaf458583675717c, actual =aaf458583675717c
[955000] SCOREBOARD MATCH: wdata passthrough beat=38 expected = dc2d28ba0bd8bb0d, actual =dc2d28ba0bd8bb0d
[955000] SCOREBOARD MATCH: wdata passthrough beat=39 expected = f735c3332443f5df, actual =f735c3332443f5df
[955000] SCOREBOARD MATCH: wdata passthrough beat=40 expected = dab9675b15aca8d0, actual =dab9675b15aca8d0
[955000] SCOREBOARD MATCH: wdata passthrough beat=41 expected = 218563dd222a1b8c, actual =218563dd222a1b8c
[955000] SCOREBOARD MATCH: wdata passthrough beat=42 expected = c66e116bb6e69015, actual =c66e116bb6e69015
[955000] SCOREBOARD MATCH: wdata passthrough beat=43 expected = cc9338e598bb2710, actual =cc9338e598bb2710
[955000] SCOREBOARD MATCH: wdata passthrough beat=44 expected = bae5429c212778c6, actual =bae5429c212778c6
[955000] SCOREBOARD MATCH: wdata passthrough beat=45 expected = d80e08dbee189cc2, actual =d80e08dbee189cc2
[955000] SCOREBOARD MATCH: wdata passthrough beat=46 expected = 6d3c3d381535407, actual =6d3c3d381535407
[955000] SCOREBOARD MATCH: wdata passthrough beat=47 expected = a27acccd24a141c1, actual =a27acccd24a141c1
[955000] SCOREBOARD MATCH: wdata passthrough beat=48 expected = 92b9de83c1b9066f, actual =92b9de83c1b9066f
[955000] SCOREBOARD MATCH: wdata passthrough beat=49 expected = c30c5a77fa88d5a9, actual =c30c5a77fa88d5a9
[955000] SCOREBOARD MATCH: wdata passthrough beat=50 expected = 1f2a176a998da256, actual =1f2a176a998da256
[955000] SCOREBOARD MATCH: wdata passthrough beat=51 expected = db46a8c6e5872744, actual =db46a8c6e5872744
[955000] SCOREBOARD MATCH: wdata passthrough beat=52 expected = e00ffcedb1e3f5ed, actual =e00ffcedb1e3f5ed
[955000] SCOREBOARD MATCH: wdata passthrough beat=53 expected = cb7198441e53033d, actual =cb7198441e53033d
[955000] SCOREBOARD MATCH: wdata passthrough beat=54 expected = 83da2a81ff3a1457, actual =83da2a81ff3a1457
[955000] SCOREBOARD MATCH: wdata passthrough beat=55 expected = 311e0a4526b8410a, actual =311e0a4526b8410a
[955000] SCOREBOARD MATCH: wdata passthrough beat=56 expected = c50b4447e3ea276f, actual =c50b4447e3ea276f
[955000] SCOREBOARD MATCH: wdata passthrough beat=57 expected = e3243bc6fc8fa289, actual =e3243bc6fc8fa289
[955000] SCOREBOARD MATCH: wdata passthrough beat=58 expected = 2347e393c8e56ec8, actual =2347e393c8e56ec8
[955000] SCOREBOARD MATCH: wdata passthrough beat=59 expected = accf96379442460b, actual =accf96379442460b
[955000] SCOREBOARD MATCH: wdata passthrough beat=60 expected = 90d1e894e85327da, actual =90d1e894e85327da
[955000] SCOREBOARD MATCH: wdata passthrough beat=61 expected = b13896a20ff3d1fe, actual =b13896a20ff3d1fe
[955000] SCOREBOARD MATCH: wdata passthrough beat=62 expected = a4361809b419cc27, actual =a4361809b419cc27
[955000] SCOREBOARD MATCH: wdata passthrough beat=63 expected = 9c6cf401de082cda, actual =9c6cf401de082cda
[955000] SCOREBOARD MATCH: wdata passthrough beat=64 expected = edfbfed83508009e, actual =edfbfed83508009e
[955000] SCOREBOARD MATCH: wdata passthrough beat=65 expected = e921ccc5cda58aa4, actual =e921ccc5cda58aa4
[955000] SCOREBOARD MATCH: wdata passthrough beat=66 expected = 2badb77e923216e1, actual =2badb77e923216e1
[955000] SCOREBOARD MATCH: wdata passthrough beat=67 expected = c73a177f058ec0c7, actual =c73a177f058ec0c7
[955000] SCOREBOARD MATCH: wdata passthrough beat=68 expected = d3344b6b19a9b656, actual =d3344b6b19a9b656
[955000] SCOREBOARD MATCH: wdata passthrough beat=69 expected = abdbcd37305be445, actual =abdbcd37305be445
[955000] SCOREBOARD MATCH: wdata passthrough beat=70 expected = 35eaa50cfee202e9, actual =35eaa50cfee202e9
[955000] SCOREBOARD MATCH: wdata passthrough beat=71 expected = 188bb93ff315e4b7, actual =188bb93ff315e4b7
[955000] SCOREBOARD MATCH: wdata passthrough beat=72 expected = 2371c8fc091ef077, actual =2371c8fc091ef077
[955000] SCOREBOARD MATCH: wdata passthrough beat=73 expected = 800f360c4678676, actual =800f360c4678676
[955000] SCOREBOARD MATCH: wdata passthrough beat=74 expected = b77d6b2dd95c6e08, actual =b77d6b2dd95c6e08
[955000] SCOREBOARD MATCH: wdata passthrough beat=75 expected = e27b5e7f208cac9f, actual =e27b5e7f208cac9f
[955000] SCOREBOARD MATCH: wdata passthrough beat=76 expected = e4f43315daef3429, actual =e4f43315daef3429
[955000] SCOREBOARD MATCH: wdata passthrough beat=77 expected = b44ba231ea7c51df, actual =b44ba231ea7c51df
[955000] SCOREBOARD MATCH: wdata passthrough beat=78 expected = b08fe7e1c719e43, actual =b08fe7e1c719e43
[955000] SCOREBOARD MATCH: wdata passthrough beat=79 expected = f760d26c96c700b0, actual =f760d26c96c700b0
[955000] SCOREBOARD MATCH: wdata passthrough beat=80 expected = 8143528feffd3193, actual =8143528feffd3193
[955000] SCOREBOARD MATCH: wdata passthrough beat=81 expected = 8c6ecfd62bac749e, actual =8c6ecfd62bac749e
[955000] SCOREBOARD MATCH: wdata passthrough beat=82 expected = c273754e8c4c510d, actual =c273754e8c4c510d
[955000] SCOREBOARD MATCH: wdata passthrough beat=83 expected = fc4982a103cfa243, actual =fc4982a103cfa243
[955000] SCOREBOARD MATCH: wdata passthrough beat=84 expected = 2f7c16e1c3b6c7de, actual =2f7c16e1c3b6c7de
[955000] SCOREBOARD MATCH: wdata passthrough beat=85 expected = d00318eb88b85277, actual =d00318eb88b85277
[955000] SCOREBOARD MATCH: wdata passthrough beat=86 expected = 8c87f4baf1ef8c2f, actual =8c87f4baf1ef8c2f
[955000] SCOREBOARD MATCH: wstrb size check expected = 57, actual =57
[955000] SCOREBOARD MATCH: wstrb passthrough beat=0 expected = 8c, actual =8c
[955000] SCOREBOARD MATCH: wstrb passthrough beat=1 expected = d, actual =d
[955000] SCOREBOARD MATCH: wstrb passthrough beat=2 expected = 9b, actual =9b
[955000] SCOREBOARD MATCH: wstrb passthrough beat=3 expected = 4, actual =4
[955000] SCOREBOARD MATCH: wstrb passthrough beat=4 expected = f9, actual =f9
[955000] SCOREBOARD MATCH: wstrb passthrough beat=5 expected = cb, actual =cb
[955000] SCOREBOARD MATCH: wstrb passthrough beat=6 expected = be, actual =be
[955000] SCOREBOARD MATCH: wstrb passthrough beat=7 expected = 85, actual =85
[955000] SCOREBOARD MATCH: wstrb passthrough beat=8 expected = d8, actual =d8
[955000] SCOREBOARD MATCH: wstrb passthrough beat=9 expected = 5a, actual =5a
[955000] SCOREBOARD MATCH: wstrb passthrough beat=10 expected = 89, actual =89
[955000] SCOREBOARD MATCH: wstrb passthrough beat=11 expected = d1, actual =d1
[955000] SCOREBOARD MATCH: wstrb passthrough beat=12 expected = 25, actual =25
[955000] SCOREBOARD MATCH: wstrb passthrough beat=13 expected = 48, actual =48
[955000] SCOREBOARD MATCH: wstrb passthrough beat=14 expected = 57, actual =57
[955000] SCOREBOARD MATCH: wstrb passthrough beat=15 expected = fd, actual =fd
[955000] SCOREBOARD MATCH: wstrb passthrough beat=16 expected = a2, actual =a2
[955000] SCOREBOARD MATCH: wstrb passthrough beat=17 expected = e0, actual =e0
[955000] SCOREBOARD MATCH: wstrb passthrough beat=18 expected = cf, actual =cf
[955000] SCOREBOARD MATCH: wstrb passthrough beat=19 expected = c7, actual =c7
[955000] SCOREBOARD MATCH: wstrb passthrough beat=20 expected = 28, actual =28
[955000] SCOREBOARD MATCH: wstrb passthrough beat=21 expected = 26, actual =26
[955000] SCOREBOARD MATCH: wstrb passthrough beat=22 expected = c4, actual =c4
[955000] SCOREBOARD MATCH: wstrb passthrough beat=23 expected = ca, actual =ca
[955000] SCOREBOARD MATCH: wstrb passthrough beat=24 expected = 6, actual =6
[955000] SCOREBOARD MATCH: wstrb passthrough beat=25 expected = 93, actual =93
[955000] SCOREBOARD MATCH: wstrb passthrough beat=26 expected = 91, actual =91
[955000] SCOREBOARD MATCH: wstrb passthrough beat=27 expected = 2f, actual =2f
[955000] SCOREBOARD MATCH: wstrb passthrough beat=28 expected = b9, actual =b9
[955000] SCOREBOARD MATCH: wstrb passthrough beat=29 expected = 56, actual =56
[955000] SCOREBOARD MATCH: wstrb passthrough beat=30 expected = f9, actual =f9
[955000] SCOREBOARD MATCH: wstrb passthrough beat=31 expected = c0, actual =c0
[955000] SCOREBOARD MATCH: wstrb passthrough beat=32 expected = e9, actual =e9
[955000] SCOREBOARD MATCH: wstrb passthrough beat=33 expected = 8b, actual =8b
[955000] SCOREBOARD MATCH: wstrb passthrough beat=34 expected = ef, actual =ef
[955000] SCOREBOARD MATCH: wstrb passthrough beat=35 expected = a3, actual =a3
[955000] SCOREBOARD MATCH: wstrb passthrough beat=36 expected = e1, actual =e1
[955000] SCOREBOARD MATCH: wstrb passthrough beat=37 expected = e8, actual =e8
[955000] SCOREBOARD MATCH: wstrb passthrough beat=38 expected = 63, actual =63
[955000] SCOREBOARD MATCH: wstrb passthrough beat=39 expected = ca, actual =ca
[955000] SCOREBOARD MATCH: wstrb passthrough beat=40 expected = 73, actual =73
[955000] SCOREBOARD MATCH: wstrb passthrough beat=41 expected = 52, actual =52
[955000] SCOREBOARD MATCH: wstrb passthrough beat=42 expected = 6d, actual =6d
[955000] SCOREBOARD MATCH: wstrb passthrough beat=43 expected = 54, actual =54
[955000] SCOREBOARD MATCH: wstrb passthrough beat=44 expected = 3a, actual =3a
[955000] SCOREBOARD MATCH: wstrb passthrough beat=45 expected = d0, actual =d0
[955000] SCOREBOARD MATCH: wstrb passthrough beat=46 expected = 1f, actual =1f
[955000] SCOREBOARD MATCH: wstrb passthrough beat=47 expected = ae, actual =ae
[955000] SCOREBOARD MATCH: wstrb passthrough beat=48 expected = 22, actual =22
[955000] SCOREBOARD MATCH: wstrb passthrough beat=49 expected = 8c, actual =8c
[955000] SCOREBOARD MATCH: wstrb passthrough beat=50 expected = 2, actual =2
[955000] SCOREBOARD MATCH: wstrb passthrough beat=51 expected = 5d, actual =5d
[955000] SCOREBOARD MATCH: wstrb passthrough beat=52 expected = 5d, actual =5d
[955000] SCOREBOARD MATCH: wstrb passthrough beat=53 expected = 21, actual =21
[955000] SCOREBOARD MATCH: wstrb passthrough beat=54 expected = b, actual =b
[955000] SCOREBOARD MATCH: wstrb passthrough beat=55 expected = 7f, actual =7f
[955000] SCOREBOARD MATCH: wstrb passthrough beat=56 expected = ae, actual =ae
[955000] SCOREBOARD MATCH: wstrb passthrough beat=57 expected = d, actual =d
[955000] SCOREBOARD MATCH: wstrb passthrough beat=58 expected = dc, actual =dc
[955000] SCOREBOARD MATCH: wstrb passthrough beat=59 expected = b, actual =b
[955000] SCOREBOARD MATCH: wstrb passthrough beat=60 expected = 2f, actual =2f
[955000] SCOREBOARD MATCH: wstrb passthrough beat=61 expected = e7, actual =e7
[955000] SCOREBOARD MATCH: wstrb passthrough beat=62 expected = 8a, actual =8a
[955000] SCOREBOARD MATCH: wstrb passthrough beat=63 expected = dd, actual =dd
[955000] SCOREBOARD MATCH: wstrb passthrough beat=64 expected = f5, actual =f5
[955000] SCOREBOARD MATCH: wstrb passthrough beat=65 expected = 67, actual =67
[955000] SCOREBOARD MATCH: wstrb passthrough beat=66 expected = e8, actual =e8
[955000] SCOREBOARD MATCH: wstrb passthrough beat=67 expected = 24, actual =24
[955000] SCOREBOARD MATCH: wstrb passthrough beat=68 expected = 4e, actual =4e
[955000] SCOREBOARD MATCH: wstrb passthrough beat=69 expected = 72, actual =72
[955000] SCOREBOARD MATCH: wstrb passthrough beat=70 expected = 1, actual =1
[955000] SCOREBOARD MATCH: wstrb passthrough beat=71 expected = 43, actual =43
[955000] SCOREBOARD MATCH: wstrb passthrough beat=72 expected = d9, actual =d9
[955000] SCOREBOARD MATCH: wstrb passthrough beat=73 expected = e9, actual =e9
[955000] SCOREBOARD MATCH: wstrb passthrough beat=74 expected = 67, actual =67
[955000] SCOREBOARD MATCH: wstrb passthrough beat=75 expected = 28, actual =28
[955000] SCOREBOARD MATCH: wstrb passthrough beat=76 expected = 5b, actual =5b
[955000] SCOREBOARD MATCH: wstrb passthrough beat=77 expected = 68, actual =68
[955000] SCOREBOARD MATCH: wstrb passthrough beat=78 expected = 6b, actual =6b
[955000] SCOREBOARD MATCH: wstrb passthrough beat=79 expected = 35, actual =35
[955000] SCOREBOARD MATCH: wstrb passthrough beat=80 expected = 51, actual =51
[955000] SCOREBOARD MATCH: wstrb passthrough beat=81 expected = d3, actual =d3
[955000] SCOREBOARD MATCH: wstrb passthrough beat=82 expected = 5d, actual =5d
[955000] SCOREBOARD MATCH: wstrb passthrough beat=83 expected = ad, actual =ad
[955000] SCOREBOARD MATCH: wstrb passthrough beat=84 expected = 3b, actual =3b
[955000] SCOREBOARD MATCH: wstrb passthrough beat=85 expected = c8, actual =c8
[955000] SCOREBOARD MATCH: wstrb passthrough beat=86 expected = e2, actual =e2
[955000] SCOREBOARD MATCH: bresp passthrough expected = 0, actual =0
[955000] SCOREBOARD MATCH: response routed to correct master (write) expected = 1, actual =1
[955000] [SCOREBOARD-M] mst_id=1 s_id=0 awaddr=e5190c8 awid=1010 awlen=86 awsize=1 awburst=1 wdata=[e02b6d87e2435855 c6c6c9b7f73dd889 e52e76d2d0306edd 3273c7332d12c1a0 24509a29c559e459 158a5337f93a90ea 264d528a897f10fb ced8f555c7fe1a6a c138ab54ca9decb3 d41cfdaee463488c 2c6162f6e785fdde 3223ea91a2f5f303 87593b8fed9a0e4a d5200c288640e83f 2936db43b3ba9e85 a154accf0743f6b9 8d84def8b09016d2 e44ab558f674b8f7 fdb8afb0b6bbba3b e74bd10e859f6227 fc141b1f0b3d8ea9 c1f948e4cb968666 d135e88df9cccacf 850a5978a94519f2 f4dba058cd4a03ac c716ce7cc703a25d f048bc4fc61188e6 935b8c92cc2127f4 9324ca51e5245ca8 2b35e58eda725b0e 26938303036d86a1 e891e349be917220 1903cd2fb9b84d54 bd25d3f513c7c8d7 d2593af73f975032 f94f9d86a5b7b73e b97f8015eb5d0826 aaf458583675717c dc2d28ba0bd8bb0d f735c3332443f5df dab9675b15aca8d0 218563dd222a1b8c c66e116bb6e69015 cc9338e598bb2710 bae5429c212778c6 d80e08dbee189cc2 6d3c3d381535407 a27acccd24a141c1 92b9de83c1b9066f c30c5a77fa88d5a9 1f2a176a998da256 db46a8c6e5872744 e00ffcedb1e3f5ed cb7198441e53033d 83da2a81ff3a1457 311e0a4526b8410a c50b4447e3ea276f e3243bc6fc8fa289 2347e393c8e56ec8 accf96379442460b 90d1e894e85327da b13896a20ff3d1fe a4361809b419cc27 9c6cf401de082cda edfbfed83508009e e921ccc5cda58aa4 2badb77e923216e1 c73a177f058ec0c7 d3344b6b19a9b656 abdbcd37305be445 35eaa50cfee202e9 188bb93ff315e4b7 2371c8fc091ef077 800f360c4678676 b77d6b2dd95c6e08 e27b5e7f208cac9f e4f43315daef3429 b44ba231ea7c51df b08fe7e1c719e43 f760d26c96c700b0 8143528feffd3193 8c6ecfd62bac749e c273754e8c4c510d fc4982a103cfa243 2f7c16e1c3b6c7de d00318eb88b85277 8c87f4baf1ef8c2f ] wstrb=[8c d 9b 4 f9 cb be 85 d8 5a 89 d1 25 48 57 fd a2 e0 cf c7 28 26 c4 ca 6 93 91 2f b9 56 f9 c0 e9 8b ef a3 e1 e8 63 ca 73 52 6d 54 3a d0 1f ae 22 8c 2 5d 5d 21 b 7f ae d dc b 2f e7 8a dd f5 67 e8 24 4e 72 1 43 d9 e9 67 28 5b 68 6b 35 51 d3 5d ad 3b c8 e2 ] bresp=0 bid=1010
[955000] [SCOREBOARD-S] mst_id=1 s_id=0 awaddr=e5190c8 awid=1010 awlen=86 awsize=1 awburst=1 wdata=[e02b6d87e2435855 c6c6c9b7f73dd889 e52e76d2d0306edd 3273c7332d12c1a0 24509a29c559e459 158a5337f93a90ea 264d528a897f10fb ced8f555c7fe1a6a c138ab54ca9decb3 d41cfdaee463488c 2c6162f6e785fdde 3223ea91a2f5f303 87593b8fed9a0e4a d5200c288640e83f 2936db43b3ba9e85 a154accf0743f6b9 8d84def8b09016d2 e44ab558f674b8f7 fdb8afb0b6bbba3b e74bd10e859f6227 fc141b1f0b3d8ea9 c1f948e4cb968666 d135e88df9cccacf 850a5978a94519f2 f4dba058cd4a03ac c716ce7cc703a25d f048bc4fc61188e6 935b8c92cc2127f4 9324ca51e5245ca8 2b35e58eda725b0e 26938303036d86a1 e891e349be917220 1903cd2fb9b84d54 bd25d3f513c7c8d7 d2593af73f975032 f94f9d86a5b7b73e b97f8015eb5d0826 aaf458583675717c dc2d28ba0bd8bb0d f735c3332443f5df dab9675b15aca8d0 218563dd222a1b8c c66e116bb6e69015 cc9338e598bb2710 bae5429c212778c6 d80e08dbee189cc2 6d3c3d381535407 a27acccd24a141c1 92b9de83c1b9066f c30c5a77fa88d5a9 1f2a176a998da256 db46a8c6e5872744 e00ffcedb1e3f5ed cb7198441e53033d 83da2a81ff3a1457 311e0a4526b8410a c50b4447e3ea276f e3243bc6fc8fa289 2347e393c8e56ec8 accf96379442460b 90d1e894e85327da b13896a20ff3d1fe a4361809b419cc27 9c6cf401de082cda edfbfed83508009e e921ccc5cda58aa4 2badb77e923216e1 c73a177f058ec0c7 d3344b6b19a9b656 abdbcd37305be445 35eaa50cfee202e9 188bb93ff315e4b7 2371c8fc091ef077 800f360c4678676 b77d6b2dd95c6e08 e27b5e7f208cac9f e4f43315daef3429 b44ba231ea7c51df b08fe7e1c719e43 f760d26c96c700b0 8143528feffd3193 8c6ecfd62bac749e c273754e8c4c510d fc4982a103cfa243 2f7c16e1c3b6c7de d00318eb88b85277 8c87f4baf1ef8c2f ] wstrb=[8c d 9b 4 f9 cb be 85 d8 5a 89 d1 25 48 57 fd a2 e0 cf c7 28 26 c4 ca 6 93 91 2f b9 56 f9 c0 e9 8b ef a3 e1 e8 63 ca 73 52 6d 54 3a d0 1f ae 22 8c 2 5d 5d 21 b 7f ae d dc b 2f e7 8a dd f5 67 e8 24 4e 72 1 43 d9 e9 67 28 5b 68 6b 35 51 d3 5d ad 3b c8 e2 ] bresp=0 bid=11010
[955000] SCOREBOARD: Transaction 3 received. pass=212 fail=0
[955000] ALL PASS. Total transactions: 3
[965000] SLAVE 1 R_VALID_RDY Handshake beat=1 rlast=1
[965000] [SLAVE MONITOR] READ mst_id=1 s_id=1 araddr=1120bba8 arid=1 arlen=1 arsize=3 arburst=1 rid=[1111] rresp=[00] rdata=[baadf00d12345678baadf00d12345678]
[975000] AXI S0_ARVALID_RDY HANDSHAKE
[975000] MEMORY READ MISS beat=0 addr=1fc9a1f8 -> default data id=18
[975000] ARB MONITOR: slave=1 m0_req=0 m1_req=1 winner=1
[975000] MASTER 1 R_VALID_RDY Handshake beat=0 rlast=0
[985000] [MASTER DRIVER] READ mst_id=1 s_id=0 araddr=1120bba8 arid=1 arlen=1 arsize=3 arburst=1 rid=[11] rresp=[00] rdata=[baadf00d12345678baadf00d12345678]
[985000] MASTER 1 R_VALID_RDY Handshake beat=1 rlast=1
[985000] [MASTER MONITOR] READ mst_id=1 s_id=1 araddr=1120bba8 arid=1 arlen=1 arsize=3 arburst=1 rid=[11] rresp=[00] rdata=[baadf00d12345678baadf00d12345678]
[985000] SLAVE 1 R_VALID_RDY Handshake beat=0 rlast=0
[985000] MEMORY READ MISS beat=1 addr=1fc9a200 -> default data id=18
[985000] SCOREBOARD MATCH: decode_err expected = 0, actual =0
[985000] SCOREBOARD MATCH: slave_id expected = 1, actual =1
[985000] SCOREBOARD MATCH: araddr passthrough expected = 1120bba8, actual =1120bba8
[985000] SCOREBOARD MATCH: arlen passthrough expected = 1, actual =1
[985000] SCOREBOARD MATCH: arsize passthrough expected = 3, actual =3
[985000] SCOREBOARD MATCH: arburst passthrough expected = 1, actual =1
[985000] SCOREBOARD MATCH: rdata size check expected = 2, actual =2
[985000] SCOREBOARD MATCH: rdata passthrough beat=0 expected = baadf00d12345678, actual =baadf00d12345678
[985000] SCOREBOARD MATCH: rdata passthrough beat=1 expected = baadf00d12345678, actual =baadf00d12345678
[985000] SCOREBOARD MATCH: rresp size check expected = 2, actual =2
[985000] SCOREBOARD MATCH: rresp passthrough beat=0 expected = 0, actual =0
[985000] SCOREBOARD MATCH: rresp passthrough beat=1 expected = 0, actual =0
[985000] SCOREBOARD MATCH: response routed to correct master (read beat 0) expected = 1, actual =1
[985000] SCOREBOARD MATCH: response routed to correct master (read beat 1) expected = 1, actual =1
[985000] [SCOREBOARD-M] READ mst_id=1 s_id=1 araddr=1120bba8 arid=1 arlen=1 arsize=3 arburst=1 rid=[11] rresp=[00] rdata=[baadf00d12345678baadf00d12345678]
[985000] [SCOREBOARD-S] READ mst_id=1 s_id=1 araddr=1120bba8 arid=1 arlen=1 arsize=3 arburst=1 rid=[1111] rresp=[00] rdata=[baadf00d12345678baadf00d12345678]
[985000] SCOREBOARD: Transaction 4 received. pass=226 fail=0
[985000] ALL PASS. Total transactions: 4
[995000] SLAVE 1 R_VALID_RDY Handshake beat=1 rlast=1
[995000] [SLAVE MONITOR] READ mst_id=1 s_id=1 araddr=1fc9a1f8 arid=2 arlen=1 arsize=3 arburst=1 rid=[1212] rresp=[00] rdata=[baadf00d12345678baadf00d12345678]
[1005000] MASTER 1 R_VALID_RDY Handshake beat=0 rlast=0
[1015000] MASTER 1 R_VALID_RDY Handshake beat=1 rlast=1
[1015000] [MASTER MONITOR] READ mst_id=1 s_id=1 araddr=1fc9a1f8 arid=2 arlen=1 arsize=3 arburst=1 rid=[22] rresp=[00] rdata=[baadf00d12345678baadf00d12345678]
[1015000] [MASTER DRIVER] READ mst_id=1 s_id=0 araddr=1fc9a1f8 arid=2 arlen=1 arsize=3 arburst=1 rid=[22] rresp=[00] rdata=[baadf00d12345678baadf00d12345678]
[1015000] SCOREBOARD MATCH: decode_err expected = 0, actual =0
[1015000] SCOREBOARD MATCH: slave_id expected = 1, actual =1
[1015000] SCOREBOARD MATCH: araddr passthrough expected = 1fc9a1f8, actual =1fc9a1f8
[1015000] SCOREBOARD MATCH: arlen passthrough expected = 1, actual =1
[1015000] SCOREBOARD MATCH: arsize passthrough expected = 3, actual =3
[1015000] SCOREBOARD MATCH: arburst passthrough expected = 1, actual =1
[1015000] SCOREBOARD MATCH: rdata size check expected = 2, actual =2
[1015000] SCOREBOARD MATCH: rdata passthrough beat=0 expected = baadf00d12345678, actual =baadf00d12345678
[1015000] SCOREBOARD MATCH: rdata passthrough beat=1 expected = baadf00d12345678, actual =baadf00d12345678
[1015000] SCOREBOARD MATCH: rresp size check expected = 2, actual =2
[1015000] SCOREBOARD MATCH: rresp passthrough beat=0 expected = 0, actual =0
[1015000] SCOREBOARD MATCH: rresp passthrough beat=1 expected = 0, actual =0
[1015000] SCOREBOARD MATCH: response routed to correct master (read beat 0) expected = 1, actual =1
[1015000] SCOREBOARD MATCH: response routed to correct master (read beat 1) expected = 1, actual =1
[1015000] [SCOREBOARD-M] READ mst_id=1 s_id=1 araddr=1fc9a1f8 arid=2 arlen=1 arsize=3 arburst=1 rid=[22] rresp=[00] rdata=[baadf00d12345678baadf00d12345678]
[1015000] [SCOREBOARD-S] READ mst_id=1 s_id=1 araddr=1fc9a1f8 arid=2 arlen=1 arsize=3 arburst=1 rid=[1212] rresp=[00] rdata=[baadf00d12345678baadf00d12345678]
[1015000] SCOREBOARD: Transaction 5 received. pass=240 fail=0
[1015000] SCOREBOARD: Expected 5 transactions completed, PASS=240 FAIL=0
[1015000] ALL PASS. Total transactions: 5
[1015000] ALL TRANSACTIONS MONITORED
$finish called at time : 1035 ns : File "/home/nashita/Desktop/practice/axi_xbar/tb/top/axi_tb_top.sv" Line 220
exit
INFO: xsimkernel Simulation Memory Usage: 289464 KB (Peak: 337864 KB), Simulation CPU Usage: 1190 ms
INFO: [Common 17-206] Exiting xsim at Thu Sep 10 18:28:20 2026...
