#-----------------------------------------------------------
# xsim v2025.2 (64-bit)
# SW Build 6299465 on Fri Nov 14 12:34:56 MST 2025
# IP Build 6300035 on Fri Nov 14 10:48:45 MST 2025
# SharedData Build 6298862 on Thu Nov 13 04:50:51 MST 2025
# Start of session at: Fri Sep 11 11:33:15 2026
# Process ID         : 675639
# Current directory  : /home/nashita/Desktop/practice/axi_xbar/sim
# Command line       : xsim -log regress_results/BT_run149.log -mode tcl -source {xsim.dir/tb_top_snap/xsim_script.tcl}
# Log file           : /home/nashita/Desktop/practice/axi_xbar/sim/regress_results/BT_run149.log
# Journal file       : /home/nashita/Desktop/practice/axi_xbar/sim/xsim.jou
# Running On         : vlsi-vivado
# Platform           : Ubuntu
# Operating System   : Ubuntu 24.04.4 LTS
# Processor Detail   : Intel(R) Core(TM) i5-10400 CPU @ 2.90GHz
# CPU Frequency      : 4000.001 MHz
# CPU Physical cores : 6
# CPU Logical cores  : 12
# Host memory        : 41875 MB
# Swap memory        : 27648 MB
# Total Virtual      : 69524 MB
# Available Virtual  : 63138 MB
#-----------------------------------------------------------
source xsim.dir/tb_top_snap/xsim_script.tcl
# xsim {tb_top_snap} -testplusarg BT -autoloadwcfg -runall -sv_seed 150
Time resolution is 1 ps
run -all
[0] RUNNING BASE TEST
[0] INSIDE THE BASE TEST CONSTRUCTOR
[0] ENV: before agent
[0] SLAVE CONSTRUCTED
[0] MASTER MONITOR CONSTRUCTED
[0] MASTER MONITOR CONSTRUCTED
[0] SLAVE MONITOR CONSTRUCTED
[0] SLAVE MONITOR CONSTRUCTED
[0] ARB MONITOR CONSTRUCTED
GENERATOR CONSTRUCTED
[0] ENV: after agent
[0] ENV: before scoreboard
[0] ENV: after scoreboard
[15000] [SEQUENCER] mst_id=0 s_id=0 awaddr=1b7efc58 awid=11 awlen=135 awsize=2 awburst=1 wdata=[db0fdab6baa59b32 ea6ec4f3069d0674 891002fbb9e626d4 f48bc207a46c1eab ab09251fe41fddb2 9e060486defa86fa 366a5a63419281b 183905cd9291c68d f18c4d88ae6fcac5 e288f2e0b63f0a53 c8d0d0e1f4f2f32e a362bdf3fac1f8ad 310103013a5d1e69 2f50119705ebb0d4 80ada981f9d1d3e2 342ef24bd2b2cf8a d89e805eb1aeac82 ab808064e37f03e2 b631d36cd94c29e0 8afad662dfaf72af c32e76910ed053cb e81c7dab367b56c7 962ac976f96049fe 8309dc9f317540d a992aad4d9594008 d2b98a06f04d1b74 e3646f813fbd744b 1916b453daea27cf cb3743430cf71a56 ccb48ea1ebd03e59 c6ba6628ae9bb2c4 bb92cd1ae5cb42f4 d19b814d11f1a96b c08d5c2f88475bbb ee129eaf1855e775 2a4790e0fc20294a 84678505bfae1ffc d8040771ead4ed0f e6f51659f27a23b5 b22843b1824b9851 ed208561eb5c9b5f ddd6bf140a2c4b23 8c77e374d4159bba bf7237198fff02c5 9a2b4de8f99868d5 cdae04909d48f62d 2d47f8f326a3315d a03b9a328d203ba9 2a6931d7c77346db ee167838ede99ec2 fb09da6cd7b12aca 9f2471a50e52126b fc3bb12d25730c43 fd24370d0d3ae9de 1b8cfc49f7458b99 9cb897dc9c48a8b2 a983929097c8ad76 f0e391099dccee9 3625779cc5108ed9 dcd93c50abc6d0ec c5a39fd6dfa90a2c 24b99906ebe77560 97ae464cfbc91772 db72219e0192d556 ed7a4ab6dd51e622 d91afd94802bbaa4 81be8ffa85289102 e27a7725348d1f33 b4b8d9d7ef38dab0 f4616bb3bb9574b9 f02293ec367769d2 a5b04482d6dbe2d8 9271579124db6dc4 db52d7969a11b035 f0ed930d0293eb7e 276f594281031c18 1b14cc4e035eea9f 5f2d61d02c230d8 83c54cf08c025f5b 8f6149fa2d622f5f 302460379eda193e 2adc789a95542017 c2b64f76b3e9ad27 d2c3c666ba3dc294 cf91e2acf2daafad 26c45cd5fda03f00 b7de019492483222 522e1d0f988233b f728623b876fe440 19b816632be73ea5 256f61e0af0663cf 367648101edaf833 cac236d81c97c41b cb9e27ead02e5e73 ef0956a6f03198b8 cc95cd382146ffa d242ce6d39cb8d7e 29fd2636d86784bd da7bf4b8c14c2513 fb17b29136c68309 8f2e07c6acbec325 ee0ae839a514d8c7 dbdb5bd0e9a9fc7e 1668bfa4e9229aca e377392eb096397 d4b360150473a7dd ed9642a7ea12cf62 d51c32f9eb1c1fb9 ef8fc796fbcdb639 e5e0859c29cf930f 94ebb2c8dd260a3e d8f3c077bafcb895 e4cc4ba4047b7a5f e1a1849dbed44613 f9d0fea9f9b7fe6d fe3378ccba954514 f9698b28de9d4a4d d85548badfd4fd69 9a6a427df33a89d1 d1d7d41ed688c186 b65dbeef93d3cda5 870e57762a2d1cd9 80b5de5fd0c8016d e49bcf12d8e62b95 313486e37139d4f 7db9ebcebaa2689 c490521e83c926cd badcc41cec776dce d8219457c7a39a8c cb6cc159c2b862d8 2f2fd0a79cb1e675 e455810106498576 c901e84e875164fe 24034b742fc2425b 360bc7d1f831b8f5 ff831df48858cc75 ] wstrb=[1f d0 68 15 a1 dd 9 c1 ae 71 d6 4f 4e df 10 fc 50 e6 4c 9e c5 5c 9b 15 43 e7 b4 8 43 4f 1e 86 36 d2 8f 79 21 ad 0 57 7f 8f d0 a0 3c d0 f7 bb 5f c7 5b 9b 98 52 56 f7 19 b1 93 b1 3 e9 a9 1d 9b 3c ce 9e 25 77 bb c0 b3 8a 5f d9 1 1a 99 b5 a4 f8 8e a6 13 27 5b b7 20 e9 5d 33 10 b8 ea 30 a1 48 63 b2 0 4e e2 a2 96 46 54 96 94 36 38 2a 7c 8c c0 10 c3 f9 3a 3f 85 fb 50 48 f4 8a 88 79 85 d8 c2 79 62 4a f3 e8 ] bresp=0 bid=0
[15000] [SEQUENCER] READ mst_id=0 s_id=0 araddr=19bfb718 arid=1 arlen=1 arsize=3 arburst=1 rid=[] rresp=[] rdata=[]
[15000] [SEQUENCER] READ mst_id=1 s_id=0 araddr=10be9710 arid=0 arlen=1 arsize=3 arburst=1 rid=[] rresp=[] rdata=[]
[15000] [SEQUENCER] READ mst_id=0 s_id=0 araddr=d82c288 arid=2 arlen=1 arsize=3 arburst=1 rid=[] rresp=[] rdata=[]
[15000] [SEQUENCER] READ mst_id=0 s_id=0 araddr=cfc68f8 arid=3 arlen=1 arsize=3 arburst=1 rid=[] rresp=[] rdata=[]
[15000] MASTER_DRIVER0 received transaction, op=AXI_WRITE
[15000] MASTER_DRIVER1 received transaction, op=AXI_READ
[35000] MASTER 0 AW_VALID_RDY Handshake
[45000] ARB MONITOR: slave=1 m0_req=1 m1_req=0 winner=0
[45000] ARB MONITOR: slave=1 m0_req=0 m1_req=1 winner=1
[45000] AXI S0_ARVALID_RDY HANDSHAKE
[45000] MEMORY READ MISS beat=0 addr=10be9710 -> default data id=16
[45000] AXI S1_AWVALID_RDY HANDSHAKE
[55000] MEMORY READ MISS beat=1 addr=10be9718 -> default data id=16
[55000] SLAVE 1 R_VALID_RDY Handshake beat=0 rlast=0
[55000] MASTER 0 W_VALID_RDY Handshake beat=0 wlast=0
[65000] MASTER 0 W_VALID_RDY Handshake beat=1 wlast=0
[65000] SLAVE 1 R_VALID_RDY Handshake beat=1 rlast=1
[65000] [SLAVE MONITOR] READ mst_id=1 s_id=1 araddr=10be9710 arid=0 arlen=1 arsize=3 arburst=1 rid=[1010] rresp=[00] rdata=[baadf00d12345678baadf00d12345678]
[65000] S1 MEMORY WRITE beat=0 addr=1b7efc58 data=db0fdab6baa59b32 id=03
[75000] S1 MEMORY WRITE beat=1 addr=1b7efc5c data=ea6ec4f3069d0674 id=03
[75000] MASTER 1 R_VALID_RDY Handshake beat=0 rlast=0
[75000] MASTER 0 W_VALID_RDY Handshake beat=2 wlast=0
[85000] [MASTER DRIVER] READ mst_id=1 s_id=0 araddr=10be9710 arid=0 arlen=1 arsize=3 arburst=1 rid=[00] rresp=[00] rdata=[baadf00d12345678baadf00d12345678]
[85000] MASTER 0 W_VALID_RDY Handshake beat=3 wlast=0
[85000] MASTER 1 R_VALID_RDY Handshake beat=1 rlast=1
[85000] [MASTER MONITOR] READ mst_id=1 s_id=1 araddr=10be9710 arid=0 arlen=1 arsize=3 arburst=1 rid=[00] rresp=[00] rdata=[baadf00d12345678baadf00d12345678]
[85000] S1 MEMORY WRITE beat=2 addr=1b7efc60 data=891002fbb9e626d4 id=03
[85000] SCOREBOARD MATCH: decode_err expected = 0, actual =0
[85000] SCOREBOARD MATCH: slave_id expected = 1, actual =1
[85000] SCOREBOARD MATCH: araddr passthrough expected = 10be9710, actual =10be9710
[85000] SCOREBOARD MATCH: arlen passthrough expected = 1, actual =1
[85000] SCOREBOARD MATCH: arsize passthrough expected = 3, actual =3
[85000] SCOREBOARD MATCH: arburst passthrough expected = 1, actual =1
[85000] SCOREBOARD MATCH: rdata size check expected = 2, actual =2
[85000] SCOREBOARD MATCH: rdata passthrough beat=0 expected = baadf00d12345678, actual =baadf00d12345678
[85000] SCOREBOARD MATCH: rdata passthrough beat=1 expected = baadf00d12345678, actual =baadf00d12345678
[85000] SCOREBOARD MATCH: rresp size check expected = 2, actual =2
[85000] SCOREBOARD MATCH: rresp passthrough beat=0 expected = 0, actual =0
[85000] SCOREBOARD MATCH: rresp passthrough beat=1 expected = 0, actual =0
[85000] SCOREBOARD MATCH: response routed to correct master (read beat 0) expected = 1, actual =1
[85000] SCOREBOARD MATCH: response routed to correct master (read beat 1) expected = 1, actual =1
[85000] [SCOREBOARD-M] READ mst_id=1 s_id=1 araddr=10be9710 arid=0 arlen=1 arsize=3 arburst=1 rid=[00] rresp=[00] rdata=[baadf00d12345678baadf00d12345678]
[85000] [SCOREBOARD-S] READ mst_id=1 s_id=1 araddr=10be9710 arid=0 arlen=1 arsize=3 arburst=1 rid=[1010] rresp=[00] rdata=[baadf00d12345678baadf00d12345678]
[85000] SCOREBOARD: Transaction 1 received. pass=14 fail=0
[85000] ALL PASS. Total transactions: 1
[95000] S1 MEMORY WRITE beat=3 addr=1b7efc64 data=f48bc207a46c1eab id=03
[95000] MASTER 0 W_VALID_RDY Handshake beat=4 wlast=0
[105000] MASTER 0 W_VALID_RDY Handshake beat=5 wlast=0
[105000] S1 MEMORY WRITE beat=4 addr=1b7efc68 data=ab09251fe41fddb2 id=03
[115000] S1 MEMORY WRITE beat=5 addr=1b7efc6c data=9e060486defa86fa id=03
[115000] MASTER 0 W_VALID_RDY Handshake beat=6 wlast=0
[125000] MASTER 0 W_VALID_RDY Handshake beat=7 wlast=0
[125000] S1 MEMORY WRITE beat=6 addr=1b7efc70 data=0366a5a63419281b id=03
[135000] S1 MEMORY WRITE beat=7 addr=1b7efc74 data=183905cd9291c68d id=03
[135000] MASTER 0 W_VALID_RDY Handshake beat=8 wlast=0
[145000] MASTER 0 W_VALID_RDY Handshake beat=9 wlast=0
[145000] S1 MEMORY WRITE beat=8 addr=1b7efc78 data=f18c4d88ae6fcac5 id=03
[155000] S1 MEMORY WRITE beat=9 addr=1b7efc7c data=e288f2e0b63f0a53 id=03
[155000] MASTER 0 W_VALID_RDY Handshake beat=10 wlast=0
[165000] MASTER 0 W_VALID_RDY Handshake beat=11 wlast=0
[165000] S1 MEMORY WRITE beat=10 addr=1b7efc80 data=c8d0d0e1f4f2f32e id=03
[175000] S1 MEMORY WRITE beat=11 addr=1b7efc84 data=a362bdf3fac1f8ad id=03
[175000] MASTER 0 W_VALID_RDY Handshake beat=12 wlast=0
[185000] MASTER 0 W_VALID_RDY Handshake beat=13 wlast=0
[185000] S1 MEMORY WRITE beat=12 addr=1b7efc88 data=310103013a5d1e69 id=03
[195000] S1 MEMORY WRITE beat=13 addr=1b7efc8c data=2f50119705ebb0d4 id=03
[195000] MASTER 0 W_VALID_RDY Handshake beat=14 wlast=0
[205000] MASTER 0 W_VALID_RDY Handshake beat=15 wlast=0
[205000] S1 MEMORY WRITE beat=14 addr=1b7efc90 data=80ada981f9d1d3e2 id=03
[215000] S1 MEMORY WRITE beat=15 addr=1b7efc94 data=342ef24bd2b2cf8a id=03
[215000] MASTER 0 W_VALID_RDY Handshake beat=16 wlast=0
[225000] MASTER 0 W_VALID_RDY Handshake beat=17 wlast=0
[225000] S1 MEMORY WRITE beat=16 addr=1b7efc98 data=d89e805eb1aeac82 id=03
[235000] S1 MEMORY WRITE beat=17 addr=1b7efc9c data=ab808064e37f03e2 id=03
[235000] MASTER 0 W_VALID_RDY Handshake beat=18 wlast=0
[245000] MASTER 0 W_VALID_RDY Handshake beat=19 wlast=0
[245000] S1 MEMORY WRITE beat=18 addr=1b7efca0 data=b631d36cd94c29e0 id=03
[255000] S1 MEMORY WRITE beat=19 addr=1b7efca4 data=8afad662dfaf72af id=03
[255000] MASTER 0 W_VALID_RDY Handshake beat=20 wlast=0
[265000] MASTER 0 W_VALID_RDY Handshake beat=21 wlast=0
[265000] S1 MEMORY WRITE beat=20 addr=1b7efca8 data=c32e76910ed053cb id=03
[275000] S1 MEMORY WRITE beat=21 addr=1b7efcac data=e81c7dab367b56c7 id=03
[275000] MASTER 0 W_VALID_RDY Handshake beat=22 wlast=0
[285000] MASTER 0 W_VALID_RDY Handshake beat=23 wlast=0
[285000] S1 MEMORY WRITE beat=22 addr=1b7efcb0 data=962ac976f96049fe id=03
[295000] S1 MEMORY WRITE beat=23 addr=1b7efcb4 data=08309dc9f317540d id=03
[295000] MASTER 0 W_VALID_RDY Handshake beat=24 wlast=0
[305000] MASTER 0 W_VALID_RDY Handshake beat=25 wlast=0
[305000] S1 MEMORY WRITE beat=24 addr=1b7efcb8 data=a992aad4d9594008 id=03
[315000] S1 MEMORY WRITE beat=25 addr=1b7efcbc data=d2b98a06f04d1b74 id=03
[315000] MASTER 0 W_VALID_RDY Handshake beat=26 wlast=0
[325000] MASTER 0 W_VALID_RDY Handshake beat=27 wlast=0
[325000] S1 MEMORY WRITE beat=26 addr=1b7efcc0 data=e3646f813fbd744b id=03
[335000] S1 MEMORY WRITE beat=27 addr=1b7efcc4 data=1916b453daea27cf id=03
[335000] MASTER 0 W_VALID_RDY Handshake beat=28 wlast=0
[345000] MASTER 0 W_VALID_RDY Handshake beat=29 wlast=0
[345000] S1 MEMORY WRITE beat=28 addr=1b7efcc8 data=cb3743430cf71a56 id=03
[355000] S1 MEMORY WRITE beat=29 addr=1b7efccc data=ccb48ea1ebd03e59 id=03
[355000] MASTER 0 W_VALID_RDY Handshake beat=30 wlast=0
[365000] MASTER 0 W_VALID_RDY Handshake beat=31 wlast=0
[365000] S1 MEMORY WRITE beat=30 addr=1b7efcd0 data=c6ba6628ae9bb2c4 id=03
[375000] S1 MEMORY WRITE beat=31 addr=1b7efcd4 data=bb92cd1ae5cb42f4 id=03
[375000] MASTER 0 W_VALID_RDY Handshake beat=32 wlast=0
[385000] MASTER 0 W_VALID_RDY Handshake beat=33 wlast=0
[385000] S1 MEMORY WRITE beat=32 addr=1b7efcd8 data=d19b814d11f1a96b id=03
[395000] S1 MEMORY WRITE beat=33 addr=1b7efcdc data=c08d5c2f88475bbb id=03
[395000] MASTER 0 W_VALID_RDY Handshake beat=34 wlast=0
[405000] MASTER 0 W_VALID_RDY Handshake beat=35 wlast=0
[405000] S1 MEMORY WRITE beat=34 addr=1b7efce0 data=ee129eaf1855e775 id=03
[415000] S1 MEMORY WRITE beat=35 addr=1b7efce4 data=2a4790e0fc20294a id=03
[415000] MASTER 0 W_VALID_RDY Handshake beat=36 wlast=0
[425000] MASTER 0 W_VALID_RDY Handshake beat=37 wlast=0
[425000] S1 MEMORY WRITE beat=36 addr=1b7efce8 data=84678505bfae1ffc id=03
[435000] S1 MEMORY WRITE beat=37 addr=1b7efcec data=d8040771ead4ed0f id=03
[435000] MASTER 0 W_VALID_RDY Handshake beat=38 wlast=0
[445000] MASTER 0 W_VALID_RDY Handshake beat=39 wlast=0
[445000] S1 MEMORY WRITE beat=38 addr=1b7efcf0 data=e6f51659f27a23b5 id=03
[455000] S1 MEMORY WRITE beat=39 addr=1b7efcf4 data=b22843b1824b9851 id=03
[455000] MASTER 0 W_VALID_RDY Handshake beat=40 wlast=0
[465000] MASTER 0 W_VALID_RDY Handshake beat=41 wlast=0
[465000] S1 MEMORY WRITE beat=40 addr=1b7efcf8 data=ed208561eb5c9b5f id=03
[475000] S1 MEMORY WRITE beat=41 addr=1b7efcfc data=ddd6bf140a2c4b23 id=03
[475000] MASTER 0 W_VALID_RDY Handshake beat=42 wlast=0
[485000] MASTER 0 W_VALID_RDY Handshake beat=43 wlast=0
[485000] S1 MEMORY WRITE beat=42 addr=1b7efd00 data=8c77e374d4159bba id=03
[495000] S1 MEMORY WRITE beat=43 addr=1b7efd04 data=bf7237198fff02c5 id=03
[495000] MASTER 0 W_VALID_RDY Handshake beat=44 wlast=0
[505000] MASTER 0 W_VALID_RDY Handshake beat=45 wlast=0
[505000] S1 MEMORY WRITE beat=44 addr=1b7efd08 data=9a2b4de8f99868d5 id=03
[515000] S1 MEMORY WRITE beat=45 addr=1b7efd0c data=cdae04909d48f62d id=03
[515000] MASTER 0 W_VALID_RDY Handshake beat=46 wlast=0
[525000] MASTER 0 W_VALID_RDY Handshake beat=47 wlast=0
[525000] S1 MEMORY WRITE beat=46 addr=1b7efd10 data=2d47f8f326a3315d id=03
[535000] S1 MEMORY WRITE beat=47 addr=1b7efd14 data=a03b9a328d203ba9 id=03
[535000] MASTER 0 W_VALID_RDY Handshake beat=48 wlast=0
[545000] MASTER 0 W_VALID_RDY Handshake beat=49 wlast=0
[545000] S1 MEMORY WRITE beat=48 addr=1b7efd18 data=2a6931d7c77346db id=03
[555000] S1 MEMORY WRITE beat=49 addr=1b7efd1c data=ee167838ede99ec2 id=03
[555000] MASTER 0 W_VALID_RDY Handshake beat=50 wlast=0
[565000] MASTER 0 W_VALID_RDY Handshake beat=51 wlast=0
[565000] S1 MEMORY WRITE beat=50 addr=1b7efd20 data=fb09da6cd7b12aca id=03
[575000] S1 MEMORY WRITE beat=51 addr=1b7efd24 data=9f2471a50e52126b id=03
[575000] MASTER 0 W_VALID_RDY Handshake beat=52 wlast=0
[585000] MASTER 0 W_VALID_RDY Handshake beat=53 wlast=0
[585000] S1 MEMORY WRITE beat=52 addr=1b7efd28 data=fc3bb12d25730c43 id=03
[595000] S1 MEMORY WRITE beat=53 addr=1b7efd2c data=fd24370d0d3ae9de id=03
[595000] MASTER 0 W_VALID_RDY Handshake beat=54 wlast=0
[605000] MASTER 0 W_VALID_RDY Handshake beat=55 wlast=0
[605000] S1 MEMORY WRITE beat=54 addr=1b7efd30 data=1b8cfc49f7458b99 id=03
[615000] S1 MEMORY WRITE beat=55 addr=1b7efd34 data=9cb897dc9c48a8b2 id=03
[615000] MASTER 0 W_VALID_RDY Handshake beat=56 wlast=0
[625000] MASTER 0 W_VALID_RDY Handshake beat=57 wlast=0
[625000] S1 MEMORY WRITE beat=56 addr=1b7efd38 data=a983929097c8ad76 id=03
[635000] S1 MEMORY WRITE beat=57 addr=1b7efd3c data=0f0e391099dccee9 id=03
[635000] MASTER 0 W_VALID_RDY Handshake beat=58 wlast=0
[645000] MASTER 0 W_VALID_RDY Handshake beat=59 wlast=0
[645000] S1 MEMORY WRITE beat=58 addr=1b7efd40 data=3625779cc5108ed9 id=03
[655000] S1 MEMORY WRITE beat=59 addr=1b7efd44 data=dcd93c50abc6d0ec id=03
[655000] MASTER 0 W_VALID_RDY Handshake beat=60 wlast=0
[665000] MASTER 0 W_VALID_RDY Handshake beat=61 wlast=0
[665000] S1 MEMORY WRITE beat=60 addr=1b7efd48 data=c5a39fd6dfa90a2c id=03
[675000] S1 MEMORY WRITE beat=61 addr=1b7efd4c data=24b99906ebe77560 id=03
[675000] MASTER 0 W_VALID_RDY Handshake beat=62 wlast=0
[685000] MASTER 0 W_VALID_RDY Handshake beat=63 wlast=0
[685000] S1 MEMORY WRITE beat=62 addr=1b7efd50 data=97ae464cfbc91772 id=03
[695000] S1 MEMORY WRITE beat=63 addr=1b7efd54 data=db72219e0192d556 id=03
[695000] MASTER 0 W_VALID_RDY Handshake beat=64 wlast=0
[705000] MASTER 0 W_VALID_RDY Handshake beat=65 wlast=0
[705000] S1 MEMORY WRITE beat=64 addr=1b7efd58 data=ed7a4ab6dd51e622 id=03
[715000] S1 MEMORY WRITE beat=65 addr=1b7efd5c data=d91afd94802bbaa4 id=03
[715000] MASTER 0 W_VALID_RDY Handshake beat=66 wlast=0
[725000] MASTER 0 W_VALID_RDY Handshake beat=67 wlast=0
[725000] S1 MEMORY WRITE beat=66 addr=1b7efd60 data=81be8ffa85289102 id=03
[735000] S1 MEMORY WRITE beat=67 addr=1b7efd64 data=e27a7725348d1f33 id=03
[735000] MASTER 0 W_VALID_RDY Handshake beat=68 wlast=0
[745000] MASTER 0 W_VALID_RDY Handshake beat=69 wlast=0
[745000] S1 MEMORY WRITE beat=68 addr=1b7efd68 data=b4b8d9d7ef38dab0 id=03
[755000] S1 MEMORY WRITE beat=69 addr=1b7efd6c data=f4616bb3bb9574b9 id=03
[755000] MASTER 0 W_VALID_RDY Handshake beat=70 wlast=0
[765000] MASTER 0 W_VALID_RDY Handshake beat=71 wlast=0
[765000] S1 MEMORY WRITE beat=70 addr=1b7efd70 data=f02293ec367769d2 id=03
[775000] S1 MEMORY WRITE beat=71 addr=1b7efd74 data=a5b04482d6dbe2d8 id=03
[775000] MASTER 0 W_VALID_RDY Handshake beat=72 wlast=0
[785000] MASTER 0 W_VALID_RDY Handshake beat=73 wlast=0
[785000] S1 MEMORY WRITE beat=72 addr=1b7efd78 data=9271579124db6dc4 id=03
[795000] S1 MEMORY WRITE beat=73 addr=1b7efd7c data=db52d7969a11b035 id=03
[795000] MASTER 0 W_VALID_RDY Handshake beat=74 wlast=0
[805000] MASTER 0 W_VALID_RDY Handshake beat=75 wlast=0
[805000] S1 MEMORY WRITE beat=74 addr=1b7efd80 data=f0ed930d0293eb7e id=03
[815000] S1 MEMORY WRITE beat=75 addr=1b7efd84 data=276f594281031c18 id=03
[815000] MASTER 0 W_VALID_RDY Handshake beat=76 wlast=0
[825000] MASTER 0 W_VALID_RDY Handshake beat=77 wlast=0
[825000] S1 MEMORY WRITE beat=76 addr=1b7efd88 data=1b14cc4e035eea9f id=03
[835000] S1 MEMORY WRITE beat=77 addr=1b7efd8c data=05f2d61d02c230d8 id=03
[835000] MASTER 0 W_VALID_RDY Handshake beat=78 wlast=0
[845000] MASTER 0 W_VALID_RDY Handshake beat=79 wlast=0
[845000] S1 MEMORY WRITE beat=78 addr=1b7efd90 data=83c54cf08c025f5b id=03
[855000] S1 MEMORY WRITE beat=79 addr=1b7efd94 data=8f6149fa2d622f5f id=03
[855000] MASTER 0 W_VALID_RDY Handshake beat=80 wlast=0
[865000] MASTER 0 W_VALID_RDY Handshake beat=81 wlast=0
[865000] S1 MEMORY WRITE beat=80 addr=1b7efd98 data=302460379eda193e id=03
[875000] S1 MEMORY WRITE beat=81 addr=1b7efd9c data=2adc789a95542017 id=03
[875000] MASTER 0 W_VALID_RDY Handshake beat=82 wlast=0
[885000] MASTER 0 W_VALID_RDY Handshake beat=83 wlast=0
[885000] S1 MEMORY WRITE beat=82 addr=1b7efda0 data=c2b64f76b3e9ad27 id=03
[895000] S1 MEMORY WRITE beat=83 addr=1b7efda4 data=d2c3c666ba3dc294 id=03
[895000] MASTER 0 W_VALID_RDY Handshake beat=84 wlast=0
[905000] MASTER 0 W_VALID_RDY Handshake beat=85 wlast=0
[905000] S1 MEMORY WRITE beat=84 addr=1b7efda8 data=cf91e2acf2daafad id=03
[915000] S1 MEMORY WRITE beat=85 addr=1b7efdac data=26c45cd5fda03f00 id=03
[915000] MASTER 0 W_VALID_RDY Handshake beat=86 wlast=0
[925000] MASTER 0 W_VALID_RDY Handshake beat=87 wlast=0
[925000] S1 MEMORY WRITE beat=86 addr=1b7efdb0 data=b7de019492483222 id=03
[935000] S1 MEMORY WRITE beat=87 addr=1b7efdb4 data=0522e1d0f988233b id=03
[935000] MASTER 0 W_VALID_RDY Handshake beat=88 wlast=0
[945000] MASTER 0 W_VALID_RDY Handshake beat=89 wlast=0
[945000] S1 MEMORY WRITE beat=88 addr=1b7efdb8 data=f728623b876fe440 id=03
[955000] S1 MEMORY WRITE beat=89 addr=1b7efdbc data=19b816632be73ea5 id=03
[955000] MASTER 0 W_VALID_RDY Handshake beat=90 wlast=0
[965000] MASTER 0 W_VALID_RDY Handshake beat=91 wlast=0
[965000] S1 MEMORY WRITE beat=90 addr=1b7efdc0 data=256f61e0af0663cf id=03
[975000] S1 MEMORY WRITE beat=91 addr=1b7efdc4 data=367648101edaf833 id=03
[975000] MASTER 0 W_VALID_RDY Handshake beat=92 wlast=0
[985000] MASTER 0 W_VALID_RDY Handshake beat=93 wlast=0
[985000] S1 MEMORY WRITE beat=92 addr=1b7efdc8 data=cac236d81c97c41b id=03
[995000] S1 MEMORY WRITE beat=93 addr=1b7efdcc data=cb9e27ead02e5e73 id=03
[995000] MASTER 0 W_VALID_RDY Handshake beat=94 wlast=0
[1005000] MASTER 0 W_VALID_RDY Handshake beat=95 wlast=0
[1005000] S1 MEMORY WRITE beat=94 addr=1b7efdd0 data=ef0956a6f03198b8 id=03
[1015000] S1 MEMORY WRITE beat=95 addr=1b7efdd4 data=0cc95cd382146ffa id=03
[1015000] MASTER 0 W_VALID_RDY Handshake beat=96 wlast=0
[1025000] MASTER 0 W_VALID_RDY Handshake beat=97 wlast=0
[1025000] S1 MEMORY WRITE beat=96 addr=1b7efdd8 data=d242ce6d39cb8d7e id=03
[1035000] S1 MEMORY WRITE beat=97 addr=1b7efddc data=29fd2636d86784bd id=03
[1035000] MASTER 0 W_VALID_RDY Handshake beat=98 wlast=0
[1045000] MASTER 0 W_VALID_RDY Handshake beat=99 wlast=0
[1045000] S1 MEMORY WRITE beat=98 addr=1b7efde0 data=da7bf4b8c14c2513 id=03
[1055000] S1 MEMORY WRITE beat=99 addr=1b7efde4 data=fb17b29136c68309 id=03
[1055000] MASTER 0 W_VALID_RDY Handshake beat=100 wlast=0
[1065000] MASTER 0 W_VALID_RDY Handshake beat=101 wlast=0
[1065000] S1 MEMORY WRITE beat=100 addr=1b7efde8 data=8f2e07c6acbec325 id=03
[1075000] S1 MEMORY WRITE beat=101 addr=1b7efdec data=ee0ae839a514d8c7 id=03
[1075000] MASTER 0 W_VALID_RDY Handshake beat=102 wlast=0
[1085000] MASTER 0 W_VALID_RDY Handshake beat=103 wlast=0
[1085000] S1 MEMORY WRITE beat=102 addr=1b7efdf0 data=dbdb5bd0e9a9fc7e id=03
[1095000] S1 MEMORY WRITE beat=103 addr=1b7efdf4 data=1668bfa4e9229aca id=03
[1095000] MASTER 0 W_VALID_RDY Handshake beat=104 wlast=0
[1105000] MASTER 0 W_VALID_RDY Handshake beat=105 wlast=0
[1105000] S1 MEMORY WRITE beat=104 addr=1b7efdf8 data=0e377392eb096397 id=03
[1115000] S1 MEMORY WRITE beat=105 addr=1b7efdfc data=d4b360150473a7dd id=03
[1115000] MASTER 0 W_VALID_RDY Handshake beat=106 wlast=0
[1125000] MASTER 0 W_VALID_RDY Handshake beat=107 wlast=0
[1125000] S1 MEMORY WRITE beat=106 addr=1b7efe00 data=ed9642a7ea12cf62 id=03
[1135000] S1 MEMORY WRITE beat=107 addr=1b7efe04 data=d51c32f9eb1c1fb9 id=03
[1135000] MASTER 0 W_VALID_RDY Handshake beat=108 wlast=0
[1145000] MASTER 0 W_VALID_RDY Handshake beat=109 wlast=0
[1145000] S1 MEMORY WRITE beat=108 addr=1b7efe08 data=ef8fc796fbcdb639 id=03
[1155000] S1 MEMORY WRITE beat=109 addr=1b7efe0c data=e5e0859c29cf930f id=03
[1155000] MASTER 0 W_VALID_RDY Handshake beat=110 wlast=0
[1165000] MASTER 0 W_VALID_RDY Handshake beat=111 wlast=0
[1165000] S1 MEMORY WRITE beat=110 addr=1b7efe10 data=94ebb2c8dd260a3e id=03
[1175000] S1 MEMORY WRITE beat=111 addr=1b7efe14 data=d8f3c077bafcb895 id=03
[1175000] MASTER 0 W_VALID_RDY Handshake beat=112 wlast=0
[1185000] MASTER 0 W_VALID_RDY Handshake beat=113 wlast=0
[1185000] S1 MEMORY WRITE beat=112 addr=1b7efe18 data=e4cc4ba4047b7a5f id=03
[1195000] S1 MEMORY WRITE beat=113 addr=1b7efe1c data=e1a1849dbed44613 id=03
[1195000] MASTER 0 W_VALID_RDY Handshake beat=114 wlast=0
[1205000] MASTER 0 W_VALID_RDY Handshake beat=115 wlast=0
[1205000] S1 MEMORY WRITE beat=114 addr=1b7efe20 data=f9d0fea9f9b7fe6d id=03
[1215000] S1 MEMORY WRITE beat=115 addr=1b7efe24 data=fe3378ccba954514 id=03
[1215000] MASTER 0 W_VALID_RDY Handshake beat=116 wlast=0
[1225000] MASTER 0 W_VALID_RDY Handshake beat=117 wlast=0
[1225000] S1 MEMORY WRITE beat=116 addr=1b7efe28 data=f9698b28de9d4a4d id=03
[1235000] S1 MEMORY WRITE beat=117 addr=1b7efe2c data=d85548badfd4fd69 id=03
[1235000] MASTER 0 W_VALID_RDY Handshake beat=118 wlast=0
[1245000] MASTER 0 W_VALID_RDY Handshake beat=119 wlast=0
[1245000] S1 MEMORY WRITE beat=118 addr=1b7efe30 data=9a6a427df33a89d1 id=03
[1255000] S1 MEMORY WRITE beat=119 addr=1b7efe34 data=d1d7d41ed688c186 id=03
[1255000] MASTER 0 W_VALID_RDY Handshake beat=120 wlast=0
[1265000] MASTER 0 W_VALID_RDY Handshake beat=121 wlast=0
[1265000] S1 MEMORY WRITE beat=120 addr=1b7efe38 data=b65dbeef93d3cda5 id=03
[1275000] S1 MEMORY WRITE beat=121 addr=1b7efe3c data=870e57762a2d1cd9 id=03
[1275000] MASTER 0 W_VALID_RDY Handshake beat=122 wlast=0
[1285000] MASTER 0 W_VALID_RDY Handshake beat=123 wlast=0
[1285000] S1 MEMORY WRITE beat=122 addr=1b7efe40 data=80b5de5fd0c8016d id=03
[1295000] S1 MEMORY WRITE beat=123 addr=1b7efe44 data=e49bcf12d8e62b95 id=03
[1295000] MASTER 0 W_VALID_RDY Handshake beat=124 wlast=0
[1305000] MASTER 0 W_VALID_RDY Handshake beat=125 wlast=0
[1305000] S1 MEMORY WRITE beat=124 addr=1b7efe48 data=0313486e37139d4f id=03
[1315000] S1 MEMORY WRITE beat=125 addr=1b7efe4c data=07db9ebcebaa2689 id=03
[1315000] MASTER 0 W_VALID_RDY Handshake beat=126 wlast=0
[1325000] MASTER 0 W_VALID_RDY Handshake beat=127 wlast=0
[1325000] S1 MEMORY WRITE beat=126 addr=1b7efe50 data=c490521e83c926cd id=03
[1335000] S1 MEMORY WRITE beat=127 addr=1b7efe54 data=badcc41cec776dce id=03
[1335000] MASTER 0 W_VALID_RDY Handshake beat=128 wlast=0
[1345000] MASTER 0 W_VALID_RDY Handshake beat=129 wlast=0
[1345000] S1 MEMORY WRITE beat=128 addr=1b7efe58 data=d8219457c7a39a8c id=03
[1355000] S1 MEMORY WRITE beat=129 addr=1b7efe5c data=cb6cc159c2b862d8 id=03
[1355000] MASTER 0 W_VALID_RDY Handshake beat=130 wlast=0
[1365000] MASTER 0 W_VALID_RDY Handshake beat=131 wlast=0
[1365000] S1 MEMORY WRITE beat=130 addr=1b7efe60 data=2f2fd0a79cb1e675 id=03
[1375000] S1 MEMORY WRITE beat=131 addr=1b7efe64 data=e455810106498576 id=03
[1375000] MASTER 0 W_VALID_RDY Handshake beat=132 wlast=0
[1385000] MASTER 0 W_VALID_RDY Handshake beat=133 wlast=0
[1385000] S1 MEMORY WRITE beat=132 addr=1b7efe68 data=c901e84e875164fe id=03
[1395000] S1 MEMORY WRITE beat=133 addr=1b7efe6c data=24034b742fc2425b id=03
[1395000] MASTER 0 W_VALID_RDY Handshake beat=134 wlast=0
[1405000] MASTER_DRIVER0 received transaction, op=AXI_READ
[1405000] MASTER 0 W_VALID_RDY Handshake beat=135 wlast=1
[1405000] S1 MEMORY WRITE beat=134 addr=1b7efe70 data=360bc7d1f831b8f5 id=03
[1415000] S1 MEMORY WRITE beat=135 addr=1b7efe74 data=ff831df48858cc75 id=03
[1425000] MASTER_DRIVER0 received transaction, op=AXI_READ
[1425000] SLAVE1 sent B resp, id=3
[1435000] AXI S0_ARVALID_RDY HANDSHAKE
[1435000] MEMORY READ MISS beat=0 addr=19bfb718 -> default data id=1
[1435000] [SLAVE MONITOR] mst_id=0 s_id=1 awaddr=1b7efc58 awid=11 awlen=135 awsize=2 awburst=1 wdata=[db0fdab6baa59b32 ea6ec4f3069d0674 891002fbb9e626d4 f48bc207a46c1eab ab09251fe41fddb2 9e060486defa86fa 366a5a63419281b 183905cd9291c68d f18c4d88ae6fcac5 e288f2e0b63f0a53 c8d0d0e1f4f2f32e a362bdf3fac1f8ad 310103013a5d1e69 2f50119705ebb0d4 80ada981f9d1d3e2 342ef24bd2b2cf8a d89e805eb1aeac82 ab808064e37f03e2 b631d36cd94c29e0 8afad662dfaf72af c32e76910ed053cb e81c7dab367b56c7 962ac976f96049fe 8309dc9f317540d a992aad4d9594008 d2b98a06f04d1b74 e3646f813fbd744b 1916b453daea27cf cb3743430cf71a56 ccb48ea1ebd03e59 c6ba6628ae9bb2c4 bb92cd1ae5cb42f4 d19b814d11f1a96b c08d5c2f88475bbb ee129eaf1855e775 2a4790e0fc20294a 84678505bfae1ffc d8040771ead4ed0f e6f51659f27a23b5 b22843b1824b9851 ed208561eb5c9b5f ddd6bf140a2c4b23 8c77e374d4159bba bf7237198fff02c5 9a2b4de8f99868d5 cdae04909d48f62d 2d47f8f326a3315d a03b9a328d203ba9 2a6931d7c77346db ee167838ede99ec2 fb09da6cd7b12aca 9f2471a50e52126b fc3bb12d25730c43 fd24370d0d3ae9de 1b8cfc49f7458b99 9cb897dc9c48a8b2 a983929097c8ad76 f0e391099dccee9 3625779cc5108ed9 dcd93c50abc6d0ec c5a39fd6dfa90a2c 24b99906ebe77560 97ae464cfbc91772 db72219e0192d556 ed7a4ab6dd51e622 d91afd94802bbaa4 81be8ffa85289102 e27a7725348d1f33 b4b8d9d7ef38dab0 f4616bb3bb9574b9 f02293ec367769d2 a5b04482d6dbe2d8 9271579124db6dc4 db52d7969a11b035 f0ed930d0293eb7e 276f594281031c18 1b14cc4e035eea9f 5f2d61d02c230d8 83c54cf08c025f5b 8f6149fa2d622f5f 302460379eda193e 2adc789a95542017 c2b64f76b3e9ad27 d2c3c666ba3dc294 cf91e2acf2daafad 26c45cd5fda03f00 b7de019492483222 522e1d0f988233b f728623b876fe440 19b816632be73ea5 256f61e0af0663cf 367648101edaf833 cac236d81c97c41b cb9e27ead02e5e73 ef0956a6f03198b8 cc95cd382146ffa d242ce6d39cb8d7e 29fd2636d86784bd da7bf4b8c14c2513 fb17b29136c68309 8f2e07c6acbec325 ee0ae839a514d8c7 dbdb5bd0e9a9fc7e 1668bfa4e9229aca e377392eb096397 d4b360150473a7dd ed9642a7ea12cf62 d51c32f9eb1c1fb9 ef8fc796fbcdb639 e5e0859c29cf930f 94ebb2c8dd260a3e d8f3c077bafcb895 e4cc4ba4047b7a5f e1a1849dbed44613 f9d0fea9f9b7fe6d fe3378ccba954514 f9698b28de9d4a4d d85548badfd4fd69 9a6a427df33a89d1 d1d7d41ed688c186 b65dbeef93d3cda5 870e57762a2d1cd9 80b5de5fd0c8016d e49bcf12d8e62b95 313486e37139d4f 7db9ebcebaa2689 c490521e83c926cd badcc41cec776dce d8219457c7a39a8c cb6cc159c2b862d8 2f2fd0a79cb1e675 e455810106498576 c901e84e875164fe 24034b742fc2425b 360bc7d1f831b8f5 ff831df48858cc75 ] wstrb=[1f d0 68 15 a1 dd 9 c1 ae 71 d6 4f 4e df 10 fc 50 e6 4c 9e c5 5c 9b 15 43 e7 b4 8 43 4f 1e 86 36 d2 8f 79 21 ad 0 57 7f 8f d0 a0 3c d0 f7 bb 5f c7 5b 9b 98 52 56 f7 19 b1 93 b1 3 e9 a9 1d 9b 3c ce 9e 25 77 bb c0 b3 8a 5f d9 1 1a 99 b5 a4 f8 8e a6 13 27 5b b7 20 e9 5d 33 10 b8 ea 30 a1 48 63 b2 0 4e e2 a2 96 46 54 96 94 36 38 2a 7c 8c c0 10 c3 f9 3a 3f 85 fb 50 48 f4 8a 88 79 85 d8 c2 79 62 4a f3 e8 ] bresp=0 bid=11
[1435000] ARB MONITOR: slave=1 m0_req=1 m1_req=0 winner=0
[1445000] MASTER_DRIVER0 received transaction, op=AXI_READ
[1445000] MASTER 0 RECEIVED BRESP. BRESP=0
[1445000] [MASTER DRIVER] mst_id=0 s_id=0 awaddr=1b7efc58 awid=11 awlen=135 awsize=2 awburst=1 wdata=[db0fdab6baa59b32 ea6ec4f3069d0674 891002fbb9e626d4 f48bc207a46c1eab ab09251fe41fddb2 9e060486defa86fa 366a5a63419281b 183905cd9291c68d f18c4d88ae6fcac5 e288f2e0b63f0a53 c8d0d0e1f4f2f32e a362bdf3fac1f8ad 310103013a5d1e69 2f50119705ebb0d4 80ada981f9d1d3e2 342ef24bd2b2cf8a d89e805eb1aeac82 ab808064e37f03e2 b631d36cd94c29e0 8afad662dfaf72af c32e76910ed053cb e81c7dab367b56c7 962ac976f96049fe 8309dc9f317540d a992aad4d9594008 d2b98a06f04d1b74 e3646f813fbd744b 1916b453daea27cf cb3743430cf71a56 ccb48ea1ebd03e59 c6ba6628ae9bb2c4 bb92cd1ae5cb42f4 d19b814d11f1a96b c08d5c2f88475bbb ee129eaf1855e775 2a4790e0fc20294a 84678505bfae1ffc d8040771ead4ed0f e6f51659f27a23b5 b22843b1824b9851 ed208561eb5c9b5f ddd6bf140a2c4b23 8c77e374d4159bba bf7237198fff02c5 9a2b4de8f99868d5 cdae04909d48f62d 2d47f8f326a3315d a03b9a328d203ba9 2a6931d7c77346db ee167838ede99ec2 fb09da6cd7b12aca 9f2471a50e52126b fc3bb12d25730c43 fd24370d0d3ae9de 1b8cfc49f7458b99 9cb897dc9c48a8b2 a983929097c8ad76 f0e391099dccee9 3625779cc5108ed9 dcd93c50abc6d0ec c5a39fd6dfa90a2c 24b99906ebe77560 97ae464cfbc91772 db72219e0192d556 ed7a4ab6dd51e622 d91afd94802bbaa4 81be8ffa85289102 e27a7725348d1f33 b4b8d9d7ef38dab0 f4616bb3bb9574b9 f02293ec367769d2 a5b04482d6dbe2d8 9271579124db6dc4 db52d7969a11b035 f0ed930d0293eb7e 276f594281031c18 1b14cc4e035eea9f 5f2d61d02c230d8 83c54cf08c025f5b 8f6149fa2d622f5f 302460379eda193e 2adc789a95542017 c2b64f76b3e9ad27 d2c3c666ba3dc294 cf91e2acf2daafad 26c45cd5fda03f00 b7de019492483222 522e1d0f988233b f728623b876fe440 19b816632be73ea5 256f61e0af0663cf 367648101edaf833 cac236d81c97c41b cb9e27ead02e5e73 ef0956a6f03198b8 cc95cd382146ffa d242ce6d39cb8d7e 29fd2636d86784bd da7bf4b8c14c2513 fb17b29136c68309 8f2e07c6acbec325 ee0ae839a514d8c7 dbdb5bd0e9a9fc7e 1668bfa4e9229aca e377392eb096397 d4b360150473a7dd ed9642a7ea12cf62 d51c32f9eb1c1fb9 ef8fc796fbcdb639 e5e0859c29cf930f 94ebb2c8dd260a3e d8f3c077bafcb895 e4cc4ba4047b7a5f e1a1849dbed44613 f9d0fea9f9b7fe6d fe3378ccba954514 f9698b28de9d4a4d d85548badfd4fd69 9a6a427df33a89d1 d1d7d41ed688c186 b65dbeef93d3cda5 870e57762a2d1cd9 80b5de5fd0c8016d e49bcf12d8e62b95 313486e37139d4f 7db9ebcebaa2689 c490521e83c926cd badcc41cec776dce d8219457c7a39a8c cb6cc159c2b862d8 2f2fd0a79cb1e675 e455810106498576 c901e84e875164fe 24034b742fc2425b 360bc7d1f831b8f5 ff831df48858cc75 ] wstrb=[1f d0 68 15 a1 dd 9 c1 ae 71 d6 4f 4e df 10 fc 50 e6 4c 9e c5 5c 9b 15 43 e7 b4 8 43 4f 1e 86 36 d2 8f 79 21 ad 0 57 7f 8f d0 a0 3c d0 f7 bb 5f c7 5b 9b 98 52 56 f7 19 b1 93 b1 3 e9 a9 1d 9b 3c ce 9e 25 77 bb c0 b3 8a 5f d9 1 1a 99 b5 a4 f8 8e a6 13 27 5b b7 20 e9 5d 33 10 b8 ea 30 a1 48 63 b2 0 4e e2 a2 96 46 54 96 94 36 38 2a 7c 8c c0 10 c3 f9 3a 3f 85 fb 50 48 f4 8a 88 79 85 d8 c2 79 62 4a f3 e8 ] bresp=0 bid=11
[1445000] MASTER 0 B_VALID_RDY Handshake
[1445000] [MASTER MONITOR] mst_id=0 s_id=1 awaddr=1b7efc58 awid=11 awlen=135 awsize=2 awburst=1 wdata=[db0fdab6baa59b32 ea6ec4f3069d0674 891002fbb9e626d4 f48bc207a46c1eab ab09251fe41fddb2 9e060486defa86fa 366a5a63419281b 183905cd9291c68d f18c4d88ae6fcac5 e288f2e0b63f0a53 c8d0d0e1f4f2f32e a362bdf3fac1f8ad 310103013a5d1e69 2f50119705ebb0d4 80ada981f9d1d3e2 342ef24bd2b2cf8a d89e805eb1aeac82 ab808064e37f03e2 b631d36cd94c29e0 8afad662dfaf72af c32e76910ed053cb e81c7dab367b56c7 962ac976f96049fe 8309dc9f317540d a992aad4d9594008 d2b98a06f04d1b74 e3646f813fbd744b 1916b453daea27cf cb3743430cf71a56 ccb48ea1ebd03e59 c6ba6628ae9bb2c4 bb92cd1ae5cb42f4 d19b814d11f1a96b c08d5c2f88475bbb ee129eaf1855e775 2a4790e0fc20294a 84678505bfae1ffc d8040771ead4ed0f e6f51659f27a23b5 b22843b1824b9851 ed208561eb5c9b5f ddd6bf140a2c4b23 8c77e374d4159bba bf7237198fff02c5 9a2b4de8f99868d5 cdae04909d48f62d 2d47f8f326a3315d a03b9a328d203ba9 2a6931d7c77346db ee167838ede99ec2 fb09da6cd7b12aca 9f2471a50e52126b fc3bb12d25730c43 fd24370d0d3ae9de 1b8cfc49f7458b99 9cb897dc9c48a8b2 a983929097c8ad76 f0e391099dccee9 3625779cc5108ed9 dcd93c50abc6d0ec c5a39fd6dfa90a2c 24b99906ebe77560 97ae464cfbc91772 db72219e0192d556 ed7a4ab6dd51e622 d91afd94802bbaa4 81be8ffa85289102 e27a7725348d1f33 b4b8d9d7ef38dab0 f4616bb3bb9574b9 f02293ec367769d2 a5b04482d6dbe2d8 9271579124db6dc4 db52d7969a11b035 f0ed930d0293eb7e 276f594281031c18 1b14cc4e035eea9f 5f2d61d02c230d8 83c54cf08c025f5b 8f6149fa2d622f5f 302460379eda193e 2adc789a95542017 c2b64f76b3e9ad27 d2c3c666ba3dc294 cf91e2acf2daafad 26c45cd5fda03f00 b7de019492483222 522e1d0f988233b f728623b876fe440 19b816632be73ea5 256f61e0af0663cf 367648101edaf833 cac236d81c97c41b cb9e27ead02e5e73 ef0956a6f03198b8 cc95cd382146ffa d242ce6d39cb8d7e 29fd2636d86784bd da7bf4b8c14c2513 fb17b29136c68309 8f2e07c6acbec325 ee0ae839a514d8c7 dbdb5bd0e9a9fc7e 1668bfa4e9229aca e377392eb096397 d4b360150473a7dd ed9642a7ea12cf62 d51c32f9eb1c1fb9 ef8fc796fbcdb639 e5e0859c29cf930f 94ebb2c8dd260a3e d8f3c077bafcb895 e4cc4ba4047b7a5f e1a1849dbed44613 f9d0fea9f9b7fe6d fe3378ccba954514 f9698b28de9d4a4d d85548badfd4fd69 9a6a427df33a89d1 d1d7d41ed688c186 b65dbeef93d3cda5 870e57762a2d1cd9 80b5de5fd0c8016d e49bcf12d8e62b95 313486e37139d4f 7db9ebcebaa2689 c490521e83c926cd badcc41cec776dce d8219457c7a39a8c cb6cc159c2b862d8 2f2fd0a79cb1e675 e455810106498576 c901e84e875164fe 24034b742fc2425b 360bc7d1f831b8f5 ff831df48858cc75 ] wstrb=[1f d0 68 15 a1 dd 9 c1 ae 71 d6 4f 4e df 10 fc 50 e6 4c 9e c5 5c 9b 15 43 e7 b4 8 43 4f 1e 86 36 d2 8f 79 21 ad 0 57 7f 8f d0 a0 3c d0 f7 bb 5f c7 5b 9b 98 52 56 f7 19 b1 93 b1 3 e9 a9 1d 9b 3c ce 9e 25 77 bb c0 b3 8a 5f d9 1 1a 99 b5 a4 f8 8e a6 13 27 5b b7 20 e9 5d 33 10 b8 ea 30 a1 48 63 b2 0 4e e2 a2 96 46 54 96 94 36 38 2a 7c 8c c0 10 c3 f9 3a 3f 85 fb 50 48 f4 8a 88 79 85 d8 c2 79 62 4a f3 e8 ] bresp=0 bid=11
[1445000] SLAVE 1 R_VALID_RDY Handshake beat=0 rlast=0
[1445000] MEMORY READ MISS beat=1 addr=19bfb720 -> default data id=1
[1445000] SCOREBOARD MATCH: decode_err expected = 0, actual =0
[1445000] SCOREBOARD MATCH: slave_id expected = 1, actual =1
[1445000] SCOREBOARD MATCH: awaddr passthrough expected = 1b7efc58, actual =1b7efc58
[1445000] SCOREBOARD MATCH: awlen passthrough expected = 135, actual =135
[1445000] SCOREBOARD MATCH: awsize passthrough expected = 2, actual =2
[1445000] SCOREBOARD MATCH: awburst passthrough expected = 1, actual =1
[1445000] SCOREBOARD MATCH: wdata size check expected = 88, actual =88
[1445000] SCOREBOARD MATCH: wdata passthrough beat=0 expected = db0fdab6baa59b32, actual =db0fdab6baa59b32
[1445000] SCOREBOARD MATCH: wdata passthrough beat=1 expected = ea6ec4f3069d0674, actual =ea6ec4f3069d0674
[1445000] SCOREBOARD MATCH: wdata passthrough beat=2 expected = 891002fbb9e626d4, actual =891002fbb9e626d4
[1445000] SCOREBOARD MATCH: wdata passthrough beat=3 expected = f48bc207a46c1eab, actual =f48bc207a46c1eab
[1445000] SCOREBOARD MATCH: wdata passthrough beat=4 expected = ab09251fe41fddb2, actual =ab09251fe41fddb2
[1445000] SCOREBOARD MATCH: wdata passthrough beat=5 expected = 9e060486defa86fa, actual =9e060486defa86fa
[1445000] SCOREBOARD MATCH: wdata passthrough beat=6 expected = 366a5a63419281b, actual =366a5a63419281b
[1445000] SCOREBOARD MATCH: wdata passthrough beat=7 expected = 183905cd9291c68d, actual =183905cd9291c68d
[1445000] SCOREBOARD MATCH: wdata passthrough beat=8 expected = f18c4d88ae6fcac5, actual =f18c4d88ae6fcac5
[1445000] SCOREBOARD MATCH: wdata passthrough beat=9 expected = e288f2e0b63f0a53, actual =e288f2e0b63f0a53
[1445000] SCOREBOARD MATCH: wdata passthrough beat=10 expected = c8d0d0e1f4f2f32e, actual =c8d0d0e1f4f2f32e
[1445000] SCOREBOARD MATCH: wdata passthrough beat=11 expected = a362bdf3fac1f8ad, actual =a362bdf3fac1f8ad
[1445000] SCOREBOARD MATCH: wdata passthrough beat=12 expected = 310103013a5d1e69, actual =310103013a5d1e69
[1445000] SCOREBOARD MATCH: wdata passthrough beat=13 expected = 2f50119705ebb0d4, actual =2f50119705ebb0d4
[1445000] SCOREBOARD MATCH: wdata passthrough beat=14 expected = 80ada981f9d1d3e2, actual =80ada981f9d1d3e2
[1445000] SCOREBOARD MATCH: wdata passthrough beat=15 expected = 342ef24bd2b2cf8a, actual =342ef24bd2b2cf8a
[1445000] SCOREBOARD MATCH: wdata passthrough beat=16 expected = d89e805eb1aeac82, actual =d89e805eb1aeac82
[1445000] SCOREBOARD MATCH: wdata passthrough beat=17 expected = ab808064e37f03e2, actual =ab808064e37f03e2
[1445000] SCOREBOARD MATCH: wdata passthrough beat=18 expected = b631d36cd94c29e0, actual =b631d36cd94c29e0
[1445000] SCOREBOARD MATCH: wdata passthrough beat=19 expected = 8afad662dfaf72af, actual =8afad662dfaf72af
[1445000] SCOREBOARD MATCH: wdata passthrough beat=20 expected = c32e76910ed053cb, actual =c32e76910ed053cb
[1445000] SCOREBOARD MATCH: wdata passthrough beat=21 expected = e81c7dab367b56c7, actual =e81c7dab367b56c7
[1445000] SCOREBOARD MATCH: wdata passthrough beat=22 expected = 962ac976f96049fe, actual =962ac976f96049fe
[1445000] SCOREBOARD MATCH: wdata passthrough beat=23 expected = 8309dc9f317540d, actual =8309dc9f317540d
[1445000] SCOREBOARD MATCH: wdata passthrough beat=24 expected = a992aad4d9594008, actual =a992aad4d9594008
[1445000] SCOREBOARD MATCH: wdata passthrough beat=25 expected = d2b98a06f04d1b74, actual =d2b98a06f04d1b74
[1445000] SCOREBOARD MATCH: wdata passthrough beat=26 expected = e3646f813fbd744b, actual =e3646f813fbd744b
[1445000] SCOREBOARD MATCH: wdata passthrough beat=27 expected = 1916b453daea27cf, actual =1916b453daea27cf
[1445000] SCOREBOARD MATCH: wdata passthrough beat=28 expected = cb3743430cf71a56, actual =cb3743430cf71a56
[1445000] SCOREBOARD MATCH: wdata passthrough beat=29 expected = ccb48ea1ebd03e59, actual =ccb48ea1ebd03e59
[1445000] SCOREBOARD MATCH: wdata passthrough beat=30 expected = c6ba6628ae9bb2c4, actual =c6ba6628ae9bb2c4
[1445000] SCOREBOARD MATCH: wdata passthrough beat=31 expected = bb92cd1ae5cb42f4, actual =bb92cd1ae5cb42f4
[1445000] SCOREBOARD MATCH: wdata passthrough beat=32 expected = d19b814d11f1a96b, actual =d19b814d11f1a96b
[1445000] SCOREBOARD MATCH: wdata passthrough beat=33 expected = c08d5c2f88475bbb, actual =c08d5c2f88475bbb
[1445000] SCOREBOARD MATCH: wdata passthrough beat=34 expected = ee129eaf1855e775, actual =ee129eaf1855e775
[1445000] SCOREBOARD MATCH: wdata passthrough beat=35 expected = 2a4790e0fc20294a, actual =2a4790e0fc20294a
[1445000] SCOREBOARD MATCH: wdata passthrough beat=36 expected = 84678505bfae1ffc, actual =84678505bfae1ffc
[1445000] SCOREBOARD MATCH: wdata passthrough beat=37 expected = d8040771ead4ed0f, actual =d8040771ead4ed0f
[1445000] SCOREBOARD MATCH: wdata passthrough beat=38 expected = e6f51659f27a23b5, actual =e6f51659f27a23b5
[1445000] SCOREBOARD MATCH: wdata passthrough beat=39 expected = b22843b1824b9851, actual =b22843b1824b9851
[1445000] SCOREBOARD MATCH: wdata passthrough beat=40 expected = ed208561eb5c9b5f, actual =ed208561eb5c9b5f
[1445000] SCOREBOARD MATCH: wdata passthrough beat=41 expected = ddd6bf140a2c4b23, actual =ddd6bf140a2c4b23
[1445000] SCOREBOARD MATCH: wdata passthrough beat=42 expected = 8c77e374d4159bba, actual =8c77e374d4159bba
[1445000] SCOREBOARD MATCH: wdata passthrough beat=43 expected = bf7237198fff02c5, actual =bf7237198fff02c5
[1445000] SCOREBOARD MATCH: wdata passthrough beat=44 expected = 9a2b4de8f99868d5, actual =9a2b4de8f99868d5
[1445000] SCOREBOARD MATCH: wdata passthrough beat=45 expected = cdae04909d48f62d, actual =cdae04909d48f62d
[1445000] SCOREBOARD MATCH: wdata passthrough beat=46 expected = 2d47f8f326a3315d, actual =2d47f8f326a3315d
[1445000] SCOREBOARD MATCH: wdata passthrough beat=47 expected = a03b9a328d203ba9, actual =a03b9a328d203ba9
[1445000] SCOREBOARD MATCH: wdata passthrough beat=48 expected = 2a6931d7c77346db, actual =2a6931d7c77346db
[1445000] SCOREBOARD MATCH: wdata passthrough beat=49 expected = ee167838ede99ec2, actual =ee167838ede99ec2
[1445000] SCOREBOARD MATCH: wdata passthrough beat=50 expected = fb09da6cd7b12aca, actual =fb09da6cd7b12aca
[1445000] SCOREBOARD MATCH: wdata passthrough beat=51 expected = 9f2471a50e52126b, actual =9f2471a50e52126b
[1445000] SCOREBOARD MATCH: wdata passthrough beat=52 expected = fc3bb12d25730c43, actual =fc3bb12d25730c43
[1445000] SCOREBOARD MATCH: wdata passthrough beat=53 expected = fd24370d0d3ae9de, actual =fd24370d0d3ae9de
[1445000] SCOREBOARD MATCH: wdata passthrough beat=54 expected = 1b8cfc49f7458b99, actual =1b8cfc49f7458b99
[1445000] SCOREBOARD MATCH: wdata passthrough beat=55 expected = 9cb897dc9c48a8b2, actual =9cb897dc9c48a8b2
[1445000] SCOREBOARD MATCH: wdata passthrough beat=56 expected = a983929097c8ad76, actual =a983929097c8ad76
[1445000] SCOREBOARD MATCH: wdata passthrough beat=57 expected = f0e391099dccee9, actual =f0e391099dccee9
[1445000] SCOREBOARD MATCH: wdata passthrough beat=58 expected = 3625779cc5108ed9, actual =3625779cc5108ed9
[1445000] SCOREBOARD MATCH: wdata passthrough beat=59 expected = dcd93c50abc6d0ec, actual =dcd93c50abc6d0ec
[1445000] SCOREBOARD MATCH: wdata passthrough beat=60 expected = c5a39fd6dfa90a2c, actual =c5a39fd6dfa90a2c
[1445000] SCOREBOARD MATCH: wdata passthrough beat=61 expected = 24b99906ebe77560, actual =24b99906ebe77560
[1445000] SCOREBOARD MATCH: wdata passthrough beat=62 expected = 97ae464cfbc91772, actual =97ae464cfbc91772
[1445000] SCOREBOARD MATCH: wdata passthrough beat=63 expected = db72219e0192d556, actual =db72219e0192d556
[1445000] SCOREBOARD MATCH: wdata passthrough beat=64 expected = ed7a4ab6dd51e622, actual =ed7a4ab6dd51e622
[1445000] SCOREBOARD MATCH: wdata passthrough beat=65 expected = d91afd94802bbaa4, actual =d91afd94802bbaa4
[1445000] SCOREBOARD MATCH: wdata passthrough beat=66 expected = 81be8ffa85289102, actual =81be8ffa85289102
[1445000] SCOREBOARD MATCH: wdata passthrough beat=67 expected = e27a7725348d1f33, actual =e27a7725348d1f33
[1445000] SCOREBOARD MATCH: wdata passthrough beat=68 expected = b4b8d9d7ef38dab0, actual =b4b8d9d7ef38dab0
[1445000] SCOREBOARD MATCH: wdata passthrough beat=69 expected = f4616bb3bb9574b9, actual =f4616bb3bb9574b9
[1445000] SCOREBOARD MATCH: wdata passthrough beat=70 expected = f02293ec367769d2, actual =f02293ec367769d2
[1445000] SCOREBOARD MATCH: wdata passthrough beat=71 expected = a5b04482d6dbe2d8, actual =a5b04482d6dbe2d8
[1445000] SCOREBOARD MATCH: wdata passthrough beat=72 expected = 9271579124db6dc4, actual =9271579124db6dc4
[1445000] SCOREBOARD MATCH: wdata passthrough beat=73 expected = db52d7969a11b035, actual =db52d7969a11b035
[1445000] SCOREBOARD MATCH: wdata passthrough beat=74 expected = f0ed930d0293eb7e, actual =f0ed930d0293eb7e
[1445000] SCOREBOARD MATCH: wdata passthrough beat=75 expected = 276f594281031c18, actual =276f594281031c18
[1445000] SCOREBOARD MATCH: wdata passthrough beat=76 expected = 1b14cc4e035eea9f, actual =1b14cc4e035eea9f
[1445000] SCOREBOARD MATCH: wdata passthrough beat=77 expected = 5f2d61d02c230d8, actual =5f2d61d02c230d8
[1445000] SCOREBOARD MATCH: wdata passthrough beat=78 expected = 83c54cf08c025f5b, actual =83c54cf08c025f5b
[1445000] SCOREBOARD MATCH: wdata passthrough beat=79 expected = 8f6149fa2d622f5f, actual =8f6149fa2d622f5f
[1445000] SCOREBOARD MATCH: wdata passthrough beat=80 expected = 302460379eda193e, actual =302460379eda193e
[1445000] SCOREBOARD MATCH: wdata passthrough beat=81 expected = 2adc789a95542017, actual =2adc789a95542017
[1445000] SCOREBOARD MATCH: wdata passthrough beat=82 expected = c2b64f76b3e9ad27, actual =c2b64f76b3e9ad27
[1445000] SCOREBOARD MATCH: wdata passthrough beat=83 expected = d2c3c666ba3dc294, actual =d2c3c666ba3dc294
[1445000] SCOREBOARD MATCH: wdata passthrough beat=84 expected = cf91e2acf2daafad, actual =cf91e2acf2daafad
[1445000] SCOREBOARD MATCH: wdata passthrough beat=85 expected = 26c45cd5fda03f00, actual =26c45cd5fda03f00
[1445000] SCOREBOARD MATCH: wdata passthrough beat=86 expected = b7de019492483222, actual =b7de019492483222
[1445000] SCOREBOARD MATCH: wdata passthrough beat=87 expected = 522e1d0f988233b, actual =522e1d0f988233b
[1445000] SCOREBOARD MATCH: wdata passthrough beat=88 expected = f728623b876fe440, actual =f728623b876fe440
[1445000] SCOREBOARD MATCH: wdata passthrough beat=89 expected = 19b816632be73ea5, actual =19b816632be73ea5
[1445000] SCOREBOARD MATCH: wdata passthrough beat=90 expected = 256f61e0af0663cf, actual =256f61e0af0663cf
[1445000] SCOREBOARD MATCH: wdata passthrough beat=91 expected = 367648101edaf833, actual =367648101edaf833
[1445000] SCOREBOARD MATCH: wdata passthrough beat=92 expected = cac236d81c97c41b, actual =cac236d81c97c41b
[1445000] SCOREBOARD MATCH: wdata passthrough beat=93 expected = cb9e27ead02e5e73, actual =cb9e27ead02e5e73
[1445000] SCOREBOARD MATCH: wdata passthrough beat=94 expected = ef0956a6f03198b8, actual =ef0956a6f03198b8
[1445000] SCOREBOARD MATCH: wdata passthrough beat=95 expected = cc95cd382146ffa, actual =cc95cd382146ffa
[1445000] SCOREBOARD MATCH: wdata passthrough beat=96 expected = d242ce6d39cb8d7e, actual =d242ce6d39cb8d7e
[1445000] SCOREBOARD MATCH: wdata passthrough beat=97 expected = 29fd2636d86784bd, actual =29fd2636d86784bd
[1445000] SCOREBOARD MATCH: wdata passthrough beat=98 expected = da7bf4b8c14c2513, actual =da7bf4b8c14c2513
[1445000] SCOREBOARD MATCH: wdata passthrough beat=99 expected = fb17b29136c68309, actual =fb17b29136c68309
[1445000] SCOREBOARD MATCH: wdata passthrough beat=100 expected = 8f2e07c6acbec325, actual =8f2e07c6acbec325
[1445000] SCOREBOARD MATCH: wdata passthrough beat=101 expected = ee0ae839a514d8c7, actual =ee0ae839a514d8c7
[1445000] SCOREBOARD MATCH: wdata passthrough beat=102 expected = dbdb5bd0e9a9fc7e, actual =dbdb5bd0e9a9fc7e
[1445000] SCOREBOARD MATCH: wdata passthrough beat=103 expected = 1668bfa4e9229aca, actual =1668bfa4e9229aca
[1445000] SCOREBOARD MATCH: wdata passthrough beat=104 expected = e377392eb096397, actual =e377392eb096397
[1445000] SCOREBOARD MATCH: wdata passthrough beat=105 expected = d4b360150473a7dd, actual =d4b360150473a7dd
[1445000] SCOREBOARD MATCH: wdata passthrough beat=106 expected = ed9642a7ea12cf62, actual =ed9642a7ea12cf62
[1445000] SCOREBOARD MATCH: wdata passthrough beat=107 expected = d51c32f9eb1c1fb9, actual =d51c32f9eb1c1fb9
[1445000] SCOREBOARD MATCH: wdata passthrough beat=108 expected = ef8fc796fbcdb639, actual =ef8fc796fbcdb639
[1445000] SCOREBOARD MATCH: wdata passthrough beat=109 expected = e5e0859c29cf930f, actual =e5e0859c29cf930f
[1445000] SCOREBOARD MATCH: wdata passthrough beat=110 expected = 94ebb2c8dd260a3e, actual =94ebb2c8dd260a3e
[1445000] SCOREBOARD MATCH: wdata passthrough beat=111 expected = d8f3c077bafcb895, actual =d8f3c077bafcb895
[1445000] SCOREBOARD MATCH: wdata passthrough beat=112 expected = e4cc4ba4047b7a5f, actual =e4cc4ba4047b7a5f
[1445000] SCOREBOARD MATCH: wdata passthrough beat=113 expected = e1a1849dbed44613, actual =e1a1849dbed44613
[1445000] SCOREBOARD MATCH: wdata passthrough beat=114 expected = f9d0fea9f9b7fe6d, actual =f9d0fea9f9b7fe6d
[1445000] SCOREBOARD MATCH: wdata passthrough beat=115 expected = fe3378ccba954514, actual =fe3378ccba954514
[1445000] SCOREBOARD MATCH: wdata passthrough beat=116 expected = f9698b28de9d4a4d, actual =f9698b28de9d4a4d
[1445000] SCOREBOARD MATCH: wdata passthrough beat=117 expected = d85548badfd4fd69, actual =d85548badfd4fd69
[1445000] SCOREBOARD MATCH: wdata passthrough beat=118 expected = 9a6a427df33a89d1, actual =9a6a427df33a89d1
[1445000] SCOREBOARD MATCH: wdata passthrough beat=119 expected = d1d7d41ed688c186, actual =d1d7d41ed688c186
[1445000] SCOREBOARD MATCH: wdata passthrough beat=120 expected = b65dbeef93d3cda5, actual =b65dbeef93d3cda5
[1445000] SCOREBOARD MATCH: wdata passthrough beat=121 expected = 870e57762a2d1cd9, actual =870e57762a2d1cd9
[1445000] SCOREBOARD MATCH: wdata passthrough beat=122 expected = 80b5de5fd0c8016d, actual =80b5de5fd0c8016d
[1445000] SCOREBOARD MATCH: wdata passthrough beat=123 expected = e49bcf12d8e62b95, actual =e49bcf12d8e62b95
[1445000] SCOREBOARD MATCH: wdata passthrough beat=124 expected = 313486e37139d4f, actual =313486e37139d4f
[1445000] SCOREBOARD MATCH: wdata passthrough beat=125 expected = 7db9ebcebaa2689, actual =7db9ebcebaa2689
[1445000] SCOREBOARD MATCH: wdata passthrough beat=126 expected = c490521e83c926cd, actual =c490521e83c926cd
[1445000] SCOREBOARD MATCH: wdata passthrough beat=127 expected = badcc41cec776dce, actual =badcc41cec776dce
[1445000] SCOREBOARD MATCH: wdata passthrough beat=128 expected = d8219457c7a39a8c, actual =d8219457c7a39a8c
[1445000] SCOREBOARD MATCH: wdata passthrough beat=129 expected = cb6cc159c2b862d8, actual =cb6cc159c2b862d8
[1445000] SCOREBOARD MATCH: wdata passthrough beat=130 expected = 2f2fd0a79cb1e675, actual =2f2fd0a79cb1e675
[1445000] SCOREBOARD MATCH: wdata passthrough beat=131 expected = e455810106498576, actual =e455810106498576
[1445000] SCOREBOARD MATCH: wdata passthrough beat=132 expected = c901e84e875164fe, actual =c901e84e875164fe
[1445000] SCOREBOARD MATCH: wdata passthrough beat=133 expected = 24034b742fc2425b, actual =24034b742fc2425b
[1445000] SCOREBOARD MATCH: wdata passthrough beat=134 expected = 360bc7d1f831b8f5, actual =360bc7d1f831b8f5
[1445000] SCOREBOARD MATCH: wdata passthrough beat=135 expected = ff831df48858cc75, actual =ff831df48858cc75
[1445000] SCOREBOARD MATCH: wstrb size check expected = 88, actual =88
[1445000] SCOREBOARD MATCH: wstrb passthrough beat=0 expected = 1f, actual =1f
[1445000] SCOREBOARD MATCH: wstrb passthrough beat=1 expected = d0, actual =d0
[1445000] SCOREBOARD MATCH: wstrb passthrough beat=2 expected = 68, actual =68
[1445000] SCOREBOARD MATCH: wstrb passthrough beat=3 expected = 15, actual =15
[1445000] SCOREBOARD MATCH: wstrb passthrough beat=4 expected = a1, actual =a1
[1445000] SCOREBOARD MATCH: wstrb passthrough beat=5 expected = dd, actual =dd
[1445000] SCOREBOARD MATCH: wstrb passthrough beat=6 expected = 9, actual =9
[1445000] SCOREBOARD MATCH: wstrb passthrough beat=7 expected = c1, actual =c1
[1445000] SCOREBOARD MATCH: wstrb passthrough beat=8 expected = ae, actual =ae
[1445000] SCOREBOARD MATCH: wstrb passthrough beat=9 expected = 71, actual =71
[1445000] SCOREBOARD MATCH: wstrb passthrough beat=10 expected = d6, actual =d6
[1445000] SCOREBOARD MATCH: wstrb passthrough beat=11 expected = 4f, actual =4f
[1445000] SCOREBOARD MATCH: wstrb passthrough beat=12 expected = 4e, actual =4e
[1445000] SCOREBOARD MATCH: wstrb passthrough beat=13 expected = df, actual =df
[1445000] SCOREBOARD MATCH: wstrb passthrough beat=14 expected = 10, actual =10
[1445000] SCOREBOARD MATCH: wstrb passthrough beat=15 expected = fc, actual =fc
[1445000] SCOREBOARD MATCH: wstrb passthrough beat=16 expected = 50, actual =50
[1445000] SCOREBOARD MATCH: wstrb passthrough beat=17 expected = e6, actual =e6
[1445000] SCOREBOARD MATCH: wstrb passthrough beat=18 expected = 4c, actual =4c
[1445000] SCOREBOARD MATCH: wstrb passthrough beat=19 expected = 9e, actual =9e
[1445000] SCOREBOARD MATCH: wstrb passthrough beat=20 expected = c5, actual =c5
[1445000] SCOREBOARD MATCH: wstrb passthrough beat=21 expected = 5c, actual =5c
[1445000] SCOREBOARD MATCH: wstrb passthrough beat=22 expected = 9b, actual =9b
[1445000] SCOREBOARD MATCH: wstrb passthrough beat=23 expected = 15, actual =15
[1445000] SCOREBOARD MATCH: wstrb passthrough beat=24 expected = 43, actual =43
[1445000] SCOREBOARD MATCH: wstrb passthrough beat=25 expected = e7, actual =e7
[1445000] SCOREBOARD MATCH: wstrb passthrough beat=26 expected = b4, actual =b4
[1445000] SCOREBOARD MATCH: wstrb passthrough beat=27 expected = 8, actual =8
[1445000] SCOREBOARD MATCH: wstrb passthrough beat=28 expected = 43, actual =43
[1445000] SCOREBOARD MATCH: wstrb passthrough beat=29 expected = 4f, actual =4f
[1445000] SCOREBOARD MATCH: wstrb passthrough beat=30 expected = 1e, actual =1e
[1445000] SCOREBOARD MATCH: wstrb passthrough beat=31 expected = 86, actual =86
[1445000] SCOREBOARD MATCH: wstrb passthrough beat=32 expected = 36, actual =36
[1445000] SCOREBOARD MATCH: wstrb passthrough beat=33 expected = d2, actual =d2
[1445000] SCOREBOARD MATCH: wstrb passthrough beat=34 expected = 8f, actual =8f
[1445000] SCOREBOARD MATCH: wstrb passthrough beat=35 expected = 79, actual =79
[1445000] SCOREBOARD MATCH: wstrb passthrough beat=36 expected = 21, actual =21
[1445000] SCOREBOARD MATCH: wstrb passthrough beat=37 expected = ad, actual =ad
[1445000] SCOREBOARD MATCH: wstrb passthrough beat=38 expected = 0, actual =0
[1445000] SCOREBOARD MATCH: wstrb passthrough beat=39 expected = 57, actual =57
[1445000] SCOREBOARD MATCH: wstrb passthrough beat=40 expected = 7f, actual =7f
[1445000] SCOREBOARD MATCH: wstrb passthrough beat=41 expected = 8f, actual =8f
[1445000] SCOREBOARD MATCH: wstrb passthrough beat=42 expected = d0, actual =d0
[1445000] SCOREBOARD MATCH: wstrb passthrough beat=43 expected = a0, actual =a0
[1445000] SCOREBOARD MATCH: wstrb passthrough beat=44 expected = 3c, actual =3c
[1445000] SCOREBOARD MATCH: wstrb passthrough beat=45 expected = d0, actual =d0
[1445000] SCOREBOARD MATCH: wstrb passthrough beat=46 expected = f7, actual =f7
[1445000] SCOREBOARD MATCH: wstrb passthrough beat=47 expected = bb, actual =bb
[1445000] SCOREBOARD MATCH: wstrb passthrough beat=48 expected = 5f, actual =5f
[1445000] SCOREBOARD MATCH: wstrb passthrough beat=49 expected = c7, actual =c7
[1445000] SCOREBOARD MATCH: wstrb passthrough beat=50 expected = 5b, actual =5b
[1445000] SCOREBOARD MATCH: wstrb passthrough beat=51 expected = 9b, actual =9b
[1445000] SCOREBOARD MATCH: wstrb passthrough beat=52 expected = 98, actual =98
[1445000] SCOREBOARD MATCH: wstrb passthrough beat=53 expected = 52, actual =52
[1445000] SCOREBOARD MATCH: wstrb passthrough beat=54 expected = 56, actual =56
[1445000] SCOREBOARD MATCH: wstrb passthrough beat=55 expected = f7, actual =f7
[1445000] SCOREBOARD MATCH: wstrb passthrough beat=56 expected = 19, actual =19
[1445000] SCOREBOARD MATCH: wstrb passthrough beat=57 expected = b1, actual =b1
[1445000] SCOREBOARD MATCH: wstrb passthrough beat=58 expected = 93, actual =93
[1445000] SCOREBOARD MATCH: wstrb passthrough beat=59 expected = b1, actual =b1
[1445000] SCOREBOARD MATCH: wstrb passthrough beat=60 expected = 3, actual =3
[1445000] SCOREBOARD MATCH: wstrb passthrough beat=61 expected = e9, actual =e9
[1445000] SCOREBOARD MATCH: wstrb passthrough beat=62 expected = a9, actual =a9
[1445000] SCOREBOARD MATCH: wstrb passthrough beat=63 expected = 1d, actual =1d
[1445000] SCOREBOARD MATCH: wstrb passthrough beat=64 expected = 9b, actual =9b
[1445000] SCOREBOARD MATCH: wstrb passthrough beat=65 expected = 3c, actual =3c
[1445000] SCOREBOARD MATCH: wstrb passthrough beat=66 expected = ce, actual =ce
[1445000] SCOREBOARD MATCH: wstrb passthrough beat=67 expected = 9e, actual =9e
[1445000] SCOREBOARD MATCH: wstrb passthrough beat=68 expected = 25, actual =25
[1445000] SCOREBOARD MATCH: wstrb passthrough beat=69 expected = 77, actual =77
[1445000] SCOREBOARD MATCH: wstrb passthrough beat=70 expected = bb, actual =bb
[1445000] SCOREBOARD MATCH: wstrb passthrough beat=71 expected = c0, actual =c0
[1445000] SCOREBOARD MATCH: wstrb passthrough beat=72 expected = b3, actual =b3
[1445000] SCOREBOARD MATCH: wstrb passthrough beat=73 expected = 8a, actual =8a
[1445000] SCOREBOARD MATCH: wstrb passthrough beat=74 expected = 5f, actual =5f
[1445000] SCOREBOARD MATCH: wstrb passthrough beat=75 expected = d9, actual =d9
[1445000] SCOREBOARD MATCH: wstrb passthrough beat=76 expected = 1, actual =1
[1445000] SCOREBOARD MATCH: wstrb passthrough beat=77 expected = 1a, actual =1a
[1445000] SCOREBOARD MATCH: wstrb passthrough beat=78 expected = 99, actual =99
[1445000] SCOREBOARD MATCH: wstrb passthrough beat=79 expected = b5, actual =b5
[1445000] SCOREBOARD MATCH: wstrb passthrough beat=80 expected = a4, actual =a4
[1445000] SCOREBOARD MATCH: wstrb passthrough beat=81 expected = f8, actual =f8
[1445000] SCOREBOARD MATCH: wstrb passthrough beat=82 expected = 8e, actual =8e
[1445000] SCOREBOARD MATCH: wstrb passthrough beat=83 expected = a6, actual =a6
[1445000] SCOREBOARD MATCH: wstrb passthrough beat=84 expected = 13, actual =13
[1445000] SCOREBOARD MATCH: wstrb passthrough beat=85 expected = 27, actual =27
[1445000] SCOREBOARD MATCH: wstrb passthrough beat=86 expected = 5b, actual =5b
[1445000] SCOREBOARD MATCH: wstrb passthrough beat=87 expected = b7, actual =b7
[1445000] SCOREBOARD MATCH: wstrb passthrough beat=88 expected = 20, actual =20
[1445000] SCOREBOARD MATCH: wstrb passthrough beat=89 expected = e9, actual =e9
[1445000] SCOREBOARD MATCH: wstrb passthrough beat=90 expected = 5d, actual =5d
[1445000] SCOREBOARD MATCH: wstrb passthrough beat=91 expected = 33, actual =33
[1445000] SCOREBOARD MATCH: wstrb passthrough beat=92 expected = 10, actual =10
[1445000] SCOREBOARD MATCH: wstrb passthrough beat=93 expected = b8, actual =b8
[1445000] SCOREBOARD MATCH: wstrb passthrough beat=94 expected = ea, actual =ea
[1445000] SCOREBOARD MATCH: wstrb passthrough beat=95 expected = 30, actual =30
[1445000] SCOREBOARD MATCH: wstrb passthrough beat=96 expected = a1, actual =a1
[1445000] SCOREBOARD MATCH: wstrb passthrough beat=97 expected = 48, actual =48
[1445000] SCOREBOARD MATCH: wstrb passthrough beat=98 expected = 63, actual =63
[1445000] SCOREBOARD MATCH: wstrb passthrough beat=99 expected = b2, actual =b2
[1445000] SCOREBOARD MATCH: wstrb passthrough beat=100 expected = 0, actual =0
[1445000] SCOREBOARD MATCH: wstrb passthrough beat=101 expected = 4e, actual =4e
[1445000] SCOREBOARD MATCH: wstrb passthrough beat=102 expected = e2, actual =e2
[1445000] SCOREBOARD MATCH: wstrb passthrough beat=103 expected = a2, actual =a2
[1445000] SCOREBOARD MATCH: wstrb passthrough beat=104 expected = 96, actual =96
[1445000] SCOREBOARD MATCH: wstrb passthrough beat=105 expected = 46, actual =46
[1445000] SCOREBOARD MATCH: wstrb passthrough beat=106 expected = 54, actual =54
[1445000] SCOREBOARD MATCH: wstrb passthrough beat=107 expected = 96, actual =96
[1445000] SCOREBOARD MATCH: wstrb passthrough beat=108 expected = 94, actual =94
[1445000] SCOREBOARD MATCH: wstrb passthrough beat=109 expected = 36, actual =36
[1445000] SCOREBOARD MATCH: wstrb passthrough beat=110 expected = 38, actual =38
[1445000] SCOREBOARD MATCH: wstrb passthrough beat=111 expected = 2a, actual =2a
[1445000] SCOREBOARD MATCH: wstrb passthrough beat=112 expected = 7c, actual =7c
[1445000] SCOREBOARD MATCH: wstrb passthrough beat=113 expected = 8c, actual =8c
[1445000] SCOREBOARD MATCH: wstrb passthrough beat=114 expected = c0, actual =c0
[1445000] SCOREBOARD MATCH: wstrb passthrough beat=115 expected = 10, actual =10
[1445000] SCOREBOARD MATCH: wstrb passthrough beat=116 expected = c3, actual =c3
[1445000] SCOREBOARD MATCH: wstrb passthrough beat=117 expected = f9, actual =f9
[1445000] SCOREBOARD MATCH: wstrb passthrough beat=118 expected = 3a, actual =3a
[1445000] SCOREBOARD MATCH: wstrb passthrough beat=119 expected = 3f, actual =3f
[1445000] SCOREBOARD MATCH: wstrb passthrough beat=120 expected = 85, actual =85
[1445000] SCOREBOARD MATCH: wstrb passthrough beat=121 expected = fb, actual =fb
[1445000] SCOREBOARD MATCH: wstrb passthrough beat=122 expected = 50, actual =50
[1445000] SCOREBOARD MATCH: wstrb passthrough beat=123 expected = 48, actual =48
[1445000] SCOREBOARD MATCH: wstrb passthrough beat=124 expected = f4, actual =f4
[1445000] SCOREBOARD MATCH: wstrb passthrough beat=125 expected = 8a, actual =8a
[1445000] SCOREBOARD MATCH: wstrb passthrough beat=126 expected = 88, actual =88
[1445000] SCOREBOARD MATCH: wstrb passthrough beat=127 expected = 79, actual =79
[1445000] SCOREBOARD MATCH: wstrb passthrough beat=128 expected = 85, actual =85
[1445000] SCOREBOARD MATCH: wstrb passthrough beat=129 expected = d8, actual =d8
[1445000] SCOREBOARD MATCH: wstrb passthrough beat=130 expected = c2, actual =c2
[1445000] SCOREBOARD MATCH: wstrb passthrough beat=131 expected = 79, actual =79
[1445000] SCOREBOARD MATCH: wstrb passthrough beat=132 expected = 62, actual =62
[1445000] SCOREBOARD MATCH: wstrb passthrough beat=133 expected = 4a, actual =4a
[1445000] SCOREBOARD MATCH: wstrb passthrough beat=134 expected = f3, actual =f3
[1445000] SCOREBOARD MATCH: wstrb passthrough beat=135 expected = e8, actual =e8
[1445000] SCOREBOARD MATCH: bresp passthrough expected = 0, actual =0
[1445000] SCOREBOARD MATCH: response routed to correct master (write) expected = 0, actual =0
[1445000] [SCOREBOARD-M] mst_id=0 s_id=1 awaddr=1b7efc58 awid=11 awlen=135 awsize=2 awburst=1 wdata=[db0fdab6baa59b32 ea6ec4f3069d0674 891002fbb9e626d4 f48bc207a46c1eab ab09251fe41fddb2 9e060486defa86fa 366a5a63419281b 183905cd9291c68d f18c4d88ae6fcac5 e288f2e0b63f0a53 c8d0d0e1f4f2f32e a362bdf3fac1f8ad 310103013a5d1e69 2f50119705ebb0d4 80ada981f9d1d3e2 342ef24bd2b2cf8a d89e805eb1aeac82 ab808064e37f03e2 b631d36cd94c29e0 8afad662dfaf72af c32e76910ed053cb e81c7dab367b56c7 962ac976f96049fe 8309dc9f317540d a992aad4d9594008 d2b98a06f04d1b74 e3646f813fbd744b 1916b453daea27cf cb3743430cf71a56 ccb48ea1ebd03e59 c6ba6628ae9bb2c4 bb92cd1ae5cb42f4 d19b814d11f1a96b c08d5c2f88475bbb ee129eaf1855e775 2a4790e0fc20294a 84678505bfae1ffc d8040771ead4ed0f e6f51659f27a23b5 b22843b1824b9851 ed208561eb5c9b5f ddd6bf140a2c4b23 8c77e374d4159bba bf7237198fff02c5 9a2b4de8f99868d5 cdae04909d48f62d 2d47f8f326a3315d a03b9a328d203ba9 2a6931d7c77346db ee167838ede99ec2 fb09da6cd7b12aca 9f2471a50e52126b fc3bb12d25730c43 fd24370d0d3ae9de 1b8cfc49f7458b99 9cb897dc9c48a8b2 a983929097c8ad76 f0e391099dccee9 3625779cc5108ed9 dcd93c50abc6d0ec c5a39fd6dfa90a2c 24b99906ebe77560 97ae464cfbc91772 db72219e0192d556 ed7a4ab6dd51e622 d91afd94802bbaa4 81be8ffa85289102 e27a7725348d1f33 b4b8d9d7ef38dab0 f4616bb3bb9574b9 f02293ec367769d2 a5b04482d6dbe2d8 9271579124db6dc4 db52d7969a11b035 f0ed930d0293eb7e 276f594281031c18 1b14cc4e035eea9f 5f2d61d02c230d8 83c54cf08c025f5b 8f6149fa2d622f5f 302460379eda193e 2adc789a95542017 c2b64f76b3e9ad27 d2c3c666ba3dc294 cf91e2acf2daafad 26c45cd5fda03f00 b7de019492483222 522e1d0f988233b f728623b876fe440 19b816632be73ea5 256f61e0af0663cf 367648101edaf833 cac236d81c97c41b cb9e27ead02e5e73 ef0956a6f03198b8 cc95cd382146ffa d242ce6d39cb8d7e 29fd2636d86784bd da7bf4b8c14c2513 fb17b29136c68309 8f2e07c6acbec325 ee0ae839a514d8c7 dbdb5bd0e9a9fc7e 1668bfa4e9229aca e377392eb096397 d4b360150473a7dd ed9642a7ea12cf62 d51c32f9eb1c1fb9 ef8fc796fbcdb639 e5e0859c29cf930f 94ebb2c8dd260a3e d8f3c077bafcb895 e4cc4ba4047b7a5f e1a1849dbed44613 f9d0fea9f9b7fe6d fe3378ccba954514 f9698b28de9d4a4d d85548badfd4fd69 9a6a427df33a89d1 d1d7d41ed688c186 b65dbeef93d3cda5 870e57762a2d1cd9 80b5de5fd0c8016d e49bcf12d8e62b95 313486e37139d4f 7db9ebcebaa2689 c490521e83c926cd badcc41cec776dce d8219457c7a39a8c cb6cc159c2b862d8 2f2fd0a79cb1e675 e455810106498576 c901e84e875164fe 24034b742fc2425b 360bc7d1f831b8f5 ff831df48858cc75 ] wstrb=[1f d0 68 15 a1 dd 9 c1 ae 71 d6 4f 4e df 10 fc 50 e6 4c 9e c5 5c 9b 15 43 e7 b4 8 43 4f 1e 86 36 d2 8f 79 21 ad 0 57 7f 8f d0 a0 3c d0 f7 bb 5f c7 5b 9b 98 52 56 f7 19 b1 93 b1 3 e9 a9 1d 9b 3c ce 9e 25 77 bb c0 b3 8a 5f d9 1 1a 99 b5 a4 f8 8e a6 13 27 5b b7 20 e9 5d 33 10 b8 ea 30 a1 48 63 b2 0 4e e2 a2 96 46 54 96 94 36 38 2a 7c 8c c0 10 c3 f9 3a 3f 85 fb 50 48 f4 8a 88 79 85 d8 c2 79 62 4a f3 e8 ] bresp=0 bid=11
[1445000] [SCOREBOARD-S] mst_id=0 s_id=1 awaddr=1b7efc58 awid=11 awlen=135 awsize=2 awburst=1 wdata=[db0fdab6baa59b32 ea6ec4f3069d0674 891002fbb9e626d4 f48bc207a46c1eab ab09251fe41fddb2 9e060486defa86fa 366a5a63419281b 183905cd9291c68d f18c4d88ae6fcac5 e288f2e0b63f0a53 c8d0d0e1f4f2f32e a362bdf3fac1f8ad 310103013a5d1e69 2f50119705ebb0d4 80ada981f9d1d3e2 342ef24bd2b2cf8a d89e805eb1aeac82 ab808064e37f03e2 b631d36cd94c29e0 8afad662dfaf72af c32e76910ed053cb e81c7dab367b56c7 962ac976f96049fe 8309dc9f317540d a992aad4d9594008 d2b98a06f04d1b74 e3646f813fbd744b 1916b453daea27cf cb3743430cf71a56 ccb48ea1ebd03e59 c6ba6628ae9bb2c4 bb92cd1ae5cb42f4 d19b814d11f1a96b c08d5c2f88475bbb ee129eaf1855e775 2a4790e0fc20294a 84678505bfae1ffc d8040771ead4ed0f e6f51659f27a23b5 b22843b1824b9851 ed208561eb5c9b5f ddd6bf140a2c4b23 8c77e374d4159bba bf7237198fff02c5 9a2b4de8f99868d5 cdae04909d48f62d 2d47f8f326a3315d a03b9a328d203ba9 2a6931d7c77346db ee167838ede99ec2 fb09da6cd7b12aca 9f2471a50e52126b fc3bb12d25730c43 fd24370d0d3ae9de 1b8cfc49f7458b99 9cb897dc9c48a8b2 a983929097c8ad76 f0e391099dccee9 3625779cc5108ed9 dcd93c50abc6d0ec c5a39fd6dfa90a2c 24b99906ebe77560 97ae464cfbc91772 db72219e0192d556 ed7a4ab6dd51e622 d91afd94802bbaa4 81be8ffa85289102 e27a7725348d1f33 b4b8d9d7ef38dab0 f4616bb3bb9574b9 f02293ec367769d2 a5b04482d6dbe2d8 9271579124db6dc4 db52d7969a11b035 f0ed930d0293eb7e 276f594281031c18 1b14cc4e035eea9f 5f2d61d02c230d8 83c54cf08c025f5b 8f6149fa2d622f5f 302460379eda193e 2adc789a95542017 c2b64f76b3e9ad27 d2c3c666ba3dc294 cf91e2acf2daafad 26c45cd5fda03f00 b7de019492483222 522e1d0f988233b f728623b876fe440 19b816632be73ea5 256f61e0af0663cf 367648101edaf833 cac236d81c97c41b cb9e27ead02e5e73 ef0956a6f03198b8 cc95cd382146ffa d242ce6d39cb8d7e 29fd2636d86784bd da7bf4b8c14c2513 fb17b29136c68309 8f2e07c6acbec325 ee0ae839a514d8c7 dbdb5bd0e9a9fc7e 1668bfa4e9229aca e377392eb096397 d4b360150473a7dd ed9642a7ea12cf62 d51c32f9eb1c1fb9 ef8fc796fbcdb639 e5e0859c29cf930f 94ebb2c8dd260a3e d8f3c077bafcb895 e4cc4ba4047b7a5f e1a1849dbed44613 f9d0fea9f9b7fe6d fe3378ccba954514 f9698b28de9d4a4d d85548badfd4fd69 9a6a427df33a89d1 d1d7d41ed688c186 b65dbeef93d3cda5 870e57762a2d1cd9 80b5de5fd0c8016d e49bcf12d8e62b95 313486e37139d4f 7db9ebcebaa2689 c490521e83c926cd badcc41cec776dce d8219457c7a39a8c cb6cc159c2b862d8 2f2fd0a79cb1e675 e455810106498576 c901e84e875164fe 24034b742fc2425b 360bc7d1f831b8f5 ff831df48858cc75 ] wstrb=[1f d0 68 15 a1 dd 9 c1 ae 71 d6 4f 4e df 10 fc 50 e6 4c 9e c5 5c 9b 15 43 e7 b4 8 43 4f 1e 86 36 d2 8f 79 21 ad 0 57 7f 8f d0 a0 3c d0 f7 bb 5f c7 5b 9b 98 52 56 f7 19 b1 93 b1 3 e9 a9 1d 9b 3c ce 9e 25 77 bb c0 b3 8a 5f d9 1 1a 99 b5 a4 f8 8e a6 13 27 5b b7 20 e9 5d 33 10 b8 ea 30 a1 48 63 b2 0 4e e2 a2 96 46 54 96 94 36 38 2a 7c 8c c0 10 c3 f9 3a 3f 85 fb 50 48 f4 8a 88 79 85 d8 c2 79 62 4a f3 e8 ] bresp=0 bid=11
[1445000] SCOREBOARD: Transaction 2 received. pass=296 fail=0
[1445000] ALL PASS. Total transactions: 2
[1455000] AXI S0_ARVALID_RDY HANDSHAKE
[1455000] MEMORY READ MISS beat=0 addr=d82c288 -> default data id=2
[1455000] SLAVE 1 R_VALID_RDY Handshake beat=1 rlast=1
[1455000] [SLAVE MONITOR] READ mst_id=0 s_id=1 araddr=19bfb718 arid=1 arlen=1 arsize=3 arburst=1 rid=[11] rresp=[00] rdata=[baadf00d12345678baadf00d12345678]
[1455000] ARB MONITOR: slave=0 m0_req=1 m1_req=0 winner=0
[1465000] MASTER 0 R_VALID_RDY Handshake beat=0 rlast=0
[1465000] SLAVE 0 R_VALID_RDY Handshake beat=0 rlast=0
[1465000] MEMORY READ MISS beat=1 addr=d82c290 -> default data id=2
[1475000] SLAVE 0 R_VALID_RDY Handshake beat=1 rlast=1
[1475000] [SLAVE MONITOR] READ mst_id=0 s_id=0 araddr=d82c288 arid=2 arlen=1 arsize=3 arburst=1 rid=[22] rresp=[00] rdata=[baadf00d12345678baadf00d12345678]
[1475000] MASTER 0 R_VALID_RDY Handshake beat=1 rlast=1
[1475000] [MASTER MONITOR] READ mst_id=0 s_id=1 araddr=19bfb718 arid=1 arlen=1 arsize=3 arburst=1 rid=[11] rresp=[00] rdata=[baadf00d12345678baadf00d12345678]
[1475000] [MASTER DRIVER] READ mst_id=0 s_id=0 araddr=19bfb718 arid=1 arlen=1 arsize=3 arburst=1 rid=[11] rresp=[00] rdata=[baadf00d12345678baadf00d12345678]
[1475000] SCOREBOARD MATCH: decode_err expected = 0, actual =0
[1475000] SCOREBOARD MATCH: slave_id expected = 1, actual =1
[1475000] SCOREBOARD MATCH: araddr passthrough expected = 19bfb718, actual =19bfb718
[1475000] SCOREBOARD MATCH: arlen passthrough expected = 1, actual =1
[1475000] SCOREBOARD MATCH: arsize passthrough expected = 3, actual =3
[1475000] SCOREBOARD MATCH: arburst passthrough expected = 1, actual =1
[1475000] SCOREBOARD MATCH: rdata size check expected = 2, actual =2
[1475000] SCOREBOARD MATCH: rdata passthrough beat=0 expected = baadf00d12345678, actual =baadf00d12345678
[1475000] SCOREBOARD MATCH: rdata passthrough beat=1 expected = baadf00d12345678, actual =baadf00d12345678
[1475000] SCOREBOARD MATCH: rresp size check expected = 2, actual =2
[1475000] SCOREBOARD MATCH: rresp passthrough beat=0 expected = 0, actual =0
[1475000] SCOREBOARD MATCH: rresp passthrough beat=1 expected = 0, actual =0
[1475000] SCOREBOARD MATCH: response routed to correct master (read beat 0) expected = 0, actual =0
[1475000] SCOREBOARD MATCH: response routed to correct master (read beat 1) expected = 0, actual =0
[1475000] [SCOREBOARD-M] READ mst_id=0 s_id=1 araddr=19bfb718 arid=1 arlen=1 arsize=3 arburst=1 rid=[11] rresp=[00] rdata=[baadf00d12345678baadf00d12345678]
[1475000] [SCOREBOARD-S] READ mst_id=0 s_id=1 araddr=19bfb718 arid=1 arlen=1 arsize=3 arburst=1 rid=[11] rresp=[00] rdata=[baadf00d12345678baadf00d12345678]
[1475000] SCOREBOARD: Transaction 3 received. pass=310 fail=0
[1475000] ALL PASS. Total transactions: 3
[1485000] ARB MONITOR: slave=0 m0_req=1 m1_req=0 winner=0
[1485000] AXI S0_ARVALID_RDY HANDSHAKE
[1485000] MEMORY READ MISS beat=0 addr=cfc68f8 -> default data id=3
[1495000] MEMORY READ MISS beat=1 addr=cfc6900 -> default data id=3
[1495000] SLAVE 0 R_VALID_RDY Handshake beat=0 rlast=0
[1495000] MASTER 0 R_VALID_RDY Handshake beat=0 rlast=0
[1505000] [MASTER DRIVER] READ mst_id=0 s_id=0 araddr=d82c288 arid=2 arlen=1 arsize=3 arburst=1 rid=[22] rresp=[00] rdata=[baadf00d12345678baadf00d12345678]
[1505000] MASTER 0 R_VALID_RDY Handshake beat=1 rlast=1
[1505000] [MASTER MONITOR] READ mst_id=0 s_id=0 araddr=d82c288 arid=2 arlen=1 arsize=3 arburst=1 rid=[22] rresp=[00] rdata=[baadf00d12345678baadf00d12345678]
[1505000] SLAVE 0 R_VALID_RDY Handshake beat=1 rlast=1
[1505000] [SLAVE MONITOR] READ mst_id=0 s_id=0 araddr=cfc68f8 arid=3 arlen=1 arsize=3 arburst=1 rid=[33] rresp=[00] rdata=[baadf00d12345678baadf00d12345678]
[1505000] SCOREBOARD MATCH: decode_err expected = 0, actual =0
[1505000] SCOREBOARD MATCH: slave_id expected = 0, actual =0
[1505000] SCOREBOARD MATCH: araddr passthrough expected = d82c288, actual =d82c288
[1505000] SCOREBOARD MATCH: arlen passthrough expected = 1, actual =1
[1505000] SCOREBOARD MATCH: arsize passthrough expected = 3, actual =3
[1505000] SCOREBOARD MATCH: arburst passthrough expected = 1, actual =1
[1505000] SCOREBOARD MATCH: rdata size check expected = 2, actual =2
[1505000] SCOREBOARD MATCH: rdata passthrough beat=0 expected = baadf00d12345678, actual =baadf00d12345678
[1505000] SCOREBOARD MATCH: rdata passthrough beat=1 expected = baadf00d12345678, actual =baadf00d12345678
[1505000] SCOREBOARD MATCH: rresp size check expected = 2, actual =2
[1505000] SCOREBOARD MATCH: rresp passthrough beat=0 expected = 0, actual =0
[1505000] SCOREBOARD MATCH: rresp passthrough beat=1 expected = 0, actual =0
[1505000] SCOREBOARD MATCH: response routed to correct master (read beat 0) expected = 0, actual =0
[1505000] SCOREBOARD MATCH: response routed to correct master (read beat 1) expected = 0, actual =0
[1505000] [SCOREBOARD-M] READ mst_id=0 s_id=0 araddr=d82c288 arid=2 arlen=1 arsize=3 arburst=1 rid=[22] rresp=[00] rdata=[baadf00d12345678baadf00d12345678]
[1505000] [SCOREBOARD-S] READ mst_id=0 s_id=0 araddr=d82c288 arid=2 arlen=1 arsize=3 arburst=1 rid=[22] rresp=[00] rdata=[baadf00d12345678baadf00d12345678]
[1505000] SCOREBOARD: Transaction 4 received. pass=324 fail=0
[1505000] ALL PASS. Total transactions: 4
[1525000] MASTER 0 R_VALID_RDY Handshake beat=0 rlast=0
[1535000] MASTER 0 R_VALID_RDY Handshake beat=1 rlast=1
[1535000] [MASTER MONITOR] READ mst_id=0 s_id=0 araddr=cfc68f8 arid=3 arlen=1 arsize=3 arburst=1 rid=[33] rresp=[00] rdata=[baadf00d12345678baadf00d12345678]
[1535000] [MASTER DRIVER] READ mst_id=0 s_id=0 araddr=cfc68f8 arid=3 arlen=1 arsize=3 arburst=1 rid=[33] rresp=[00] rdata=[baadf00d12345678baadf00d12345678]
[1535000] SCOREBOARD MATCH: decode_err expected = 0, actual =0
[1535000] SCOREBOARD MATCH: slave_id expected = 0, actual =0
[1535000] SCOREBOARD MATCH: araddr passthrough expected = cfc68f8, actual =cfc68f8
[1535000] SCOREBOARD MATCH: arlen passthrough expected = 1, actual =1
[1535000] SCOREBOARD MATCH: arsize passthrough expected = 3, actual =3
[1535000] SCOREBOARD MATCH: arburst passthrough expected = 1, actual =1
[1535000] SCOREBOARD MATCH: rdata size check expected = 2, actual =2
[1535000] SCOREBOARD MATCH: rdata passthrough beat=0 expected = baadf00d12345678, actual =baadf00d12345678
[1535000] SCOREBOARD MATCH: rdata passthrough beat=1 expected = baadf00d12345678, actual =baadf00d12345678
[1535000] SCOREBOARD MATCH: rresp size check expected = 2, actual =2
[1535000] SCOREBOARD MATCH: rresp passthrough beat=0 expected = 0, actual =0
[1535000] SCOREBOARD MATCH: rresp passthrough beat=1 expected = 0, actual =0
[1535000] SCOREBOARD MATCH: response routed to correct master (read beat 0) expected = 0, actual =0
[1535000] SCOREBOARD MATCH: response routed to correct master (read beat 1) expected = 0, actual =0
[1535000] [SCOREBOARD-M] READ mst_id=0 s_id=0 araddr=cfc68f8 arid=3 arlen=1 arsize=3 arburst=1 rid=[33] rresp=[00] rdata=[baadf00d12345678baadf00d12345678]
[1535000] [SCOREBOARD-S] READ mst_id=0 s_id=0 araddr=cfc68f8 arid=3 arlen=1 arsize=3 arburst=1 rid=[33] rresp=[00] rdata=[baadf00d12345678baadf00d12345678]
[1535000] SCOREBOARD: Transaction 5 received. pass=338 fail=0
[1535000] SCOREBOARD: Expected 5 transactions completed, PASS=338 FAIL=0
[1535000] ALL PASS. Total transactions: 5
[1535000] ALL TRANSACTIONS MONITORED
$finish called at time : 1555 ns : File "/home/nashita/Desktop/practice/axi_xbar/tb/top/axi_tb_top.sv" Line 220
exit
INFO: xsimkernel Simulation Memory Usage: 289464 KB (Peak: 337864 KB), Simulation CPU Usage: 1170 ms
INFO: [Common 17-206] Exiting xsim at Fri Sep 11 11:33:18 2026...
