#-----------------------------------------------------------
# xsim v2025.2 (64-bit)
# SW Build 6299465 on Fri Nov 14 12:34:56 MST 2025
# IP Build 6300035 on Fri Nov 14 10:48:45 MST 2025
# SharedData Build 6298862 on Thu Nov 13 04:50:51 MST 2025
# Start of session at: Thu Sep 10 18:32:06 2026
# Process ID         : 3637974
# Current directory  : /home/nashita/Desktop/practice/axi_xbar/sim
# Command line       : xsim -log regress_results/BT_run280.log -mode tcl -source {xsim.dir/tb_top_snap/xsim_script.tcl}
# Log file           : /home/nashita/Desktop/practice/axi_xbar/sim/regress_results/BT_run280.log
# Journal file       : /home/nashita/Desktop/practice/axi_xbar/sim/xsim.jou
# Running On         : vlsi-vivado
# Platform           : Ubuntu
# Operating System   : Ubuntu 24.04.4 LTS
# Processor Detail   : Intel(R) Core(TM) i5-10400 CPU @ 2.90GHz
# CPU Frequency      : 3999.999 MHz
# CPU Physical cores : 6
# CPU Logical cores  : 12
# Host memory        : 41875 MB
# Swap memory        : 27648 MB
# Total Virtual      : 69524 MB
# Available Virtual  : 62805 MB
#-----------------------------------------------------------
source xsim.dir/tb_top_snap/xsim_script.tcl
# xsim {tb_top_snap} -testplusarg BT -autoloadwcfg -runall -sv_seed 281
Time resolution is 1 ps
run -all
[0] RUNNING BASE TEST
[0] INSIDE THE BASE TEST CONSTRUCTOR
[0] ENV: before agent
[0] SLAVE CONSTRUCTED
[0] MASTER MONITOR CONSTRUCTED
[0] MASTER MONITOR CONSTRUCTED
[0] SLAVE MONITOR CONSTRUCTED
[0] SLAVE MONITOR CONSTRUCTED
[0] ARB MONITOR CONSTRUCTED
GENERATOR CONSTRUCTED
[0] ENV: after agent
[0] ENV: before scoreboard
[0] ENV: after scoreboard
[15000] [SEQUENCER] mst_id=0 s_id=0 awaddr=daf210 awid=1000 awlen=16 awsize=7 awburst=0 wdata=[d934b3bac0210090 ec60a0a4f052d88b f71f270d91317278 d1527309f391229b e3e3fb26d053dac7 e1854d3fbdb313ad 31443649db032233 ab56fcfab2d7c048 f08ad3f69528316f f02b53a30cdc4a3a bfb40a8221cf0a3f b6f73bae9b82509d a85e9ad7b03ede78 d20de8b7a7228f51 c2a4dfefe812a55a 985183d209052466 b027b3b7eb037ac6 ] wstrb=[8a 20 a6 f0 f3 6d a7 7d 8d 4e 6d 80 bb 14 fd 48 62 ] bresp=0 bid=0
[15000] [SEQUENCER] READ mst_id=1 s_id=0 araddr=15fc3310 arid=0 arlen=1 arsize=3 arburst=1 rid=[] rresp=[] rdata=[]
[15000] [SEQUENCER] READ mst_id=1 s_id=0 araddr=1343eb50 arid=1 arlen=1 arsize=3 arburst=1 rid=[] rresp=[] rdata=[]
[15000] [SEQUENCER] mst_id=0 s_id=0 awaddr=52db320 awid=1 awlen=65 awsize=5 awburst=1 wdata=[58252010be9181a e7ef175bf09a1c2a cfcafac514c5b3b7 20aecbd117914034 82b5c5ed54d4cc6 ea13007d889de32c a02f2360d7f65723 2d43a3e90ac1cc4e 935faf7aa85a7fbe 8050d6e11756a466 221870b4338ed2db dbe95299ad947aca c4eb1f30b578202e e906f309dc3a297b 89cea445e7038fe4 1c7bb013c4f045a3 212a6f1eceb9c376 b5bd535a8582a31c ca72e8bfaaf91363 f9b2d6d9d239036d d7bba68aeb9d57dd 16966b412f702a34 81a92da1a22e8f49 dcbe7279049421a bfb96c4ed964d42b fb93637524625268 b4ab9482c16299f0 9ac76e1b095f4a9c 2dc19d04f46500d1 35c79ac1965ad190 9fba1c2ce26d3186 d6d23257d08f08dc e6e9da6dcd7bb930 2fe8eab78c99cd18 dd28d5f586a3f699 d41fafca86bb1d0e 1354ea27c412b062 cab6a6fb04089a81 8ac3b78ff07dc01c 3490707e9ed656c5 a2def1469e18a1b6 8e9661d2ff471779 1e1d6e3f2da2a8d6 cbbb4a8cc326d250 c26de9cac0fc5f85 ee9f085bda51ac5f 9d787eafe08b5809 a187b78e3a5a52e8 14abff47dfe66879 c071c0821026bfea ca8112d2b2247df6 120ae670e1f97811 f22037fbdf2d1219 9151900fd27ca6f2 b4761f033ca14acd 1bce5ce6a35c767f f5d91d72a69656fe e337a1cbad1fecf5 d07c6375aa4f3c75 d0e59374ff05feb1 2c25eba7c65580e7 f0a4bd5cb41d353f 332333f1fca24f1c c2f7d003c18a50d0 f5a78610df491f98 dbeb6eb4b39c8d5f ] wstrb=[1 30 b7 99 40 16 4d 41 46 4 da 86 1a 27 c7 61 2b a1 e7 45 c8 af a6 f3 50 8e 39 19 3d df c 8d 6d 45 a6 aa 25 b3 38 92 f8 de 3d 1d 91 75 b0 8a 53 ed a7 e5 62 57 6f b5 44 16 9a a6 6e 9 5c b2 20 f6 ] bresp=0 bid=0
[15000] [SEQUENCER] READ mst_id=0 s_id=0 araddr=3049e68 arid=2 arlen=1 arsize=3 arburst=1 rid=[] rresp=[] rdata=[]
[15000] MASTER_DRIVER0 received transaction, op=AXI_WRITE
[15000] MASTER_DRIVER1 received transaction, op=AXI_READ
[35000] MASTER 0 AW_VALID_RDY Handshake
[35000] MASTER_DRIVER1 received transaction, op=AXI_READ
[45000] ARB MONITOR: slave=0 m0_req=1 m1_req=0 winner=0
[45000] ARB MONITOR: slave=1 m0_req=0 m1_req=1 winner=1
[45000] AXI S0_ARVALID_RDY HANDSHAKE
[45000] MEMORY READ MISS beat=0 addr=15fc3310 -> default data id=16
[45000] AXI S0_AWVALID_RDY HANDSHAKE
[55000] MEMORY READ MISS beat=1 addr=15fc3318 -> default data id=16
[55000] SLAVE 1 R_VALID_RDY Handshake beat=0 rlast=0
[55000] MASTER 0 W_VALID_RDY Handshake beat=0 wlast=0
[65000] MASTER 0 W_VALID_RDY Handshake beat=1 wlast=0
[65000] SLAVE 1 R_VALID_RDY Handshake beat=1 rlast=1
[65000] [SLAVE MONITOR] READ mst_id=1 s_id=1 araddr=15fc3310 arid=0 arlen=1 arsize=3 arburst=1 rid=[1010] rresp=[00] rdata=[baadf00d12345678baadf00d12345678]
[65000] AXI S0_WVALID_RDY HANDSHAKE
[65000] S0 MEMORY WRITE beat=0 addr=00daf210 data=d934b3bac0210090 id=08
[75000] AXI S0_WVALID_RDY HANDSHAKE
[75000] S0 MEMORY WRITE beat=1 addr=00daf210 data=ec60a0a4f052d88b id=08
[75000] AXI S0_ARVALID_RDY HANDSHAKE
[75000] MEMORY READ MISS beat=0 addr=1343eb50 -> default data id=17
[75000] ARB MONITOR: slave=1 m0_req=0 m1_req=1 winner=1
[75000] MASTER 1 R_VALID_RDY Handshake beat=0 rlast=0
[75000] MASTER 0 W_VALID_RDY Handshake beat=2 wlast=0
[85000] [MASTER DRIVER] READ mst_id=1 s_id=0 araddr=15fc3310 arid=0 arlen=1 arsize=3 arburst=1 rid=[00] rresp=[00] rdata=[baadf00d12345678baadf00d12345678]
[85000] MASTER 0 W_VALID_RDY Handshake beat=3 wlast=0
[85000] MASTER 1 R_VALID_RDY Handshake beat=1 rlast=1
[85000] [MASTER MONITOR] READ mst_id=1 s_id=1 araddr=15fc3310 arid=0 arlen=1 arsize=3 arburst=1 rid=[00] rresp=[00] rdata=[baadf00d12345678baadf00d12345678]
[85000] SLAVE 1 R_VALID_RDY Handshake beat=0 rlast=0
[85000] MEMORY READ MISS beat=1 addr=1343eb58 -> default data id=17
[85000] AXI S0_WVALID_RDY HANDSHAKE
[85000] S0 MEMORY WRITE beat=2 addr=00daf210 data=f71f270d91317278 id=08
[85000] SCOREBOARD MATCH: decode_err expected = 0, actual =0
[85000] SCOREBOARD MATCH: slave_id expected = 1, actual =1
[85000] SCOREBOARD MATCH: araddr passthrough expected = 15fc3310, actual =15fc3310
[85000] SCOREBOARD MATCH: arlen passthrough expected = 1, actual =1
[85000] SCOREBOARD MATCH: arsize passthrough expected = 3, actual =3
[85000] SCOREBOARD MATCH: arburst passthrough expected = 1, actual =1
[85000] SCOREBOARD MATCH: rdata size check expected = 2, actual =2
[85000] SCOREBOARD MATCH: rdata passthrough beat=0 expected = baadf00d12345678, actual =baadf00d12345678
[85000] SCOREBOARD MATCH: rdata passthrough beat=1 expected = baadf00d12345678, actual =baadf00d12345678
[85000] SCOREBOARD MATCH: rresp size check expected = 2, actual =2
[85000] SCOREBOARD MATCH: rresp passthrough beat=0 expected = 0, actual =0
[85000] SCOREBOARD MATCH: rresp passthrough beat=1 expected = 0, actual =0
[85000] SCOREBOARD MATCH: response routed to correct master (read beat 0) expected = 1, actual =1
[85000] SCOREBOARD MATCH: response routed to correct master (read beat 1) expected = 1, actual =1
[85000] [SCOREBOARD-M] READ mst_id=1 s_id=1 araddr=15fc3310 arid=0 arlen=1 arsize=3 arburst=1 rid=[00] rresp=[00] rdata=[baadf00d12345678baadf00d12345678]
[85000] [SCOREBOARD-S] READ mst_id=1 s_id=1 araddr=15fc3310 arid=0 arlen=1 arsize=3 arburst=1 rid=[1010] rresp=[00] rdata=[baadf00d12345678baadf00d12345678]
[85000] SCOREBOARD: Transaction 1 received. pass=14 fail=0
[85000] ALL PASS. Total transactions: 1
[95000] AXI S0_WVALID_RDY HANDSHAKE
[95000] S0 MEMORY WRITE beat=3 addr=00daf210 data=d1527309f391229b id=08
[95000] SLAVE 1 R_VALID_RDY Handshake beat=1 rlast=1
[95000] [SLAVE MONITOR] READ mst_id=1 s_id=1 araddr=1343eb50 arid=1 arlen=1 arsize=3 arburst=1 rid=[1111] rresp=[00] rdata=[baadf00d12345678baadf00d12345678]
[95000] MASTER 0 W_VALID_RDY Handshake beat=4 wlast=0
[105000] MASTER 0 W_VALID_RDY Handshake beat=5 wlast=0
[105000] MASTER 1 R_VALID_RDY Handshake beat=0 rlast=0
[105000] AXI S0_WVALID_RDY HANDSHAKE
[105000] S0 MEMORY WRITE beat=4 addr=00daf210 data=e3e3fb26d053dac7 id=08
[115000] AXI S0_WVALID_RDY HANDSHAKE
[115000] S0 MEMORY WRITE beat=5 addr=00daf210 data=e1854d3fbdb313ad id=08
[115000] MASTER 1 R_VALID_RDY Handshake beat=1 rlast=1
[115000] [MASTER MONITOR] READ mst_id=1 s_id=1 araddr=1343eb50 arid=1 arlen=1 arsize=3 arburst=1 rid=[11] rresp=[00] rdata=[baadf00d12345678baadf00d12345678]
[115000] MASTER 0 W_VALID_RDY Handshake beat=6 wlast=0
[115000] [MASTER DRIVER] READ mst_id=1 s_id=0 araddr=1343eb50 arid=1 arlen=1 arsize=3 arburst=1 rid=[11] rresp=[00] rdata=[baadf00d12345678baadf00d12345678]
[115000] SCOREBOARD MATCH: decode_err expected = 0, actual =0
[115000] SCOREBOARD MATCH: slave_id expected = 1, actual =1
[115000] SCOREBOARD MATCH: araddr passthrough expected = 1343eb50, actual =1343eb50
[115000] SCOREBOARD MATCH: arlen passthrough expected = 1, actual =1
[115000] SCOREBOARD MATCH: arsize passthrough expected = 3, actual =3
[115000] SCOREBOARD MATCH: arburst passthrough expected = 1, actual =1
[115000] SCOREBOARD MATCH: rdata size check expected = 2, actual =2
[115000] SCOREBOARD MATCH: rdata passthrough beat=0 expected = baadf00d12345678, actual =baadf00d12345678
[115000] SCOREBOARD MATCH: rdata passthrough beat=1 expected = baadf00d12345678, actual =baadf00d12345678
[115000] SCOREBOARD MATCH: rresp size check expected = 2, actual =2
[115000] SCOREBOARD MATCH: rresp passthrough beat=0 expected = 0, actual =0
[115000] SCOREBOARD MATCH: rresp passthrough beat=1 expected = 0, actual =0
[115000] SCOREBOARD MATCH: response routed to correct master (read beat 0) expected = 1, actual =1
[115000] SCOREBOARD MATCH: response routed to correct master (read beat 1) expected = 1, actual =1
[115000] [SCOREBOARD-M] READ mst_id=1 s_id=1 araddr=1343eb50 arid=1 arlen=1 arsize=3 arburst=1 rid=[11] rresp=[00] rdata=[baadf00d12345678baadf00d12345678]
[115000] [SCOREBOARD-S] READ mst_id=1 s_id=1 araddr=1343eb50 arid=1 arlen=1 arsize=3 arburst=1 rid=[1111] rresp=[00] rdata=[baadf00d12345678baadf00d12345678]
[115000] SCOREBOARD: Transaction 2 received. pass=28 fail=0
[115000] ALL PASS. Total transactions: 2
[125000] MASTER 0 W_VALID_RDY Handshake beat=7 wlast=0
[125000] AXI S0_WVALID_RDY HANDSHAKE
[125000] S0 MEMORY WRITE beat=6 addr=00daf210 data=31443649db032233 id=08
[135000] AXI S0_WVALID_RDY HANDSHAKE
[135000] S0 MEMORY WRITE beat=7 addr=00daf210 data=ab56fcfab2d7c048 id=08
[135000] MASTER 0 W_VALID_RDY Handshake beat=8 wlast=0
[145000] MASTER 0 W_VALID_RDY Handshake beat=9 wlast=0
[145000] AXI S0_WVALID_RDY HANDSHAKE
[145000] S0 MEMORY WRITE beat=8 addr=00daf210 data=f08ad3f69528316f id=08
[155000] AXI S0_WVALID_RDY HANDSHAKE
[155000] S0 MEMORY WRITE beat=9 addr=00daf210 data=f02b53a30cdc4a3a id=08
[155000] MASTER 0 W_VALID_RDY Handshake beat=10 wlast=0
[165000] MASTER 0 W_VALID_RDY Handshake beat=11 wlast=0
[165000] AXI S0_WVALID_RDY HANDSHAKE
[165000] S0 MEMORY WRITE beat=10 addr=00daf210 data=bfb40a8221cf0a3f id=08
[175000] AXI S0_WVALID_RDY HANDSHAKE
[175000] S0 MEMORY WRITE beat=11 addr=00daf210 data=b6f73bae9b82509d id=08
[175000] MASTER 0 W_VALID_RDY Handshake beat=12 wlast=0
[185000] MASTER 0 W_VALID_RDY Handshake beat=13 wlast=0
[185000] AXI S0_WVALID_RDY HANDSHAKE
[185000] S0 MEMORY WRITE beat=12 addr=00daf210 data=a85e9ad7b03ede78 id=08
[195000] AXI S0_WVALID_RDY HANDSHAKE
[195000] S0 MEMORY WRITE beat=13 addr=00daf210 data=d20de8b7a7228f51 id=08
[195000] MASTER 0 W_VALID_RDY Handshake beat=14 wlast=0
[205000] MASTER 0 W_VALID_RDY Handshake beat=15 wlast=0
[205000] AXI S0_WVALID_RDY HANDSHAKE
[205000] S0 MEMORY WRITE beat=14 addr=00daf210 data=c2a4dfefe812a55a id=08
[215000] AXI S0_WVALID_RDY HANDSHAKE
[215000] S0 MEMORY WRITE beat=15 addr=00daf210 data=985183d209052466 id=08
[215000] MASTER 0 W_VALID_RDY Handshake beat=16 wlast=1
[215000] MASTER_DRIVER0 received transaction, op=AXI_WRITE
[225000] AXI S0_WVALID_RDY HANDSHAKE
[225000] S0 MEMORY WRITE beat=16 addr=00daf210 data=b027b3b7eb037ac6 id=08
[235000] SLAVE0 sent B resp, id=8
[235000] [SLAVE MONITOR] mst_id=0 s_id=0 awaddr=daf210 awid=1000 awlen=16 awsize=7 awburst=0 wdata=[d934b3bac0210090 ec60a0a4f052d88b f71f270d91317278 d1527309f391229b e3e3fb26d053dac7 e1854d3fbdb313ad 31443649db032233 ab56fcfab2d7c048 f08ad3f69528316f f02b53a30cdc4a3a bfb40a8221cf0a3f b6f73bae9b82509d a85e9ad7b03ede78 d20de8b7a7228f51 c2a4dfefe812a55a 985183d209052466 b027b3b7eb037ac6 ] wstrb=[8a 20 a6 f0 f3 6d a7 7d 8d 4e 6d 80 bb 14 fd 48 62 ] bresp=0 bid=1000
[235000] MASTER 0 AW_VALID_RDY Handshake
[245000] ARB MONITOR: slave=0 m0_req=1 m1_req=0 winner=0
[245000] AXI S0_AWVALID_RDY HANDSHAKE
[255000] MASTER 0 W_VALID_RDY Handshake beat=0 wlast=0
[255000] MASTER 0 B_VALID_RDY Handshake
[255000] [MASTER MONITOR] mst_id=0 s_id=0 awaddr=daf210 awid=1000 awlen=16 awsize=7 awburst=0 wdata=[d934b3bac0210090 ec60a0a4f052d88b f71f270d91317278 d1527309f391229b e3e3fb26d053dac7 e1854d3fbdb313ad 31443649db032233 ab56fcfab2d7c048 f08ad3f69528316f f02b53a30cdc4a3a bfb40a8221cf0a3f b6f73bae9b82509d a85e9ad7b03ede78 d20de8b7a7228f51 c2a4dfefe812a55a 985183d209052466 b027b3b7eb037ac6 ] wstrb=[8a 20 a6 f0 f3 6d a7 7d 8d 4e 6d 80 bb 14 fd 48 62 ] bresp=0 bid=1000
[255000] MASTER 0 RECEIVED BRESP. BRESP=0
[255000] [MASTER DRIVER] mst_id=0 s_id=0 awaddr=daf210 awid=1000 awlen=16 awsize=7 awburst=0 wdata=[d934b3bac0210090 ec60a0a4f052d88b f71f270d91317278 d1527309f391229b e3e3fb26d053dac7 e1854d3fbdb313ad 31443649db032233 ab56fcfab2d7c048 f08ad3f69528316f f02b53a30cdc4a3a bfb40a8221cf0a3f b6f73bae9b82509d a85e9ad7b03ede78 d20de8b7a7228f51 c2a4dfefe812a55a 985183d209052466 b027b3b7eb037ac6 ] wstrb=[8a 20 a6 f0 f3 6d a7 7d 8d 4e 6d 80 bb 14 fd 48 62 ] bresp=0 bid=1000
[255000] SCOREBOARD MATCH: decode_err expected = 0, actual =0
[255000] SCOREBOARD MATCH: slave_id expected = 0, actual =0
[255000] SCOREBOARD MATCH: awaddr passthrough expected = daf210, actual =daf210
[255000] SCOREBOARD MATCH: awlen passthrough expected = 16, actual =16
[255000] SCOREBOARD MATCH: awsize passthrough expected = 7, actual =7
[255000] SCOREBOARD MATCH: awburst passthrough expected = 0, actual =0
[255000] SCOREBOARD MATCH: wdata size check expected = 11, actual =11
[255000] SCOREBOARD MATCH: wdata passthrough beat=0 expected = d934b3bac0210090, actual =d934b3bac0210090
[255000] SCOREBOARD MATCH: wdata passthrough beat=1 expected = ec60a0a4f052d88b, actual =ec60a0a4f052d88b
[255000] SCOREBOARD MATCH: wdata passthrough beat=2 expected = f71f270d91317278, actual =f71f270d91317278
[255000] SCOREBOARD MATCH: wdata passthrough beat=3 expected = d1527309f391229b, actual =d1527309f391229b
[255000] SCOREBOARD MATCH: wdata passthrough beat=4 expected = e3e3fb26d053dac7, actual =e3e3fb26d053dac7
[255000] SCOREBOARD MATCH: wdata passthrough beat=5 expected = e1854d3fbdb313ad, actual =e1854d3fbdb313ad
[255000] SCOREBOARD MATCH: wdata passthrough beat=6 expected = 31443649db032233, actual =31443649db032233
[255000] SCOREBOARD MATCH: wdata passthrough beat=7 expected = ab56fcfab2d7c048, actual =ab56fcfab2d7c048
[255000] SCOREBOARD MATCH: wdata passthrough beat=8 expected = f08ad3f69528316f, actual =f08ad3f69528316f
[255000] SCOREBOARD MATCH: wdata passthrough beat=9 expected = f02b53a30cdc4a3a, actual =f02b53a30cdc4a3a
[255000] SCOREBOARD MATCH: wdata passthrough beat=10 expected = bfb40a8221cf0a3f, actual =bfb40a8221cf0a3f
[255000] SCOREBOARD MATCH: wdata passthrough beat=11 expected = b6f73bae9b82509d, actual =b6f73bae9b82509d
[255000] SCOREBOARD MATCH: wdata passthrough beat=12 expected = a85e9ad7b03ede78, actual =a85e9ad7b03ede78
[255000] SCOREBOARD MATCH: wdata passthrough beat=13 expected = d20de8b7a7228f51, actual =d20de8b7a7228f51
[255000] SCOREBOARD MATCH: wdata passthrough beat=14 expected = c2a4dfefe812a55a, actual =c2a4dfefe812a55a
[255000] SCOREBOARD MATCH: wdata passthrough beat=15 expected = 985183d209052466, actual =985183d209052466
[255000] SCOREBOARD MATCH: wdata passthrough beat=16 expected = b027b3b7eb037ac6, actual =b027b3b7eb037ac6
[255000] SCOREBOARD MATCH: wstrb size check expected = 11, actual =11
[255000] SCOREBOARD MATCH: wstrb passthrough beat=0 expected = 8a, actual =8a
[255000] SCOREBOARD MATCH: wstrb passthrough beat=1 expected = 20, actual =20
[255000] SCOREBOARD MATCH: wstrb passthrough beat=2 expected = a6, actual =a6
[255000] SCOREBOARD MATCH: wstrb passthrough beat=3 expected = f0, actual =f0
[255000] SCOREBOARD MATCH: wstrb passthrough beat=4 expected = f3, actual =f3
[255000] SCOREBOARD MATCH: wstrb passthrough beat=5 expected = 6d, actual =6d
[255000] SCOREBOARD MATCH: wstrb passthrough beat=6 expected = a7, actual =a7
[255000] SCOREBOARD MATCH: wstrb passthrough beat=7 expected = 7d, actual =7d
[255000] SCOREBOARD MATCH: wstrb passthrough beat=8 expected = 8d, actual =8d
[255000] SCOREBOARD MATCH: wstrb passthrough beat=9 expected = 4e, actual =4e
[255000] SCOREBOARD MATCH: wstrb passthrough beat=10 expected = 6d, actual =6d
[255000] SCOREBOARD MATCH: wstrb passthrough beat=11 expected = 80, actual =80
[255000] SCOREBOARD MATCH: wstrb passthrough beat=12 expected = bb, actual =bb
[255000] SCOREBOARD MATCH: wstrb passthrough beat=13 expected = 14, actual =14
[255000] SCOREBOARD MATCH: wstrb passthrough beat=14 expected = fd, actual =fd
[255000] SCOREBOARD MATCH: wstrb passthrough beat=15 expected = 48, actual =48
[255000] SCOREBOARD MATCH: wstrb passthrough beat=16 expected = 62, actual =62
[255000] SCOREBOARD MATCH: bresp passthrough expected = 0, actual =0
[255000] SCOREBOARD MATCH: response routed to correct master (write) expected = 0, actual =0
[255000] [SCOREBOARD-M] mst_id=0 s_id=0 awaddr=daf210 awid=1000 awlen=16 awsize=7 awburst=0 wdata=[d934b3bac0210090 ec60a0a4f052d88b f71f270d91317278 d1527309f391229b e3e3fb26d053dac7 e1854d3fbdb313ad 31443649db032233 ab56fcfab2d7c048 f08ad3f69528316f f02b53a30cdc4a3a bfb40a8221cf0a3f b6f73bae9b82509d a85e9ad7b03ede78 d20de8b7a7228f51 c2a4dfefe812a55a 985183d209052466 b027b3b7eb037ac6 ] wstrb=[8a 20 a6 f0 f3 6d a7 7d 8d 4e 6d 80 bb 14 fd 48 62 ] bresp=0 bid=1000
[255000] [SCOREBOARD-S] mst_id=0 s_id=0 awaddr=daf210 awid=1000 awlen=16 awsize=7 awburst=0 wdata=[d934b3bac0210090 ec60a0a4f052d88b f71f270d91317278 d1527309f391229b e3e3fb26d053dac7 e1854d3fbdb313ad 31443649db032233 ab56fcfab2d7c048 f08ad3f69528316f f02b53a30cdc4a3a bfb40a8221cf0a3f b6f73bae9b82509d a85e9ad7b03ede78 d20de8b7a7228f51 c2a4dfefe812a55a 985183d209052466 b027b3b7eb037ac6 ] wstrb=[8a 20 a6 f0 f3 6d a7 7d 8d 4e 6d 80 bb 14 fd 48 62 ] bresp=0 bid=1000
[255000] SCOREBOARD: Transaction 3 received. pass=72 fail=0
[255000] ALL PASS. Total transactions: 3
[265000] MASTER 0 W_VALID_RDY Handshake beat=1 wlast=0
[265000] AXI S0_WVALID_RDY HANDSHAKE
[265000] S0 MEMORY WRITE beat=0 addr=052db320 data=058252010be9181a id=01
[275000] AXI S0_WVALID_RDY HANDSHAKE
[275000] S0 MEMORY WRITE beat=1 addr=052db340 data=e7ef175bf09a1c2a id=01
[275000] MASTER 0 W_VALID_RDY Handshake beat=2 wlast=0
[285000] MASTER 0 W_VALID_RDY Handshake beat=3 wlast=0
[285000] AXI S0_WVALID_RDY HANDSHAKE
[285000] S0 MEMORY WRITE beat=2 addr=052db360 data=cfcafac514c5b3b7 id=01
[295000] AXI S0_WVALID_RDY HANDSHAKE
[295000] S0 MEMORY WRITE beat=3 addr=052db380 data=20aecbd117914034 id=01
[295000] MASTER 0 W_VALID_RDY Handshake beat=4 wlast=0
[305000] MASTER 0 W_VALID_RDY Handshake beat=5 wlast=0
[305000] AXI S0_WVALID_RDY HANDSHAKE
[305000] S0 MEMORY WRITE beat=4 addr=052db3a0 data=082b5c5ed54d4cc6 id=01
[315000] AXI S0_WVALID_RDY HANDSHAKE
[315000] S0 MEMORY WRITE beat=5 addr=052db3c0 data=ea13007d889de32c id=01
[315000] MASTER 0 W_VALID_RDY Handshake beat=6 wlast=0
[325000] MASTER 0 W_VALID_RDY Handshake beat=7 wlast=0
[325000] AXI S0_WVALID_RDY HANDSHAKE
[325000] S0 MEMORY WRITE beat=6 addr=052db3e0 data=a02f2360d7f65723 id=01
[335000] AXI S0_WVALID_RDY HANDSHAKE
[335000] S0 MEMORY WRITE beat=7 addr=052db400 data=2d43a3e90ac1cc4e id=01
[335000] MASTER 0 W_VALID_RDY Handshake beat=8 wlast=0
[345000] MASTER 0 W_VALID_RDY Handshake beat=9 wlast=0
[345000] AXI S0_WVALID_RDY HANDSHAKE
[345000] S0 MEMORY WRITE beat=8 addr=052db420 data=935faf7aa85a7fbe id=01
[355000] AXI S0_WVALID_RDY HANDSHAKE
[355000] S0 MEMORY WRITE beat=9 addr=052db440 data=8050d6e11756a466 id=01
[355000] MASTER 0 W_VALID_RDY Handshake beat=10 wlast=0
[365000] MASTER 0 W_VALID_RDY Handshake beat=11 wlast=0
[365000] AXI S0_WVALID_RDY HANDSHAKE
[365000] S0 MEMORY WRITE beat=10 addr=052db460 data=221870b4338ed2db id=01
[375000] AXI S0_WVALID_RDY HANDSHAKE
[375000] S0 MEMORY WRITE beat=11 addr=052db480 data=dbe95299ad947aca id=01
[375000] MASTER 0 W_VALID_RDY Handshake beat=12 wlast=0
[385000] MASTER 0 W_VALID_RDY Handshake beat=13 wlast=0
[385000] AXI S0_WVALID_RDY HANDSHAKE
[385000] S0 MEMORY WRITE beat=12 addr=052db4a0 data=c4eb1f30b578202e id=01
[395000] AXI S0_WVALID_RDY HANDSHAKE
[395000] S0 MEMORY WRITE beat=13 addr=052db4c0 data=e906f309dc3a297b id=01
[395000] MASTER 0 W_VALID_RDY Handshake beat=14 wlast=0
[405000] MASTER 0 W_VALID_RDY Handshake beat=15 wlast=0
[405000] AXI S0_WVALID_RDY HANDSHAKE
[405000] S0 MEMORY WRITE beat=14 addr=052db4e0 data=89cea445e7038fe4 id=01
[415000] AXI S0_WVALID_RDY HANDSHAKE
[415000] S0 MEMORY WRITE beat=15 addr=052db500 data=1c7bb013c4f045a3 id=01
[415000] MASTER 0 W_VALID_RDY Handshake beat=16 wlast=0
[425000] MASTER 0 W_VALID_RDY Handshake beat=17 wlast=0
[425000] AXI S0_WVALID_RDY HANDSHAKE
[425000] S0 MEMORY WRITE beat=16 addr=052db520 data=212a6f1eceb9c376 id=01
[435000] AXI S0_WVALID_RDY HANDSHAKE
[435000] S0 MEMORY WRITE beat=17 addr=052db540 data=b5bd535a8582a31c id=01
[435000] MASTER 0 W_VALID_RDY Handshake beat=18 wlast=0
[445000] MASTER 0 W_VALID_RDY Handshake beat=19 wlast=0
[445000] AXI S0_WVALID_RDY HANDSHAKE
[445000] S0 MEMORY WRITE beat=18 addr=052db560 data=ca72e8bfaaf91363 id=01
[455000] AXI S0_WVALID_RDY HANDSHAKE
[455000] S0 MEMORY WRITE beat=19 addr=052db580 data=f9b2d6d9d239036d id=01
[455000] MASTER 0 W_VALID_RDY Handshake beat=20 wlast=0
[465000] MASTER 0 W_VALID_RDY Handshake beat=21 wlast=0
[465000] AXI S0_WVALID_RDY HANDSHAKE
[465000] S0 MEMORY WRITE beat=20 addr=052db5a0 data=d7bba68aeb9d57dd id=01
[475000] AXI S0_WVALID_RDY HANDSHAKE
[475000] S0 MEMORY WRITE beat=21 addr=052db5c0 data=16966b412f702a34 id=01
[475000] MASTER 0 W_VALID_RDY Handshake beat=22 wlast=0
[485000] MASTER 0 W_VALID_RDY Handshake beat=23 wlast=0
[485000] AXI S0_WVALID_RDY HANDSHAKE
[485000] S0 MEMORY WRITE beat=22 addr=052db5e0 data=81a92da1a22e8f49 id=01
[495000] AXI S0_WVALID_RDY HANDSHAKE
[495000] S0 MEMORY WRITE beat=23 addr=052db600 data=0dcbe7279049421a id=01
[495000] MASTER 0 W_VALID_RDY Handshake beat=24 wlast=0
[505000] MASTER 0 W_VALID_RDY Handshake beat=25 wlast=0
[505000] AXI S0_WVALID_RDY HANDSHAKE
[505000] S0 MEMORY WRITE beat=24 addr=052db620 data=bfb96c4ed964d42b id=01
[515000] AXI S0_WVALID_RDY HANDSHAKE
[515000] S0 MEMORY WRITE beat=25 addr=052db640 data=fb93637524625268 id=01
[515000] MASTER 0 W_VALID_RDY Handshake beat=26 wlast=0
[525000] MASTER 0 W_VALID_RDY Handshake beat=27 wlast=0
[525000] AXI S0_WVALID_RDY HANDSHAKE
[525000] S0 MEMORY WRITE beat=26 addr=052db660 data=b4ab9482c16299f0 id=01
[535000] AXI S0_WVALID_RDY HANDSHAKE
[535000] S0 MEMORY WRITE beat=27 addr=052db680 data=9ac76e1b095f4a9c id=01
[535000] MASTER 0 W_VALID_RDY Handshake beat=28 wlast=0
[545000] MASTER 0 W_VALID_RDY Handshake beat=29 wlast=0
[545000] AXI S0_WVALID_RDY HANDSHAKE
[545000] S0 MEMORY WRITE beat=28 addr=052db6a0 data=2dc19d04f46500d1 id=01
[555000] AXI S0_WVALID_RDY HANDSHAKE
[555000] S0 MEMORY WRITE beat=29 addr=052db6c0 data=35c79ac1965ad190 id=01
[555000] MASTER 0 W_VALID_RDY Handshake beat=30 wlast=0
[565000] MASTER 0 W_VALID_RDY Handshake beat=31 wlast=0
[565000] AXI S0_WVALID_RDY HANDSHAKE
[565000] S0 MEMORY WRITE beat=30 addr=052db6e0 data=9fba1c2ce26d3186 id=01
[575000] AXI S0_WVALID_RDY HANDSHAKE
[575000] S0 MEMORY WRITE beat=31 addr=052db700 data=d6d23257d08f08dc id=01
[575000] MASTER 0 W_VALID_RDY Handshake beat=32 wlast=0
[585000] MASTER 0 W_VALID_RDY Handshake beat=33 wlast=0
[585000] AXI S0_WVALID_RDY HANDSHAKE
[585000] S0 MEMORY WRITE beat=32 addr=052db720 data=e6e9da6dcd7bb930 id=01
[595000] AXI S0_WVALID_RDY HANDSHAKE
[595000] S0 MEMORY WRITE beat=33 addr=052db740 data=2fe8eab78c99cd18 id=01
[595000] MASTER 0 W_VALID_RDY Handshake beat=34 wlast=0
[605000] MASTER 0 W_VALID_RDY Handshake beat=35 wlast=0
[605000] AXI S0_WVALID_RDY HANDSHAKE
[605000] S0 MEMORY WRITE beat=34 addr=052db760 data=dd28d5f586a3f699 id=01
[615000] AXI S0_WVALID_RDY HANDSHAKE
[615000] S0 MEMORY WRITE beat=35 addr=052db780 data=d41fafca86bb1d0e id=01
[615000] MASTER 0 W_VALID_RDY Handshake beat=36 wlast=0
[625000] MASTER 0 W_VALID_RDY Handshake beat=37 wlast=0
[625000] AXI S0_WVALID_RDY HANDSHAKE
[625000] S0 MEMORY WRITE beat=36 addr=052db7a0 data=1354ea27c412b062 id=01
[635000] AXI S0_WVALID_RDY HANDSHAKE
[635000] S0 MEMORY WRITE beat=37 addr=052db7c0 data=cab6a6fb04089a81 id=01
[635000] MASTER 0 W_VALID_RDY Handshake beat=38 wlast=0
[645000] MASTER 0 W_VALID_RDY Handshake beat=39 wlast=0
[645000] AXI S0_WVALID_RDY HANDSHAKE
[645000] S0 MEMORY WRITE beat=38 addr=052db7e0 data=8ac3b78ff07dc01c id=01
[655000] AXI S0_WVALID_RDY HANDSHAKE
[655000] S0 MEMORY WRITE beat=39 addr=052db800 data=3490707e9ed656c5 id=01
[655000] MASTER 0 W_VALID_RDY Handshake beat=40 wlast=0
[665000] MASTER 0 W_VALID_RDY Handshake beat=41 wlast=0
[665000] AXI S0_WVALID_RDY HANDSHAKE
[665000] S0 MEMORY WRITE beat=40 addr=052db820 data=a2def1469e18a1b6 id=01
[675000] AXI S0_WVALID_RDY HANDSHAKE
[675000] S0 MEMORY WRITE beat=41 addr=052db840 data=8e9661d2ff471779 id=01
[675000] MASTER 0 W_VALID_RDY Handshake beat=42 wlast=0
[685000] MASTER 0 W_VALID_RDY Handshake beat=43 wlast=0
[685000] AXI S0_WVALID_RDY HANDSHAKE
[685000] S0 MEMORY WRITE beat=42 addr=052db860 data=1e1d6e3f2da2a8d6 id=01
[695000] AXI S0_WVALID_RDY HANDSHAKE
[695000] S0 MEMORY WRITE beat=43 addr=052db880 data=cbbb4a8cc326d250 id=01
[695000] MASTER 0 W_VALID_RDY Handshake beat=44 wlast=0
[705000] MASTER 0 W_VALID_RDY Handshake beat=45 wlast=0
[705000] AXI S0_WVALID_RDY HANDSHAKE
[705000] S0 MEMORY WRITE beat=44 addr=052db8a0 data=c26de9cac0fc5f85 id=01
[715000] AXI S0_WVALID_RDY HANDSHAKE
[715000] S0 MEMORY WRITE beat=45 addr=052db8c0 data=ee9f085bda51ac5f id=01
[715000] MASTER 0 W_VALID_RDY Handshake beat=46 wlast=0
[725000] MASTER 0 W_VALID_RDY Handshake beat=47 wlast=0
[725000] AXI S0_WVALID_RDY HANDSHAKE
[725000] S0 MEMORY WRITE beat=46 addr=052db8e0 data=9d787eafe08b5809 id=01
[735000] AXI S0_WVALID_RDY HANDSHAKE
[735000] S0 MEMORY WRITE beat=47 addr=052db900 data=a187b78e3a5a52e8 id=01
[735000] MASTER 0 W_VALID_RDY Handshake beat=48 wlast=0
[745000] MASTER 0 W_VALID_RDY Handshake beat=49 wlast=0
[745000] AXI S0_WVALID_RDY HANDSHAKE
[745000] S0 MEMORY WRITE beat=48 addr=052db920 data=14abff47dfe66879 id=01
[755000] AXI S0_WVALID_RDY HANDSHAKE
[755000] S0 MEMORY WRITE beat=49 addr=052db940 data=c071c0821026bfea id=01
[755000] MASTER 0 W_VALID_RDY Handshake beat=50 wlast=0
[765000] MASTER 0 W_VALID_RDY Handshake beat=51 wlast=0
[765000] AXI S0_WVALID_RDY HANDSHAKE
[765000] S0 MEMORY WRITE beat=50 addr=052db960 data=ca8112d2b2247df6 id=01
[775000] AXI S0_WVALID_RDY HANDSHAKE
[775000] S0 MEMORY WRITE beat=51 addr=052db980 data=120ae670e1f97811 id=01
[775000] MASTER 0 W_VALID_RDY Handshake beat=52 wlast=0
[785000] MASTER 0 W_VALID_RDY Handshake beat=53 wlast=0
[785000] AXI S0_WVALID_RDY HANDSHAKE
[785000] S0 MEMORY WRITE beat=52 addr=052db9a0 data=f22037fbdf2d1219 id=01
[795000] AXI S0_WVALID_RDY HANDSHAKE
[795000] S0 MEMORY WRITE beat=53 addr=052db9c0 data=9151900fd27ca6f2 id=01
[795000] MASTER 0 W_VALID_RDY Handshake beat=54 wlast=0
[805000] MASTER 0 W_VALID_RDY Handshake beat=55 wlast=0
[805000] AXI S0_WVALID_RDY HANDSHAKE
[805000] S0 MEMORY WRITE beat=54 addr=052db9e0 data=b4761f033ca14acd id=01
[815000] AXI S0_WVALID_RDY HANDSHAKE
[815000] S0 MEMORY WRITE beat=55 addr=052dba00 data=1bce5ce6a35c767f id=01
[815000] MASTER 0 W_VALID_RDY Handshake beat=56 wlast=0
[825000] MASTER 0 W_VALID_RDY Handshake beat=57 wlast=0
[825000] AXI S0_WVALID_RDY HANDSHAKE
[825000] S0 MEMORY WRITE beat=56 addr=052dba20 data=f5d91d72a69656fe id=01
[835000] AXI S0_WVALID_RDY HANDSHAKE
[835000] S0 MEMORY WRITE beat=57 addr=052dba40 data=e337a1cbad1fecf5 id=01
[835000] MASTER 0 W_VALID_RDY Handshake beat=58 wlast=0
[845000] MASTER 0 W_VALID_RDY Handshake beat=59 wlast=0
[845000] AXI S0_WVALID_RDY HANDSHAKE
[845000] S0 MEMORY WRITE beat=58 addr=052dba60 data=d07c6375aa4f3c75 id=01
[855000] AXI S0_WVALID_RDY HANDSHAKE
[855000] S0 MEMORY WRITE beat=59 addr=052dba80 data=d0e59374ff05feb1 id=01
[855000] MASTER 0 W_VALID_RDY Handshake beat=60 wlast=0
[865000] MASTER 0 W_VALID_RDY Handshake beat=61 wlast=0
[865000] AXI S0_WVALID_RDY HANDSHAKE
[865000] S0 MEMORY WRITE beat=60 addr=052dbaa0 data=2c25eba7c65580e7 id=01
[875000] AXI S0_WVALID_RDY HANDSHAKE
[875000] S0 MEMORY WRITE beat=61 addr=052dbac0 data=f0a4bd5cb41d353f id=01
[875000] MASTER 0 W_VALID_RDY Handshake beat=62 wlast=0
[885000] MASTER 0 W_VALID_RDY Handshake beat=63 wlast=0
[885000] AXI S0_WVALID_RDY HANDSHAKE
[885000] S0 MEMORY WRITE beat=62 addr=052dbae0 data=332333f1fca24f1c id=01
[895000] AXI S0_WVALID_RDY HANDSHAKE
[895000] S0 MEMORY WRITE beat=63 addr=052dbb00 data=c2f7d003c18a50d0 id=01
[895000] MASTER 0 W_VALID_RDY Handshake beat=64 wlast=0
[905000] MASTER_DRIVER0 received transaction, op=AXI_READ
[905000] MASTER 0 W_VALID_RDY Handshake beat=65 wlast=1
[905000] AXI S0_WVALID_RDY HANDSHAKE
[905000] S0 MEMORY WRITE beat=64 addr=052dbb20 data=f5a78610df491f98 id=01
[915000] AXI S0_WVALID_RDY HANDSHAKE
[915000] S0 MEMORY WRITE beat=65 addr=052dbb40 data=dbeb6eb4b39c8d5f id=01
[925000] SLAVE0 sent B resp, id=1
[935000] AXI S0_ARVALID_RDY HANDSHAKE
[935000] MEMORY READ MISS beat=0 addr=3049e68 -> default data id=2
[935000] [SLAVE MONITOR] mst_id=0 s_id=0 awaddr=52db320 awid=1 awlen=65 awsize=5 awburst=1 wdata=[58252010be9181a e7ef175bf09a1c2a cfcafac514c5b3b7 20aecbd117914034 82b5c5ed54d4cc6 ea13007d889de32c a02f2360d7f65723 2d43a3e90ac1cc4e 935faf7aa85a7fbe 8050d6e11756a466 221870b4338ed2db dbe95299ad947aca c4eb1f30b578202e e906f309dc3a297b 89cea445e7038fe4 1c7bb013c4f045a3 212a6f1eceb9c376 b5bd535a8582a31c ca72e8bfaaf91363 f9b2d6d9d239036d d7bba68aeb9d57dd 16966b412f702a34 81a92da1a22e8f49 dcbe7279049421a bfb96c4ed964d42b fb93637524625268 b4ab9482c16299f0 9ac76e1b095f4a9c 2dc19d04f46500d1 35c79ac1965ad190 9fba1c2ce26d3186 d6d23257d08f08dc e6e9da6dcd7bb930 2fe8eab78c99cd18 dd28d5f586a3f699 d41fafca86bb1d0e 1354ea27c412b062 cab6a6fb04089a81 8ac3b78ff07dc01c 3490707e9ed656c5 a2def1469e18a1b6 8e9661d2ff471779 1e1d6e3f2da2a8d6 cbbb4a8cc326d250 c26de9cac0fc5f85 ee9f085bda51ac5f 9d787eafe08b5809 a187b78e3a5a52e8 14abff47dfe66879 c071c0821026bfea ca8112d2b2247df6 120ae670e1f97811 f22037fbdf2d1219 9151900fd27ca6f2 b4761f033ca14acd 1bce5ce6a35c767f f5d91d72a69656fe e337a1cbad1fecf5 d07c6375aa4f3c75 d0e59374ff05feb1 2c25eba7c65580e7 f0a4bd5cb41d353f 332333f1fca24f1c c2f7d003c18a50d0 f5a78610df491f98 dbeb6eb4b39c8d5f ] wstrb=[1 30 b7 99 40 16 4d 41 46 4 da 86 1a 27 c7 61 2b a1 e7 45 c8 af a6 f3 50 8e 39 19 3d df c 8d 6d 45 a6 aa 25 b3 38 92 f8 de 3d 1d 91 75 b0 8a 53 ed a7 e5 62 57 6f b5 44 16 9a a6 6e 9 5c b2 20 f6 ] bresp=0 bid=1
[935000] ARB MONITOR: slave=0 m0_req=1 m1_req=0 winner=0
[945000] MASTER 0 RECEIVED BRESP. BRESP=0
[945000] [MASTER DRIVER] mst_id=0 s_id=0 awaddr=52db320 awid=1 awlen=65 awsize=5 awburst=1 wdata=[58252010be9181a e7ef175bf09a1c2a cfcafac514c5b3b7 20aecbd117914034 82b5c5ed54d4cc6 ea13007d889de32c a02f2360d7f65723 2d43a3e90ac1cc4e 935faf7aa85a7fbe 8050d6e11756a466 221870b4338ed2db dbe95299ad947aca c4eb1f30b578202e e906f309dc3a297b 89cea445e7038fe4 1c7bb013c4f045a3 212a6f1eceb9c376 b5bd535a8582a31c ca72e8bfaaf91363 f9b2d6d9d239036d d7bba68aeb9d57dd 16966b412f702a34 81a92da1a22e8f49 dcbe7279049421a bfb96c4ed964d42b fb93637524625268 b4ab9482c16299f0 9ac76e1b095f4a9c 2dc19d04f46500d1 35c79ac1965ad190 9fba1c2ce26d3186 d6d23257d08f08dc e6e9da6dcd7bb930 2fe8eab78c99cd18 dd28d5f586a3f699 d41fafca86bb1d0e 1354ea27c412b062 cab6a6fb04089a81 8ac3b78ff07dc01c 3490707e9ed656c5 a2def1469e18a1b6 8e9661d2ff471779 1e1d6e3f2da2a8d6 cbbb4a8cc326d250 c26de9cac0fc5f85 ee9f085bda51ac5f 9d787eafe08b5809 a187b78e3a5a52e8 14abff47dfe66879 c071c0821026bfea ca8112d2b2247df6 120ae670e1f97811 f22037fbdf2d1219 9151900fd27ca6f2 b4761f033ca14acd 1bce5ce6a35c767f f5d91d72a69656fe e337a1cbad1fecf5 d07c6375aa4f3c75 d0e59374ff05feb1 2c25eba7c65580e7 f0a4bd5cb41d353f 332333f1fca24f1c c2f7d003c18a50d0 f5a78610df491f98 dbeb6eb4b39c8d5f ] wstrb=[1 30 b7 99 40 16 4d 41 46 4 da 86 1a 27 c7 61 2b a1 e7 45 c8 af a6 f3 50 8e 39 19 3d df c 8d 6d 45 a6 aa 25 b3 38 92 f8 de 3d 1d 91 75 b0 8a 53 ed a7 e5 62 57 6f b5 44 16 9a a6 6e 9 5c b2 20 f6 ] bresp=0 bid=1
[945000] MASTER 0 B_VALID_RDY Handshake
[945000] [MASTER MONITOR] mst_id=0 s_id=0 awaddr=52db320 awid=1 awlen=65 awsize=5 awburst=1 wdata=[58252010be9181a e7ef175bf09a1c2a cfcafac514c5b3b7 20aecbd117914034 82b5c5ed54d4cc6 ea13007d889de32c a02f2360d7f65723 2d43a3e90ac1cc4e 935faf7aa85a7fbe 8050d6e11756a466 221870b4338ed2db dbe95299ad947aca c4eb1f30b578202e e906f309dc3a297b 89cea445e7038fe4 1c7bb013c4f045a3 212a6f1eceb9c376 b5bd535a8582a31c ca72e8bfaaf91363 f9b2d6d9d239036d d7bba68aeb9d57dd 16966b412f702a34 81a92da1a22e8f49 dcbe7279049421a bfb96c4ed964d42b fb93637524625268 b4ab9482c16299f0 9ac76e1b095f4a9c 2dc19d04f46500d1 35c79ac1965ad190 9fba1c2ce26d3186 d6d23257d08f08dc e6e9da6dcd7bb930 2fe8eab78c99cd18 dd28d5f586a3f699 d41fafca86bb1d0e 1354ea27c412b062 cab6a6fb04089a81 8ac3b78ff07dc01c 3490707e9ed656c5 a2def1469e18a1b6 8e9661d2ff471779 1e1d6e3f2da2a8d6 cbbb4a8cc326d250 c26de9cac0fc5f85 ee9f085bda51ac5f 9d787eafe08b5809 a187b78e3a5a52e8 14abff47dfe66879 c071c0821026bfea ca8112d2b2247df6 120ae670e1f97811 f22037fbdf2d1219 9151900fd27ca6f2 b4761f033ca14acd 1bce5ce6a35c767f f5d91d72a69656fe e337a1cbad1fecf5 d07c6375aa4f3c75 d0e59374ff05feb1 2c25eba7c65580e7 f0a4bd5cb41d353f 332333f1fca24f1c c2f7d003c18a50d0 f5a78610df491f98 dbeb6eb4b39c8d5f ] wstrb=[1 30 b7 99 40 16 4d 41 46 4 da 86 1a 27 c7 61 2b a1 e7 45 c8 af a6 f3 50 8e 39 19 3d df c 8d 6d 45 a6 aa 25 b3 38 92 f8 de 3d 1d 91 75 b0 8a 53 ed a7 e5 62 57 6f b5 44 16 9a a6 6e 9 5c b2 20 f6 ] bresp=0 bid=1
[945000] SLAVE 0 R_VALID_RDY Handshake beat=0 rlast=0
[945000] MEMORY READ MISS beat=1 addr=3049e70 -> default data id=2
[945000] SCOREBOARD MATCH: decode_err expected = 0, actual =0
[945000] SCOREBOARD MATCH: slave_id expected = 0, actual =0
[945000] SCOREBOARD MATCH: awaddr passthrough expected = 52db320, actual =52db320
[945000] SCOREBOARD MATCH: awlen passthrough expected = 65, actual =65
[945000] SCOREBOARD MATCH: awsize passthrough expected = 5, actual =5
[945000] SCOREBOARD MATCH: awburst passthrough expected = 1, actual =1
[945000] SCOREBOARD MATCH: wdata size check expected = 42, actual =42
[945000] SCOREBOARD MATCH: wdata passthrough beat=0 expected = 58252010be9181a, actual =58252010be9181a
[945000] SCOREBOARD MATCH: wdata passthrough beat=1 expected = e7ef175bf09a1c2a, actual =e7ef175bf09a1c2a
[945000] SCOREBOARD MATCH: wdata passthrough beat=2 expected = cfcafac514c5b3b7, actual =cfcafac514c5b3b7
[945000] SCOREBOARD MATCH: wdata passthrough beat=3 expected = 20aecbd117914034, actual =20aecbd117914034
[945000] SCOREBOARD MATCH: wdata passthrough beat=4 expected = 82b5c5ed54d4cc6, actual =82b5c5ed54d4cc6
[945000] SCOREBOARD MATCH: wdata passthrough beat=5 expected = ea13007d889de32c, actual =ea13007d889de32c
[945000] SCOREBOARD MATCH: wdata passthrough beat=6 expected = a02f2360d7f65723, actual =a02f2360d7f65723
[945000] SCOREBOARD MATCH: wdata passthrough beat=7 expected = 2d43a3e90ac1cc4e, actual =2d43a3e90ac1cc4e
[945000] SCOREBOARD MATCH: wdata passthrough beat=8 expected = 935faf7aa85a7fbe, actual =935faf7aa85a7fbe
[945000] SCOREBOARD MATCH: wdata passthrough beat=9 expected = 8050d6e11756a466, actual =8050d6e11756a466
[945000] SCOREBOARD MATCH: wdata passthrough beat=10 expected = 221870b4338ed2db, actual =221870b4338ed2db
[945000] SCOREBOARD MATCH: wdata passthrough beat=11 expected = dbe95299ad947aca, actual =dbe95299ad947aca
[945000] SCOREBOARD MATCH: wdata passthrough beat=12 expected = c4eb1f30b578202e, actual =c4eb1f30b578202e
[945000] SCOREBOARD MATCH: wdata passthrough beat=13 expected = e906f309dc3a297b, actual =e906f309dc3a297b
[945000] SCOREBOARD MATCH: wdata passthrough beat=14 expected = 89cea445e7038fe4, actual =89cea445e7038fe4
[945000] SCOREBOARD MATCH: wdata passthrough beat=15 expected = 1c7bb013c4f045a3, actual =1c7bb013c4f045a3
[945000] SCOREBOARD MATCH: wdata passthrough beat=16 expected = 212a6f1eceb9c376, actual =212a6f1eceb9c376
[945000] SCOREBOARD MATCH: wdata passthrough beat=17 expected = b5bd535a8582a31c, actual =b5bd535a8582a31c
[945000] SCOREBOARD MATCH: wdata passthrough beat=18 expected = ca72e8bfaaf91363, actual =ca72e8bfaaf91363
[945000] SCOREBOARD MATCH: wdata passthrough beat=19 expected = f9b2d6d9d239036d, actual =f9b2d6d9d239036d
[945000] SCOREBOARD MATCH: wdata passthrough beat=20 expected = d7bba68aeb9d57dd, actual =d7bba68aeb9d57dd
[945000] SCOREBOARD MATCH: wdata passthrough beat=21 expected = 16966b412f702a34, actual =16966b412f702a34
[945000] SCOREBOARD MATCH: wdata passthrough beat=22 expected = 81a92da1a22e8f49, actual =81a92da1a22e8f49
[945000] SCOREBOARD MATCH: wdata passthrough beat=23 expected = dcbe7279049421a, actual =dcbe7279049421a
[945000] SCOREBOARD MATCH: wdata passthrough beat=24 expected = bfb96c4ed964d42b, actual =bfb96c4ed964d42b
[945000] SCOREBOARD MATCH: wdata passthrough beat=25 expected = fb93637524625268, actual =fb93637524625268
[945000] SCOREBOARD MATCH: wdata passthrough beat=26 expected = b4ab9482c16299f0, actual =b4ab9482c16299f0
[945000] SCOREBOARD MATCH: wdata passthrough beat=27 expected = 9ac76e1b095f4a9c, actual =9ac76e1b095f4a9c
[945000] SCOREBOARD MATCH: wdata passthrough beat=28 expected = 2dc19d04f46500d1, actual =2dc19d04f46500d1
[945000] SCOREBOARD MATCH: wdata passthrough beat=29 expected = 35c79ac1965ad190, actual =35c79ac1965ad190
[945000] SCOREBOARD MATCH: wdata passthrough beat=30 expected = 9fba1c2ce26d3186, actual =9fba1c2ce26d3186
[945000] SCOREBOARD MATCH: wdata passthrough beat=31 expected = d6d23257d08f08dc, actual =d6d23257d08f08dc
[945000] SCOREBOARD MATCH: wdata passthrough beat=32 expected = e6e9da6dcd7bb930, actual =e6e9da6dcd7bb930
[945000] SCOREBOARD MATCH: wdata passthrough beat=33 expected = 2fe8eab78c99cd18, actual =2fe8eab78c99cd18
[945000] SCOREBOARD MATCH: wdata passthrough beat=34 expected = dd28d5f586a3f699, actual =dd28d5f586a3f699
[945000] SCOREBOARD MATCH: wdata passthrough beat=35 expected = d41fafca86bb1d0e, actual =d41fafca86bb1d0e
[945000] SCOREBOARD MATCH: wdata passthrough beat=36 expected = 1354ea27c412b062, actual =1354ea27c412b062
[945000] SCOREBOARD MATCH: wdata passthrough beat=37 expected = cab6a6fb04089a81, actual =cab6a6fb04089a81
[945000] SCOREBOARD MATCH: wdata passthrough beat=38 expected = 8ac3b78ff07dc01c, actual =8ac3b78ff07dc01c
[945000] SCOREBOARD MATCH: wdata passthrough beat=39 expected = 3490707e9ed656c5, actual =3490707e9ed656c5
[945000] SCOREBOARD MATCH: wdata passthrough beat=40 expected = a2def1469e18a1b6, actual =a2def1469e18a1b6
[945000] SCOREBOARD MATCH: wdata passthrough beat=41 expected = 8e9661d2ff471779, actual =8e9661d2ff471779
[945000] SCOREBOARD MATCH: wdata passthrough beat=42 expected = 1e1d6e3f2da2a8d6, actual =1e1d6e3f2da2a8d6
[945000] SCOREBOARD MATCH: wdata passthrough beat=43 expected = cbbb4a8cc326d250, actual =cbbb4a8cc326d250
[945000] SCOREBOARD MATCH: wdata passthrough beat=44 expected = c26de9cac0fc5f85, actual =c26de9cac0fc5f85
[945000] SCOREBOARD MATCH: wdata passthrough beat=45 expected = ee9f085bda51ac5f, actual =ee9f085bda51ac5f
[945000] SCOREBOARD MATCH: wdata passthrough beat=46 expected = 9d787eafe08b5809, actual =9d787eafe08b5809
[945000] SCOREBOARD MATCH: wdata passthrough beat=47 expected = a187b78e3a5a52e8, actual =a187b78e3a5a52e8
[945000] SCOREBOARD MATCH: wdata passthrough beat=48 expected = 14abff47dfe66879, actual =14abff47dfe66879
[945000] SCOREBOARD MATCH: wdata passthrough beat=49 expected = c071c0821026bfea, actual =c071c0821026bfea
[945000] SCOREBOARD MATCH: wdata passthrough beat=50 expected = ca8112d2b2247df6, actual =ca8112d2b2247df6
[945000] SCOREBOARD MATCH: wdata passthrough beat=51 expected = 120ae670e1f97811, actual =120ae670e1f97811
[945000] SCOREBOARD MATCH: wdata passthrough beat=52 expected = f22037fbdf2d1219, actual =f22037fbdf2d1219
[945000] SCOREBOARD MATCH: wdata passthrough beat=53 expected = 9151900fd27ca6f2, actual =9151900fd27ca6f2
[945000] SCOREBOARD MATCH: wdata passthrough beat=54 expected = b4761f033ca14acd, actual =b4761f033ca14acd
[945000] SCOREBOARD MATCH: wdata passthrough beat=55 expected = 1bce5ce6a35c767f, actual =1bce5ce6a35c767f
[945000] SCOREBOARD MATCH: wdata passthrough beat=56 expected = f5d91d72a69656fe, actual =f5d91d72a69656fe
[945000] SCOREBOARD MATCH: wdata passthrough beat=57 expected = e337a1cbad1fecf5, actual =e337a1cbad1fecf5
[945000] SCOREBOARD MATCH: wdata passthrough beat=58 expected = d07c6375aa4f3c75, actual =d07c6375aa4f3c75
[945000] SCOREBOARD MATCH: wdata passthrough beat=59 expected = d0e59374ff05feb1, actual =d0e59374ff05feb1
[945000] SCOREBOARD MATCH: wdata passthrough beat=60 expected = 2c25eba7c65580e7, actual =2c25eba7c65580e7
[945000] SCOREBOARD MATCH: wdata passthrough beat=61 expected = f0a4bd5cb41d353f, actual =f0a4bd5cb41d353f
[945000] SCOREBOARD MATCH: wdata passthrough beat=62 expected = 332333f1fca24f1c, actual =332333f1fca24f1c
[945000] SCOREBOARD MATCH: wdata passthrough beat=63 expected = c2f7d003c18a50d0, actual =c2f7d003c18a50d0
[945000] SCOREBOARD MATCH: wdata passthrough beat=64 expected = f5a78610df491f98, actual =f5a78610df491f98
[945000] SCOREBOARD MATCH: wdata passthrough beat=65 expected = dbeb6eb4b39c8d5f, actual =dbeb6eb4b39c8d5f
[945000] SCOREBOARD MATCH: wstrb size check expected = 42, actual =42
[945000] SCOREBOARD MATCH: wstrb passthrough beat=0 expected = 1, actual =1
[945000] SCOREBOARD MATCH: wstrb passthrough beat=1 expected = 30, actual =30
[945000] SCOREBOARD MATCH: wstrb passthrough beat=2 expected = b7, actual =b7
[945000] SCOREBOARD MATCH: wstrb passthrough beat=3 expected = 99, actual =99
[945000] SCOREBOARD MATCH: wstrb passthrough beat=4 expected = 40, actual =40
[945000] SCOREBOARD MATCH: wstrb passthrough beat=5 expected = 16, actual =16
[945000] SCOREBOARD MATCH: wstrb passthrough beat=6 expected = 4d, actual =4d
[945000] SCOREBOARD MATCH: wstrb passthrough beat=7 expected = 41, actual =41
[945000] SCOREBOARD MATCH: wstrb passthrough beat=8 expected = 46, actual =46
[945000] SCOREBOARD MATCH: wstrb passthrough beat=9 expected = 4, actual =4
[945000] SCOREBOARD MATCH: wstrb passthrough beat=10 expected = da, actual =da
[945000] SCOREBOARD MATCH: wstrb passthrough beat=11 expected = 86, actual =86
[945000] SCOREBOARD MATCH: wstrb passthrough beat=12 expected = 1a, actual =1a
[945000] SCOREBOARD MATCH: wstrb passthrough beat=13 expected = 27, actual =27
[945000] SCOREBOARD MATCH: wstrb passthrough beat=14 expected = c7, actual =c7
[945000] SCOREBOARD MATCH: wstrb passthrough beat=15 expected = 61, actual =61
[945000] SCOREBOARD MATCH: wstrb passthrough beat=16 expected = 2b, actual =2b
[945000] SCOREBOARD MATCH: wstrb passthrough beat=17 expected = a1, actual =a1
[945000] SCOREBOARD MATCH: wstrb passthrough beat=18 expected = e7, actual =e7
[945000] SCOREBOARD MATCH: wstrb passthrough beat=19 expected = 45, actual =45
[945000] SCOREBOARD MATCH: wstrb passthrough beat=20 expected = c8, actual =c8
[945000] SCOREBOARD MATCH: wstrb passthrough beat=21 expected = af, actual =af
[945000] SCOREBOARD MATCH: wstrb passthrough beat=22 expected = a6, actual =a6
[945000] SCOREBOARD MATCH: wstrb passthrough beat=23 expected = f3, actual =f3
[945000] SCOREBOARD MATCH: wstrb passthrough beat=24 expected = 50, actual =50
[945000] SCOREBOARD MATCH: wstrb passthrough beat=25 expected = 8e, actual =8e
[945000] SCOREBOARD MATCH: wstrb passthrough beat=26 expected = 39, actual =39
[945000] SCOREBOARD MATCH: wstrb passthrough beat=27 expected = 19, actual =19
[945000] SCOREBOARD MATCH: wstrb passthrough beat=28 expected = 3d, actual =3d
[945000] SCOREBOARD MATCH: wstrb passthrough beat=29 expected = df, actual =df
[945000] SCOREBOARD MATCH: wstrb passthrough beat=30 expected = c, actual =c
[945000] SCOREBOARD MATCH: wstrb passthrough beat=31 expected = 8d, actual =8d
[945000] SCOREBOARD MATCH: wstrb passthrough beat=32 expected = 6d, actual =6d
[945000] SCOREBOARD MATCH: wstrb passthrough beat=33 expected = 45, actual =45
[945000] SCOREBOARD MATCH: wstrb passthrough beat=34 expected = a6, actual =a6
[945000] SCOREBOARD MATCH: wstrb passthrough beat=35 expected = aa, actual =aa
[945000] SCOREBOARD MATCH: wstrb passthrough beat=36 expected = 25, actual =25
[945000] SCOREBOARD MATCH: wstrb passthrough beat=37 expected = b3, actual =b3
[945000] SCOREBOARD MATCH: wstrb passthrough beat=38 expected = 38, actual =38
[945000] SCOREBOARD MATCH: wstrb passthrough beat=39 expected = 92, actual =92
[945000] SCOREBOARD MATCH: wstrb passthrough beat=40 expected = f8, actual =f8
[945000] SCOREBOARD MATCH: wstrb passthrough beat=41 expected = de, actual =de
[945000] SCOREBOARD MATCH: wstrb passthrough beat=42 expected = 3d, actual =3d
[945000] SCOREBOARD MATCH: wstrb passthrough beat=43 expected = 1d, actual =1d
[945000] SCOREBOARD MATCH: wstrb passthrough beat=44 expected = 91, actual =91
[945000] SCOREBOARD MATCH: wstrb passthrough beat=45 expected = 75, actual =75
[945000] SCOREBOARD MATCH: wstrb passthrough beat=46 expected = b0, actual =b0
[945000] SCOREBOARD MATCH: wstrb passthrough beat=47 expected = 8a, actual =8a
[945000] SCOREBOARD MATCH: wstrb passthrough beat=48 expected = 53, actual =53
[945000] SCOREBOARD MATCH: wstrb passthrough beat=49 expected = ed, actual =ed
[945000] SCOREBOARD MATCH: wstrb passthrough beat=50 expected = a7, actual =a7
[945000] SCOREBOARD MATCH: wstrb passthrough beat=51 expected = e5, actual =e5
[945000] SCOREBOARD MATCH: wstrb passthrough beat=52 expected = 62, actual =62
[945000] SCOREBOARD MATCH: wstrb passthrough beat=53 expected = 57, actual =57
[945000] SCOREBOARD MATCH: wstrb passthrough beat=54 expected = 6f, actual =6f
[945000] SCOREBOARD MATCH: wstrb passthrough beat=55 expected = b5, actual =b5
[945000] SCOREBOARD MATCH: wstrb passthrough beat=56 expected = 44, actual =44
[945000] SCOREBOARD MATCH: wstrb passthrough beat=57 expected = 16, actual =16
[945000] SCOREBOARD MATCH: wstrb passthrough beat=58 expected = 9a, actual =9a
[945000] SCOREBOARD MATCH: wstrb passthrough beat=59 expected = a6, actual =a6
[945000] SCOREBOARD MATCH: wstrb passthrough beat=60 expected = 6e, actual =6e
[945000] SCOREBOARD MATCH: wstrb passthrough beat=61 expected = 9, actual =9
[945000] SCOREBOARD MATCH: wstrb passthrough beat=62 expected = 5c, actual =5c
[945000] SCOREBOARD MATCH: wstrb passthrough beat=63 expected = b2, actual =b2
[945000] SCOREBOARD MATCH: wstrb passthrough beat=64 expected = 20, actual =20
[945000] SCOREBOARD MATCH: wstrb passthrough beat=65 expected = f6, actual =f6
[945000] SCOREBOARD MATCH: bresp passthrough expected = 0, actual =0
[945000] SCOREBOARD MATCH: response routed to correct master (write) expected = 0, actual =0
[945000] [SCOREBOARD-M] mst_id=0 s_id=0 awaddr=52db320 awid=1 awlen=65 awsize=5 awburst=1 wdata=[58252010be9181a e7ef175bf09a1c2a cfcafac514c5b3b7 20aecbd117914034 82b5c5ed54d4cc6 ea13007d889de32c a02f2360d7f65723 2d43a3e90ac1cc4e 935faf7aa85a7fbe 8050d6e11756a466 221870b4338ed2db dbe95299ad947aca c4eb1f30b578202e e906f309dc3a297b 89cea445e7038fe4 1c7bb013c4f045a3 212a6f1eceb9c376 b5bd535a8582a31c ca72e8bfaaf91363 f9b2d6d9d239036d d7bba68aeb9d57dd 16966b412f702a34 81a92da1a22e8f49 dcbe7279049421a bfb96c4ed964d42b fb93637524625268 b4ab9482c16299f0 9ac76e1b095f4a9c 2dc19d04f46500d1 35c79ac1965ad190 9fba1c2ce26d3186 d6d23257d08f08dc e6e9da6dcd7bb930 2fe8eab78c99cd18 dd28d5f586a3f699 d41fafca86bb1d0e 1354ea27c412b062 cab6a6fb04089a81 8ac3b78ff07dc01c 3490707e9ed656c5 a2def1469e18a1b6 8e9661d2ff471779 1e1d6e3f2da2a8d6 cbbb4a8cc326d250 c26de9cac0fc5f85 ee9f085bda51ac5f 9d787eafe08b5809 a187b78e3a5a52e8 14abff47dfe66879 c071c0821026bfea ca8112d2b2247df6 120ae670e1f97811 f22037fbdf2d1219 9151900fd27ca6f2 b4761f033ca14acd 1bce5ce6a35c767f f5d91d72a69656fe e337a1cbad1fecf5 d07c6375aa4f3c75 d0e59374ff05feb1 2c25eba7c65580e7 f0a4bd5cb41d353f 332333f1fca24f1c c2f7d003c18a50d0 f5a78610df491f98 dbeb6eb4b39c8d5f ] wstrb=[1 30 b7 99 40 16 4d 41 46 4 da 86 1a 27 c7 61 2b a1 e7 45 c8 af a6 f3 50 8e 39 19 3d df c 8d 6d 45 a6 aa 25 b3 38 92 f8 de 3d 1d 91 75 b0 8a 53 ed a7 e5 62 57 6f b5 44 16 9a a6 6e 9 5c b2 20 f6 ] bresp=0 bid=1
[945000] [SCOREBOARD-S] mst_id=0 s_id=0 awaddr=52db320 awid=1 awlen=65 awsize=5 awburst=1 wdata=[58252010be9181a e7ef175bf09a1c2a cfcafac514c5b3b7 20aecbd117914034 82b5c5ed54d4cc6 ea13007d889de32c a02f2360d7f65723 2d43a3e90ac1cc4e 935faf7aa85a7fbe 8050d6e11756a466 221870b4338ed2db dbe95299ad947aca c4eb1f30b578202e e906f309dc3a297b 89cea445e7038fe4 1c7bb013c4f045a3 212a6f1eceb9c376 b5bd535a8582a31c ca72e8bfaaf91363 f9b2d6d9d239036d d7bba68aeb9d57dd 16966b412f702a34 81a92da1a22e8f49 dcbe7279049421a bfb96c4ed964d42b fb93637524625268 b4ab9482c16299f0 9ac76e1b095f4a9c 2dc19d04f46500d1 35c79ac1965ad190 9fba1c2ce26d3186 d6d23257d08f08dc e6e9da6dcd7bb930 2fe8eab78c99cd18 dd28d5f586a3f699 d41fafca86bb1d0e 1354ea27c412b062 cab6a6fb04089a81 8ac3b78ff07dc01c 3490707e9ed656c5 a2def1469e18a1b6 8e9661d2ff471779 1e1d6e3f2da2a8d6 cbbb4a8cc326d250 c26de9cac0fc5f85 ee9f085bda51ac5f 9d787eafe08b5809 a187b78e3a5a52e8 14abff47dfe66879 c071c0821026bfea ca8112d2b2247df6 120ae670e1f97811 f22037fbdf2d1219 9151900fd27ca6f2 b4761f033ca14acd 1bce5ce6a35c767f f5d91d72a69656fe e337a1cbad1fecf5 d07c6375aa4f3c75 d0e59374ff05feb1 2c25eba7c65580e7 f0a4bd5cb41d353f 332333f1fca24f1c c2f7d003c18a50d0 f5a78610df491f98 dbeb6eb4b39c8d5f ] wstrb=[1 30 b7 99 40 16 4d 41 46 4 da 86 1a 27 c7 61 2b a1 e7 45 c8 af a6 f3 50 8e 39 19 3d df c 8d 6d 45 a6 aa 25 b3 38 92 f8 de 3d 1d 91 75 b0 8a 53 ed a7 e5 62 57 6f b5 44 16 9a a6 6e 9 5c b2 20 f6 ] bresp=0 bid=1
[945000] SCOREBOARD: Transaction 4 received. pass=214 fail=0
[945000] ALL PASS. Total transactions: 4
[955000] SLAVE 0 R_VALID_RDY Handshake beat=1 rlast=1
[955000] [SLAVE MONITOR] READ mst_id=0 s_id=0 araddr=3049e68 arid=2 arlen=1 arsize=3 arburst=1 rid=[22] rresp=[00] rdata=[baadf00d12345678baadf00d12345678]
[965000] MASTER 0 R_VALID_RDY Handshake beat=0 rlast=0
[975000] MASTER 0 R_VALID_RDY Handshake beat=1 rlast=1
[975000] [MASTER MONITOR] READ mst_id=0 s_id=0 araddr=3049e68 arid=2 arlen=1 arsize=3 arburst=1 rid=[22] rresp=[00] rdata=[baadf00d12345678baadf00d12345678]
[975000] [MASTER DRIVER] READ mst_id=0 s_id=0 araddr=3049e68 arid=2 arlen=1 arsize=3 arburst=1 rid=[22] rresp=[00] rdata=[baadf00d12345678baadf00d12345678]
[975000] SCOREBOARD MATCH: decode_err expected = 0, actual =0
[975000] SCOREBOARD MATCH: slave_id expected = 0, actual =0
[975000] SCOREBOARD MATCH: araddr passthrough expected = 3049e68, actual =3049e68
[975000] SCOREBOARD MATCH: arlen passthrough expected = 1, actual =1
[975000] SCOREBOARD MATCH: arsize passthrough expected = 3, actual =3
[975000] SCOREBOARD MATCH: arburst passthrough expected = 1, actual =1
[975000] SCOREBOARD MATCH: rdata size check expected = 2, actual =2
[975000] SCOREBOARD MATCH: rdata passthrough beat=0 expected = baadf00d12345678, actual =baadf00d12345678
[975000] SCOREBOARD MATCH: rdata passthrough beat=1 expected = baadf00d12345678, actual =baadf00d12345678
[975000] SCOREBOARD MATCH: rresp size check expected = 2, actual =2
[975000] SCOREBOARD MATCH: rresp passthrough beat=0 expected = 0, actual =0
[975000] SCOREBOARD MATCH: rresp passthrough beat=1 expected = 0, actual =0
[975000] SCOREBOARD MATCH: response routed to correct master (read beat 0) expected = 0, actual =0
[975000] SCOREBOARD MATCH: response routed to correct master (read beat 1) expected = 0, actual =0
[975000] [SCOREBOARD-M] READ mst_id=0 s_id=0 araddr=3049e68 arid=2 arlen=1 arsize=3 arburst=1 rid=[22] rresp=[00] rdata=[baadf00d12345678baadf00d12345678]
[975000] [SCOREBOARD-S] READ mst_id=0 s_id=0 araddr=3049e68 arid=2 arlen=1 arsize=3 arburst=1 rid=[22] rresp=[00] rdata=[baadf00d12345678baadf00d12345678]
[975000] SCOREBOARD: Transaction 5 received. pass=228 fail=0
[975000] SCOREBOARD: Expected 5 transactions completed, PASS=228 FAIL=0
[975000] ALL PASS. Total transactions: 5
[975000] ALL TRANSACTIONS MONITORED
$finish called at time : 995 ns : File "/home/nashita/Desktop/practice/axi_xbar/tb/top/axi_tb_top.sv" Line 220
exit
INFO: xsimkernel Simulation Memory Usage: 289464 KB (Peak: 337864 KB), Simulation CPU Usage: 1190 ms
INFO: [Common 17-206] Exiting xsim at Thu Sep 10 18:32:09 2026...
