#-----------------------------------------------------------
# xsim v2025.2 (64-bit)
# SW Build 6299465 on Fri Nov 14 12:34:56 MST 2025
# IP Build 6300035 on Fri Nov 14 10:48:45 MST 2025
# SharedData Build 6298862 on Thu Nov 13 04:50:51 MST 2025
# Start of session at: Thu Sep 10 18:41:39 2026
# Process ID         : 3663728
# Current directory  : /home/nashita/Desktop/practice/axi_xbar/sim
# Command line       : xsim -log regress_results/BT_run403.log -mode tcl -source {xsim.dir/tb_top_snap/xsim_script.tcl}
# Log file           : /home/nashita/Desktop/practice/axi_xbar/sim/regress_results/BT_run403.log
# Journal file       : /home/nashita/Desktop/practice/axi_xbar/sim/xsim.jou
# Running On         : vlsi-vivado
# Platform           : Ubuntu
# Operating System   : Ubuntu 24.04.4 LTS
# Processor Detail   : Intel(R) Core(TM) i5-10400 CPU @ 2.90GHz
# CPU Frequency      : 3999.990 MHz
# CPU Physical cores : 6
# CPU Logical cores  : 12
# Host memory        : 41875 MB
# Swap memory        : 27648 MB
# Total Virtual      : 69524 MB
# Available Virtual  : 62877 MB
#-----------------------------------------------------------
source xsim.dir/tb_top_snap/xsim_script.tcl
# xsim {tb_top_snap} -testplusarg BT -autoloadwcfg -runall -sv_seed 404
Time resolution is 1 ps
run -all
[0] RUNNING BASE TEST
[0] INSIDE THE BASE TEST CONSTRUCTOR
[0] ENV: before agent
[0] SLAVE CONSTRUCTED
[0] MASTER MONITOR CONSTRUCTED
[0] MASTER MONITOR CONSTRUCTED
[0] SLAVE MONITOR CONSTRUCTED
[0] SLAVE MONITOR CONSTRUCTED
[0] ARB MONITOR CONSTRUCTED
GENERATOR CONSTRUCTED
[0] ENV: after agent
[0] ENV: before scoreboard
[0] ENV: after scoreboard
[15000] [SEQUENCER] mst_id=0 s_id=0 awaddr=1f43cdb8 awid=1001 awlen=12 awsize=3 awburst=2 wdata=[1b3f020c3569fdac 36d297c5fd6ab836 cc1408bc0a1e130 f60bdedc9163924c ece4a8328004297 e8a223c7acde76a1 3e4208ee1b8f8b0e c38fcda5deae02a4 8b8c7945cd105371 e89fde7fac31f16c 8adff410c9ce8233 96ded5a42c2fac24 d8619d90166c6d56 ] wstrb=[23 89 a1 47 2e f7 d8 51 80 79 99 ae 70 ] bresp=0 bid=0
[15000] [SEQUENCER] READ mst_id=0 s_id=0 araddr=11269e60 arid=1 arlen=1 arsize=3 arburst=1 rid=[] rresp=[] rdata=[]
[15000] [SEQUENCER] mst_id=0 s_id=0 awaddr=f82fb18 awid=111 awlen=11 awsize=5 awburst=0 wdata=[a6b82c9eeba5e1b9 2f6a8af92b7c15a a4232ab7a9f54f43 159b30fde68496ef f93c5849cadb5756 f4d0a6991891d9ac ff16709b1d5f8301 e83ada578a6bd796 a2fdb142f852c8e4 95b24be5dd0b80f0 e7775887a21421dd 1a66eac2fded263c ] wstrb=[c9 2d a7 a7 b4 e4 69 7d 11 10 24 c5 ] bresp=0 bid=0
[15000] [SEQUENCER] mst_id=0 s_id=0 awaddr=71181e8 awid=110 awlen=87 awsize=0 awburst=1 wdata=[1efcee4cffa09639 b8f46157d02b4659 c8196805fa2be9a3 f9cc7fdce4d8756d b503bbc6e7165651 e1423ff532c0e134 979956a1fd1d23cc e4337a1ddb0ebfd1 8dcfa105cc9d1268 c9ba3634c575ba12 208479e42568f7a7 f2060a0fadedb051 f3636a64ae541ae9 d3bd12903bc04043 e9adf09413e7e448 c23bff31c5c31c9f 81835ce2dd115af8 f0f93f4015f911c2 dbbc2e61eb314d77 c842a86f33353e72 c92e5034dd3f8b44 c870d8bb393be7b0 ec712622a4ea7e95 822a09d990b3812a c9ef68da359f7656 da89f4ebca9ae294 db4e63bfb6608efc ec000552dcb3fec5 a74ee159a53dcc99 db9e5b96c689fa3e 233df903829d4518 27db11b2c79e60e8 8e285b26ca8cda5c cd2a1f7503796d48 cb17ce30b1665429 fbf32e86f5053127 f87e9e6fd9402957 8aa67d80c91d4dfb 3e227f22c3966c9f 9cd695f68699ac06 cfb6fa0136a11d91 fa378a30277d1377 ae16bf7d8dd97923 c47a96b4170e2027 3e8b339efdcdb97f 8ba732a23eb220e5 d5c0410ceca1f31b ea6fac9ad021c957 ed3ea3c144b74aa 80ed67c5f616df3d c638a894e4942b48 f8df9ff2eb5d1460 e173f39dd50c92d0 39a0be18f9cd07b7 e52a1c1727ac9c31 fcb92f0132805e0a ac4d65c1c69e0fb4 ee4aabe53659ed19 e8da4b23117781d9 d815918deb03dae6 a15dc7ff9527b0e4 a69f32bdc6603d73 b16418598a381322 1f5fc407feb4c44b c51501bed2c1e059 dcf9f37bc5fef6c4 c4b3bb0ff6791a17 c93afa70fc59b782 c258ae4789c8bccd 41d6e52634edec a28ea56e870c6956 10d52624c97cd155 efb1bf41e4e753b5 ebf3bd0c1116fd09 da93ce5e124064b0 f727b865fcc8e330 ddfe039ca458da0 dc85f250e31b7571 dfe458a1e873ae97 b2b93c37d3adaab5 36c92027edc438da d637e7728f3f2e87 e2ecd93d96ad78c8 471b1a388f123a9 1830523119b5f964 b063722cdaa99915 e39abcbefb1d2b6e 14d324d2b4d523cf ] wstrb=[ef e4 fe 5d a3 ce 2f 92 b2 2e f0 55 fc 1f e8 ae 4d d8 4 49 f7 ec f8 45 c4 fc 8e bb e8 86 0 ac 82 8f 67 6a 15 68 16 98 f7 7e 2 c e6 19 a4 dd 97 a7 e9 7d c0 8e 5a 57 35 43 d4 f5 d1 2e 4c 6 71 20 fb 43 4e 47 49 bf 67 45 2 b5 8c 4c 75 f4 91 77 a9 1d c3 1e 11 54 ] bresp=0 bid=0
[15000] [SEQUENCER] mst_id=0 s_id=0 awaddr=1407f190 awid=1001 awlen=1 awsize=0 awburst=0 wdata=[9c7f2136012a804d 85d133acc9b6df22 ] wstrb=[2d 94 ] bresp=0 bid=0
[15000] MASTER_DRIVER0 received transaction, op=AXI_WRITE
[35000] MASTER 0 AW_VALID_RDY Handshake
[45000] ARB MONITOR: slave=1 m0_req=1 m1_req=0 winner=0
[45000] AXI S1_AWVALID_RDY HANDSHAKE
[55000] MASTER 0 W_VALID_RDY Handshake beat=0 wlast=0
[65000] MASTER 0 W_VALID_RDY Handshake beat=1 wlast=0
[65000] S1 MEMORY WRITE beat=0 addr=1f43cdb8 data=1b3f020c3569fdac id=09
[75000] S1 MEMORY WRITE beat=1 addr=1f43cdc0 data=36d297c5fd6ab836 id=09
[75000] MASTER 0 W_VALID_RDY Handshake beat=2 wlast=0
[85000] MASTER 0 W_VALID_RDY Handshake beat=3 wlast=0
[85000] S1 MEMORY WRITE beat=2 addr=1f43cdc8 data=0cc1408bc0a1e130 id=09
[95000] S1 MEMORY WRITE beat=3 addr=1f43cdd0 data=f60bdedc9163924c id=09
[95000] MASTER 0 W_VALID_RDY Handshake beat=4 wlast=0
[105000] MASTER 0 W_VALID_RDY Handshake beat=5 wlast=0
[105000] S1 MEMORY WRITE beat=4 addr=1f43cdd8 data=0ece4a8328004297 id=09
[115000] S1 MEMORY WRITE beat=5 addr=1f43cd78 data=e8a223c7acde76a1 id=09
[115000] MASTER 0 W_VALID_RDY Handshake beat=6 wlast=0
[125000] MASTER 0 W_VALID_RDY Handshake beat=7 wlast=0
[125000] S1 MEMORY WRITE beat=6 addr=1f43cd80 data=3e4208ee1b8f8b0e id=09
[135000] S1 MEMORY WRITE beat=7 addr=1f43cd88 data=c38fcda5deae02a4 id=09
[135000] MASTER 0 W_VALID_RDY Handshake beat=8 wlast=0
[145000] MASTER 0 W_VALID_RDY Handshake beat=9 wlast=0
[145000] S1 MEMORY WRITE beat=8 addr=1f43cd90 data=8b8c7945cd105371 id=09
[155000] S1 MEMORY WRITE beat=9 addr=1f43cd98 data=e89fde7fac31f16c id=09
[155000] MASTER 0 W_VALID_RDY Handshake beat=10 wlast=0
[165000] MASTER 0 W_VALID_RDY Handshake beat=11 wlast=0
[165000] S1 MEMORY WRITE beat=10 addr=1f43cda0 data=8adff410c9ce8233 id=09
[175000] S1 MEMORY WRITE beat=11 addr=1f43cda8 data=96ded5a42c2fac24 id=09
[175000] MASTER 0 W_VALID_RDY Handshake beat=12 wlast=1
[175000] MASTER_DRIVER0 received transaction, op=AXI_READ
[185000] S1 MEMORY WRITE beat=12 addr=1f43cdb0 data=d8619d90166c6d56 id=09
[195000] SLAVE1 sent B resp, id=9
[195000] [SLAVE MONITOR] mst_id=0 s_id=1 awaddr=1f43cdb8 awid=1001 awlen=12 awsize=3 awburst=2 wdata=[1b3f020c3569fdac 36d297c5fd6ab836 cc1408bc0a1e130 f60bdedc9163924c ece4a8328004297 e8a223c7acde76a1 3e4208ee1b8f8b0e c38fcda5deae02a4 8b8c7945cd105371 e89fde7fac31f16c 8adff410c9ce8233 96ded5a42c2fac24 d8619d90166c6d56 ] wstrb=[23 89 a1 47 2e f7 d8 51 80 79 99 ae 70 ] bresp=0 bid=1001
[195000] MASTER_DRIVER0 received transaction, op=AXI_WRITE
[205000] ARB MONITOR: slave=1 m0_req=1 m1_req=0 winner=0
[205000] AXI S0_ARVALID_RDY HANDSHAKE
[205000] MEMORY READ MISS beat=0 addr=11269e60 -> default data id=1
[215000] MEMORY READ MISS beat=1 addr=11269e68 -> default data id=1
[215000] SLAVE 1 R_VALID_RDY Handshake beat=0 rlast=0
[215000] MASTER 0 AW_VALID_RDY Handshake
[215000] MASTER 0 B_VALID_RDY Handshake
[215000] [MASTER MONITOR] mst_id=0 s_id=1 awaddr=1f43cdb8 awid=1001 awlen=12 awsize=3 awburst=2 wdata=[1b3f020c3569fdac 36d297c5fd6ab836 cc1408bc0a1e130 f60bdedc9163924c ece4a8328004297 e8a223c7acde76a1 3e4208ee1b8f8b0e c38fcda5deae02a4 8b8c7945cd105371 e89fde7fac31f16c 8adff410c9ce8233 96ded5a42c2fac24 d8619d90166c6d56 ] wstrb=[23 89 a1 47 2e f7 d8 51 80 79 99 ae 70 ] bresp=0 bid=1001
[215000] MASTER 0 RECEIVED BRESP. BRESP=0
[215000] [MASTER DRIVER] mst_id=0 s_id=0 awaddr=1f43cdb8 awid=1001 awlen=12 awsize=3 awburst=2 wdata=[1b3f020c3569fdac 36d297c5fd6ab836 cc1408bc0a1e130 f60bdedc9163924c ece4a8328004297 e8a223c7acde76a1 3e4208ee1b8f8b0e c38fcda5deae02a4 8b8c7945cd105371 e89fde7fac31f16c 8adff410c9ce8233 96ded5a42c2fac24 d8619d90166c6d56 ] wstrb=[23 89 a1 47 2e f7 d8 51 80 79 99 ae 70 ] bresp=0 bid=1001
[215000] SCOREBOARD MATCH: decode_err expected = 0, actual =0
[215000] SCOREBOARD MATCH: slave_id expected = 1, actual =1
[215000] SCOREBOARD MATCH: awaddr passthrough expected = 1f43cdb8, actual =1f43cdb8
[215000] SCOREBOARD MATCH: awlen passthrough expected = 12, actual =12
[215000] SCOREBOARD MATCH: awsize passthrough expected = 3, actual =3
[215000] SCOREBOARD MATCH: awburst passthrough expected = 2, actual =2
[215000] SCOREBOARD MATCH: wdata size check expected = d, actual =d
[215000] SCOREBOARD MATCH: wdata passthrough beat=0 expected = 1b3f020c3569fdac, actual =1b3f020c3569fdac
[215000] SCOREBOARD MATCH: wdata passthrough beat=1 expected = 36d297c5fd6ab836, actual =36d297c5fd6ab836
[215000] SCOREBOARD MATCH: wdata passthrough beat=2 expected = cc1408bc0a1e130, actual =cc1408bc0a1e130
[215000] SCOREBOARD MATCH: wdata passthrough beat=3 expected = f60bdedc9163924c, actual =f60bdedc9163924c
[215000] SCOREBOARD MATCH: wdata passthrough beat=4 expected = ece4a8328004297, actual =ece4a8328004297
[215000] SCOREBOARD MATCH: wdata passthrough beat=5 expected = e8a223c7acde76a1, actual =e8a223c7acde76a1
[215000] SCOREBOARD MATCH: wdata passthrough beat=6 expected = 3e4208ee1b8f8b0e, actual =3e4208ee1b8f8b0e
[215000] SCOREBOARD MATCH: wdata passthrough beat=7 expected = c38fcda5deae02a4, actual =c38fcda5deae02a4
[215000] SCOREBOARD MATCH: wdata passthrough beat=8 expected = 8b8c7945cd105371, actual =8b8c7945cd105371
[215000] SCOREBOARD MATCH: wdata passthrough beat=9 expected = e89fde7fac31f16c, actual =e89fde7fac31f16c
[215000] SCOREBOARD MATCH: wdata passthrough beat=10 expected = 8adff410c9ce8233, actual =8adff410c9ce8233
[215000] SCOREBOARD MATCH: wdata passthrough beat=11 expected = 96ded5a42c2fac24, actual =96ded5a42c2fac24
[215000] SCOREBOARD MATCH: wdata passthrough beat=12 expected = d8619d90166c6d56, actual =d8619d90166c6d56
[215000] SCOREBOARD MATCH: wstrb size check expected = d, actual =d
[215000] SCOREBOARD MATCH: wstrb passthrough beat=0 expected = 23, actual =23
[215000] SCOREBOARD MATCH: wstrb passthrough beat=1 expected = 89, actual =89
[215000] SCOREBOARD MATCH: wstrb passthrough beat=2 expected = a1, actual =a1
[215000] SCOREBOARD MATCH: wstrb passthrough beat=3 expected = 47, actual =47
[215000] SCOREBOARD MATCH: wstrb passthrough beat=4 expected = 2e, actual =2e
[215000] SCOREBOARD MATCH: wstrb passthrough beat=5 expected = f7, actual =f7
[215000] SCOREBOARD MATCH: wstrb passthrough beat=6 expected = d8, actual =d8
[215000] SCOREBOARD MATCH: wstrb passthrough beat=7 expected = 51, actual =51
[215000] SCOREBOARD MATCH: wstrb passthrough beat=8 expected = 80, actual =80
[215000] SCOREBOARD MATCH: wstrb passthrough beat=9 expected = 79, actual =79
[215000] SCOREBOARD MATCH: wstrb passthrough beat=10 expected = 99, actual =99
[215000] SCOREBOARD MATCH: wstrb passthrough beat=11 expected = ae, actual =ae
[215000] SCOREBOARD MATCH: wstrb passthrough beat=12 expected = 70, actual =70
[215000] SCOREBOARD MATCH: bresp passthrough expected = 0, actual =0
[215000] SCOREBOARD MATCH: response routed to correct master (write) expected = 0, actual =0
[215000] [SCOREBOARD-M] mst_id=0 s_id=1 awaddr=1f43cdb8 awid=1001 awlen=12 awsize=3 awburst=2 wdata=[1b3f020c3569fdac 36d297c5fd6ab836 cc1408bc0a1e130 f60bdedc9163924c ece4a8328004297 e8a223c7acde76a1 3e4208ee1b8f8b0e c38fcda5deae02a4 8b8c7945cd105371 e89fde7fac31f16c 8adff410c9ce8233 96ded5a42c2fac24 d8619d90166c6d56 ] wstrb=[23 89 a1 47 2e f7 d8 51 80 79 99 ae 70 ] bresp=0 bid=1001
[215000] [SCOREBOARD-S] mst_id=0 s_id=1 awaddr=1f43cdb8 awid=1001 awlen=12 awsize=3 awburst=2 wdata=[1b3f020c3569fdac 36d297c5fd6ab836 cc1408bc0a1e130 f60bdedc9163924c ece4a8328004297 e8a223c7acde76a1 3e4208ee1b8f8b0e c38fcda5deae02a4 8b8c7945cd105371 e89fde7fac31f16c 8adff410c9ce8233 96ded5a42c2fac24 d8619d90166c6d56 ] wstrb=[23 89 a1 47 2e f7 d8 51 80 79 99 ae 70 ] bresp=0 bid=1001
[215000] SCOREBOARD: Transaction 1 received. pass=36 fail=0
[215000] ALL PASS. Total transactions: 1
[225000] ARB MONITOR: slave=0 m0_req=1 m1_req=0 winner=0
[225000] SLAVE 1 R_VALID_RDY Handshake beat=1 rlast=1
[225000] [SLAVE MONITOR] READ mst_id=0 s_id=1 araddr=11269e60 arid=1 arlen=1 arsize=3 arburst=1 rid=[11] rresp=[00] rdata=[baadf00d12345678baadf00d12345678]
[225000] AXI S0_AWVALID_RDY HANDSHAKE
[235000] MASTER 0 R_VALID_RDY Handshake beat=0 rlast=0
[235000] MASTER 0 W_VALID_RDY Handshake beat=0 wlast=0
[245000] [MASTER DRIVER] READ mst_id=0 s_id=0 araddr=11269e60 arid=1 arlen=1 arsize=3 arburst=1 rid=[11] rresp=[00] rdata=[baadf00d12345678baadf00d12345678]
[245000] MASTER 0 W_VALID_RDY Handshake beat=1 wlast=0
[245000] MASTER 0 R_VALID_RDY Handshake beat=1 rlast=1
[245000] [MASTER MONITOR] READ mst_id=0 s_id=1 araddr=11269e60 arid=1 arlen=1 arsize=3 arburst=1 rid=[11] rresp=[00] rdata=[baadf00d12345678baadf00d12345678]
[245000] AXI S0_WVALID_RDY HANDSHAKE
[245000] S0 MEMORY WRITE beat=0 addr=0f82fb18 data=a6b82c9eeba5e1b9 id=07
[245000] SCOREBOARD MATCH: decode_err expected = 0, actual =0
[245000] SCOREBOARD MATCH: slave_id expected = 1, actual =1
[245000] SCOREBOARD MATCH: araddr passthrough expected = 11269e60, actual =11269e60
[245000] SCOREBOARD MATCH: arlen passthrough expected = 1, actual =1
[245000] SCOREBOARD MATCH: arsize passthrough expected = 3, actual =3
[245000] SCOREBOARD MATCH: arburst passthrough expected = 1, actual =1
[245000] SCOREBOARD MATCH: rdata size check expected = 2, actual =2
[245000] SCOREBOARD MATCH: rdata passthrough beat=0 expected = baadf00d12345678, actual =baadf00d12345678
[245000] SCOREBOARD MATCH: rdata passthrough beat=1 expected = baadf00d12345678, actual =baadf00d12345678
[245000] SCOREBOARD MATCH: rresp size check expected = 2, actual =2
[245000] SCOREBOARD MATCH: rresp passthrough beat=0 expected = 0, actual =0
[245000] SCOREBOARD MATCH: rresp passthrough beat=1 expected = 0, actual =0
[245000] SCOREBOARD MATCH: response routed to correct master (read beat 0) expected = 0, actual =0
[245000] SCOREBOARD MATCH: response routed to correct master (read beat 1) expected = 0, actual =0
[245000] [SCOREBOARD-M] READ mst_id=0 s_id=1 araddr=11269e60 arid=1 arlen=1 arsize=3 arburst=1 rid=[11] rresp=[00] rdata=[baadf00d12345678baadf00d12345678]
[245000] [SCOREBOARD-S] READ mst_id=0 s_id=1 araddr=11269e60 arid=1 arlen=1 arsize=3 arburst=1 rid=[11] rresp=[00] rdata=[baadf00d12345678baadf00d12345678]
[245000] SCOREBOARD: Transaction 2 received. pass=50 fail=0
[245000] ALL PASS. Total transactions: 2
[255000] AXI S0_WVALID_RDY HANDSHAKE
[255000] S0 MEMORY WRITE beat=1 addr=0f82fb18 data=02f6a8af92b7c15a id=07
[255000] MASTER 0 W_VALID_RDY Handshake beat=2 wlast=0
[265000] MASTER 0 W_VALID_RDY Handshake beat=3 wlast=0
[265000] AXI S0_WVALID_RDY HANDSHAKE
[265000] S0 MEMORY WRITE beat=2 addr=0f82fb18 data=a4232ab7a9f54f43 id=07
[275000] AXI S0_WVALID_RDY HANDSHAKE
[275000] S0 MEMORY WRITE beat=3 addr=0f82fb18 data=159b30fde68496ef id=07
[275000] MASTER 0 W_VALID_RDY Handshake beat=4 wlast=0
[285000] MASTER 0 W_VALID_RDY Handshake beat=5 wlast=0
[285000] AXI S0_WVALID_RDY HANDSHAKE
[285000] S0 MEMORY WRITE beat=4 addr=0f82fb18 data=f93c5849cadb5756 id=07
[295000] AXI S0_WVALID_RDY HANDSHAKE
[295000] S0 MEMORY WRITE beat=5 addr=0f82fb18 data=f4d0a6991891d9ac id=07
[295000] MASTER 0 W_VALID_RDY Handshake beat=6 wlast=0
[305000] MASTER 0 W_VALID_RDY Handshake beat=7 wlast=0
[305000] AXI S0_WVALID_RDY HANDSHAKE
[305000] S0 MEMORY WRITE beat=6 addr=0f82fb18 data=ff16709b1d5f8301 id=07
[315000] AXI S0_WVALID_RDY HANDSHAKE
[315000] S0 MEMORY WRITE beat=7 addr=0f82fb18 data=e83ada578a6bd796 id=07
[315000] MASTER 0 W_VALID_RDY Handshake beat=8 wlast=0
[325000] MASTER 0 W_VALID_RDY Handshake beat=9 wlast=0
[325000] AXI S0_WVALID_RDY HANDSHAKE
[325000] S0 MEMORY WRITE beat=8 addr=0f82fb18 data=a2fdb142f852c8e4 id=07
[335000] AXI S0_WVALID_RDY HANDSHAKE
[335000] S0 MEMORY WRITE beat=9 addr=0f82fb18 data=95b24be5dd0b80f0 id=07
[335000] MASTER 0 W_VALID_RDY Handshake beat=10 wlast=0
[345000] MASTER_DRIVER0 received transaction, op=AXI_WRITE
[345000] MASTER 0 W_VALID_RDY Handshake beat=11 wlast=1
[345000] AXI S0_WVALID_RDY HANDSHAKE
[345000] S0 MEMORY WRITE beat=10 addr=0f82fb18 data=e7775887a21421dd id=07
[355000] AXI S0_WVALID_RDY HANDSHAKE
[355000] S0 MEMORY WRITE beat=11 addr=0f82fb18 data=1a66eac2fded263c id=07
[365000] MASTER 0 AW_VALID_RDY Handshake
[365000] SLAVE0 sent B resp, id=7
[375000] AXI S0_AWVALID_RDY HANDSHAKE
[375000] [SLAVE MONITOR] mst_id=0 s_id=0 awaddr=f82fb18 awid=111 awlen=11 awsize=5 awburst=0 wdata=[a6b82c9eeba5e1b9 2f6a8af92b7c15a a4232ab7a9f54f43 159b30fde68496ef f93c5849cadb5756 f4d0a6991891d9ac ff16709b1d5f8301 e83ada578a6bd796 a2fdb142f852c8e4 95b24be5dd0b80f0 e7775887a21421dd 1a66eac2fded263c ] wstrb=[c9 2d a7 a7 b4 e4 69 7d 11 10 24 c5 ] bresp=0 bid=111
[375000] ARB MONITOR: slave=0 m0_req=1 m1_req=0 winner=0
[385000] MASTER 0 RECEIVED BRESP. BRESP=0
[385000] [MASTER DRIVER] mst_id=0 s_id=0 awaddr=f82fb18 awid=111 awlen=11 awsize=5 awburst=0 wdata=[a6b82c9eeba5e1b9 2f6a8af92b7c15a a4232ab7a9f54f43 159b30fde68496ef f93c5849cadb5756 f4d0a6991891d9ac ff16709b1d5f8301 e83ada578a6bd796 a2fdb142f852c8e4 95b24be5dd0b80f0 e7775887a21421dd 1a66eac2fded263c ] wstrb=[c9 2d a7 a7 b4 e4 69 7d 11 10 24 c5 ] bresp=0 bid=111
[385000] MASTER 0 W_VALID_RDY Handshake beat=0 wlast=0
[385000] MASTER 0 B_VALID_RDY Handshake
[385000] [MASTER MONITOR] mst_id=0 s_id=0 awaddr=f82fb18 awid=111 awlen=11 awsize=5 awburst=0 wdata=[a6b82c9eeba5e1b9 2f6a8af92b7c15a a4232ab7a9f54f43 159b30fde68496ef f93c5849cadb5756 f4d0a6991891d9ac ff16709b1d5f8301 e83ada578a6bd796 a2fdb142f852c8e4 95b24be5dd0b80f0 e7775887a21421dd 1a66eac2fded263c ] wstrb=[c9 2d a7 a7 b4 e4 69 7d 11 10 24 c5 ] bresp=0 bid=111
[385000] SCOREBOARD MATCH: decode_err expected = 0, actual =0
[385000] SCOREBOARD MATCH: slave_id expected = 0, actual =0
[385000] SCOREBOARD MATCH: awaddr passthrough expected = f82fb18, actual =f82fb18
[385000] SCOREBOARD MATCH: awlen passthrough expected = 11, actual =11
[385000] SCOREBOARD MATCH: awsize passthrough expected = 5, actual =5
[385000] SCOREBOARD MATCH: awburst passthrough expected = 0, actual =0
[385000] SCOREBOARD MATCH: wdata size check expected = c, actual =c
[385000] SCOREBOARD MATCH: wdata passthrough beat=0 expected = a6b82c9eeba5e1b9, actual =a6b82c9eeba5e1b9
[385000] SCOREBOARD MATCH: wdata passthrough beat=1 expected = 2f6a8af92b7c15a, actual =2f6a8af92b7c15a
[385000] SCOREBOARD MATCH: wdata passthrough beat=2 expected = a4232ab7a9f54f43, actual =a4232ab7a9f54f43
[385000] SCOREBOARD MATCH: wdata passthrough beat=3 expected = 159b30fde68496ef, actual =159b30fde68496ef
[385000] SCOREBOARD MATCH: wdata passthrough beat=4 expected = f93c5849cadb5756, actual =f93c5849cadb5756
[385000] SCOREBOARD MATCH: wdata passthrough beat=5 expected = f4d0a6991891d9ac, actual =f4d0a6991891d9ac
[385000] SCOREBOARD MATCH: wdata passthrough beat=6 expected = ff16709b1d5f8301, actual =ff16709b1d5f8301
[385000] SCOREBOARD MATCH: wdata passthrough beat=7 expected = e83ada578a6bd796, actual =e83ada578a6bd796
[385000] SCOREBOARD MATCH: wdata passthrough beat=8 expected = a2fdb142f852c8e4, actual =a2fdb142f852c8e4
[385000] SCOREBOARD MATCH: wdata passthrough beat=9 expected = 95b24be5dd0b80f0, actual =95b24be5dd0b80f0
[385000] SCOREBOARD MATCH: wdata passthrough beat=10 expected = e7775887a21421dd, actual =e7775887a21421dd
[385000] SCOREBOARD MATCH: wdata passthrough beat=11 expected = 1a66eac2fded263c, actual =1a66eac2fded263c
[385000] SCOREBOARD MATCH: wstrb size check expected = c, actual =c
[385000] SCOREBOARD MATCH: wstrb passthrough beat=0 expected = c9, actual =c9
[385000] SCOREBOARD MATCH: wstrb passthrough beat=1 expected = 2d, actual =2d
[385000] SCOREBOARD MATCH: wstrb passthrough beat=2 expected = a7, actual =a7
[385000] SCOREBOARD MATCH: wstrb passthrough beat=3 expected = a7, actual =a7
[385000] SCOREBOARD MATCH: wstrb passthrough beat=4 expected = b4, actual =b4
[385000] SCOREBOARD MATCH: wstrb passthrough beat=5 expected = e4, actual =e4
[385000] SCOREBOARD MATCH: wstrb passthrough beat=6 expected = 69, actual =69
[385000] SCOREBOARD MATCH: wstrb passthrough beat=7 expected = 7d, actual =7d
[385000] SCOREBOARD MATCH: wstrb passthrough beat=8 expected = 11, actual =11
[385000] SCOREBOARD MATCH: wstrb passthrough beat=9 expected = 10, actual =10
[385000] SCOREBOARD MATCH: wstrb passthrough beat=10 expected = 24, actual =24
[385000] SCOREBOARD MATCH: wstrb passthrough beat=11 expected = c5, actual =c5
[385000] SCOREBOARD MATCH: bresp passthrough expected = 0, actual =0
[385000] SCOREBOARD MATCH: response routed to correct master (write) expected = 0, actual =0
[385000] [SCOREBOARD-M] mst_id=0 s_id=0 awaddr=f82fb18 awid=111 awlen=11 awsize=5 awburst=0 wdata=[a6b82c9eeba5e1b9 2f6a8af92b7c15a a4232ab7a9f54f43 159b30fde68496ef f93c5849cadb5756 f4d0a6991891d9ac ff16709b1d5f8301 e83ada578a6bd796 a2fdb142f852c8e4 95b24be5dd0b80f0 e7775887a21421dd 1a66eac2fded263c ] wstrb=[c9 2d a7 a7 b4 e4 69 7d 11 10 24 c5 ] bresp=0 bid=111
[385000] [SCOREBOARD-S] mst_id=0 s_id=0 awaddr=f82fb18 awid=111 awlen=11 awsize=5 awburst=0 wdata=[a6b82c9eeba5e1b9 2f6a8af92b7c15a a4232ab7a9f54f43 159b30fde68496ef f93c5849cadb5756 f4d0a6991891d9ac ff16709b1d5f8301 e83ada578a6bd796 a2fdb142f852c8e4 95b24be5dd0b80f0 e7775887a21421dd 1a66eac2fded263c ] wstrb=[c9 2d a7 a7 b4 e4 69 7d 11 10 24 c5 ] bresp=0 bid=111
[385000] SCOREBOARD: Transaction 3 received. pass=84 fail=0
[385000] ALL PASS. Total transactions: 3
[395000] AXI S0_WVALID_RDY HANDSHAKE
[395000] S0 MEMORY WRITE beat=0 addr=071181e8 data=1efcee4cffa09639 id=06
[395000] MASTER 0 W_VALID_RDY Handshake beat=1 wlast=0
[405000] MASTER 0 W_VALID_RDY Handshake beat=2 wlast=0
[405000] AXI S0_WVALID_RDY HANDSHAKE
[405000] S0 MEMORY WRITE beat=1 addr=071181e9 data=b8f46157d02b4659 id=06
[415000] AXI S0_WVALID_RDY HANDSHAKE
[415000] S0 MEMORY WRITE beat=2 addr=071181ea data=c8196805fa2be9a3 id=06
[415000] MASTER 0 W_VALID_RDY Handshake beat=3 wlast=0
[425000] MASTER 0 W_VALID_RDY Handshake beat=4 wlast=0
[425000] AXI S0_WVALID_RDY HANDSHAKE
[425000] S0 MEMORY WRITE beat=3 addr=071181eb data=f9cc7fdce4d8756d id=06
[435000] AXI S0_WVALID_RDY HANDSHAKE
[435000] S0 MEMORY WRITE beat=4 addr=071181ec data=b503bbc6e7165651 id=06
[435000] MASTER 0 W_VALID_RDY Handshake beat=5 wlast=0
[445000] MASTER 0 W_VALID_RDY Handshake beat=6 wlast=0
[445000] AXI S0_WVALID_RDY HANDSHAKE
[445000] S0 MEMORY WRITE beat=5 addr=071181ed data=e1423ff532c0e134 id=06
[455000] AXI S0_WVALID_RDY HANDSHAKE
[455000] S0 MEMORY WRITE beat=6 addr=071181ee data=979956a1fd1d23cc id=06
[455000] MASTER 0 W_VALID_RDY Handshake beat=7 wlast=0
[465000] MASTER 0 W_VALID_RDY Handshake beat=8 wlast=0
[465000] AXI S0_WVALID_RDY HANDSHAKE
[465000] S0 MEMORY WRITE beat=7 addr=071181ef data=e4337a1ddb0ebfd1 id=06
[475000] AXI S0_WVALID_RDY HANDSHAKE
[475000] S0 MEMORY WRITE beat=8 addr=071181f0 data=8dcfa105cc9d1268 id=06
[475000] MASTER 0 W_VALID_RDY Handshake beat=9 wlast=0
[485000] MASTER 0 W_VALID_RDY Handshake beat=10 wlast=0
[485000] AXI S0_WVALID_RDY HANDSHAKE
[485000] S0 MEMORY WRITE beat=9 addr=071181f1 data=c9ba3634c575ba12 id=06
[495000] AXI S0_WVALID_RDY HANDSHAKE
[495000] S0 MEMORY WRITE beat=10 addr=071181f2 data=208479e42568f7a7 id=06
[495000] MASTER 0 W_VALID_RDY Handshake beat=11 wlast=0
[505000] MASTER 0 W_VALID_RDY Handshake beat=12 wlast=0
[505000] AXI S0_WVALID_RDY HANDSHAKE
[505000] S0 MEMORY WRITE beat=11 addr=071181f3 data=f2060a0fadedb051 id=06
[515000] AXI S0_WVALID_RDY HANDSHAKE
[515000] S0 MEMORY WRITE beat=12 addr=071181f4 data=f3636a64ae541ae9 id=06
[515000] MASTER 0 W_VALID_RDY Handshake beat=13 wlast=0
[525000] MASTER 0 W_VALID_RDY Handshake beat=14 wlast=0
[525000] AXI S0_WVALID_RDY HANDSHAKE
[525000] S0 MEMORY WRITE beat=13 addr=071181f5 data=d3bd12903bc04043 id=06
[535000] AXI S0_WVALID_RDY HANDSHAKE
[535000] S0 MEMORY WRITE beat=14 addr=071181f6 data=e9adf09413e7e448 id=06
[535000] MASTER 0 W_VALID_RDY Handshake beat=15 wlast=0
[545000] MASTER 0 W_VALID_RDY Handshake beat=16 wlast=0
[545000] AXI S0_WVALID_RDY HANDSHAKE
[545000] S0 MEMORY WRITE beat=15 addr=071181f7 data=c23bff31c5c31c9f id=06
[555000] AXI S0_WVALID_RDY HANDSHAKE
[555000] S0 MEMORY WRITE beat=16 addr=071181f8 data=81835ce2dd115af8 id=06
[555000] MASTER 0 W_VALID_RDY Handshake beat=17 wlast=0
[565000] MASTER 0 W_VALID_RDY Handshake beat=18 wlast=0
[565000] AXI S0_WVALID_RDY HANDSHAKE
[565000] S0 MEMORY WRITE beat=17 addr=071181f9 data=f0f93f4015f911c2 id=06
[575000] AXI S0_WVALID_RDY HANDSHAKE
[575000] S0 MEMORY WRITE beat=18 addr=071181fa data=dbbc2e61eb314d77 id=06
[575000] MASTER 0 W_VALID_RDY Handshake beat=19 wlast=0
[585000] MASTER 0 W_VALID_RDY Handshake beat=20 wlast=0
[585000] AXI S0_WVALID_RDY HANDSHAKE
[585000] S0 MEMORY WRITE beat=19 addr=071181fb data=c842a86f33353e72 id=06
[595000] AXI S0_WVALID_RDY HANDSHAKE
[595000] S0 MEMORY WRITE beat=20 addr=071181fc data=c92e5034dd3f8b44 id=06
[595000] MASTER 0 W_VALID_RDY Handshake beat=21 wlast=0
[605000] MASTER 0 W_VALID_RDY Handshake beat=22 wlast=0
[605000] AXI S0_WVALID_RDY HANDSHAKE
[605000] S0 MEMORY WRITE beat=21 addr=071181fd data=c870d8bb393be7b0 id=06
[615000] AXI S0_WVALID_RDY HANDSHAKE
[615000] S0 MEMORY WRITE beat=22 addr=071181fe data=ec712622a4ea7e95 id=06
[615000] MASTER 0 W_VALID_RDY Handshake beat=23 wlast=0
[625000] MASTER 0 W_VALID_RDY Handshake beat=24 wlast=0
[625000] AXI S0_WVALID_RDY HANDSHAKE
[625000] S0 MEMORY WRITE beat=23 addr=071181ff data=822a09d990b3812a id=06
[635000] AXI S0_WVALID_RDY HANDSHAKE
[635000] S0 MEMORY WRITE beat=24 addr=07118200 data=c9ef68da359f7656 id=06
[635000] MASTER 0 W_VALID_RDY Handshake beat=25 wlast=0
[645000] MASTER 0 W_VALID_RDY Handshake beat=26 wlast=0
[645000] AXI S0_WVALID_RDY HANDSHAKE
[645000] S0 MEMORY WRITE beat=25 addr=07118201 data=da89f4ebca9ae294 id=06
[655000] AXI S0_WVALID_RDY HANDSHAKE
[655000] S0 MEMORY WRITE beat=26 addr=07118202 data=db4e63bfb6608efc id=06
[655000] MASTER 0 W_VALID_RDY Handshake beat=27 wlast=0
[665000] MASTER 0 W_VALID_RDY Handshake beat=28 wlast=0
[665000] AXI S0_WVALID_RDY HANDSHAKE
[665000] S0 MEMORY WRITE beat=27 addr=07118203 data=ec000552dcb3fec5 id=06
[675000] AXI S0_WVALID_RDY HANDSHAKE
[675000] S0 MEMORY WRITE beat=28 addr=07118204 data=a74ee159a53dcc99 id=06
[675000] MASTER 0 W_VALID_RDY Handshake beat=29 wlast=0
[685000] MASTER 0 W_VALID_RDY Handshake beat=30 wlast=0
[685000] AXI S0_WVALID_RDY HANDSHAKE
[685000] S0 MEMORY WRITE beat=29 addr=07118205 data=db9e5b96c689fa3e id=06
[695000] AXI S0_WVALID_RDY HANDSHAKE
[695000] S0 MEMORY WRITE beat=30 addr=07118206 data=233df903829d4518 id=06
[695000] MASTER 0 W_VALID_RDY Handshake beat=31 wlast=0
[705000] MASTER 0 W_VALID_RDY Handshake beat=32 wlast=0
[705000] AXI S0_WVALID_RDY HANDSHAKE
[705000] S0 MEMORY WRITE beat=31 addr=07118207 data=27db11b2c79e60e8 id=06
[715000] AXI S0_WVALID_RDY HANDSHAKE
[715000] S0 MEMORY WRITE beat=32 addr=07118208 data=8e285b26ca8cda5c id=06
[715000] MASTER 0 W_VALID_RDY Handshake beat=33 wlast=0
[725000] MASTER 0 W_VALID_RDY Handshake beat=34 wlast=0
[725000] AXI S0_WVALID_RDY HANDSHAKE
[725000] S0 MEMORY WRITE beat=33 addr=07118209 data=cd2a1f7503796d48 id=06
[735000] AXI S0_WVALID_RDY HANDSHAKE
[735000] S0 MEMORY WRITE beat=34 addr=0711820a data=cb17ce30b1665429 id=06
[735000] MASTER 0 W_VALID_RDY Handshake beat=35 wlast=0
[745000] MASTER 0 W_VALID_RDY Handshake beat=36 wlast=0
[745000] AXI S0_WVALID_RDY HANDSHAKE
[745000] S0 MEMORY WRITE beat=35 addr=0711820b data=fbf32e86f5053127 id=06
[755000] AXI S0_WVALID_RDY HANDSHAKE
[755000] S0 MEMORY WRITE beat=36 addr=0711820c data=f87e9e6fd9402957 id=06
[755000] MASTER 0 W_VALID_RDY Handshake beat=37 wlast=0
[765000] MASTER 0 W_VALID_RDY Handshake beat=38 wlast=0
[765000] AXI S0_WVALID_RDY HANDSHAKE
[765000] S0 MEMORY WRITE beat=37 addr=0711820d data=8aa67d80c91d4dfb id=06
[775000] AXI S0_WVALID_RDY HANDSHAKE
[775000] S0 MEMORY WRITE beat=38 addr=0711820e data=3e227f22c3966c9f id=06
[775000] MASTER 0 W_VALID_RDY Handshake beat=39 wlast=0
[785000] MASTER 0 W_VALID_RDY Handshake beat=40 wlast=0
[785000] AXI S0_WVALID_RDY HANDSHAKE
[785000] S0 MEMORY WRITE beat=39 addr=0711820f data=9cd695f68699ac06 id=06
[795000] AXI S0_WVALID_RDY HANDSHAKE
[795000] S0 MEMORY WRITE beat=40 addr=07118210 data=cfb6fa0136a11d91 id=06
[795000] MASTER 0 W_VALID_RDY Handshake beat=41 wlast=0
[805000] MASTER 0 W_VALID_RDY Handshake beat=42 wlast=0
[805000] AXI S0_WVALID_RDY HANDSHAKE
[805000] S0 MEMORY WRITE beat=41 addr=07118211 data=fa378a30277d1377 id=06
[815000] AXI S0_WVALID_RDY HANDSHAKE
[815000] S0 MEMORY WRITE beat=42 addr=07118212 data=ae16bf7d8dd97923 id=06
[815000] MASTER 0 W_VALID_RDY Handshake beat=43 wlast=0
[825000] MASTER 0 W_VALID_RDY Handshake beat=44 wlast=0
[825000] AXI S0_WVALID_RDY HANDSHAKE
[825000] S0 MEMORY WRITE beat=43 addr=07118213 data=c47a96b4170e2027 id=06
[835000] AXI S0_WVALID_RDY HANDSHAKE
[835000] S0 MEMORY WRITE beat=44 addr=07118214 data=3e8b339efdcdb97f id=06
[835000] MASTER 0 W_VALID_RDY Handshake beat=45 wlast=0
[845000] MASTER 0 W_VALID_RDY Handshake beat=46 wlast=0
[845000] AXI S0_WVALID_RDY HANDSHAKE
[845000] S0 MEMORY WRITE beat=45 addr=07118215 data=8ba732a23eb220e5 id=06
[855000] AXI S0_WVALID_RDY HANDSHAKE
[855000] S0 MEMORY WRITE beat=46 addr=07118216 data=d5c0410ceca1f31b id=06
[855000] MASTER 0 W_VALID_RDY Handshake beat=47 wlast=0
[865000] MASTER 0 W_VALID_RDY Handshake beat=48 wlast=0
[865000] AXI S0_WVALID_RDY HANDSHAKE
[865000] S0 MEMORY WRITE beat=47 addr=07118217 data=ea6fac9ad021c957 id=06
[875000] AXI S0_WVALID_RDY HANDSHAKE
[875000] S0 MEMORY WRITE beat=48 addr=07118218 data=0ed3ea3c144b74aa id=06
[875000] MASTER 0 W_VALID_RDY Handshake beat=49 wlast=0
[885000] MASTER 0 W_VALID_RDY Handshake beat=50 wlast=0
[885000] AXI S0_WVALID_RDY HANDSHAKE
[885000] S0 MEMORY WRITE beat=49 addr=07118219 data=80ed67c5f616df3d id=06
[895000] AXI S0_WVALID_RDY HANDSHAKE
[895000] S0 MEMORY WRITE beat=50 addr=0711821a data=c638a894e4942b48 id=06
[895000] MASTER 0 W_VALID_RDY Handshake beat=51 wlast=0
[905000] MASTER 0 W_VALID_RDY Handshake beat=52 wlast=0
[905000] AXI S0_WVALID_RDY HANDSHAKE
[905000] S0 MEMORY WRITE beat=51 addr=0711821b data=f8df9ff2eb5d1460 id=06
[915000] AXI S0_WVALID_RDY HANDSHAKE
[915000] S0 MEMORY WRITE beat=52 addr=0711821c data=e173f39dd50c92d0 id=06
[915000] MASTER 0 W_VALID_RDY Handshake beat=53 wlast=0
[925000] MASTER 0 W_VALID_RDY Handshake beat=54 wlast=0
[925000] AXI S0_WVALID_RDY HANDSHAKE
[925000] S0 MEMORY WRITE beat=53 addr=0711821d data=39a0be18f9cd07b7 id=06
[935000] AXI S0_WVALID_RDY HANDSHAKE
[935000] S0 MEMORY WRITE beat=54 addr=0711821e data=e52a1c1727ac9c31 id=06
[935000] MASTER 0 W_VALID_RDY Handshake beat=55 wlast=0
[945000] MASTER 0 W_VALID_RDY Handshake beat=56 wlast=0
[945000] AXI S0_WVALID_RDY HANDSHAKE
[945000] S0 MEMORY WRITE beat=55 addr=0711821f data=fcb92f0132805e0a id=06
[955000] AXI S0_WVALID_RDY HANDSHAKE
[955000] S0 MEMORY WRITE beat=56 addr=07118220 data=ac4d65c1c69e0fb4 id=06
[955000] MASTER 0 W_VALID_RDY Handshake beat=57 wlast=0
[965000] MASTER 0 W_VALID_RDY Handshake beat=58 wlast=0
[965000] AXI S0_WVALID_RDY HANDSHAKE
[965000] S0 MEMORY WRITE beat=57 addr=07118221 data=ee4aabe53659ed19 id=06
[975000] AXI S0_WVALID_RDY HANDSHAKE
[975000] S0 MEMORY WRITE beat=58 addr=07118222 data=e8da4b23117781d9 id=06
[975000] MASTER 0 W_VALID_RDY Handshake beat=59 wlast=0
[985000] MASTER 0 W_VALID_RDY Handshake beat=60 wlast=0
[985000] AXI S0_WVALID_RDY HANDSHAKE
[985000] S0 MEMORY WRITE beat=59 addr=07118223 data=d815918deb03dae6 id=06
[995000] AXI S0_WVALID_RDY HANDSHAKE
[995000] S0 MEMORY WRITE beat=60 addr=07118224 data=a15dc7ff9527b0e4 id=06
[995000] MASTER 0 W_VALID_RDY Handshake beat=61 wlast=0
[1005000] MASTER 0 W_VALID_RDY Handshake beat=62 wlast=0
[1005000] AXI S0_WVALID_RDY HANDSHAKE
[1005000] S0 MEMORY WRITE beat=61 addr=07118225 data=a69f32bdc6603d73 id=06
[1015000] AXI S0_WVALID_RDY HANDSHAKE
[1015000] S0 MEMORY WRITE beat=62 addr=07118226 data=b16418598a381322 id=06
[1015000] MASTER 0 W_VALID_RDY Handshake beat=63 wlast=0
[1025000] MASTER 0 W_VALID_RDY Handshake beat=64 wlast=0
[1025000] AXI S0_WVALID_RDY HANDSHAKE
[1025000] S0 MEMORY WRITE beat=63 addr=07118227 data=1f5fc407feb4c44b id=06
[1035000] AXI S0_WVALID_RDY HANDSHAKE
[1035000] S0 MEMORY WRITE beat=64 addr=07118228 data=c51501bed2c1e059 id=06
[1035000] MASTER 0 W_VALID_RDY Handshake beat=65 wlast=0
[1045000] MASTER 0 W_VALID_RDY Handshake beat=66 wlast=0
[1045000] AXI S0_WVALID_RDY HANDSHAKE
[1045000] S0 MEMORY WRITE beat=65 addr=07118229 data=dcf9f37bc5fef6c4 id=06
[1055000] AXI S0_WVALID_RDY HANDSHAKE
[1055000] S0 MEMORY WRITE beat=66 addr=0711822a data=c4b3bb0ff6791a17 id=06
[1055000] MASTER 0 W_VALID_RDY Handshake beat=67 wlast=0
[1065000] MASTER 0 W_VALID_RDY Handshake beat=68 wlast=0
[1065000] AXI S0_WVALID_RDY HANDSHAKE
[1065000] S0 MEMORY WRITE beat=67 addr=0711822b data=c93afa70fc59b782 id=06
[1075000] AXI S0_WVALID_RDY HANDSHAKE
[1075000] S0 MEMORY WRITE beat=68 addr=0711822c data=c258ae4789c8bccd id=06
[1075000] MASTER 0 W_VALID_RDY Handshake beat=69 wlast=0
[1085000] MASTER 0 W_VALID_RDY Handshake beat=70 wlast=0
[1085000] AXI S0_WVALID_RDY HANDSHAKE
[1085000] S0 MEMORY WRITE beat=69 addr=0711822d data=0041d6e52634edec id=06
[1095000] AXI S0_WVALID_RDY HANDSHAKE
[1095000] S0 MEMORY WRITE beat=70 addr=0711822e data=a28ea56e870c6956 id=06
[1095000] MASTER 0 W_VALID_RDY Handshake beat=71 wlast=0
[1105000] MASTER 0 W_VALID_RDY Handshake beat=72 wlast=0
[1105000] AXI S0_WVALID_RDY HANDSHAKE
[1105000] S0 MEMORY WRITE beat=71 addr=0711822f data=10d52624c97cd155 id=06
[1115000] AXI S0_WVALID_RDY HANDSHAKE
[1115000] S0 MEMORY WRITE beat=72 addr=07118230 data=efb1bf41e4e753b5 id=06
[1115000] MASTER 0 W_VALID_RDY Handshake beat=73 wlast=0
[1125000] MASTER 0 W_VALID_RDY Handshake beat=74 wlast=0
[1125000] AXI S0_WVALID_RDY HANDSHAKE
[1125000] S0 MEMORY WRITE beat=73 addr=07118231 data=ebf3bd0c1116fd09 id=06
[1135000] AXI S0_WVALID_RDY HANDSHAKE
[1135000] S0 MEMORY WRITE beat=74 addr=07118232 data=da93ce5e124064b0 id=06
[1135000] MASTER 0 W_VALID_RDY Handshake beat=75 wlast=0
[1145000] MASTER 0 W_VALID_RDY Handshake beat=76 wlast=0
[1145000] AXI S0_WVALID_RDY HANDSHAKE
[1145000] S0 MEMORY WRITE beat=75 addr=07118233 data=f727b865fcc8e330 id=06
[1155000] AXI S0_WVALID_RDY HANDSHAKE
[1155000] S0 MEMORY WRITE beat=76 addr=07118234 data=0ddfe039ca458da0 id=06
[1155000] MASTER 0 W_VALID_RDY Handshake beat=77 wlast=0
[1165000] MASTER 0 W_VALID_RDY Handshake beat=78 wlast=0
[1165000] AXI S0_WVALID_RDY HANDSHAKE
[1165000] S0 MEMORY WRITE beat=77 addr=07118235 data=dc85f250e31b7571 id=06
[1175000] AXI S0_WVALID_RDY HANDSHAKE
[1175000] S0 MEMORY WRITE beat=78 addr=07118236 data=dfe458a1e873ae97 id=06
[1175000] MASTER 0 W_VALID_RDY Handshake beat=79 wlast=0
[1185000] MASTER 0 W_VALID_RDY Handshake beat=80 wlast=0
[1185000] AXI S0_WVALID_RDY HANDSHAKE
[1185000] S0 MEMORY WRITE beat=79 addr=07118237 data=b2b93c37d3adaab5 id=06
[1195000] AXI S0_WVALID_RDY HANDSHAKE
[1195000] S0 MEMORY WRITE beat=80 addr=07118238 data=36c92027edc438da id=06
[1195000] MASTER 0 W_VALID_RDY Handshake beat=81 wlast=0
[1205000] MASTER 0 W_VALID_RDY Handshake beat=82 wlast=0
[1205000] AXI S0_WVALID_RDY HANDSHAKE
[1205000] S0 MEMORY WRITE beat=81 addr=07118239 data=d637e7728f3f2e87 id=06
[1215000] AXI S0_WVALID_RDY HANDSHAKE
[1215000] S0 MEMORY WRITE beat=82 addr=0711823a data=e2ecd93d96ad78c8 id=06
[1215000] MASTER 0 W_VALID_RDY Handshake beat=83 wlast=0
[1225000] MASTER 0 W_VALID_RDY Handshake beat=84 wlast=0
[1225000] AXI S0_WVALID_RDY HANDSHAKE
[1225000] S0 MEMORY WRITE beat=83 addr=0711823b data=0471b1a388f123a9 id=06
[1235000] AXI S0_WVALID_RDY HANDSHAKE
[1235000] S0 MEMORY WRITE beat=84 addr=0711823c data=1830523119b5f964 id=06
[1235000] MASTER 0 W_VALID_RDY Handshake beat=85 wlast=0
[1245000] MASTER 0 W_VALID_RDY Handshake beat=86 wlast=0
[1245000] AXI S0_WVALID_RDY HANDSHAKE
[1245000] S0 MEMORY WRITE beat=85 addr=0711823d data=b063722cdaa99915 id=06
[1255000] AXI S0_WVALID_RDY HANDSHAKE
[1255000] S0 MEMORY WRITE beat=86 addr=0711823e data=e39abcbefb1d2b6e id=06
[1255000] MASTER 0 W_VALID_RDY Handshake beat=87 wlast=1
[1255000] MASTER_DRIVER0 received transaction, op=AXI_WRITE
[1265000] AXI S0_WVALID_RDY HANDSHAKE
[1265000] S0 MEMORY WRITE beat=87 addr=0711823f data=14d324d2b4d523cf id=06
[1275000] SLAVE0 sent B resp, id=6
[1275000] [SLAVE MONITOR] mst_id=0 s_id=0 awaddr=71181e8 awid=110 awlen=87 awsize=0 awburst=1 wdata=[1efcee4cffa09639 b8f46157d02b4659 c8196805fa2be9a3 f9cc7fdce4d8756d b503bbc6e7165651 e1423ff532c0e134 979956a1fd1d23cc e4337a1ddb0ebfd1 8dcfa105cc9d1268 c9ba3634c575ba12 208479e42568f7a7 f2060a0fadedb051 f3636a64ae541ae9 d3bd12903bc04043 e9adf09413e7e448 c23bff31c5c31c9f 81835ce2dd115af8 f0f93f4015f911c2 dbbc2e61eb314d77 c842a86f33353e72 c92e5034dd3f8b44 c870d8bb393be7b0 ec712622a4ea7e95 822a09d990b3812a c9ef68da359f7656 da89f4ebca9ae294 db4e63bfb6608efc ec000552dcb3fec5 a74ee159a53dcc99 db9e5b96c689fa3e 233df903829d4518 27db11b2c79e60e8 8e285b26ca8cda5c cd2a1f7503796d48 cb17ce30b1665429 fbf32e86f5053127 f87e9e6fd9402957 8aa67d80c91d4dfb 3e227f22c3966c9f 9cd695f68699ac06 cfb6fa0136a11d91 fa378a30277d1377 ae16bf7d8dd97923 c47a96b4170e2027 3e8b339efdcdb97f 8ba732a23eb220e5 d5c0410ceca1f31b ea6fac9ad021c957 ed3ea3c144b74aa 80ed67c5f616df3d c638a894e4942b48 f8df9ff2eb5d1460 e173f39dd50c92d0 39a0be18f9cd07b7 e52a1c1727ac9c31 fcb92f0132805e0a ac4d65c1c69e0fb4 ee4aabe53659ed19 e8da4b23117781d9 d815918deb03dae6 a15dc7ff9527b0e4 a69f32bdc6603d73 b16418598a381322 1f5fc407feb4c44b c51501bed2c1e059 dcf9f37bc5fef6c4 c4b3bb0ff6791a17 c93afa70fc59b782 c258ae4789c8bccd 41d6e52634edec a28ea56e870c6956 10d52624c97cd155 efb1bf41e4e753b5 ebf3bd0c1116fd09 da93ce5e124064b0 f727b865fcc8e330 ddfe039ca458da0 dc85f250e31b7571 dfe458a1e873ae97 b2b93c37d3adaab5 36c92027edc438da d637e7728f3f2e87 e2ecd93d96ad78c8 471b1a388f123a9 1830523119b5f964 b063722cdaa99915 e39abcbefb1d2b6e 14d324d2b4d523cf ] wstrb=[ef e4 fe 5d a3 ce 2f 92 b2 2e f0 55 fc 1f e8 ae 4d d8 4 49 f7 ec f8 45 c4 fc 8e bb e8 86 0 ac 82 8f 67 6a 15 68 16 98 f7 7e 2 c e6 19 a4 dd 97 a7 e9 7d c0 8e 5a 57 35 43 d4 f5 d1 2e 4c 6 71 20 fb 43 4e 47 49 bf 67 45 2 b5 8c 4c 75 f4 91 77 a9 1d c3 1e 11 54 ] bresp=0 bid=110
[1275000] MASTER 0 AW_VALID_RDY Handshake
[1285000] ARB MONITOR: slave=1 m0_req=1 m1_req=0 winner=0
[1285000] AXI S1_AWVALID_RDY HANDSHAKE
[1295000] MASTER 0 W_VALID_RDY Handshake beat=0 wlast=0
[1295000] MASTER 0 B_VALID_RDY Handshake
[1295000] [MASTER MONITOR] mst_id=0 s_id=0 awaddr=71181e8 awid=110 awlen=87 awsize=0 awburst=1 wdata=[1efcee4cffa09639 b8f46157d02b4659 c8196805fa2be9a3 f9cc7fdce4d8756d b503bbc6e7165651 e1423ff532c0e134 979956a1fd1d23cc e4337a1ddb0ebfd1 8dcfa105cc9d1268 c9ba3634c575ba12 208479e42568f7a7 f2060a0fadedb051 f3636a64ae541ae9 d3bd12903bc04043 e9adf09413e7e448 c23bff31c5c31c9f 81835ce2dd115af8 f0f93f4015f911c2 dbbc2e61eb314d77 c842a86f33353e72 c92e5034dd3f8b44 c870d8bb393be7b0 ec712622a4ea7e95 822a09d990b3812a c9ef68da359f7656 da89f4ebca9ae294 db4e63bfb6608efc ec000552dcb3fec5 a74ee159a53dcc99 db9e5b96c689fa3e 233df903829d4518 27db11b2c79e60e8 8e285b26ca8cda5c cd2a1f7503796d48 cb17ce30b1665429 fbf32e86f5053127 f87e9e6fd9402957 8aa67d80c91d4dfb 3e227f22c3966c9f 9cd695f68699ac06 cfb6fa0136a11d91 fa378a30277d1377 ae16bf7d8dd97923 c47a96b4170e2027 3e8b339efdcdb97f 8ba732a23eb220e5 d5c0410ceca1f31b ea6fac9ad021c957 ed3ea3c144b74aa 80ed67c5f616df3d c638a894e4942b48 f8df9ff2eb5d1460 e173f39dd50c92d0 39a0be18f9cd07b7 e52a1c1727ac9c31 fcb92f0132805e0a ac4d65c1c69e0fb4 ee4aabe53659ed19 e8da4b23117781d9 d815918deb03dae6 a15dc7ff9527b0e4 a69f32bdc6603d73 b16418598a381322 1f5fc407feb4c44b c51501bed2c1e059 dcf9f37bc5fef6c4 c4b3bb0ff6791a17 c93afa70fc59b782 c258ae4789c8bccd 41d6e52634edec a28ea56e870c6956 10d52624c97cd155 efb1bf41e4e753b5 ebf3bd0c1116fd09 da93ce5e124064b0 f727b865fcc8e330 ddfe039ca458da0 dc85f250e31b7571 dfe458a1e873ae97 b2b93c37d3adaab5 36c92027edc438da d637e7728f3f2e87 e2ecd93d96ad78c8 471b1a388f123a9 1830523119b5f964 b063722cdaa99915 e39abcbefb1d2b6e 14d324d2b4d523cf ] wstrb=[ef e4 fe 5d a3 ce 2f 92 b2 2e f0 55 fc 1f e8 ae 4d d8 4 49 f7 ec f8 45 c4 fc 8e bb e8 86 0 ac 82 8f 67 6a 15 68 16 98 f7 7e 2 c e6 19 a4 dd 97 a7 e9 7d c0 8e 5a 57 35 43 d4 f5 d1 2e 4c 6 71 20 fb 43 4e 47 49 bf 67 45 2 b5 8c 4c 75 f4 91 77 a9 1d c3 1e 11 54 ] bresp=0 bid=110
[1295000] MASTER 0 RECEIVED BRESP. BRESP=0
[1295000] [MASTER DRIVER] mst_id=0 s_id=0 awaddr=71181e8 awid=110 awlen=87 awsize=0 awburst=1 wdata=[1efcee4cffa09639 b8f46157d02b4659 c8196805fa2be9a3 f9cc7fdce4d8756d b503bbc6e7165651 e1423ff532c0e134 979956a1fd1d23cc e4337a1ddb0ebfd1 8dcfa105cc9d1268 c9ba3634c575ba12 208479e42568f7a7 f2060a0fadedb051 f3636a64ae541ae9 d3bd12903bc04043 e9adf09413e7e448 c23bff31c5c31c9f 81835ce2dd115af8 f0f93f4015f911c2 dbbc2e61eb314d77 c842a86f33353e72 c92e5034dd3f8b44 c870d8bb393be7b0 ec712622a4ea7e95 822a09d990b3812a c9ef68da359f7656 da89f4ebca9ae294 db4e63bfb6608efc ec000552dcb3fec5 a74ee159a53dcc99 db9e5b96c689fa3e 233df903829d4518 27db11b2c79e60e8 8e285b26ca8cda5c cd2a1f7503796d48 cb17ce30b1665429 fbf32e86f5053127 f87e9e6fd9402957 8aa67d80c91d4dfb 3e227f22c3966c9f 9cd695f68699ac06 cfb6fa0136a11d91 fa378a30277d1377 ae16bf7d8dd97923 c47a96b4170e2027 3e8b339efdcdb97f 8ba732a23eb220e5 d5c0410ceca1f31b ea6fac9ad021c957 ed3ea3c144b74aa 80ed67c5f616df3d c638a894e4942b48 f8df9ff2eb5d1460 e173f39dd50c92d0 39a0be18f9cd07b7 e52a1c1727ac9c31 fcb92f0132805e0a ac4d65c1c69e0fb4 ee4aabe53659ed19 e8da4b23117781d9 d815918deb03dae6 a15dc7ff9527b0e4 a69f32bdc6603d73 b16418598a381322 1f5fc407feb4c44b c51501bed2c1e059 dcf9f37bc5fef6c4 c4b3bb0ff6791a17 c93afa70fc59b782 c258ae4789c8bccd 41d6e52634edec a28ea56e870c6956 10d52624c97cd155 efb1bf41e4e753b5 ebf3bd0c1116fd09 da93ce5e124064b0 f727b865fcc8e330 ddfe039ca458da0 dc85f250e31b7571 dfe458a1e873ae97 b2b93c37d3adaab5 36c92027edc438da d637e7728f3f2e87 e2ecd93d96ad78c8 471b1a388f123a9 1830523119b5f964 b063722cdaa99915 e39abcbefb1d2b6e 14d324d2b4d523cf ] wstrb=[ef e4 fe 5d a3 ce 2f 92 b2 2e f0 55 fc 1f e8 ae 4d d8 4 49 f7 ec f8 45 c4 fc 8e bb e8 86 0 ac 82 8f 67 6a 15 68 16 98 f7 7e 2 c e6 19 a4 dd 97 a7 e9 7d c0 8e 5a 57 35 43 d4 f5 d1 2e 4c 6 71 20 fb 43 4e 47 49 bf 67 45 2 b5 8c 4c 75 f4 91 77 a9 1d c3 1e 11 54 ] bresp=0 bid=110
[1295000] SCOREBOARD MATCH: decode_err expected = 0, actual =0
[1295000] SCOREBOARD MATCH: slave_id expected = 0, actual =0
[1295000] SCOREBOARD MATCH: awaddr passthrough expected = 71181e8, actual =71181e8
[1295000] SCOREBOARD MATCH: awlen passthrough expected = 87, actual =87
[1295000] SCOREBOARD MATCH: awsize passthrough expected = 0, actual =0
[1295000] SCOREBOARD MATCH: awburst passthrough expected = 1, actual =1
[1295000] SCOREBOARD MATCH: wdata size check expected = 58, actual =58
[1295000] SCOREBOARD MATCH: wdata passthrough beat=0 expected = 1efcee4cffa09639, actual =1efcee4cffa09639
[1295000] SCOREBOARD MATCH: wdata passthrough beat=1 expected = b8f46157d02b4659, actual =b8f46157d02b4659
[1295000] SCOREBOARD MATCH: wdata passthrough beat=2 expected = c8196805fa2be9a3, actual =c8196805fa2be9a3
[1295000] SCOREBOARD MATCH: wdata passthrough beat=3 expected = f9cc7fdce4d8756d, actual =f9cc7fdce4d8756d
[1295000] SCOREBOARD MATCH: wdata passthrough beat=4 expected = b503bbc6e7165651, actual =b503bbc6e7165651
[1295000] SCOREBOARD MATCH: wdata passthrough beat=5 expected = e1423ff532c0e134, actual =e1423ff532c0e134
[1295000] SCOREBOARD MATCH: wdata passthrough beat=6 expected = 979956a1fd1d23cc, actual =979956a1fd1d23cc
[1295000] SCOREBOARD MATCH: wdata passthrough beat=7 expected = e4337a1ddb0ebfd1, actual =e4337a1ddb0ebfd1
[1295000] SCOREBOARD MATCH: wdata passthrough beat=8 expected = 8dcfa105cc9d1268, actual =8dcfa105cc9d1268
[1295000] SCOREBOARD MATCH: wdata passthrough beat=9 expected = c9ba3634c575ba12, actual =c9ba3634c575ba12
[1295000] SCOREBOARD MATCH: wdata passthrough beat=10 expected = 208479e42568f7a7, actual =208479e42568f7a7
[1295000] SCOREBOARD MATCH: wdata passthrough beat=11 expected = f2060a0fadedb051, actual =f2060a0fadedb051
[1295000] SCOREBOARD MATCH: wdata passthrough beat=12 expected = f3636a64ae541ae9, actual =f3636a64ae541ae9
[1295000] SCOREBOARD MATCH: wdata passthrough beat=13 expected = d3bd12903bc04043, actual =d3bd12903bc04043
[1295000] SCOREBOARD MATCH: wdata passthrough beat=14 expected = e9adf09413e7e448, actual =e9adf09413e7e448
[1295000] SCOREBOARD MATCH: wdata passthrough beat=15 expected = c23bff31c5c31c9f, actual =c23bff31c5c31c9f
[1295000] SCOREBOARD MATCH: wdata passthrough beat=16 expected = 81835ce2dd115af8, actual =81835ce2dd115af8
[1295000] SCOREBOARD MATCH: wdata passthrough beat=17 expected = f0f93f4015f911c2, actual =f0f93f4015f911c2
[1295000] SCOREBOARD MATCH: wdata passthrough beat=18 expected = dbbc2e61eb314d77, actual =dbbc2e61eb314d77
[1295000] SCOREBOARD MATCH: wdata passthrough beat=19 expected = c842a86f33353e72, actual =c842a86f33353e72
[1295000] SCOREBOARD MATCH: wdata passthrough beat=20 expected = c92e5034dd3f8b44, actual =c92e5034dd3f8b44
[1295000] SCOREBOARD MATCH: wdata passthrough beat=21 expected = c870d8bb393be7b0, actual =c870d8bb393be7b0
[1295000] SCOREBOARD MATCH: wdata passthrough beat=22 expected = ec712622a4ea7e95, actual =ec712622a4ea7e95
[1295000] SCOREBOARD MATCH: wdata passthrough beat=23 expected = 822a09d990b3812a, actual =822a09d990b3812a
[1295000] SCOREBOARD MATCH: wdata passthrough beat=24 expected = c9ef68da359f7656, actual =c9ef68da359f7656
[1295000] SCOREBOARD MATCH: wdata passthrough beat=25 expected = da89f4ebca9ae294, actual =da89f4ebca9ae294
[1295000] SCOREBOARD MATCH: wdata passthrough beat=26 expected = db4e63bfb6608efc, actual =db4e63bfb6608efc
[1295000] SCOREBOARD MATCH: wdata passthrough beat=27 expected = ec000552dcb3fec5, actual =ec000552dcb3fec5
[1295000] SCOREBOARD MATCH: wdata passthrough beat=28 expected = a74ee159a53dcc99, actual =a74ee159a53dcc99
[1295000] SCOREBOARD MATCH: wdata passthrough beat=29 expected = db9e5b96c689fa3e, actual =db9e5b96c689fa3e
[1295000] SCOREBOARD MATCH: wdata passthrough beat=30 expected = 233df903829d4518, actual =233df903829d4518
[1295000] SCOREBOARD MATCH: wdata passthrough beat=31 expected = 27db11b2c79e60e8, actual =27db11b2c79e60e8
[1295000] SCOREBOARD MATCH: wdata passthrough beat=32 expected = 8e285b26ca8cda5c, actual =8e285b26ca8cda5c
[1295000] SCOREBOARD MATCH: wdata passthrough beat=33 expected = cd2a1f7503796d48, actual =cd2a1f7503796d48
[1295000] SCOREBOARD MATCH: wdata passthrough beat=34 expected = cb17ce30b1665429, actual =cb17ce30b1665429
[1295000] SCOREBOARD MATCH: wdata passthrough beat=35 expected = fbf32e86f5053127, actual =fbf32e86f5053127
[1295000] SCOREBOARD MATCH: wdata passthrough beat=36 expected = f87e9e6fd9402957, actual =f87e9e6fd9402957
[1295000] SCOREBOARD MATCH: wdata passthrough beat=37 expected = 8aa67d80c91d4dfb, actual =8aa67d80c91d4dfb
[1295000] SCOREBOARD MATCH: wdata passthrough beat=38 expected = 3e227f22c3966c9f, actual =3e227f22c3966c9f
[1295000] SCOREBOARD MATCH: wdata passthrough beat=39 expected = 9cd695f68699ac06, actual =9cd695f68699ac06
[1295000] SCOREBOARD MATCH: wdata passthrough beat=40 expected = cfb6fa0136a11d91, actual =cfb6fa0136a11d91
[1295000] SCOREBOARD MATCH: wdata passthrough beat=41 expected = fa378a30277d1377, actual =fa378a30277d1377
[1295000] SCOREBOARD MATCH: wdata passthrough beat=42 expected = ae16bf7d8dd97923, actual =ae16bf7d8dd97923
[1295000] SCOREBOARD MATCH: wdata passthrough beat=43 expected = c47a96b4170e2027, actual =c47a96b4170e2027
[1295000] SCOREBOARD MATCH: wdata passthrough beat=44 expected = 3e8b339efdcdb97f, actual =3e8b339efdcdb97f
[1295000] SCOREBOARD MATCH: wdata passthrough beat=45 expected = 8ba732a23eb220e5, actual =8ba732a23eb220e5
[1295000] SCOREBOARD MATCH: wdata passthrough beat=46 expected = d5c0410ceca1f31b, actual =d5c0410ceca1f31b
[1295000] SCOREBOARD MATCH: wdata passthrough beat=47 expected = ea6fac9ad021c957, actual =ea6fac9ad021c957
[1295000] SCOREBOARD MATCH: wdata passthrough beat=48 expected = ed3ea3c144b74aa, actual =ed3ea3c144b74aa
[1295000] SCOREBOARD MATCH: wdata passthrough beat=49 expected = 80ed67c5f616df3d, actual =80ed67c5f616df3d
[1295000] SCOREBOARD MATCH: wdata passthrough beat=50 expected = c638a894e4942b48, actual =c638a894e4942b48
[1295000] SCOREBOARD MATCH: wdata passthrough beat=51 expected = f8df9ff2eb5d1460, actual =f8df9ff2eb5d1460
[1295000] SCOREBOARD MATCH: wdata passthrough beat=52 expected = e173f39dd50c92d0, actual =e173f39dd50c92d0
[1295000] SCOREBOARD MATCH: wdata passthrough beat=53 expected = 39a0be18f9cd07b7, actual =39a0be18f9cd07b7
[1295000] SCOREBOARD MATCH: wdata passthrough beat=54 expected = e52a1c1727ac9c31, actual =e52a1c1727ac9c31
[1295000] SCOREBOARD MATCH: wdata passthrough beat=55 expected = fcb92f0132805e0a, actual =fcb92f0132805e0a
[1295000] SCOREBOARD MATCH: wdata passthrough beat=56 expected = ac4d65c1c69e0fb4, actual =ac4d65c1c69e0fb4
[1295000] SCOREBOARD MATCH: wdata passthrough beat=57 expected = ee4aabe53659ed19, actual =ee4aabe53659ed19
[1295000] SCOREBOARD MATCH: wdata passthrough beat=58 expected = e8da4b23117781d9, actual =e8da4b23117781d9
[1295000] SCOREBOARD MATCH: wdata passthrough beat=59 expected = d815918deb03dae6, actual =d815918deb03dae6
[1295000] SCOREBOARD MATCH: wdata passthrough beat=60 expected = a15dc7ff9527b0e4, actual =a15dc7ff9527b0e4
[1295000] SCOREBOARD MATCH: wdata passthrough beat=61 expected = a69f32bdc6603d73, actual =a69f32bdc6603d73
[1295000] SCOREBOARD MATCH: wdata passthrough beat=62 expected = b16418598a381322, actual =b16418598a381322
[1295000] SCOREBOARD MATCH: wdata passthrough beat=63 expected = 1f5fc407feb4c44b, actual =1f5fc407feb4c44b
[1295000] SCOREBOARD MATCH: wdata passthrough beat=64 expected = c51501bed2c1e059, actual =c51501bed2c1e059
[1295000] SCOREBOARD MATCH: wdata passthrough beat=65 expected = dcf9f37bc5fef6c4, actual =dcf9f37bc5fef6c4
[1295000] SCOREBOARD MATCH: wdata passthrough beat=66 expected = c4b3bb0ff6791a17, actual =c4b3bb0ff6791a17
[1295000] SCOREBOARD MATCH: wdata passthrough beat=67 expected = c93afa70fc59b782, actual =c93afa70fc59b782
[1295000] SCOREBOARD MATCH: wdata passthrough beat=68 expected = c258ae4789c8bccd, actual =c258ae4789c8bccd
[1295000] SCOREBOARD MATCH: wdata passthrough beat=69 expected = 41d6e52634edec, actual =41d6e52634edec
[1295000] SCOREBOARD MATCH: wdata passthrough beat=70 expected = a28ea56e870c6956, actual =a28ea56e870c6956
[1295000] SCOREBOARD MATCH: wdata passthrough beat=71 expected = 10d52624c97cd155, actual =10d52624c97cd155
[1295000] SCOREBOARD MATCH: wdata passthrough beat=72 expected = efb1bf41e4e753b5, actual =efb1bf41e4e753b5
[1295000] SCOREBOARD MATCH: wdata passthrough beat=73 expected = ebf3bd0c1116fd09, actual =ebf3bd0c1116fd09
[1295000] SCOREBOARD MATCH: wdata passthrough beat=74 expected = da93ce5e124064b0, actual =da93ce5e124064b0
[1295000] SCOREBOARD MATCH: wdata passthrough beat=75 expected = f727b865fcc8e330, actual =f727b865fcc8e330
[1295000] SCOREBOARD MATCH: wdata passthrough beat=76 expected = ddfe039ca458da0, actual =ddfe039ca458da0
[1295000] SCOREBOARD MATCH: wdata passthrough beat=77 expected = dc85f250e31b7571, actual =dc85f250e31b7571
[1295000] SCOREBOARD MATCH: wdata passthrough beat=78 expected = dfe458a1e873ae97, actual =dfe458a1e873ae97
[1295000] SCOREBOARD MATCH: wdata passthrough beat=79 expected = b2b93c37d3adaab5, actual =b2b93c37d3adaab5
[1295000] SCOREBOARD MATCH: wdata passthrough beat=80 expected = 36c92027edc438da, actual =36c92027edc438da
[1295000] SCOREBOARD MATCH: wdata passthrough beat=81 expected = d637e7728f3f2e87, actual =d637e7728f3f2e87
[1295000] SCOREBOARD MATCH: wdata passthrough beat=82 expected = e2ecd93d96ad78c8, actual =e2ecd93d96ad78c8
[1295000] SCOREBOARD MATCH: wdata passthrough beat=83 expected = 471b1a388f123a9, actual =471b1a388f123a9
[1295000] SCOREBOARD MATCH: wdata passthrough beat=84 expected = 1830523119b5f964, actual =1830523119b5f964
[1295000] SCOREBOARD MATCH: wdata passthrough beat=85 expected = b063722cdaa99915, actual =b063722cdaa99915
[1295000] SCOREBOARD MATCH: wdata passthrough beat=86 expected = e39abcbefb1d2b6e, actual =e39abcbefb1d2b6e
[1295000] SCOREBOARD MATCH: wdata passthrough beat=87 expected = 14d324d2b4d523cf, actual =14d324d2b4d523cf
[1295000] SCOREBOARD MATCH: wstrb size check expected = 58, actual =58
[1295000] SCOREBOARD MATCH: wstrb passthrough beat=0 expected = ef, actual =ef
[1295000] SCOREBOARD MATCH: wstrb passthrough beat=1 expected = e4, actual =e4
[1295000] SCOREBOARD MATCH: wstrb passthrough beat=2 expected = fe, actual =fe
[1295000] SCOREBOARD MATCH: wstrb passthrough beat=3 expected = 5d, actual =5d
[1295000] SCOREBOARD MATCH: wstrb passthrough beat=4 expected = a3, actual =a3
[1295000] SCOREBOARD MATCH: wstrb passthrough beat=5 expected = ce, actual =ce
[1295000] SCOREBOARD MATCH: wstrb passthrough beat=6 expected = 2f, actual =2f
[1295000] SCOREBOARD MATCH: wstrb passthrough beat=7 expected = 92, actual =92
[1295000] SCOREBOARD MATCH: wstrb passthrough beat=8 expected = b2, actual =b2
[1295000] SCOREBOARD MATCH: wstrb passthrough beat=9 expected = 2e, actual =2e
[1295000] SCOREBOARD MATCH: wstrb passthrough beat=10 expected = f0, actual =f0
[1295000] SCOREBOARD MATCH: wstrb passthrough beat=11 expected = 55, actual =55
[1295000] SCOREBOARD MATCH: wstrb passthrough beat=12 expected = fc, actual =fc
[1295000] SCOREBOARD MATCH: wstrb passthrough beat=13 expected = 1f, actual =1f
[1295000] SCOREBOARD MATCH: wstrb passthrough beat=14 expected = e8, actual =e8
[1295000] SCOREBOARD MATCH: wstrb passthrough beat=15 expected = ae, actual =ae
[1295000] SCOREBOARD MATCH: wstrb passthrough beat=16 expected = 4d, actual =4d
[1295000] SCOREBOARD MATCH: wstrb passthrough beat=17 expected = d8, actual =d8
[1295000] SCOREBOARD MATCH: wstrb passthrough beat=18 expected = 4, actual =4
[1295000] SCOREBOARD MATCH: wstrb passthrough beat=19 expected = 49, actual =49
[1295000] SCOREBOARD MATCH: wstrb passthrough beat=20 expected = f7, actual =f7
[1295000] SCOREBOARD MATCH: wstrb passthrough beat=21 expected = ec, actual =ec
[1295000] SCOREBOARD MATCH: wstrb passthrough beat=22 expected = f8, actual =f8
[1295000] SCOREBOARD MATCH: wstrb passthrough beat=23 expected = 45, actual =45
[1295000] SCOREBOARD MATCH: wstrb passthrough beat=24 expected = c4, actual =c4
[1295000] SCOREBOARD MATCH: wstrb passthrough beat=25 expected = fc, actual =fc
[1295000] SCOREBOARD MATCH: wstrb passthrough beat=26 expected = 8e, actual =8e
[1295000] SCOREBOARD MATCH: wstrb passthrough beat=27 expected = bb, actual =bb
[1295000] SCOREBOARD MATCH: wstrb passthrough beat=28 expected = e8, actual =e8
[1295000] SCOREBOARD MATCH: wstrb passthrough beat=29 expected = 86, actual =86
[1295000] SCOREBOARD MATCH: wstrb passthrough beat=30 expected = 0, actual =0
[1295000] SCOREBOARD MATCH: wstrb passthrough beat=31 expected = ac, actual =ac
[1295000] SCOREBOARD MATCH: wstrb passthrough beat=32 expected = 82, actual =82
[1295000] SCOREBOARD MATCH: wstrb passthrough beat=33 expected = 8f, actual =8f
[1295000] SCOREBOARD MATCH: wstrb passthrough beat=34 expected = 67, actual =67
[1295000] SCOREBOARD MATCH: wstrb passthrough beat=35 expected = 6a, actual =6a
[1295000] SCOREBOARD MATCH: wstrb passthrough beat=36 expected = 15, actual =15
[1295000] SCOREBOARD MATCH: wstrb passthrough beat=37 expected = 68, actual =68
[1295000] SCOREBOARD MATCH: wstrb passthrough beat=38 expected = 16, actual =16
[1295000] SCOREBOARD MATCH: wstrb passthrough beat=39 expected = 98, actual =98
[1295000] SCOREBOARD MATCH: wstrb passthrough beat=40 expected = f7, actual =f7
[1295000] SCOREBOARD MATCH: wstrb passthrough beat=41 expected = 7e, actual =7e
[1295000] SCOREBOARD MATCH: wstrb passthrough beat=42 expected = 2, actual =2
[1295000] SCOREBOARD MATCH: wstrb passthrough beat=43 expected = c, actual =c
[1295000] SCOREBOARD MATCH: wstrb passthrough beat=44 expected = e6, actual =e6
[1295000] SCOREBOARD MATCH: wstrb passthrough beat=45 expected = 19, actual =19
[1295000] SCOREBOARD MATCH: wstrb passthrough beat=46 expected = a4, actual =a4
[1295000] SCOREBOARD MATCH: wstrb passthrough beat=47 expected = dd, actual =dd
[1295000] SCOREBOARD MATCH: wstrb passthrough beat=48 expected = 97, actual =97
[1295000] SCOREBOARD MATCH: wstrb passthrough beat=49 expected = a7, actual =a7
[1295000] SCOREBOARD MATCH: wstrb passthrough beat=50 expected = e9, actual =e9
[1295000] SCOREBOARD MATCH: wstrb passthrough beat=51 expected = 7d, actual =7d
[1295000] SCOREBOARD MATCH: wstrb passthrough beat=52 expected = c0, actual =c0
[1295000] SCOREBOARD MATCH: wstrb passthrough beat=53 expected = 8e, actual =8e
[1295000] SCOREBOARD MATCH: wstrb passthrough beat=54 expected = 5a, actual =5a
[1295000] SCOREBOARD MATCH: wstrb passthrough beat=55 expected = 57, actual =57
[1295000] SCOREBOARD MATCH: wstrb passthrough beat=56 expected = 35, actual =35
[1295000] SCOREBOARD MATCH: wstrb passthrough beat=57 expected = 43, actual =43
[1295000] SCOREBOARD MATCH: wstrb passthrough beat=58 expected = d4, actual =d4
[1295000] SCOREBOARD MATCH: wstrb passthrough beat=59 expected = f5, actual =f5
[1295000] SCOREBOARD MATCH: wstrb passthrough beat=60 expected = d1, actual =d1
[1295000] SCOREBOARD MATCH: wstrb passthrough beat=61 expected = 2e, actual =2e
[1295000] SCOREBOARD MATCH: wstrb passthrough beat=62 expected = 4c, actual =4c
[1295000] SCOREBOARD MATCH: wstrb passthrough beat=63 expected = 6, actual =6
[1295000] SCOREBOARD MATCH: wstrb passthrough beat=64 expected = 71, actual =71
[1295000] SCOREBOARD MATCH: wstrb passthrough beat=65 expected = 20, actual =20
[1295000] SCOREBOARD MATCH: wstrb passthrough beat=66 expected = fb, actual =fb
[1295000] SCOREBOARD MATCH: wstrb passthrough beat=67 expected = 43, actual =43
[1295000] SCOREBOARD MATCH: wstrb passthrough beat=68 expected = 4e, actual =4e
[1295000] SCOREBOARD MATCH: wstrb passthrough beat=69 expected = 47, actual =47
[1295000] SCOREBOARD MATCH: wstrb passthrough beat=70 expected = 49, actual =49
[1295000] SCOREBOARD MATCH: wstrb passthrough beat=71 expected = bf, actual =bf
[1295000] SCOREBOARD MATCH: wstrb passthrough beat=72 expected = 67, actual =67
[1295000] SCOREBOARD MATCH: wstrb passthrough beat=73 expected = 45, actual =45
[1295000] SCOREBOARD MATCH: wstrb passthrough beat=74 expected = 2, actual =2
[1295000] SCOREBOARD MATCH: wstrb passthrough beat=75 expected = b5, actual =b5
[1295000] SCOREBOARD MATCH: wstrb passthrough beat=76 expected = 8c, actual =8c
[1295000] SCOREBOARD MATCH: wstrb passthrough beat=77 expected = 4c, actual =4c
[1295000] SCOREBOARD MATCH: wstrb passthrough beat=78 expected = 75, actual =75
[1295000] SCOREBOARD MATCH: wstrb passthrough beat=79 expected = f4, actual =f4
[1295000] SCOREBOARD MATCH: wstrb passthrough beat=80 expected = 91, actual =91
[1295000] SCOREBOARD MATCH: wstrb passthrough beat=81 expected = 77, actual =77
[1295000] SCOREBOARD MATCH: wstrb passthrough beat=82 expected = a9, actual =a9
[1295000] SCOREBOARD MATCH: wstrb passthrough beat=83 expected = 1d, actual =1d
[1295000] SCOREBOARD MATCH: wstrb passthrough beat=84 expected = c3, actual =c3
[1295000] SCOREBOARD MATCH: wstrb passthrough beat=85 expected = 1e, actual =1e
[1295000] SCOREBOARD MATCH: wstrb passthrough beat=86 expected = 11, actual =11
[1295000] SCOREBOARD MATCH: wstrb passthrough beat=87 expected = 54, actual =54
[1295000] SCOREBOARD MATCH: bresp passthrough expected = 0, actual =0
[1295000] SCOREBOARD MATCH: response routed to correct master (write) expected = 0, actual =0
[1295000] [SCOREBOARD-M] mst_id=0 s_id=0 awaddr=71181e8 awid=110 awlen=87 awsize=0 awburst=1 wdata=[1efcee4cffa09639 b8f46157d02b4659 c8196805fa2be9a3 f9cc7fdce4d8756d b503bbc6e7165651 e1423ff532c0e134 979956a1fd1d23cc e4337a1ddb0ebfd1 8dcfa105cc9d1268 c9ba3634c575ba12 208479e42568f7a7 f2060a0fadedb051 f3636a64ae541ae9 d3bd12903bc04043 e9adf09413e7e448 c23bff31c5c31c9f 81835ce2dd115af8 f0f93f4015f911c2 dbbc2e61eb314d77 c842a86f33353e72 c92e5034dd3f8b44 c870d8bb393be7b0 ec712622a4ea7e95 822a09d990b3812a c9ef68da359f7656 da89f4ebca9ae294 db4e63bfb6608efc ec000552dcb3fec5 a74ee159a53dcc99 db9e5b96c689fa3e 233df903829d4518 27db11b2c79e60e8 8e285b26ca8cda5c cd2a1f7503796d48 cb17ce30b1665429 fbf32e86f5053127 f87e9e6fd9402957 8aa67d80c91d4dfb 3e227f22c3966c9f 9cd695f68699ac06 cfb6fa0136a11d91 fa378a30277d1377 ae16bf7d8dd97923 c47a96b4170e2027 3e8b339efdcdb97f 8ba732a23eb220e5 d5c0410ceca1f31b ea6fac9ad021c957 ed3ea3c144b74aa 80ed67c5f616df3d c638a894e4942b48 f8df9ff2eb5d1460 e173f39dd50c92d0 39a0be18f9cd07b7 e52a1c1727ac9c31 fcb92f0132805e0a ac4d65c1c69e0fb4 ee4aabe53659ed19 e8da4b23117781d9 d815918deb03dae6 a15dc7ff9527b0e4 a69f32bdc6603d73 b16418598a381322 1f5fc407feb4c44b c51501bed2c1e059 dcf9f37bc5fef6c4 c4b3bb0ff6791a17 c93afa70fc59b782 c258ae4789c8bccd 41d6e52634edec a28ea56e870c6956 10d52624c97cd155 efb1bf41e4e753b5 ebf3bd0c1116fd09 da93ce5e124064b0 f727b865fcc8e330 ddfe039ca458da0 dc85f250e31b7571 dfe458a1e873ae97 b2b93c37d3adaab5 36c92027edc438da d637e7728f3f2e87 e2ecd93d96ad78c8 471b1a388f123a9 1830523119b5f964 b063722cdaa99915 e39abcbefb1d2b6e 14d324d2b4d523cf ] wstrb=[ef e4 fe 5d a3 ce 2f 92 b2 2e f0 55 fc 1f e8 ae 4d d8 4 49 f7 ec f8 45 c4 fc 8e bb e8 86 0 ac 82 8f 67 6a 15 68 16 98 f7 7e 2 c e6 19 a4 dd 97 a7 e9 7d c0 8e 5a 57 35 43 d4 f5 d1 2e 4c 6 71 20 fb 43 4e 47 49 bf 67 45 2 b5 8c 4c 75 f4 91 77 a9 1d c3 1e 11 54 ] bresp=0 bid=110
[1295000] [SCOREBOARD-S] mst_id=0 s_id=0 awaddr=71181e8 awid=110 awlen=87 awsize=0 awburst=1 wdata=[1efcee4cffa09639 b8f46157d02b4659 c8196805fa2be9a3 f9cc7fdce4d8756d b503bbc6e7165651 e1423ff532c0e134 979956a1fd1d23cc e4337a1ddb0ebfd1 8dcfa105cc9d1268 c9ba3634c575ba12 208479e42568f7a7 f2060a0fadedb051 f3636a64ae541ae9 d3bd12903bc04043 e9adf09413e7e448 c23bff31c5c31c9f 81835ce2dd115af8 f0f93f4015f911c2 dbbc2e61eb314d77 c842a86f33353e72 c92e5034dd3f8b44 c870d8bb393be7b0 ec712622a4ea7e95 822a09d990b3812a c9ef68da359f7656 da89f4ebca9ae294 db4e63bfb6608efc ec000552dcb3fec5 a74ee159a53dcc99 db9e5b96c689fa3e 233df903829d4518 27db11b2c79e60e8 8e285b26ca8cda5c cd2a1f7503796d48 cb17ce30b1665429 fbf32e86f5053127 f87e9e6fd9402957 8aa67d80c91d4dfb 3e227f22c3966c9f 9cd695f68699ac06 cfb6fa0136a11d91 fa378a30277d1377 ae16bf7d8dd97923 c47a96b4170e2027 3e8b339efdcdb97f 8ba732a23eb220e5 d5c0410ceca1f31b ea6fac9ad021c957 ed3ea3c144b74aa 80ed67c5f616df3d c638a894e4942b48 f8df9ff2eb5d1460 e173f39dd50c92d0 39a0be18f9cd07b7 e52a1c1727ac9c31 fcb92f0132805e0a ac4d65c1c69e0fb4 ee4aabe53659ed19 e8da4b23117781d9 d815918deb03dae6 a15dc7ff9527b0e4 a69f32bdc6603d73 b16418598a381322 1f5fc407feb4c44b c51501bed2c1e059 dcf9f37bc5fef6c4 c4b3bb0ff6791a17 c93afa70fc59b782 c258ae4789c8bccd 41d6e52634edec a28ea56e870c6956 10d52624c97cd155 efb1bf41e4e753b5 ebf3bd0c1116fd09 da93ce5e124064b0 f727b865fcc8e330 ddfe039ca458da0 dc85f250e31b7571 dfe458a1e873ae97 b2b93c37d3adaab5 36c92027edc438da d637e7728f3f2e87 e2ecd93d96ad78c8 471b1a388f123a9 1830523119b5f964 b063722cdaa99915 e39abcbefb1d2b6e 14d324d2b4d523cf ] wstrb=[ef e4 fe 5d a3 ce 2f 92 b2 2e f0 55 fc 1f e8 ae 4d d8 4 49 f7 ec f8 45 c4 fc 8e bb e8 86 0 ac 82 8f 67 6a 15 68 16 98 f7 7e 2 c e6 19 a4 dd 97 a7 e9 7d c0 8e 5a 57 35 43 d4 f5 d1 2e 4c 6 71 20 fb 43 4e 47 49 bf 67 45 2 b5 8c 4c 75 f4 91 77 a9 1d c3 1e 11 54 ] bresp=0 bid=110
[1295000] SCOREBOARD: Transaction 4 received. pass=270 fail=0
[1295000] ALL PASS. Total transactions: 4
[1305000] MASTER 0 W_VALID_RDY Handshake beat=1 wlast=1
[1305000] S1 MEMORY WRITE beat=0 addr=1407f190 data=9c7f2136012a804d id=09
[1315000] S1 MEMORY WRITE beat=1 addr=1407f190 data=85d133acc9b6df22 id=09
[1325000] SLAVE1 sent B resp, id=9
[1335000] [SLAVE MONITOR] mst_id=0 s_id=1 awaddr=1407f190 awid=1001 awlen=1 awsize=0 awburst=0 wdata=[9c7f2136012a804d 85d133acc9b6df22 ] wstrb=[2d 94 ] bresp=0 bid=1001
[1345000] MASTER 0 RECEIVED BRESP. BRESP=0
[1345000] [MASTER DRIVER] mst_id=0 s_id=0 awaddr=1407f190 awid=1001 awlen=1 awsize=0 awburst=0 wdata=[9c7f2136012a804d 85d133acc9b6df22 ] wstrb=[2d 94 ] bresp=0 bid=1001
[1345000] MASTER 0 B_VALID_RDY Handshake
[1345000] [MASTER MONITOR] mst_id=0 s_id=1 awaddr=1407f190 awid=1001 awlen=1 awsize=0 awburst=0 wdata=[9c7f2136012a804d 85d133acc9b6df22 ] wstrb=[2d 94 ] bresp=0 bid=1001
[1345000] SCOREBOARD MATCH: decode_err expected = 0, actual =0
[1345000] SCOREBOARD MATCH: slave_id expected = 1, actual =1
[1345000] SCOREBOARD MATCH: awaddr passthrough expected = 1407f190, actual =1407f190
[1345000] SCOREBOARD MATCH: awlen passthrough expected = 1, actual =1
[1345000] SCOREBOARD MATCH: awsize passthrough expected = 0, actual =0
[1345000] SCOREBOARD MATCH: awburst passthrough expected = 0, actual =0
[1345000] SCOREBOARD MATCH: wdata size check expected = 2, actual =2
[1345000] SCOREBOARD MATCH: wdata passthrough beat=0 expected = 9c7f2136012a804d, actual =9c7f2136012a804d
[1345000] SCOREBOARD MATCH: wdata passthrough beat=1 expected = 85d133acc9b6df22, actual =85d133acc9b6df22
[1345000] SCOREBOARD MATCH: wstrb size check expected = 2, actual =2
[1345000] SCOREBOARD MATCH: wstrb passthrough beat=0 expected = 2d, actual =2d
[1345000] SCOREBOARD MATCH: wstrb passthrough beat=1 expected = 94, actual =94
[1345000] SCOREBOARD MATCH: bresp passthrough expected = 0, actual =0
[1345000] SCOREBOARD MATCH: response routed to correct master (write) expected = 0, actual =0
[1345000] [SCOREBOARD-M] mst_id=0 s_id=1 awaddr=1407f190 awid=1001 awlen=1 awsize=0 awburst=0 wdata=[9c7f2136012a804d 85d133acc9b6df22 ] wstrb=[2d 94 ] bresp=0 bid=1001
[1345000] [SCOREBOARD-S] mst_id=0 s_id=1 awaddr=1407f190 awid=1001 awlen=1 awsize=0 awburst=0 wdata=[9c7f2136012a804d 85d133acc9b6df22 ] wstrb=[2d 94 ] bresp=0 bid=1001
[1345000] SCOREBOARD: Transaction 5 received. pass=284 fail=0
[1345000] SCOREBOARD: Expected 5 transactions completed, PASS=284 FAIL=0
[1345000] ALL PASS. Total transactions: 5
[1345000] ALL TRANSACTIONS MONITORED
$finish called at time : 1365 ns : File "/home/nashita/Desktop/practice/axi_xbar/tb/top/axi_tb_top.sv" Line 220
exit
INFO: xsimkernel Simulation Memory Usage: 289464 KB (Peak: 337864 KB), Simulation CPU Usage: 1210 ms
INFO: [Common 17-206] Exiting xsim at Thu Sep 10 18:41:43 2026...
