#-----------------------------------------------------------
# xsim v2025.2 (64-bit)
# SW Build 6299465 on Fri Nov 14 12:34:56 MST 2025
# IP Build 6300035 on Fri Nov 14 10:48:45 MST 2025
# SharedData Build 6298862 on Thu Nov 13 04:50:51 MST 2025
# Start of session at: Wed Sep  9 12:41:42 2026
# Process ID         : 1284061
# Current directory  : /home/nashita/Desktop/practice/axi_xbar/sim
# Command line       : xsim -log regress_results/BT_run16.log -mode tcl -source {xsim.dir/tb_top_snap/xsim_script.tcl}
# Log file           : /home/nashita/Desktop/practice/axi_xbar/sim/regress_results/BT_run16.log
# Journal file       : /home/nashita/Desktop/practice/axi_xbar/sim/xsim.jou
# Running On         : vlsi-vivado
# Platform           : Ubuntu
# Operating System   : Ubuntu 24.04.4 LTS
# Processor Detail   : Intel(R) Core(TM) i5-10400 CPU @ 2.90GHz
# CPU Frequency      : 3994.409 MHz
# CPU Physical cores : 6
# CPU Logical cores  : 12
# Host memory        : 41875 MB
# Swap memory        : 27648 MB
# Total Virtual      : 69524 MB
# Available Virtual  : 62690 MB
#-----------------------------------------------------------
source xsim.dir/tb_top_snap/xsim_script.tcl
# xsim {tb_top_snap} -testplusarg BT -autoloadwcfg -runall -sv_seed 17
Time resolution is 1 ps
run -all
[0] RUNNING BASE TEST
[0] INSIDE THE BASE TEST CONSTRUCTOR
[0] ENV: before agent
[0] SLAVE CONSTRUCTED
[0] MASTER MONITOR CONSTRUCTED
[0] MASTER MONITOR CONSTRUCTED
[0] SLAVE MONITOR CONSTRUCTED
[0] SLAVE MONITOR CONSTRUCTED
[0] ARB MONITOR CONSTRUCTED
GENERATOR CONSTRUCTED
[0] ENV: after agent
[0] ENV: before scoreboard
[0] ENV: after scoreboard
[15000] [SEQUENCER] mst_id=1 s_id=0 awaddr=e561818 awid=111 awlen=1 awsize=3 awburst=1 wdata=[] wstrb=[] bresp=0 bid=0
[15000] [SEQUENCER] READ mst_id=0 s_id=0 araddr=d66d7a0 arid=0 arlen=1 arsize=3 arburst=1 rid=[] rresp=[] rdata=[]
[15000] [SEQUENCER] READ mst_id=1 s_id=0 araddr=19c681d8 arid=1 arlen=1 arsize=3 arburst=1 rid=[] rresp=[] rdata=[]
[15000] [SEQUENCER] mst_id=0 s_id=0 awaddr=1eba5720 awid=1110 awlen=1 awsize=3 awburst=1 wdata=[] wstrb=[] bresp=0 bid=0
[15000] [SEQUENCER] READ mst_id=0 s_id=0 araddr=d41ecc0 arid=2 arlen=1 arsize=3 arburst=1 rid=[] rresp=[] rdata=[]
[15000] [SEQUENCER] mst_id=0 s_id=0 awaddr=6001bf0 awid=11 awlen=1 awsize=3 awburst=1 wdata=[] wstrb=[] bresp=0 bid=0
[15000] [SEQUENCER] READ mst_id=0 s_id=0 araddr=f301e20 arid=4 arlen=1 arsize=3 arburst=1 rid=[] rresp=[] rdata=[]
[15000] [SEQUENCER] READ mst_id=0 s_id=0 araddr=f66f700 arid=5 arlen=1 arsize=3 arburst=1 rid=[] rresp=[] rdata=[]
[15000] [SEQUENCER] READ mst_id=0 s_id=0 araddr=126928c8 arid=6 arlen=1 arsize=3 arburst=1 rid=[] rresp=[] rdata=[]
[15000] [SEQUENCER] READ mst_id=1 s_id=0 araddr=1988d660 arid=2 arlen=1 arsize=3 arburst=1 rid=[] rresp=[] rdata=[]
[15000] MASTER_DRIVER1 received transaction, op=AXI_WRITE
[15000] MASTER_DRIVER0 received transaction, op=AXI_READ
[35000] MASTER 1 AW_VALID_RDY Handshake
[35000] MASTER_DRIVER0 received transaction, op=AXI_WRITE
[45000] ARB MONITOR: slave=0 m0_req=0 m1_req=1 winner=1
[45000] ARB MONITOR: slave=0 m0_req=1 m1_req=0 winner=0
[45000] AXI S0_ARVALID_RDY HANDSHAKE
[45000] MEMORY READ MISS beat=0 addr=d66d7a0 -> default data id=0
[45000] AXI S0_AWVALID_RDY HANDSHAKE
[55000] MEMORY READ MISS beat=1 addr=d66d7a8 -> default data id=0
[55000] SLAVE 0 R_VALID_RDY Handshake beat=0 rlast=0
[55000] MASTER 1 W_VALID_RDY Handshake beat=0 wlast=0
[55000] MASTER 0 AW_VALID_RDY Handshake
[65000] MASTER_DRIVER1 received transaction, op=AXI_READ
[65000] MASTER 1 W_VALID_RDY Handshake beat=1 wlast=1
[65000] ARB MONITOR: slave=1 m0_req=1 m1_req=0 winner=0
[65000] SLAVE 0 R_VALID_RDY Handshake beat=1 rlast=1
[65000] [SLAVE MONITOR] READ mst_id=0 s_id=0 araddr=d66d7a0 arid=0 arlen=1 arsize=3 arburst=1 rid=[00] rresp=[00] rdata=[baadf00d12345678baadf00d12345678]
[65000] AXI S1_AWVALID_RDY HANDSHAKE
[65000] AXI S0_WVALID_RDY HANDSHAKE
[65000] S0 MEMORY WRITE beat=0 addr=0e561818 data=0000000000000000 id=17
[75000] AXI S0_WVALID_RDY HANDSHAKE
[75000] S0 MEMORY WRITE beat=1 addr=0e561820 data=0000000000000000 id=17
[75000] MASTER 0 R_VALID_RDY Handshake beat=0 rlast=0
[75000] MASTER 0 W_VALID_RDY Handshake beat=0 wlast=0
[85000] [MASTER DRIVER] READ mst_id=0 s_id=0 araddr=d66d7a0 arid=0 arlen=1 arsize=3 arburst=1 rid=[00] rresp=[00] rdata=[baadf00d12345678baadf00d12345678]
[85000] MASTER_DRIVER0 received transaction, op=AXI_READ
[85000] MASTER_DRIVER1 received transaction, op=AXI_READ
[85000] MASTER 0 W_VALID_RDY Handshake beat=1 wlast=1
[85000] MASTER 0 R_VALID_RDY Handshake beat=1 rlast=1
[85000] [MASTER MONITOR] READ mst_id=0 s_id=0 araddr=d66d7a0 arid=0 arlen=1 arsize=3 arburst=1 rid=[00] rresp=[00] rdata=[baadf00d12345678baadf00d12345678]
[85000] S1 MEMORY WRITE beat=0 addr=1eba5720 data=0000000000000000 id=0e
[85000] SLAVE0 sent B resp, id=7
[85000] SCOREBOARD MATCH: decode_err expected = 0, actual =0
[85000] SCOREBOARD MATCH: slave_id expected = 0, actual =0
[85000] SCOREBOARD MATCH: araddr passthrough expected = d66d7a0, actual =d66d7a0
[85000] SCOREBOARD MATCH: arlen passthrough expected = 1, actual =1
[85000] SCOREBOARD MATCH: arsize passthrough expected = 3, actual =3
[85000] SCOREBOARD MATCH: arburst passthrough expected = 1, actual =1
[85000] SCOREBOARD MATCH: rdata size check expected = 2, actual =2
[85000] SCOREBOARD MATCH: rdata passthrough beat=0 expected = baadf00d12345678, actual =baadf00d12345678
[85000] SCOREBOARD MATCH: rdata passthrough beat=1 expected = baadf00d12345678, actual =baadf00d12345678
[85000] SCOREBOARD MATCH: rresp size check expected = 2, actual =2
[85000] SCOREBOARD MATCH: rresp passthrough beat=0 expected = 0, actual =0
[85000] SCOREBOARD MATCH: rresp passthrough beat=1 expected = 0, actual =0
[85000] SCOREBOARD MATCH: response routed to correct master (read beat 0) expected = 0, actual =0
[85000] SCOREBOARD MATCH: response routed to correct master (read beat 1) expected = 0, actual =0
[85000] [SCOREBOARD-M] READ mst_id=0 s_id=0 araddr=d66d7a0 arid=0 arlen=1 arsize=3 arburst=1 rid=[00] rresp=[00] rdata=[baadf00d12345678baadf00d12345678]
[85000] [SCOREBOARD-S] READ mst_id=0 s_id=0 araddr=d66d7a0 arid=0 arlen=1 arsize=3 arburst=1 rid=[00] rresp=[00] rdata=[baadf00d12345678baadf00d12345678]
[85000] SCOREBOARD: Transaction 1 received. pass=14 fail=0
[85000] ALL PASS. Total transactions: 1
[95000] S1 MEMORY WRITE beat=1 addr=1eba5728 data=0000000000000000 id=0e
[95000] AXI S0_ARVALID_RDY HANDSHAKE
[95000] MEMORY READ MISS beat=0 addr=19c681d8 -> default data id=17
[95000] [SLAVE MONITOR] mst_id=1 s_id=0 awaddr=e561818 awid=111 awlen=1 awsize=3 awburst=1 wdata=[0 0 ] wstrb=[0 0 ] bresp=0 bid=10111
[95000] ARB MONITOR: slave=1 m0_req=0 m1_req=1 winner=1
[105000] MASTER_DRIVER0 received transaction, op=AXI_WRITE
[105000] MASTER 1 RECEIVED BRESP. BRESP=0
[105000] [MASTER DRIVER] mst_id=1 s_id=0 awaddr=e561818 awid=111 awlen=1 awsize=3 awburst=1 wdata=[] wstrb=[] bresp=0 bid=111
[105000] MASTER 1 B_VALID_RDY Handshake
[105000] [MASTER MONITOR] mst_id=1 s_id=0 awaddr=e561818 awid=111 awlen=1 awsize=3 awburst=1 wdata=[0 0 ] wstrb=[0 0 ] bresp=0 bid=111
[105000] SLAVE 1 R_VALID_RDY Handshake beat=0 rlast=0
[105000] MEMORY READ MISS beat=1 addr=19c681e0 -> default data id=17
[105000] SLAVE1 sent B resp, id=14
[105000] SCOREBOARD MATCH: decode_err expected = 0, actual =0
[105000] SCOREBOARD MATCH: slave_id expected = 0, actual =0
[105000] SCOREBOARD MATCH: awaddr passthrough expected = e561818, actual =e561818
[105000] SCOREBOARD MATCH: awlen passthrough expected = 1, actual =1
[105000] SCOREBOARD MATCH: awsize passthrough expected = 3, actual =3
[105000] SCOREBOARD MATCH: awburst passthrough expected = 1, actual =1
[105000] SCOREBOARD MATCH: wdata size check expected = 2, actual =2
[105000] SCOREBOARD MATCH: wdata passthrough beat=0 expected = 0, actual =0
[105000] SCOREBOARD MATCH: wdata passthrough beat=1 expected = 0, actual =0
[105000] SCOREBOARD MATCH: wstrb size check expected = 2, actual =2
[105000] SCOREBOARD MATCH: wstrb passthrough beat=0 expected = 0, actual =0
[105000] SCOREBOARD MATCH: wstrb passthrough beat=1 expected = 0, actual =0
[105000] SCOREBOARD MATCH: bresp passthrough expected = 0, actual =0
[105000] SCOREBOARD MATCH: response routed to correct master (write) expected = 1, actual =1
[105000] [SCOREBOARD-M] mst_id=1 s_id=0 awaddr=e561818 awid=111 awlen=1 awsize=3 awburst=1 wdata=[0 0 ] wstrb=[0 0 ] bresp=0 bid=111
[105000] [SCOREBOARD-S] mst_id=1 s_id=0 awaddr=e561818 awid=111 awlen=1 awsize=3 awburst=1 wdata=[0 0 ] wstrb=[0 0 ] bresp=0 bid=10111
[105000] SCOREBOARD: Transaction 2 received. pass=28 fail=0
[105000] ALL PASS. Total transactions: 2
[115000] AXI S0_ARVALID_RDY HANDSHAKE
[115000] MEMORY READ MISS beat=0 addr=d41ecc0 -> default data id=2
[115000] [SLAVE MONITOR] mst_id=0 s_id=1 awaddr=1eba5720 awid=1110 awlen=1 awsize=3 awburst=1 wdata=[0 0 ] wstrb=[0 0 ] bresp=0 bid=1110
[115000] SLAVE 1 R_VALID_RDY Handshake beat=1 rlast=1
[115000] [SLAVE MONITOR] READ mst_id=1 s_id=1 araddr=19c681d8 arid=1 arlen=1 arsize=3 arburst=1 rid=[1111] rresp=[00] rdata=[baadf00d12345678baadf00d12345678]
[115000] ARB MONITOR: slave=0 m0_req=1 m1_req=0 winner=0
[125000] MASTER 0 RECEIVED BRESP. BRESP=0
[125000] [MASTER DRIVER] mst_id=0 s_id=0 awaddr=1eba5720 awid=1110 awlen=1 awsize=3 awburst=1 wdata=[] wstrb=[] bresp=0 bid=1110
[125000] MASTER 0 AW_VALID_RDY Handshake
[125000] MASTER 0 B_VALID_RDY Handshake
[125000] [MASTER MONITOR] mst_id=0 s_id=1 awaddr=1eba5720 awid=1110 awlen=1 awsize=3 awburst=1 wdata=[0 0 ] wstrb=[0 0 ] bresp=0 bid=1110
[125000] MASTER 1 R_VALID_RDY Handshake beat=0 rlast=0
[125000] ARB MONITOR: slave=1 m0_req=0 m1_req=1 winner=1
[125000] SLAVE 0 R_VALID_RDY Handshake beat=0 rlast=0
[125000] AXI S0_ARVALID_RDY HANDSHAKE
[125000] MEMORY READ MISS beat=0 addr=1988d660 -> default data id=18
[125000] MEMORY READ MISS beat=1 addr=d41ecc8 -> default data id=2
[125000] SCOREBOARD MATCH: decode_err expected = 0, actual =0
[125000] SCOREBOARD MATCH: slave_id expected = 1, actual =1
[125000] SCOREBOARD MATCH: awaddr passthrough expected = 1eba5720, actual =1eba5720
[125000] SCOREBOARD MATCH: awlen passthrough expected = 1, actual =1
[125000] SCOREBOARD MATCH: awsize passthrough expected = 3, actual =3
[125000] SCOREBOARD MATCH: awburst passthrough expected = 1, actual =1
[125000] SCOREBOARD MATCH: wdata size check expected = 2, actual =2
[125000] SCOREBOARD MATCH: wdata passthrough beat=0 expected = 0, actual =0
[125000] SCOREBOARD MATCH: wdata passthrough beat=1 expected = 0, actual =0
[125000] SCOREBOARD MATCH: wstrb size check expected = 2, actual =2
[125000] SCOREBOARD MATCH: wstrb passthrough beat=0 expected = 0, actual =0
[125000] SCOREBOARD MATCH: wstrb passthrough beat=1 expected = 0, actual =0
[125000] SCOREBOARD MATCH: bresp passthrough expected = 0, actual =0
[125000] SCOREBOARD MATCH: response routed to correct master (write) expected = 0, actual =0
[125000] [SCOREBOARD-M] mst_id=0 s_id=1 awaddr=1eba5720 awid=1110 awlen=1 awsize=3 awburst=1 wdata=[0 0 ] wstrb=[0 0 ] bresp=0 bid=1110
[125000] [SCOREBOARD-S] mst_id=0 s_id=1 awaddr=1eba5720 awid=1110 awlen=1 awsize=3 awburst=1 wdata=[0 0 ] wstrb=[0 0 ] bresp=0 bid=1110
[125000] SCOREBOARD: Transaction 3 received. pass=42 fail=0
[125000] ALL PASS. Total transactions: 3
[135000] AXI S0_AWVALID_RDY HANDSHAKE
[135000] MEMORY READ MISS beat=1 addr=1988d668 -> default data id=18
[135000] SLAVE 0 R_VALID_RDY Handshake beat=1 rlast=1
[135000] [SLAVE MONITOR] READ mst_id=0 s_id=0 araddr=d41ecc0 arid=2 arlen=1 arsize=3 arburst=1 rid=[22] rresp=[00] rdata=[baadf00d12345678baadf00d12345678]
[135000] SLAVE 1 R_VALID_RDY Handshake beat=0 rlast=0
[135000] ARB MONITOR: slave=0 m0_req=1 m1_req=0 winner=0
[135000] MASTER 1 R_VALID_RDY Handshake beat=1 rlast=1
[135000] [MASTER MONITOR] READ mst_id=1 s_id=1 araddr=19c681d8 arid=1 arlen=1 arsize=3 arburst=1 rid=[11] rresp=[00] rdata=[baadf00d12345678baadf00d12345678]
[135000] [MASTER DRIVER] READ mst_id=1 s_id=0 araddr=19c681d8 arid=1 arlen=1 arsize=3 arburst=1 rid=[11] rresp=[00] rdata=[baadf00d12345678baadf00d12345678]
[135000] SCOREBOARD MATCH: decode_err expected = 0, actual =0
[135000] SCOREBOARD MATCH: slave_id expected = 1, actual =1
[135000] SCOREBOARD MATCH: araddr passthrough expected = 19c681d8, actual =19c681d8
[135000] SCOREBOARD MATCH: arlen passthrough expected = 1, actual =1
[135000] SCOREBOARD MATCH: arsize passthrough expected = 3, actual =3
[135000] SCOREBOARD MATCH: arburst passthrough expected = 1, actual =1
[135000] SCOREBOARD MATCH: rdata size check expected = 2, actual =2
[135000] SCOREBOARD MATCH: rdata passthrough beat=0 expected = baadf00d12345678, actual =baadf00d12345678
[135000] SCOREBOARD MATCH: rdata passthrough beat=1 expected = baadf00d12345678, actual =baadf00d12345678
[135000] SCOREBOARD MATCH: rresp size check expected = 2, actual =2
[135000] SCOREBOARD MATCH: rresp passthrough beat=0 expected = 0, actual =0
[135000] SCOREBOARD MATCH: rresp passthrough beat=1 expected = 0, actual =0
[135000] SCOREBOARD MATCH: response routed to correct master (read beat 0) expected = 1, actual =1
[135000] SCOREBOARD MATCH: response routed to correct master (read beat 1) expected = 1, actual =1
[135000] [SCOREBOARD-M] READ mst_id=1 s_id=1 araddr=19c681d8 arid=1 arlen=1 arsize=3 arburst=1 rid=[11] rresp=[00] rdata=[baadf00d12345678baadf00d12345678]
[135000] [SCOREBOARD-S] READ mst_id=1 s_id=1 araddr=19c681d8 arid=1 arlen=1 arsize=3 arburst=1 rid=[1111] rresp=[00] rdata=[baadf00d12345678baadf00d12345678]
[135000] SCOREBOARD: Transaction 4 received. pass=56 fail=0
[135000] ALL PASS. Total transactions: 4
[145000] MASTER 0 W_VALID_RDY Handshake beat=0 wlast=0
[145000] MASTER 0 R_VALID_RDY Handshake beat=0 rlast=0
[145000] SLAVE 1 R_VALID_RDY Handshake beat=1 rlast=1
[145000] [SLAVE MONITOR] READ mst_id=1 s_id=1 araddr=1988d660 arid=2 arlen=1 arsize=3 arburst=1 rid=[1212] rresp=[00] rdata=[baadf00d12345678baadf00d12345678]
[155000] AXI S0_WVALID_RDY HANDSHAKE
[155000] S0 MEMORY WRITE beat=0 addr=06001bf0 data=0000000000000000 id=03
[155000] MASTER 1 R_VALID_RDY Handshake beat=0 rlast=0
[155000] MASTER 0 R_VALID_RDY Handshake beat=1 rlast=1
[155000] [MASTER MONITOR] READ mst_id=0 s_id=0 araddr=d41ecc0 arid=2 arlen=1 arsize=3 arburst=1 rid=[22] rresp=[00] rdata=[baadf00d12345678baadf00d12345678]
[155000] MASTER 0 W_VALID_RDY Handshake beat=1 wlast=1
[155000] [MASTER DRIVER] READ mst_id=0 s_id=0 araddr=d41ecc0 arid=2 arlen=1 arsize=3 arburst=1 rid=[22] rresp=[00] rdata=[baadf00d12345678baadf00d12345678]
[155000] MASTER_DRIVER0 received transaction, op=AXI_READ
[155000] SCOREBOARD MATCH: decode_err expected = 0, actual =0
[155000] SCOREBOARD MATCH: slave_id expected = 0, actual =0
[155000] SCOREBOARD MATCH: araddr passthrough expected = d41ecc0, actual =d41ecc0
[155000] SCOREBOARD MATCH: arlen passthrough expected = 1, actual =1
[155000] SCOREBOARD MATCH: arsize passthrough expected = 3, actual =3
[155000] SCOREBOARD MATCH: arburst passthrough expected = 1, actual =1
[155000] SCOREBOARD MATCH: rdata size check expected = 2, actual =2
[155000] SCOREBOARD MATCH: rdata passthrough beat=0 expected = baadf00d12345678, actual =baadf00d12345678
[155000] SCOREBOARD MATCH: rdata passthrough beat=1 expected = baadf00d12345678, actual =baadf00d12345678
[155000] SCOREBOARD MATCH: rresp size check expected = 2, actual =2
[155000] SCOREBOARD MATCH: rresp passthrough beat=0 expected = 0, actual =0
[155000] SCOREBOARD MATCH: rresp passthrough beat=1 expected = 0, actual =0
[155000] SCOREBOARD MATCH: response routed to correct master (read beat 0) expected = 0, actual =0
[155000] SCOREBOARD MATCH: response routed to correct master (read beat 1) expected = 0, actual =0
[155000] [SCOREBOARD-M] READ mst_id=0 s_id=0 araddr=d41ecc0 arid=2 arlen=1 arsize=3 arburst=1 rid=[22] rresp=[00] rdata=[baadf00d12345678baadf00d12345678]
[155000] [SCOREBOARD-S] READ mst_id=0 s_id=0 araddr=d41ecc0 arid=2 arlen=1 arsize=3 arburst=1 rid=[22] rresp=[00] rdata=[baadf00d12345678baadf00d12345678]
[155000] SCOREBOARD: Transaction 5 received. pass=70 fail=0
[155000] ALL PASS. Total transactions: 5
[165000] [MASTER DRIVER] READ mst_id=1 s_id=0 araddr=1988d660 arid=2 arlen=1 arsize=3 arburst=1 rid=[22] rresp=[00] rdata=[baadf00d12345678baadf00d12345678]
[165000] MASTER 1 R_VALID_RDY Handshake beat=1 rlast=1
[165000] [MASTER MONITOR] READ mst_id=1 s_id=1 araddr=1988d660 arid=2 arlen=1 arsize=3 arburst=1 rid=[22] rresp=[00] rdata=[baadf00d12345678baadf00d12345678]
[165000] AXI S0_WVALID_RDY HANDSHAKE
[165000] S0 MEMORY WRITE beat=1 addr=06001bf8 data=0000000000000000 id=03
[165000] SCOREBOARD MATCH: decode_err expected = 0, actual =0
[165000] SCOREBOARD MATCH: slave_id expected = 1, actual =1
[165000] SCOREBOARD MATCH: araddr passthrough expected = 1988d660, actual =1988d660
[165000] SCOREBOARD MATCH: arlen passthrough expected = 1, actual =1
[165000] SCOREBOARD MATCH: arsize passthrough expected = 3, actual =3
[165000] SCOREBOARD MATCH: arburst passthrough expected = 1, actual =1
[165000] SCOREBOARD MATCH: rdata size check expected = 2, actual =2
[165000] SCOREBOARD MATCH: rdata passthrough beat=0 expected = baadf00d12345678, actual =baadf00d12345678
[165000] SCOREBOARD MATCH: rdata passthrough beat=1 expected = baadf00d12345678, actual =baadf00d12345678
[165000] SCOREBOARD MATCH: rresp size check expected = 2, actual =2
[165000] SCOREBOARD MATCH: rresp passthrough beat=0 expected = 0, actual =0
[165000] SCOREBOARD MATCH: rresp passthrough beat=1 expected = 0, actual =0
[165000] SCOREBOARD MATCH: response routed to correct master (read beat 0) expected = 1, actual =1
[165000] SCOREBOARD MATCH: response routed to correct master (read beat 1) expected = 1, actual =1
[165000] [SCOREBOARD-M] READ mst_id=1 s_id=1 araddr=1988d660 arid=2 arlen=1 arsize=3 arburst=1 rid=[22] rresp=[00] rdata=[baadf00d12345678baadf00d12345678]
[165000] [SCOREBOARD-S] READ mst_id=1 s_id=1 araddr=1988d660 arid=2 arlen=1 arsize=3 arburst=1 rid=[1212] rresp=[00] rdata=[baadf00d12345678baadf00d12345678]
[165000] SCOREBOARD: Transaction 6 received. pass=84 fail=0
[165000] ALL PASS. Total transactions: 6
[175000] SLAVE0 sent B resp, id=3
[175000] [SLAVE MONITOR] mst_id=0 s_id=0 awaddr=6001bf0 awid=11 awlen=1 awsize=3 awburst=1 wdata=[0 0 ] wstrb=[0 0 ] bresp=0 bid=11
[175000] MASTER_DRIVER0 received transaction, op=AXI_READ
[185000] ARB MONITOR: slave=0 m0_req=1 m1_req=0 winner=0
[185000] AXI S0_ARVALID_RDY HANDSHAKE
[185000] MEMORY READ MISS beat=0 addr=f301e20 -> default data id=4
[195000] MEMORY READ MISS beat=1 addr=f301e28 -> default data id=4
[195000] SLAVE 0 R_VALID_RDY Handshake beat=0 rlast=0
[195000] MASTER 0 B_VALID_RDY Handshake
[195000] [MASTER MONITOR] mst_id=0 s_id=0 awaddr=6001bf0 awid=11 awlen=1 awsize=3 awburst=1 wdata=[0 0 ] wstrb=[0 0 ] bresp=0 bid=11
[195000] MASTER_DRIVER0 received transaction, op=AXI_READ
[195000] MASTER 0 RECEIVED BRESP. BRESP=0
[195000] [MASTER DRIVER] mst_id=0 s_id=0 awaddr=6001bf0 awid=11 awlen=1 awsize=3 awburst=1 wdata=[] wstrb=[] bresp=0 bid=11
[195000] SCOREBOARD MATCH: decode_err expected = 0, actual =0
[195000] SCOREBOARD MATCH: slave_id expected = 0, actual =0
[195000] SCOREBOARD MATCH: awaddr passthrough expected = 6001bf0, actual =6001bf0
[195000] SCOREBOARD MATCH: awlen passthrough expected = 1, actual =1
[195000] SCOREBOARD MATCH: awsize passthrough expected = 3, actual =3
[195000] SCOREBOARD MATCH: awburst passthrough expected = 1, actual =1
[195000] SCOREBOARD MATCH: wdata size check expected = 2, actual =2
[195000] SCOREBOARD MATCH: wdata passthrough beat=0 expected = 0, actual =0
[195000] SCOREBOARD MATCH: wdata passthrough beat=1 expected = 0, actual =0
[195000] SCOREBOARD MATCH: wstrb size check expected = 2, actual =2
[195000] SCOREBOARD MATCH: wstrb passthrough beat=0 expected = 0, actual =0
[195000] SCOREBOARD MATCH: wstrb passthrough beat=1 expected = 0, actual =0
[195000] SCOREBOARD MATCH: bresp passthrough expected = 0, actual =0
[195000] SCOREBOARD MATCH: response routed to correct master (write) expected = 0, actual =0
[195000] [SCOREBOARD-M] mst_id=0 s_id=0 awaddr=6001bf0 awid=11 awlen=1 awsize=3 awburst=1 wdata=[0 0 ] wstrb=[0 0 ] bresp=0 bid=11
[195000] [SCOREBOARD-S] mst_id=0 s_id=0 awaddr=6001bf0 awid=11 awlen=1 awsize=3 awburst=1 wdata=[0 0 ] wstrb=[0 0 ] bresp=0 bid=11
[195000] SCOREBOARD: Transaction 7 received. pass=98 fail=0
[195000] ALL PASS. Total transactions: 7
[205000] SLAVE 0 R_VALID_RDY Handshake beat=1 rlast=1
[205000] [SLAVE MONITOR] READ mst_id=0 s_id=0 araddr=f301e20 arid=4 arlen=1 arsize=3 arburst=1 rid=[44] rresp=[00] rdata=[baadf00d12345678baadf00d12345678]
[215000] AXI S0_ARVALID_RDY HANDSHAKE
[215000] MEMORY READ MISS beat=0 addr=f66f700 -> default data id=5
[215000] ARB MONITOR: slave=0 m0_req=0 m1_req=0 winner=0
[215000] MASTER 0 R_VALID_RDY Handshake beat=0 rlast=0
[225000] [MASTER DRIVER] READ mst_id=0 s_id=0 araddr=f301e20 arid=4 arlen=1 arsize=3 arburst=1 rid=[44] rresp=[00] rdata=[baadf00d12345678baadf00d12345678]
[225000] MASTER 0 R_VALID_RDY Handshake beat=1 rlast=1
[225000] [MASTER MONITOR] READ mst_id=0 s_id=0 araddr=f301e20 arid=4 arlen=1 arsize=3 arburst=1 rid=[44] rresp=[00] rdata=[baadf00d12345678baadf00d12345678]
[225000] ARB MONITOR: slave=1 m0_req=0 m1_req=0 winner=0
[225000] SLAVE 0 R_VALID_RDY Handshake beat=0 rlast=0
[225000] AXI S0_ARVALID_RDY HANDSHAKE
[225000] MEMORY READ MISS beat=0 addr=126928c8 -> default data id=6
[225000] MEMORY READ MISS beat=1 addr=f66f708 -> default data id=5
[225000] SCOREBOARD MATCH: decode_err expected = 0, actual =0
[225000] SCOREBOARD MATCH: slave_id expected = 0, actual =0
[225000] SCOREBOARD MATCH: araddr passthrough expected = f301e20, actual =f301e20
[225000] SCOREBOARD MATCH: arlen passthrough expected = 1, actual =1
[225000] SCOREBOARD MATCH: arsize passthrough expected = 3, actual =3
[225000] SCOREBOARD MATCH: arburst passthrough expected = 1, actual =1
[225000] SCOREBOARD MATCH: rdata size check expected = 2, actual =2
[225000] SCOREBOARD MATCH: rdata passthrough beat=0 expected = baadf00d12345678, actual =baadf00d12345678
[225000] SCOREBOARD MATCH: rdata passthrough beat=1 expected = baadf00d12345678, actual =baadf00d12345678
[225000] SCOREBOARD MATCH: rresp size check expected = 2, actual =2
[225000] SCOREBOARD MATCH: rresp passthrough beat=0 expected = 0, actual =0
[225000] SCOREBOARD MATCH: rresp passthrough beat=1 expected = 0, actual =0
[225000] SCOREBOARD MATCH: response routed to correct master (read beat 0) expected = 0, actual =0
[225000] SCOREBOARD MATCH: response routed to correct master (read beat 1) expected = 0, actual =0
[225000] [SCOREBOARD-M] READ mst_id=0 s_id=0 araddr=f301e20 arid=4 arlen=1 arsize=3 arburst=1 rid=[44] rresp=[00] rdata=[baadf00d12345678baadf00d12345678]
[225000] [SCOREBOARD-S] READ mst_id=0 s_id=0 araddr=f301e20 arid=4 arlen=1 arsize=3 arburst=1 rid=[44] rresp=[00] rdata=[baadf00d12345678baadf00d12345678]
[225000] SCOREBOARD: Transaction 8 received. pass=112 fail=0
[225000] ALL PASS. Total transactions: 8
[235000] MEMORY READ MISS beat=1 addr=126928d0 -> default data id=6
[235000] SLAVE 0 R_VALID_RDY Handshake beat=1 rlast=1
[235000] [SLAVE MONITOR] READ mst_id=0 s_id=0 araddr=f66f700 arid=5 arlen=1 arsize=3 arburst=1 rid=[55] rresp=[00] rdata=[baadf00d12345678baadf00d12345678]
[235000] SLAVE 1 R_VALID_RDY Handshake beat=0 rlast=0
[245000] MASTER 0 R_VALID_RDY Handshake beat=0 rlast=0
[245000] SLAVE 1 R_VALID_RDY Handshake beat=1 rlast=1
[245000] [SLAVE MONITOR] READ mst_id=0 s_id=1 araddr=126928c8 arid=6 arlen=1 arsize=3 arburst=1 rid=[66] rresp=[00] rdata=[baadf00d12345678baadf00d12345678]
[255000] MASTER 0 R_VALID_RDY Handshake beat=1 rlast=1
[255000] [MASTER MONITOR] READ mst_id=0 s_id=0 araddr=f66f700 arid=5 arlen=1 arsize=3 arburst=1 rid=[55] rresp=[00] rdata=[baadf00d12345678baadf00d12345678]
[255000] [MASTER DRIVER] READ mst_id=0 s_id=0 araddr=f66f700 arid=5 arlen=1 arsize=3 arburst=1 rid=[55] rresp=[00] rdata=[baadf00d12345678baadf00d12345678]
[255000] SCOREBOARD MATCH: decode_err expected = 0, actual =0
[255000] SCOREBOARD MATCH: slave_id expected = 0, actual =0
[255000] SCOREBOARD MATCH: araddr passthrough expected = f66f700, actual =f66f700
[255000] SCOREBOARD MATCH: arlen passthrough expected = 1, actual =1
[255000] SCOREBOARD MATCH: arsize passthrough expected = 3, actual =3
[255000] SCOREBOARD MATCH: arburst passthrough expected = 1, actual =1
[255000] SCOREBOARD MATCH: rdata size check expected = 2, actual =2
[255000] SCOREBOARD MATCH: rdata passthrough beat=0 expected = baadf00d12345678, actual =baadf00d12345678
[255000] SCOREBOARD MATCH: rdata passthrough beat=1 expected = baadf00d12345678, actual =baadf00d12345678
[255000] SCOREBOARD MATCH: rresp size check expected = 2, actual =2
[255000] SCOREBOARD MATCH: rresp passthrough beat=0 expected = 0, actual =0
[255000] SCOREBOARD MATCH: rresp passthrough beat=1 expected = 0, actual =0
[255000] SCOREBOARD MATCH: response routed to correct master (read beat 0) expected = 0, actual =0
[255000] SCOREBOARD MATCH: response routed to correct master (read beat 1) expected = 0, actual =0
[255000] [SCOREBOARD-M] READ mst_id=0 s_id=0 araddr=f66f700 arid=5 arlen=1 arsize=3 arburst=1 rid=[55] rresp=[00] rdata=[baadf00d12345678baadf00d12345678]
[255000] [SCOREBOARD-S] READ mst_id=0 s_id=0 araddr=f66f700 arid=5 arlen=1 arsize=3 arburst=1 rid=[55] rresp=[00] rdata=[baadf00d12345678baadf00d12345678]
[255000] SCOREBOARD: Transaction 9 received. pass=126 fail=0
[255000] ALL PASS. Total transactions: 9
[275000] MASTER 0 R_VALID_RDY Handshake beat=0 rlast=0
[285000] [MASTER DRIVER] READ mst_id=0 s_id=0 araddr=126928c8 arid=6 arlen=1 arsize=3 arburst=1 rid=[66] rresp=[00] rdata=[baadf00d12345678baadf00d12345678]
[285000] MASTER 0 R_VALID_RDY Handshake beat=1 rlast=1
[285000] [MASTER MONITOR] READ mst_id=0 s_id=1 araddr=126928c8 arid=6 arlen=1 arsize=3 arburst=1 rid=[66] rresp=[00] rdata=[baadf00d12345678baadf00d12345678]
[285000] SCOREBOARD MATCH: decode_err expected = 0, actual =0
[285000] SCOREBOARD MATCH: slave_id expected = 1, actual =1
[285000] SCOREBOARD MATCH: araddr passthrough expected = 126928c8, actual =126928c8
[285000] SCOREBOARD MATCH: arlen passthrough expected = 1, actual =1
[285000] SCOREBOARD MATCH: arsize passthrough expected = 3, actual =3
[285000] SCOREBOARD MATCH: arburst passthrough expected = 1, actual =1
[285000] SCOREBOARD MATCH: rdata size check expected = 2, actual =2
[285000] SCOREBOARD MATCH: rdata passthrough beat=0 expected = baadf00d12345678, actual =baadf00d12345678
[285000] SCOREBOARD MATCH: rdata passthrough beat=1 expected = baadf00d12345678, actual =baadf00d12345678
[285000] SCOREBOARD MATCH: rresp size check expected = 2, actual =2
[285000] SCOREBOARD MATCH: rresp passthrough beat=0 expected = 0, actual =0
[285000] SCOREBOARD MATCH: rresp passthrough beat=1 expected = 0, actual =0
[285000] SCOREBOARD MATCH: response routed to correct master (read beat 0) expected = 0, actual =0
[285000] SCOREBOARD MATCH: response routed to correct master (read beat 1) expected = 0, actual =0
[285000] [SCOREBOARD-M] READ mst_id=0 s_id=1 araddr=126928c8 arid=6 arlen=1 arsize=3 arburst=1 rid=[66] rresp=[00] rdata=[baadf00d12345678baadf00d12345678]
[285000] [SCOREBOARD-S] READ mst_id=0 s_id=1 araddr=126928c8 arid=6 arlen=1 arsize=3 arburst=1 rid=[66] rresp=[00] rdata=[baadf00d12345678baadf00d12345678]
[285000] SCOREBOARD: Transaction 10 received. pass=140 fail=0
[285000] SCOREBOARD: Expected 10 transactions completed, PASS=140 FAIL=0
[285000] ALL PASS. Total transactions: 10
[285000] ALL TRANSACTIONS MONITORED
$finish called at time : 305 ns : File "/home/nashita/Desktop/practice/axi_xbar/tb/top/axi_tb_top.sv" Line 220
exit
INFO: xsimkernel Simulation Memory Usage: 289460 KB (Peak: 337860 KB), Simulation CPU Usage: 1170 ms
INFO: [Common 17-206] Exiting xsim at Wed Sep  9 12:41:45 2026...
