#-----------------------------------------------------------
# xsim v2025.2 (64-bit)
# SW Build 6299465 on Fri Nov 14 12:34:56 MST 2025
# IP Build 6300035 on Fri Nov 14 10:48:45 MST 2025
# SharedData Build 6298862 on Thu Nov 13 04:50:51 MST 2025
# Start of session at: Thu Sep 10 18:36:27 2026
# Process ID         : 3649689
# Current directory  : /home/nashita/Desktop/practice/axi_xbar/sim
# Command line       : xsim -log regress_results/BT_run336.log -mode tcl -source {xsim.dir/tb_top_snap/xsim_script.tcl}
# Log file           : /home/nashita/Desktop/practice/axi_xbar/sim/regress_results/BT_run336.log
# Journal file       : /home/nashita/Desktop/practice/axi_xbar/sim/xsim.jou
# Running On         : vlsi-vivado
# Platform           : Ubuntu
# Operating System   : Ubuntu 24.04.4 LTS
# Processor Detail   : Intel(R) Core(TM) i5-10400 CPU @ 2.90GHz
# CPU Frequency      : 4000.188 MHz
# CPU Physical cores : 6
# CPU Logical cores  : 12
# Host memory        : 41875 MB
# Swap memory        : 27648 MB
# Total Virtual      : 69524 MB
# Available Virtual  : 62796 MB
#-----------------------------------------------------------
source xsim.dir/tb_top_snap/xsim_script.tcl
# xsim {tb_top_snap} -testplusarg BT -autoloadwcfg -runall -sv_seed 337
Time resolution is 1 ps
run -all
[0] RUNNING BASE TEST
[0] INSIDE THE BASE TEST CONSTRUCTOR
[0] ENV: before agent
[0] SLAVE CONSTRUCTED
[0] MASTER MONITOR CONSTRUCTED
[0] MASTER MONITOR CONSTRUCTED
[0] SLAVE MONITOR CONSTRUCTED
[0] SLAVE MONITOR CONSTRUCTED
[0] ARB MONITOR CONSTRUCTED
GENERATOR CONSTRUCTED
[0] ENV: after agent
[0] ENV: before scoreboard
[0] ENV: after scoreboard
[15000] [SEQUENCER] READ mst_id=0 s_id=0 araddr=173468d8 arid=0 arlen=1 arsize=3 arburst=1 rid=[] rresp=[] rdata=[]
[15000] [SEQUENCER] mst_id=1 s_id=0 awaddr=61b84b8 awid=1100 awlen=5 awsize=4 awburst=0 wdata=[ba2cb881ed2fa687 e8081d2dba5de318 c098afb23f3e8591 ac6e2c18fe4191c0 389f74d9fac56833 ba03edc494764945 ] wstrb=[8b 6 dd be df 22 ] bresp=0 bid=0
[15000] [SEQUENCER] mst_id=0 s_id=0 awaddr=3bf1e20 awid=101 awlen=3 awsize=7 awburst=2 wdata=[bd05955d23476a3e f47992c5f595e4a3 3c0b68acba0d2b09 dd549547d411d723 ] wstrb=[9 c6 c 13 ] bresp=0 bid=0
[15000] [SEQUENCER] READ mst_id=1 s_id=0 araddr=bc9c590 arid=1 arlen=1 arsize=3 arburst=1 rid=[] rresp=[] rdata=[]
[15000] [SEQUENCER] READ mst_id=0 s_id=0 araddr=1725e0f8 arid=2 arlen=1 arsize=3 arburst=1 rid=[] rresp=[] rdata=[]
[15000] MASTER_DRIVER0 received transaction, op=AXI_READ
[15000] MASTER_DRIVER1 received transaction, op=AXI_WRITE
[35000] MASTER 1 AW_VALID_RDY Handshake
[35000] MASTER_DRIVER0 received transaction, op=AXI_WRITE
[45000] ARB MONITOR: slave=0 m0_req=0 m1_req=1 winner=1
[45000] ARB MONITOR: slave=1 m0_req=1 m1_req=0 winner=0
[45000] AXI S0_ARVALID_RDY HANDSHAKE
[45000] MEMORY READ MISS beat=0 addr=173468d8 -> default data id=0
[45000] AXI S0_AWVALID_RDY HANDSHAKE
[55000] MEMORY READ MISS beat=1 addr=173468e0 -> default data id=0
[55000] SLAVE 1 R_VALID_RDY Handshake beat=0 rlast=0
[55000] MASTER 1 W_VALID_RDY Handshake beat=0 wlast=0
[55000] MASTER 0 AW_VALID_RDY Handshake
[65000] MASTER 1 W_VALID_RDY Handshake beat=1 wlast=0
[65000] SLAVE 1 R_VALID_RDY Handshake beat=1 rlast=1
[65000] [SLAVE MONITOR] READ mst_id=0 s_id=1 araddr=173468d8 arid=0 arlen=1 arsize=3 arburst=1 rid=[00] rresp=[00] rdata=[baadf00d12345678baadf00d12345678]
[65000] AXI S0_WVALID_RDY HANDSHAKE
[65000] S0 MEMORY WRITE beat=0 addr=061b84b8 data=ba2cb881ed2fa687 id=1c
[75000] AXI S0_WVALID_RDY HANDSHAKE
[75000] S0 MEMORY WRITE beat=1 addr=061b84b8 data=e8081d2dba5de318 id=1c
[75000] MASTER 1 W_VALID_RDY Handshake beat=2 wlast=0
[75000] MASTER 0 R_VALID_RDY Handshake beat=0 rlast=0
[75000] MASTER 0 W_VALID_RDY Handshake beat=0 wlast=0
[85000] [MASTER DRIVER] READ mst_id=0 s_id=0 araddr=173468d8 arid=0 arlen=1 arsize=3 arburst=1 rid=[00] rresp=[00] rdata=[baadf00d12345678baadf00d12345678]
[85000] MASTER 0 W_VALID_RDY Handshake beat=1 wlast=0
[85000] MASTER 0 R_VALID_RDY Handshake beat=1 rlast=1
[85000] [MASTER MONITOR] READ mst_id=0 s_id=1 araddr=173468d8 arid=0 arlen=1 arsize=3 arburst=1 rid=[00] rresp=[00] rdata=[baadf00d12345678baadf00d12345678]
[85000] MASTER 1 W_VALID_RDY Handshake beat=3 wlast=0
[85000] AXI S0_WVALID_RDY HANDSHAKE
[85000] S0 MEMORY WRITE beat=2 addr=061b84b8 data=c098afb23f3e8591 id=1c
[85000] SCOREBOARD MATCH: decode_err expected = 0, actual =0
[85000] SCOREBOARD MATCH: slave_id expected = 1, actual =1
[85000] SCOREBOARD MATCH: araddr passthrough expected = 173468d8, actual =173468d8
[85000] SCOREBOARD MATCH: arlen passthrough expected = 1, actual =1
[85000] SCOREBOARD MATCH: arsize passthrough expected = 3, actual =3
[85000] SCOREBOARD MATCH: arburst passthrough expected = 1, actual =1
[85000] SCOREBOARD MATCH: rdata size check expected = 2, actual =2
[85000] SCOREBOARD MATCH: rdata passthrough beat=0 expected = baadf00d12345678, actual =baadf00d12345678
[85000] SCOREBOARD MATCH: rdata passthrough beat=1 expected = baadf00d12345678, actual =baadf00d12345678
[85000] SCOREBOARD MATCH: rresp size check expected = 2, actual =2
[85000] SCOREBOARD MATCH: rresp passthrough beat=0 expected = 0, actual =0
[85000] SCOREBOARD MATCH: rresp passthrough beat=1 expected = 0, actual =0
[85000] SCOREBOARD MATCH: response routed to correct master (read beat 0) expected = 0, actual =0
[85000] SCOREBOARD MATCH: response routed to correct master (read beat 1) expected = 0, actual =0
[85000] [SCOREBOARD-M] READ mst_id=0 s_id=1 araddr=173468d8 arid=0 arlen=1 arsize=3 arburst=1 rid=[00] rresp=[00] rdata=[baadf00d12345678baadf00d12345678]
[85000] [SCOREBOARD-S] READ mst_id=0 s_id=1 araddr=173468d8 arid=0 arlen=1 arsize=3 arburst=1 rid=[00] rresp=[00] rdata=[baadf00d12345678baadf00d12345678]
[85000] SCOREBOARD: Transaction 1 received. pass=14 fail=0
[85000] ALL PASS. Total transactions: 1
[95000] AXI S0_WVALID_RDY HANDSHAKE
[95000] S0 MEMORY WRITE beat=3 addr=061b84b8 data=ac6e2c18fe4191c0 id=1c
[95000] MASTER 1 W_VALID_RDY Handshake beat=4 wlast=0
[95000] MASTER 0 W_VALID_RDY Handshake beat=2 wlast=0
[105000] MASTER_DRIVER1 received transaction, op=AXI_READ
[105000] MASTER_DRIVER0 received transaction, op=AXI_READ
[105000] MASTER 0 W_VALID_RDY Handshake beat=3 wlast=1
[105000] MASTER 1 W_VALID_RDY Handshake beat=5 wlast=1
[105000] AXI S0_WVALID_RDY HANDSHAKE
[105000] S0 MEMORY WRITE beat=4 addr=061b84b8 data=389f74d9fac56833 id=1c
[115000] AXI S0_WVALID_RDY HANDSHAKE
[115000] S0 MEMORY WRITE beat=5 addr=061b84b8 data=ba03edc494764945 id=1c
[125000] SLAVE0 sent B resp, id=12
[135000] AXI S0_AWVALID_RDY HANDSHAKE
[135000] AXI S0_ARVALID_RDY HANDSHAKE
[135000] MEMORY READ MISS beat=0 addr=bc9c590 -> default data id=17
[135000] AXI S0_ARVALID_RDY HANDSHAKE
[135000] MEMORY READ MISS beat=0 addr=1725e0f8 -> default data id=2
[135000] [SLAVE MONITOR] mst_id=1 s_id=0 awaddr=61b84b8 awid=1100 awlen=5 awsize=4 awburst=0 wdata=[ba2cb881ed2fa687 e8081d2dba5de318 c098afb23f3e8591 ac6e2c18fe4191c0 389f74d9fac56833 ba03edc494764945 ] wstrb=[8b 6 dd be df 22 ] bresp=0 bid=11100
[135000] ARB MONITOR: slave=0 m0_req=1 m1_req=0 winner=0
[135000] ARB MONITOR: slave=0 m0_req=0 m1_req=1 winner=1
[135000] ARB MONITOR: slave=1 m0_req=1 m1_req=0 winner=0
[145000] MASTER 1 RECEIVED BRESP. BRESP=0
[145000] [MASTER DRIVER] mst_id=1 s_id=0 awaddr=61b84b8 awid=1100 awlen=5 awsize=4 awburst=0 wdata=[ba2cb881ed2fa687 e8081d2dba5de318 c098afb23f3e8591 ac6e2c18fe4191c0 389f74d9fac56833 ba03edc494764945 ] wstrb=[8b 6 dd be df 22 ] bresp=0 bid=1100
[145000] MASTER 1 B_VALID_RDY Handshake
[145000] [MASTER MONITOR] mst_id=1 s_id=0 awaddr=61b84b8 awid=1100 awlen=5 awsize=4 awburst=0 wdata=[ba2cb881ed2fa687 e8081d2dba5de318 c098afb23f3e8591 ac6e2c18fe4191c0 389f74d9fac56833 ba03edc494764945 ] wstrb=[8b 6 dd be df 22 ] bresp=0 bid=1100
[145000] SLAVE 1 R_VALID_RDY Handshake beat=0 rlast=0
[145000] SLAVE 0 R_VALID_RDY Handshake beat=0 rlast=0
[145000] MEMORY READ MISS beat=1 addr=1725e100 -> default data id=2
[145000] MEMORY READ MISS beat=1 addr=bc9c598 -> default data id=17
[145000] AXI S0_WVALID_RDY HANDSHAKE
[145000] S0 MEMORY WRITE beat=0 addr=03bf1e20 data=bd05955d23476a3e id=05
[145000] SCOREBOARD MATCH: decode_err expected = 0, actual =0
[145000] SCOREBOARD MATCH: slave_id expected = 0, actual =0
[145000] SCOREBOARD MATCH: awaddr passthrough expected = 61b84b8, actual =61b84b8
[145000] SCOREBOARD MATCH: awlen passthrough expected = 5, actual =5
[145000] SCOREBOARD MATCH: awsize passthrough expected = 4, actual =4
[145000] SCOREBOARD MATCH: awburst passthrough expected = 0, actual =0
[145000] SCOREBOARD MATCH: wdata size check expected = 6, actual =6
[145000] SCOREBOARD MATCH: wdata passthrough beat=0 expected = ba2cb881ed2fa687, actual =ba2cb881ed2fa687
[145000] SCOREBOARD MATCH: wdata passthrough beat=1 expected = e8081d2dba5de318, actual =e8081d2dba5de318
[145000] SCOREBOARD MATCH: wdata passthrough beat=2 expected = c098afb23f3e8591, actual =c098afb23f3e8591
[145000] SCOREBOARD MATCH: wdata passthrough beat=3 expected = ac6e2c18fe4191c0, actual =ac6e2c18fe4191c0
[145000] SCOREBOARD MATCH: wdata passthrough beat=4 expected = 389f74d9fac56833, actual =389f74d9fac56833
[145000] SCOREBOARD MATCH: wdata passthrough beat=5 expected = ba03edc494764945, actual =ba03edc494764945
[145000] SCOREBOARD MATCH: wstrb size check expected = 6, actual =6
[145000] SCOREBOARD MATCH: wstrb passthrough beat=0 expected = 8b, actual =8b
[145000] SCOREBOARD MATCH: wstrb passthrough beat=1 expected = 6, actual =6
[145000] SCOREBOARD MATCH: wstrb passthrough beat=2 expected = dd, actual =dd
[145000] SCOREBOARD MATCH: wstrb passthrough beat=3 expected = be, actual =be
[145000] SCOREBOARD MATCH: wstrb passthrough beat=4 expected = df, actual =df
[145000] SCOREBOARD MATCH: wstrb passthrough beat=5 expected = 22, actual =22
[145000] SCOREBOARD MATCH: bresp passthrough expected = 0, actual =0
[145000] SCOREBOARD MATCH: response routed to correct master (write) expected = 1, actual =1
[145000] [SCOREBOARD-M] mst_id=1 s_id=0 awaddr=61b84b8 awid=1100 awlen=5 awsize=4 awburst=0 wdata=[ba2cb881ed2fa687 e8081d2dba5de318 c098afb23f3e8591 ac6e2c18fe4191c0 389f74d9fac56833 ba03edc494764945 ] wstrb=[8b 6 dd be df 22 ] bresp=0 bid=1100
[145000] [SCOREBOARD-S] mst_id=1 s_id=0 awaddr=61b84b8 awid=1100 awlen=5 awsize=4 awburst=0 wdata=[ba2cb881ed2fa687 e8081d2dba5de318 c098afb23f3e8591 ac6e2c18fe4191c0 389f74d9fac56833 ba03edc494764945 ] wstrb=[8b 6 dd be df 22 ] bresp=0 bid=11100
[145000] SCOREBOARD: Transaction 2 received. pass=36 fail=0
[145000] ALL PASS. Total transactions: 2
[155000] AXI S0_WVALID_RDY HANDSHAKE
[155000] S0 MEMORY WRITE beat=1 addr=03bf1ea0 data=f47992c5f595e4a3 id=05
[155000] SLAVE 0 R_VALID_RDY Handshake beat=1 rlast=1
[155000] [SLAVE MONITOR] READ mst_id=1 s_id=0 araddr=bc9c590 arid=1 arlen=1 arsize=3 arburst=1 rid=[1111] rresp=[00] rdata=[baadf00d12345678baadf00d12345678]
[155000] SLAVE 1 R_VALID_RDY Handshake beat=1 rlast=1
[155000] [SLAVE MONITOR] READ mst_id=0 s_id=1 araddr=1725e0f8 arid=2 arlen=1 arsize=3 arburst=1 rid=[22] rresp=[00] rdata=[baadf00d12345678baadf00d12345678]
[165000] MASTER 0 R_VALID_RDY Handshake beat=0 rlast=0
[165000] MASTER 1 R_VALID_RDY Handshake beat=0 rlast=0
[165000] AXI S0_WVALID_RDY HANDSHAKE
[165000] S0 MEMORY WRITE beat=2 addr=03bf1f20 data=3c0b68acba0d2b09 id=05
[175000] AXI S0_WVALID_RDY HANDSHAKE
[175000] S0 MEMORY WRITE beat=3 addr=03bf1fa0 data=dd549547d411d723 id=05
[175000] MASTER 1 R_VALID_RDY Handshake beat=1 rlast=1
[175000] [MASTER MONITOR] READ mst_id=1 s_id=0 araddr=bc9c590 arid=1 arlen=1 arsize=3 arburst=1 rid=[11] rresp=[00] rdata=[baadf00d12345678baadf00d12345678]
[175000] MASTER 0 R_VALID_RDY Handshake beat=1 rlast=1
[175000] [MASTER MONITOR] READ mst_id=0 s_id=1 araddr=1725e0f8 arid=2 arlen=1 arsize=3 arburst=1 rid=[22] rresp=[00] rdata=[baadf00d12345678baadf00d12345678]
[175000] [MASTER DRIVER] READ mst_id=0 s_id=0 araddr=1725e0f8 arid=2 arlen=1 arsize=3 arburst=1 rid=[22] rresp=[00] rdata=[baadf00d12345678baadf00d12345678]
[175000] [MASTER DRIVER] READ mst_id=1 s_id=0 araddr=bc9c590 arid=1 arlen=1 arsize=3 arburst=1 rid=[11] rresp=[00] rdata=[baadf00d12345678baadf00d12345678]
[175000] SCOREBOARD MATCH: decode_err expected = 0, actual =0
[175000] SCOREBOARD MATCH: slave_id expected = 0, actual =0
[175000] SCOREBOARD MATCH: araddr passthrough expected = bc9c590, actual =bc9c590
[175000] SCOREBOARD MATCH: arlen passthrough expected = 1, actual =1
[175000] SCOREBOARD MATCH: arsize passthrough expected = 3, actual =3
[175000] SCOREBOARD MATCH: arburst passthrough expected = 1, actual =1
[175000] SCOREBOARD MATCH: rdata size check expected = 2, actual =2
[175000] SCOREBOARD MATCH: rdata passthrough beat=0 expected = baadf00d12345678, actual =baadf00d12345678
[175000] SCOREBOARD MATCH: rdata passthrough beat=1 expected = baadf00d12345678, actual =baadf00d12345678
[175000] SCOREBOARD MATCH: rresp size check expected = 2, actual =2
[175000] SCOREBOARD MATCH: rresp passthrough beat=0 expected = 0, actual =0
[175000] SCOREBOARD MATCH: rresp passthrough beat=1 expected = 0, actual =0
[175000] SCOREBOARD MATCH: response routed to correct master (read beat 0) expected = 1, actual =1
[175000] SCOREBOARD MATCH: response routed to correct master (read beat 1) expected = 1, actual =1
[175000] [SCOREBOARD-M] READ mst_id=1 s_id=0 araddr=bc9c590 arid=1 arlen=1 arsize=3 arburst=1 rid=[11] rresp=[00] rdata=[baadf00d12345678baadf00d12345678]
[175000] [SCOREBOARD-S] READ mst_id=1 s_id=0 araddr=bc9c590 arid=1 arlen=1 arsize=3 arburst=1 rid=[1111] rresp=[00] rdata=[baadf00d12345678baadf00d12345678]
[175000] SCOREBOARD: Transaction 3 received. pass=50 fail=0
[175000] ALL PASS. Total transactions: 3
[175000] SCOREBOARD MATCH: decode_err expected = 0, actual =0
[175000] SCOREBOARD MATCH: slave_id expected = 1, actual =1
[175000] SCOREBOARD MATCH: araddr passthrough expected = 1725e0f8, actual =1725e0f8
[175000] SCOREBOARD MATCH: arlen passthrough expected = 1, actual =1
[175000] SCOREBOARD MATCH: arsize passthrough expected = 3, actual =3
[175000] SCOREBOARD MATCH: arburst passthrough expected = 1, actual =1
[175000] SCOREBOARD MATCH: rdata size check expected = 2, actual =2
[175000] SCOREBOARD MATCH: rdata passthrough beat=0 expected = baadf00d12345678, actual =baadf00d12345678
[175000] SCOREBOARD MATCH: rdata passthrough beat=1 expected = baadf00d12345678, actual =baadf00d12345678
[175000] SCOREBOARD MATCH: rresp size check expected = 2, actual =2
[175000] SCOREBOARD MATCH: rresp passthrough beat=0 expected = 0, actual =0
[175000] SCOREBOARD MATCH: rresp passthrough beat=1 expected = 0, actual =0
[175000] SCOREBOARD MATCH: response routed to correct master (read beat 0) expected = 0, actual =0
[175000] SCOREBOARD MATCH: response routed to correct master (read beat 1) expected = 0, actual =0
[175000] [SCOREBOARD-M] READ mst_id=0 s_id=1 araddr=1725e0f8 arid=2 arlen=1 arsize=3 arburst=1 rid=[22] rresp=[00] rdata=[baadf00d12345678baadf00d12345678]
[175000] [SCOREBOARD-S] READ mst_id=0 s_id=1 araddr=1725e0f8 arid=2 arlen=1 arsize=3 arburst=1 rid=[22] rresp=[00] rdata=[baadf00d12345678baadf00d12345678]
[175000] SCOREBOARD: Transaction 4 received. pass=64 fail=0
[175000] ALL PASS. Total transactions: 4
[185000] SLAVE0 sent B resp, id=5
[195000] [SLAVE MONITOR] mst_id=0 s_id=0 awaddr=3bf1e20 awid=101 awlen=3 awsize=7 awburst=2 wdata=[bd05955d23476a3e f47992c5f595e4a3 3c0b68acba0d2b09 dd549547d411d723 ] wstrb=[9 c6 c 13 ] bresp=0 bid=101
[205000] MASTER 0 RECEIVED BRESP. BRESP=0
[205000] [MASTER DRIVER] mst_id=0 s_id=0 awaddr=3bf1e20 awid=101 awlen=3 awsize=7 awburst=2 wdata=[bd05955d23476a3e f47992c5f595e4a3 3c0b68acba0d2b09 dd549547d411d723 ] wstrb=[9 c6 c 13 ] bresp=0 bid=101
[205000] MASTER 0 B_VALID_RDY Handshake
[205000] [MASTER MONITOR] mst_id=0 s_id=0 awaddr=3bf1e20 awid=101 awlen=3 awsize=7 awburst=2 wdata=[bd05955d23476a3e f47992c5f595e4a3 3c0b68acba0d2b09 dd549547d411d723 ] wstrb=[9 c6 c 13 ] bresp=0 bid=101
[205000] SCOREBOARD MATCH: decode_err expected = 0, actual =0
[205000] SCOREBOARD MATCH: slave_id expected = 0, actual =0
[205000] SCOREBOARD MATCH: awaddr passthrough expected = 3bf1e20, actual =3bf1e20
[205000] SCOREBOARD MATCH: awlen passthrough expected = 3, actual =3
[205000] SCOREBOARD MATCH: awsize passthrough expected = 7, actual =7
[205000] SCOREBOARD MATCH: awburst passthrough expected = 2, actual =2
[205000] SCOREBOARD MATCH: wdata size check expected = 4, actual =4
[205000] SCOREBOARD MATCH: wdata passthrough beat=0 expected = bd05955d23476a3e, actual =bd05955d23476a3e
[205000] SCOREBOARD MATCH: wdata passthrough beat=1 expected = f47992c5f595e4a3, actual =f47992c5f595e4a3
[205000] SCOREBOARD MATCH: wdata passthrough beat=2 expected = 3c0b68acba0d2b09, actual =3c0b68acba0d2b09
[205000] SCOREBOARD MATCH: wdata passthrough beat=3 expected = dd549547d411d723, actual =dd549547d411d723
[205000] SCOREBOARD MATCH: wstrb size check expected = 4, actual =4
[205000] SCOREBOARD MATCH: wstrb passthrough beat=0 expected = 9, actual =9
[205000] SCOREBOARD MATCH: wstrb passthrough beat=1 expected = c6, actual =c6
[205000] SCOREBOARD MATCH: wstrb passthrough beat=2 expected = c, actual =c
[205000] SCOREBOARD MATCH: wstrb passthrough beat=3 expected = 13, actual =13
[205000] SCOREBOARD MATCH: bresp passthrough expected = 0, actual =0
[205000] SCOREBOARD MATCH: response routed to correct master (write) expected = 0, actual =0
[205000] [SCOREBOARD-M] mst_id=0 s_id=0 awaddr=3bf1e20 awid=101 awlen=3 awsize=7 awburst=2 wdata=[bd05955d23476a3e f47992c5f595e4a3 3c0b68acba0d2b09 dd549547d411d723 ] wstrb=[9 c6 c 13 ] bresp=0 bid=101
[205000] [SCOREBOARD-S] mst_id=0 s_id=0 awaddr=3bf1e20 awid=101 awlen=3 awsize=7 awburst=2 wdata=[bd05955d23476a3e f47992c5f595e4a3 3c0b68acba0d2b09 dd549547d411d723 ] wstrb=[9 c6 c 13 ] bresp=0 bid=101
[205000] SCOREBOARD: Transaction 5 received. pass=82 fail=0
[205000] SCOREBOARD: Expected 5 transactions completed, PASS=82 FAIL=0
[205000] ALL PASS. Total transactions: 5
[205000] ALL TRANSACTIONS MONITORED
$finish called at time : 225 ns : File "/home/nashita/Desktop/practice/axi_xbar/tb/top/axi_tb_top.sv" Line 220
exit
INFO: xsimkernel Simulation Memory Usage: 289464 KB (Peak: 337864 KB), Simulation CPU Usage: 1230 ms
INFO: [Common 17-206] Exiting xsim at Thu Sep 10 18:36:30 2026...
