#-----------------------------------------------------------
# xsim v2025.2 (64-bit)
# SW Build 6299465 on Fri Nov 14 12:34:56 MST 2025
# IP Build 6300035 on Fri Nov 14 10:48:45 MST 2025
# SharedData Build 6298862 on Thu Nov 13 04:50:51 MST 2025
# Start of session at: Fri Sep 11 11:29:40 2026
# Process ID         : 665975
# Current directory  : /home/nashita/Desktop/practice/axi_xbar/sim
# Command line       : xsim -log regress_results/BT_run103.log -mode tcl -source {xsim.dir/tb_top_snap/xsim_script.tcl}
# Log file           : /home/nashita/Desktop/practice/axi_xbar/sim/regress_results/BT_run103.log
# Journal file       : /home/nashita/Desktop/practice/axi_xbar/sim/xsim.jou
# Running On         : vlsi-vivado
# Platform           : Ubuntu
# Operating System   : Ubuntu 24.04.4 LTS
# Processor Detail   : Intel(R) Core(TM) i5-10400 CPU @ 2.90GHz
# CPU Frequency      : 800.000 MHz
# CPU Physical cores : 6
# CPU Logical cores  : 12
# Host memory        : 41875 MB
# Swap memory        : 27648 MB
# Total Virtual      : 69524 MB
# Available Virtual  : 63186 MB
#-----------------------------------------------------------
source xsim.dir/tb_top_snap/xsim_script.tcl
# xsim {tb_top_snap} -testplusarg BT -autoloadwcfg -runall -sv_seed 104
Time resolution is 1 ps
run -all
[0] RUNNING BASE TEST
[0] INSIDE THE BASE TEST CONSTRUCTOR
[0] ENV: before agent
[0] SLAVE CONSTRUCTED
[0] MASTER MONITOR CONSTRUCTED
[0] MASTER MONITOR CONSTRUCTED
[0] SLAVE MONITOR CONSTRUCTED
[0] SLAVE MONITOR CONSTRUCTED
[0] ARB MONITOR CONSTRUCTED
GENERATOR CONSTRUCTED
[0] ENV: after agent
[0] ENV: before scoreboard
[0] ENV: after scoreboard
[15000] [SEQUENCER] mst_id=1 s_id=0 awaddr=da8d420 awid=1100 awlen=84 awsize=1 awburst=1 wdata=[c7d90c9fa3325b3e bd5f0ac4e9551a3d 3489ee88c61461c0 e946bcffb3142548 9c693f85fc62fb27 c2775ce8a6a5c7c3 d9b9ed0cd0f32e0d cd5629352bbe19e7 d263e1aaf6232c91 c7165a9f0fcd861d 3b8ba004ac1dceb6 2240fb48146c83d4 243a09f18def81ae 3a0d5065e95755e7 fdc3d9bbdfc5a9f5 edb52ba3dc4e4bad c5a5a19421fde3ac 1c38da1a7c27c08 8410c7b5c3697b4f e5675efbef78b944 173b354dc9b66949 8d1fe498e72aec9c d6a3a5e09b4bfd02 e502664cf2874393 d9b2302feddedb2d 92ad830f2224ae4 e4a98e783055d610 9e34b13dee2d3e7c e04f8960be5bbea7 eeb194b7a75f896d 958cc7e9c4f917d8 354d6800ce645f5 b445cf62f5dc514a bad56922f2066b37 feecb12cc9d2974c 3faee896be2a3fa2 3030aada3332808f fd0517dbfa8451b8 38ae915baf1d5c06 e24fdc953cb40071 b7385229e8df3c35 97fc983bdf54f470 9c08f4e1efe6e384 d8c61fb9fa4c74d1 d9a16941d341470b c3282a8ff0c2b7f5 eb0f2cc6f5aa5e23 c8eba52e1bee4a49 cb1023ec4b09607 ba5af42a8c13cfbd a8021a06f7c02f04 bc70c50b83469958 f5a6916b4b31c44 ac734b48f6cbb936 fa12528eb75c831c ec0f9f61e8e41054 dfafc98a896cbba4 c0c93ec19882eaa9 8166fafdd9c21c18 e32ed7bd2cd8de22 c55bc8cbe116c487 3ad8e0a023f8167e d0d0f4a0c6c2c3c9 a7d988501e07b85d c1ffcedb962cbd6b dcef8134e2b268f0 80ba214d12d0c37b a8fd80e604c90985 e77b7275c2b9f028 d58ab3a305ed021b ab60ba0e83593c3 aaef83ebfe88348a 47536a5f2317e15 da6711d8007a378f ff026c190f2b4245 815cc05a055695c4 5d0cd530377a2be 12a2e503dbc3d233 e11a67f704d3396c 84adc2a93ffa55d efc37790e6eb354a ebbe6eb61aedc12d aeed668ad0dddf87 b7c914d1f4094ae0 ef70c0d1eb0de1b ] wstrb=[87 a2 97 67 74 b2 74 fb 55 c 63 c9 be d7 c4 13 e3 27 dc a2 ff a1 b5 e2 c8 92 84 c7 33 3a aa fb cc 2e c3 ff 68 6d fa 34 9b bd 33 4 2a 2e 38 c6 eb 6c ca 16 9a 2 dc 85 6e a6 9b 8 a8 77 8e 17 1d 29 1f c6 a1 ad dd be d7 fc 84 78 aa 61 36 81 5e bb f9 8 1c ] bresp=0 bid=0
[15000] [SEQUENCER] READ mst_id=0 s_id=0 araddr=1c669048 arid=0 arlen=1 arsize=3 arburst=1 rid=[] rresp=[] rdata=[]
[15000] [SEQUENCER] mst_id=0 s_id=0 awaddr=1f30b6c8 awid=11 awlen=74 awsize=0 awburst=1 wdata=[c86502e8e2f789ec efb6aa9189a70578 d98d1c51e0a0dd4d c39867392e997980 b8407ef821f21f3a 292fc87b34f11ca e1e88b4a11cd9b4a 33bfba84c62b63c0 f97a758b1a290a43 2bf6a58d3652b70b fc7e1acbdb6300d5 f58c0b18dfb66011 1609171cf5f89056 d15b912ca182b0a5 813910b6928731e7 87fc23ec6e79c44 e86a4cea974227d2 29c959bad9db536a a0c2efaee9a35da0 e5857332491bf8 c246f62892d3c98 f2d09a392aaedf2d dcf7fb25ace75f10 36149ba9f3b61fac 1e64fed9e91c6a87 9603c99728e535e2 1c9b558efb5cf9fe e4796485cc186540 f4fd9b223b005467 365d4e65fa7d2e1c c695935d9198f0b0 cc9945171ad6b2ea 9553e106bb932e7f cd2c1f3082f6937c 9dcd4666dbe97463 177ca2e399c56447 1cbbf7c43321276d 8f0a9bd0e4a8c213 fe6e265aba893e2a edaa6597a6873eb3 8b3000c69b2a1e1e d5b35c49fcb50168 a33c401b099e2721 a4c8453fc35dc1e0 c012c3482e6c40e2 380a6803fa7ba188 3dd96369e34f0364 11bb4446dcd2ad42 d74e4ecbfdec26b1 e13b2a15c9c5ac49 a698598b1527b234 9313d8e5f2f66e5b bcbc1aa4fde6a856 930e5a8af44f02fb e7457156e3547430 e13b1c8626223370 1a71366b24018bfb 756002bf4497711 1a6baa8181b6a7c1 a5b833bce8911cb1 dcda93c234dce0ec b69388adad0e33e7 159f5099f7463e43 ac231f2fdc4bbc6a 8959f051f279e45b e9c0229fe2b6a7dd 3f0264479ef940ea 1173254695e341ce f899e9abc85c5498 e7559583fb3347e5 911689b3b79c4df2 fff8a28bf8c8bac9 f3fc02ae09b0735f c14cc151e74e380e e016f2d785128c61 ] wstrb=[dc c0 85 ea 12 e6 c1 ee a7 46 d9 b9 2d 9a a7 d4 e1 80 8d e 1b 34 e2 fc b5 6f a d0 a3 ec cc 58 5b d6 28 fe c2 f4 57 1d ca 7f 1b 8c 74 72 a9 3e f2 c5 cb 66 37 74 a4 29 39 6f 8f 71 e4 34 9a 1d a3 2a 8e 87 5e 29 a5 1 53 33 89 ] bresp=0 bid=0
[15000] [SEQUENCER] READ mst_id=1 s_id=0 araddr=f089a98 arid=1 arlen=1 arsize=3 arburst=1 rid=[] rresp=[] rdata=[]
[15000] [SEQUENCER] READ mst_id=1 s_id=0 araddr=1f2169c0 arid=2 arlen=1 arsize=3 arburst=1 rid=[] rresp=[] rdata=[]
[15000] MASTER_DRIVER1 received transaction, op=AXI_WRITE
[15000] MASTER_DRIVER0 received transaction, op=AXI_READ
[35000] MASTER 1 AW_VALID_RDY Handshake
[35000] MASTER_DRIVER0 received transaction, op=AXI_WRITE
[45000] ARB MONITOR: slave=0 m0_req=0 m1_req=1 winner=1
[45000] ARB MONITOR: slave=1 m0_req=1 m1_req=0 winner=0
[45000] AXI S0_ARVALID_RDY HANDSHAKE
[45000] MEMORY READ MISS beat=0 addr=1c669048 -> default data id=0
[45000] AXI S0_AWVALID_RDY HANDSHAKE
[55000] MEMORY READ MISS beat=1 addr=1c669050 -> default data id=0
[55000] SLAVE 1 R_VALID_RDY Handshake beat=0 rlast=0
[55000] MASTER 1 W_VALID_RDY Handshake beat=0 wlast=0
[55000] MASTER 0 AW_VALID_RDY Handshake
[65000] MASTER 1 W_VALID_RDY Handshake beat=1 wlast=0
[65000] ARB MONITOR: slave=1 m0_req=1 m1_req=0 winner=0
[65000] SLAVE 1 R_VALID_RDY Handshake beat=1 rlast=1
[65000] [SLAVE MONITOR] READ mst_id=0 s_id=1 araddr=1c669048 arid=0 arlen=1 arsize=3 arburst=1 rid=[00] rresp=[00] rdata=[baadf00d12345678baadf00d12345678]
[65000] AXI S1_AWVALID_RDY HANDSHAKE
[65000] AXI S0_WVALID_RDY HANDSHAKE
[65000] S0 MEMORY WRITE beat=0 addr=0da8d420 data=c7d90c9fa3325b3e id=1c
[75000] AXI S0_WVALID_RDY HANDSHAKE
[75000] S0 MEMORY WRITE beat=1 addr=0da8d422 data=bd5f0ac4e9551a3d id=1c
[75000] MASTER 1 W_VALID_RDY Handshake beat=2 wlast=0
[75000] MASTER 0 R_VALID_RDY Handshake beat=0 rlast=0
[75000] MASTER 0 W_VALID_RDY Handshake beat=0 wlast=0
[85000] [MASTER DRIVER] READ mst_id=0 s_id=0 araddr=1c669048 arid=0 arlen=1 arsize=3 arburst=1 rid=[00] rresp=[00] rdata=[baadf00d12345678baadf00d12345678]
[85000] MASTER 0 W_VALID_RDY Handshake beat=1 wlast=0
[85000] MASTER 0 R_VALID_RDY Handshake beat=1 rlast=1
[85000] [MASTER MONITOR] READ mst_id=0 s_id=1 araddr=1c669048 arid=0 arlen=1 arsize=3 arburst=1 rid=[00] rresp=[00] rdata=[baadf00d12345678baadf00d12345678]
[85000] MASTER 1 W_VALID_RDY Handshake beat=3 wlast=0
[85000] S1 MEMORY WRITE beat=0 addr=1f30b6c8 data=c86502e8e2f789ec id=03
[85000] AXI S0_WVALID_RDY HANDSHAKE
[85000] S0 MEMORY WRITE beat=2 addr=0da8d424 data=3489ee88c61461c0 id=1c
[85000] SCOREBOARD MATCH: decode_err expected = 0, actual =0
[85000] SCOREBOARD MATCH: slave_id expected = 1, actual =1
[85000] SCOREBOARD MATCH: araddr passthrough expected = 1c669048, actual =1c669048
[85000] SCOREBOARD MATCH: arlen passthrough expected = 1, actual =1
[85000] SCOREBOARD MATCH: arsize passthrough expected = 3, actual =3
[85000] SCOREBOARD MATCH: arburst passthrough expected = 1, actual =1
[85000] SCOREBOARD MATCH: rdata size check expected = 2, actual =2
[85000] SCOREBOARD MATCH: rdata passthrough beat=0 expected = baadf00d12345678, actual =baadf00d12345678
[85000] SCOREBOARD MATCH: rdata passthrough beat=1 expected = baadf00d12345678, actual =baadf00d12345678
[85000] SCOREBOARD MATCH: rresp size check expected = 2, actual =2
[85000] SCOREBOARD MATCH: rresp passthrough beat=0 expected = 0, actual =0
[85000] SCOREBOARD MATCH: rresp passthrough beat=1 expected = 0, actual =0
[85000] SCOREBOARD MATCH: response routed to correct master (read beat 0) expected = 0, actual =0
[85000] SCOREBOARD MATCH: response routed to correct master (read beat 1) expected = 0, actual =0
[85000] [SCOREBOARD-M] READ mst_id=0 s_id=1 araddr=1c669048 arid=0 arlen=1 arsize=3 arburst=1 rid=[00] rresp=[00] rdata=[baadf00d12345678baadf00d12345678]
[85000] [SCOREBOARD-S] READ mst_id=0 s_id=1 araddr=1c669048 arid=0 arlen=1 arsize=3 arburst=1 rid=[00] rresp=[00] rdata=[baadf00d12345678baadf00d12345678]
[85000] SCOREBOARD: Transaction 1 received. pass=14 fail=0
[85000] ALL PASS. Total transactions: 1
[95000] AXI S0_WVALID_RDY HANDSHAKE
[95000] S0 MEMORY WRITE beat=3 addr=0da8d426 data=e946bcffb3142548 id=1c
[95000] S1 MEMORY WRITE beat=1 addr=1f30b6c9 data=efb6aa9189a70578 id=03
[95000] MASTER 1 W_VALID_RDY Handshake beat=4 wlast=0
[95000] MASTER 0 W_VALID_RDY Handshake beat=2 wlast=0
[105000] MASTER 0 W_VALID_RDY Handshake beat=3 wlast=0
[105000] MASTER 1 W_VALID_RDY Handshake beat=5 wlast=0
[105000] S1 MEMORY WRITE beat=2 addr=1f30b6ca data=d98d1c51e0a0dd4d id=03
[105000] AXI S0_WVALID_RDY HANDSHAKE
[105000] S0 MEMORY WRITE beat=4 addr=0da8d428 data=9c693f85fc62fb27 id=1c
[115000] AXI S0_WVALID_RDY HANDSHAKE
[115000] S0 MEMORY WRITE beat=5 addr=0da8d42a data=c2775ce8a6a5c7c3 id=1c
[115000] S1 MEMORY WRITE beat=3 addr=1f30b6cb data=c39867392e997980 id=03
[115000] MASTER 1 W_VALID_RDY Handshake beat=6 wlast=0
[115000] MASTER 0 W_VALID_RDY Handshake beat=4 wlast=0
[125000] MASTER 0 W_VALID_RDY Handshake beat=5 wlast=0
[125000] MASTER 1 W_VALID_RDY Handshake beat=7 wlast=0
[125000] S1 MEMORY WRITE beat=4 addr=1f30b6cc data=b8407ef821f21f3a id=03
[125000] AXI S0_WVALID_RDY HANDSHAKE
[125000] S0 MEMORY WRITE beat=6 addr=0da8d42c data=d9b9ed0cd0f32e0d id=1c
[135000] AXI S0_WVALID_RDY HANDSHAKE
[135000] S0 MEMORY WRITE beat=7 addr=0da8d42e data=cd5629352bbe19e7 id=1c
[135000] S1 MEMORY WRITE beat=5 addr=1f30b6cd data=0292fc87b34f11ca id=03
[135000] MASTER 1 W_VALID_RDY Handshake beat=8 wlast=0
[135000] MASTER 0 W_VALID_RDY Handshake beat=6 wlast=0
[145000] MASTER 0 W_VALID_RDY Handshake beat=7 wlast=0
[145000] MASTER 1 W_VALID_RDY Handshake beat=9 wlast=0
[145000] S1 MEMORY WRITE beat=6 addr=1f30b6ce data=e1e88b4a11cd9b4a id=03
[145000] AXI S0_WVALID_RDY HANDSHAKE
[145000] S0 MEMORY WRITE beat=8 addr=0da8d430 data=d263e1aaf6232c91 id=1c
[155000] AXI S0_WVALID_RDY HANDSHAKE
[155000] S0 MEMORY WRITE beat=9 addr=0da8d432 data=c7165a9f0fcd861d id=1c
[155000] S1 MEMORY WRITE beat=7 addr=1f30b6cf data=33bfba84c62b63c0 id=03
[155000] MASTER 1 W_VALID_RDY Handshake beat=10 wlast=0
[155000] MASTER 0 W_VALID_RDY Handshake beat=8 wlast=0
[165000] MASTER 0 W_VALID_RDY Handshake beat=9 wlast=0
[165000] MASTER 1 W_VALID_RDY Handshake beat=11 wlast=0
[165000] S1 MEMORY WRITE beat=8 addr=1f30b6d0 data=f97a758b1a290a43 id=03
[165000] AXI S0_WVALID_RDY HANDSHAKE
[165000] S0 MEMORY WRITE beat=10 addr=0da8d434 data=3b8ba004ac1dceb6 id=1c
[175000] AXI S0_WVALID_RDY HANDSHAKE
[175000] S0 MEMORY WRITE beat=11 addr=0da8d436 data=2240fb48146c83d4 id=1c
[175000] S1 MEMORY WRITE beat=9 addr=1f30b6d1 data=2bf6a58d3652b70b id=03
[175000] MASTER 1 W_VALID_RDY Handshake beat=12 wlast=0
[175000] MASTER 0 W_VALID_RDY Handshake beat=10 wlast=0
[185000] MASTER 0 W_VALID_RDY Handshake beat=11 wlast=0
[185000] MASTER 1 W_VALID_RDY Handshake beat=13 wlast=0
[185000] S1 MEMORY WRITE beat=10 addr=1f30b6d2 data=fc7e1acbdb6300d5 id=03
[185000] AXI S0_WVALID_RDY HANDSHAKE
[185000] S0 MEMORY WRITE beat=12 addr=0da8d438 data=243a09f18def81ae id=1c
[195000] AXI S0_WVALID_RDY HANDSHAKE
[195000] S0 MEMORY WRITE beat=13 addr=0da8d43a data=3a0d5065e95755e7 id=1c
[195000] S1 MEMORY WRITE beat=11 addr=1f30b6d3 data=f58c0b18dfb66011 id=03
[195000] MASTER 1 W_VALID_RDY Handshake beat=14 wlast=0
[195000] MASTER 0 W_VALID_RDY Handshake beat=12 wlast=0
[205000] MASTER 0 W_VALID_RDY Handshake beat=13 wlast=0
[205000] MASTER 1 W_VALID_RDY Handshake beat=15 wlast=0
[205000] S1 MEMORY WRITE beat=12 addr=1f30b6d4 data=1609171cf5f89056 id=03
[205000] AXI S0_WVALID_RDY HANDSHAKE
[205000] S0 MEMORY WRITE beat=14 addr=0da8d43c data=fdc3d9bbdfc5a9f5 id=1c
[215000] AXI S0_WVALID_RDY HANDSHAKE
[215000] S0 MEMORY WRITE beat=15 addr=0da8d43e data=edb52ba3dc4e4bad id=1c
[215000] S1 MEMORY WRITE beat=13 addr=1f30b6d5 data=d15b912ca182b0a5 id=03
[215000] MASTER 1 W_VALID_RDY Handshake beat=16 wlast=0
[215000] MASTER 0 W_VALID_RDY Handshake beat=14 wlast=0
[225000] MASTER 0 W_VALID_RDY Handshake beat=15 wlast=0
[225000] MASTER 1 W_VALID_RDY Handshake beat=17 wlast=0
[225000] S1 MEMORY WRITE beat=14 addr=1f30b6d6 data=813910b6928731e7 id=03
[225000] AXI S0_WVALID_RDY HANDSHAKE
[225000] S0 MEMORY WRITE beat=16 addr=0da8d440 data=c5a5a19421fde3ac id=1c
[235000] AXI S0_WVALID_RDY HANDSHAKE
[235000] S0 MEMORY WRITE beat=17 addr=0da8d442 data=01c38da1a7c27c08 id=1c
[235000] S1 MEMORY WRITE beat=15 addr=1f30b6d7 data=087fc23ec6e79c44 id=03
[235000] MASTER 1 W_VALID_RDY Handshake beat=18 wlast=0
[235000] MASTER 0 W_VALID_RDY Handshake beat=16 wlast=0
[245000] MASTER 0 W_VALID_RDY Handshake beat=17 wlast=0
[245000] MASTER 1 W_VALID_RDY Handshake beat=19 wlast=0
[245000] S1 MEMORY WRITE beat=16 addr=1f30b6d8 data=e86a4cea974227d2 id=03
[245000] AXI S0_WVALID_RDY HANDSHAKE
[245000] S0 MEMORY WRITE beat=18 addr=0da8d444 data=8410c7b5c3697b4f id=1c
[255000] AXI S0_WVALID_RDY HANDSHAKE
[255000] S0 MEMORY WRITE beat=19 addr=0da8d446 data=e5675efbef78b944 id=1c
[255000] S1 MEMORY WRITE beat=17 addr=1f30b6d9 data=29c959bad9db536a id=03
[255000] MASTER 1 W_VALID_RDY Handshake beat=20 wlast=0
[255000] MASTER 0 W_VALID_RDY Handshake beat=18 wlast=0
[265000] MASTER 0 W_VALID_RDY Handshake beat=19 wlast=0
[265000] MASTER 1 W_VALID_RDY Handshake beat=21 wlast=0
[265000] S1 MEMORY WRITE beat=18 addr=1f30b6da data=a0c2efaee9a35da0 id=03
[265000] AXI S0_WVALID_RDY HANDSHAKE
[265000] S0 MEMORY WRITE beat=20 addr=0da8d448 data=173b354dc9b66949 id=1c
[275000] AXI S0_WVALID_RDY HANDSHAKE
[275000] S0 MEMORY WRITE beat=21 addr=0da8d44a data=8d1fe498e72aec9c id=1c
[275000] S1 MEMORY WRITE beat=19 addr=1f30b6db data=00e5857332491bf8 id=03
[275000] MASTER 1 W_VALID_RDY Handshake beat=22 wlast=0
[275000] MASTER 0 W_VALID_RDY Handshake beat=20 wlast=0
[285000] MASTER 0 W_VALID_RDY Handshake beat=21 wlast=0
[285000] MASTER 1 W_VALID_RDY Handshake beat=23 wlast=0
[285000] S1 MEMORY WRITE beat=20 addr=1f30b6dc data=0c246f62892d3c98 id=03
[285000] AXI S0_WVALID_RDY HANDSHAKE
[285000] S0 MEMORY WRITE beat=22 addr=0da8d44c data=d6a3a5e09b4bfd02 id=1c
[295000] AXI S0_WVALID_RDY HANDSHAKE
[295000] S0 MEMORY WRITE beat=23 addr=0da8d44e data=e502664cf2874393 id=1c
[295000] S1 MEMORY WRITE beat=21 addr=1f30b6dd data=f2d09a392aaedf2d id=03
[295000] MASTER 1 W_VALID_RDY Handshake beat=24 wlast=0
[295000] MASTER 0 W_VALID_RDY Handshake beat=22 wlast=0
[305000] MASTER 0 W_VALID_RDY Handshake beat=23 wlast=0
[305000] MASTER 1 W_VALID_RDY Handshake beat=25 wlast=0
[305000] S1 MEMORY WRITE beat=22 addr=1f30b6de data=dcf7fb25ace75f10 id=03
[305000] AXI S0_WVALID_RDY HANDSHAKE
[305000] S0 MEMORY WRITE beat=24 addr=0da8d450 data=d9b2302feddedb2d id=1c
[315000] AXI S0_WVALID_RDY HANDSHAKE
[315000] S0 MEMORY WRITE beat=25 addr=0da8d452 data=092ad830f2224ae4 id=1c
[315000] S1 MEMORY WRITE beat=23 addr=1f30b6df data=36149ba9f3b61fac id=03
[315000] MASTER 1 W_VALID_RDY Handshake beat=26 wlast=0
[315000] MASTER 0 W_VALID_RDY Handshake beat=24 wlast=0
[325000] MASTER 0 W_VALID_RDY Handshake beat=25 wlast=0
[325000] MASTER 1 W_VALID_RDY Handshake beat=27 wlast=0
[325000] S1 MEMORY WRITE beat=24 addr=1f30b6e0 data=1e64fed9e91c6a87 id=03
[325000] AXI S0_WVALID_RDY HANDSHAKE
[325000] S0 MEMORY WRITE beat=26 addr=0da8d454 data=e4a98e783055d610 id=1c
[335000] AXI S0_WVALID_RDY HANDSHAKE
[335000] S0 MEMORY WRITE beat=27 addr=0da8d456 data=9e34b13dee2d3e7c id=1c
[335000] S1 MEMORY WRITE beat=25 addr=1f30b6e1 data=9603c99728e535e2 id=03
[335000] MASTER 1 W_VALID_RDY Handshake beat=28 wlast=0
[335000] MASTER 0 W_VALID_RDY Handshake beat=26 wlast=0
[345000] MASTER 0 W_VALID_RDY Handshake beat=27 wlast=0
[345000] MASTER 1 W_VALID_RDY Handshake beat=29 wlast=0
[345000] S1 MEMORY WRITE beat=26 addr=1f30b6e2 data=1c9b558efb5cf9fe id=03
[345000] AXI S0_WVALID_RDY HANDSHAKE
[345000] S0 MEMORY WRITE beat=28 addr=0da8d458 data=e04f8960be5bbea7 id=1c
[355000] AXI S0_WVALID_RDY HANDSHAKE
[355000] S0 MEMORY WRITE beat=29 addr=0da8d45a data=eeb194b7a75f896d id=1c
[355000] S1 MEMORY WRITE beat=27 addr=1f30b6e3 data=e4796485cc186540 id=03
[355000] MASTER 1 W_VALID_RDY Handshake beat=30 wlast=0
[355000] MASTER 0 W_VALID_RDY Handshake beat=28 wlast=0
[365000] MASTER 0 W_VALID_RDY Handshake beat=29 wlast=0
[365000] MASTER 1 W_VALID_RDY Handshake beat=31 wlast=0
[365000] S1 MEMORY WRITE beat=28 addr=1f30b6e4 data=f4fd9b223b005467 id=03
[365000] AXI S0_WVALID_RDY HANDSHAKE
[365000] S0 MEMORY WRITE beat=30 addr=0da8d45c data=958cc7e9c4f917d8 id=1c
[375000] AXI S0_WVALID_RDY HANDSHAKE
[375000] S0 MEMORY WRITE beat=31 addr=0da8d45e data=0354d6800ce645f5 id=1c
[375000] S1 MEMORY WRITE beat=29 addr=1f30b6e5 data=365d4e65fa7d2e1c id=03
[375000] MASTER 1 W_VALID_RDY Handshake beat=32 wlast=0
[375000] MASTER 0 W_VALID_RDY Handshake beat=30 wlast=0
[385000] MASTER 0 W_VALID_RDY Handshake beat=31 wlast=0
[385000] MASTER 1 W_VALID_RDY Handshake beat=33 wlast=0
[385000] S1 MEMORY WRITE beat=30 addr=1f30b6e6 data=c695935d9198f0b0 id=03
[385000] AXI S0_WVALID_RDY HANDSHAKE
[385000] S0 MEMORY WRITE beat=32 addr=0da8d460 data=b445cf62f5dc514a id=1c
[395000] AXI S0_WVALID_RDY HANDSHAKE
[395000] S0 MEMORY WRITE beat=33 addr=0da8d462 data=bad56922f2066b37 id=1c
[395000] S1 MEMORY WRITE beat=31 addr=1f30b6e7 data=cc9945171ad6b2ea id=03
[395000] MASTER 1 W_VALID_RDY Handshake beat=34 wlast=0
[395000] MASTER 0 W_VALID_RDY Handshake beat=32 wlast=0
[405000] MASTER 0 W_VALID_RDY Handshake beat=33 wlast=0
[405000] MASTER 1 W_VALID_RDY Handshake beat=35 wlast=0
[405000] S1 MEMORY WRITE beat=32 addr=1f30b6e8 data=9553e106bb932e7f id=03
[405000] AXI S0_WVALID_RDY HANDSHAKE
[405000] S0 MEMORY WRITE beat=34 addr=0da8d464 data=feecb12cc9d2974c id=1c
[415000] AXI S0_WVALID_RDY HANDSHAKE
[415000] S0 MEMORY WRITE beat=35 addr=0da8d466 data=3faee896be2a3fa2 id=1c
[415000] S1 MEMORY WRITE beat=33 addr=1f30b6e9 data=cd2c1f3082f6937c id=03
[415000] MASTER 1 W_VALID_RDY Handshake beat=36 wlast=0
[415000] MASTER 0 W_VALID_RDY Handshake beat=34 wlast=0
[425000] MASTER 0 W_VALID_RDY Handshake beat=35 wlast=0
[425000] MASTER 1 W_VALID_RDY Handshake beat=37 wlast=0
[425000] S1 MEMORY WRITE beat=34 addr=1f30b6ea data=9dcd4666dbe97463 id=03
[425000] AXI S0_WVALID_RDY HANDSHAKE
[425000] S0 MEMORY WRITE beat=36 addr=0da8d468 data=3030aada3332808f id=1c
[435000] AXI S0_WVALID_RDY HANDSHAKE
[435000] S0 MEMORY WRITE beat=37 addr=0da8d46a data=fd0517dbfa8451b8 id=1c
[435000] S1 MEMORY WRITE beat=35 addr=1f30b6eb data=177ca2e399c56447 id=03
[435000] MASTER 1 W_VALID_RDY Handshake beat=38 wlast=0
[435000] MASTER 0 W_VALID_RDY Handshake beat=36 wlast=0
[445000] MASTER 0 W_VALID_RDY Handshake beat=37 wlast=0
[445000] MASTER 1 W_VALID_RDY Handshake beat=39 wlast=0
[445000] S1 MEMORY WRITE beat=36 addr=1f30b6ec data=1cbbf7c43321276d id=03
[445000] AXI S0_WVALID_RDY HANDSHAKE
[445000] S0 MEMORY WRITE beat=38 addr=0da8d46c data=38ae915baf1d5c06 id=1c
[455000] AXI S0_WVALID_RDY HANDSHAKE
[455000] S0 MEMORY WRITE beat=39 addr=0da8d46e data=e24fdc953cb40071 id=1c
[455000] S1 MEMORY WRITE beat=37 addr=1f30b6ed data=8f0a9bd0e4a8c213 id=03
[455000] MASTER 1 W_VALID_RDY Handshake beat=40 wlast=0
[455000] MASTER 0 W_VALID_RDY Handshake beat=38 wlast=0
[465000] MASTER 0 W_VALID_RDY Handshake beat=39 wlast=0
[465000] MASTER 1 W_VALID_RDY Handshake beat=41 wlast=0
[465000] S1 MEMORY WRITE beat=38 addr=1f30b6ee data=fe6e265aba893e2a id=03
[465000] AXI S0_WVALID_RDY HANDSHAKE
[465000] S0 MEMORY WRITE beat=40 addr=0da8d470 data=b7385229e8df3c35 id=1c
[475000] AXI S0_WVALID_RDY HANDSHAKE
[475000] S0 MEMORY WRITE beat=41 addr=0da8d472 data=97fc983bdf54f470 id=1c
[475000] S1 MEMORY WRITE beat=39 addr=1f30b6ef data=edaa6597a6873eb3 id=03
[475000] MASTER 1 W_VALID_RDY Handshake beat=42 wlast=0
[475000] MASTER 0 W_VALID_RDY Handshake beat=40 wlast=0
[485000] MASTER 0 W_VALID_RDY Handshake beat=41 wlast=0
[485000] MASTER 1 W_VALID_RDY Handshake beat=43 wlast=0
[485000] S1 MEMORY WRITE beat=40 addr=1f30b6f0 data=8b3000c69b2a1e1e id=03
[485000] AXI S0_WVALID_RDY HANDSHAKE
[485000] S0 MEMORY WRITE beat=42 addr=0da8d474 data=9c08f4e1efe6e384 id=1c
[495000] AXI S0_WVALID_RDY HANDSHAKE
[495000] S0 MEMORY WRITE beat=43 addr=0da8d476 data=d8c61fb9fa4c74d1 id=1c
[495000] S1 MEMORY WRITE beat=41 addr=1f30b6f1 data=d5b35c49fcb50168 id=03
[495000] MASTER 1 W_VALID_RDY Handshake beat=44 wlast=0
[495000] MASTER 0 W_VALID_RDY Handshake beat=42 wlast=0
[505000] MASTER 0 W_VALID_RDY Handshake beat=43 wlast=0
[505000] MASTER 1 W_VALID_RDY Handshake beat=45 wlast=0
[505000] S1 MEMORY WRITE beat=42 addr=1f30b6f2 data=a33c401b099e2721 id=03
[505000] AXI S0_WVALID_RDY HANDSHAKE
[505000] S0 MEMORY WRITE beat=44 addr=0da8d478 data=d9a16941d341470b id=1c
[515000] AXI S0_WVALID_RDY HANDSHAKE
[515000] S0 MEMORY WRITE beat=45 addr=0da8d47a data=c3282a8ff0c2b7f5 id=1c
[515000] S1 MEMORY WRITE beat=43 addr=1f30b6f3 data=a4c8453fc35dc1e0 id=03
[515000] MASTER 1 W_VALID_RDY Handshake beat=46 wlast=0
[515000] MASTER 0 W_VALID_RDY Handshake beat=44 wlast=0
[525000] MASTER 0 W_VALID_RDY Handshake beat=45 wlast=0
[525000] MASTER 1 W_VALID_RDY Handshake beat=47 wlast=0
[525000] S1 MEMORY WRITE beat=44 addr=1f30b6f4 data=c012c3482e6c40e2 id=03
[525000] AXI S0_WVALID_RDY HANDSHAKE
[525000] S0 MEMORY WRITE beat=46 addr=0da8d47c data=eb0f2cc6f5aa5e23 id=1c
[535000] AXI S0_WVALID_RDY HANDSHAKE
[535000] S0 MEMORY WRITE beat=47 addr=0da8d47e data=c8eba52e1bee4a49 id=1c
[535000] S1 MEMORY WRITE beat=45 addr=1f30b6f5 data=380a6803fa7ba188 id=03
[535000] MASTER 1 W_VALID_RDY Handshake beat=48 wlast=0
[535000] MASTER 0 W_VALID_RDY Handshake beat=46 wlast=0
[545000] MASTER 0 W_VALID_RDY Handshake beat=47 wlast=0
[545000] MASTER 1 W_VALID_RDY Handshake beat=49 wlast=0
[545000] S1 MEMORY WRITE beat=46 addr=1f30b6f6 data=3dd96369e34f0364 id=03
[545000] AXI S0_WVALID_RDY HANDSHAKE
[545000] S0 MEMORY WRITE beat=48 addr=0da8d480 data=0cb1023ec4b09607 id=1c
[555000] AXI S0_WVALID_RDY HANDSHAKE
[555000] S0 MEMORY WRITE beat=49 addr=0da8d482 data=ba5af42a8c13cfbd id=1c
[555000] S1 MEMORY WRITE beat=47 addr=1f30b6f7 data=11bb4446dcd2ad42 id=03
[555000] MASTER 1 W_VALID_RDY Handshake beat=50 wlast=0
[555000] MASTER 0 W_VALID_RDY Handshake beat=48 wlast=0
[565000] MASTER 0 W_VALID_RDY Handshake beat=49 wlast=0
[565000] MASTER 1 W_VALID_RDY Handshake beat=51 wlast=0
[565000] S1 MEMORY WRITE beat=48 addr=1f30b6f8 data=d74e4ecbfdec26b1 id=03
[565000] AXI S0_WVALID_RDY HANDSHAKE
[565000] S0 MEMORY WRITE beat=50 addr=0da8d484 data=a8021a06f7c02f04 id=1c
[575000] AXI S0_WVALID_RDY HANDSHAKE
[575000] S0 MEMORY WRITE beat=51 addr=0da8d486 data=bc70c50b83469958 id=1c
[575000] S1 MEMORY WRITE beat=49 addr=1f30b6f9 data=e13b2a15c9c5ac49 id=03
[575000] MASTER 1 W_VALID_RDY Handshake beat=52 wlast=0
[575000] MASTER 0 W_VALID_RDY Handshake beat=50 wlast=0
[585000] MASTER 0 W_VALID_RDY Handshake beat=51 wlast=0
[585000] MASTER 1 W_VALID_RDY Handshake beat=53 wlast=0
[585000] S1 MEMORY WRITE beat=50 addr=1f30b6fa data=a698598b1527b234 id=03
[585000] AXI S0_WVALID_RDY HANDSHAKE
[585000] S0 MEMORY WRITE beat=52 addr=0da8d488 data=0f5a6916b4b31c44 id=1c
[595000] AXI S0_WVALID_RDY HANDSHAKE
[595000] S0 MEMORY WRITE beat=53 addr=0da8d48a data=ac734b48f6cbb936 id=1c
[595000] S1 MEMORY WRITE beat=51 addr=1f30b6fb data=9313d8e5f2f66e5b id=03
[595000] MASTER 1 W_VALID_RDY Handshake beat=54 wlast=0
[595000] MASTER 0 W_VALID_RDY Handshake beat=52 wlast=0
[605000] MASTER 0 W_VALID_RDY Handshake beat=53 wlast=0
[605000] MASTER 1 W_VALID_RDY Handshake beat=55 wlast=0
[605000] S1 MEMORY WRITE beat=52 addr=1f30b6fc data=bcbc1aa4fde6a856 id=03
[605000] AXI S0_WVALID_RDY HANDSHAKE
[605000] S0 MEMORY WRITE beat=54 addr=0da8d48c data=fa12528eb75c831c id=1c
[615000] AXI S0_WVALID_RDY HANDSHAKE
[615000] S0 MEMORY WRITE beat=55 addr=0da8d48e data=ec0f9f61e8e41054 id=1c
[615000] S1 MEMORY WRITE beat=53 addr=1f30b6fd data=930e5a8af44f02fb id=03
[615000] MASTER 1 W_VALID_RDY Handshake beat=56 wlast=0
[615000] MASTER 0 W_VALID_RDY Handshake beat=54 wlast=0
[625000] MASTER 0 W_VALID_RDY Handshake beat=55 wlast=0
[625000] MASTER 1 W_VALID_RDY Handshake beat=57 wlast=0
[625000] S1 MEMORY WRITE beat=54 addr=1f30b6fe data=e7457156e3547430 id=03
[625000] AXI S0_WVALID_RDY HANDSHAKE
[625000] S0 MEMORY WRITE beat=56 addr=0da8d490 data=dfafc98a896cbba4 id=1c
[635000] AXI S0_WVALID_RDY HANDSHAKE
[635000] S0 MEMORY WRITE beat=57 addr=0da8d492 data=c0c93ec19882eaa9 id=1c
[635000] S1 MEMORY WRITE beat=55 addr=1f30b6ff data=e13b1c8626223370 id=03
[635000] MASTER 1 W_VALID_RDY Handshake beat=58 wlast=0
[635000] MASTER 0 W_VALID_RDY Handshake beat=56 wlast=0
[645000] MASTER 0 W_VALID_RDY Handshake beat=57 wlast=0
[645000] MASTER 1 W_VALID_RDY Handshake beat=59 wlast=0
[645000] S1 MEMORY WRITE beat=56 addr=1f30b700 data=1a71366b24018bfb id=03
[645000] AXI S0_WVALID_RDY HANDSHAKE
[645000] S0 MEMORY WRITE beat=58 addr=0da8d494 data=8166fafdd9c21c18 id=1c
[655000] AXI S0_WVALID_RDY HANDSHAKE
[655000] S0 MEMORY WRITE beat=59 addr=0da8d496 data=e32ed7bd2cd8de22 id=1c
[655000] S1 MEMORY WRITE beat=57 addr=1f30b701 data=0756002bf4497711 id=03
[655000] MASTER 1 W_VALID_RDY Handshake beat=60 wlast=0
[655000] MASTER 0 W_VALID_RDY Handshake beat=58 wlast=0
[665000] MASTER 0 W_VALID_RDY Handshake beat=59 wlast=0
[665000] MASTER 1 W_VALID_RDY Handshake beat=61 wlast=0
[665000] S1 MEMORY WRITE beat=58 addr=1f30b702 data=1a6baa8181b6a7c1 id=03
[665000] AXI S0_WVALID_RDY HANDSHAKE
[665000] S0 MEMORY WRITE beat=60 addr=0da8d498 data=c55bc8cbe116c487 id=1c
[675000] AXI S0_WVALID_RDY HANDSHAKE
[675000] S0 MEMORY WRITE beat=61 addr=0da8d49a data=3ad8e0a023f8167e id=1c
[675000] S1 MEMORY WRITE beat=59 addr=1f30b703 data=a5b833bce8911cb1 id=03
[675000] MASTER 1 W_VALID_RDY Handshake beat=62 wlast=0
[675000] MASTER 0 W_VALID_RDY Handshake beat=60 wlast=0
[685000] MASTER 0 W_VALID_RDY Handshake beat=61 wlast=0
[685000] MASTER 1 W_VALID_RDY Handshake beat=63 wlast=0
[685000] S1 MEMORY WRITE beat=60 addr=1f30b704 data=dcda93c234dce0ec id=03
[685000] AXI S0_WVALID_RDY HANDSHAKE
[685000] S0 MEMORY WRITE beat=62 addr=0da8d49c data=d0d0f4a0c6c2c3c9 id=1c
[695000] AXI S0_WVALID_RDY HANDSHAKE
[695000] S0 MEMORY WRITE beat=63 addr=0da8d49e data=a7d988501e07b85d id=1c
[695000] S1 MEMORY WRITE beat=61 addr=1f30b705 data=b69388adad0e33e7 id=03
[695000] MASTER 1 W_VALID_RDY Handshake beat=64 wlast=0
[695000] MASTER 0 W_VALID_RDY Handshake beat=62 wlast=0
[705000] MASTER 0 W_VALID_RDY Handshake beat=63 wlast=0
[705000] MASTER 1 W_VALID_RDY Handshake beat=65 wlast=0
[705000] S1 MEMORY WRITE beat=62 addr=1f30b706 data=159f5099f7463e43 id=03
[705000] AXI S0_WVALID_RDY HANDSHAKE
[705000] S0 MEMORY WRITE beat=64 addr=0da8d4a0 data=c1ffcedb962cbd6b id=1c
[715000] AXI S0_WVALID_RDY HANDSHAKE
[715000] S0 MEMORY WRITE beat=65 addr=0da8d4a2 data=dcef8134e2b268f0 id=1c
[715000] S1 MEMORY WRITE beat=63 addr=1f30b707 data=ac231f2fdc4bbc6a id=03
[715000] MASTER 1 W_VALID_RDY Handshake beat=66 wlast=0
[715000] MASTER 0 W_VALID_RDY Handshake beat=64 wlast=0
[725000] MASTER 0 W_VALID_RDY Handshake beat=65 wlast=0
[725000] MASTER 1 W_VALID_RDY Handshake beat=67 wlast=0
[725000] S1 MEMORY WRITE beat=64 addr=1f30b708 data=8959f051f279e45b id=03
[725000] AXI S0_WVALID_RDY HANDSHAKE
[725000] S0 MEMORY WRITE beat=66 addr=0da8d4a4 data=80ba214d12d0c37b id=1c
[735000] AXI S0_WVALID_RDY HANDSHAKE
[735000] S0 MEMORY WRITE beat=67 addr=0da8d4a6 data=a8fd80e604c90985 id=1c
[735000] S1 MEMORY WRITE beat=65 addr=1f30b709 data=e9c0229fe2b6a7dd id=03
[735000] MASTER 1 W_VALID_RDY Handshake beat=68 wlast=0
[735000] MASTER 0 W_VALID_RDY Handshake beat=66 wlast=0
[745000] MASTER 0 W_VALID_RDY Handshake beat=67 wlast=0
[745000] MASTER 1 W_VALID_RDY Handshake beat=69 wlast=0
[745000] S1 MEMORY WRITE beat=66 addr=1f30b70a data=3f0264479ef940ea id=03
[745000] AXI S0_WVALID_RDY HANDSHAKE
[745000] S0 MEMORY WRITE beat=68 addr=0da8d4a8 data=e77b7275c2b9f028 id=1c
[755000] AXI S0_WVALID_RDY HANDSHAKE
[755000] S0 MEMORY WRITE beat=69 addr=0da8d4aa data=d58ab3a305ed021b id=1c
[755000] S1 MEMORY WRITE beat=67 addr=1f30b70b data=1173254695e341ce id=03
[755000] MASTER 1 W_VALID_RDY Handshake beat=70 wlast=0
[755000] MASTER 0 W_VALID_RDY Handshake beat=68 wlast=0
[765000] MASTER 0 W_VALID_RDY Handshake beat=69 wlast=0
[765000] MASTER 1 W_VALID_RDY Handshake beat=71 wlast=0
[765000] S1 MEMORY WRITE beat=68 addr=1f30b70c data=f899e9abc85c5498 id=03
[765000] AXI S0_WVALID_RDY HANDSHAKE
[765000] S0 MEMORY WRITE beat=70 addr=0da8d4ac data=0ab60ba0e83593c3 id=1c
[775000] AXI S0_WVALID_RDY HANDSHAKE
[775000] S0 MEMORY WRITE beat=71 addr=0da8d4ae data=aaef83ebfe88348a id=1c
[775000] S1 MEMORY WRITE beat=69 addr=1f30b70d data=e7559583fb3347e5 id=03
[775000] MASTER 1 W_VALID_RDY Handshake beat=72 wlast=0
[775000] MASTER 0 W_VALID_RDY Handshake beat=70 wlast=0
[785000] MASTER 0 W_VALID_RDY Handshake beat=71 wlast=0
[785000] MASTER 1 W_VALID_RDY Handshake beat=73 wlast=0
[785000] S1 MEMORY WRITE beat=70 addr=1f30b70e data=911689b3b79c4df2 id=03
[785000] AXI S0_WVALID_RDY HANDSHAKE
[785000] S0 MEMORY WRITE beat=72 addr=0da8d4b0 data=047536a5f2317e15 id=1c
[795000] AXI S0_WVALID_RDY HANDSHAKE
[795000] S0 MEMORY WRITE beat=73 addr=0da8d4b2 data=da6711d8007a378f id=1c
[795000] S1 MEMORY WRITE beat=71 addr=1f30b70f data=fff8a28bf8c8bac9 id=03
[795000] MASTER 1 W_VALID_RDY Handshake beat=74 wlast=0
[795000] MASTER 0 W_VALID_RDY Handshake beat=72 wlast=0
[805000] MASTER 0 W_VALID_RDY Handshake beat=73 wlast=0
[805000] MASTER 1 W_VALID_RDY Handshake beat=75 wlast=0
[805000] S1 MEMORY WRITE beat=72 addr=1f30b710 data=f3fc02ae09b0735f id=03
[805000] AXI S0_WVALID_RDY HANDSHAKE
[805000] S0 MEMORY WRITE beat=74 addr=0da8d4b4 data=ff026c190f2b4245 id=1c
[815000] AXI S0_WVALID_RDY HANDSHAKE
[815000] S0 MEMORY WRITE beat=75 addr=0da8d4b6 data=815cc05a055695c4 id=1c
[815000] S1 MEMORY WRITE beat=73 addr=1f30b711 data=c14cc151e74e380e id=03
[815000] MASTER 1 W_VALID_RDY Handshake beat=76 wlast=0
[815000] MASTER 0 W_VALID_RDY Handshake beat=74 wlast=1
[825000] MASTER 1 W_VALID_RDY Handshake beat=77 wlast=0
[825000] S1 MEMORY WRITE beat=74 addr=1f30b712 data=e016f2d785128c61 id=03
[825000] AXI S0_WVALID_RDY HANDSHAKE
[825000] S0 MEMORY WRITE beat=76 addr=0da8d4b8 data=05d0cd530377a2be id=1c
[835000] AXI S0_WVALID_RDY HANDSHAKE
[835000] S0 MEMORY WRITE beat=77 addr=0da8d4ba data=12a2e503dbc3d233 id=1c
[835000] SLAVE1 sent B resp, id=3
[835000] [SLAVE MONITOR] mst_id=0 s_id=1 awaddr=1f30b6c8 awid=11 awlen=74 awsize=0 awburst=1 wdata=[c86502e8e2f789ec efb6aa9189a70578 d98d1c51e0a0dd4d c39867392e997980 b8407ef821f21f3a 292fc87b34f11ca e1e88b4a11cd9b4a 33bfba84c62b63c0 f97a758b1a290a43 2bf6a58d3652b70b fc7e1acbdb6300d5 f58c0b18dfb66011 1609171cf5f89056 d15b912ca182b0a5 813910b6928731e7 87fc23ec6e79c44 e86a4cea974227d2 29c959bad9db536a a0c2efaee9a35da0 e5857332491bf8 c246f62892d3c98 f2d09a392aaedf2d dcf7fb25ace75f10 36149ba9f3b61fac 1e64fed9e91c6a87 9603c99728e535e2 1c9b558efb5cf9fe e4796485cc186540 f4fd9b223b005467 365d4e65fa7d2e1c c695935d9198f0b0 cc9945171ad6b2ea 9553e106bb932e7f cd2c1f3082f6937c 9dcd4666dbe97463 177ca2e399c56447 1cbbf7c43321276d 8f0a9bd0e4a8c213 fe6e265aba893e2a edaa6597a6873eb3 8b3000c69b2a1e1e d5b35c49fcb50168 a33c401b099e2721 a4c8453fc35dc1e0 c012c3482e6c40e2 380a6803fa7ba188 3dd96369e34f0364 11bb4446dcd2ad42 d74e4ecbfdec26b1 e13b2a15c9c5ac49 a698598b1527b234 9313d8e5f2f66e5b bcbc1aa4fde6a856 930e5a8af44f02fb e7457156e3547430 e13b1c8626223370 1a71366b24018bfb 756002bf4497711 1a6baa8181b6a7c1 a5b833bce8911cb1 dcda93c234dce0ec b69388adad0e33e7 159f5099f7463e43 ac231f2fdc4bbc6a 8959f051f279e45b e9c0229fe2b6a7dd 3f0264479ef940ea 1173254695e341ce f899e9abc85c5498 e7559583fb3347e5 911689b3b79c4df2 fff8a28bf8c8bac9 f3fc02ae09b0735f c14cc151e74e380e e016f2d785128c61 ] wstrb=[dc c0 85 ea 12 e6 c1 ee a7 46 d9 b9 2d 9a a7 d4 e1 80 8d e 1b 34 e2 fc b5 6f a d0 a3 ec cc 58 5b d6 28 fe c2 f4 57 1d ca 7f 1b 8c 74 72 a9 3e f2 c5 cb 66 37 74 a4 29 39 6f 8f 71 e4 34 9a 1d a3 2a 8e 87 5e 29 a5 1 53 33 89 ] bresp=0 bid=11
[835000] MASTER 1 W_VALID_RDY Handshake beat=78 wlast=0
[845000] MASTER 1 W_VALID_RDY Handshake beat=79 wlast=0
[845000] AXI S0_WVALID_RDY HANDSHAKE
[845000] S0 MEMORY WRITE beat=78 addr=0da8d4bc data=e11a67f704d3396c id=1c
[855000] AXI S0_WVALID_RDY HANDSHAKE
[855000] S0 MEMORY WRITE beat=79 addr=0da8d4be data=084adc2a93ffa55d id=1c
[855000] MASTER 1 W_VALID_RDY Handshake beat=80 wlast=0
[855000] MASTER 0 B_VALID_RDY Handshake
[855000] [MASTER MONITOR] mst_id=0 s_id=1 awaddr=1f30b6c8 awid=11 awlen=74 awsize=0 awburst=1 wdata=[c86502e8e2f789ec efb6aa9189a70578 d98d1c51e0a0dd4d c39867392e997980 b8407ef821f21f3a 292fc87b34f11ca e1e88b4a11cd9b4a 33bfba84c62b63c0 f97a758b1a290a43 2bf6a58d3652b70b fc7e1acbdb6300d5 f58c0b18dfb66011 1609171cf5f89056 d15b912ca182b0a5 813910b6928731e7 87fc23ec6e79c44 e86a4cea974227d2 29c959bad9db536a a0c2efaee9a35da0 e5857332491bf8 c246f62892d3c98 f2d09a392aaedf2d dcf7fb25ace75f10 36149ba9f3b61fac 1e64fed9e91c6a87 9603c99728e535e2 1c9b558efb5cf9fe e4796485cc186540 f4fd9b223b005467 365d4e65fa7d2e1c c695935d9198f0b0 cc9945171ad6b2ea 9553e106bb932e7f cd2c1f3082f6937c 9dcd4666dbe97463 177ca2e399c56447 1cbbf7c43321276d 8f0a9bd0e4a8c213 fe6e265aba893e2a edaa6597a6873eb3 8b3000c69b2a1e1e d5b35c49fcb50168 a33c401b099e2721 a4c8453fc35dc1e0 c012c3482e6c40e2 380a6803fa7ba188 3dd96369e34f0364 11bb4446dcd2ad42 d74e4ecbfdec26b1 e13b2a15c9c5ac49 a698598b1527b234 9313d8e5f2f66e5b bcbc1aa4fde6a856 930e5a8af44f02fb e7457156e3547430 e13b1c8626223370 1a71366b24018bfb 756002bf4497711 1a6baa8181b6a7c1 a5b833bce8911cb1 dcda93c234dce0ec b69388adad0e33e7 159f5099f7463e43 ac231f2fdc4bbc6a 8959f051f279e45b e9c0229fe2b6a7dd 3f0264479ef940ea 1173254695e341ce f899e9abc85c5498 e7559583fb3347e5 911689b3b79c4df2 fff8a28bf8c8bac9 f3fc02ae09b0735f c14cc151e74e380e e016f2d785128c61 ] wstrb=[dc c0 85 ea 12 e6 c1 ee a7 46 d9 b9 2d 9a a7 d4 e1 80 8d e 1b 34 e2 fc b5 6f a d0 a3 ec cc 58 5b d6 28 fe c2 f4 57 1d ca 7f 1b 8c 74 72 a9 3e f2 c5 cb 66 37 74 a4 29 39 6f 8f 71 e4 34 9a 1d a3 2a 8e 87 5e 29 a5 1 53 33 89 ] bresp=0 bid=11
[855000] MASTER 0 RECEIVED BRESP. BRESP=0
[855000] [MASTER DRIVER] mst_id=0 s_id=0 awaddr=1f30b6c8 awid=11 awlen=74 awsize=0 awburst=1 wdata=[c86502e8e2f789ec efb6aa9189a70578 d98d1c51e0a0dd4d c39867392e997980 b8407ef821f21f3a 292fc87b34f11ca e1e88b4a11cd9b4a 33bfba84c62b63c0 f97a758b1a290a43 2bf6a58d3652b70b fc7e1acbdb6300d5 f58c0b18dfb66011 1609171cf5f89056 d15b912ca182b0a5 813910b6928731e7 87fc23ec6e79c44 e86a4cea974227d2 29c959bad9db536a a0c2efaee9a35da0 e5857332491bf8 c246f62892d3c98 f2d09a392aaedf2d dcf7fb25ace75f10 36149ba9f3b61fac 1e64fed9e91c6a87 9603c99728e535e2 1c9b558efb5cf9fe e4796485cc186540 f4fd9b223b005467 365d4e65fa7d2e1c c695935d9198f0b0 cc9945171ad6b2ea 9553e106bb932e7f cd2c1f3082f6937c 9dcd4666dbe97463 177ca2e399c56447 1cbbf7c43321276d 8f0a9bd0e4a8c213 fe6e265aba893e2a edaa6597a6873eb3 8b3000c69b2a1e1e d5b35c49fcb50168 a33c401b099e2721 a4c8453fc35dc1e0 c012c3482e6c40e2 380a6803fa7ba188 3dd96369e34f0364 11bb4446dcd2ad42 d74e4ecbfdec26b1 e13b2a15c9c5ac49 a698598b1527b234 9313d8e5f2f66e5b bcbc1aa4fde6a856 930e5a8af44f02fb e7457156e3547430 e13b1c8626223370 1a71366b24018bfb 756002bf4497711 1a6baa8181b6a7c1 a5b833bce8911cb1 dcda93c234dce0ec b69388adad0e33e7 159f5099f7463e43 ac231f2fdc4bbc6a 8959f051f279e45b e9c0229fe2b6a7dd 3f0264479ef940ea 1173254695e341ce f899e9abc85c5498 e7559583fb3347e5 911689b3b79c4df2 fff8a28bf8c8bac9 f3fc02ae09b0735f c14cc151e74e380e e016f2d785128c61 ] wstrb=[dc c0 85 ea 12 e6 c1 ee a7 46 d9 b9 2d 9a a7 d4 e1 80 8d e 1b 34 e2 fc b5 6f a d0 a3 ec cc 58 5b d6 28 fe c2 f4 57 1d ca 7f 1b 8c 74 72 a9 3e f2 c5 cb 66 37 74 a4 29 39 6f 8f 71 e4 34 9a 1d a3 2a 8e 87 5e 29 a5 1 53 33 89 ] bresp=0 bid=11
[855000] SCOREBOARD MATCH: decode_err expected = 0, actual =0
[855000] SCOREBOARD MATCH: slave_id expected = 1, actual =1
[855000] SCOREBOARD MATCH: awaddr passthrough expected = 1f30b6c8, actual =1f30b6c8
[855000] SCOREBOARD MATCH: awlen passthrough expected = 74, actual =74
[855000] SCOREBOARD MATCH: awsize passthrough expected = 0, actual =0
[855000] SCOREBOARD MATCH: awburst passthrough expected = 1, actual =1
[855000] SCOREBOARD MATCH: wdata size check expected = 4b, actual =4b
[855000] SCOREBOARD MATCH: wdata passthrough beat=0 expected = c86502e8e2f789ec, actual =c86502e8e2f789ec
[855000] SCOREBOARD MATCH: wdata passthrough beat=1 expected = efb6aa9189a70578, actual =efb6aa9189a70578
[855000] SCOREBOARD MATCH: wdata passthrough beat=2 expected = d98d1c51e0a0dd4d, actual =d98d1c51e0a0dd4d
[855000] SCOREBOARD MATCH: wdata passthrough beat=3 expected = c39867392e997980, actual =c39867392e997980
[855000] SCOREBOARD MATCH: wdata passthrough beat=4 expected = b8407ef821f21f3a, actual =b8407ef821f21f3a
[855000] SCOREBOARD MATCH: wdata passthrough beat=5 expected = 292fc87b34f11ca, actual =292fc87b34f11ca
[855000] SCOREBOARD MATCH: wdata passthrough beat=6 expected = e1e88b4a11cd9b4a, actual =e1e88b4a11cd9b4a
[855000] SCOREBOARD MATCH: wdata passthrough beat=7 expected = 33bfba84c62b63c0, actual =33bfba84c62b63c0
[855000] SCOREBOARD MATCH: wdata passthrough beat=8 expected = f97a758b1a290a43, actual =f97a758b1a290a43
[855000] SCOREBOARD MATCH: wdata passthrough beat=9 expected = 2bf6a58d3652b70b, actual =2bf6a58d3652b70b
[855000] SCOREBOARD MATCH: wdata passthrough beat=10 expected = fc7e1acbdb6300d5, actual =fc7e1acbdb6300d5
[855000] SCOREBOARD MATCH: wdata passthrough beat=11 expected = f58c0b18dfb66011, actual =f58c0b18dfb66011
[855000] SCOREBOARD MATCH: wdata passthrough beat=12 expected = 1609171cf5f89056, actual =1609171cf5f89056
[855000] SCOREBOARD MATCH: wdata passthrough beat=13 expected = d15b912ca182b0a5, actual =d15b912ca182b0a5
[855000] SCOREBOARD MATCH: wdata passthrough beat=14 expected = 813910b6928731e7, actual =813910b6928731e7
[855000] SCOREBOARD MATCH: wdata passthrough beat=15 expected = 87fc23ec6e79c44, actual =87fc23ec6e79c44
[855000] SCOREBOARD MATCH: wdata passthrough beat=16 expected = e86a4cea974227d2, actual =e86a4cea974227d2
[855000] SCOREBOARD MATCH: wdata passthrough beat=17 expected = 29c959bad9db536a, actual =29c959bad9db536a
[855000] SCOREBOARD MATCH: wdata passthrough beat=18 expected = a0c2efaee9a35da0, actual =a0c2efaee9a35da0
[855000] SCOREBOARD MATCH: wdata passthrough beat=19 expected = e5857332491bf8, actual =e5857332491bf8
[855000] SCOREBOARD MATCH: wdata passthrough beat=20 expected = c246f62892d3c98, actual =c246f62892d3c98
[855000] SCOREBOARD MATCH: wdata passthrough beat=21 expected = f2d09a392aaedf2d, actual =f2d09a392aaedf2d
[855000] SCOREBOARD MATCH: wdata passthrough beat=22 expected = dcf7fb25ace75f10, actual =dcf7fb25ace75f10
[855000] SCOREBOARD MATCH: wdata passthrough beat=23 expected = 36149ba9f3b61fac, actual =36149ba9f3b61fac
[855000] SCOREBOARD MATCH: wdata passthrough beat=24 expected = 1e64fed9e91c6a87, actual =1e64fed9e91c6a87
[855000] SCOREBOARD MATCH: wdata passthrough beat=25 expected = 9603c99728e535e2, actual =9603c99728e535e2
[855000] SCOREBOARD MATCH: wdata passthrough beat=26 expected = 1c9b558efb5cf9fe, actual =1c9b558efb5cf9fe
[855000] SCOREBOARD MATCH: wdata passthrough beat=27 expected = e4796485cc186540, actual =e4796485cc186540
[855000] SCOREBOARD MATCH: wdata passthrough beat=28 expected = f4fd9b223b005467, actual =f4fd9b223b005467
[855000] SCOREBOARD MATCH: wdata passthrough beat=29 expected = 365d4e65fa7d2e1c, actual =365d4e65fa7d2e1c
[855000] SCOREBOARD MATCH: wdata passthrough beat=30 expected = c695935d9198f0b0, actual =c695935d9198f0b0
[855000] SCOREBOARD MATCH: wdata passthrough beat=31 expected = cc9945171ad6b2ea, actual =cc9945171ad6b2ea
[855000] SCOREBOARD MATCH: wdata passthrough beat=32 expected = 9553e106bb932e7f, actual =9553e106bb932e7f
[855000] SCOREBOARD MATCH: wdata passthrough beat=33 expected = cd2c1f3082f6937c, actual =cd2c1f3082f6937c
[855000] SCOREBOARD MATCH: wdata passthrough beat=34 expected = 9dcd4666dbe97463, actual =9dcd4666dbe97463
[855000] SCOREBOARD MATCH: wdata passthrough beat=35 expected = 177ca2e399c56447, actual =177ca2e399c56447
[855000] SCOREBOARD MATCH: wdata passthrough beat=36 expected = 1cbbf7c43321276d, actual =1cbbf7c43321276d
[855000] SCOREBOARD MATCH: wdata passthrough beat=37 expected = 8f0a9bd0e4a8c213, actual =8f0a9bd0e4a8c213
[855000] SCOREBOARD MATCH: wdata passthrough beat=38 expected = fe6e265aba893e2a, actual =fe6e265aba893e2a
[855000] SCOREBOARD MATCH: wdata passthrough beat=39 expected = edaa6597a6873eb3, actual =edaa6597a6873eb3
[855000] SCOREBOARD MATCH: wdata passthrough beat=40 expected = 8b3000c69b2a1e1e, actual =8b3000c69b2a1e1e
[855000] SCOREBOARD MATCH: wdata passthrough beat=41 expected = d5b35c49fcb50168, actual =d5b35c49fcb50168
[855000] SCOREBOARD MATCH: wdata passthrough beat=42 expected = a33c401b099e2721, actual =a33c401b099e2721
[855000] SCOREBOARD MATCH: wdata passthrough beat=43 expected = a4c8453fc35dc1e0, actual =a4c8453fc35dc1e0
[855000] SCOREBOARD MATCH: wdata passthrough beat=44 expected = c012c3482e6c40e2, actual =c012c3482e6c40e2
[855000] SCOREBOARD MATCH: wdata passthrough beat=45 expected = 380a6803fa7ba188, actual =380a6803fa7ba188
[855000] SCOREBOARD MATCH: wdata passthrough beat=46 expected = 3dd96369e34f0364, actual =3dd96369e34f0364
[855000] SCOREBOARD MATCH: wdata passthrough beat=47 expected = 11bb4446dcd2ad42, actual =11bb4446dcd2ad42
[855000] SCOREBOARD MATCH: wdata passthrough beat=48 expected = d74e4ecbfdec26b1, actual =d74e4ecbfdec26b1
[855000] SCOREBOARD MATCH: wdata passthrough beat=49 expected = e13b2a15c9c5ac49, actual =e13b2a15c9c5ac49
[855000] SCOREBOARD MATCH: wdata passthrough beat=50 expected = a698598b1527b234, actual =a698598b1527b234
[855000] SCOREBOARD MATCH: wdata passthrough beat=51 expected = 9313d8e5f2f66e5b, actual =9313d8e5f2f66e5b
[855000] SCOREBOARD MATCH: wdata passthrough beat=52 expected = bcbc1aa4fde6a856, actual =bcbc1aa4fde6a856
[855000] SCOREBOARD MATCH: wdata passthrough beat=53 expected = 930e5a8af44f02fb, actual =930e5a8af44f02fb
[855000] SCOREBOARD MATCH: wdata passthrough beat=54 expected = e7457156e3547430, actual =e7457156e3547430
[855000] SCOREBOARD MATCH: wdata passthrough beat=55 expected = e13b1c8626223370, actual =e13b1c8626223370
[855000] SCOREBOARD MATCH: wdata passthrough beat=56 expected = 1a71366b24018bfb, actual =1a71366b24018bfb
[855000] SCOREBOARD MATCH: wdata passthrough beat=57 expected = 756002bf4497711, actual =756002bf4497711
[855000] SCOREBOARD MATCH: wdata passthrough beat=58 expected = 1a6baa8181b6a7c1, actual =1a6baa8181b6a7c1
[855000] SCOREBOARD MATCH: wdata passthrough beat=59 expected = a5b833bce8911cb1, actual =a5b833bce8911cb1
[855000] SCOREBOARD MATCH: wdata passthrough beat=60 expected = dcda93c234dce0ec, actual =dcda93c234dce0ec
[855000] SCOREBOARD MATCH: wdata passthrough beat=61 expected = b69388adad0e33e7, actual =b69388adad0e33e7
[855000] SCOREBOARD MATCH: wdata passthrough beat=62 expected = 159f5099f7463e43, actual =159f5099f7463e43
[855000] SCOREBOARD MATCH: wdata passthrough beat=63 expected = ac231f2fdc4bbc6a, actual =ac231f2fdc4bbc6a
[855000] SCOREBOARD MATCH: wdata passthrough beat=64 expected = 8959f051f279e45b, actual =8959f051f279e45b
[855000] SCOREBOARD MATCH: wdata passthrough beat=65 expected = e9c0229fe2b6a7dd, actual =e9c0229fe2b6a7dd
[855000] SCOREBOARD MATCH: wdata passthrough beat=66 expected = 3f0264479ef940ea, actual =3f0264479ef940ea
[855000] SCOREBOARD MATCH: wdata passthrough beat=67 expected = 1173254695e341ce, actual =1173254695e341ce
[855000] SCOREBOARD MATCH: wdata passthrough beat=68 expected = f899e9abc85c5498, actual =f899e9abc85c5498
[855000] SCOREBOARD MATCH: wdata passthrough beat=69 expected = e7559583fb3347e5, actual =e7559583fb3347e5
[855000] SCOREBOARD MATCH: wdata passthrough beat=70 expected = 911689b3b79c4df2, actual =911689b3b79c4df2
[855000] SCOREBOARD MATCH: wdata passthrough beat=71 expected = fff8a28bf8c8bac9, actual =fff8a28bf8c8bac9
[855000] SCOREBOARD MATCH: wdata passthrough beat=72 expected = f3fc02ae09b0735f, actual =f3fc02ae09b0735f
[855000] SCOREBOARD MATCH: wdata passthrough beat=73 expected = c14cc151e74e380e, actual =c14cc151e74e380e
[855000] SCOREBOARD MATCH: wdata passthrough beat=74 expected = e016f2d785128c61, actual =e016f2d785128c61
[855000] SCOREBOARD MATCH: wstrb size check expected = 4b, actual =4b
[855000] SCOREBOARD MATCH: wstrb passthrough beat=0 expected = dc, actual =dc
[855000] SCOREBOARD MATCH: wstrb passthrough beat=1 expected = c0, actual =c0
[855000] SCOREBOARD MATCH: wstrb passthrough beat=2 expected = 85, actual =85
[855000] SCOREBOARD MATCH: wstrb passthrough beat=3 expected = ea, actual =ea
[855000] SCOREBOARD MATCH: wstrb passthrough beat=4 expected = 12, actual =12
[855000] SCOREBOARD MATCH: wstrb passthrough beat=5 expected = e6, actual =e6
[855000] SCOREBOARD MATCH: wstrb passthrough beat=6 expected = c1, actual =c1
[855000] SCOREBOARD MATCH: wstrb passthrough beat=7 expected = ee, actual =ee
[855000] SCOREBOARD MATCH: wstrb passthrough beat=8 expected = a7, actual =a7
[855000] SCOREBOARD MATCH: wstrb passthrough beat=9 expected = 46, actual =46
[855000] SCOREBOARD MATCH: wstrb passthrough beat=10 expected = d9, actual =d9
[855000] SCOREBOARD MATCH: wstrb passthrough beat=11 expected = b9, actual =b9
[855000] SCOREBOARD MATCH: wstrb passthrough beat=12 expected = 2d, actual =2d
[855000] SCOREBOARD MATCH: wstrb passthrough beat=13 expected = 9a, actual =9a
[855000] SCOREBOARD MATCH: wstrb passthrough beat=14 expected = a7, actual =a7
[855000] SCOREBOARD MATCH: wstrb passthrough beat=15 expected = d4, actual =d4
[855000] SCOREBOARD MATCH: wstrb passthrough beat=16 expected = e1, actual =e1
[855000] SCOREBOARD MATCH: wstrb passthrough beat=17 expected = 80, actual =80
[855000] SCOREBOARD MATCH: wstrb passthrough beat=18 expected = 8d, actual =8d
[855000] SCOREBOARD MATCH: wstrb passthrough beat=19 expected = e, actual =e
[855000] SCOREBOARD MATCH: wstrb passthrough beat=20 expected = 1b, actual =1b
[855000] SCOREBOARD MATCH: wstrb passthrough beat=21 expected = 34, actual =34
[855000] SCOREBOARD MATCH: wstrb passthrough beat=22 expected = e2, actual =e2
[855000] SCOREBOARD MATCH: wstrb passthrough beat=23 expected = fc, actual =fc
[855000] SCOREBOARD MATCH: wstrb passthrough beat=24 expected = b5, actual =b5
[855000] SCOREBOARD MATCH: wstrb passthrough beat=25 expected = 6f, actual =6f
[855000] SCOREBOARD MATCH: wstrb passthrough beat=26 expected = a, actual =a
[855000] SCOREBOARD MATCH: wstrb passthrough beat=27 expected = d0, actual =d0
[855000] SCOREBOARD MATCH: wstrb passthrough beat=28 expected = a3, actual =a3
[855000] SCOREBOARD MATCH: wstrb passthrough beat=29 expected = ec, actual =ec
[855000] SCOREBOARD MATCH: wstrb passthrough beat=30 expected = cc, actual =cc
[855000] SCOREBOARD MATCH: wstrb passthrough beat=31 expected = 58, actual =58
[855000] SCOREBOARD MATCH: wstrb passthrough beat=32 expected = 5b, actual =5b
[855000] SCOREBOARD MATCH: wstrb passthrough beat=33 expected = d6, actual =d6
[855000] SCOREBOARD MATCH: wstrb passthrough beat=34 expected = 28, actual =28
[855000] SCOREBOARD MATCH: wstrb passthrough beat=35 expected = fe, actual =fe
[855000] SCOREBOARD MATCH: wstrb passthrough beat=36 expected = c2, actual =c2
[855000] SCOREBOARD MATCH: wstrb passthrough beat=37 expected = f4, actual =f4
[855000] SCOREBOARD MATCH: wstrb passthrough beat=38 expected = 57, actual =57
[855000] SCOREBOARD MATCH: wstrb passthrough beat=39 expected = 1d, actual =1d
[855000] SCOREBOARD MATCH: wstrb passthrough beat=40 expected = ca, actual =ca
[855000] SCOREBOARD MATCH: wstrb passthrough beat=41 expected = 7f, actual =7f
[855000] SCOREBOARD MATCH: wstrb passthrough beat=42 expected = 1b, actual =1b
[855000] SCOREBOARD MATCH: wstrb passthrough beat=43 expected = 8c, actual =8c
[855000] SCOREBOARD MATCH: wstrb passthrough beat=44 expected = 74, actual =74
[855000] SCOREBOARD MATCH: wstrb passthrough beat=45 expected = 72, actual =72
[855000] SCOREBOARD MATCH: wstrb passthrough beat=46 expected = a9, actual =a9
[855000] SCOREBOARD MATCH: wstrb passthrough beat=47 expected = 3e, actual =3e
[855000] SCOREBOARD MATCH: wstrb passthrough beat=48 expected = f2, actual =f2
[855000] SCOREBOARD MATCH: wstrb passthrough beat=49 expected = c5, actual =c5
[855000] SCOREBOARD MATCH: wstrb passthrough beat=50 expected = cb, actual =cb
[855000] SCOREBOARD MATCH: wstrb passthrough beat=51 expected = 66, actual =66
[855000] SCOREBOARD MATCH: wstrb passthrough beat=52 expected = 37, actual =37
[855000] SCOREBOARD MATCH: wstrb passthrough beat=53 expected = 74, actual =74
[855000] SCOREBOARD MATCH: wstrb passthrough beat=54 expected = a4, actual =a4
[855000] SCOREBOARD MATCH: wstrb passthrough beat=55 expected = 29, actual =29
[855000] SCOREBOARD MATCH: wstrb passthrough beat=56 expected = 39, actual =39
[855000] SCOREBOARD MATCH: wstrb passthrough beat=57 expected = 6f, actual =6f
[855000] SCOREBOARD MATCH: wstrb passthrough beat=58 expected = 8f, actual =8f
[855000] SCOREBOARD MATCH: wstrb passthrough beat=59 expected = 71, actual =71
[855000] SCOREBOARD MATCH: wstrb passthrough beat=60 expected = e4, actual =e4
[855000] SCOREBOARD MATCH: wstrb passthrough beat=61 expected = 34, actual =34
[855000] SCOREBOARD MATCH: wstrb passthrough beat=62 expected = 9a, actual =9a
[855000] SCOREBOARD MATCH: wstrb passthrough beat=63 expected = 1d, actual =1d
[855000] SCOREBOARD MATCH: wstrb passthrough beat=64 expected = a3, actual =a3
[855000] SCOREBOARD MATCH: wstrb passthrough beat=65 expected = 2a, actual =2a
[855000] SCOREBOARD MATCH: wstrb passthrough beat=66 expected = 8e, actual =8e
[855000] SCOREBOARD MATCH: wstrb passthrough beat=67 expected = 87, actual =87
[855000] SCOREBOARD MATCH: wstrb passthrough beat=68 expected = 5e, actual =5e
[855000] SCOREBOARD MATCH: wstrb passthrough beat=69 expected = 29, actual =29
[855000] SCOREBOARD MATCH: wstrb passthrough beat=70 expected = a5, actual =a5
[855000] SCOREBOARD MATCH: wstrb passthrough beat=71 expected = 1, actual =1
[855000] SCOREBOARD MATCH: wstrb passthrough beat=72 expected = 53, actual =53
[855000] SCOREBOARD MATCH: wstrb passthrough beat=73 expected = 33, actual =33
[855000] SCOREBOARD MATCH: wstrb passthrough beat=74 expected = 89, actual =89
[855000] SCOREBOARD MATCH: bresp passthrough expected = 0, actual =0
[855000] SCOREBOARD MATCH: response routed to correct master (write) expected = 0, actual =0
[855000] [SCOREBOARD-M] mst_id=0 s_id=1 awaddr=1f30b6c8 awid=11 awlen=74 awsize=0 awburst=1 wdata=[c86502e8e2f789ec efb6aa9189a70578 d98d1c51e0a0dd4d c39867392e997980 b8407ef821f21f3a 292fc87b34f11ca e1e88b4a11cd9b4a 33bfba84c62b63c0 f97a758b1a290a43 2bf6a58d3652b70b fc7e1acbdb6300d5 f58c0b18dfb66011 1609171cf5f89056 d15b912ca182b0a5 813910b6928731e7 87fc23ec6e79c44 e86a4cea974227d2 29c959bad9db536a a0c2efaee9a35da0 e5857332491bf8 c246f62892d3c98 f2d09a392aaedf2d dcf7fb25ace75f10 36149ba9f3b61fac 1e64fed9e91c6a87 9603c99728e535e2 1c9b558efb5cf9fe e4796485cc186540 f4fd9b223b005467 365d4e65fa7d2e1c c695935d9198f0b0 cc9945171ad6b2ea 9553e106bb932e7f cd2c1f3082f6937c 9dcd4666dbe97463 177ca2e399c56447 1cbbf7c43321276d 8f0a9bd0e4a8c213 fe6e265aba893e2a edaa6597a6873eb3 8b3000c69b2a1e1e d5b35c49fcb50168 a33c401b099e2721 a4c8453fc35dc1e0 c012c3482e6c40e2 380a6803fa7ba188 3dd96369e34f0364 11bb4446dcd2ad42 d74e4ecbfdec26b1 e13b2a15c9c5ac49 a698598b1527b234 9313d8e5f2f66e5b bcbc1aa4fde6a856 930e5a8af44f02fb e7457156e3547430 e13b1c8626223370 1a71366b24018bfb 756002bf4497711 1a6baa8181b6a7c1 a5b833bce8911cb1 dcda93c234dce0ec b69388adad0e33e7 159f5099f7463e43 ac231f2fdc4bbc6a 8959f051f279e45b e9c0229fe2b6a7dd 3f0264479ef940ea 1173254695e341ce f899e9abc85c5498 e7559583fb3347e5 911689b3b79c4df2 fff8a28bf8c8bac9 f3fc02ae09b0735f c14cc151e74e380e e016f2d785128c61 ] wstrb=[dc c0 85 ea 12 e6 c1 ee a7 46 d9 b9 2d 9a a7 d4 e1 80 8d e 1b 34 e2 fc b5 6f a d0 a3 ec cc 58 5b d6 28 fe c2 f4 57 1d ca 7f 1b 8c 74 72 a9 3e f2 c5 cb 66 37 74 a4 29 39 6f 8f 71 e4 34 9a 1d a3 2a 8e 87 5e 29 a5 1 53 33 89 ] bresp=0 bid=11
[855000] [SCOREBOARD-S] mst_id=0 s_id=1 awaddr=1f30b6c8 awid=11 awlen=74 awsize=0 awburst=1 wdata=[c86502e8e2f789ec efb6aa9189a70578 d98d1c51e0a0dd4d c39867392e997980 b8407ef821f21f3a 292fc87b34f11ca e1e88b4a11cd9b4a 33bfba84c62b63c0 f97a758b1a290a43 2bf6a58d3652b70b fc7e1acbdb6300d5 f58c0b18dfb66011 1609171cf5f89056 d15b912ca182b0a5 813910b6928731e7 87fc23ec6e79c44 e86a4cea974227d2 29c959bad9db536a a0c2efaee9a35da0 e5857332491bf8 c246f62892d3c98 f2d09a392aaedf2d dcf7fb25ace75f10 36149ba9f3b61fac 1e64fed9e91c6a87 9603c99728e535e2 1c9b558efb5cf9fe e4796485cc186540 f4fd9b223b005467 365d4e65fa7d2e1c c695935d9198f0b0 cc9945171ad6b2ea 9553e106bb932e7f cd2c1f3082f6937c 9dcd4666dbe97463 177ca2e399c56447 1cbbf7c43321276d 8f0a9bd0e4a8c213 fe6e265aba893e2a edaa6597a6873eb3 8b3000c69b2a1e1e d5b35c49fcb50168 a33c401b099e2721 a4c8453fc35dc1e0 c012c3482e6c40e2 380a6803fa7ba188 3dd96369e34f0364 11bb4446dcd2ad42 d74e4ecbfdec26b1 e13b2a15c9c5ac49 a698598b1527b234 9313d8e5f2f66e5b bcbc1aa4fde6a856 930e5a8af44f02fb e7457156e3547430 e13b1c8626223370 1a71366b24018bfb 756002bf4497711 1a6baa8181b6a7c1 a5b833bce8911cb1 dcda93c234dce0ec b69388adad0e33e7 159f5099f7463e43 ac231f2fdc4bbc6a 8959f051f279e45b e9c0229fe2b6a7dd 3f0264479ef940ea 1173254695e341ce f899e9abc85c5498 e7559583fb3347e5 911689b3b79c4df2 fff8a28bf8c8bac9 f3fc02ae09b0735f c14cc151e74e380e e016f2d785128c61 ] wstrb=[dc c0 85 ea 12 e6 c1 ee a7 46 d9 b9 2d 9a a7 d4 e1 80 8d e 1b 34 e2 fc b5 6f a d0 a3 ec cc 58 5b d6 28 fe c2 f4 57 1d ca 7f 1b 8c 74 72 a9 3e f2 c5 cb 66 37 74 a4 29 39 6f 8f 71 e4 34 9a 1d a3 2a 8e 87 5e 29 a5 1 53 33 89 ] bresp=0 bid=11
[855000] SCOREBOARD: Transaction 2 received. pass=174 fail=0
[855000] ALL PASS. Total transactions: 2
[865000] MASTER 1 W_VALID_RDY Handshake beat=81 wlast=0
[865000] AXI S0_WVALID_RDY HANDSHAKE
[865000] S0 MEMORY WRITE beat=80 addr=0da8d4c0 data=efc37790e6eb354a id=1c
[875000] AXI S0_WVALID_RDY HANDSHAKE
[875000] S0 MEMORY WRITE beat=81 addr=0da8d4c2 data=ebbe6eb61aedc12d id=1c
[875000] MASTER 1 W_VALID_RDY Handshake beat=82 wlast=0
[885000] MASTER 1 W_VALID_RDY Handshake beat=83 wlast=0
[885000] AXI S0_WVALID_RDY HANDSHAKE
[885000] S0 MEMORY WRITE beat=82 addr=0da8d4c4 data=aeed668ad0dddf87 id=1c
[895000] AXI S0_WVALID_RDY HANDSHAKE
[895000] S0 MEMORY WRITE beat=83 addr=0da8d4c6 data=b7c914d1f4094ae0 id=1c
[895000] MASTER 1 W_VALID_RDY Handshake beat=84 wlast=1
[895000] MASTER_DRIVER1 received transaction, op=AXI_READ
[905000] AXI S0_WVALID_RDY HANDSHAKE
[905000] S0 MEMORY WRITE beat=84 addr=0da8d4c8 data=0ef70c0d1eb0de1b id=1c
[915000] SLAVE0 sent B resp, id=12
[915000] [SLAVE MONITOR] mst_id=1 s_id=0 awaddr=da8d420 awid=1100 awlen=84 awsize=1 awburst=1 wdata=[c7d90c9fa3325b3e bd5f0ac4e9551a3d 3489ee88c61461c0 e946bcffb3142548 9c693f85fc62fb27 c2775ce8a6a5c7c3 d9b9ed0cd0f32e0d cd5629352bbe19e7 d263e1aaf6232c91 c7165a9f0fcd861d 3b8ba004ac1dceb6 2240fb48146c83d4 243a09f18def81ae 3a0d5065e95755e7 fdc3d9bbdfc5a9f5 edb52ba3dc4e4bad c5a5a19421fde3ac 1c38da1a7c27c08 8410c7b5c3697b4f e5675efbef78b944 173b354dc9b66949 8d1fe498e72aec9c d6a3a5e09b4bfd02 e502664cf2874393 d9b2302feddedb2d 92ad830f2224ae4 e4a98e783055d610 9e34b13dee2d3e7c e04f8960be5bbea7 eeb194b7a75f896d 958cc7e9c4f917d8 354d6800ce645f5 b445cf62f5dc514a bad56922f2066b37 feecb12cc9d2974c 3faee896be2a3fa2 3030aada3332808f fd0517dbfa8451b8 38ae915baf1d5c06 e24fdc953cb40071 b7385229e8df3c35 97fc983bdf54f470 9c08f4e1efe6e384 d8c61fb9fa4c74d1 d9a16941d341470b c3282a8ff0c2b7f5 eb0f2cc6f5aa5e23 c8eba52e1bee4a49 cb1023ec4b09607 ba5af42a8c13cfbd a8021a06f7c02f04 bc70c50b83469958 f5a6916b4b31c44 ac734b48f6cbb936 fa12528eb75c831c ec0f9f61e8e41054 dfafc98a896cbba4 c0c93ec19882eaa9 8166fafdd9c21c18 e32ed7bd2cd8de22 c55bc8cbe116c487 3ad8e0a023f8167e d0d0f4a0c6c2c3c9 a7d988501e07b85d c1ffcedb962cbd6b dcef8134e2b268f0 80ba214d12d0c37b a8fd80e604c90985 e77b7275c2b9f028 d58ab3a305ed021b ab60ba0e83593c3 aaef83ebfe88348a 47536a5f2317e15 da6711d8007a378f ff026c190f2b4245 815cc05a055695c4 5d0cd530377a2be 12a2e503dbc3d233 e11a67f704d3396c 84adc2a93ffa55d efc37790e6eb354a ebbe6eb61aedc12d aeed668ad0dddf87 b7c914d1f4094ae0 ef70c0d1eb0de1b ] wstrb=[87 a2 97 67 74 b2 74 fb 55 c 63 c9 be d7 c4 13 e3 27 dc a2 ff a1 b5 e2 c8 92 84 c7 33 3a aa fb cc 2e c3 ff 68 6d fa 34 9b bd 33 4 2a 2e 38 c6 eb 6c ca 16 9a 2 dc 85 6e a6 9b 8 a8 77 8e 17 1d 29 1f c6 a1 ad dd be d7 fc 84 78 aa 61 36 81 5e bb f9 8 1c ] bresp=0 bid=11100
[915000] MASTER_DRIVER1 received transaction, op=AXI_READ
[925000] ARB MONITOR: slave=0 m0_req=0 m1_req=1 winner=1
[925000] AXI S0_ARVALID_RDY HANDSHAKE
[925000] MEMORY READ MISS beat=0 addr=f089a98 -> default data id=17
[935000] MEMORY READ MISS beat=1 addr=f089aa0 -> default data id=17
[935000] SLAVE 0 R_VALID_RDY Handshake beat=0 rlast=0
[935000] MASTER 1 B_VALID_RDY Handshake
[935000] [MASTER MONITOR] mst_id=1 s_id=0 awaddr=da8d420 awid=1100 awlen=84 awsize=1 awburst=1 wdata=[c7d90c9fa3325b3e bd5f0ac4e9551a3d 3489ee88c61461c0 e946bcffb3142548 9c693f85fc62fb27 c2775ce8a6a5c7c3 d9b9ed0cd0f32e0d cd5629352bbe19e7 d263e1aaf6232c91 c7165a9f0fcd861d 3b8ba004ac1dceb6 2240fb48146c83d4 243a09f18def81ae 3a0d5065e95755e7 fdc3d9bbdfc5a9f5 edb52ba3dc4e4bad c5a5a19421fde3ac 1c38da1a7c27c08 8410c7b5c3697b4f e5675efbef78b944 173b354dc9b66949 8d1fe498e72aec9c d6a3a5e09b4bfd02 e502664cf2874393 d9b2302feddedb2d 92ad830f2224ae4 e4a98e783055d610 9e34b13dee2d3e7c e04f8960be5bbea7 eeb194b7a75f896d 958cc7e9c4f917d8 354d6800ce645f5 b445cf62f5dc514a bad56922f2066b37 feecb12cc9d2974c 3faee896be2a3fa2 3030aada3332808f fd0517dbfa8451b8 38ae915baf1d5c06 e24fdc953cb40071 b7385229e8df3c35 97fc983bdf54f470 9c08f4e1efe6e384 d8c61fb9fa4c74d1 d9a16941d341470b c3282a8ff0c2b7f5 eb0f2cc6f5aa5e23 c8eba52e1bee4a49 cb1023ec4b09607 ba5af42a8c13cfbd a8021a06f7c02f04 bc70c50b83469958 f5a6916b4b31c44 ac734b48f6cbb936 fa12528eb75c831c ec0f9f61e8e41054 dfafc98a896cbba4 c0c93ec19882eaa9 8166fafdd9c21c18 e32ed7bd2cd8de22 c55bc8cbe116c487 3ad8e0a023f8167e d0d0f4a0c6c2c3c9 a7d988501e07b85d c1ffcedb962cbd6b dcef8134e2b268f0 80ba214d12d0c37b a8fd80e604c90985 e77b7275c2b9f028 d58ab3a305ed021b ab60ba0e83593c3 aaef83ebfe88348a 47536a5f2317e15 da6711d8007a378f ff026c190f2b4245 815cc05a055695c4 5d0cd530377a2be 12a2e503dbc3d233 e11a67f704d3396c 84adc2a93ffa55d efc37790e6eb354a ebbe6eb61aedc12d aeed668ad0dddf87 b7c914d1f4094ae0 ef70c0d1eb0de1b ] wstrb=[87 a2 97 67 74 b2 74 fb 55 c 63 c9 be d7 c4 13 e3 27 dc a2 ff a1 b5 e2 c8 92 84 c7 33 3a aa fb cc 2e c3 ff 68 6d fa 34 9b bd 33 4 2a 2e 38 c6 eb 6c ca 16 9a 2 dc 85 6e a6 9b 8 a8 77 8e 17 1d 29 1f c6 a1 ad dd be d7 fc 84 78 aa 61 36 81 5e bb f9 8 1c ] bresp=0 bid=1100
[935000] MASTER 1 RECEIVED BRESP. BRESP=0
[935000] [MASTER DRIVER] mst_id=1 s_id=0 awaddr=da8d420 awid=1100 awlen=84 awsize=1 awburst=1 wdata=[c7d90c9fa3325b3e bd5f0ac4e9551a3d 3489ee88c61461c0 e946bcffb3142548 9c693f85fc62fb27 c2775ce8a6a5c7c3 d9b9ed0cd0f32e0d cd5629352bbe19e7 d263e1aaf6232c91 c7165a9f0fcd861d 3b8ba004ac1dceb6 2240fb48146c83d4 243a09f18def81ae 3a0d5065e95755e7 fdc3d9bbdfc5a9f5 edb52ba3dc4e4bad c5a5a19421fde3ac 1c38da1a7c27c08 8410c7b5c3697b4f e5675efbef78b944 173b354dc9b66949 8d1fe498e72aec9c d6a3a5e09b4bfd02 e502664cf2874393 d9b2302feddedb2d 92ad830f2224ae4 e4a98e783055d610 9e34b13dee2d3e7c e04f8960be5bbea7 eeb194b7a75f896d 958cc7e9c4f917d8 354d6800ce645f5 b445cf62f5dc514a bad56922f2066b37 feecb12cc9d2974c 3faee896be2a3fa2 3030aada3332808f fd0517dbfa8451b8 38ae915baf1d5c06 e24fdc953cb40071 b7385229e8df3c35 97fc983bdf54f470 9c08f4e1efe6e384 d8c61fb9fa4c74d1 d9a16941d341470b c3282a8ff0c2b7f5 eb0f2cc6f5aa5e23 c8eba52e1bee4a49 cb1023ec4b09607 ba5af42a8c13cfbd a8021a06f7c02f04 bc70c50b83469958 f5a6916b4b31c44 ac734b48f6cbb936 fa12528eb75c831c ec0f9f61e8e41054 dfafc98a896cbba4 c0c93ec19882eaa9 8166fafdd9c21c18 e32ed7bd2cd8de22 c55bc8cbe116c487 3ad8e0a023f8167e d0d0f4a0c6c2c3c9 a7d988501e07b85d c1ffcedb962cbd6b dcef8134e2b268f0 80ba214d12d0c37b a8fd80e604c90985 e77b7275c2b9f028 d58ab3a305ed021b ab60ba0e83593c3 aaef83ebfe88348a 47536a5f2317e15 da6711d8007a378f ff026c190f2b4245 815cc05a055695c4 5d0cd530377a2be 12a2e503dbc3d233 e11a67f704d3396c 84adc2a93ffa55d efc37790e6eb354a ebbe6eb61aedc12d aeed668ad0dddf87 b7c914d1f4094ae0 ef70c0d1eb0de1b ] wstrb=[87 a2 97 67 74 b2 74 fb 55 c 63 c9 be d7 c4 13 e3 27 dc a2 ff a1 b5 e2 c8 92 84 c7 33 3a aa fb cc 2e c3 ff 68 6d fa 34 9b bd 33 4 2a 2e 38 c6 eb 6c ca 16 9a 2 dc 85 6e a6 9b 8 a8 77 8e 17 1d 29 1f c6 a1 ad dd be d7 fc 84 78 aa 61 36 81 5e bb f9 8 1c ] bresp=0 bid=1100
[935000] SCOREBOARD MATCH: decode_err expected = 0, actual =0
[935000] SCOREBOARD MATCH: slave_id expected = 0, actual =0
[935000] SCOREBOARD MATCH: awaddr passthrough expected = da8d420, actual =da8d420
[935000] SCOREBOARD MATCH: awlen passthrough expected = 84, actual =84
[935000] SCOREBOARD MATCH: awsize passthrough expected = 1, actual =1
[935000] SCOREBOARD MATCH: awburst passthrough expected = 1, actual =1
[935000] SCOREBOARD MATCH: wdata size check expected = 55, actual =55
[935000] SCOREBOARD MATCH: wdata passthrough beat=0 expected = c7d90c9fa3325b3e, actual =c7d90c9fa3325b3e
[935000] SCOREBOARD MATCH: wdata passthrough beat=1 expected = bd5f0ac4e9551a3d, actual =bd5f0ac4e9551a3d
[935000] SCOREBOARD MATCH: wdata passthrough beat=2 expected = 3489ee88c61461c0, actual =3489ee88c61461c0
[935000] SCOREBOARD MATCH: wdata passthrough beat=3 expected = e946bcffb3142548, actual =e946bcffb3142548
[935000] SCOREBOARD MATCH: wdata passthrough beat=4 expected = 9c693f85fc62fb27, actual =9c693f85fc62fb27
[935000] SCOREBOARD MATCH: wdata passthrough beat=5 expected = c2775ce8a6a5c7c3, actual =c2775ce8a6a5c7c3
[935000] SCOREBOARD MATCH: wdata passthrough beat=6 expected = d9b9ed0cd0f32e0d, actual =d9b9ed0cd0f32e0d
[935000] SCOREBOARD MATCH: wdata passthrough beat=7 expected = cd5629352bbe19e7, actual =cd5629352bbe19e7
[935000] SCOREBOARD MATCH: wdata passthrough beat=8 expected = d263e1aaf6232c91, actual =d263e1aaf6232c91
[935000] SCOREBOARD MATCH: wdata passthrough beat=9 expected = c7165a9f0fcd861d, actual =c7165a9f0fcd861d
[935000] SCOREBOARD MATCH: wdata passthrough beat=10 expected = 3b8ba004ac1dceb6, actual =3b8ba004ac1dceb6
[935000] SCOREBOARD MATCH: wdata passthrough beat=11 expected = 2240fb48146c83d4, actual =2240fb48146c83d4
[935000] SCOREBOARD MATCH: wdata passthrough beat=12 expected = 243a09f18def81ae, actual =243a09f18def81ae
[935000] SCOREBOARD MATCH: wdata passthrough beat=13 expected = 3a0d5065e95755e7, actual =3a0d5065e95755e7
[935000] SCOREBOARD MATCH: wdata passthrough beat=14 expected = fdc3d9bbdfc5a9f5, actual =fdc3d9bbdfc5a9f5
[935000] SCOREBOARD MATCH: wdata passthrough beat=15 expected = edb52ba3dc4e4bad, actual =edb52ba3dc4e4bad
[935000] SCOREBOARD MATCH: wdata passthrough beat=16 expected = c5a5a19421fde3ac, actual =c5a5a19421fde3ac
[935000] SCOREBOARD MATCH: wdata passthrough beat=17 expected = 1c38da1a7c27c08, actual =1c38da1a7c27c08
[935000] SCOREBOARD MATCH: wdata passthrough beat=18 expected = 8410c7b5c3697b4f, actual =8410c7b5c3697b4f
[935000] SCOREBOARD MATCH: wdata passthrough beat=19 expected = e5675efbef78b944, actual =e5675efbef78b944
[935000] SCOREBOARD MATCH: wdata passthrough beat=20 expected = 173b354dc9b66949, actual =173b354dc9b66949
[935000] SCOREBOARD MATCH: wdata passthrough beat=21 expected = 8d1fe498e72aec9c, actual =8d1fe498e72aec9c
[935000] SCOREBOARD MATCH: wdata passthrough beat=22 expected = d6a3a5e09b4bfd02, actual =d6a3a5e09b4bfd02
[935000] SCOREBOARD MATCH: wdata passthrough beat=23 expected = e502664cf2874393, actual =e502664cf2874393
[935000] SCOREBOARD MATCH: wdata passthrough beat=24 expected = d9b2302feddedb2d, actual =d9b2302feddedb2d
[935000] SCOREBOARD MATCH: wdata passthrough beat=25 expected = 92ad830f2224ae4, actual =92ad830f2224ae4
[935000] SCOREBOARD MATCH: wdata passthrough beat=26 expected = e4a98e783055d610, actual =e4a98e783055d610
[935000] SCOREBOARD MATCH: wdata passthrough beat=27 expected = 9e34b13dee2d3e7c, actual =9e34b13dee2d3e7c
[935000] SCOREBOARD MATCH: wdata passthrough beat=28 expected = e04f8960be5bbea7, actual =e04f8960be5bbea7
[935000] SCOREBOARD MATCH: wdata passthrough beat=29 expected = eeb194b7a75f896d, actual =eeb194b7a75f896d
[935000] SCOREBOARD MATCH: wdata passthrough beat=30 expected = 958cc7e9c4f917d8, actual =958cc7e9c4f917d8
[935000] SCOREBOARD MATCH: wdata passthrough beat=31 expected = 354d6800ce645f5, actual =354d6800ce645f5
[935000] SCOREBOARD MATCH: wdata passthrough beat=32 expected = b445cf62f5dc514a, actual =b445cf62f5dc514a
[935000] SCOREBOARD MATCH: wdata passthrough beat=33 expected = bad56922f2066b37, actual =bad56922f2066b37
[935000] SCOREBOARD MATCH: wdata passthrough beat=34 expected = feecb12cc9d2974c, actual =feecb12cc9d2974c
[935000] SCOREBOARD MATCH: wdata passthrough beat=35 expected = 3faee896be2a3fa2, actual =3faee896be2a3fa2
[935000] SCOREBOARD MATCH: wdata passthrough beat=36 expected = 3030aada3332808f, actual =3030aada3332808f
[935000] SCOREBOARD MATCH: wdata passthrough beat=37 expected = fd0517dbfa8451b8, actual =fd0517dbfa8451b8
[935000] SCOREBOARD MATCH: wdata passthrough beat=38 expected = 38ae915baf1d5c06, actual =38ae915baf1d5c06
[935000] SCOREBOARD MATCH: wdata passthrough beat=39 expected = e24fdc953cb40071, actual =e24fdc953cb40071
[935000] SCOREBOARD MATCH: wdata passthrough beat=40 expected = b7385229e8df3c35, actual =b7385229e8df3c35
[935000] SCOREBOARD MATCH: wdata passthrough beat=41 expected = 97fc983bdf54f470, actual =97fc983bdf54f470
[935000] SCOREBOARD MATCH: wdata passthrough beat=42 expected = 9c08f4e1efe6e384, actual =9c08f4e1efe6e384
[935000] SCOREBOARD MATCH: wdata passthrough beat=43 expected = d8c61fb9fa4c74d1, actual =d8c61fb9fa4c74d1
[935000] SCOREBOARD MATCH: wdata passthrough beat=44 expected = d9a16941d341470b, actual =d9a16941d341470b
[935000] SCOREBOARD MATCH: wdata passthrough beat=45 expected = c3282a8ff0c2b7f5, actual =c3282a8ff0c2b7f5
[935000] SCOREBOARD MATCH: wdata passthrough beat=46 expected = eb0f2cc6f5aa5e23, actual =eb0f2cc6f5aa5e23
[935000] SCOREBOARD MATCH: wdata passthrough beat=47 expected = c8eba52e1bee4a49, actual =c8eba52e1bee4a49
[935000] SCOREBOARD MATCH: wdata passthrough beat=48 expected = cb1023ec4b09607, actual =cb1023ec4b09607
[935000] SCOREBOARD MATCH: wdata passthrough beat=49 expected = ba5af42a8c13cfbd, actual =ba5af42a8c13cfbd
[935000] SCOREBOARD MATCH: wdata passthrough beat=50 expected = a8021a06f7c02f04, actual =a8021a06f7c02f04
[935000] SCOREBOARD MATCH: wdata passthrough beat=51 expected = bc70c50b83469958, actual =bc70c50b83469958
[935000] SCOREBOARD MATCH: wdata passthrough beat=52 expected = f5a6916b4b31c44, actual =f5a6916b4b31c44
[935000] SCOREBOARD MATCH: wdata passthrough beat=53 expected = ac734b48f6cbb936, actual =ac734b48f6cbb936
[935000] SCOREBOARD MATCH: wdata passthrough beat=54 expected = fa12528eb75c831c, actual =fa12528eb75c831c
[935000] SCOREBOARD MATCH: wdata passthrough beat=55 expected = ec0f9f61e8e41054, actual =ec0f9f61e8e41054
[935000] SCOREBOARD MATCH: wdata passthrough beat=56 expected = dfafc98a896cbba4, actual =dfafc98a896cbba4
[935000] SCOREBOARD MATCH: wdata passthrough beat=57 expected = c0c93ec19882eaa9, actual =c0c93ec19882eaa9
[935000] SCOREBOARD MATCH: wdata passthrough beat=58 expected = 8166fafdd9c21c18, actual =8166fafdd9c21c18
[935000] SCOREBOARD MATCH: wdata passthrough beat=59 expected = e32ed7bd2cd8de22, actual =e32ed7bd2cd8de22
[935000] SCOREBOARD MATCH: wdata passthrough beat=60 expected = c55bc8cbe116c487, actual =c55bc8cbe116c487
[935000] SCOREBOARD MATCH: wdata passthrough beat=61 expected = 3ad8e0a023f8167e, actual =3ad8e0a023f8167e
[935000] SCOREBOARD MATCH: wdata passthrough beat=62 expected = d0d0f4a0c6c2c3c9, actual =d0d0f4a0c6c2c3c9
[935000] SCOREBOARD MATCH: wdata passthrough beat=63 expected = a7d988501e07b85d, actual =a7d988501e07b85d
[935000] SCOREBOARD MATCH: wdata passthrough beat=64 expected = c1ffcedb962cbd6b, actual =c1ffcedb962cbd6b
[935000] SCOREBOARD MATCH: wdata passthrough beat=65 expected = dcef8134e2b268f0, actual =dcef8134e2b268f0
[935000] SCOREBOARD MATCH: wdata passthrough beat=66 expected = 80ba214d12d0c37b, actual =80ba214d12d0c37b
[935000] SCOREBOARD MATCH: wdata passthrough beat=67 expected = a8fd80e604c90985, actual =a8fd80e604c90985
[935000] SCOREBOARD MATCH: wdata passthrough beat=68 expected = e77b7275c2b9f028, actual =e77b7275c2b9f028
[935000] SCOREBOARD MATCH: wdata passthrough beat=69 expected = d58ab3a305ed021b, actual =d58ab3a305ed021b
[935000] SCOREBOARD MATCH: wdata passthrough beat=70 expected = ab60ba0e83593c3, actual =ab60ba0e83593c3
[935000] SCOREBOARD MATCH: wdata passthrough beat=71 expected = aaef83ebfe88348a, actual =aaef83ebfe88348a
[935000] SCOREBOARD MATCH: wdata passthrough beat=72 expected = 47536a5f2317e15, actual =47536a5f2317e15
[935000] SCOREBOARD MATCH: wdata passthrough beat=73 expected = da6711d8007a378f, actual =da6711d8007a378f
[935000] SCOREBOARD MATCH: wdata passthrough beat=74 expected = ff026c190f2b4245, actual =ff026c190f2b4245
[935000] SCOREBOARD MATCH: wdata passthrough beat=75 expected = 815cc05a055695c4, actual =815cc05a055695c4
[935000] SCOREBOARD MATCH: wdata passthrough beat=76 expected = 5d0cd530377a2be, actual =5d0cd530377a2be
[935000] SCOREBOARD MATCH: wdata passthrough beat=77 expected = 12a2e503dbc3d233, actual =12a2e503dbc3d233
[935000] SCOREBOARD MATCH: wdata passthrough beat=78 expected = e11a67f704d3396c, actual =e11a67f704d3396c
[935000] SCOREBOARD MATCH: wdata passthrough beat=79 expected = 84adc2a93ffa55d, actual =84adc2a93ffa55d
[935000] SCOREBOARD MATCH: wdata passthrough beat=80 expected = efc37790e6eb354a, actual =efc37790e6eb354a
[935000] SCOREBOARD MATCH: wdata passthrough beat=81 expected = ebbe6eb61aedc12d, actual =ebbe6eb61aedc12d
[935000] SCOREBOARD MATCH: wdata passthrough beat=82 expected = aeed668ad0dddf87, actual =aeed668ad0dddf87
[935000] SCOREBOARD MATCH: wdata passthrough beat=83 expected = b7c914d1f4094ae0, actual =b7c914d1f4094ae0
[935000] SCOREBOARD MATCH: wdata passthrough beat=84 expected = ef70c0d1eb0de1b, actual =ef70c0d1eb0de1b
[935000] SCOREBOARD MATCH: wstrb size check expected = 55, actual =55
[935000] SCOREBOARD MATCH: wstrb passthrough beat=0 expected = 87, actual =87
[935000] SCOREBOARD MATCH: wstrb passthrough beat=1 expected = a2, actual =a2
[935000] SCOREBOARD MATCH: wstrb passthrough beat=2 expected = 97, actual =97
[935000] SCOREBOARD MATCH: wstrb passthrough beat=3 expected = 67, actual =67
[935000] SCOREBOARD MATCH: wstrb passthrough beat=4 expected = 74, actual =74
[935000] SCOREBOARD MATCH: wstrb passthrough beat=5 expected = b2, actual =b2
[935000] SCOREBOARD MATCH: wstrb passthrough beat=6 expected = 74, actual =74
[935000] SCOREBOARD MATCH: wstrb passthrough beat=7 expected = fb, actual =fb
[935000] SCOREBOARD MATCH: wstrb passthrough beat=8 expected = 55, actual =55
[935000] SCOREBOARD MATCH: wstrb passthrough beat=9 expected = c, actual =c
[935000] SCOREBOARD MATCH: wstrb passthrough beat=10 expected = 63, actual =63
[935000] SCOREBOARD MATCH: wstrb passthrough beat=11 expected = c9, actual =c9
[935000] SCOREBOARD MATCH: wstrb passthrough beat=12 expected = be, actual =be
[935000] SCOREBOARD MATCH: wstrb passthrough beat=13 expected = d7, actual =d7
[935000] SCOREBOARD MATCH: wstrb passthrough beat=14 expected = c4, actual =c4
[935000] SCOREBOARD MATCH: wstrb passthrough beat=15 expected = 13, actual =13
[935000] SCOREBOARD MATCH: wstrb passthrough beat=16 expected = e3, actual =e3
[935000] SCOREBOARD MATCH: wstrb passthrough beat=17 expected = 27, actual =27
[935000] SCOREBOARD MATCH: wstrb passthrough beat=18 expected = dc, actual =dc
[935000] SCOREBOARD MATCH: wstrb passthrough beat=19 expected = a2, actual =a2
[935000] SCOREBOARD MATCH: wstrb passthrough beat=20 expected = ff, actual =ff
[935000] SCOREBOARD MATCH: wstrb passthrough beat=21 expected = a1, actual =a1
[935000] SCOREBOARD MATCH: wstrb passthrough beat=22 expected = b5, actual =b5
[935000] SCOREBOARD MATCH: wstrb passthrough beat=23 expected = e2, actual =e2
[935000] SCOREBOARD MATCH: wstrb passthrough beat=24 expected = c8, actual =c8
[935000] SCOREBOARD MATCH: wstrb passthrough beat=25 expected = 92, actual =92
[935000] SCOREBOARD MATCH: wstrb passthrough beat=26 expected = 84, actual =84
[935000] SCOREBOARD MATCH: wstrb passthrough beat=27 expected = c7, actual =c7
[935000] SCOREBOARD MATCH: wstrb passthrough beat=28 expected = 33, actual =33
[935000] SCOREBOARD MATCH: wstrb passthrough beat=29 expected = 3a, actual =3a
[935000] SCOREBOARD MATCH: wstrb passthrough beat=30 expected = aa, actual =aa
[935000] SCOREBOARD MATCH: wstrb passthrough beat=31 expected = fb, actual =fb
[935000] SCOREBOARD MATCH: wstrb passthrough beat=32 expected = cc, actual =cc
[935000] SCOREBOARD MATCH: wstrb passthrough beat=33 expected = 2e, actual =2e
[935000] SCOREBOARD MATCH: wstrb passthrough beat=34 expected = c3, actual =c3
[935000] SCOREBOARD MATCH: wstrb passthrough beat=35 expected = ff, actual =ff
[935000] SCOREBOARD MATCH: wstrb passthrough beat=36 expected = 68, actual =68
[935000] SCOREBOARD MATCH: wstrb passthrough beat=37 expected = 6d, actual =6d
[935000] SCOREBOARD MATCH: wstrb passthrough beat=38 expected = fa, actual =fa
[935000] SCOREBOARD MATCH: wstrb passthrough beat=39 expected = 34, actual =34
[935000] SCOREBOARD MATCH: wstrb passthrough beat=40 expected = 9b, actual =9b
[935000] SCOREBOARD MATCH: wstrb passthrough beat=41 expected = bd, actual =bd
[935000] SCOREBOARD MATCH: wstrb passthrough beat=42 expected = 33, actual =33
[935000] SCOREBOARD MATCH: wstrb passthrough beat=43 expected = 4, actual =4
[935000] SCOREBOARD MATCH: wstrb passthrough beat=44 expected = 2a, actual =2a
[935000] SCOREBOARD MATCH: wstrb passthrough beat=45 expected = 2e, actual =2e
[935000] SCOREBOARD MATCH: wstrb passthrough beat=46 expected = 38, actual =38
[935000] SCOREBOARD MATCH: wstrb passthrough beat=47 expected = c6, actual =c6
[935000] SCOREBOARD MATCH: wstrb passthrough beat=48 expected = eb, actual =eb
[935000] SCOREBOARD MATCH: wstrb passthrough beat=49 expected = 6c, actual =6c
[935000] SCOREBOARD MATCH: wstrb passthrough beat=50 expected = ca, actual =ca
[935000] SCOREBOARD MATCH: wstrb passthrough beat=51 expected = 16, actual =16
[935000] SCOREBOARD MATCH: wstrb passthrough beat=52 expected = 9a, actual =9a
[935000] SCOREBOARD MATCH: wstrb passthrough beat=53 expected = 2, actual =2
[935000] SCOREBOARD MATCH: wstrb passthrough beat=54 expected = dc, actual =dc
[935000] SCOREBOARD MATCH: wstrb passthrough beat=55 expected = 85, actual =85
[935000] SCOREBOARD MATCH: wstrb passthrough beat=56 expected = 6e, actual =6e
[935000] SCOREBOARD MATCH: wstrb passthrough beat=57 expected = a6, actual =a6
[935000] SCOREBOARD MATCH: wstrb passthrough beat=58 expected = 9b, actual =9b
[935000] SCOREBOARD MATCH: wstrb passthrough beat=59 expected = 8, actual =8
[935000] SCOREBOARD MATCH: wstrb passthrough beat=60 expected = a8, actual =a8
[935000] SCOREBOARD MATCH: wstrb passthrough beat=61 expected = 77, actual =77
[935000] SCOREBOARD MATCH: wstrb passthrough beat=62 expected = 8e, actual =8e
[935000] SCOREBOARD MATCH: wstrb passthrough beat=63 expected = 17, actual =17
[935000] SCOREBOARD MATCH: wstrb passthrough beat=64 expected = 1d, actual =1d
[935000] SCOREBOARD MATCH: wstrb passthrough beat=65 expected = 29, actual =29
[935000] SCOREBOARD MATCH: wstrb passthrough beat=66 expected = 1f, actual =1f
[935000] SCOREBOARD MATCH: wstrb passthrough beat=67 expected = c6, actual =c6
[935000] SCOREBOARD MATCH: wstrb passthrough beat=68 expected = a1, actual =a1
[935000] SCOREBOARD MATCH: wstrb passthrough beat=69 expected = ad, actual =ad
[935000] SCOREBOARD MATCH: wstrb passthrough beat=70 expected = dd, actual =dd
[935000] SCOREBOARD MATCH: wstrb passthrough beat=71 expected = be, actual =be
[935000] SCOREBOARD MATCH: wstrb passthrough beat=72 expected = d7, actual =d7
[935000] SCOREBOARD MATCH: wstrb passthrough beat=73 expected = fc, actual =fc
[935000] SCOREBOARD MATCH: wstrb passthrough beat=74 expected = 84, actual =84
[935000] SCOREBOARD MATCH: wstrb passthrough beat=75 expected = 78, actual =78
[935000] SCOREBOARD MATCH: wstrb passthrough beat=76 expected = aa, actual =aa
[935000] SCOREBOARD MATCH: wstrb passthrough beat=77 expected = 61, actual =61
[935000] SCOREBOARD MATCH: wstrb passthrough beat=78 expected = 36, actual =36
[935000] SCOREBOARD MATCH: wstrb passthrough beat=79 expected = 81, actual =81
[935000] SCOREBOARD MATCH: wstrb passthrough beat=80 expected = 5e, actual =5e
[935000] SCOREBOARD MATCH: wstrb passthrough beat=81 expected = bb, actual =bb
[935000] SCOREBOARD MATCH: wstrb passthrough beat=82 expected = f9, actual =f9
[935000] SCOREBOARD MATCH: wstrb passthrough beat=83 expected = 8, actual =8
[935000] SCOREBOARD MATCH: wstrb passthrough beat=84 expected = 1c, actual =1c
[935000] SCOREBOARD MATCH: bresp passthrough expected = 0, actual =0
[935000] SCOREBOARD MATCH: response routed to correct master (write) expected = 1, actual =1
[935000] [SCOREBOARD-M] mst_id=1 s_id=0 awaddr=da8d420 awid=1100 awlen=84 awsize=1 awburst=1 wdata=[c7d90c9fa3325b3e bd5f0ac4e9551a3d 3489ee88c61461c0 e946bcffb3142548 9c693f85fc62fb27 c2775ce8a6a5c7c3 d9b9ed0cd0f32e0d cd5629352bbe19e7 d263e1aaf6232c91 c7165a9f0fcd861d 3b8ba004ac1dceb6 2240fb48146c83d4 243a09f18def81ae 3a0d5065e95755e7 fdc3d9bbdfc5a9f5 edb52ba3dc4e4bad c5a5a19421fde3ac 1c38da1a7c27c08 8410c7b5c3697b4f e5675efbef78b944 173b354dc9b66949 8d1fe498e72aec9c d6a3a5e09b4bfd02 e502664cf2874393 d9b2302feddedb2d 92ad830f2224ae4 e4a98e783055d610 9e34b13dee2d3e7c e04f8960be5bbea7 eeb194b7a75f896d 958cc7e9c4f917d8 354d6800ce645f5 b445cf62f5dc514a bad56922f2066b37 feecb12cc9d2974c 3faee896be2a3fa2 3030aada3332808f fd0517dbfa8451b8 38ae915baf1d5c06 e24fdc953cb40071 b7385229e8df3c35 97fc983bdf54f470 9c08f4e1efe6e384 d8c61fb9fa4c74d1 d9a16941d341470b c3282a8ff0c2b7f5 eb0f2cc6f5aa5e23 c8eba52e1bee4a49 cb1023ec4b09607 ba5af42a8c13cfbd a8021a06f7c02f04 bc70c50b83469958 f5a6916b4b31c44 ac734b48f6cbb936 fa12528eb75c831c ec0f9f61e8e41054 dfafc98a896cbba4 c0c93ec19882eaa9 8166fafdd9c21c18 e32ed7bd2cd8de22 c55bc8cbe116c487 3ad8e0a023f8167e d0d0f4a0c6c2c3c9 a7d988501e07b85d c1ffcedb962cbd6b dcef8134e2b268f0 80ba214d12d0c37b a8fd80e604c90985 e77b7275c2b9f028 d58ab3a305ed021b ab60ba0e83593c3 aaef83ebfe88348a 47536a5f2317e15 da6711d8007a378f ff026c190f2b4245 815cc05a055695c4 5d0cd530377a2be 12a2e503dbc3d233 e11a67f704d3396c 84adc2a93ffa55d efc37790e6eb354a ebbe6eb61aedc12d aeed668ad0dddf87 b7c914d1f4094ae0 ef70c0d1eb0de1b ] wstrb=[87 a2 97 67 74 b2 74 fb 55 c 63 c9 be d7 c4 13 e3 27 dc a2 ff a1 b5 e2 c8 92 84 c7 33 3a aa fb cc 2e c3 ff 68 6d fa 34 9b bd 33 4 2a 2e 38 c6 eb 6c ca 16 9a 2 dc 85 6e a6 9b 8 a8 77 8e 17 1d 29 1f c6 a1 ad dd be d7 fc 84 78 aa 61 36 81 5e bb f9 8 1c ] bresp=0 bid=1100
[935000] [SCOREBOARD-S] mst_id=1 s_id=0 awaddr=da8d420 awid=1100 awlen=84 awsize=1 awburst=1 wdata=[c7d90c9fa3325b3e bd5f0ac4e9551a3d 3489ee88c61461c0 e946bcffb3142548 9c693f85fc62fb27 c2775ce8a6a5c7c3 d9b9ed0cd0f32e0d cd5629352bbe19e7 d263e1aaf6232c91 c7165a9f0fcd861d 3b8ba004ac1dceb6 2240fb48146c83d4 243a09f18def81ae 3a0d5065e95755e7 fdc3d9bbdfc5a9f5 edb52ba3dc4e4bad c5a5a19421fde3ac 1c38da1a7c27c08 8410c7b5c3697b4f e5675efbef78b944 173b354dc9b66949 8d1fe498e72aec9c d6a3a5e09b4bfd02 e502664cf2874393 d9b2302feddedb2d 92ad830f2224ae4 e4a98e783055d610 9e34b13dee2d3e7c e04f8960be5bbea7 eeb194b7a75f896d 958cc7e9c4f917d8 354d6800ce645f5 b445cf62f5dc514a bad56922f2066b37 feecb12cc9d2974c 3faee896be2a3fa2 3030aada3332808f fd0517dbfa8451b8 38ae915baf1d5c06 e24fdc953cb40071 b7385229e8df3c35 97fc983bdf54f470 9c08f4e1efe6e384 d8c61fb9fa4c74d1 d9a16941d341470b c3282a8ff0c2b7f5 eb0f2cc6f5aa5e23 c8eba52e1bee4a49 cb1023ec4b09607 ba5af42a8c13cfbd a8021a06f7c02f04 bc70c50b83469958 f5a6916b4b31c44 ac734b48f6cbb936 fa12528eb75c831c ec0f9f61e8e41054 dfafc98a896cbba4 c0c93ec19882eaa9 8166fafdd9c21c18 e32ed7bd2cd8de22 c55bc8cbe116c487 3ad8e0a023f8167e d0d0f4a0c6c2c3c9 a7d988501e07b85d c1ffcedb962cbd6b dcef8134e2b268f0 80ba214d12d0c37b a8fd80e604c90985 e77b7275c2b9f028 d58ab3a305ed021b ab60ba0e83593c3 aaef83ebfe88348a 47536a5f2317e15 da6711d8007a378f ff026c190f2b4245 815cc05a055695c4 5d0cd530377a2be 12a2e503dbc3d233 e11a67f704d3396c 84adc2a93ffa55d efc37790e6eb354a ebbe6eb61aedc12d aeed668ad0dddf87 b7c914d1f4094ae0 ef70c0d1eb0de1b ] wstrb=[87 a2 97 67 74 b2 74 fb 55 c 63 c9 be d7 c4 13 e3 27 dc a2 ff a1 b5 e2 c8 92 84 c7 33 3a aa fb cc 2e c3 ff 68 6d fa 34 9b bd 33 4 2a 2e 38 c6 eb 6c ca 16 9a 2 dc 85 6e a6 9b 8 a8 77 8e 17 1d 29 1f c6 a1 ad dd be d7 fc 84 78 aa 61 36 81 5e bb f9 8 1c ] bresp=0 bid=11100
[935000] SCOREBOARD: Transaction 3 received. pass=354 fail=0
[935000] ALL PASS. Total transactions: 3
[945000] ARB MONITOR: slave=1 m0_req=0 m1_req=1 winner=1
[945000] SLAVE 0 R_VALID_RDY Handshake beat=1 rlast=1
[945000] [SLAVE MONITOR] READ mst_id=1 s_id=0 araddr=f089a98 arid=1 arlen=1 arsize=3 arburst=1 rid=[1111] rresp=[00] rdata=[baadf00d12345678baadf00d12345678]
[945000] AXI S0_ARVALID_RDY HANDSHAKE
[945000] MEMORY READ MISS beat=0 addr=1f2169c0 -> default data id=18
[955000] MEMORY READ MISS beat=1 addr=1f2169c8 -> default data id=18
[955000] SLAVE 1 R_VALID_RDY Handshake beat=0 rlast=0
[955000] MASTER 1 R_VALID_RDY Handshake beat=0 rlast=0
[965000] [MASTER DRIVER] READ mst_id=1 s_id=0 araddr=f089a98 arid=1 arlen=1 arsize=3 arburst=1 rid=[11] rresp=[00] rdata=[baadf00d12345678baadf00d12345678]
[965000] MASTER 1 R_VALID_RDY Handshake beat=1 rlast=1
[965000] [MASTER MONITOR] READ mst_id=1 s_id=0 araddr=f089a98 arid=1 arlen=1 arsize=3 arburst=1 rid=[11] rresp=[00] rdata=[baadf00d12345678baadf00d12345678]
[965000] SLAVE 1 R_VALID_RDY Handshake beat=1 rlast=1
[965000] [SLAVE MONITOR] READ mst_id=1 s_id=1 araddr=1f2169c0 arid=2 arlen=1 arsize=3 arburst=1 rid=[1212] rresp=[00] rdata=[baadf00d12345678baadf00d12345678]
[965000] SCOREBOARD MATCH: decode_err expected = 0, actual =0
[965000] SCOREBOARD MATCH: slave_id expected = 0, actual =0
[965000] SCOREBOARD MATCH: araddr passthrough expected = f089a98, actual =f089a98
[965000] SCOREBOARD MATCH: arlen passthrough expected = 1, actual =1
[965000] SCOREBOARD MATCH: arsize passthrough expected = 3, actual =3
[965000] SCOREBOARD MATCH: arburst passthrough expected = 1, actual =1
[965000] SCOREBOARD MATCH: rdata size check expected = 2, actual =2
[965000] SCOREBOARD MATCH: rdata passthrough beat=0 expected = baadf00d12345678, actual =baadf00d12345678
[965000] SCOREBOARD MATCH: rdata passthrough beat=1 expected = baadf00d12345678, actual =baadf00d12345678
[965000] SCOREBOARD MATCH: rresp size check expected = 2, actual =2
[965000] SCOREBOARD MATCH: rresp passthrough beat=0 expected = 0, actual =0
[965000] SCOREBOARD MATCH: rresp passthrough beat=1 expected = 0, actual =0
[965000] SCOREBOARD MATCH: response routed to correct master (read beat 0) expected = 1, actual =1
[965000] SCOREBOARD MATCH: response routed to correct master (read beat 1) expected = 1, actual =1
[965000] [SCOREBOARD-M] READ mst_id=1 s_id=0 araddr=f089a98 arid=1 arlen=1 arsize=3 arburst=1 rid=[11] rresp=[00] rdata=[baadf00d12345678baadf00d12345678]
[965000] [SCOREBOARD-S] READ mst_id=1 s_id=0 araddr=f089a98 arid=1 arlen=1 arsize=3 arburst=1 rid=[1111] rresp=[00] rdata=[baadf00d12345678baadf00d12345678]
[965000] SCOREBOARD: Transaction 4 received. pass=368 fail=0
[965000] ALL PASS. Total transactions: 4
[985000] MASTER 1 R_VALID_RDY Handshake beat=0 rlast=0
[995000] MASTER 1 R_VALID_RDY Handshake beat=1 rlast=1
[995000] [MASTER MONITOR] READ mst_id=1 s_id=1 araddr=1f2169c0 arid=2 arlen=1 arsize=3 arburst=1 rid=[22] rresp=[00] rdata=[baadf00d12345678baadf00d12345678]
[995000] [MASTER DRIVER] READ mst_id=1 s_id=0 araddr=1f2169c0 arid=2 arlen=1 arsize=3 arburst=1 rid=[22] rresp=[00] rdata=[baadf00d12345678baadf00d12345678]
[995000] SCOREBOARD MATCH: decode_err expected = 0, actual =0
[995000] SCOREBOARD MATCH: slave_id expected = 1, actual =1
[995000] SCOREBOARD MATCH: araddr passthrough expected = 1f2169c0, actual =1f2169c0
[995000] SCOREBOARD MATCH: arlen passthrough expected = 1, actual =1
[995000] SCOREBOARD MATCH: arsize passthrough expected = 3, actual =3
[995000] SCOREBOARD MATCH: arburst passthrough expected = 1, actual =1
[995000] SCOREBOARD MATCH: rdata size check expected = 2, actual =2
[995000] SCOREBOARD MATCH: rdata passthrough beat=0 expected = baadf00d12345678, actual =baadf00d12345678
[995000] SCOREBOARD MATCH: rdata passthrough beat=1 expected = baadf00d12345678, actual =baadf00d12345678
[995000] SCOREBOARD MATCH: rresp size check expected = 2, actual =2
[995000] SCOREBOARD MATCH: rresp passthrough beat=0 expected = 0, actual =0
[995000] SCOREBOARD MATCH: rresp passthrough beat=1 expected = 0, actual =0
[995000] SCOREBOARD MATCH: response routed to correct master (read beat 0) expected = 1, actual =1
[995000] SCOREBOARD MATCH: response routed to correct master (read beat 1) expected = 1, actual =1
[995000] [SCOREBOARD-M] READ mst_id=1 s_id=1 araddr=1f2169c0 arid=2 arlen=1 arsize=3 arburst=1 rid=[22] rresp=[00] rdata=[baadf00d12345678baadf00d12345678]
[995000] [SCOREBOARD-S] READ mst_id=1 s_id=1 araddr=1f2169c0 arid=2 arlen=1 arsize=3 arburst=1 rid=[1212] rresp=[00] rdata=[baadf00d12345678baadf00d12345678]
[995000] SCOREBOARD: Transaction 5 received. pass=382 fail=0
[995000] SCOREBOARD: Expected 5 transactions completed, PASS=382 FAIL=0
[995000] ALL PASS. Total transactions: 5
[995000] ALL TRANSACTIONS MONITORED
$finish called at time : 1015 ns : File "/home/nashita/Desktop/practice/axi_xbar/tb/top/axi_tb_top.sv" Line 220
exit
INFO: xsimkernel Simulation Memory Usage: 289464 KB (Peak: 337864 KB), Simulation CPU Usage: 1150 ms
INFO: [Common 17-206] Exiting xsim at Fri Sep 11 11:29:43 2026...
