#-----------------------------------------------------------
# xsim v2025.2 (64-bit)
# SW Build 6299465 on Fri Nov 14 12:34:56 MST 2025
# IP Build 6300035 on Fri Nov 14 10:48:45 MST 2025
# SharedData Build 6298862 on Thu Nov 13 04:50:51 MST 2025
# Start of session at: Fri Sep 11 11:54:01 2026
# Process ID         : 731421
# Current directory  : /home/nashita/Desktop/practice/axi_xbar/sim
# Command line       : xsim -log regress_results/BT_run205.log -mode tcl -source {xsim.dir/tb_top_snap/xsim_script.tcl}
# Log file           : /home/nashita/Desktop/practice/axi_xbar/sim/regress_results/BT_run205.log
# Journal file       : /home/nashita/Desktop/practice/axi_xbar/sim/xsim.jou
# Running On         : vlsi-vivado
# Platform           : Ubuntu
# Operating System   : Ubuntu 24.04.4 LTS
# Processor Detail   : Intel(R) Core(TM) i5-10400 CPU @ 2.90GHz
# CPU Frequency      : 800.000 MHz
# CPU Physical cores : 6
# CPU Logical cores  : 12
# Host memory        : 41875 MB
# Swap memory        : 27648 MB
# Total Virtual      : 69524 MB
# Available Virtual  : 62731 MB
#-----------------------------------------------------------
source xsim.dir/tb_top_snap/xsim_script.tcl
# xsim {tb_top_snap} -testplusarg BT -autoloadwcfg -runall -sv_seed 206
Time resolution is 1 ps
run -all
[0] RUNNING BASE TEST
[0] INSIDE THE BASE TEST CONSTRUCTOR
[0] ENV: before agent
[0] SLAVE CONSTRUCTED
[0] MASTER MONITOR CONSTRUCTED
[0] MASTER MONITOR CONSTRUCTED
[0] SLAVE MONITOR CONSTRUCTED
[0] SLAVE MONITOR CONSTRUCTED
[0] ARB MONITOR CONSTRUCTED
GENERATOR CONSTRUCTED
[0] ENV: after agent
[0] ENV: before scoreboard
[0] ENV: after scoreboard
[15000] [SEQUENCER] mst_id=1 s_id=0 awaddr=49b1590 awid=1001 awlen=6 awsize=5 awburst=2 wdata=[24a88cecc9a8740e f2457f28d0524a0f e8677449961f671f dfc7db2eadf731e0 fe497bef0d100135 a32f6854d20d5a56 80048c36e6b0f038 ] wstrb=[82 6d 26 d8 c2 5e f ] bresp=0 bid=0
[15000] [SEQUENCER] mst_id=0 s_id=0 awaddr=1d7543b0 awid=10 awlen=4 awsize=6 awburst=0 wdata=[e9a51f8283287ea4 f4877038d6737bc4 7b191db0dbad165 90e35009e1774a0a 37eac5cff156b15d ] wstrb=[41 c2 aa 4c cc ] bresp=0 bid=0
[15000] [SEQUENCER] READ mst_id=0 s_id=0 araddr=b915a30 arid=1 arlen=1 arsize=3 arburst=1 rid=[] rresp=[] rdata=[]
[15000] [SEQUENCER] READ mst_id=0 s_id=0 araddr=1b4290b0 arid=2 arlen=1 arsize=3 arburst=1 rid=[] rresp=[] rdata=[]
[15000] [SEQUENCER] READ mst_id=1 s_id=0 araddr=fd8dca0 arid=1 arlen=1 arsize=3 arburst=1 rid=[] rresp=[] rdata=[]
[15000] MASTER_DRIVER1 received transaction, op=AXI_WRITE
[15000] MASTER_DRIVER0 received transaction, op=AXI_WRITE
[35000] MASTER 1 AW_VALID_RDY Handshake
[35000] MASTER 0 AW_VALID_RDY Handshake
[45000] ARB MONITOR: slave=0 m0_req=0 m1_req=1 winner=1
[45000] ARB MONITOR: slave=1 m0_req=1 m1_req=0 winner=0
[45000] AXI S1_AWVALID_RDY HANDSHAKE
[45000] AXI S0_AWVALID_RDY HANDSHAKE
[55000] MASTER 1 W_VALID_RDY Handshake beat=0 wlast=0
[55000] MASTER 0 W_VALID_RDY Handshake beat=0 wlast=0
[65000] MASTER 0 W_VALID_RDY Handshake beat=1 wlast=0
[65000] MASTER 1 W_VALID_RDY Handshake beat=1 wlast=0
[65000] S1 MEMORY WRITE beat=0 addr=1d7543b0 data=e9a51f8283287ea4 id=02
[65000] AXI S0_WVALID_RDY HANDSHAKE
[65000] S0 MEMORY WRITE beat=0 addr=049b1590 data=24a88cecc9a8740e id=19
[75000] AXI S0_WVALID_RDY HANDSHAKE
[75000] S0 MEMORY WRITE beat=1 addr=049b15b0 data=f2457f28d0524a0f id=19
[75000] S1 MEMORY WRITE beat=1 addr=1d7543b0 data=f4877038d6737bc4 id=02
[75000] MASTER 1 W_VALID_RDY Handshake beat=2 wlast=0
[75000] MASTER 0 W_VALID_RDY Handshake beat=2 wlast=0
[85000] MASTER 0 W_VALID_RDY Handshake beat=3 wlast=0
[85000] MASTER 1 W_VALID_RDY Handshake beat=3 wlast=0
[85000] S1 MEMORY WRITE beat=2 addr=1d7543b0 data=07b191db0dbad165 id=02
[85000] AXI S0_WVALID_RDY HANDSHAKE
[85000] S0 MEMORY WRITE beat=2 addr=049b15d0 data=e8677449961f671f id=19
[95000] AXI S0_WVALID_RDY HANDSHAKE
[95000] S0 MEMORY WRITE beat=3 addr=049b15f0 data=dfc7db2eadf731e0 id=19
[95000] S1 MEMORY WRITE beat=3 addr=1d7543b0 data=90e35009e1774a0a id=02
[95000] MASTER 1 W_VALID_RDY Handshake beat=4 wlast=0
[95000] MASTER 0 W_VALID_RDY Handshake beat=4 wlast=1
[95000] MASTER_DRIVER0 received transaction, op=AXI_READ
[105000] MASTER 1 W_VALID_RDY Handshake beat=5 wlast=0
[105000] S1 MEMORY WRITE beat=4 addr=1d7543b0 data=37eac5cff156b15d id=02
[105000] AXI S0_WVALID_RDY HANDSHAKE
[105000] S0 MEMORY WRITE beat=4 addr=049b1610 data=fe497bef0d100135 id=19
[115000] AXI S0_WVALID_RDY HANDSHAKE
[115000] S0 MEMORY WRITE beat=5 addr=049b1540 data=a32f6854d20d5a56 id=19
[115000] SLAVE1 sent B resp, id=2
[115000] [SLAVE MONITOR] mst_id=0 s_id=1 awaddr=1d7543b0 awid=10 awlen=4 awsize=6 awburst=0 wdata=[e9a51f8283287ea4 f4877038d6737bc4 7b191db0dbad165 90e35009e1774a0a 37eac5cff156b15d ] wstrb=[41 c2 aa 4c cc ] bresp=0 bid=10
[115000] MASTER 1 W_VALID_RDY Handshake beat=6 wlast=1
[115000] MASTER_DRIVER1 received transaction, op=AXI_READ
[115000] MASTER_DRIVER0 received transaction, op=AXI_READ
[125000] ARB MONITOR: slave=0 m0_req=1 m1_req=0 winner=0
[125000] AXI S0_ARVALID_RDY HANDSHAKE
[125000] MEMORY READ MISS beat=0 addr=b915a30 -> default data id=1
[125000] AXI S0_WVALID_RDY HANDSHAKE
[125000] S0 MEMORY WRITE beat=6 addr=049b1560 data=80048c36e6b0f038 id=19
[135000] SLAVE0 sent B resp, id=9
[135000] MEMORY READ MISS beat=1 addr=b915a38 -> default data id=1
[135000] [SLAVE MONITOR] mst_id=1 s_id=0 awaddr=49b1590 awid=1001 awlen=6 awsize=5 awburst=2 wdata=[24a88cecc9a8740e f2457f28d0524a0f e8677449961f671f dfc7db2eadf731e0 fe497bef0d100135 a32f6854d20d5a56 80048c36e6b0f038 ] wstrb=[82 6d 26 d8 c2 5e f ] bresp=0 bid=11001
[135000] SLAVE 0 R_VALID_RDY Handshake beat=0 rlast=0
[135000] MASTER 0 B_VALID_RDY Handshake
[135000] [MASTER MONITOR] mst_id=0 s_id=1 awaddr=1d7543b0 awid=10 awlen=4 awsize=6 awburst=0 wdata=[e9a51f8283287ea4 f4877038d6737bc4 7b191db0dbad165 90e35009e1774a0a 37eac5cff156b15d ] wstrb=[41 c2 aa 4c cc ] bresp=0 bid=10
[135000] MASTER 0 RECEIVED BRESP. BRESP=0
[135000] [MASTER DRIVER] mst_id=0 s_id=0 awaddr=1d7543b0 awid=10 awlen=4 awsize=6 awburst=0 wdata=[e9a51f8283287ea4 f4877038d6737bc4 7b191db0dbad165 90e35009e1774a0a 37eac5cff156b15d ] wstrb=[41 c2 aa 4c cc ] bresp=0 bid=10
[135000] SCOREBOARD MATCH: decode_err expected = 0, actual =0
[135000] SCOREBOARD MATCH: slave_id expected = 1, actual =1
[135000] SCOREBOARD MATCH: awaddr passthrough expected = 1d7543b0, actual =1d7543b0
[135000] SCOREBOARD MATCH: awlen passthrough expected = 4, actual =4
[135000] SCOREBOARD MATCH: awsize passthrough expected = 6, actual =6
[135000] SCOREBOARD MATCH: awburst passthrough expected = 0, actual =0
[135000] SCOREBOARD MATCH: wdata size check expected = 5, actual =5
[135000] SCOREBOARD MATCH: wdata passthrough beat=0 expected = e9a51f8283287ea4, actual =e9a51f8283287ea4
[135000] SCOREBOARD MATCH: wdata passthrough beat=1 expected = f4877038d6737bc4, actual =f4877038d6737bc4
[135000] SCOREBOARD MATCH: wdata passthrough beat=2 expected = 7b191db0dbad165, actual =7b191db0dbad165
[135000] SCOREBOARD MATCH: wdata passthrough beat=3 expected = 90e35009e1774a0a, actual =90e35009e1774a0a
[135000] SCOREBOARD MATCH: wdata passthrough beat=4 expected = 37eac5cff156b15d, actual =37eac5cff156b15d
[135000] SCOREBOARD MATCH: wstrb size check expected = 5, actual =5
[135000] SCOREBOARD MATCH: wstrb passthrough beat=0 expected = 41, actual =41
[135000] SCOREBOARD MATCH: wstrb passthrough beat=1 expected = c2, actual =c2
[135000] SCOREBOARD MATCH: wstrb passthrough beat=2 expected = aa, actual =aa
[135000] SCOREBOARD MATCH: wstrb passthrough beat=3 expected = 4c, actual =4c
[135000] SCOREBOARD MATCH: wstrb passthrough beat=4 expected = cc, actual =cc
[135000] SCOREBOARD MATCH: bresp passthrough expected = 0, actual =0
[135000] SCOREBOARD MATCH: response routed to correct master (write) expected = 0, actual =0
[135000] [SCOREBOARD-M] mst_id=0 s_id=1 awaddr=1d7543b0 awid=10 awlen=4 awsize=6 awburst=0 wdata=[e9a51f8283287ea4 f4877038d6737bc4 7b191db0dbad165 90e35009e1774a0a 37eac5cff156b15d ] wstrb=[41 c2 aa 4c cc ] bresp=0 bid=10
[135000] [SCOREBOARD-S] mst_id=0 s_id=1 awaddr=1d7543b0 awid=10 awlen=4 awsize=6 awburst=0 wdata=[e9a51f8283287ea4 f4877038d6737bc4 7b191db0dbad165 90e35009e1774a0a 37eac5cff156b15d ] wstrb=[41 c2 aa 4c cc ] bresp=0 bid=10
[135000] SCOREBOARD: Transaction 1 received. pass=20 fail=0
[135000] ALL PASS. Total transactions: 1
[145000] ARB MONITOR: slave=1 m0_req=1 m1_req=0 winner=0
[145000] SLAVE 0 R_VALID_RDY Handshake beat=1 rlast=1
[145000] [SLAVE MONITOR] READ mst_id=0 s_id=0 araddr=b915a30 arid=1 arlen=1 arsize=3 arburst=1 rid=[11] rresp=[00] rdata=[baadf00d12345678baadf00d12345678]
[145000] AXI S0_ARVALID_RDY HANDSHAKE
[145000] MEMORY READ MISS beat=0 addr=1b4290b0 -> default data id=2
[155000] AXI S0_ARVALID_RDY HANDSHAKE
[155000] MEMORY READ MISS beat=0 addr=fd8dca0 -> default data id=17
[155000] MEMORY READ MISS beat=1 addr=1b4290b8 -> default data id=2
[155000] SLAVE 1 R_VALID_RDY Handshake beat=0 rlast=0
[155000] ARB MONITOR: slave=0 m0_req=0 m1_req=1 winner=1
[155000] MASTER 1 B_VALID_RDY Handshake
[155000] [MASTER MONITOR] mst_id=1 s_id=0 awaddr=49b1590 awid=1001 awlen=6 awsize=5 awburst=2 wdata=[24a88cecc9a8740e f2457f28d0524a0f e8677449961f671f dfc7db2eadf731e0 fe497bef0d100135 a32f6854d20d5a56 80048c36e6b0f038 ] wstrb=[82 6d 26 d8 c2 5e f ] bresp=0 bid=1001
[155000] MASTER 0 R_VALID_RDY Handshake beat=0 rlast=0
[155000] MASTER 1 RECEIVED BRESP. BRESP=0
[155000] [MASTER DRIVER] mst_id=1 s_id=0 awaddr=49b1590 awid=1001 awlen=6 awsize=5 awburst=2 wdata=[24a88cecc9a8740e f2457f28d0524a0f e8677449961f671f dfc7db2eadf731e0 fe497bef0d100135 a32f6854d20d5a56 80048c36e6b0f038 ] wstrb=[82 6d 26 d8 c2 5e f ] bresp=0 bid=1001
[155000] SCOREBOARD MATCH: decode_err expected = 0, actual =0
[155000] SCOREBOARD MATCH: slave_id expected = 0, actual =0
[155000] SCOREBOARD MATCH: awaddr passthrough expected = 49b1590, actual =49b1590
[155000] SCOREBOARD MATCH: awlen passthrough expected = 6, actual =6
[155000] SCOREBOARD MATCH: awsize passthrough expected = 5, actual =5
[155000] SCOREBOARD MATCH: awburst passthrough expected = 2, actual =2
[155000] SCOREBOARD MATCH: wdata size check expected = 7, actual =7
[155000] SCOREBOARD MATCH: wdata passthrough beat=0 expected = 24a88cecc9a8740e, actual =24a88cecc9a8740e
[155000] SCOREBOARD MATCH: wdata passthrough beat=1 expected = f2457f28d0524a0f, actual =f2457f28d0524a0f
[155000] SCOREBOARD MATCH: wdata passthrough beat=2 expected = e8677449961f671f, actual =e8677449961f671f
[155000] SCOREBOARD MATCH: wdata passthrough beat=3 expected = dfc7db2eadf731e0, actual =dfc7db2eadf731e0
[155000] SCOREBOARD MATCH: wdata passthrough beat=4 expected = fe497bef0d100135, actual =fe497bef0d100135
[155000] SCOREBOARD MATCH: wdata passthrough beat=5 expected = a32f6854d20d5a56, actual =a32f6854d20d5a56
[155000] SCOREBOARD MATCH: wdata passthrough beat=6 expected = 80048c36e6b0f038, actual =80048c36e6b0f038
[155000] SCOREBOARD MATCH: wstrb size check expected = 7, actual =7
[155000] SCOREBOARD MATCH: wstrb passthrough beat=0 expected = 82, actual =82
[155000] SCOREBOARD MATCH: wstrb passthrough beat=1 expected = 6d, actual =6d
[155000] SCOREBOARD MATCH: wstrb passthrough beat=2 expected = 26, actual =26
[155000] SCOREBOARD MATCH: wstrb passthrough beat=3 expected = d8, actual =d8
[155000] SCOREBOARD MATCH: wstrb passthrough beat=4 expected = c2, actual =c2
[155000] SCOREBOARD MATCH: wstrb passthrough beat=5 expected = 5e, actual =5e
[155000] SCOREBOARD MATCH: wstrb passthrough beat=6 expected = f, actual =f
[155000] SCOREBOARD MATCH: bresp passthrough expected = 0, actual =0
[155000] SCOREBOARD MATCH: response routed to correct master (write) expected = 1, actual =1
[155000] [SCOREBOARD-M] mst_id=1 s_id=0 awaddr=49b1590 awid=1001 awlen=6 awsize=5 awburst=2 wdata=[24a88cecc9a8740e f2457f28d0524a0f e8677449961f671f dfc7db2eadf731e0 fe497bef0d100135 a32f6854d20d5a56 80048c36e6b0f038 ] wstrb=[82 6d 26 d8 c2 5e f ] bresp=0 bid=1001
[155000] [SCOREBOARD-S] mst_id=1 s_id=0 awaddr=49b1590 awid=1001 awlen=6 awsize=5 awburst=2 wdata=[24a88cecc9a8740e f2457f28d0524a0f e8677449961f671f dfc7db2eadf731e0 fe497bef0d100135 a32f6854d20d5a56 80048c36e6b0f038 ] wstrb=[82 6d 26 d8 c2 5e f ] bresp=0 bid=11001
[155000] SCOREBOARD: Transaction 2 received. pass=44 fail=0
[155000] ALL PASS. Total transactions: 2
[165000] [MASTER DRIVER] READ mst_id=0 s_id=0 araddr=b915a30 arid=1 arlen=1 arsize=3 arburst=1 rid=[11] rresp=[00] rdata=[baadf00d12345678baadf00d12345678]
[165000] MASTER 0 R_VALID_RDY Handshake beat=1 rlast=1
[165000] [MASTER MONITOR] READ mst_id=0 s_id=0 araddr=b915a30 arid=1 arlen=1 arsize=3 arburst=1 rid=[11] rresp=[00] rdata=[baadf00d12345678baadf00d12345678]
[165000] SLAVE 1 R_VALID_RDY Handshake beat=1 rlast=1
[165000] [SLAVE MONITOR] READ mst_id=0 s_id=1 araddr=1b4290b0 arid=2 arlen=1 arsize=3 arburst=1 rid=[22] rresp=[00] rdata=[baadf00d12345678baadf00d12345678]
[165000] SLAVE 0 R_VALID_RDY Handshake beat=0 rlast=0
[165000] MEMORY READ MISS beat=1 addr=fd8dca8 -> default data id=17
[165000] SCOREBOARD MATCH: decode_err expected = 0, actual =0
[165000] SCOREBOARD MATCH: slave_id expected = 0, actual =0
[165000] SCOREBOARD MATCH: araddr passthrough expected = b915a30, actual =b915a30
[165000] SCOREBOARD MATCH: arlen passthrough expected = 1, actual =1
[165000] SCOREBOARD MATCH: arsize passthrough expected = 3, actual =3
[165000] SCOREBOARD MATCH: arburst passthrough expected = 1, actual =1
[165000] SCOREBOARD MATCH: rdata size check expected = 2, actual =2
[165000] SCOREBOARD MATCH: rdata passthrough beat=0 expected = baadf00d12345678, actual =baadf00d12345678
[165000] SCOREBOARD MATCH: rdata passthrough beat=1 expected = baadf00d12345678, actual =baadf00d12345678
[165000] SCOREBOARD MATCH: rresp size check expected = 2, actual =2
[165000] SCOREBOARD MATCH: rresp passthrough beat=0 expected = 0, actual =0
[165000] SCOREBOARD MATCH: rresp passthrough beat=1 expected = 0, actual =0
[165000] SCOREBOARD MATCH: response routed to correct master (read beat 0) expected = 0, actual =0
[165000] SCOREBOARD MATCH: response routed to correct master (read beat 1) expected = 0, actual =0
[165000] [SCOREBOARD-M] READ mst_id=0 s_id=0 araddr=b915a30 arid=1 arlen=1 arsize=3 arburst=1 rid=[11] rresp=[00] rdata=[baadf00d12345678baadf00d12345678]
[165000] [SCOREBOARD-S] READ mst_id=0 s_id=0 araddr=b915a30 arid=1 arlen=1 arsize=3 arburst=1 rid=[11] rresp=[00] rdata=[baadf00d12345678baadf00d12345678]
[165000] SCOREBOARD: Transaction 3 received. pass=58 fail=0
[165000] ALL PASS. Total transactions: 3
[175000] SLAVE 0 R_VALID_RDY Handshake beat=1 rlast=1
[175000] [SLAVE MONITOR] READ mst_id=1 s_id=0 araddr=fd8dca0 arid=1 arlen=1 arsize=3 arburst=1 rid=[1111] rresp=[00] rdata=[baadf00d12345678baadf00d12345678]
[185000] MASTER 0 R_VALID_RDY Handshake beat=0 rlast=0
[185000] MASTER 1 R_VALID_RDY Handshake beat=0 rlast=0
[195000] MASTER 1 R_VALID_RDY Handshake beat=1 rlast=1
[195000] [MASTER MONITOR] READ mst_id=1 s_id=0 araddr=fd8dca0 arid=1 arlen=1 arsize=3 arburst=1 rid=[11] rresp=[00] rdata=[baadf00d12345678baadf00d12345678]
[195000] MASTER 0 R_VALID_RDY Handshake beat=1 rlast=1
[195000] [MASTER MONITOR] READ mst_id=0 s_id=1 araddr=1b4290b0 arid=2 arlen=1 arsize=3 arburst=1 rid=[22] rresp=[00] rdata=[baadf00d12345678baadf00d12345678]
[195000] [MASTER DRIVER] READ mst_id=1 s_id=0 araddr=fd8dca0 arid=1 arlen=1 arsize=3 arburst=1 rid=[11] rresp=[00] rdata=[baadf00d12345678baadf00d12345678]
[195000] [MASTER DRIVER] READ mst_id=0 s_id=0 araddr=1b4290b0 arid=2 arlen=1 arsize=3 arburst=1 rid=[22] rresp=[00] rdata=[baadf00d12345678baadf00d12345678]
[195000] SCOREBOARD MATCH: decode_err expected = 0, actual =0
[195000] SCOREBOARD MATCH: slave_id expected = 0, actual =0
[195000] SCOREBOARD MATCH: araddr passthrough expected = fd8dca0, actual =fd8dca0
[195000] SCOREBOARD MATCH: arlen passthrough expected = 1, actual =1
[195000] SCOREBOARD MATCH: arsize passthrough expected = 3, actual =3
[195000] SCOREBOARD MATCH: arburst passthrough expected = 1, actual =1
[195000] SCOREBOARD MATCH: rdata size check expected = 2, actual =2
[195000] SCOREBOARD MATCH: rdata passthrough beat=0 expected = baadf00d12345678, actual =baadf00d12345678
[195000] SCOREBOARD MATCH: rdata passthrough beat=1 expected = baadf00d12345678, actual =baadf00d12345678
[195000] SCOREBOARD MATCH: rresp size check expected = 2, actual =2
[195000] SCOREBOARD MATCH: rresp passthrough beat=0 expected = 0, actual =0
[195000] SCOREBOARD MATCH: rresp passthrough beat=1 expected = 0, actual =0
[195000] SCOREBOARD MATCH: response routed to correct master (read beat 0) expected = 1, actual =1
[195000] SCOREBOARD MATCH: response routed to correct master (read beat 1) expected = 1, actual =1
[195000] [SCOREBOARD-M] READ mst_id=1 s_id=0 araddr=fd8dca0 arid=1 arlen=1 arsize=3 arburst=1 rid=[11] rresp=[00] rdata=[baadf00d12345678baadf00d12345678]
[195000] [SCOREBOARD-S] READ mst_id=1 s_id=0 araddr=fd8dca0 arid=1 arlen=1 arsize=3 arburst=1 rid=[1111] rresp=[00] rdata=[baadf00d12345678baadf00d12345678]
[195000] SCOREBOARD: Transaction 4 received. pass=72 fail=0
[195000] ALL PASS. Total transactions: 4
[195000] SCOREBOARD MATCH: decode_err expected = 0, actual =0
[195000] SCOREBOARD MATCH: slave_id expected = 1, actual =1
[195000] SCOREBOARD MATCH: araddr passthrough expected = 1b4290b0, actual =1b4290b0
[195000] SCOREBOARD MATCH: arlen passthrough expected = 1, actual =1
[195000] SCOREBOARD MATCH: arsize passthrough expected = 3, actual =3
[195000] SCOREBOARD MATCH: arburst passthrough expected = 1, actual =1
[195000] SCOREBOARD MATCH: rdata size check expected = 2, actual =2
[195000] SCOREBOARD MATCH: rdata passthrough beat=0 expected = baadf00d12345678, actual =baadf00d12345678
[195000] SCOREBOARD MATCH: rdata passthrough beat=1 expected = baadf00d12345678, actual =baadf00d12345678
[195000] SCOREBOARD MATCH: rresp size check expected = 2, actual =2
[195000] SCOREBOARD MATCH: rresp passthrough beat=0 expected = 0, actual =0
[195000] SCOREBOARD MATCH: rresp passthrough beat=1 expected = 0, actual =0
[195000] SCOREBOARD MATCH: response routed to correct master (read beat 0) expected = 0, actual =0
[195000] SCOREBOARD MATCH: response routed to correct master (read beat 1) expected = 0, actual =0
[195000] [SCOREBOARD-M] READ mst_id=0 s_id=1 araddr=1b4290b0 arid=2 arlen=1 arsize=3 arburst=1 rid=[22] rresp=[00] rdata=[baadf00d12345678baadf00d12345678]
[195000] [SCOREBOARD-S] READ mst_id=0 s_id=1 araddr=1b4290b0 arid=2 arlen=1 arsize=3 arburst=1 rid=[22] rresp=[00] rdata=[baadf00d12345678baadf00d12345678]
[195000] SCOREBOARD: Transaction 5 received. pass=86 fail=0
[195000] SCOREBOARD: Expected 5 transactions completed, PASS=86 FAIL=0
[195000] ALL PASS. Total transactions: 5
[195000] ALL TRANSACTIONS MONITORED
$finish called at time : 215 ns : File "/home/nashita/Desktop/practice/axi_xbar/tb/top/axi_tb_top.sv" Line 220
exit
INFO: xsimkernel Simulation Memory Usage: 289468 KB (Peak: 337868 KB), Simulation CPU Usage: 1230 ms
INFO: [Common 17-206] Exiting xsim at Fri Sep 11 11:54:04 2026...
