#-----------------------------------------------------------
# xsim v2025.2 (64-bit)
# SW Build 6299465 on Fri Nov 14 12:34:56 MST 2025
# IP Build 6300035 on Fri Nov 14 10:48:45 MST 2025
# SharedData Build 6298862 on Thu Nov 13 04:50:51 MST 2025
# Start of session at: Thu Sep 10 18:41:49 2026
# Process ID         : 3664128
# Current directory  : /home/nashita/Desktop/practice/axi_xbar/sim
# Command line       : xsim -log regress_results/BT_run405.log -mode tcl -source {xsim.dir/tb_top_snap/xsim_script.tcl}
# Log file           : /home/nashita/Desktop/practice/axi_xbar/sim/regress_results/BT_run405.log
# Journal file       : /home/nashita/Desktop/practice/axi_xbar/sim/xsim.jou
# Running On         : vlsi-vivado
# Platform           : Ubuntu
# Operating System   : Ubuntu 24.04.4 LTS
# Processor Detail   : Intel(R) Core(TM) i5-10400 CPU @ 2.90GHz
# CPU Frequency      : 4119.881 MHz
# CPU Physical cores : 6
# CPU Logical cores  : 12
# Host memory        : 41875 MB
# Swap memory        : 27648 MB
# Total Virtual      : 69524 MB
# Available Virtual  : 62798 MB
#-----------------------------------------------------------
source xsim.dir/tb_top_snap/xsim_script.tcl
# xsim {tb_top_snap} -testplusarg BT -autoloadwcfg -runall -sv_seed 406
Time resolution is 1 ps
run -all
[0] RUNNING BASE TEST
[0] INSIDE THE BASE TEST CONSTRUCTOR
[0] ENV: before agent
[0] SLAVE CONSTRUCTED
[0] MASTER MONITOR CONSTRUCTED
[0] MASTER MONITOR CONSTRUCTED
[0] SLAVE MONITOR CONSTRUCTED
[0] SLAVE MONITOR CONSTRUCTED
[0] ARB MONITOR CONSTRUCTED
GENERATOR CONSTRUCTED
[0] ENV: after agent
[0] ENV: before scoreboard
[0] ENV: after scoreboard
[15000] [SEQUENCER] READ mst_id=1 s_id=0 araddr=392adc8 arid=0 arlen=1 arsize=3 arburst=1 rid=[] rresp=[] rdata=[]
[15000] [SEQUENCER] READ mst_id=0 s_id=0 araddr=1397d660 arid=0 arlen=1 arsize=3 arburst=1 rid=[] rresp=[] rdata=[]
[15000] [SEQUENCER] mst_id=0 s_id=0 awaddr=15015528 awid=110 awlen=57 awsize=4 awburst=1 wdata=[10220a25248c7ef1 97f7232abd48de12 fbbe926cdbe40f81 80708e72359b3a98 f2e418aa8be09c91 e7c4ac131867b19d ce02ec35eea2ab17 fa8347a8e8353a85 809cec22c0e704df af89aff6e247f3bb ca7d2e41ce9fd857 f86dd372a0cf79f 8c54eb5acb1a1a63 19b9f2bbbf108d2d e91d84ccd6d2199b 21ec33ff2940cff2 e8515d1ff5727027 cc4489c23ba626ba e4e6f6acd16ee1ec c6e15213ee30bdc1 a9d6e47bcd3853cb 9ea735b79325dbd5 15699978ebddb27 dbf62ef3e58887ca f8ae63a0ab2d7e12 39eb593afa9d64aa e025ec75fa04fd37 a5327b4915e1882d 907eecd7d8d45015 d2d94d4cdf1dd483 f4ff5cb0f0a4d94c c9792961f80bc895 d7299d19057e4988 f62322d49c5276ad 145e3f43cc28f9c9 d1a743513f9c4c36 dbeec2e3eb87dc5c b7b0d625c7ca6626 766b25cf04d0226 dbd4de8209581977 d1227f9de355753f d3a277661385b4a8 1cddce1fd88931f9 bbdea738af7755e8 c2fd0a90ee004dbc c6897fb58f811e9e 3ef87487dfdad8af cddb266b826826ed 11e9458c81f57f17 e1d057c79464a620 16cccd0ed0e1ba13 d2d7392aafab7e32 c410245328b6129a f997ccadb4a790f1 e4530f24dadcf161 39303fbcc6f05d7 11696c928633377 34024d8fd2ad0a8 ] wstrb=[ed 7f d3 64 48 7b 3c 35 fa f 99 43 8a d5 78 84 e4 12 c7 6e e7 40 f3 cc 52 ba 3a 39 fa 2d 5 4c e8 40 86 e2 6d 8b 2f 55 cb b5 38 39 40 67 8e c 1c c6 45 5c 2d d3 68 49 9a ad ] bresp=0 bid=0
[15000] [SEQUENCER] READ mst_id=0 s_id=0 araddr=19edeb0 arid=2 arlen=1 arsize=3 arburst=1 rid=[] rresp=[] rdata=[]
[15000] [SEQUENCER] READ mst_id=1 s_id=0 araddr=1afd3a00 arid=1 arlen=1 arsize=3 arburst=1 rid=[] rresp=[] rdata=[]
[15000] MASTER_DRIVER1 received transaction, op=AXI_READ
[15000] MASTER_DRIVER0 received transaction, op=AXI_READ
[35000] MASTER_DRIVER1 received transaction, op=AXI_READ
[35000] MASTER_DRIVER0 received transaction, op=AXI_WRITE
[45000] ARB MONITOR: slave=0 m0_req=0 m1_req=1 winner=1
[45000] ARB MONITOR: slave=1 m0_req=1 m1_req=0 winner=0
[45000] AXI S0_ARVALID_RDY HANDSHAKE
[45000] MEMORY READ MISS beat=0 addr=1397d660 -> default data id=0
[45000] AXI S0_ARVALID_RDY HANDSHAKE
[45000] MEMORY READ MISS beat=0 addr=392adc8 -> default data id=16
[55000] MEMORY READ MISS beat=1 addr=392add0 -> default data id=16
[55000] MEMORY READ MISS beat=1 addr=1397d668 -> default data id=0
[55000] SLAVE 0 R_VALID_RDY Handshake beat=0 rlast=0
[55000] SLAVE 1 R_VALID_RDY Handshake beat=0 rlast=0
[55000] MASTER 0 AW_VALID_RDY Handshake
[65000] ARB MONITOR: slave=1 m0_req=1 m1_req=0 winner=0
[65000] SLAVE 1 R_VALID_RDY Handshake beat=1 rlast=1
[65000] [SLAVE MONITOR] READ mst_id=0 s_id=1 araddr=1397d660 arid=0 arlen=1 arsize=3 arburst=1 rid=[00] rresp=[00] rdata=[baadf00d12345678baadf00d12345678]
[65000] SLAVE 0 R_VALID_RDY Handshake beat=1 rlast=1
[65000] [SLAVE MONITOR] READ mst_id=1 s_id=0 araddr=392adc8 arid=0 arlen=1 arsize=3 arburst=1 rid=[1010] rresp=[00] rdata=[baadf00d12345678baadf00d12345678]
[65000] AXI S1_AWVALID_RDY HANDSHAKE
[75000] AXI S0_ARVALID_RDY HANDSHAKE
[75000] MEMORY READ MISS beat=0 addr=1afd3a00 -> default data id=17
[75000] ARB MONITOR: slave=1 m0_req=0 m1_req=1 winner=1
[75000] MASTER 1 R_VALID_RDY Handshake beat=0 rlast=0
[75000] MASTER 0 R_VALID_RDY Handshake beat=0 rlast=0
[75000] MASTER 0 W_VALID_RDY Handshake beat=0 wlast=0
[85000] [MASTER DRIVER] READ mst_id=0 s_id=0 araddr=1397d660 arid=0 arlen=1 arsize=3 arburst=1 rid=[00] rresp=[00] rdata=[baadf00d12345678baadf00d12345678]
[85000] [MASTER DRIVER] READ mst_id=1 s_id=0 araddr=392adc8 arid=0 arlen=1 arsize=3 arburst=1 rid=[00] rresp=[00] rdata=[baadf00d12345678baadf00d12345678]
[85000] MASTER 0 W_VALID_RDY Handshake beat=1 wlast=0
[85000] MASTER 0 R_VALID_RDY Handshake beat=1 rlast=1
[85000] [MASTER MONITOR] READ mst_id=0 s_id=1 araddr=1397d660 arid=0 arlen=1 arsize=3 arburst=1 rid=[00] rresp=[00] rdata=[baadf00d12345678baadf00d12345678]
[85000] MASTER 1 R_VALID_RDY Handshake beat=1 rlast=1
[85000] [MASTER MONITOR] READ mst_id=1 s_id=0 araddr=392adc8 arid=0 arlen=1 arsize=3 arburst=1 rid=[00] rresp=[00] rdata=[baadf00d12345678baadf00d12345678]
[85000] SLAVE 1 R_VALID_RDY Handshake beat=0 rlast=0
[85000] MEMORY READ MISS beat=1 addr=1afd3a08 -> default data id=17
[85000] S1 MEMORY WRITE beat=0 addr=15015528 data=10220a25248c7ef1 id=06
[85000] SCOREBOARD MATCH: decode_err expected = 0, actual =0
[85000] SCOREBOARD MATCH: slave_id expected = 1, actual =1
[85000] SCOREBOARD MATCH: araddr passthrough expected = 1397d660, actual =1397d660
[85000] SCOREBOARD MATCH: arlen passthrough expected = 1, actual =1
[85000] SCOREBOARD MATCH: arsize passthrough expected = 3, actual =3
[85000] SCOREBOARD MATCH: arburst passthrough expected = 1, actual =1
[85000] SCOREBOARD MATCH: rdata size check expected = 2, actual =2
[85000] SCOREBOARD MATCH: rdata passthrough beat=0 expected = baadf00d12345678, actual =baadf00d12345678
[85000] SCOREBOARD MATCH: rdata passthrough beat=1 expected = baadf00d12345678, actual =baadf00d12345678
[85000] SCOREBOARD MATCH: rresp size check expected = 2, actual =2
[85000] SCOREBOARD MATCH: rresp passthrough beat=0 expected = 0, actual =0
[85000] SCOREBOARD MATCH: rresp passthrough beat=1 expected = 0, actual =0
[85000] SCOREBOARD MATCH: response routed to correct master (read beat 0) expected = 0, actual =0
[85000] SCOREBOARD MATCH: response routed to correct master (read beat 1) expected = 0, actual =0
[85000] [SCOREBOARD-M] READ mst_id=0 s_id=1 araddr=1397d660 arid=0 arlen=1 arsize=3 arburst=1 rid=[00] rresp=[00] rdata=[baadf00d12345678baadf00d12345678]
[85000] [SCOREBOARD-S] READ mst_id=0 s_id=1 araddr=1397d660 arid=0 arlen=1 arsize=3 arburst=1 rid=[00] rresp=[00] rdata=[baadf00d12345678baadf00d12345678]
[85000] SCOREBOARD: Transaction 1 received. pass=14 fail=0
[85000] ALL PASS. Total transactions: 1
[85000] SCOREBOARD MATCH: decode_err expected = 0, actual =0
[85000] SCOREBOARD MATCH: slave_id expected = 0, actual =0
[85000] SCOREBOARD MATCH: araddr passthrough expected = 392adc8, actual =392adc8
[85000] SCOREBOARD MATCH: arlen passthrough expected = 1, actual =1
[85000] SCOREBOARD MATCH: arsize passthrough expected = 3, actual =3
[85000] SCOREBOARD MATCH: arburst passthrough expected = 1, actual =1
[85000] SCOREBOARD MATCH: rdata size check expected = 2, actual =2
[85000] SCOREBOARD MATCH: rdata passthrough beat=0 expected = baadf00d12345678, actual =baadf00d12345678
[85000] SCOREBOARD MATCH: rdata passthrough beat=1 expected = baadf00d12345678, actual =baadf00d12345678
[85000] SCOREBOARD MATCH: rresp size check expected = 2, actual =2
[85000] SCOREBOARD MATCH: rresp passthrough beat=0 expected = 0, actual =0
[85000] SCOREBOARD MATCH: rresp passthrough beat=1 expected = 0, actual =0
[85000] SCOREBOARD MATCH: response routed to correct master (read beat 0) expected = 1, actual =1
[85000] SCOREBOARD MATCH: response routed to correct master (read beat 1) expected = 1, actual =1
[85000] [SCOREBOARD-M] READ mst_id=1 s_id=0 araddr=392adc8 arid=0 arlen=1 arsize=3 arburst=1 rid=[00] rresp=[00] rdata=[baadf00d12345678baadf00d12345678]
[85000] [SCOREBOARD-S] READ mst_id=1 s_id=0 araddr=392adc8 arid=0 arlen=1 arsize=3 arburst=1 rid=[1010] rresp=[00] rdata=[baadf00d12345678baadf00d12345678]
[85000] SCOREBOARD: Transaction 2 received. pass=28 fail=0
[85000] ALL PASS. Total transactions: 2
[95000] S1 MEMORY WRITE beat=1 addr=15015538 data=97f7232abd48de12 id=06
[95000] SLAVE 1 R_VALID_RDY Handshake beat=1 rlast=1
[95000] [SLAVE MONITOR] READ mst_id=1 s_id=1 araddr=1afd3a00 arid=1 arlen=1 arsize=3 arburst=1 rid=[1111] rresp=[00] rdata=[baadf00d12345678baadf00d12345678]
[95000] MASTER 0 W_VALID_RDY Handshake beat=2 wlast=0
[105000] MASTER 0 W_VALID_RDY Handshake beat=3 wlast=0
[105000] MASTER 1 R_VALID_RDY Handshake beat=0 rlast=0
[105000] S1 MEMORY WRITE beat=2 addr=15015548 data=fbbe926cdbe40f81 id=06
[115000] S1 MEMORY WRITE beat=3 addr=15015558 data=80708e72359b3a98 id=06
[115000] MASTER 1 R_VALID_RDY Handshake beat=1 rlast=1
[115000] [MASTER MONITOR] READ mst_id=1 s_id=1 araddr=1afd3a00 arid=1 arlen=1 arsize=3 arburst=1 rid=[11] rresp=[00] rdata=[baadf00d12345678baadf00d12345678]
[115000] MASTER 0 W_VALID_RDY Handshake beat=4 wlast=0
[115000] [MASTER DRIVER] READ mst_id=1 s_id=0 araddr=1afd3a00 arid=1 arlen=1 arsize=3 arburst=1 rid=[11] rresp=[00] rdata=[baadf00d12345678baadf00d12345678]
[115000] SCOREBOARD MATCH: decode_err expected = 0, actual =0
[115000] SCOREBOARD MATCH: slave_id expected = 1, actual =1
[115000] SCOREBOARD MATCH: araddr passthrough expected = 1afd3a00, actual =1afd3a00
[115000] SCOREBOARD MATCH: arlen passthrough expected = 1, actual =1
[115000] SCOREBOARD MATCH: arsize passthrough expected = 3, actual =3
[115000] SCOREBOARD MATCH: arburst passthrough expected = 1, actual =1
[115000] SCOREBOARD MATCH: rdata size check expected = 2, actual =2
[115000] SCOREBOARD MATCH: rdata passthrough beat=0 expected = baadf00d12345678, actual =baadf00d12345678
[115000] SCOREBOARD MATCH: rdata passthrough beat=1 expected = baadf00d12345678, actual =baadf00d12345678
[115000] SCOREBOARD MATCH: rresp size check expected = 2, actual =2
[115000] SCOREBOARD MATCH: rresp passthrough beat=0 expected = 0, actual =0
[115000] SCOREBOARD MATCH: rresp passthrough beat=1 expected = 0, actual =0
[115000] SCOREBOARD MATCH: response routed to correct master (read beat 0) expected = 1, actual =1
[115000] SCOREBOARD MATCH: response routed to correct master (read beat 1) expected = 1, actual =1
[115000] [SCOREBOARD-M] READ mst_id=1 s_id=1 araddr=1afd3a00 arid=1 arlen=1 arsize=3 arburst=1 rid=[11] rresp=[00] rdata=[baadf00d12345678baadf00d12345678]
[115000] [SCOREBOARD-S] READ mst_id=1 s_id=1 araddr=1afd3a00 arid=1 arlen=1 arsize=3 arburst=1 rid=[1111] rresp=[00] rdata=[baadf00d12345678baadf00d12345678]
[115000] SCOREBOARD: Transaction 3 received. pass=42 fail=0
[115000] ALL PASS. Total transactions: 3
[125000] MASTER 0 W_VALID_RDY Handshake beat=5 wlast=0
[125000] S1 MEMORY WRITE beat=4 addr=15015568 data=f2e418aa8be09c91 id=06
[135000] S1 MEMORY WRITE beat=5 addr=15015578 data=e7c4ac131867b19d id=06
[135000] MASTER 0 W_VALID_RDY Handshake beat=6 wlast=0
[145000] MASTER 0 W_VALID_RDY Handshake beat=7 wlast=0
[145000] S1 MEMORY WRITE beat=6 addr=15015588 data=ce02ec35eea2ab17 id=06
[155000] S1 MEMORY WRITE beat=7 addr=15015598 data=fa8347a8e8353a85 id=06
[155000] MASTER 0 W_VALID_RDY Handshake beat=8 wlast=0
[165000] MASTER 0 W_VALID_RDY Handshake beat=9 wlast=0
[165000] S1 MEMORY WRITE beat=8 addr=150155a8 data=809cec22c0e704df id=06
[175000] S1 MEMORY WRITE beat=9 addr=150155b8 data=af89aff6e247f3bb id=06
[175000] MASTER 0 W_VALID_RDY Handshake beat=10 wlast=0
[185000] MASTER 0 W_VALID_RDY Handshake beat=11 wlast=0
[185000] S1 MEMORY WRITE beat=10 addr=150155c8 data=ca7d2e41ce9fd857 id=06
[195000] S1 MEMORY WRITE beat=11 addr=150155d8 data=0f86dd372a0cf79f id=06
[195000] MASTER 0 W_VALID_RDY Handshake beat=12 wlast=0
[205000] MASTER 0 W_VALID_RDY Handshake beat=13 wlast=0
[205000] S1 MEMORY WRITE beat=12 addr=150155e8 data=8c54eb5acb1a1a63 id=06
[215000] S1 MEMORY WRITE beat=13 addr=150155f8 data=19b9f2bbbf108d2d id=06
[215000] MASTER 0 W_VALID_RDY Handshake beat=14 wlast=0
[225000] MASTER 0 W_VALID_RDY Handshake beat=15 wlast=0
[225000] S1 MEMORY WRITE beat=14 addr=15015608 data=e91d84ccd6d2199b id=06
[235000] S1 MEMORY WRITE beat=15 addr=15015618 data=21ec33ff2940cff2 id=06
[235000] MASTER 0 W_VALID_RDY Handshake beat=16 wlast=0
[245000] MASTER 0 W_VALID_RDY Handshake beat=17 wlast=0
[245000] S1 MEMORY WRITE beat=16 addr=15015628 data=e8515d1ff5727027 id=06
[255000] S1 MEMORY WRITE beat=17 addr=15015638 data=cc4489c23ba626ba id=06
[255000] MASTER 0 W_VALID_RDY Handshake beat=18 wlast=0
[265000] MASTER 0 W_VALID_RDY Handshake beat=19 wlast=0
[265000] S1 MEMORY WRITE beat=18 addr=15015648 data=e4e6f6acd16ee1ec id=06
[275000] S1 MEMORY WRITE beat=19 addr=15015658 data=c6e15213ee30bdc1 id=06
[275000] MASTER 0 W_VALID_RDY Handshake beat=20 wlast=0
[285000] MASTER 0 W_VALID_RDY Handshake beat=21 wlast=0
[285000] S1 MEMORY WRITE beat=20 addr=15015668 data=a9d6e47bcd3853cb id=06
[295000] S1 MEMORY WRITE beat=21 addr=15015678 data=9ea735b79325dbd5 id=06
[295000] MASTER 0 W_VALID_RDY Handshake beat=22 wlast=0
[305000] MASTER 0 W_VALID_RDY Handshake beat=23 wlast=0
[305000] S1 MEMORY WRITE beat=22 addr=15015688 data=015699978ebddb27 id=06
[315000] S1 MEMORY WRITE beat=23 addr=15015698 data=dbf62ef3e58887ca id=06
[315000] MASTER 0 W_VALID_RDY Handshake beat=24 wlast=0
[325000] MASTER 0 W_VALID_RDY Handshake beat=25 wlast=0
[325000] S1 MEMORY WRITE beat=24 addr=150156a8 data=f8ae63a0ab2d7e12 id=06
[335000] S1 MEMORY WRITE beat=25 addr=150156b8 data=39eb593afa9d64aa id=06
[335000] MASTER 0 W_VALID_RDY Handshake beat=26 wlast=0
[345000] MASTER 0 W_VALID_RDY Handshake beat=27 wlast=0
[345000] S1 MEMORY WRITE beat=26 addr=150156c8 data=e025ec75fa04fd37 id=06
[355000] S1 MEMORY WRITE beat=27 addr=150156d8 data=a5327b4915e1882d id=06
[355000] MASTER 0 W_VALID_RDY Handshake beat=28 wlast=0
[365000] MASTER 0 W_VALID_RDY Handshake beat=29 wlast=0
[365000] S1 MEMORY WRITE beat=28 addr=150156e8 data=907eecd7d8d45015 id=06
[375000] S1 MEMORY WRITE beat=29 addr=150156f8 data=d2d94d4cdf1dd483 id=06
[375000] MASTER 0 W_VALID_RDY Handshake beat=30 wlast=0
[385000] MASTER 0 W_VALID_RDY Handshake beat=31 wlast=0
[385000] S1 MEMORY WRITE beat=30 addr=15015708 data=f4ff5cb0f0a4d94c id=06
[395000] S1 MEMORY WRITE beat=31 addr=15015718 data=c9792961f80bc895 id=06
[395000] MASTER 0 W_VALID_RDY Handshake beat=32 wlast=0
[405000] MASTER 0 W_VALID_RDY Handshake beat=33 wlast=0
[405000] S1 MEMORY WRITE beat=32 addr=15015728 data=d7299d19057e4988 id=06
[415000] S1 MEMORY WRITE beat=33 addr=15015738 data=f62322d49c5276ad id=06
[415000] MASTER 0 W_VALID_RDY Handshake beat=34 wlast=0
[425000] MASTER 0 W_VALID_RDY Handshake beat=35 wlast=0
[425000] S1 MEMORY WRITE beat=34 addr=15015748 data=145e3f43cc28f9c9 id=06
[435000] S1 MEMORY WRITE beat=35 addr=15015758 data=d1a743513f9c4c36 id=06
[435000] MASTER 0 W_VALID_RDY Handshake beat=36 wlast=0
[445000] MASTER 0 W_VALID_RDY Handshake beat=37 wlast=0
[445000] S1 MEMORY WRITE beat=36 addr=15015768 data=dbeec2e3eb87dc5c id=06
[455000] S1 MEMORY WRITE beat=37 addr=15015778 data=b7b0d625c7ca6626 id=06
[455000] MASTER 0 W_VALID_RDY Handshake beat=38 wlast=0
[465000] MASTER 0 W_VALID_RDY Handshake beat=39 wlast=0
[465000] S1 MEMORY WRITE beat=38 addr=15015788 data=0766b25cf04d0226 id=06
[475000] S1 MEMORY WRITE beat=39 addr=15015798 data=dbd4de8209581977 id=06
[475000] MASTER 0 W_VALID_RDY Handshake beat=40 wlast=0
[485000] MASTER 0 W_VALID_RDY Handshake beat=41 wlast=0
[485000] S1 MEMORY WRITE beat=40 addr=150157a8 data=d1227f9de355753f id=06
[495000] S1 MEMORY WRITE beat=41 addr=150157b8 data=d3a277661385b4a8 id=06
[495000] MASTER 0 W_VALID_RDY Handshake beat=42 wlast=0
[505000] MASTER 0 W_VALID_RDY Handshake beat=43 wlast=0
[505000] S1 MEMORY WRITE beat=42 addr=150157c8 data=1cddce1fd88931f9 id=06
[515000] S1 MEMORY WRITE beat=43 addr=150157d8 data=bbdea738af7755e8 id=06
[515000] MASTER 0 W_VALID_RDY Handshake beat=44 wlast=0
[525000] MASTER 0 W_VALID_RDY Handshake beat=45 wlast=0
[525000] S1 MEMORY WRITE beat=44 addr=150157e8 data=c2fd0a90ee004dbc id=06
[535000] S1 MEMORY WRITE beat=45 addr=150157f8 data=c6897fb58f811e9e id=06
[535000] MASTER 0 W_VALID_RDY Handshake beat=46 wlast=0
[545000] MASTER 0 W_VALID_RDY Handshake beat=47 wlast=0
[545000] S1 MEMORY WRITE beat=46 addr=15015808 data=3ef87487dfdad8af id=06
[555000] S1 MEMORY WRITE beat=47 addr=15015818 data=cddb266b826826ed id=06
[555000] MASTER 0 W_VALID_RDY Handshake beat=48 wlast=0
[565000] MASTER 0 W_VALID_RDY Handshake beat=49 wlast=0
[565000] S1 MEMORY WRITE beat=48 addr=15015828 data=11e9458c81f57f17 id=06
[575000] S1 MEMORY WRITE beat=49 addr=15015838 data=e1d057c79464a620 id=06
[575000] MASTER 0 W_VALID_RDY Handshake beat=50 wlast=0
[585000] MASTER 0 W_VALID_RDY Handshake beat=51 wlast=0
[585000] S1 MEMORY WRITE beat=50 addr=15015848 data=16cccd0ed0e1ba13 id=06
[595000] S1 MEMORY WRITE beat=51 addr=15015858 data=d2d7392aafab7e32 id=06
[595000] MASTER 0 W_VALID_RDY Handshake beat=52 wlast=0
[605000] MASTER 0 W_VALID_RDY Handshake beat=53 wlast=0
[605000] S1 MEMORY WRITE beat=52 addr=15015868 data=c410245328b6129a id=06
[615000] S1 MEMORY WRITE beat=53 addr=15015878 data=f997ccadb4a790f1 id=06
[615000] MASTER 0 W_VALID_RDY Handshake beat=54 wlast=0
[625000] MASTER 0 W_VALID_RDY Handshake beat=55 wlast=0
[625000] S1 MEMORY WRITE beat=54 addr=15015888 data=e4530f24dadcf161 id=06
[635000] S1 MEMORY WRITE beat=55 addr=15015898 data=039303fbcc6f05d7 id=06
[635000] MASTER 0 W_VALID_RDY Handshake beat=56 wlast=0
[645000] MASTER_DRIVER0 received transaction, op=AXI_READ
[645000] MASTER 0 W_VALID_RDY Handshake beat=57 wlast=1
[645000] S1 MEMORY WRITE beat=56 addr=150158a8 data=011696c928633377 id=06
[655000] S1 MEMORY WRITE beat=57 addr=150158b8 data=034024d8fd2ad0a8 id=06
[665000] SLAVE1 sent B resp, id=6
[675000] AXI S0_ARVALID_RDY HANDSHAKE
[675000] MEMORY READ MISS beat=0 addr=19edeb0 -> default data id=2
[675000] [SLAVE MONITOR] mst_id=0 s_id=1 awaddr=15015528 awid=110 awlen=57 awsize=4 awburst=1 wdata=[10220a25248c7ef1 97f7232abd48de12 fbbe926cdbe40f81 80708e72359b3a98 f2e418aa8be09c91 e7c4ac131867b19d ce02ec35eea2ab17 fa8347a8e8353a85 809cec22c0e704df af89aff6e247f3bb ca7d2e41ce9fd857 f86dd372a0cf79f 8c54eb5acb1a1a63 19b9f2bbbf108d2d e91d84ccd6d2199b 21ec33ff2940cff2 e8515d1ff5727027 cc4489c23ba626ba e4e6f6acd16ee1ec c6e15213ee30bdc1 a9d6e47bcd3853cb 9ea735b79325dbd5 15699978ebddb27 dbf62ef3e58887ca f8ae63a0ab2d7e12 39eb593afa9d64aa e025ec75fa04fd37 a5327b4915e1882d 907eecd7d8d45015 d2d94d4cdf1dd483 f4ff5cb0f0a4d94c c9792961f80bc895 d7299d19057e4988 f62322d49c5276ad 145e3f43cc28f9c9 d1a743513f9c4c36 dbeec2e3eb87dc5c b7b0d625c7ca6626 766b25cf04d0226 dbd4de8209581977 d1227f9de355753f d3a277661385b4a8 1cddce1fd88931f9 bbdea738af7755e8 c2fd0a90ee004dbc c6897fb58f811e9e 3ef87487dfdad8af cddb266b826826ed 11e9458c81f57f17 e1d057c79464a620 16cccd0ed0e1ba13 d2d7392aafab7e32 c410245328b6129a f997ccadb4a790f1 e4530f24dadcf161 39303fbcc6f05d7 11696c928633377 34024d8fd2ad0a8 ] wstrb=[ed 7f d3 64 48 7b 3c 35 fa f 99 43 8a d5 78 84 e4 12 c7 6e e7 40 f3 cc 52 ba 3a 39 fa 2d 5 4c e8 40 86 e2 6d 8b 2f 55 cb b5 38 39 40 67 8e c 1c c6 45 5c 2d d3 68 49 9a ad ] bresp=0 bid=110
[675000] ARB MONITOR: slave=0 m0_req=1 m1_req=0 winner=0
[685000] MASTER 0 RECEIVED BRESP. BRESP=0
[685000] [MASTER DRIVER] mst_id=0 s_id=0 awaddr=15015528 awid=110 awlen=57 awsize=4 awburst=1 wdata=[10220a25248c7ef1 97f7232abd48de12 fbbe926cdbe40f81 80708e72359b3a98 f2e418aa8be09c91 e7c4ac131867b19d ce02ec35eea2ab17 fa8347a8e8353a85 809cec22c0e704df af89aff6e247f3bb ca7d2e41ce9fd857 f86dd372a0cf79f 8c54eb5acb1a1a63 19b9f2bbbf108d2d e91d84ccd6d2199b 21ec33ff2940cff2 e8515d1ff5727027 cc4489c23ba626ba e4e6f6acd16ee1ec c6e15213ee30bdc1 a9d6e47bcd3853cb 9ea735b79325dbd5 15699978ebddb27 dbf62ef3e58887ca f8ae63a0ab2d7e12 39eb593afa9d64aa e025ec75fa04fd37 a5327b4915e1882d 907eecd7d8d45015 d2d94d4cdf1dd483 f4ff5cb0f0a4d94c c9792961f80bc895 d7299d19057e4988 f62322d49c5276ad 145e3f43cc28f9c9 d1a743513f9c4c36 dbeec2e3eb87dc5c b7b0d625c7ca6626 766b25cf04d0226 dbd4de8209581977 d1227f9de355753f d3a277661385b4a8 1cddce1fd88931f9 bbdea738af7755e8 c2fd0a90ee004dbc c6897fb58f811e9e 3ef87487dfdad8af cddb266b826826ed 11e9458c81f57f17 e1d057c79464a620 16cccd0ed0e1ba13 d2d7392aafab7e32 c410245328b6129a f997ccadb4a790f1 e4530f24dadcf161 39303fbcc6f05d7 11696c928633377 34024d8fd2ad0a8 ] wstrb=[ed 7f d3 64 48 7b 3c 35 fa f 99 43 8a d5 78 84 e4 12 c7 6e e7 40 f3 cc 52 ba 3a 39 fa 2d 5 4c e8 40 86 e2 6d 8b 2f 55 cb b5 38 39 40 67 8e c 1c c6 45 5c 2d d3 68 49 9a ad ] bresp=0 bid=110
[685000] MASTER 0 B_VALID_RDY Handshake
[685000] [MASTER MONITOR] mst_id=0 s_id=1 awaddr=15015528 awid=110 awlen=57 awsize=4 awburst=1 wdata=[10220a25248c7ef1 97f7232abd48de12 fbbe926cdbe40f81 80708e72359b3a98 f2e418aa8be09c91 e7c4ac131867b19d ce02ec35eea2ab17 fa8347a8e8353a85 809cec22c0e704df af89aff6e247f3bb ca7d2e41ce9fd857 f86dd372a0cf79f 8c54eb5acb1a1a63 19b9f2bbbf108d2d e91d84ccd6d2199b 21ec33ff2940cff2 e8515d1ff5727027 cc4489c23ba626ba e4e6f6acd16ee1ec c6e15213ee30bdc1 a9d6e47bcd3853cb 9ea735b79325dbd5 15699978ebddb27 dbf62ef3e58887ca f8ae63a0ab2d7e12 39eb593afa9d64aa e025ec75fa04fd37 a5327b4915e1882d 907eecd7d8d45015 d2d94d4cdf1dd483 f4ff5cb0f0a4d94c c9792961f80bc895 d7299d19057e4988 f62322d49c5276ad 145e3f43cc28f9c9 d1a743513f9c4c36 dbeec2e3eb87dc5c b7b0d625c7ca6626 766b25cf04d0226 dbd4de8209581977 d1227f9de355753f d3a277661385b4a8 1cddce1fd88931f9 bbdea738af7755e8 c2fd0a90ee004dbc c6897fb58f811e9e 3ef87487dfdad8af cddb266b826826ed 11e9458c81f57f17 e1d057c79464a620 16cccd0ed0e1ba13 d2d7392aafab7e32 c410245328b6129a f997ccadb4a790f1 e4530f24dadcf161 39303fbcc6f05d7 11696c928633377 34024d8fd2ad0a8 ] wstrb=[ed 7f d3 64 48 7b 3c 35 fa f 99 43 8a d5 78 84 e4 12 c7 6e e7 40 f3 cc 52 ba 3a 39 fa 2d 5 4c e8 40 86 e2 6d 8b 2f 55 cb b5 38 39 40 67 8e c 1c c6 45 5c 2d d3 68 49 9a ad ] bresp=0 bid=110
[685000] SLAVE 0 R_VALID_RDY Handshake beat=0 rlast=0
[685000] MEMORY READ MISS beat=1 addr=19edeb8 -> default data id=2
[685000] SCOREBOARD MATCH: decode_err expected = 0, actual =0
[685000] SCOREBOARD MATCH: slave_id expected = 1, actual =1
[685000] SCOREBOARD MATCH: awaddr passthrough expected = 15015528, actual =15015528
[685000] SCOREBOARD MATCH: awlen passthrough expected = 57, actual =57
[685000] SCOREBOARD MATCH: awsize passthrough expected = 4, actual =4
[685000] SCOREBOARD MATCH: awburst passthrough expected = 1, actual =1
[685000] SCOREBOARD MATCH: wdata size check expected = 3a, actual =3a
[685000] SCOREBOARD MATCH: wdata passthrough beat=0 expected = 10220a25248c7ef1, actual =10220a25248c7ef1
[685000] SCOREBOARD MATCH: wdata passthrough beat=1 expected = 97f7232abd48de12, actual =97f7232abd48de12
[685000] SCOREBOARD MATCH: wdata passthrough beat=2 expected = fbbe926cdbe40f81, actual =fbbe926cdbe40f81
[685000] SCOREBOARD MATCH: wdata passthrough beat=3 expected = 80708e72359b3a98, actual =80708e72359b3a98
[685000] SCOREBOARD MATCH: wdata passthrough beat=4 expected = f2e418aa8be09c91, actual =f2e418aa8be09c91
[685000] SCOREBOARD MATCH: wdata passthrough beat=5 expected = e7c4ac131867b19d, actual =e7c4ac131867b19d
[685000] SCOREBOARD MATCH: wdata passthrough beat=6 expected = ce02ec35eea2ab17, actual =ce02ec35eea2ab17
[685000] SCOREBOARD MATCH: wdata passthrough beat=7 expected = fa8347a8e8353a85, actual =fa8347a8e8353a85
[685000] SCOREBOARD MATCH: wdata passthrough beat=8 expected = 809cec22c0e704df, actual =809cec22c0e704df
[685000] SCOREBOARD MATCH: wdata passthrough beat=9 expected = af89aff6e247f3bb, actual =af89aff6e247f3bb
[685000] SCOREBOARD MATCH: wdata passthrough beat=10 expected = ca7d2e41ce9fd857, actual =ca7d2e41ce9fd857
[685000] SCOREBOARD MATCH: wdata passthrough beat=11 expected = f86dd372a0cf79f, actual =f86dd372a0cf79f
[685000] SCOREBOARD MATCH: wdata passthrough beat=12 expected = 8c54eb5acb1a1a63, actual =8c54eb5acb1a1a63
[685000] SCOREBOARD MATCH: wdata passthrough beat=13 expected = 19b9f2bbbf108d2d, actual =19b9f2bbbf108d2d
[685000] SCOREBOARD MATCH: wdata passthrough beat=14 expected = e91d84ccd6d2199b, actual =e91d84ccd6d2199b
[685000] SCOREBOARD MATCH: wdata passthrough beat=15 expected = 21ec33ff2940cff2, actual =21ec33ff2940cff2
[685000] SCOREBOARD MATCH: wdata passthrough beat=16 expected = e8515d1ff5727027, actual =e8515d1ff5727027
[685000] SCOREBOARD MATCH: wdata passthrough beat=17 expected = cc4489c23ba626ba, actual =cc4489c23ba626ba
[685000] SCOREBOARD MATCH: wdata passthrough beat=18 expected = e4e6f6acd16ee1ec, actual =e4e6f6acd16ee1ec
[685000] SCOREBOARD MATCH: wdata passthrough beat=19 expected = c6e15213ee30bdc1, actual =c6e15213ee30bdc1
[685000] SCOREBOARD MATCH: wdata passthrough beat=20 expected = a9d6e47bcd3853cb, actual =a9d6e47bcd3853cb
[685000] SCOREBOARD MATCH: wdata passthrough beat=21 expected = 9ea735b79325dbd5, actual =9ea735b79325dbd5
[685000] SCOREBOARD MATCH: wdata passthrough beat=22 expected = 15699978ebddb27, actual =15699978ebddb27
[685000] SCOREBOARD MATCH: wdata passthrough beat=23 expected = dbf62ef3e58887ca, actual =dbf62ef3e58887ca
[685000] SCOREBOARD MATCH: wdata passthrough beat=24 expected = f8ae63a0ab2d7e12, actual =f8ae63a0ab2d7e12
[685000] SCOREBOARD MATCH: wdata passthrough beat=25 expected = 39eb593afa9d64aa, actual =39eb593afa9d64aa
[685000] SCOREBOARD MATCH: wdata passthrough beat=26 expected = e025ec75fa04fd37, actual =e025ec75fa04fd37
[685000] SCOREBOARD MATCH: wdata passthrough beat=27 expected = a5327b4915e1882d, actual =a5327b4915e1882d
[685000] SCOREBOARD MATCH: wdata passthrough beat=28 expected = 907eecd7d8d45015, actual =907eecd7d8d45015
[685000] SCOREBOARD MATCH: wdata passthrough beat=29 expected = d2d94d4cdf1dd483, actual =d2d94d4cdf1dd483
[685000] SCOREBOARD MATCH: wdata passthrough beat=30 expected = f4ff5cb0f0a4d94c, actual =f4ff5cb0f0a4d94c
[685000] SCOREBOARD MATCH: wdata passthrough beat=31 expected = c9792961f80bc895, actual =c9792961f80bc895
[685000] SCOREBOARD MATCH: wdata passthrough beat=32 expected = d7299d19057e4988, actual =d7299d19057e4988
[685000] SCOREBOARD MATCH: wdata passthrough beat=33 expected = f62322d49c5276ad, actual =f62322d49c5276ad
[685000] SCOREBOARD MATCH: wdata passthrough beat=34 expected = 145e3f43cc28f9c9, actual =145e3f43cc28f9c9
[685000] SCOREBOARD MATCH: wdata passthrough beat=35 expected = d1a743513f9c4c36, actual =d1a743513f9c4c36
[685000] SCOREBOARD MATCH: wdata passthrough beat=36 expected = dbeec2e3eb87dc5c, actual =dbeec2e3eb87dc5c
[685000] SCOREBOARD MATCH: wdata passthrough beat=37 expected = b7b0d625c7ca6626, actual =b7b0d625c7ca6626
[685000] SCOREBOARD MATCH: wdata passthrough beat=38 expected = 766b25cf04d0226, actual =766b25cf04d0226
[685000] SCOREBOARD MATCH: wdata passthrough beat=39 expected = dbd4de8209581977, actual =dbd4de8209581977
[685000] SCOREBOARD MATCH: wdata passthrough beat=40 expected = d1227f9de355753f, actual =d1227f9de355753f
[685000] SCOREBOARD MATCH: wdata passthrough beat=41 expected = d3a277661385b4a8, actual =d3a277661385b4a8
[685000] SCOREBOARD MATCH: wdata passthrough beat=42 expected = 1cddce1fd88931f9, actual =1cddce1fd88931f9
[685000] SCOREBOARD MATCH: wdata passthrough beat=43 expected = bbdea738af7755e8, actual =bbdea738af7755e8
[685000] SCOREBOARD MATCH: wdata passthrough beat=44 expected = c2fd0a90ee004dbc, actual =c2fd0a90ee004dbc
[685000] SCOREBOARD MATCH: wdata passthrough beat=45 expected = c6897fb58f811e9e, actual =c6897fb58f811e9e
[685000] SCOREBOARD MATCH: wdata passthrough beat=46 expected = 3ef87487dfdad8af, actual =3ef87487dfdad8af
[685000] SCOREBOARD MATCH: wdata passthrough beat=47 expected = cddb266b826826ed, actual =cddb266b826826ed
[685000] SCOREBOARD MATCH: wdata passthrough beat=48 expected = 11e9458c81f57f17, actual =11e9458c81f57f17
[685000] SCOREBOARD MATCH: wdata passthrough beat=49 expected = e1d057c79464a620, actual =e1d057c79464a620
[685000] SCOREBOARD MATCH: wdata passthrough beat=50 expected = 16cccd0ed0e1ba13, actual =16cccd0ed0e1ba13
[685000] SCOREBOARD MATCH: wdata passthrough beat=51 expected = d2d7392aafab7e32, actual =d2d7392aafab7e32
[685000] SCOREBOARD MATCH: wdata passthrough beat=52 expected = c410245328b6129a, actual =c410245328b6129a
[685000] SCOREBOARD MATCH: wdata passthrough beat=53 expected = f997ccadb4a790f1, actual =f997ccadb4a790f1
[685000] SCOREBOARD MATCH: wdata passthrough beat=54 expected = e4530f24dadcf161, actual =e4530f24dadcf161
[685000] SCOREBOARD MATCH: wdata passthrough beat=55 expected = 39303fbcc6f05d7, actual =39303fbcc6f05d7
[685000] SCOREBOARD MATCH: wdata passthrough beat=56 expected = 11696c928633377, actual =11696c928633377
[685000] SCOREBOARD MATCH: wdata passthrough beat=57 expected = 34024d8fd2ad0a8, actual =34024d8fd2ad0a8
[685000] SCOREBOARD MATCH: wstrb size check expected = 3a, actual =3a
[685000] SCOREBOARD MATCH: wstrb passthrough beat=0 expected = ed, actual =ed
[685000] SCOREBOARD MATCH: wstrb passthrough beat=1 expected = 7f, actual =7f
[685000] SCOREBOARD MATCH: wstrb passthrough beat=2 expected = d3, actual =d3
[685000] SCOREBOARD MATCH: wstrb passthrough beat=3 expected = 64, actual =64
[685000] SCOREBOARD MATCH: wstrb passthrough beat=4 expected = 48, actual =48
[685000] SCOREBOARD MATCH: wstrb passthrough beat=5 expected = 7b, actual =7b
[685000] SCOREBOARD MATCH: wstrb passthrough beat=6 expected = 3c, actual =3c
[685000] SCOREBOARD MATCH: wstrb passthrough beat=7 expected = 35, actual =35
[685000] SCOREBOARD MATCH: wstrb passthrough beat=8 expected = fa, actual =fa
[685000] SCOREBOARD MATCH: wstrb passthrough beat=9 expected = f, actual =f
[685000] SCOREBOARD MATCH: wstrb passthrough beat=10 expected = 99, actual =99
[685000] SCOREBOARD MATCH: wstrb passthrough beat=11 expected = 43, actual =43
[685000] SCOREBOARD MATCH: wstrb passthrough beat=12 expected = 8a, actual =8a
[685000] SCOREBOARD MATCH: wstrb passthrough beat=13 expected = d5, actual =d5
[685000] SCOREBOARD MATCH: wstrb passthrough beat=14 expected = 78, actual =78
[685000] SCOREBOARD MATCH: wstrb passthrough beat=15 expected = 84, actual =84
[685000] SCOREBOARD MATCH: wstrb passthrough beat=16 expected = e4, actual =e4
[685000] SCOREBOARD MATCH: wstrb passthrough beat=17 expected = 12, actual =12
[685000] SCOREBOARD MATCH: wstrb passthrough beat=18 expected = c7, actual =c7
[685000] SCOREBOARD MATCH: wstrb passthrough beat=19 expected = 6e, actual =6e
[685000] SCOREBOARD MATCH: wstrb passthrough beat=20 expected = e7, actual =e7
[685000] SCOREBOARD MATCH: wstrb passthrough beat=21 expected = 40, actual =40
[685000] SCOREBOARD MATCH: wstrb passthrough beat=22 expected = f3, actual =f3
[685000] SCOREBOARD MATCH: wstrb passthrough beat=23 expected = cc, actual =cc
[685000] SCOREBOARD MATCH: wstrb passthrough beat=24 expected = 52, actual =52
[685000] SCOREBOARD MATCH: wstrb passthrough beat=25 expected = ba, actual =ba
[685000] SCOREBOARD MATCH: wstrb passthrough beat=26 expected = 3a, actual =3a
[685000] SCOREBOARD MATCH: wstrb passthrough beat=27 expected = 39, actual =39
[685000] SCOREBOARD MATCH: wstrb passthrough beat=28 expected = fa, actual =fa
[685000] SCOREBOARD MATCH: wstrb passthrough beat=29 expected = 2d, actual =2d
[685000] SCOREBOARD MATCH: wstrb passthrough beat=30 expected = 5, actual =5
[685000] SCOREBOARD MATCH: wstrb passthrough beat=31 expected = 4c, actual =4c
[685000] SCOREBOARD MATCH: wstrb passthrough beat=32 expected = e8, actual =e8
[685000] SCOREBOARD MATCH: wstrb passthrough beat=33 expected = 40, actual =40
[685000] SCOREBOARD MATCH: wstrb passthrough beat=34 expected = 86, actual =86
[685000] SCOREBOARD MATCH: wstrb passthrough beat=35 expected = e2, actual =e2
[685000] SCOREBOARD MATCH: wstrb passthrough beat=36 expected = 6d, actual =6d
[685000] SCOREBOARD MATCH: wstrb passthrough beat=37 expected = 8b, actual =8b
[685000] SCOREBOARD MATCH: wstrb passthrough beat=38 expected = 2f, actual =2f
[685000] SCOREBOARD MATCH: wstrb passthrough beat=39 expected = 55, actual =55
[685000] SCOREBOARD MATCH: wstrb passthrough beat=40 expected = cb, actual =cb
[685000] SCOREBOARD MATCH: wstrb passthrough beat=41 expected = b5, actual =b5
[685000] SCOREBOARD MATCH: wstrb passthrough beat=42 expected = 38, actual =38
[685000] SCOREBOARD MATCH: wstrb passthrough beat=43 expected = 39, actual =39
[685000] SCOREBOARD MATCH: wstrb passthrough beat=44 expected = 40, actual =40
[685000] SCOREBOARD MATCH: wstrb passthrough beat=45 expected = 67, actual =67
[685000] SCOREBOARD MATCH: wstrb passthrough beat=46 expected = 8e, actual =8e
[685000] SCOREBOARD MATCH: wstrb passthrough beat=47 expected = c, actual =c
[685000] SCOREBOARD MATCH: wstrb passthrough beat=48 expected = 1c, actual =1c
[685000] SCOREBOARD MATCH: wstrb passthrough beat=49 expected = c6, actual =c6
[685000] SCOREBOARD MATCH: wstrb passthrough beat=50 expected = 45, actual =45
[685000] SCOREBOARD MATCH: wstrb passthrough beat=51 expected = 5c, actual =5c
[685000] SCOREBOARD MATCH: wstrb passthrough beat=52 expected = 2d, actual =2d
[685000] SCOREBOARD MATCH: wstrb passthrough beat=53 expected = d3, actual =d3
[685000] SCOREBOARD MATCH: wstrb passthrough beat=54 expected = 68, actual =68
[685000] SCOREBOARD MATCH: wstrb passthrough beat=55 expected = 49, actual =49
[685000] SCOREBOARD MATCH: wstrb passthrough beat=56 expected = 9a, actual =9a
[685000] SCOREBOARD MATCH: wstrb passthrough beat=57 expected = ad, actual =ad
[685000] SCOREBOARD MATCH: bresp passthrough expected = 0, actual =0
[685000] SCOREBOARD MATCH: response routed to correct master (write) expected = 0, actual =0
[685000] [SCOREBOARD-M] mst_id=0 s_id=1 awaddr=15015528 awid=110 awlen=57 awsize=4 awburst=1 wdata=[10220a25248c7ef1 97f7232abd48de12 fbbe926cdbe40f81 80708e72359b3a98 f2e418aa8be09c91 e7c4ac131867b19d ce02ec35eea2ab17 fa8347a8e8353a85 809cec22c0e704df af89aff6e247f3bb ca7d2e41ce9fd857 f86dd372a0cf79f 8c54eb5acb1a1a63 19b9f2bbbf108d2d e91d84ccd6d2199b 21ec33ff2940cff2 e8515d1ff5727027 cc4489c23ba626ba e4e6f6acd16ee1ec c6e15213ee30bdc1 a9d6e47bcd3853cb 9ea735b79325dbd5 15699978ebddb27 dbf62ef3e58887ca f8ae63a0ab2d7e12 39eb593afa9d64aa e025ec75fa04fd37 a5327b4915e1882d 907eecd7d8d45015 d2d94d4cdf1dd483 f4ff5cb0f0a4d94c c9792961f80bc895 d7299d19057e4988 f62322d49c5276ad 145e3f43cc28f9c9 d1a743513f9c4c36 dbeec2e3eb87dc5c b7b0d625c7ca6626 766b25cf04d0226 dbd4de8209581977 d1227f9de355753f d3a277661385b4a8 1cddce1fd88931f9 bbdea738af7755e8 c2fd0a90ee004dbc c6897fb58f811e9e 3ef87487dfdad8af cddb266b826826ed 11e9458c81f57f17 e1d057c79464a620 16cccd0ed0e1ba13 d2d7392aafab7e32 c410245328b6129a f997ccadb4a790f1 e4530f24dadcf161 39303fbcc6f05d7 11696c928633377 34024d8fd2ad0a8 ] wstrb=[ed 7f d3 64 48 7b 3c 35 fa f 99 43 8a d5 78 84 e4 12 c7 6e e7 40 f3 cc 52 ba 3a 39 fa 2d 5 4c e8 40 86 e2 6d 8b 2f 55 cb b5 38 39 40 67 8e c 1c c6 45 5c 2d d3 68 49 9a ad ] bresp=0 bid=110
[685000] [SCOREBOARD-S] mst_id=0 s_id=1 awaddr=15015528 awid=110 awlen=57 awsize=4 awburst=1 wdata=[10220a25248c7ef1 97f7232abd48de12 fbbe926cdbe40f81 80708e72359b3a98 f2e418aa8be09c91 e7c4ac131867b19d ce02ec35eea2ab17 fa8347a8e8353a85 809cec22c0e704df af89aff6e247f3bb ca7d2e41ce9fd857 f86dd372a0cf79f 8c54eb5acb1a1a63 19b9f2bbbf108d2d e91d84ccd6d2199b 21ec33ff2940cff2 e8515d1ff5727027 cc4489c23ba626ba e4e6f6acd16ee1ec c6e15213ee30bdc1 a9d6e47bcd3853cb 9ea735b79325dbd5 15699978ebddb27 dbf62ef3e58887ca f8ae63a0ab2d7e12 39eb593afa9d64aa e025ec75fa04fd37 a5327b4915e1882d 907eecd7d8d45015 d2d94d4cdf1dd483 f4ff5cb0f0a4d94c c9792961f80bc895 d7299d19057e4988 f62322d49c5276ad 145e3f43cc28f9c9 d1a743513f9c4c36 dbeec2e3eb87dc5c b7b0d625c7ca6626 766b25cf04d0226 dbd4de8209581977 d1227f9de355753f d3a277661385b4a8 1cddce1fd88931f9 bbdea738af7755e8 c2fd0a90ee004dbc c6897fb58f811e9e 3ef87487dfdad8af cddb266b826826ed 11e9458c81f57f17 e1d057c79464a620 16cccd0ed0e1ba13 d2d7392aafab7e32 c410245328b6129a f997ccadb4a790f1 e4530f24dadcf161 39303fbcc6f05d7 11696c928633377 34024d8fd2ad0a8 ] wstrb=[ed 7f d3 64 48 7b 3c 35 fa f 99 43 8a d5 78 84 e4 12 c7 6e e7 40 f3 cc 52 ba 3a 39 fa 2d 5 4c e8 40 86 e2 6d 8b 2f 55 cb b5 38 39 40 67 8e c 1c c6 45 5c 2d d3 68 49 9a ad ] bresp=0 bid=110
[685000] SCOREBOARD: Transaction 4 received. pass=168 fail=0
[685000] ALL PASS. Total transactions: 4
[695000] SLAVE 0 R_VALID_RDY Handshake beat=1 rlast=1
[695000] [SLAVE MONITOR] READ mst_id=0 s_id=0 araddr=19edeb0 arid=2 arlen=1 arsize=3 arburst=1 rid=[22] rresp=[00] rdata=[baadf00d12345678baadf00d12345678]
[705000] MASTER 0 R_VALID_RDY Handshake beat=0 rlast=0
[715000] MASTER 0 R_VALID_RDY Handshake beat=1 rlast=1
[715000] [MASTER MONITOR] READ mst_id=0 s_id=0 araddr=19edeb0 arid=2 arlen=1 arsize=3 arburst=1 rid=[22] rresp=[00] rdata=[baadf00d12345678baadf00d12345678]
[715000] [MASTER DRIVER] READ mst_id=0 s_id=0 araddr=19edeb0 arid=2 arlen=1 arsize=3 arburst=1 rid=[22] rresp=[00] rdata=[baadf00d12345678baadf00d12345678]
[715000] SCOREBOARD MATCH: decode_err expected = 0, actual =0
[715000] SCOREBOARD MATCH: slave_id expected = 0, actual =0
[715000] SCOREBOARD MATCH: araddr passthrough expected = 19edeb0, actual =19edeb0
[715000] SCOREBOARD MATCH: arlen passthrough expected = 1, actual =1
[715000] SCOREBOARD MATCH: arsize passthrough expected = 3, actual =3
[715000] SCOREBOARD MATCH: arburst passthrough expected = 1, actual =1
[715000] SCOREBOARD MATCH: rdata size check expected = 2, actual =2
[715000] SCOREBOARD MATCH: rdata passthrough beat=0 expected = baadf00d12345678, actual =baadf00d12345678
[715000] SCOREBOARD MATCH: rdata passthrough beat=1 expected = baadf00d12345678, actual =baadf00d12345678
[715000] SCOREBOARD MATCH: rresp size check expected = 2, actual =2
[715000] SCOREBOARD MATCH: rresp passthrough beat=0 expected = 0, actual =0
[715000] SCOREBOARD MATCH: rresp passthrough beat=1 expected = 0, actual =0
[715000] SCOREBOARD MATCH: response routed to correct master (read beat 0) expected = 0, actual =0
[715000] SCOREBOARD MATCH: response routed to correct master (read beat 1) expected = 0, actual =0
[715000] [SCOREBOARD-M] READ mst_id=0 s_id=0 araddr=19edeb0 arid=2 arlen=1 arsize=3 arburst=1 rid=[22] rresp=[00] rdata=[baadf00d12345678baadf00d12345678]
[715000] [SCOREBOARD-S] READ mst_id=0 s_id=0 araddr=19edeb0 arid=2 arlen=1 arsize=3 arburst=1 rid=[22] rresp=[00] rdata=[baadf00d12345678baadf00d12345678]
[715000] SCOREBOARD: Transaction 5 received. pass=182 fail=0
[715000] SCOREBOARD: Expected 5 transactions completed, PASS=182 FAIL=0
[715000] ALL PASS. Total transactions: 5
[715000] ALL TRANSACTIONS MONITORED
$finish called at time : 735 ns : File "/home/nashita/Desktop/practice/axi_xbar/tb/top/axi_tb_top.sv" Line 220
exit
INFO: xsimkernel Simulation Memory Usage: 289464 KB (Peak: 337864 KB), Simulation CPU Usage: 1160 ms
INFO: [Common 17-206] Exiting xsim at Thu Sep 10 18:41:52 2026...
