#-----------------------------------------------------------
# xsim v2025.2 (64-bit)
# SW Build 6299465 on Fri Nov 14 12:34:56 MST 2025
# IP Build 6300035 on Fri Nov 14 10:48:45 MST 2025
# SharedData Build 6298862 on Thu Nov 13 04:50:51 MST 2025
# Start of session at: Fri Sep 11 12:08:40 2026
# Process ID         : 763408
# Current directory  : /home/nashita/Desktop/practice/axi_xbar/sim
# Command line       : xsim -log regress_results/BT_run116.log -mode tcl -source {xsim.dir/tb_top_snap/xsim_script.tcl}
# Log file           : /home/nashita/Desktop/practice/axi_xbar/sim/regress_results/BT_run116.log
# Journal file       : /home/nashita/Desktop/practice/axi_xbar/sim/xsim.jou
# Running On         : vlsi-vivado
# Platform           : Ubuntu
# Operating System   : Ubuntu 24.04.4 LTS
# Processor Detail   : Intel(R) Core(TM) i5-10400 CPU @ 2.90GHz
# CPU Frequency      : 4169.418 MHz
# CPU Physical cores : 6
# CPU Logical cores  : 12
# Host memory        : 41875 MB
# Swap memory        : 27648 MB
# Total Virtual      : 69524 MB
# Available Virtual  : 62552 MB
#-----------------------------------------------------------
source xsim.dir/tb_top_snap/xsim_script.tcl
# xsim {tb_top_snap} -testplusarg BT -autoloadwcfg -runall -sv_seed 117
Time resolution is 1 ps
run -all
[0] RUNNING BASE TEST
[0] INSIDE THE BASE TEST CONSTRUCTOR
[0] ENV: before agent
[0] SLAVE CONSTRUCTED
[0] MASTER MONITOR CONSTRUCTED
[0] MASTER MONITOR CONSTRUCTED
[0] SLAVE MONITOR CONSTRUCTED
[0] SLAVE MONITOR CONSTRUCTED
[0] ARB MONITOR CONSTRUCTED
GENERATOR CONSTRUCTED
[0] ENV: after agent
[0] ENV: before scoreboard
[0] ENV: after scoreboard
[15000] [SEQUENCER] READ mst_id=1 s_id=0 araddr=13b77da0 arid=0 arlen=1 arsize=3 arburst=1 rid=[] rresp=[] rdata=[]
[15000] [SEQUENCER] READ mst_id=1 s_id=0 araddr=6492208 arid=1 arlen=1 arsize=3 arburst=1 rid=[] rresp=[] rdata=[]
[15000] [SEQUENCER] mst_id=0 s_id=0 awaddr=1b9c1e48 awid=1100 awlen=128 awsize=3 awburst=1 wdata=[2ad68b6ac5cc1c29 dbd9ded4c5cc50c7 9c2bcc47c6c11f1d c8d3b47a6444c06 ec109ccec70257b1 dc376cfe8671a1b eab6622883c6915 cf3ec0c71a50b216 82b7cc31fabc02f0 82f86c05dd023796 f752e9ac91633253 8c1f3543d2372ccc af396462fa0ab5dd b6de8310f17a149 e14ece15a68c4e0e 209703ec978d1d74 a6a4bebd10883278 b71480862c04ec1d c392099107f38cd3 187bbf4bd7ab8472 83b0708fea36c84f f22a5522cf903fd1 273bc444c7427a21 317942700aa6146d da36543eaaec34d3 f22eaef423a39792 2e49abff81721882 2c5e4d56a3a7f164 c74b88f68880003d 9f218c09e8cfc4a c234edaff59534f5 fe15353336506616 d4dd6260898076a5 ff15ab9b08074df3 3e57b4099712500f 2092c6b5fd2ae0ce 5322ec193351669 2a4766791fa87250 1cd3531ec389e2ca d6bef933cada2d2e ea829f7e220581df e58f64a981065fac cbe08cda0755f29c 295b747bbc4e5ddc 3d54bd89b6632c58 bdb91ef40eead924 cb39370089354a63 3f9876bce714936f f5ff6c93888df489 11c33eedfd5195b0 e4662920c138a394 c9c6981dd15bb5a9 cead4b59da6595b3 9b9e3947db89d70a ace58cb3b3137479 d790a2de564d165 c0eea86ffb92d80d aea64c86a9174374 8e7c14d9edd43523 e9670d30bc1f56b3 e5369a28cf6abd49 3d3ef26c980d59b6 d42cb06af3b2af01 c31d6c4a26a5ff9c beb3595239634a92 ad15f993805c5eb6 a7025e5292e009bc cc43544ef03365de f08fc494e5b5b7a5 f895c161f9594de2 e98cb3c0179222e7 fd47da8cc4d915b0 3e326392da1c7854 f1ae9b3bf5dd9bed bab6b19d27bf1752 81db8fa6eef675c7 e4d411b5f8e9152f a0a82c81f38a2ae2 e280a0a99f8ac352 1873d8822283bc28 160de70ac754b25e e6df75b1b91c0503 db9fc12bf88e87b3 3fe33a12ff534e33 b86f5336f1ada835 ea3c2fe926c2afc3 2615fdf6140f1462 85bcbc972a1f69fb d0e219bede85512c f294658eeff8ec80 9a18567bf6f817b4 d57d68e0f8512226 e84a0ea6eafa7039 e1f287edc811ce6f c062f09502626522 ed5cd55b376ff0ce ff81bf3da8acff3b ab0f645dcf4f5d49 6bf4e173fe4afd2 e891af0d186c39b9 e7bb970206410d54 c625bd2613a1136b 2c0d4d24ee7ae519 f4bbf26daeb76c33 c2587f9e13c8e426 243c93f3ae1af93 e9991bc6ee65ccc2 822eb0e8f6ffbbac 31e16b3f2bf19b65 9a57682784727a27 fb7235d39b7a8705 c76c226a1c861910 a0f89337ad53a112 c8ce2818e1c38a92 fe49a3a21c6ac90b c9be6a1d903a4a82 f1fdd5149f4236d9 bbacffe4928c9235 22c6dcb8f04778b6 f89af90056b6a02 97f7fc3794c4b1cc 50c2a83cb36af74 d0a21976babed8ef cf838abc1495da13 dfcc8987e89a15ae a358ee9dd48fb53f e9258f52306ea2fe 1908b8acf2dc7959 c76c2e98c8f218d9 ] wstrb=[49 d7 ea a3 83 c4 3b cd 9b 26 70 1f ea ab ec 85 d1 5c a4 bb 7 90 41 d9 ec e5 94 f4 76 d5 cd 62 bb 61 56 31 37 23 93 f2 85 ea 23 bc d b6 ae 92 a0 d1 4e ae 87 fc 40 28 cd 8f d6 55 8b 16 7d 59 a5 53 ae 31 69 2b 8a f 7e 38 40 e7 63 ca f6 e1 2 36 c8 65 0 bf 46 2 f5 e 67 f6 cd ad f8 c3 bc 60 b9 89 d b1 4c c9 11 5 53 1f b7 9f e8 c8 a5 3b e7 5c db d0 24 80 b c dc e6 dc 0 66 e7 c ] bresp=0 bid=0
[15000] [SEQUENCER] READ mst_id=0 s_id=0 araddr=1b4c8bb8 arid=1 arlen=1 arsize=3 arburst=1 rid=[] rresp=[] rdata=[]
[15000] [SEQUENCER] mst_id=1 s_id=0 awaddr=cfa12c8 awid=1110 awlen=0 awsize=7 awburst=2 wdata=[e9f6d141ff85e48 ] wstrb=[e9 ] bresp=0 bid=0
[15000] MASTER_DRIVER1 received transaction, op=AXI_READ
[15000] MASTER_DRIVER0 received transaction, op=AXI_WRITE
[35000] MASTER 0 AW_VALID_RDY Handshake
[35000] MASTER_DRIVER1 received transaction, op=AXI_READ
[45000] ARB MONITOR: slave=1 m0_req=1 m1_req=0 winner=0
[45000] ARB MONITOR: slave=1 m0_req=0 m1_req=1 winner=1
[45000] AXI S0_ARVALID_RDY HANDSHAKE
[45000] MEMORY READ MISS beat=0 addr=13b77da0 -> default data id=16
[45000] AXI S1_AWVALID_RDY HANDSHAKE
[55000] MEMORY READ MISS beat=1 addr=13b77da8 -> default data id=16
[55000] SLAVE 1 R_VALID_RDY Handshake beat=0 rlast=0
[55000] MASTER 0 W_VALID_RDY Handshake beat=0 wlast=0
[55000] MASTER_DRIVER1 received transaction, op=AXI_WRITE
[65000] MASTER 0 W_VALID_RDY Handshake beat=1 wlast=0
[65000] SLAVE 1 R_VALID_RDY Handshake beat=1 rlast=1
[65000] [SLAVE MONITOR] READ mst_id=1 s_id=1 araddr=13b77da0 arid=0 arlen=1 arsize=3 arburst=1 rid=[1010] rresp=[00] rdata=[baadf00d12345678baadf00d12345678]
[65000] S1 MEMORY WRITE beat=0 addr=1b9c1e48 data=2ad68b6ac5cc1c29 id=0c
[75000] S1 MEMORY WRITE beat=1 addr=1b9c1e50 data=dbd9ded4c5cc50c7 id=0c
[75000] AXI S0_ARVALID_RDY HANDSHAKE
[75000] MEMORY READ MISS beat=0 addr=6492208 -> default data id=17
[75000] ARB MONITOR: slave=0 m0_req=0 m1_req=1 winner=1
[75000] MASTER 1 R_VALID_RDY Handshake beat=0 rlast=0
[75000] MASTER 1 AW_VALID_RDY Handshake
[75000] MASTER 0 W_VALID_RDY Handshake beat=2 wlast=0
[85000] [MASTER DRIVER] READ mst_id=1 s_id=0 araddr=13b77da0 arid=0 arlen=1 arsize=3 arburst=1 rid=[00] rresp=[00] rdata=[baadf00d12345678baadf00d12345678]
[85000] MASTER 0 W_VALID_RDY Handshake beat=3 wlast=0
[85000] MASTER 1 R_VALID_RDY Handshake beat=1 rlast=1
[85000] [MASTER MONITOR] READ mst_id=1 s_id=1 araddr=13b77da0 arid=0 arlen=1 arsize=3 arburst=1 rid=[00] rresp=[00] rdata=[baadf00d12345678baadf00d12345678]
[85000] ARB MONITOR: slave=0 m0_req=0 m1_req=1 winner=1
[85000] SLAVE 0 R_VALID_RDY Handshake beat=0 rlast=0
[85000] MEMORY READ MISS beat=1 addr=6492210 -> default data id=17
[85000] S1 MEMORY WRITE beat=2 addr=1b9c1e58 data=9c2bcc47c6c11f1d id=0c
[85000] AXI S0_AWVALID_RDY HANDSHAKE
[85000] SCOREBOARD MATCH: decode_err expected = 0, actual =0
[85000] SCOREBOARD MATCH: slave_id expected = 1, actual =1
[85000] SCOREBOARD MATCH: araddr passthrough expected = 13b77da0, actual =13b77da0
[85000] SCOREBOARD MATCH: arlen passthrough expected = 1, actual =1
[85000] SCOREBOARD MATCH: arsize passthrough expected = 3, actual =3
[85000] SCOREBOARD MATCH: arburst passthrough expected = 1, actual =1
[85000] SCOREBOARD MATCH: rdata size check expected = 2, actual =2
[85000] SCOREBOARD MATCH: rdata passthrough beat=0 expected = baadf00d12345678, actual =baadf00d12345678
[85000] SCOREBOARD MATCH: rdata passthrough beat=1 expected = baadf00d12345678, actual =baadf00d12345678
[85000] SCOREBOARD MATCH: rresp size check expected = 2, actual =2
[85000] SCOREBOARD MATCH: rresp passthrough beat=0 expected = 0, actual =0
[85000] SCOREBOARD MATCH: rresp passthrough beat=1 expected = 0, actual =0
[85000] SCOREBOARD MATCH: response routed to correct master (read beat 0) expected = 1, actual =1
[85000] SCOREBOARD MATCH: response routed to correct master (read beat 1) expected = 1, actual =1
[85000] [SCOREBOARD-M] READ mst_id=1 s_id=1 araddr=13b77da0 arid=0 arlen=1 arsize=3 arburst=1 rid=[00] rresp=[00] rdata=[baadf00d12345678baadf00d12345678]
[85000] [SCOREBOARD-S] READ mst_id=1 s_id=1 araddr=13b77da0 arid=0 arlen=1 arsize=3 arburst=1 rid=[1010] rresp=[00] rdata=[baadf00d12345678baadf00d12345678]
[85000] SCOREBOARD: Transaction 1 received. pass=14 fail=0
[85000] ALL PASS. Total transactions: 1
[95000] S1 MEMORY WRITE beat=3 addr=1b9c1e60 data=0c8d3b47a6444c06 id=0c
[95000] SLAVE 0 R_VALID_RDY Handshake beat=1 rlast=1
[95000] [SLAVE MONITOR] READ mst_id=1 s_id=0 araddr=6492208 arid=1 arlen=1 arsize=3 arburst=1 rid=[1111] rresp=[00] rdata=[baadf00d12345678baadf00d12345678]
[95000] MASTER 1 W_VALID_RDY Handshake beat=0 wlast=1
[95000] MASTER 0 W_VALID_RDY Handshake beat=4 wlast=0
[105000] MASTER 0 W_VALID_RDY Handshake beat=5 wlast=0
[105000] MASTER 1 R_VALID_RDY Handshake beat=0 rlast=0
[105000] S1 MEMORY WRITE beat=4 addr=1b9c1e68 data=ec109ccec70257b1 id=0c
[105000] AXI S0_WVALID_RDY HANDSHAKE
[105000] S0 MEMORY WRITE beat=0 addr=0cfa12c8 data=0e9f6d141ff85e48 id=1e
[115000] SLAVE0 sent B resp, id=14
[115000] S1 MEMORY WRITE beat=5 addr=1b9c1e70 data=0dc376cfe8671a1b id=0c
[115000] [SLAVE MONITOR] mst_id=1 s_id=0 awaddr=cfa12c8 awid=1110 awlen=0 awsize=7 awburst=2 wdata=[e9f6d141ff85e48 ] wstrb=[e9 ] bresp=0 bid=11110
[115000] MASTER 1 R_VALID_RDY Handshake beat=1 rlast=1
[115000] [MASTER MONITOR] READ mst_id=1 s_id=0 araddr=6492208 arid=1 arlen=1 arsize=3 arburst=1 rid=[11] rresp=[00] rdata=[baadf00d12345678baadf00d12345678]
[115000] MASTER 0 W_VALID_RDY Handshake beat=6 wlast=0
[115000] [MASTER DRIVER] READ mst_id=1 s_id=0 araddr=6492208 arid=1 arlen=1 arsize=3 arburst=1 rid=[11] rresp=[00] rdata=[baadf00d12345678baadf00d12345678]
[115000] SCOREBOARD MATCH: decode_err expected = 0, actual =0
[115000] SCOREBOARD MATCH: slave_id expected = 0, actual =0
[115000] SCOREBOARD MATCH: araddr passthrough expected = 6492208, actual =6492208
[115000] SCOREBOARD MATCH: arlen passthrough expected = 1, actual =1
[115000] SCOREBOARD MATCH: arsize passthrough expected = 3, actual =3
[115000] SCOREBOARD MATCH: arburst passthrough expected = 1, actual =1
[115000] SCOREBOARD MATCH: rdata size check expected = 2, actual =2
[115000] SCOREBOARD MATCH: rdata passthrough beat=0 expected = baadf00d12345678, actual =baadf00d12345678
[115000] SCOREBOARD MATCH: rdata passthrough beat=1 expected = baadf00d12345678, actual =baadf00d12345678
[115000] SCOREBOARD MATCH: rresp size check expected = 2, actual =2
[115000] SCOREBOARD MATCH: rresp passthrough beat=0 expected = 0, actual =0
[115000] SCOREBOARD MATCH: rresp passthrough beat=1 expected = 0, actual =0
[115000] SCOREBOARD MATCH: response routed to correct master (read beat 0) expected = 1, actual =1
[115000] SCOREBOARD MATCH: response routed to correct master (read beat 1) expected = 1, actual =1
[115000] [SCOREBOARD-M] READ mst_id=1 s_id=0 araddr=6492208 arid=1 arlen=1 arsize=3 arburst=1 rid=[11] rresp=[00] rdata=[baadf00d12345678baadf00d12345678]
[115000] [SCOREBOARD-S] READ mst_id=1 s_id=0 araddr=6492208 arid=1 arlen=1 arsize=3 arburst=1 rid=[1111] rresp=[00] rdata=[baadf00d12345678baadf00d12345678]
[115000] SCOREBOARD: Transaction 2 received. pass=28 fail=0
[115000] ALL PASS. Total transactions: 2
[125000] MASTER 0 W_VALID_RDY Handshake beat=7 wlast=0
[125000] S1 MEMORY WRITE beat=6 addr=1b9c1e78 data=0eab6622883c6915 id=0c
[135000] S1 MEMORY WRITE beat=7 addr=1b9c1e80 data=cf3ec0c71a50b216 id=0c
[135000] MASTER 1 B_VALID_RDY Handshake
[135000] [MASTER MONITOR] mst_id=1 s_id=0 awaddr=cfa12c8 awid=1110 awlen=0 awsize=7 awburst=2 wdata=[e9f6d141ff85e48 ] wstrb=[e9 ] bresp=0 bid=1110
[135000] MASTER 0 W_VALID_RDY Handshake beat=8 wlast=0
[135000] MASTER 1 RECEIVED BRESP. BRESP=0
[135000] [MASTER DRIVER] mst_id=1 s_id=0 awaddr=cfa12c8 awid=1110 awlen=0 awsize=7 awburst=2 wdata=[e9f6d141ff85e48 ] wstrb=[e9 ] bresp=0 bid=1110
[135000] SCOREBOARD MATCH: decode_err expected = 0, actual =0
[135000] SCOREBOARD MATCH: slave_id expected = 0, actual =0
[135000] SCOREBOARD MATCH: awaddr passthrough expected = cfa12c8, actual =cfa12c8
[135000] SCOREBOARD MATCH: awlen passthrough expected = 0, actual =0
[135000] SCOREBOARD MATCH: awsize passthrough expected = 7, actual =7
[135000] SCOREBOARD MATCH: awburst passthrough expected = 2, actual =2
[135000] SCOREBOARD MATCH: wdata size check expected = 1, actual =1
[135000] SCOREBOARD MATCH: wdata passthrough beat=0 expected = e9f6d141ff85e48, actual =e9f6d141ff85e48
[135000] SCOREBOARD MATCH: wstrb size check expected = 1, actual =1
[135000] SCOREBOARD MATCH: wstrb passthrough beat=0 expected = e9, actual =e9
[135000] SCOREBOARD MATCH: bresp passthrough expected = 0, actual =0
[135000] SCOREBOARD MATCH: response routed to correct master (write) expected = 1, actual =1
[135000] [SCOREBOARD-M] mst_id=1 s_id=0 awaddr=cfa12c8 awid=1110 awlen=0 awsize=7 awburst=2 wdata=[e9f6d141ff85e48 ] wstrb=[e9 ] bresp=0 bid=1110
[135000] [SCOREBOARD-S] mst_id=1 s_id=0 awaddr=cfa12c8 awid=1110 awlen=0 awsize=7 awburst=2 wdata=[e9f6d141ff85e48 ] wstrb=[e9 ] bresp=0 bid=11110
[135000] SCOREBOARD: Transaction 3 received. pass=40 fail=0
[135000] ALL PASS. Total transactions: 3
[145000] MASTER 0 W_VALID_RDY Handshake beat=9 wlast=0
[145000] S1 MEMORY WRITE beat=8 addr=1b9c1e88 data=82b7cc31fabc02f0 id=0c
[155000] S1 MEMORY WRITE beat=9 addr=1b9c1e90 data=82f86c05dd023796 id=0c
[155000] MASTER 0 W_VALID_RDY Handshake beat=10 wlast=0
[165000] MASTER 0 W_VALID_RDY Handshake beat=11 wlast=0
[165000] S1 MEMORY WRITE beat=10 addr=1b9c1e98 data=f752e9ac91633253 id=0c
[175000] S1 MEMORY WRITE beat=11 addr=1b9c1ea0 data=8c1f3543d2372ccc id=0c
[175000] MASTER 0 W_VALID_RDY Handshake beat=12 wlast=0
[185000] MASTER 0 W_VALID_RDY Handshake beat=13 wlast=0
[185000] S1 MEMORY WRITE beat=12 addr=1b9c1ea8 data=af396462fa0ab5dd id=0c
[195000] S1 MEMORY WRITE beat=13 addr=1b9c1eb0 data=0b6de8310f17a149 id=0c
[195000] MASTER 0 W_VALID_RDY Handshake beat=14 wlast=0
[205000] MASTER 0 W_VALID_RDY Handshake beat=15 wlast=0
[205000] S1 MEMORY WRITE beat=14 addr=1b9c1eb8 data=e14ece15a68c4e0e id=0c
[215000] S1 MEMORY WRITE beat=15 addr=1b9c1ec0 data=209703ec978d1d74 id=0c
[215000] MASTER 0 W_VALID_RDY Handshake beat=16 wlast=0
[225000] MASTER 0 W_VALID_RDY Handshake beat=17 wlast=0
[225000] S1 MEMORY WRITE beat=16 addr=1b9c1ec8 data=a6a4bebd10883278 id=0c
[235000] S1 MEMORY WRITE beat=17 addr=1b9c1ed0 data=b71480862c04ec1d id=0c
[235000] MASTER 0 W_VALID_RDY Handshake beat=18 wlast=0
[245000] MASTER 0 W_VALID_RDY Handshake beat=19 wlast=0
[245000] S1 MEMORY WRITE beat=18 addr=1b9c1ed8 data=c392099107f38cd3 id=0c
[255000] S1 MEMORY WRITE beat=19 addr=1b9c1ee0 data=187bbf4bd7ab8472 id=0c
[255000] MASTER 0 W_VALID_RDY Handshake beat=20 wlast=0
[265000] MASTER 0 W_VALID_RDY Handshake beat=21 wlast=0
[265000] S1 MEMORY WRITE beat=20 addr=1b9c1ee8 data=83b0708fea36c84f id=0c
[275000] S1 MEMORY WRITE beat=21 addr=1b9c1ef0 data=f22a5522cf903fd1 id=0c
[275000] MASTER 0 W_VALID_RDY Handshake beat=22 wlast=0
[285000] MASTER 0 W_VALID_RDY Handshake beat=23 wlast=0
[285000] S1 MEMORY WRITE beat=22 addr=1b9c1ef8 data=273bc444c7427a21 id=0c
[295000] S1 MEMORY WRITE beat=23 addr=1b9c1f00 data=317942700aa6146d id=0c
[295000] MASTER 0 W_VALID_RDY Handshake beat=24 wlast=0
[305000] MASTER 0 W_VALID_RDY Handshake beat=25 wlast=0
[305000] S1 MEMORY WRITE beat=24 addr=1b9c1f08 data=da36543eaaec34d3 id=0c
[315000] S1 MEMORY WRITE beat=25 addr=1b9c1f10 data=f22eaef423a39792 id=0c
[315000] MASTER 0 W_VALID_RDY Handshake beat=26 wlast=0
[325000] MASTER 0 W_VALID_RDY Handshake beat=27 wlast=0
[325000] S1 MEMORY WRITE beat=26 addr=1b9c1f18 data=2e49abff81721882 id=0c
[335000] S1 MEMORY WRITE beat=27 addr=1b9c1f20 data=2c5e4d56a3a7f164 id=0c
[335000] MASTER 0 W_VALID_RDY Handshake beat=28 wlast=0
[345000] MASTER 0 W_VALID_RDY Handshake beat=29 wlast=0
[345000] S1 MEMORY WRITE beat=28 addr=1b9c1f28 data=c74b88f68880003d id=0c
[355000] S1 MEMORY WRITE beat=29 addr=1b9c1f30 data=09f218c09e8cfc4a id=0c
[355000] MASTER 0 W_VALID_RDY Handshake beat=30 wlast=0
[365000] MASTER 0 W_VALID_RDY Handshake beat=31 wlast=0
[365000] S1 MEMORY WRITE beat=30 addr=1b9c1f38 data=c234edaff59534f5 id=0c
[375000] S1 MEMORY WRITE beat=31 addr=1b9c1f40 data=fe15353336506616 id=0c
[375000] MASTER 0 W_VALID_RDY Handshake beat=32 wlast=0
[385000] MASTER 0 W_VALID_RDY Handshake beat=33 wlast=0
[385000] S1 MEMORY WRITE beat=32 addr=1b9c1f48 data=d4dd6260898076a5 id=0c
[395000] S1 MEMORY WRITE beat=33 addr=1b9c1f50 data=ff15ab9b08074df3 id=0c
[395000] MASTER 0 W_VALID_RDY Handshake beat=34 wlast=0
[405000] MASTER 0 W_VALID_RDY Handshake beat=35 wlast=0
[405000] S1 MEMORY WRITE beat=34 addr=1b9c1f58 data=3e57b4099712500f id=0c
[415000] S1 MEMORY WRITE beat=35 addr=1b9c1f60 data=2092c6b5fd2ae0ce id=0c
[415000] MASTER 0 W_VALID_RDY Handshake beat=36 wlast=0
[425000] MASTER 0 W_VALID_RDY Handshake beat=37 wlast=0
[425000] S1 MEMORY WRITE beat=36 addr=1b9c1f68 data=05322ec193351669 id=0c
[435000] S1 MEMORY WRITE beat=37 addr=1b9c1f70 data=2a4766791fa87250 id=0c
[435000] MASTER 0 W_VALID_RDY Handshake beat=38 wlast=0
[445000] MASTER 0 W_VALID_RDY Handshake beat=39 wlast=0
[445000] S1 MEMORY WRITE beat=38 addr=1b9c1f78 data=1cd3531ec389e2ca id=0c
[455000] S1 MEMORY WRITE beat=39 addr=1b9c1f80 data=d6bef933cada2d2e id=0c
[455000] MASTER 0 W_VALID_RDY Handshake beat=40 wlast=0
[465000] MASTER 0 W_VALID_RDY Handshake beat=41 wlast=0
[465000] S1 MEMORY WRITE beat=40 addr=1b9c1f88 data=ea829f7e220581df id=0c
[475000] S1 MEMORY WRITE beat=41 addr=1b9c1f90 data=e58f64a981065fac id=0c
[475000] MASTER 0 W_VALID_RDY Handshake beat=42 wlast=0
[485000] MASTER 0 W_VALID_RDY Handshake beat=43 wlast=0
[485000] S1 MEMORY WRITE beat=42 addr=1b9c1f98 data=cbe08cda0755f29c id=0c
[495000] S1 MEMORY WRITE beat=43 addr=1b9c1fa0 data=295b747bbc4e5ddc id=0c
[495000] MASTER 0 W_VALID_RDY Handshake beat=44 wlast=0
[505000] MASTER 0 W_VALID_RDY Handshake beat=45 wlast=0
[505000] S1 MEMORY WRITE beat=44 addr=1b9c1fa8 data=3d54bd89b6632c58 id=0c
[515000] S1 MEMORY WRITE beat=45 addr=1b9c1fb0 data=bdb91ef40eead924 id=0c
[515000] MASTER 0 W_VALID_RDY Handshake beat=46 wlast=0
[525000] MASTER 0 W_VALID_RDY Handshake beat=47 wlast=0
[525000] S1 MEMORY WRITE beat=46 addr=1b9c1fb8 data=cb39370089354a63 id=0c
[535000] S1 MEMORY WRITE beat=47 addr=1b9c1fc0 data=3f9876bce714936f id=0c
[535000] MASTER 0 W_VALID_RDY Handshake beat=48 wlast=0
[545000] MASTER 0 W_VALID_RDY Handshake beat=49 wlast=0
[545000] S1 MEMORY WRITE beat=48 addr=1b9c1fc8 data=f5ff6c93888df489 id=0c
[555000] S1 MEMORY WRITE beat=49 addr=1b9c1fd0 data=11c33eedfd5195b0 id=0c
[555000] MASTER 0 W_VALID_RDY Handshake beat=50 wlast=0
[565000] MASTER 0 W_VALID_RDY Handshake beat=51 wlast=0
[565000] S1 MEMORY WRITE beat=50 addr=1b9c1fd8 data=e4662920c138a394 id=0c
[575000] S1 MEMORY WRITE beat=51 addr=1b9c1fe0 data=c9c6981dd15bb5a9 id=0c
[575000] MASTER 0 W_VALID_RDY Handshake beat=52 wlast=0
[585000] MASTER 0 W_VALID_RDY Handshake beat=53 wlast=0
[585000] S1 MEMORY WRITE beat=52 addr=1b9c1fe8 data=cead4b59da6595b3 id=0c
[595000] S1 MEMORY WRITE beat=53 addr=1b9c1ff0 data=9b9e3947db89d70a id=0c
[595000] MASTER 0 W_VALID_RDY Handshake beat=54 wlast=0
[605000] MASTER 0 W_VALID_RDY Handshake beat=55 wlast=0
[605000] S1 MEMORY WRITE beat=54 addr=1b9c1ff8 data=ace58cb3b3137479 id=0c
[615000] S1 MEMORY WRITE beat=55 addr=1b9c2000 data=0d790a2de564d165 id=0c
[615000] MASTER 0 W_VALID_RDY Handshake beat=56 wlast=0
[625000] MASTER 0 W_VALID_RDY Handshake beat=57 wlast=0
[625000] S1 MEMORY WRITE beat=56 addr=1b9c2008 data=c0eea86ffb92d80d id=0c
[635000] S1 MEMORY WRITE beat=57 addr=1b9c2010 data=aea64c86a9174374 id=0c
[635000] MASTER 0 W_VALID_RDY Handshake beat=58 wlast=0
[645000] MASTER 0 W_VALID_RDY Handshake beat=59 wlast=0
[645000] S1 MEMORY WRITE beat=58 addr=1b9c2018 data=8e7c14d9edd43523 id=0c
[655000] S1 MEMORY WRITE beat=59 addr=1b9c2020 data=e9670d30bc1f56b3 id=0c
[655000] MASTER 0 W_VALID_RDY Handshake beat=60 wlast=0
[665000] MASTER 0 W_VALID_RDY Handshake beat=61 wlast=0
[665000] S1 MEMORY WRITE beat=60 addr=1b9c2028 data=e5369a28cf6abd49 id=0c
[675000] S1 MEMORY WRITE beat=61 addr=1b9c2030 data=3d3ef26c980d59b6 id=0c
[675000] MASTER 0 W_VALID_RDY Handshake beat=62 wlast=0
[685000] MASTER 0 W_VALID_RDY Handshake beat=63 wlast=0
[685000] S1 MEMORY WRITE beat=62 addr=1b9c2038 data=d42cb06af3b2af01 id=0c
[695000] S1 MEMORY WRITE beat=63 addr=1b9c2040 data=c31d6c4a26a5ff9c id=0c
[695000] MASTER 0 W_VALID_RDY Handshake beat=64 wlast=0
[705000] MASTER 0 W_VALID_RDY Handshake beat=65 wlast=0
[705000] S1 MEMORY WRITE beat=64 addr=1b9c2048 data=beb3595239634a92 id=0c
[715000] S1 MEMORY WRITE beat=65 addr=1b9c2050 data=ad15f993805c5eb6 id=0c
[715000] MASTER 0 W_VALID_RDY Handshake beat=66 wlast=0
[725000] MASTER 0 W_VALID_RDY Handshake beat=67 wlast=0
[725000] S1 MEMORY WRITE beat=66 addr=1b9c2058 data=a7025e5292e009bc id=0c
[735000] S1 MEMORY WRITE beat=67 addr=1b9c2060 data=cc43544ef03365de id=0c
[735000] MASTER 0 W_VALID_RDY Handshake beat=68 wlast=0
[745000] MASTER 0 W_VALID_RDY Handshake beat=69 wlast=0
[745000] S1 MEMORY WRITE beat=68 addr=1b9c2068 data=f08fc494e5b5b7a5 id=0c
[755000] S1 MEMORY WRITE beat=69 addr=1b9c2070 data=f895c161f9594de2 id=0c
[755000] MASTER 0 W_VALID_RDY Handshake beat=70 wlast=0
[765000] MASTER 0 W_VALID_RDY Handshake beat=71 wlast=0
[765000] S1 MEMORY WRITE beat=70 addr=1b9c2078 data=e98cb3c0179222e7 id=0c
[775000] S1 MEMORY WRITE beat=71 addr=1b9c2080 data=fd47da8cc4d915b0 id=0c
[775000] MASTER 0 W_VALID_RDY Handshake beat=72 wlast=0
[785000] MASTER 0 W_VALID_RDY Handshake beat=73 wlast=0
[785000] S1 MEMORY WRITE beat=72 addr=1b9c2088 data=3e326392da1c7854 id=0c
[795000] S1 MEMORY WRITE beat=73 addr=1b9c2090 data=f1ae9b3bf5dd9bed id=0c
[795000] MASTER 0 W_VALID_RDY Handshake beat=74 wlast=0
[805000] MASTER 0 W_VALID_RDY Handshake beat=75 wlast=0
[805000] S1 MEMORY WRITE beat=74 addr=1b9c2098 data=bab6b19d27bf1752 id=0c
[815000] S1 MEMORY WRITE beat=75 addr=1b9c20a0 data=81db8fa6eef675c7 id=0c
[815000] MASTER 0 W_VALID_RDY Handshake beat=76 wlast=0
[825000] MASTER 0 W_VALID_RDY Handshake beat=77 wlast=0
[825000] S1 MEMORY WRITE beat=76 addr=1b9c20a8 data=e4d411b5f8e9152f id=0c
[835000] S1 MEMORY WRITE beat=77 addr=1b9c20b0 data=a0a82c81f38a2ae2 id=0c
[835000] MASTER 0 W_VALID_RDY Handshake beat=78 wlast=0
[845000] MASTER 0 W_VALID_RDY Handshake beat=79 wlast=0
[845000] S1 MEMORY WRITE beat=78 addr=1b9c20b8 data=e280a0a99f8ac352 id=0c
[855000] S1 MEMORY WRITE beat=79 addr=1b9c20c0 data=1873d8822283bc28 id=0c
[855000] MASTER 0 W_VALID_RDY Handshake beat=80 wlast=0
[865000] MASTER 0 W_VALID_RDY Handshake beat=81 wlast=0
[865000] S1 MEMORY WRITE beat=80 addr=1b9c20c8 data=160de70ac754b25e id=0c
[875000] S1 MEMORY WRITE beat=81 addr=1b9c20d0 data=e6df75b1b91c0503 id=0c
[875000] MASTER 0 W_VALID_RDY Handshake beat=82 wlast=0
[885000] MASTER 0 W_VALID_RDY Handshake beat=83 wlast=0
[885000] S1 MEMORY WRITE beat=82 addr=1b9c20d8 data=db9fc12bf88e87b3 id=0c
[895000] S1 MEMORY WRITE beat=83 addr=1b9c20e0 data=3fe33a12ff534e33 id=0c
[895000] MASTER 0 W_VALID_RDY Handshake beat=84 wlast=0
[905000] MASTER 0 W_VALID_RDY Handshake beat=85 wlast=0
[905000] S1 MEMORY WRITE beat=84 addr=1b9c20e8 data=b86f5336f1ada835 id=0c
[915000] S1 MEMORY WRITE beat=85 addr=1b9c20f0 data=ea3c2fe926c2afc3 id=0c
[915000] MASTER 0 W_VALID_RDY Handshake beat=86 wlast=0
[925000] MASTER 0 W_VALID_RDY Handshake beat=87 wlast=0
[925000] S1 MEMORY WRITE beat=86 addr=1b9c20f8 data=2615fdf6140f1462 id=0c
[935000] S1 MEMORY WRITE beat=87 addr=1b9c2100 data=85bcbc972a1f69fb id=0c
[935000] MASTER 0 W_VALID_RDY Handshake beat=88 wlast=0
[945000] MASTER 0 W_VALID_RDY Handshake beat=89 wlast=0
[945000] S1 MEMORY WRITE beat=88 addr=1b9c2108 data=d0e219bede85512c id=0c
[955000] S1 MEMORY WRITE beat=89 addr=1b9c2110 data=f294658eeff8ec80 id=0c
[955000] MASTER 0 W_VALID_RDY Handshake beat=90 wlast=0
[965000] MASTER 0 W_VALID_RDY Handshake beat=91 wlast=0
[965000] S1 MEMORY WRITE beat=90 addr=1b9c2118 data=9a18567bf6f817b4 id=0c
[975000] S1 MEMORY WRITE beat=91 addr=1b9c2120 data=d57d68e0f8512226 id=0c
[975000] MASTER 0 W_VALID_RDY Handshake beat=92 wlast=0
[985000] MASTER 0 W_VALID_RDY Handshake beat=93 wlast=0
[985000] S1 MEMORY WRITE beat=92 addr=1b9c2128 data=e84a0ea6eafa7039 id=0c
[995000] S1 MEMORY WRITE beat=93 addr=1b9c2130 data=e1f287edc811ce6f id=0c
[995000] MASTER 0 W_VALID_RDY Handshake beat=94 wlast=0
[1005000] MASTER 0 W_VALID_RDY Handshake beat=95 wlast=0
[1005000] S1 MEMORY WRITE beat=94 addr=1b9c2138 data=c062f09502626522 id=0c
[1015000] S1 MEMORY WRITE beat=95 addr=1b9c2140 data=ed5cd55b376ff0ce id=0c
[1015000] MASTER 0 W_VALID_RDY Handshake beat=96 wlast=0
[1025000] MASTER 0 W_VALID_RDY Handshake beat=97 wlast=0
[1025000] S1 MEMORY WRITE beat=96 addr=1b9c2148 data=ff81bf3da8acff3b id=0c
[1035000] S1 MEMORY WRITE beat=97 addr=1b9c2150 data=ab0f645dcf4f5d49 id=0c
[1035000] MASTER 0 W_VALID_RDY Handshake beat=98 wlast=0
[1045000] MASTER 0 W_VALID_RDY Handshake beat=99 wlast=0
[1045000] S1 MEMORY WRITE beat=98 addr=1b9c2158 data=06bf4e173fe4afd2 id=0c
[1055000] S1 MEMORY WRITE beat=99 addr=1b9c2160 data=e891af0d186c39b9 id=0c
[1055000] MASTER 0 W_VALID_RDY Handshake beat=100 wlast=0
[1065000] MASTER 0 W_VALID_RDY Handshake beat=101 wlast=0
[1065000] S1 MEMORY WRITE beat=100 addr=1b9c2168 data=e7bb970206410d54 id=0c
[1075000] S1 MEMORY WRITE beat=101 addr=1b9c2170 data=c625bd2613a1136b id=0c
[1075000] MASTER 0 W_VALID_RDY Handshake beat=102 wlast=0
[1085000] MASTER 0 W_VALID_RDY Handshake beat=103 wlast=0
[1085000] S1 MEMORY WRITE beat=102 addr=1b9c2178 data=2c0d4d24ee7ae519 id=0c
[1095000] S1 MEMORY WRITE beat=103 addr=1b9c2180 data=f4bbf26daeb76c33 id=0c
[1095000] MASTER 0 W_VALID_RDY Handshake beat=104 wlast=0
[1105000] MASTER 0 W_VALID_RDY Handshake beat=105 wlast=0
[1105000] S1 MEMORY WRITE beat=104 addr=1b9c2188 data=c2587f9e13c8e426 id=0c
[1115000] S1 MEMORY WRITE beat=105 addr=1b9c2190 data=0243c93f3ae1af93 id=0c
[1115000] MASTER 0 W_VALID_RDY Handshake beat=106 wlast=0
[1125000] MASTER 0 W_VALID_RDY Handshake beat=107 wlast=0
[1125000] S1 MEMORY WRITE beat=106 addr=1b9c2198 data=e9991bc6ee65ccc2 id=0c
[1135000] S1 MEMORY WRITE beat=107 addr=1b9c21a0 data=822eb0e8f6ffbbac id=0c
[1135000] MASTER 0 W_VALID_RDY Handshake beat=108 wlast=0
[1145000] MASTER 0 W_VALID_RDY Handshake beat=109 wlast=0
[1145000] S1 MEMORY WRITE beat=108 addr=1b9c21a8 data=31e16b3f2bf19b65 id=0c
[1155000] S1 MEMORY WRITE beat=109 addr=1b9c21b0 data=9a57682784727a27 id=0c
[1155000] MASTER 0 W_VALID_RDY Handshake beat=110 wlast=0
[1165000] MASTER 0 W_VALID_RDY Handshake beat=111 wlast=0
[1165000] S1 MEMORY WRITE beat=110 addr=1b9c21b8 data=fb7235d39b7a8705 id=0c
[1175000] S1 MEMORY WRITE beat=111 addr=1b9c21c0 data=c76c226a1c861910 id=0c
[1175000] MASTER 0 W_VALID_RDY Handshake beat=112 wlast=0
[1185000] MASTER 0 W_VALID_RDY Handshake beat=113 wlast=0
[1185000] S1 MEMORY WRITE beat=112 addr=1b9c21c8 data=a0f89337ad53a112 id=0c
[1195000] S1 MEMORY WRITE beat=113 addr=1b9c21d0 data=c8ce2818e1c38a92 id=0c
[1195000] MASTER 0 W_VALID_RDY Handshake beat=114 wlast=0
[1205000] MASTER 0 W_VALID_RDY Handshake beat=115 wlast=0
[1205000] S1 MEMORY WRITE beat=114 addr=1b9c21d8 data=fe49a3a21c6ac90b id=0c
[1215000] S1 MEMORY WRITE beat=115 addr=1b9c21e0 data=c9be6a1d903a4a82 id=0c
[1215000] MASTER 0 W_VALID_RDY Handshake beat=116 wlast=0
[1225000] MASTER 0 W_VALID_RDY Handshake beat=117 wlast=0
[1225000] S1 MEMORY WRITE beat=116 addr=1b9c21e8 data=f1fdd5149f4236d9 id=0c
[1235000] S1 MEMORY WRITE beat=117 addr=1b9c21f0 data=bbacffe4928c9235 id=0c
[1235000] MASTER 0 W_VALID_RDY Handshake beat=118 wlast=0
[1245000] MASTER 0 W_VALID_RDY Handshake beat=119 wlast=0
[1245000] S1 MEMORY WRITE beat=118 addr=1b9c21f8 data=22c6dcb8f04778b6 id=0c
[1255000] S1 MEMORY WRITE beat=119 addr=1b9c2200 data=0f89af90056b6a02 id=0c
[1255000] MASTER 0 W_VALID_RDY Handshake beat=120 wlast=0
[1265000] MASTER 0 W_VALID_RDY Handshake beat=121 wlast=0
[1265000] S1 MEMORY WRITE beat=120 addr=1b9c2208 data=97f7fc3794c4b1cc id=0c
[1275000] S1 MEMORY WRITE beat=121 addr=1b9c2210 data=050c2a83cb36af74 id=0c
[1275000] MASTER 0 W_VALID_RDY Handshake beat=122 wlast=0
[1285000] MASTER 0 W_VALID_RDY Handshake beat=123 wlast=0
[1285000] S1 MEMORY WRITE beat=122 addr=1b9c2218 data=d0a21976babed8ef id=0c
[1295000] S1 MEMORY WRITE beat=123 addr=1b9c2220 data=cf838abc1495da13 id=0c
[1295000] MASTER 0 W_VALID_RDY Handshake beat=124 wlast=0
[1305000] MASTER 0 W_VALID_RDY Handshake beat=125 wlast=0
[1305000] S1 MEMORY WRITE beat=124 addr=1b9c2228 data=dfcc8987e89a15ae id=0c
[1315000] S1 MEMORY WRITE beat=125 addr=1b9c2230 data=a358ee9dd48fb53f id=0c
[1315000] MASTER 0 W_VALID_RDY Handshake beat=126 wlast=0
[1325000] MASTER 0 W_VALID_RDY Handshake beat=127 wlast=0
[1325000] S1 MEMORY WRITE beat=126 addr=1b9c2238 data=e9258f52306ea2fe id=0c
[1335000] S1 MEMORY WRITE beat=127 addr=1b9c2240 data=1908b8acf2dc7959 id=0c
[1335000] MASTER 0 W_VALID_RDY Handshake beat=128 wlast=1
[1335000] MASTER_DRIVER0 received transaction, op=AXI_READ
[1345000] S1 MEMORY WRITE beat=128 addr=1b9c2248 data=c76c2e98c8f218d9 id=0c
[1355000] SLAVE1 sent B resp, id=12
[1355000] [SLAVE MONITOR] mst_id=0 s_id=1 awaddr=1b9c1e48 awid=1100 awlen=128 awsize=3 awburst=1 wdata=[2ad68b6ac5cc1c29 dbd9ded4c5cc50c7 9c2bcc47c6c11f1d c8d3b47a6444c06 ec109ccec70257b1 dc376cfe8671a1b eab6622883c6915 cf3ec0c71a50b216 82b7cc31fabc02f0 82f86c05dd023796 f752e9ac91633253 8c1f3543d2372ccc af396462fa0ab5dd b6de8310f17a149 e14ece15a68c4e0e 209703ec978d1d74 a6a4bebd10883278 b71480862c04ec1d c392099107f38cd3 187bbf4bd7ab8472 83b0708fea36c84f f22a5522cf903fd1 273bc444c7427a21 317942700aa6146d da36543eaaec34d3 f22eaef423a39792 2e49abff81721882 2c5e4d56a3a7f164 c74b88f68880003d 9f218c09e8cfc4a c234edaff59534f5 fe15353336506616 d4dd6260898076a5 ff15ab9b08074df3 3e57b4099712500f 2092c6b5fd2ae0ce 5322ec193351669 2a4766791fa87250 1cd3531ec389e2ca d6bef933cada2d2e ea829f7e220581df e58f64a981065fac cbe08cda0755f29c 295b747bbc4e5ddc 3d54bd89b6632c58 bdb91ef40eead924 cb39370089354a63 3f9876bce714936f f5ff6c93888df489 11c33eedfd5195b0 e4662920c138a394 c9c6981dd15bb5a9 cead4b59da6595b3 9b9e3947db89d70a ace58cb3b3137479 d790a2de564d165 c0eea86ffb92d80d aea64c86a9174374 8e7c14d9edd43523 e9670d30bc1f56b3 e5369a28cf6abd49 3d3ef26c980d59b6 d42cb06af3b2af01 c31d6c4a26a5ff9c beb3595239634a92 ad15f993805c5eb6 a7025e5292e009bc cc43544ef03365de f08fc494e5b5b7a5 f895c161f9594de2 e98cb3c0179222e7 fd47da8cc4d915b0 3e326392da1c7854 f1ae9b3bf5dd9bed bab6b19d27bf1752 81db8fa6eef675c7 e4d411b5f8e9152f a0a82c81f38a2ae2 e280a0a99f8ac352 1873d8822283bc28 160de70ac754b25e e6df75b1b91c0503 db9fc12bf88e87b3 3fe33a12ff534e33 b86f5336f1ada835 ea3c2fe926c2afc3 2615fdf6140f1462 85bcbc972a1f69fb d0e219bede85512c f294658eeff8ec80 9a18567bf6f817b4 d57d68e0f8512226 e84a0ea6eafa7039 e1f287edc811ce6f c062f09502626522 ed5cd55b376ff0ce ff81bf3da8acff3b ab0f645dcf4f5d49 6bf4e173fe4afd2 e891af0d186c39b9 e7bb970206410d54 c625bd2613a1136b 2c0d4d24ee7ae519 f4bbf26daeb76c33 c2587f9e13c8e426 243c93f3ae1af93 e9991bc6ee65ccc2 822eb0e8f6ffbbac 31e16b3f2bf19b65 9a57682784727a27 fb7235d39b7a8705 c76c226a1c861910 a0f89337ad53a112 c8ce2818e1c38a92 fe49a3a21c6ac90b c9be6a1d903a4a82 f1fdd5149f4236d9 bbacffe4928c9235 22c6dcb8f04778b6 f89af90056b6a02 97f7fc3794c4b1cc 50c2a83cb36af74 d0a21976babed8ef cf838abc1495da13 dfcc8987e89a15ae a358ee9dd48fb53f e9258f52306ea2fe 1908b8acf2dc7959 c76c2e98c8f218d9 ] wstrb=[49 d7 ea a3 83 c4 3b cd 9b 26 70 1f ea ab ec 85 d1 5c a4 bb 7 90 41 d9 ec e5 94 f4 76 d5 cd 62 bb 61 56 31 37 23 93 f2 85 ea 23 bc d b6 ae 92 a0 d1 4e ae 87 fc 40 28 cd 8f d6 55 8b 16 7d 59 a5 53 ae 31 69 2b 8a f 7e 38 40 e7 63 ca f6 e1 2 36 c8 65 0 bf 46 2 f5 e 67 f6 cd ad f8 c3 bc 60 b9 89 d b1 4c c9 11 5 53 1f b7 9f e8 c8 a5 3b e7 5c db d0 24 80 b c dc e6 dc 0 66 e7 c ] bresp=0 bid=1100
[1365000] ARB MONITOR: slave=1 m0_req=1 m1_req=0 winner=0
[1365000] AXI S0_ARVALID_RDY HANDSHAKE
[1365000] MEMORY READ MISS beat=0 addr=1b4c8bb8 -> default data id=1
[1375000] MEMORY READ MISS beat=1 addr=1b4c8bc0 -> default data id=1
[1375000] SLAVE 1 R_VALID_RDY Handshake beat=0 rlast=0
[1375000] MASTER 0 B_VALID_RDY Handshake
[1375000] [MASTER MONITOR] mst_id=0 s_id=1 awaddr=1b9c1e48 awid=1100 awlen=128 awsize=3 awburst=1 wdata=[2ad68b6ac5cc1c29 dbd9ded4c5cc50c7 9c2bcc47c6c11f1d c8d3b47a6444c06 ec109ccec70257b1 dc376cfe8671a1b eab6622883c6915 cf3ec0c71a50b216 82b7cc31fabc02f0 82f86c05dd023796 f752e9ac91633253 8c1f3543d2372ccc af396462fa0ab5dd b6de8310f17a149 e14ece15a68c4e0e 209703ec978d1d74 a6a4bebd10883278 b71480862c04ec1d c392099107f38cd3 187bbf4bd7ab8472 83b0708fea36c84f f22a5522cf903fd1 273bc444c7427a21 317942700aa6146d da36543eaaec34d3 f22eaef423a39792 2e49abff81721882 2c5e4d56a3a7f164 c74b88f68880003d 9f218c09e8cfc4a c234edaff59534f5 fe15353336506616 d4dd6260898076a5 ff15ab9b08074df3 3e57b4099712500f 2092c6b5fd2ae0ce 5322ec193351669 2a4766791fa87250 1cd3531ec389e2ca d6bef933cada2d2e ea829f7e220581df e58f64a981065fac cbe08cda0755f29c 295b747bbc4e5ddc 3d54bd89b6632c58 bdb91ef40eead924 cb39370089354a63 3f9876bce714936f f5ff6c93888df489 11c33eedfd5195b0 e4662920c138a394 c9c6981dd15bb5a9 cead4b59da6595b3 9b9e3947db89d70a ace58cb3b3137479 d790a2de564d165 c0eea86ffb92d80d aea64c86a9174374 8e7c14d9edd43523 e9670d30bc1f56b3 e5369a28cf6abd49 3d3ef26c980d59b6 d42cb06af3b2af01 c31d6c4a26a5ff9c beb3595239634a92 ad15f993805c5eb6 a7025e5292e009bc cc43544ef03365de f08fc494e5b5b7a5 f895c161f9594de2 e98cb3c0179222e7 fd47da8cc4d915b0 3e326392da1c7854 f1ae9b3bf5dd9bed bab6b19d27bf1752 81db8fa6eef675c7 e4d411b5f8e9152f a0a82c81f38a2ae2 e280a0a99f8ac352 1873d8822283bc28 160de70ac754b25e e6df75b1b91c0503 db9fc12bf88e87b3 3fe33a12ff534e33 b86f5336f1ada835 ea3c2fe926c2afc3 2615fdf6140f1462 85bcbc972a1f69fb d0e219bede85512c f294658eeff8ec80 9a18567bf6f817b4 d57d68e0f8512226 e84a0ea6eafa7039 e1f287edc811ce6f c062f09502626522 ed5cd55b376ff0ce ff81bf3da8acff3b ab0f645dcf4f5d49 6bf4e173fe4afd2 e891af0d186c39b9 e7bb970206410d54 c625bd2613a1136b 2c0d4d24ee7ae519 f4bbf26daeb76c33 c2587f9e13c8e426 243c93f3ae1af93 e9991bc6ee65ccc2 822eb0e8f6ffbbac 31e16b3f2bf19b65 9a57682784727a27 fb7235d39b7a8705 c76c226a1c861910 a0f89337ad53a112 c8ce2818e1c38a92 fe49a3a21c6ac90b c9be6a1d903a4a82 f1fdd5149f4236d9 bbacffe4928c9235 22c6dcb8f04778b6 f89af90056b6a02 97f7fc3794c4b1cc 50c2a83cb36af74 d0a21976babed8ef cf838abc1495da13 dfcc8987e89a15ae a358ee9dd48fb53f e9258f52306ea2fe 1908b8acf2dc7959 c76c2e98c8f218d9 ] wstrb=[49 d7 ea a3 83 c4 3b cd 9b 26 70 1f ea ab ec 85 d1 5c a4 bb 7 90 41 d9 ec e5 94 f4 76 d5 cd 62 bb 61 56 31 37 23 93 f2 85 ea 23 bc d b6 ae 92 a0 d1 4e ae 87 fc 40 28 cd 8f d6 55 8b 16 7d 59 a5 53 ae 31 69 2b 8a f 7e 38 40 e7 63 ca f6 e1 2 36 c8 65 0 bf 46 2 f5 e 67 f6 cd ad f8 c3 bc 60 b9 89 d b1 4c c9 11 5 53 1f b7 9f e8 c8 a5 3b e7 5c db d0 24 80 b c dc e6 dc 0 66 e7 c ] bresp=0 bid=1100
[1375000] MASTER 0 RECEIVED BRESP. BRESP=0
[1375000] [MASTER DRIVER] mst_id=0 s_id=0 awaddr=1b9c1e48 awid=1100 awlen=128 awsize=3 awburst=1 wdata=[2ad68b6ac5cc1c29 dbd9ded4c5cc50c7 9c2bcc47c6c11f1d c8d3b47a6444c06 ec109ccec70257b1 dc376cfe8671a1b eab6622883c6915 cf3ec0c71a50b216 82b7cc31fabc02f0 82f86c05dd023796 f752e9ac91633253 8c1f3543d2372ccc af396462fa0ab5dd b6de8310f17a149 e14ece15a68c4e0e 209703ec978d1d74 a6a4bebd10883278 b71480862c04ec1d c392099107f38cd3 187bbf4bd7ab8472 83b0708fea36c84f f22a5522cf903fd1 273bc444c7427a21 317942700aa6146d da36543eaaec34d3 f22eaef423a39792 2e49abff81721882 2c5e4d56a3a7f164 c74b88f68880003d 9f218c09e8cfc4a c234edaff59534f5 fe15353336506616 d4dd6260898076a5 ff15ab9b08074df3 3e57b4099712500f 2092c6b5fd2ae0ce 5322ec193351669 2a4766791fa87250 1cd3531ec389e2ca d6bef933cada2d2e ea829f7e220581df e58f64a981065fac cbe08cda0755f29c 295b747bbc4e5ddc 3d54bd89b6632c58 bdb91ef40eead924 cb39370089354a63 3f9876bce714936f f5ff6c93888df489 11c33eedfd5195b0 e4662920c138a394 c9c6981dd15bb5a9 cead4b59da6595b3 9b9e3947db89d70a ace58cb3b3137479 d790a2de564d165 c0eea86ffb92d80d aea64c86a9174374 8e7c14d9edd43523 e9670d30bc1f56b3 e5369a28cf6abd49 3d3ef26c980d59b6 d42cb06af3b2af01 c31d6c4a26a5ff9c beb3595239634a92 ad15f993805c5eb6 a7025e5292e009bc cc43544ef03365de f08fc494e5b5b7a5 f895c161f9594de2 e98cb3c0179222e7 fd47da8cc4d915b0 3e326392da1c7854 f1ae9b3bf5dd9bed bab6b19d27bf1752 81db8fa6eef675c7 e4d411b5f8e9152f a0a82c81f38a2ae2 e280a0a99f8ac352 1873d8822283bc28 160de70ac754b25e e6df75b1b91c0503 db9fc12bf88e87b3 3fe33a12ff534e33 b86f5336f1ada835 ea3c2fe926c2afc3 2615fdf6140f1462 85bcbc972a1f69fb d0e219bede85512c f294658eeff8ec80 9a18567bf6f817b4 d57d68e0f8512226 e84a0ea6eafa7039 e1f287edc811ce6f c062f09502626522 ed5cd55b376ff0ce ff81bf3da8acff3b ab0f645dcf4f5d49 6bf4e173fe4afd2 e891af0d186c39b9 e7bb970206410d54 c625bd2613a1136b 2c0d4d24ee7ae519 f4bbf26daeb76c33 c2587f9e13c8e426 243c93f3ae1af93 e9991bc6ee65ccc2 822eb0e8f6ffbbac 31e16b3f2bf19b65 9a57682784727a27 fb7235d39b7a8705 c76c226a1c861910 a0f89337ad53a112 c8ce2818e1c38a92 fe49a3a21c6ac90b c9be6a1d903a4a82 f1fdd5149f4236d9 bbacffe4928c9235 22c6dcb8f04778b6 f89af90056b6a02 97f7fc3794c4b1cc 50c2a83cb36af74 d0a21976babed8ef cf838abc1495da13 dfcc8987e89a15ae a358ee9dd48fb53f e9258f52306ea2fe 1908b8acf2dc7959 c76c2e98c8f218d9 ] wstrb=[49 d7 ea a3 83 c4 3b cd 9b 26 70 1f ea ab ec 85 d1 5c a4 bb 7 90 41 d9 ec e5 94 f4 76 d5 cd 62 bb 61 56 31 37 23 93 f2 85 ea 23 bc d b6 ae 92 a0 d1 4e ae 87 fc 40 28 cd 8f d6 55 8b 16 7d 59 a5 53 ae 31 69 2b 8a f 7e 38 40 e7 63 ca f6 e1 2 36 c8 65 0 bf 46 2 f5 e 67 f6 cd ad f8 c3 bc 60 b9 89 d b1 4c c9 11 5 53 1f b7 9f e8 c8 a5 3b e7 5c db d0 24 80 b c dc e6 dc 0 66 e7 c ] bresp=0 bid=1100
[1375000] SCOREBOARD MATCH: decode_err expected = 0, actual =0
[1375000] SCOREBOARD MATCH: slave_id expected = 1, actual =1
[1375000] SCOREBOARD MATCH: awaddr passthrough expected = 1b9c1e48, actual =1b9c1e48
[1375000] SCOREBOARD MATCH: awlen passthrough expected = 128, actual =128
[1375000] SCOREBOARD MATCH: awsize passthrough expected = 3, actual =3
[1375000] SCOREBOARD MATCH: awburst passthrough expected = 1, actual =1
[1375000] SCOREBOARD MATCH: wdata size check expected = 81, actual =81
[1375000] SCOREBOARD MATCH: wdata passthrough beat=0 expected = 2ad68b6ac5cc1c29, actual =2ad68b6ac5cc1c29
[1375000] SCOREBOARD MATCH: wdata passthrough beat=1 expected = dbd9ded4c5cc50c7, actual =dbd9ded4c5cc50c7
[1375000] SCOREBOARD MATCH: wdata passthrough beat=2 expected = 9c2bcc47c6c11f1d, actual =9c2bcc47c6c11f1d
[1375000] SCOREBOARD MATCH: wdata passthrough beat=3 expected = c8d3b47a6444c06, actual =c8d3b47a6444c06
[1375000] SCOREBOARD MATCH: wdata passthrough beat=4 expected = ec109ccec70257b1, actual =ec109ccec70257b1
[1375000] SCOREBOARD MATCH: wdata passthrough beat=5 expected = dc376cfe8671a1b, actual =dc376cfe8671a1b
[1375000] SCOREBOARD MATCH: wdata passthrough beat=6 expected = eab6622883c6915, actual =eab6622883c6915
[1375000] SCOREBOARD MATCH: wdata passthrough beat=7 expected = cf3ec0c71a50b216, actual =cf3ec0c71a50b216
[1375000] SCOREBOARD MATCH: wdata passthrough beat=8 expected = 82b7cc31fabc02f0, actual =82b7cc31fabc02f0
[1375000] SCOREBOARD MATCH: wdata passthrough beat=9 expected = 82f86c05dd023796, actual =82f86c05dd023796
[1375000] SCOREBOARD MATCH: wdata passthrough beat=10 expected = f752e9ac91633253, actual =f752e9ac91633253
[1375000] SCOREBOARD MATCH: wdata passthrough beat=11 expected = 8c1f3543d2372ccc, actual =8c1f3543d2372ccc
[1375000] SCOREBOARD MATCH: wdata passthrough beat=12 expected = af396462fa0ab5dd, actual =af396462fa0ab5dd
[1375000] SCOREBOARD MATCH: wdata passthrough beat=13 expected = b6de8310f17a149, actual =b6de8310f17a149
[1375000] SCOREBOARD MATCH: wdata passthrough beat=14 expected = e14ece15a68c4e0e, actual =e14ece15a68c4e0e
[1375000] SCOREBOARD MATCH: wdata passthrough beat=15 expected = 209703ec978d1d74, actual =209703ec978d1d74
[1375000] SCOREBOARD MATCH: wdata passthrough beat=16 expected = a6a4bebd10883278, actual =a6a4bebd10883278
[1375000] SCOREBOARD MATCH: wdata passthrough beat=17 expected = b71480862c04ec1d, actual =b71480862c04ec1d
[1375000] SCOREBOARD MATCH: wdata passthrough beat=18 expected = c392099107f38cd3, actual =c392099107f38cd3
[1375000] SCOREBOARD MATCH: wdata passthrough beat=19 expected = 187bbf4bd7ab8472, actual =187bbf4bd7ab8472
[1375000] SCOREBOARD MATCH: wdata passthrough beat=20 expected = 83b0708fea36c84f, actual =83b0708fea36c84f
[1375000] SCOREBOARD MATCH: wdata passthrough beat=21 expected = f22a5522cf903fd1, actual =f22a5522cf903fd1
[1375000] SCOREBOARD MATCH: wdata passthrough beat=22 expected = 273bc444c7427a21, actual =273bc444c7427a21
[1375000] SCOREBOARD MATCH: wdata passthrough beat=23 expected = 317942700aa6146d, actual =317942700aa6146d
[1375000] SCOREBOARD MATCH: wdata passthrough beat=24 expected = da36543eaaec34d3, actual =da36543eaaec34d3
[1375000] SCOREBOARD MATCH: wdata passthrough beat=25 expected = f22eaef423a39792, actual =f22eaef423a39792
[1375000] SCOREBOARD MATCH: wdata passthrough beat=26 expected = 2e49abff81721882, actual =2e49abff81721882
[1375000] SCOREBOARD MATCH: wdata passthrough beat=27 expected = 2c5e4d56a3a7f164, actual =2c5e4d56a3a7f164
[1375000] SCOREBOARD MATCH: wdata passthrough beat=28 expected = c74b88f68880003d, actual =c74b88f68880003d
[1375000] SCOREBOARD MATCH: wdata passthrough beat=29 expected = 9f218c09e8cfc4a, actual =9f218c09e8cfc4a
[1375000] SCOREBOARD MATCH: wdata passthrough beat=30 expected = c234edaff59534f5, actual =c234edaff59534f5
[1375000] SCOREBOARD MATCH: wdata passthrough beat=31 expected = fe15353336506616, actual =fe15353336506616
[1375000] SCOREBOARD MATCH: wdata passthrough beat=32 expected = d4dd6260898076a5, actual =d4dd6260898076a5
[1375000] SCOREBOARD MATCH: wdata passthrough beat=33 expected = ff15ab9b08074df3, actual =ff15ab9b08074df3
[1375000] SCOREBOARD MATCH: wdata passthrough beat=34 expected = 3e57b4099712500f, actual =3e57b4099712500f
[1375000] SCOREBOARD MATCH: wdata passthrough beat=35 expected = 2092c6b5fd2ae0ce, actual =2092c6b5fd2ae0ce
[1375000] SCOREBOARD MATCH: wdata passthrough beat=36 expected = 5322ec193351669, actual =5322ec193351669
[1375000] SCOREBOARD MATCH: wdata passthrough beat=37 expected = 2a4766791fa87250, actual =2a4766791fa87250
[1375000] SCOREBOARD MATCH: wdata passthrough beat=38 expected = 1cd3531ec389e2ca, actual =1cd3531ec389e2ca
[1375000] SCOREBOARD MATCH: wdata passthrough beat=39 expected = d6bef933cada2d2e, actual =d6bef933cada2d2e
[1375000] SCOREBOARD MATCH: wdata passthrough beat=40 expected = ea829f7e220581df, actual =ea829f7e220581df
[1375000] SCOREBOARD MATCH: wdata passthrough beat=41 expected = e58f64a981065fac, actual =e58f64a981065fac
[1375000] SCOREBOARD MATCH: wdata passthrough beat=42 expected = cbe08cda0755f29c, actual =cbe08cda0755f29c
[1375000] SCOREBOARD MATCH: wdata passthrough beat=43 expected = 295b747bbc4e5ddc, actual =295b747bbc4e5ddc
[1375000] SCOREBOARD MATCH: wdata passthrough beat=44 expected = 3d54bd89b6632c58, actual =3d54bd89b6632c58
[1375000] SCOREBOARD MATCH: wdata passthrough beat=45 expected = bdb91ef40eead924, actual =bdb91ef40eead924
[1375000] SCOREBOARD MATCH: wdata passthrough beat=46 expected = cb39370089354a63, actual =cb39370089354a63
[1375000] SCOREBOARD MATCH: wdata passthrough beat=47 expected = 3f9876bce714936f, actual =3f9876bce714936f
[1375000] SCOREBOARD MATCH: wdata passthrough beat=48 expected = f5ff6c93888df489, actual =f5ff6c93888df489
[1375000] SCOREBOARD MATCH: wdata passthrough beat=49 expected = 11c33eedfd5195b0, actual =11c33eedfd5195b0
[1375000] SCOREBOARD MATCH: wdata passthrough beat=50 expected = e4662920c138a394, actual =e4662920c138a394
[1375000] SCOREBOARD MATCH: wdata passthrough beat=51 expected = c9c6981dd15bb5a9, actual =c9c6981dd15bb5a9
[1375000] SCOREBOARD MATCH: wdata passthrough beat=52 expected = cead4b59da6595b3, actual =cead4b59da6595b3
[1375000] SCOREBOARD MATCH: wdata passthrough beat=53 expected = 9b9e3947db89d70a, actual =9b9e3947db89d70a
[1375000] SCOREBOARD MATCH: wdata passthrough beat=54 expected = ace58cb3b3137479, actual =ace58cb3b3137479
[1375000] SCOREBOARD MATCH: wdata passthrough beat=55 expected = d790a2de564d165, actual =d790a2de564d165
[1375000] SCOREBOARD MATCH: wdata passthrough beat=56 expected = c0eea86ffb92d80d, actual =c0eea86ffb92d80d
[1375000] SCOREBOARD MATCH: wdata passthrough beat=57 expected = aea64c86a9174374, actual =aea64c86a9174374
[1375000] SCOREBOARD MATCH: wdata passthrough beat=58 expected = 8e7c14d9edd43523, actual =8e7c14d9edd43523
[1375000] SCOREBOARD MATCH: wdata passthrough beat=59 expected = e9670d30bc1f56b3, actual =e9670d30bc1f56b3
[1375000] SCOREBOARD MATCH: wdata passthrough beat=60 expected = e5369a28cf6abd49, actual =e5369a28cf6abd49
[1375000] SCOREBOARD MATCH: wdata passthrough beat=61 expected = 3d3ef26c980d59b6, actual =3d3ef26c980d59b6
[1375000] SCOREBOARD MATCH: wdata passthrough beat=62 expected = d42cb06af3b2af01, actual =d42cb06af3b2af01
[1375000] SCOREBOARD MATCH: wdata passthrough beat=63 expected = c31d6c4a26a5ff9c, actual =c31d6c4a26a5ff9c
[1375000] SCOREBOARD MATCH: wdata passthrough beat=64 expected = beb3595239634a92, actual =beb3595239634a92
[1375000] SCOREBOARD MATCH: wdata passthrough beat=65 expected = ad15f993805c5eb6, actual =ad15f993805c5eb6
[1375000] SCOREBOARD MATCH: wdata passthrough beat=66 expected = a7025e5292e009bc, actual =a7025e5292e009bc
[1375000] SCOREBOARD MATCH: wdata passthrough beat=67 expected = cc43544ef03365de, actual =cc43544ef03365de
[1375000] SCOREBOARD MATCH: wdata passthrough beat=68 expected = f08fc494e5b5b7a5, actual =f08fc494e5b5b7a5
[1375000] SCOREBOARD MATCH: wdata passthrough beat=69 expected = f895c161f9594de2, actual =f895c161f9594de2
[1375000] SCOREBOARD MATCH: wdata passthrough beat=70 expected = e98cb3c0179222e7, actual =e98cb3c0179222e7
[1375000] SCOREBOARD MATCH: wdata passthrough beat=71 expected = fd47da8cc4d915b0, actual =fd47da8cc4d915b0
[1375000] SCOREBOARD MATCH: wdata passthrough beat=72 expected = 3e326392da1c7854, actual =3e326392da1c7854
[1375000] SCOREBOARD MATCH: wdata passthrough beat=73 expected = f1ae9b3bf5dd9bed, actual =f1ae9b3bf5dd9bed
[1375000] SCOREBOARD MATCH: wdata passthrough beat=74 expected = bab6b19d27bf1752, actual =bab6b19d27bf1752
[1375000] SCOREBOARD MATCH: wdata passthrough beat=75 expected = 81db8fa6eef675c7, actual =81db8fa6eef675c7
[1375000] SCOREBOARD MATCH: wdata passthrough beat=76 expected = e4d411b5f8e9152f, actual =e4d411b5f8e9152f
[1375000] SCOREBOARD MATCH: wdata passthrough beat=77 expected = a0a82c81f38a2ae2, actual =a0a82c81f38a2ae2
[1375000] SCOREBOARD MATCH: wdata passthrough beat=78 expected = e280a0a99f8ac352, actual =e280a0a99f8ac352
[1375000] SCOREBOARD MATCH: wdata passthrough beat=79 expected = 1873d8822283bc28, actual =1873d8822283bc28
[1375000] SCOREBOARD MATCH: wdata passthrough beat=80 expected = 160de70ac754b25e, actual =160de70ac754b25e
[1375000] SCOREBOARD MATCH: wdata passthrough beat=81 expected = e6df75b1b91c0503, actual =e6df75b1b91c0503
[1375000] SCOREBOARD MATCH: wdata passthrough beat=82 expected = db9fc12bf88e87b3, actual =db9fc12bf88e87b3
[1375000] SCOREBOARD MATCH: wdata passthrough beat=83 expected = 3fe33a12ff534e33, actual =3fe33a12ff534e33
[1375000] SCOREBOARD MATCH: wdata passthrough beat=84 expected = b86f5336f1ada835, actual =b86f5336f1ada835
[1375000] SCOREBOARD MATCH: wdata passthrough beat=85 expected = ea3c2fe926c2afc3, actual =ea3c2fe926c2afc3
[1375000] SCOREBOARD MATCH: wdata passthrough beat=86 expected = 2615fdf6140f1462, actual =2615fdf6140f1462
[1375000] SCOREBOARD MATCH: wdata passthrough beat=87 expected = 85bcbc972a1f69fb, actual =85bcbc972a1f69fb
[1375000] SCOREBOARD MATCH: wdata passthrough beat=88 expected = d0e219bede85512c, actual =d0e219bede85512c
[1375000] SCOREBOARD MATCH: wdata passthrough beat=89 expected = f294658eeff8ec80, actual =f294658eeff8ec80
[1375000] SCOREBOARD MATCH: wdata passthrough beat=90 expected = 9a18567bf6f817b4, actual =9a18567bf6f817b4
[1375000] SCOREBOARD MATCH: wdata passthrough beat=91 expected = d57d68e0f8512226, actual =d57d68e0f8512226
[1375000] SCOREBOARD MATCH: wdata passthrough beat=92 expected = e84a0ea6eafa7039, actual =e84a0ea6eafa7039
[1375000] SCOREBOARD MATCH: wdata passthrough beat=93 expected = e1f287edc811ce6f, actual =e1f287edc811ce6f
[1375000] SCOREBOARD MATCH: wdata passthrough beat=94 expected = c062f09502626522, actual =c062f09502626522
[1375000] SCOREBOARD MATCH: wdata passthrough beat=95 expected = ed5cd55b376ff0ce, actual =ed5cd55b376ff0ce
[1375000] SCOREBOARD MATCH: wdata passthrough beat=96 expected = ff81bf3da8acff3b, actual =ff81bf3da8acff3b
[1375000] SCOREBOARD MATCH: wdata passthrough beat=97 expected = ab0f645dcf4f5d49, actual =ab0f645dcf4f5d49
[1375000] SCOREBOARD MATCH: wdata passthrough beat=98 expected = 6bf4e173fe4afd2, actual =6bf4e173fe4afd2
[1375000] SCOREBOARD MATCH: wdata passthrough beat=99 expected = e891af0d186c39b9, actual =e891af0d186c39b9
[1375000] SCOREBOARD MATCH: wdata passthrough beat=100 expected = e7bb970206410d54, actual =e7bb970206410d54
[1375000] SCOREBOARD MATCH: wdata passthrough beat=101 expected = c625bd2613a1136b, actual =c625bd2613a1136b
[1375000] SCOREBOARD MATCH: wdata passthrough beat=102 expected = 2c0d4d24ee7ae519, actual =2c0d4d24ee7ae519
[1375000] SCOREBOARD MATCH: wdata passthrough beat=103 expected = f4bbf26daeb76c33, actual =f4bbf26daeb76c33
[1375000] SCOREBOARD MATCH: wdata passthrough beat=104 expected = c2587f9e13c8e426, actual =c2587f9e13c8e426
[1375000] SCOREBOARD MATCH: wdata passthrough beat=105 expected = 243c93f3ae1af93, actual =243c93f3ae1af93
[1375000] SCOREBOARD MATCH: wdata passthrough beat=106 expected = e9991bc6ee65ccc2, actual =e9991bc6ee65ccc2
[1375000] SCOREBOARD MATCH: wdata passthrough beat=107 expected = 822eb0e8f6ffbbac, actual =822eb0e8f6ffbbac
[1375000] SCOREBOARD MATCH: wdata passthrough beat=108 expected = 31e16b3f2bf19b65, actual =31e16b3f2bf19b65
[1375000] SCOREBOARD MATCH: wdata passthrough beat=109 expected = 9a57682784727a27, actual =9a57682784727a27
[1375000] SCOREBOARD MATCH: wdata passthrough beat=110 expected = fb7235d39b7a8705, actual =fb7235d39b7a8705
[1375000] SCOREBOARD MATCH: wdata passthrough beat=111 expected = c76c226a1c861910, actual =c76c226a1c861910
[1375000] SCOREBOARD MATCH: wdata passthrough beat=112 expected = a0f89337ad53a112, actual =a0f89337ad53a112
[1375000] SCOREBOARD MATCH: wdata passthrough beat=113 expected = c8ce2818e1c38a92, actual =c8ce2818e1c38a92
[1375000] SCOREBOARD MATCH: wdata passthrough beat=114 expected = fe49a3a21c6ac90b, actual =fe49a3a21c6ac90b
[1375000] SCOREBOARD MATCH: wdata passthrough beat=115 expected = c9be6a1d903a4a82, actual =c9be6a1d903a4a82
[1375000] SCOREBOARD MATCH: wdata passthrough beat=116 expected = f1fdd5149f4236d9, actual =f1fdd5149f4236d9
[1375000] SCOREBOARD MATCH: wdata passthrough beat=117 expected = bbacffe4928c9235, actual =bbacffe4928c9235
[1375000] SCOREBOARD MATCH: wdata passthrough beat=118 expected = 22c6dcb8f04778b6, actual =22c6dcb8f04778b6
[1375000] SCOREBOARD MATCH: wdata passthrough beat=119 expected = f89af90056b6a02, actual =f89af90056b6a02
[1375000] SCOREBOARD MATCH: wdata passthrough beat=120 expected = 97f7fc3794c4b1cc, actual =97f7fc3794c4b1cc
[1375000] SCOREBOARD MATCH: wdata passthrough beat=121 expected = 50c2a83cb36af74, actual =50c2a83cb36af74
[1375000] SCOREBOARD MATCH: wdata passthrough beat=122 expected = d0a21976babed8ef, actual =d0a21976babed8ef
[1375000] SCOREBOARD MATCH: wdata passthrough beat=123 expected = cf838abc1495da13, actual =cf838abc1495da13
[1375000] SCOREBOARD MATCH: wdata passthrough beat=124 expected = dfcc8987e89a15ae, actual =dfcc8987e89a15ae
[1375000] SCOREBOARD MATCH: wdata passthrough beat=125 expected = a358ee9dd48fb53f, actual =a358ee9dd48fb53f
[1375000] SCOREBOARD MATCH: wdata passthrough beat=126 expected = e9258f52306ea2fe, actual =e9258f52306ea2fe
[1375000] SCOREBOARD MATCH: wdata passthrough beat=127 expected = 1908b8acf2dc7959, actual =1908b8acf2dc7959
[1375000] SCOREBOARD MATCH: wdata passthrough beat=128 expected = c76c2e98c8f218d9, actual =c76c2e98c8f218d9
[1375000] SCOREBOARD MATCH: wstrb size check expected = 81, actual =81
[1375000] SCOREBOARD MATCH: wstrb passthrough beat=0 expected = 49, actual =49
[1375000] SCOREBOARD MATCH: wstrb passthrough beat=1 expected = d7, actual =d7
[1375000] SCOREBOARD MATCH: wstrb passthrough beat=2 expected = ea, actual =ea
[1375000] SCOREBOARD MATCH: wstrb passthrough beat=3 expected = a3, actual =a3
[1375000] SCOREBOARD MATCH: wstrb passthrough beat=4 expected = 83, actual =83
[1375000] SCOREBOARD MATCH: wstrb passthrough beat=5 expected = c4, actual =c4
[1375000] SCOREBOARD MATCH: wstrb passthrough beat=6 expected = 3b, actual =3b
[1375000] SCOREBOARD MATCH: wstrb passthrough beat=7 expected = cd, actual =cd
[1375000] SCOREBOARD MATCH: wstrb passthrough beat=8 expected = 9b, actual =9b
[1375000] SCOREBOARD MATCH: wstrb passthrough beat=9 expected = 26, actual =26
[1375000] SCOREBOARD MATCH: wstrb passthrough beat=10 expected = 70, actual =70
[1375000] SCOREBOARD MATCH: wstrb passthrough beat=11 expected = 1f, actual =1f
[1375000] SCOREBOARD MATCH: wstrb passthrough beat=12 expected = ea, actual =ea
[1375000] SCOREBOARD MATCH: wstrb passthrough beat=13 expected = ab, actual =ab
[1375000] SCOREBOARD MATCH: wstrb passthrough beat=14 expected = ec, actual =ec
[1375000] SCOREBOARD MATCH: wstrb passthrough beat=15 expected = 85, actual =85
[1375000] SCOREBOARD MATCH: wstrb passthrough beat=16 expected = d1, actual =d1
[1375000] SCOREBOARD MATCH: wstrb passthrough beat=17 expected = 5c, actual =5c
[1375000] SCOREBOARD MATCH: wstrb passthrough beat=18 expected = a4, actual =a4
[1375000] SCOREBOARD MATCH: wstrb passthrough beat=19 expected = bb, actual =bb
[1375000] SCOREBOARD MATCH: wstrb passthrough beat=20 expected = 7, actual =7
[1375000] SCOREBOARD MATCH: wstrb passthrough beat=21 expected = 90, actual =90
[1375000] SCOREBOARD MATCH: wstrb passthrough beat=22 expected = 41, actual =41
[1375000] SCOREBOARD MATCH: wstrb passthrough beat=23 expected = d9, actual =d9
[1375000] SCOREBOARD MATCH: wstrb passthrough beat=24 expected = ec, actual =ec
[1375000] SCOREBOARD MATCH: wstrb passthrough beat=25 expected = e5, actual =e5
[1375000] SCOREBOARD MATCH: wstrb passthrough beat=26 expected = 94, actual =94
[1375000] SCOREBOARD MATCH: wstrb passthrough beat=27 expected = f4, actual =f4
[1375000] SCOREBOARD MATCH: wstrb passthrough beat=28 expected = 76, actual =76
[1375000] SCOREBOARD MATCH: wstrb passthrough beat=29 expected = d5, actual =d5
[1375000] SCOREBOARD MATCH: wstrb passthrough beat=30 expected = cd, actual =cd
[1375000] SCOREBOARD MATCH: wstrb passthrough beat=31 expected = 62, actual =62
[1375000] SCOREBOARD MATCH: wstrb passthrough beat=32 expected = bb, actual =bb
[1375000] SCOREBOARD MATCH: wstrb passthrough beat=33 expected = 61, actual =61
[1375000] SCOREBOARD MATCH: wstrb passthrough beat=34 expected = 56, actual =56
[1375000] SCOREBOARD MATCH: wstrb passthrough beat=35 expected = 31, actual =31
[1375000] SCOREBOARD MATCH: wstrb passthrough beat=36 expected = 37, actual =37
[1375000] SCOREBOARD MATCH: wstrb passthrough beat=37 expected = 23, actual =23
[1375000] SCOREBOARD MATCH: wstrb passthrough beat=38 expected = 93, actual =93
[1375000] SCOREBOARD MATCH: wstrb passthrough beat=39 expected = f2, actual =f2
[1375000] SCOREBOARD MATCH: wstrb passthrough beat=40 expected = 85, actual =85
[1375000] SCOREBOARD MATCH: wstrb passthrough beat=41 expected = ea, actual =ea
[1375000] SCOREBOARD MATCH: wstrb passthrough beat=42 expected = 23, actual =23
[1375000] SCOREBOARD MATCH: wstrb passthrough beat=43 expected = bc, actual =bc
[1375000] SCOREBOARD MATCH: wstrb passthrough beat=44 expected = d, actual =d
[1375000] SCOREBOARD MATCH: wstrb passthrough beat=45 expected = b6, actual =b6
[1375000] SCOREBOARD MATCH: wstrb passthrough beat=46 expected = ae, actual =ae
[1375000] SCOREBOARD MATCH: wstrb passthrough beat=47 expected = 92, actual =92
[1375000] SCOREBOARD MATCH: wstrb passthrough beat=48 expected = a0, actual =a0
[1375000] SCOREBOARD MATCH: wstrb passthrough beat=49 expected = d1, actual =d1
[1375000] SCOREBOARD MATCH: wstrb passthrough beat=50 expected = 4e, actual =4e
[1375000] SCOREBOARD MATCH: wstrb passthrough beat=51 expected = ae, actual =ae
[1375000] SCOREBOARD MATCH: wstrb passthrough beat=52 expected = 87, actual =87
[1375000] SCOREBOARD MATCH: wstrb passthrough beat=53 expected = fc, actual =fc
[1375000] SCOREBOARD MATCH: wstrb passthrough beat=54 expected = 40, actual =40
[1375000] SCOREBOARD MATCH: wstrb passthrough beat=55 expected = 28, actual =28
[1375000] SCOREBOARD MATCH: wstrb passthrough beat=56 expected = cd, actual =cd
[1375000] SCOREBOARD MATCH: wstrb passthrough beat=57 expected = 8f, actual =8f
[1375000] SCOREBOARD MATCH: wstrb passthrough beat=58 expected = d6, actual =d6
[1375000] SCOREBOARD MATCH: wstrb passthrough beat=59 expected = 55, actual =55
[1375000] SCOREBOARD MATCH: wstrb passthrough beat=60 expected = 8b, actual =8b
[1375000] SCOREBOARD MATCH: wstrb passthrough beat=61 expected = 16, actual =16
[1375000] SCOREBOARD MATCH: wstrb passthrough beat=62 expected = 7d, actual =7d
[1375000] SCOREBOARD MATCH: wstrb passthrough beat=63 expected = 59, actual =59
[1375000] SCOREBOARD MATCH: wstrb passthrough beat=64 expected = a5, actual =a5
[1375000] SCOREBOARD MATCH: wstrb passthrough beat=65 expected = 53, actual =53
[1375000] SCOREBOARD MATCH: wstrb passthrough beat=66 expected = ae, actual =ae
[1375000] SCOREBOARD MATCH: wstrb passthrough beat=67 expected = 31, actual =31
[1375000] SCOREBOARD MATCH: wstrb passthrough beat=68 expected = 69, actual =69
[1375000] SCOREBOARD MATCH: wstrb passthrough beat=69 expected = 2b, actual =2b
[1375000] SCOREBOARD MATCH: wstrb passthrough beat=70 expected = 8a, actual =8a
[1375000] SCOREBOARD MATCH: wstrb passthrough beat=71 expected = f, actual =f
[1375000] SCOREBOARD MATCH: wstrb passthrough beat=72 expected = 7e, actual =7e
[1375000] SCOREBOARD MATCH: wstrb passthrough beat=73 expected = 38, actual =38
[1375000] SCOREBOARD MATCH: wstrb passthrough beat=74 expected = 40, actual =40
[1375000] SCOREBOARD MATCH: wstrb passthrough beat=75 expected = e7, actual =e7
[1375000] SCOREBOARD MATCH: wstrb passthrough beat=76 expected = 63, actual =63
[1375000] SCOREBOARD MATCH: wstrb passthrough beat=77 expected = ca, actual =ca
[1375000] SCOREBOARD MATCH: wstrb passthrough beat=78 expected = f6, actual =f6
[1375000] SCOREBOARD MATCH: wstrb passthrough beat=79 expected = e1, actual =e1
[1375000] SCOREBOARD MATCH: wstrb passthrough beat=80 expected = 2, actual =2
[1375000] SCOREBOARD MATCH: wstrb passthrough beat=81 expected = 36, actual =36
[1375000] SCOREBOARD MATCH: wstrb passthrough beat=82 expected = c8, actual =c8
[1375000] SCOREBOARD MATCH: wstrb passthrough beat=83 expected = 65, actual =65
[1375000] SCOREBOARD MATCH: wstrb passthrough beat=84 expected = 0, actual =0
[1375000] SCOREBOARD MATCH: wstrb passthrough beat=85 expected = bf, actual =bf
[1375000] SCOREBOARD MATCH: wstrb passthrough beat=86 expected = 46, actual =46
[1375000] SCOREBOARD MATCH: wstrb passthrough beat=87 expected = 2, actual =2
[1375000] SCOREBOARD MATCH: wstrb passthrough beat=88 expected = f5, actual =f5
[1375000] SCOREBOARD MATCH: wstrb passthrough beat=89 expected = e, actual =e
[1375000] SCOREBOARD MATCH: wstrb passthrough beat=90 expected = 67, actual =67
[1375000] SCOREBOARD MATCH: wstrb passthrough beat=91 expected = f6, actual =f6
[1375000] SCOREBOARD MATCH: wstrb passthrough beat=92 expected = cd, actual =cd
[1375000] SCOREBOARD MATCH: wstrb passthrough beat=93 expected = ad, actual =ad
[1375000] SCOREBOARD MATCH: wstrb passthrough beat=94 expected = f8, actual =f8
[1375000] SCOREBOARD MATCH: wstrb passthrough beat=95 expected = c3, actual =c3
[1375000] SCOREBOARD MATCH: wstrb passthrough beat=96 expected = bc, actual =bc
[1375000] SCOREBOARD MATCH: wstrb passthrough beat=97 expected = 60, actual =60
[1375000] SCOREBOARD MATCH: wstrb passthrough beat=98 expected = b9, actual =b9
[1375000] SCOREBOARD MATCH: wstrb passthrough beat=99 expected = 89, actual =89
[1375000] SCOREBOARD MATCH: wstrb passthrough beat=100 expected = d, actual =d
[1375000] SCOREBOARD MATCH: wstrb passthrough beat=101 expected = b1, actual =b1
[1375000] SCOREBOARD MATCH: wstrb passthrough beat=102 expected = 4c, actual =4c
[1375000] SCOREBOARD MATCH: wstrb passthrough beat=103 expected = c9, actual =c9
[1375000] SCOREBOARD MATCH: wstrb passthrough beat=104 expected = 11, actual =11
[1375000] SCOREBOARD MATCH: wstrb passthrough beat=105 expected = 5, actual =5
[1375000] SCOREBOARD MATCH: wstrb passthrough beat=106 expected = 53, actual =53
[1375000] SCOREBOARD MATCH: wstrb passthrough beat=107 expected = 1f, actual =1f
[1375000] SCOREBOARD MATCH: wstrb passthrough beat=108 expected = b7, actual =b7
[1375000] SCOREBOARD MATCH: wstrb passthrough beat=109 expected = 9f, actual =9f
[1375000] SCOREBOARD MATCH: wstrb passthrough beat=110 expected = e8, actual =e8
[1375000] SCOREBOARD MATCH: wstrb passthrough beat=111 expected = c8, actual =c8
[1375000] SCOREBOARD MATCH: wstrb passthrough beat=112 expected = a5, actual =a5
[1375000] SCOREBOARD MATCH: wstrb passthrough beat=113 expected = 3b, actual =3b
[1375000] SCOREBOARD MATCH: wstrb passthrough beat=114 expected = e7, actual =e7
[1375000] SCOREBOARD MATCH: wstrb passthrough beat=115 expected = 5c, actual =5c
[1375000] SCOREBOARD MATCH: wstrb passthrough beat=116 expected = db, actual =db
[1375000] SCOREBOARD MATCH: wstrb passthrough beat=117 expected = d0, actual =d0
[1375000] SCOREBOARD MATCH: wstrb passthrough beat=118 expected = 24, actual =24
[1375000] SCOREBOARD MATCH: wstrb passthrough beat=119 expected = 80, actual =80
[1375000] SCOREBOARD MATCH: wstrb passthrough beat=120 expected = b, actual =b
[1375000] SCOREBOARD MATCH: wstrb passthrough beat=121 expected = c, actual =c
[1375000] SCOREBOARD MATCH: wstrb passthrough beat=122 expected = dc, actual =dc
[1375000] SCOREBOARD MATCH: wstrb passthrough beat=123 expected = e6, actual =e6
[1375000] SCOREBOARD MATCH: wstrb passthrough beat=124 expected = dc, actual =dc
[1375000] SCOREBOARD MATCH: wstrb passthrough beat=125 expected = 0, actual =0
[1375000] SCOREBOARD MATCH: wstrb passthrough beat=126 expected = 66, actual =66
[1375000] SCOREBOARD MATCH: wstrb passthrough beat=127 expected = e7, actual =e7
[1375000] SCOREBOARD MATCH: wstrb passthrough beat=128 expected = c, actual =c
[1375000] SCOREBOARD MATCH: bresp passthrough expected = 0, actual =0
[1375000] SCOREBOARD MATCH: response routed to correct master (write) expected = 0, actual =0
[1375000] [SCOREBOARD-M] mst_id=0 s_id=1 awaddr=1b9c1e48 awid=1100 awlen=128 awsize=3 awburst=1 wdata=[2ad68b6ac5cc1c29 dbd9ded4c5cc50c7 9c2bcc47c6c11f1d c8d3b47a6444c06 ec109ccec70257b1 dc376cfe8671a1b eab6622883c6915 cf3ec0c71a50b216 82b7cc31fabc02f0 82f86c05dd023796 f752e9ac91633253 8c1f3543d2372ccc af396462fa0ab5dd b6de8310f17a149 e14ece15a68c4e0e 209703ec978d1d74 a6a4bebd10883278 b71480862c04ec1d c392099107f38cd3 187bbf4bd7ab8472 83b0708fea36c84f f22a5522cf903fd1 273bc444c7427a21 317942700aa6146d da36543eaaec34d3 f22eaef423a39792 2e49abff81721882 2c5e4d56a3a7f164 c74b88f68880003d 9f218c09e8cfc4a c234edaff59534f5 fe15353336506616 d4dd6260898076a5 ff15ab9b08074df3 3e57b4099712500f 2092c6b5fd2ae0ce 5322ec193351669 2a4766791fa87250 1cd3531ec389e2ca d6bef933cada2d2e ea829f7e220581df e58f64a981065fac cbe08cda0755f29c 295b747bbc4e5ddc 3d54bd89b6632c58 bdb91ef40eead924 cb39370089354a63 3f9876bce714936f f5ff6c93888df489 11c33eedfd5195b0 e4662920c138a394 c9c6981dd15bb5a9 cead4b59da6595b3 9b9e3947db89d70a ace58cb3b3137479 d790a2de564d165 c0eea86ffb92d80d aea64c86a9174374 8e7c14d9edd43523 e9670d30bc1f56b3 e5369a28cf6abd49 3d3ef26c980d59b6 d42cb06af3b2af01 c31d6c4a26a5ff9c beb3595239634a92 ad15f993805c5eb6 a7025e5292e009bc cc43544ef03365de f08fc494e5b5b7a5 f895c161f9594de2 e98cb3c0179222e7 fd47da8cc4d915b0 3e326392da1c7854 f1ae9b3bf5dd9bed bab6b19d27bf1752 81db8fa6eef675c7 e4d411b5f8e9152f a0a82c81f38a2ae2 e280a0a99f8ac352 1873d8822283bc28 160de70ac754b25e e6df75b1b91c0503 db9fc12bf88e87b3 3fe33a12ff534e33 b86f5336f1ada835 ea3c2fe926c2afc3 2615fdf6140f1462 85bcbc972a1f69fb d0e219bede85512c f294658eeff8ec80 9a18567bf6f817b4 d57d68e0f8512226 e84a0ea6eafa7039 e1f287edc811ce6f c062f09502626522 ed5cd55b376ff0ce ff81bf3da8acff3b ab0f645dcf4f5d49 6bf4e173fe4afd2 e891af0d186c39b9 e7bb970206410d54 c625bd2613a1136b 2c0d4d24ee7ae519 f4bbf26daeb76c33 c2587f9e13c8e426 243c93f3ae1af93 e9991bc6ee65ccc2 822eb0e8f6ffbbac 31e16b3f2bf19b65 9a57682784727a27 fb7235d39b7a8705 c76c226a1c861910 a0f89337ad53a112 c8ce2818e1c38a92 fe49a3a21c6ac90b c9be6a1d903a4a82 f1fdd5149f4236d9 bbacffe4928c9235 22c6dcb8f04778b6 f89af90056b6a02 97f7fc3794c4b1cc 50c2a83cb36af74 d0a21976babed8ef cf838abc1495da13 dfcc8987e89a15ae a358ee9dd48fb53f e9258f52306ea2fe 1908b8acf2dc7959 c76c2e98c8f218d9 ] wstrb=[49 d7 ea a3 83 c4 3b cd 9b 26 70 1f ea ab ec 85 d1 5c a4 bb 7 90 41 d9 ec e5 94 f4 76 d5 cd 62 bb 61 56 31 37 23 93 f2 85 ea 23 bc d b6 ae 92 a0 d1 4e ae 87 fc 40 28 cd 8f d6 55 8b 16 7d 59 a5 53 ae 31 69 2b 8a f 7e 38 40 e7 63 ca f6 e1 2 36 c8 65 0 bf 46 2 f5 e 67 f6 cd ad f8 c3 bc 60 b9 89 d b1 4c c9 11 5 53 1f b7 9f e8 c8 a5 3b e7 5c db d0 24 80 b c dc e6 dc 0 66 e7 c ] bresp=0 bid=1100
[1375000] [SCOREBOARD-S] mst_id=0 s_id=1 awaddr=1b9c1e48 awid=1100 awlen=128 awsize=3 awburst=1 wdata=[2ad68b6ac5cc1c29 dbd9ded4c5cc50c7 9c2bcc47c6c11f1d c8d3b47a6444c06 ec109ccec70257b1 dc376cfe8671a1b eab6622883c6915 cf3ec0c71a50b216 82b7cc31fabc02f0 82f86c05dd023796 f752e9ac91633253 8c1f3543d2372ccc af396462fa0ab5dd b6de8310f17a149 e14ece15a68c4e0e 209703ec978d1d74 a6a4bebd10883278 b71480862c04ec1d c392099107f38cd3 187bbf4bd7ab8472 83b0708fea36c84f f22a5522cf903fd1 273bc444c7427a21 317942700aa6146d da36543eaaec34d3 f22eaef423a39792 2e49abff81721882 2c5e4d56a3a7f164 c74b88f68880003d 9f218c09e8cfc4a c234edaff59534f5 fe15353336506616 d4dd6260898076a5 ff15ab9b08074df3 3e57b4099712500f 2092c6b5fd2ae0ce 5322ec193351669 2a4766791fa87250 1cd3531ec389e2ca d6bef933cada2d2e ea829f7e220581df e58f64a981065fac cbe08cda0755f29c 295b747bbc4e5ddc 3d54bd89b6632c58 bdb91ef40eead924 cb39370089354a63 3f9876bce714936f f5ff6c93888df489 11c33eedfd5195b0 e4662920c138a394 c9c6981dd15bb5a9 cead4b59da6595b3 9b9e3947db89d70a ace58cb3b3137479 d790a2de564d165 c0eea86ffb92d80d aea64c86a9174374 8e7c14d9edd43523 e9670d30bc1f56b3 e5369a28cf6abd49 3d3ef26c980d59b6 d42cb06af3b2af01 c31d6c4a26a5ff9c beb3595239634a92 ad15f993805c5eb6 a7025e5292e009bc cc43544ef03365de f08fc494e5b5b7a5 f895c161f9594de2 e98cb3c0179222e7 fd47da8cc4d915b0 3e326392da1c7854 f1ae9b3bf5dd9bed bab6b19d27bf1752 81db8fa6eef675c7 e4d411b5f8e9152f a0a82c81f38a2ae2 e280a0a99f8ac352 1873d8822283bc28 160de70ac754b25e e6df75b1b91c0503 db9fc12bf88e87b3 3fe33a12ff534e33 b86f5336f1ada835 ea3c2fe926c2afc3 2615fdf6140f1462 85bcbc972a1f69fb d0e219bede85512c f294658eeff8ec80 9a18567bf6f817b4 d57d68e0f8512226 e84a0ea6eafa7039 e1f287edc811ce6f c062f09502626522 ed5cd55b376ff0ce ff81bf3da8acff3b ab0f645dcf4f5d49 6bf4e173fe4afd2 e891af0d186c39b9 e7bb970206410d54 c625bd2613a1136b 2c0d4d24ee7ae519 f4bbf26daeb76c33 c2587f9e13c8e426 243c93f3ae1af93 e9991bc6ee65ccc2 822eb0e8f6ffbbac 31e16b3f2bf19b65 9a57682784727a27 fb7235d39b7a8705 c76c226a1c861910 a0f89337ad53a112 c8ce2818e1c38a92 fe49a3a21c6ac90b c9be6a1d903a4a82 f1fdd5149f4236d9 bbacffe4928c9235 22c6dcb8f04778b6 f89af90056b6a02 97f7fc3794c4b1cc 50c2a83cb36af74 d0a21976babed8ef cf838abc1495da13 dfcc8987e89a15ae a358ee9dd48fb53f e9258f52306ea2fe 1908b8acf2dc7959 c76c2e98c8f218d9 ] wstrb=[49 d7 ea a3 83 c4 3b cd 9b 26 70 1f ea ab ec 85 d1 5c a4 bb 7 90 41 d9 ec e5 94 f4 76 d5 cd 62 bb 61 56 31 37 23 93 f2 85 ea 23 bc d b6 ae 92 a0 d1 4e ae 87 fc 40 28 cd 8f d6 55 8b 16 7d 59 a5 53 ae 31 69 2b 8a f 7e 38 40 e7 63 ca f6 e1 2 36 c8 65 0 bf 46 2 f5 e 67 f6 cd ad f8 c3 bc 60 b9 89 d b1 4c c9 11 5 53 1f b7 9f e8 c8 a5 3b e7 5c db d0 24 80 b c dc e6 dc 0 66 e7 c ] bresp=0 bid=1100
[1375000] SCOREBOARD: Transaction 4 received. pass=308 fail=0
[1375000] ALL PASS. Total transactions: 4
[1385000] SLAVE 1 R_VALID_RDY Handshake beat=1 rlast=1
[1385000] [SLAVE MONITOR] READ mst_id=0 s_id=1 araddr=1b4c8bb8 arid=1 arlen=1 arsize=3 arburst=1 rid=[11] rresp=[00] rdata=[baadf00d12345678baadf00d12345678]
[1395000] MASTER 0 R_VALID_RDY Handshake beat=0 rlast=0
[1405000] [MASTER DRIVER] READ mst_id=0 s_id=0 araddr=1b4c8bb8 arid=1 arlen=1 arsize=3 arburst=1 rid=[11] rresp=[00] rdata=[baadf00d12345678baadf00d12345678]
[1405000] MASTER 0 R_VALID_RDY Handshake beat=1 rlast=1
[1405000] [MASTER MONITOR] READ mst_id=0 s_id=1 araddr=1b4c8bb8 arid=1 arlen=1 arsize=3 arburst=1 rid=[11] rresp=[00] rdata=[baadf00d12345678baadf00d12345678]
[1405000] SCOREBOARD MATCH: decode_err expected = 0, actual =0
[1405000] SCOREBOARD MATCH: slave_id expected = 1, actual =1
[1405000] SCOREBOARD MATCH: araddr passthrough expected = 1b4c8bb8, actual =1b4c8bb8
[1405000] SCOREBOARD MATCH: arlen passthrough expected = 1, actual =1
[1405000] SCOREBOARD MATCH: arsize passthrough expected = 3, actual =3
[1405000] SCOREBOARD MATCH: arburst passthrough expected = 1, actual =1
[1405000] SCOREBOARD MATCH: rdata size check expected = 2, actual =2
[1405000] SCOREBOARD MATCH: rdata passthrough beat=0 expected = baadf00d12345678, actual =baadf00d12345678
[1405000] SCOREBOARD MATCH: rdata passthrough beat=1 expected = baadf00d12345678, actual =baadf00d12345678
[1405000] SCOREBOARD MATCH: rresp size check expected = 2, actual =2
[1405000] SCOREBOARD MATCH: rresp passthrough beat=0 expected = 0, actual =0
[1405000] SCOREBOARD MATCH: rresp passthrough beat=1 expected = 0, actual =0
[1405000] SCOREBOARD MATCH: response routed to correct master (read beat 0) expected = 0, actual =0
[1405000] SCOREBOARD MATCH: response routed to correct master (read beat 1) expected = 0, actual =0
[1405000] [SCOREBOARD-M] READ mst_id=0 s_id=1 araddr=1b4c8bb8 arid=1 arlen=1 arsize=3 arburst=1 rid=[11] rresp=[00] rdata=[baadf00d12345678baadf00d12345678]
[1405000] [SCOREBOARD-S] READ mst_id=0 s_id=1 araddr=1b4c8bb8 arid=1 arlen=1 arsize=3 arburst=1 rid=[11] rresp=[00] rdata=[baadf00d12345678baadf00d12345678]
[1405000] SCOREBOARD: Transaction 5 received. pass=322 fail=0
[1405000] SCOREBOARD: Expected 5 transactions completed, PASS=322 FAIL=0
[1405000] ALL PASS. Total transactions: 5
[1405000] ALL TRANSACTIONS MONITORED
$finish called at time : 1425 ns : File "/home/nashita/Desktop/practice/axi_xbar/tb/top/axi_tb_top.sv" Line 220
exit
INFO: xsimkernel Simulation Memory Usage: 289464 KB (Peak: 337864 KB), Simulation CPU Usage: 1180 ms
INFO: [Common 17-206] Exiting xsim at Fri Sep 11 12:08:43 2026...
