#-----------------------------------------------------------
# xsim v2025.2 (64-bit)
# SW Build 6299465 on Fri Nov 14 12:34:56 MST 2025
# IP Build 6300035 on Fri Nov 14 10:48:45 MST 2025
# SharedData Build 6298862 on Thu Nov 13 04:50:51 MST 2025
# Start of session at: Thu Sep 10 18:38:38 2026
# Process ID         : 3655544
# Current directory  : /home/nashita/Desktop/practice/axi_xbar/sim
# Command line       : xsim -log regress_results/BT_run364.log -mode tcl -source {xsim.dir/tb_top_snap/xsim_script.tcl}
# Log file           : /home/nashita/Desktop/practice/axi_xbar/sim/regress_results/BT_run364.log
# Journal file       : /home/nashita/Desktop/practice/axi_xbar/sim/xsim.jou
# Running On         : vlsi-vivado
# Platform           : Ubuntu
# Operating System   : Ubuntu 24.04.4 LTS
# Processor Detail   : Intel(R) Core(TM) i5-10400 CPU @ 2.90GHz
# CPU Frequency      : 4004.375 MHz
# CPU Physical cores : 6
# CPU Logical cores  : 12
# Host memory        : 41875 MB
# Swap memory        : 27648 MB
# Total Virtual      : 69524 MB
# Available Virtual  : 62510 MB
#-----------------------------------------------------------
source xsim.dir/tb_top_snap/xsim_script.tcl
# xsim {tb_top_snap} -testplusarg BT -autoloadwcfg -runall -sv_seed 365
Time resolution is 1 ps
run -all
[0] RUNNING BASE TEST
[0] INSIDE THE BASE TEST CONSTRUCTOR
[0] ENV: before agent
[0] SLAVE CONSTRUCTED
[0] MASTER MONITOR CONSTRUCTED
[0] MASTER MONITOR CONSTRUCTED
[0] SLAVE MONITOR CONSTRUCTED
[0] SLAVE MONITOR CONSTRUCTED
[0] ARB MONITOR CONSTRUCTED
GENERATOR CONSTRUCTED
[0] ENV: after agent
[0] ENV: before scoreboard
[0] ENV: after scoreboard
[15000] [SEQUENCER] mst_id=1 s_id=0 awaddr=9a814c8 awid=10 awlen=6 awsize=3 awburst=2 wdata=[fa366913f1290386 c3d9792aff75c376 e67e679be9a7f4af dad0f83527bef168 a734b4dee0b4d0ae ca5cc55d9eaa715f c66962c78db31c79 ] wstrb=[92 28 a6 f2 85 1f b9 ] bresp=0 bid=0
[15000] [SEQUENCER] mst_id=0 s_id=0 awaddr=10bcda58 awid=1011 awlen=40 awsize=6 awburst=1 wdata=[871cb0eaa739328e b970dfc688de2cb6 844681de3141a14c d87ad3da17a74eb4 a0857b6a0b6332c9 3ca4d41511ebb3a1 2993025524cbfd49 302f3012951fa7ef a70b5b90ca187dbf eee47b08ecd40427 81f3ac16d09e5de5 1ab6dba59f13ab1a 8be7af4128ff07a7 f99d658c899b56ad 28af01c80ddb5b58 36da62ff94544131 1def97dfb496b109 c2720c61b077c88b c4cc09bdc69e99a7 fb354ab0f94c6f60 29c437ece2bba19c 295a3b433da75712 b6f3c672ee9041a9 d14be345a48f85f3 e236dd05e0b7fe5e cf484007faa61e88 9f35a47b192aa378 f9e2a1d6a094234c 9b3a41d4016c8181 1a9724f9c92ae1de e9bf052a3a6fe650 3bdc67d19479c6cf dda4a8ad04f946ff 3f692d4fd6738cca eaed5399c763add8 cc5cf4d7fb459520 d1b921eac891fc47 ff5aa1f0bc62226 70bb746bca67583 853871cadc529ef6 e818c11cd8c4d930 ] wstrb=[e9 b3 62 df 7e 92 fb 67 45 5d 47 c3 ef 42 2b 35 a0 72 f8 8f b4 23 c4 54 95 bd e4 4a e0 a8 9e 76 65 82 c0 46 2b 5e bc 90 e1 ] bresp=0 bid=0
[15000] [SEQUENCER] READ mst_id=1 s_id=0 araddr=1aa2ef08 arid=1 arlen=1 arsize=3 arburst=1 rid=[] rresp=[] rdata=[]
[15000] [SEQUENCER] READ mst_id=1 s_id=0 araddr=c05290 arid=2 arlen=1 arsize=3 arburst=1 rid=[] rresp=[] rdata=[]
[15000] [SEQUENCER] READ mst_id=1 s_id=0 araddr=15b87a58 arid=3 arlen=1 arsize=3 arburst=1 rid=[] rresp=[] rdata=[]
[15000] MASTER_DRIVER1 received transaction, op=AXI_WRITE
[15000] MASTER_DRIVER0 received transaction, op=AXI_WRITE
[35000] MASTER 1 AW_VALID_RDY Handshake
[35000] MASTER 0 AW_VALID_RDY Handshake
[45000] ARB MONITOR: slave=0 m0_req=0 m1_req=1 winner=1
[45000] ARB MONITOR: slave=1 m0_req=1 m1_req=0 winner=0
[45000] AXI S1_AWVALID_RDY HANDSHAKE
[45000] AXI S0_AWVALID_RDY HANDSHAKE
[55000] MASTER 1 W_VALID_RDY Handshake beat=0 wlast=0
[55000] MASTER 0 W_VALID_RDY Handshake beat=0 wlast=0
[65000] MASTER 0 W_VALID_RDY Handshake beat=1 wlast=0
[65000] MASTER 1 W_VALID_RDY Handshake beat=1 wlast=0
[65000] S1 MEMORY WRITE beat=0 addr=10bcda58 data=871cb0eaa739328e id=0b
[65000] AXI S0_WVALID_RDY HANDSHAKE
[65000] S0 MEMORY WRITE beat=0 addr=09a814c8 data=fa366913f1290386 id=12
[75000] AXI S0_WVALID_RDY HANDSHAKE
[75000] S0 MEMORY WRITE beat=1 addr=09a814d0 data=c3d9792aff75c376 id=12
[75000] S1 MEMORY WRITE beat=1 addr=10bcda98 data=b970dfc688de2cb6 id=0b
[75000] MASTER 1 W_VALID_RDY Handshake beat=2 wlast=0
[75000] MASTER 0 W_VALID_RDY Handshake beat=2 wlast=0
[85000] MASTER 0 W_VALID_RDY Handshake beat=3 wlast=0
[85000] MASTER 1 W_VALID_RDY Handshake beat=3 wlast=0
[85000] S1 MEMORY WRITE beat=2 addr=10bcdad8 data=844681de3141a14c id=0b
[85000] AXI S0_WVALID_RDY HANDSHAKE
[85000] S0 MEMORY WRITE beat=2 addr=09a814d8 data=e67e679be9a7f4af id=12
[95000] AXI S0_WVALID_RDY HANDSHAKE
[95000] S0 MEMORY WRITE beat=3 addr=09a814e0 data=dad0f83527bef168 id=12
[95000] S1 MEMORY WRITE beat=3 addr=10bcdb18 data=d87ad3da17a74eb4 id=0b
[95000] MASTER 1 W_VALID_RDY Handshake beat=4 wlast=0
[95000] MASTER 0 W_VALID_RDY Handshake beat=4 wlast=0
[105000] MASTER 0 W_VALID_RDY Handshake beat=5 wlast=0
[105000] MASTER 1 W_VALID_RDY Handshake beat=5 wlast=0
[105000] S1 MEMORY WRITE beat=4 addr=10bcdb58 data=a0857b6a0b6332c9 id=0b
[105000] AXI S0_WVALID_RDY HANDSHAKE
[105000] S0 MEMORY WRITE beat=4 addr=09a814e8 data=a734b4dee0b4d0ae id=12
[115000] AXI S0_WVALID_RDY HANDSHAKE
[115000] S0 MEMORY WRITE beat=5 addr=09a814b8 data=ca5cc55d9eaa715f id=12
[115000] S1 MEMORY WRITE beat=5 addr=10bcdb98 data=3ca4d41511ebb3a1 id=0b
[115000] MASTER 1 W_VALID_RDY Handshake beat=6 wlast=1
[115000] MASTER 0 W_VALID_RDY Handshake beat=6 wlast=0
[115000] MASTER_DRIVER1 received transaction, op=AXI_READ
[125000] MASTER 0 W_VALID_RDY Handshake beat=7 wlast=0
[125000] S1 MEMORY WRITE beat=6 addr=10bcdbd8 data=2993025524cbfd49 id=0b
[125000] AXI S0_WVALID_RDY HANDSHAKE
[125000] S0 MEMORY WRITE beat=6 addr=09a814c0 data=c66962c78db31c79 id=12
[135000] SLAVE0 sent B resp, id=2
[135000] S1 MEMORY WRITE beat=7 addr=10bcdc18 data=302f3012951fa7ef id=0b
[135000] [SLAVE MONITOR] mst_id=1 s_id=0 awaddr=9a814c8 awid=10 awlen=6 awsize=3 awburst=2 wdata=[fa366913f1290386 c3d9792aff75c376 e67e679be9a7f4af dad0f83527bef168 a734b4dee0b4d0ae ca5cc55d9eaa715f c66962c78db31c79 ] wstrb=[92 28 a6 f2 85 1f b9 ] bresp=0 bid=10010
[135000] MASTER 0 W_VALID_RDY Handshake beat=8 wlast=0
[135000] MASTER_DRIVER1 received transaction, op=AXI_READ
[145000] MASTER 0 W_VALID_RDY Handshake beat=9 wlast=0
[145000] ARB MONITOR: slave=1 m0_req=0 m1_req=1 winner=1
[145000] AXI S0_ARVALID_RDY HANDSHAKE
[145000] MEMORY READ MISS beat=0 addr=1aa2ef08 -> default data id=17
[145000] S1 MEMORY WRITE beat=8 addr=10bcdc58 data=a70b5b90ca187dbf id=0b
[155000] S1 MEMORY WRITE beat=9 addr=10bcdc98 data=eee47b08ecd40427 id=0b
[155000] MEMORY READ MISS beat=1 addr=1aa2ef10 -> default data id=17
[155000] SLAVE 1 R_VALID_RDY Handshake beat=0 rlast=0
[155000] MASTER 1 B_VALID_RDY Handshake
[155000] [MASTER MONITOR] mst_id=1 s_id=0 awaddr=9a814c8 awid=10 awlen=6 awsize=3 awburst=2 wdata=[fa366913f1290386 c3d9792aff75c376 e67e679be9a7f4af dad0f83527bef168 a734b4dee0b4d0ae ca5cc55d9eaa715f c66962c78db31c79 ] wstrb=[92 28 a6 f2 85 1f b9 ] bresp=0 bid=10
[155000] MASTER 0 W_VALID_RDY Handshake beat=10 wlast=0
[155000] MASTER_DRIVER1 received transaction, op=AXI_READ
[155000] MASTER 1 RECEIVED BRESP. BRESP=0
[155000] [MASTER DRIVER] mst_id=1 s_id=0 awaddr=9a814c8 awid=10 awlen=6 awsize=3 awburst=2 wdata=[fa366913f1290386 c3d9792aff75c376 e67e679be9a7f4af dad0f83527bef168 a734b4dee0b4d0ae ca5cc55d9eaa715f c66962c78db31c79 ] wstrb=[92 28 a6 f2 85 1f b9 ] bresp=0 bid=10
[155000] SCOREBOARD MATCH: decode_err expected = 0, actual =0
[155000] SCOREBOARD MATCH: slave_id expected = 0, actual =0
[155000] SCOREBOARD MATCH: awaddr passthrough expected = 9a814c8, actual =9a814c8
[155000] SCOREBOARD MATCH: awlen passthrough expected = 6, actual =6
[155000] SCOREBOARD MATCH: awsize passthrough expected = 3, actual =3
[155000] SCOREBOARD MATCH: awburst passthrough expected = 2, actual =2
[155000] SCOREBOARD MATCH: wdata size check expected = 7, actual =7
[155000] SCOREBOARD MATCH: wdata passthrough beat=0 expected = fa366913f1290386, actual =fa366913f1290386
[155000] SCOREBOARD MATCH: wdata passthrough beat=1 expected = c3d9792aff75c376, actual =c3d9792aff75c376
[155000] SCOREBOARD MATCH: wdata passthrough beat=2 expected = e67e679be9a7f4af, actual =e67e679be9a7f4af
[155000] SCOREBOARD MATCH: wdata passthrough beat=3 expected = dad0f83527bef168, actual =dad0f83527bef168
[155000] SCOREBOARD MATCH: wdata passthrough beat=4 expected = a734b4dee0b4d0ae, actual =a734b4dee0b4d0ae
[155000] SCOREBOARD MATCH: wdata passthrough beat=5 expected = ca5cc55d9eaa715f, actual =ca5cc55d9eaa715f
[155000] SCOREBOARD MATCH: wdata passthrough beat=6 expected = c66962c78db31c79, actual =c66962c78db31c79
[155000] SCOREBOARD MATCH: wstrb size check expected = 7, actual =7
[155000] SCOREBOARD MATCH: wstrb passthrough beat=0 expected = 92, actual =92
[155000] SCOREBOARD MATCH: wstrb passthrough beat=1 expected = 28, actual =28
[155000] SCOREBOARD MATCH: wstrb passthrough beat=2 expected = a6, actual =a6
[155000] SCOREBOARD MATCH: wstrb passthrough beat=3 expected = f2, actual =f2
[155000] SCOREBOARD MATCH: wstrb passthrough beat=4 expected = 85, actual =85
[155000] SCOREBOARD MATCH: wstrb passthrough beat=5 expected = 1f, actual =1f
[155000] SCOREBOARD MATCH: wstrb passthrough beat=6 expected = b9, actual =b9
[155000] SCOREBOARD MATCH: bresp passthrough expected = 0, actual =0
[155000] SCOREBOARD MATCH: response routed to correct master (write) expected = 1, actual =1
[155000] [SCOREBOARD-M] mst_id=1 s_id=0 awaddr=9a814c8 awid=10 awlen=6 awsize=3 awburst=2 wdata=[fa366913f1290386 c3d9792aff75c376 e67e679be9a7f4af dad0f83527bef168 a734b4dee0b4d0ae ca5cc55d9eaa715f c66962c78db31c79 ] wstrb=[92 28 a6 f2 85 1f b9 ] bresp=0 bid=10
[155000] [SCOREBOARD-S] mst_id=1 s_id=0 awaddr=9a814c8 awid=10 awlen=6 awsize=3 awburst=2 wdata=[fa366913f1290386 c3d9792aff75c376 e67e679be9a7f4af dad0f83527bef168 a734b4dee0b4d0ae ca5cc55d9eaa715f c66962c78db31c79 ] wstrb=[92 28 a6 f2 85 1f b9 ] bresp=0 bid=10010
[155000] SCOREBOARD: Transaction 1 received. pass=24 fail=0
[155000] ALL PASS. Total transactions: 1
[165000] MASTER 0 W_VALID_RDY Handshake beat=11 wlast=0
[165000] ARB MONITOR: slave=0 m0_req=0 m1_req=1 winner=1
[165000] SLAVE 1 R_VALID_RDY Handshake beat=1 rlast=1
[165000] [SLAVE MONITOR] READ mst_id=1 s_id=1 araddr=1aa2ef08 arid=1 arlen=1 arsize=3 arburst=1 rid=[1111] rresp=[00] rdata=[baadf00d12345678baadf00d12345678]
[165000] AXI S0_ARVALID_RDY HANDSHAKE
[165000] MEMORY READ MISS beat=0 addr=c05290 -> default data id=18
[165000] S1 MEMORY WRITE beat=10 addr=10bcdcd8 data=81f3ac16d09e5de5 id=0b
[175000] S1 MEMORY WRITE beat=11 addr=10bcdd18 data=1ab6dba59f13ab1a id=0b
[175000] MEMORY READ MISS beat=1 addr=c05298 -> default data id=18
[175000] SLAVE 0 R_VALID_RDY Handshake beat=0 rlast=0
[175000] MASTER 1 R_VALID_RDY Handshake beat=0 rlast=0
[175000] MASTER 0 W_VALID_RDY Handshake beat=12 wlast=0
[185000] [MASTER DRIVER] READ mst_id=1 s_id=0 araddr=1aa2ef08 arid=1 arlen=1 arsize=3 arburst=1 rid=[11] rresp=[00] rdata=[baadf00d12345678baadf00d12345678]
[185000] MASTER 0 W_VALID_RDY Handshake beat=13 wlast=0
[185000] MASTER 1 R_VALID_RDY Handshake beat=1 rlast=1
[185000] [MASTER MONITOR] READ mst_id=1 s_id=1 araddr=1aa2ef08 arid=1 arlen=1 arsize=3 arburst=1 rid=[11] rresp=[00] rdata=[baadf00d12345678baadf00d12345678]
[185000] ARB MONITOR: slave=1 m0_req=0 m1_req=1 winner=1
[185000] SLAVE 0 R_VALID_RDY Handshake beat=1 rlast=1
[185000] [SLAVE MONITOR] READ mst_id=1 s_id=0 araddr=c05290 arid=2 arlen=1 arsize=3 arburst=1 rid=[1212] rresp=[00] rdata=[baadf00d12345678baadf00d12345678]
[185000] AXI S0_ARVALID_RDY HANDSHAKE
[185000] MEMORY READ MISS beat=0 addr=15b87a58 -> default data id=19
[185000] S1 MEMORY WRITE beat=12 addr=10bcdd58 data=8be7af4128ff07a7 id=0b
[185000] SCOREBOARD MATCH: decode_err expected = 0, actual =0
[185000] SCOREBOARD MATCH: slave_id expected = 1, actual =1
[185000] SCOREBOARD MATCH: araddr passthrough expected = 1aa2ef08, actual =1aa2ef08
[185000] SCOREBOARD MATCH: arlen passthrough expected = 1, actual =1
[185000] SCOREBOARD MATCH: arsize passthrough expected = 3, actual =3
[185000] SCOREBOARD MATCH: arburst passthrough expected = 1, actual =1
[185000] SCOREBOARD MATCH: rdata size check expected = 2, actual =2
[185000] SCOREBOARD MATCH: rdata passthrough beat=0 expected = baadf00d12345678, actual =baadf00d12345678
[185000] SCOREBOARD MATCH: rdata passthrough beat=1 expected = baadf00d12345678, actual =baadf00d12345678
[185000] SCOREBOARD MATCH: rresp size check expected = 2, actual =2
[185000] SCOREBOARD MATCH: rresp passthrough beat=0 expected = 0, actual =0
[185000] SCOREBOARD MATCH: rresp passthrough beat=1 expected = 0, actual =0
[185000] SCOREBOARD MATCH: response routed to correct master (read beat 0) expected = 1, actual =1
[185000] SCOREBOARD MATCH: response routed to correct master (read beat 1) expected = 1, actual =1
[185000] [SCOREBOARD-M] READ mst_id=1 s_id=1 araddr=1aa2ef08 arid=1 arlen=1 arsize=3 arburst=1 rid=[11] rresp=[00] rdata=[baadf00d12345678baadf00d12345678]
[185000] [SCOREBOARD-S] READ mst_id=1 s_id=1 araddr=1aa2ef08 arid=1 arlen=1 arsize=3 arburst=1 rid=[1111] rresp=[00] rdata=[baadf00d12345678baadf00d12345678]
[185000] SCOREBOARD: Transaction 2 received. pass=38 fail=0
[185000] ALL PASS. Total transactions: 2
[195000] S1 MEMORY WRITE beat=13 addr=10bcdd98 data=f99d658c899b56ad id=0b
[195000] MEMORY READ MISS beat=1 addr=15b87a60 -> default data id=19
[195000] SLAVE 1 R_VALID_RDY Handshake beat=0 rlast=0
[195000] MASTER 0 W_VALID_RDY Handshake beat=14 wlast=0
[205000] MASTER 0 W_VALID_RDY Handshake beat=15 wlast=0
[205000] MASTER 1 R_VALID_RDY Handshake beat=0 rlast=0
[205000] SLAVE 1 R_VALID_RDY Handshake beat=1 rlast=1
[205000] [SLAVE MONITOR] READ mst_id=1 s_id=1 araddr=15b87a58 arid=3 arlen=1 arsize=3 arburst=1 rid=[1313] rresp=[00] rdata=[baadf00d12345678baadf00d12345678]
[205000] S1 MEMORY WRITE beat=14 addr=10bcddd8 data=28af01c80ddb5b58 id=0b
[215000] S1 MEMORY WRITE beat=15 addr=10bcde18 data=36da62ff94544131 id=0b
[215000] MASTER 1 R_VALID_RDY Handshake beat=1 rlast=1
[215000] [MASTER MONITOR] READ mst_id=1 s_id=0 araddr=c05290 arid=2 arlen=1 arsize=3 arburst=1 rid=[22] rresp=[00] rdata=[baadf00d12345678baadf00d12345678]
[215000] MASTER 0 W_VALID_RDY Handshake beat=16 wlast=0
[215000] [MASTER DRIVER] READ mst_id=1 s_id=0 araddr=c05290 arid=2 arlen=1 arsize=3 arburst=1 rid=[22] rresp=[00] rdata=[baadf00d12345678baadf00d12345678]
[215000] SCOREBOARD MATCH: decode_err expected = 0, actual =0
[215000] SCOREBOARD MATCH: slave_id expected = 0, actual =0
[215000] SCOREBOARD MATCH: araddr passthrough expected = c05290, actual =c05290
[215000] SCOREBOARD MATCH: arlen passthrough expected = 1, actual =1
[215000] SCOREBOARD MATCH: arsize passthrough expected = 3, actual =3
[215000] SCOREBOARD MATCH: arburst passthrough expected = 1, actual =1
[215000] SCOREBOARD MATCH: rdata size check expected = 2, actual =2
[215000] SCOREBOARD MATCH: rdata passthrough beat=0 expected = baadf00d12345678, actual =baadf00d12345678
[215000] SCOREBOARD MATCH: rdata passthrough beat=1 expected = baadf00d12345678, actual =baadf00d12345678
[215000] SCOREBOARD MATCH: rresp size check expected = 2, actual =2
[215000] SCOREBOARD MATCH: rresp passthrough beat=0 expected = 0, actual =0
[215000] SCOREBOARD MATCH: rresp passthrough beat=1 expected = 0, actual =0
[215000] SCOREBOARD MATCH: response routed to correct master (read beat 0) expected = 1, actual =1
[215000] SCOREBOARD MATCH: response routed to correct master (read beat 1) expected = 1, actual =1
[215000] [SCOREBOARD-M] READ mst_id=1 s_id=0 araddr=c05290 arid=2 arlen=1 arsize=3 arburst=1 rid=[22] rresp=[00] rdata=[baadf00d12345678baadf00d12345678]
[215000] [SCOREBOARD-S] READ mst_id=1 s_id=0 araddr=c05290 arid=2 arlen=1 arsize=3 arburst=1 rid=[1212] rresp=[00] rdata=[baadf00d12345678baadf00d12345678]
[215000] SCOREBOARD: Transaction 3 received. pass=52 fail=0
[215000] ALL PASS. Total transactions: 3
[225000] MASTER 0 W_VALID_RDY Handshake beat=17 wlast=0
[225000] S1 MEMORY WRITE beat=16 addr=10bcde58 data=1def97dfb496b109 id=0b
[235000] S1 MEMORY WRITE beat=17 addr=10bcde98 data=c2720c61b077c88b id=0b
[235000] MASTER 1 R_VALID_RDY Handshake beat=0 rlast=0
[235000] MASTER 0 W_VALID_RDY Handshake beat=18 wlast=0
[245000] [MASTER DRIVER] READ mst_id=1 s_id=0 araddr=15b87a58 arid=3 arlen=1 arsize=3 arburst=1 rid=[33] rresp=[00] rdata=[baadf00d12345678baadf00d12345678]
[245000] MASTER 0 W_VALID_RDY Handshake beat=19 wlast=0
[245000] MASTER 1 R_VALID_RDY Handshake beat=1 rlast=1
[245000] [MASTER MONITOR] READ mst_id=1 s_id=1 araddr=15b87a58 arid=3 arlen=1 arsize=3 arburst=1 rid=[33] rresp=[00] rdata=[baadf00d12345678baadf00d12345678]
[245000] S1 MEMORY WRITE beat=18 addr=10bcded8 data=c4cc09bdc69e99a7 id=0b
[245000] SCOREBOARD MATCH: decode_err expected = 0, actual =0
[245000] SCOREBOARD MATCH: slave_id expected = 1, actual =1
[245000] SCOREBOARD MATCH: araddr passthrough expected = 15b87a58, actual =15b87a58
[245000] SCOREBOARD MATCH: arlen passthrough expected = 1, actual =1
[245000] SCOREBOARD MATCH: arsize passthrough expected = 3, actual =3
[245000] SCOREBOARD MATCH: arburst passthrough expected = 1, actual =1
[245000] SCOREBOARD MATCH: rdata size check expected = 2, actual =2
[245000] SCOREBOARD MATCH: rdata passthrough beat=0 expected = baadf00d12345678, actual =baadf00d12345678
[245000] SCOREBOARD MATCH: rdata passthrough beat=1 expected = baadf00d12345678, actual =baadf00d12345678
[245000] SCOREBOARD MATCH: rresp size check expected = 2, actual =2
[245000] SCOREBOARD MATCH: rresp passthrough beat=0 expected = 0, actual =0
[245000] SCOREBOARD MATCH: rresp passthrough beat=1 expected = 0, actual =0
[245000] SCOREBOARD MATCH: response routed to correct master (read beat 0) expected = 1, actual =1
[245000] SCOREBOARD MATCH: response routed to correct master (read beat 1) expected = 1, actual =1
[245000] [SCOREBOARD-M] READ mst_id=1 s_id=1 araddr=15b87a58 arid=3 arlen=1 arsize=3 arburst=1 rid=[33] rresp=[00] rdata=[baadf00d12345678baadf00d12345678]
[245000] [SCOREBOARD-S] READ mst_id=1 s_id=1 araddr=15b87a58 arid=3 arlen=1 arsize=3 arburst=1 rid=[1313] rresp=[00] rdata=[baadf00d12345678baadf00d12345678]
[245000] SCOREBOARD: Transaction 4 received. pass=66 fail=0
[245000] ALL PASS. Total transactions: 4
[255000] S1 MEMORY WRITE beat=19 addr=10bcdf18 data=fb354ab0f94c6f60 id=0b
[255000] MASTER 0 W_VALID_RDY Handshake beat=20 wlast=0
[265000] MASTER 0 W_VALID_RDY Handshake beat=21 wlast=0
[265000] S1 MEMORY WRITE beat=20 addr=10bcdf58 data=29c437ece2bba19c id=0b
[275000] S1 MEMORY WRITE beat=21 addr=10bcdf98 data=295a3b433da75712 id=0b
[275000] MASTER 0 W_VALID_RDY Handshake beat=22 wlast=0
[285000] MASTER 0 W_VALID_RDY Handshake beat=23 wlast=0
[285000] S1 MEMORY WRITE beat=22 addr=10bcdfd8 data=b6f3c672ee9041a9 id=0b
[295000] S1 MEMORY WRITE beat=23 addr=10bce018 data=d14be345a48f85f3 id=0b
[295000] MASTER 0 W_VALID_RDY Handshake beat=24 wlast=0
[305000] MASTER 0 W_VALID_RDY Handshake beat=25 wlast=0
[305000] S1 MEMORY WRITE beat=24 addr=10bce058 data=e236dd05e0b7fe5e id=0b
[315000] S1 MEMORY WRITE beat=25 addr=10bce098 data=cf484007faa61e88 id=0b
[315000] MASTER 0 W_VALID_RDY Handshake beat=26 wlast=0
[325000] MASTER 0 W_VALID_RDY Handshake beat=27 wlast=0
[325000] S1 MEMORY WRITE beat=26 addr=10bce0d8 data=9f35a47b192aa378 id=0b
[335000] S1 MEMORY WRITE beat=27 addr=10bce118 data=f9e2a1d6a094234c id=0b
[335000] MASTER 0 W_VALID_RDY Handshake beat=28 wlast=0
[345000] MASTER 0 W_VALID_RDY Handshake beat=29 wlast=0
[345000] S1 MEMORY WRITE beat=28 addr=10bce158 data=9b3a41d4016c8181 id=0b
[355000] S1 MEMORY WRITE beat=29 addr=10bce198 data=1a9724f9c92ae1de id=0b
[355000] MASTER 0 W_VALID_RDY Handshake beat=30 wlast=0
[365000] MASTER 0 W_VALID_RDY Handshake beat=31 wlast=0
[365000] S1 MEMORY WRITE beat=30 addr=10bce1d8 data=e9bf052a3a6fe650 id=0b
[375000] S1 MEMORY WRITE beat=31 addr=10bce218 data=3bdc67d19479c6cf id=0b
[375000] MASTER 0 W_VALID_RDY Handshake beat=32 wlast=0
[385000] MASTER 0 W_VALID_RDY Handshake beat=33 wlast=0
[385000] S1 MEMORY WRITE beat=32 addr=10bce258 data=dda4a8ad04f946ff id=0b
[395000] S1 MEMORY WRITE beat=33 addr=10bce298 data=3f692d4fd6738cca id=0b
[395000] MASTER 0 W_VALID_RDY Handshake beat=34 wlast=0
[405000] MASTER 0 W_VALID_RDY Handshake beat=35 wlast=0
[405000] S1 MEMORY WRITE beat=34 addr=10bce2d8 data=eaed5399c763add8 id=0b
[415000] S1 MEMORY WRITE beat=35 addr=10bce318 data=cc5cf4d7fb459520 id=0b
[415000] MASTER 0 W_VALID_RDY Handshake beat=36 wlast=0
[425000] MASTER 0 W_VALID_RDY Handshake beat=37 wlast=0
[425000] S1 MEMORY WRITE beat=36 addr=10bce358 data=d1b921eac891fc47 id=0b
[435000] S1 MEMORY WRITE beat=37 addr=10bce398 data=0ff5aa1f0bc62226 id=0b
[435000] MASTER 0 W_VALID_RDY Handshake beat=38 wlast=0
[445000] MASTER 0 W_VALID_RDY Handshake beat=39 wlast=0
[445000] S1 MEMORY WRITE beat=38 addr=10bce3d8 data=070bb746bca67583 id=0b
[455000] S1 MEMORY WRITE beat=39 addr=10bce418 data=853871cadc529ef6 id=0b
[455000] MASTER 0 W_VALID_RDY Handshake beat=40 wlast=1
[465000] S1 MEMORY WRITE beat=40 addr=10bce458 data=e818c11cd8c4d930 id=0b
[475000] SLAVE1 sent B resp, id=11
[475000] [SLAVE MONITOR] mst_id=0 s_id=1 awaddr=10bcda58 awid=1011 awlen=40 awsize=6 awburst=1 wdata=[871cb0eaa739328e b970dfc688de2cb6 844681de3141a14c d87ad3da17a74eb4 a0857b6a0b6332c9 3ca4d41511ebb3a1 2993025524cbfd49 302f3012951fa7ef a70b5b90ca187dbf eee47b08ecd40427 81f3ac16d09e5de5 1ab6dba59f13ab1a 8be7af4128ff07a7 f99d658c899b56ad 28af01c80ddb5b58 36da62ff94544131 1def97dfb496b109 c2720c61b077c88b c4cc09bdc69e99a7 fb354ab0f94c6f60 29c437ece2bba19c 295a3b433da75712 b6f3c672ee9041a9 d14be345a48f85f3 e236dd05e0b7fe5e cf484007faa61e88 9f35a47b192aa378 f9e2a1d6a094234c 9b3a41d4016c8181 1a9724f9c92ae1de e9bf052a3a6fe650 3bdc67d19479c6cf dda4a8ad04f946ff 3f692d4fd6738cca eaed5399c763add8 cc5cf4d7fb459520 d1b921eac891fc47 ff5aa1f0bc62226 70bb746bca67583 853871cadc529ef6 e818c11cd8c4d930 ] wstrb=[e9 b3 62 df 7e 92 fb 67 45 5d 47 c3 ef 42 2b 35 a0 72 f8 8f b4 23 c4 54 95 bd e4 4a e0 a8 9e 76 65 82 c0 46 2b 5e bc 90 e1 ] bresp=0 bid=1011
[495000] MASTER 0 B_VALID_RDY Handshake
[495000] [MASTER MONITOR] mst_id=0 s_id=1 awaddr=10bcda58 awid=1011 awlen=40 awsize=6 awburst=1 wdata=[871cb0eaa739328e b970dfc688de2cb6 844681de3141a14c d87ad3da17a74eb4 a0857b6a0b6332c9 3ca4d41511ebb3a1 2993025524cbfd49 302f3012951fa7ef a70b5b90ca187dbf eee47b08ecd40427 81f3ac16d09e5de5 1ab6dba59f13ab1a 8be7af4128ff07a7 f99d658c899b56ad 28af01c80ddb5b58 36da62ff94544131 1def97dfb496b109 c2720c61b077c88b c4cc09bdc69e99a7 fb354ab0f94c6f60 29c437ece2bba19c 295a3b433da75712 b6f3c672ee9041a9 d14be345a48f85f3 e236dd05e0b7fe5e cf484007faa61e88 9f35a47b192aa378 f9e2a1d6a094234c 9b3a41d4016c8181 1a9724f9c92ae1de e9bf052a3a6fe650 3bdc67d19479c6cf dda4a8ad04f946ff 3f692d4fd6738cca eaed5399c763add8 cc5cf4d7fb459520 d1b921eac891fc47 ff5aa1f0bc62226 70bb746bca67583 853871cadc529ef6 e818c11cd8c4d930 ] wstrb=[e9 b3 62 df 7e 92 fb 67 45 5d 47 c3 ef 42 2b 35 a0 72 f8 8f b4 23 c4 54 95 bd e4 4a e0 a8 9e 76 65 82 c0 46 2b 5e bc 90 e1 ] bresp=0 bid=1011
[495000] MASTER 0 RECEIVED BRESP. BRESP=0
[495000] [MASTER DRIVER] mst_id=0 s_id=0 awaddr=10bcda58 awid=1011 awlen=40 awsize=6 awburst=1 wdata=[871cb0eaa739328e b970dfc688de2cb6 844681de3141a14c d87ad3da17a74eb4 a0857b6a0b6332c9 3ca4d41511ebb3a1 2993025524cbfd49 302f3012951fa7ef a70b5b90ca187dbf eee47b08ecd40427 81f3ac16d09e5de5 1ab6dba59f13ab1a 8be7af4128ff07a7 f99d658c899b56ad 28af01c80ddb5b58 36da62ff94544131 1def97dfb496b109 c2720c61b077c88b c4cc09bdc69e99a7 fb354ab0f94c6f60 29c437ece2bba19c 295a3b433da75712 b6f3c672ee9041a9 d14be345a48f85f3 e236dd05e0b7fe5e cf484007faa61e88 9f35a47b192aa378 f9e2a1d6a094234c 9b3a41d4016c8181 1a9724f9c92ae1de e9bf052a3a6fe650 3bdc67d19479c6cf dda4a8ad04f946ff 3f692d4fd6738cca eaed5399c763add8 cc5cf4d7fb459520 d1b921eac891fc47 ff5aa1f0bc62226 70bb746bca67583 853871cadc529ef6 e818c11cd8c4d930 ] wstrb=[e9 b3 62 df 7e 92 fb 67 45 5d 47 c3 ef 42 2b 35 a0 72 f8 8f b4 23 c4 54 95 bd e4 4a e0 a8 9e 76 65 82 c0 46 2b 5e bc 90 e1 ] bresp=0 bid=1011
[495000] SCOREBOARD MATCH: decode_err expected = 0, actual =0
[495000] SCOREBOARD MATCH: slave_id expected = 1, actual =1
[495000] SCOREBOARD MATCH: awaddr passthrough expected = 10bcda58, actual =10bcda58
[495000] SCOREBOARD MATCH: awlen passthrough expected = 40, actual =40
[495000] SCOREBOARD MATCH: awsize passthrough expected = 6, actual =6
[495000] SCOREBOARD MATCH: awburst passthrough expected = 1, actual =1
[495000] SCOREBOARD MATCH: wdata size check expected = 29, actual =29
[495000] SCOREBOARD MATCH: wdata passthrough beat=0 expected = 871cb0eaa739328e, actual =871cb0eaa739328e
[495000] SCOREBOARD MATCH: wdata passthrough beat=1 expected = b970dfc688de2cb6, actual =b970dfc688de2cb6
[495000] SCOREBOARD MATCH: wdata passthrough beat=2 expected = 844681de3141a14c, actual =844681de3141a14c
[495000] SCOREBOARD MATCH: wdata passthrough beat=3 expected = d87ad3da17a74eb4, actual =d87ad3da17a74eb4
[495000] SCOREBOARD MATCH: wdata passthrough beat=4 expected = a0857b6a0b6332c9, actual =a0857b6a0b6332c9
[495000] SCOREBOARD MATCH: wdata passthrough beat=5 expected = 3ca4d41511ebb3a1, actual =3ca4d41511ebb3a1
[495000] SCOREBOARD MATCH: wdata passthrough beat=6 expected = 2993025524cbfd49, actual =2993025524cbfd49
[495000] SCOREBOARD MATCH: wdata passthrough beat=7 expected = 302f3012951fa7ef, actual =302f3012951fa7ef
[495000] SCOREBOARD MATCH: wdata passthrough beat=8 expected = a70b5b90ca187dbf, actual =a70b5b90ca187dbf
[495000] SCOREBOARD MATCH: wdata passthrough beat=9 expected = eee47b08ecd40427, actual =eee47b08ecd40427
[495000] SCOREBOARD MATCH: wdata passthrough beat=10 expected = 81f3ac16d09e5de5, actual =81f3ac16d09e5de5
[495000] SCOREBOARD MATCH: wdata passthrough beat=11 expected = 1ab6dba59f13ab1a, actual =1ab6dba59f13ab1a
[495000] SCOREBOARD MATCH: wdata passthrough beat=12 expected = 8be7af4128ff07a7, actual =8be7af4128ff07a7
[495000] SCOREBOARD MATCH: wdata passthrough beat=13 expected = f99d658c899b56ad, actual =f99d658c899b56ad
[495000] SCOREBOARD MATCH: wdata passthrough beat=14 expected = 28af01c80ddb5b58, actual =28af01c80ddb5b58
[495000] SCOREBOARD MATCH: wdata passthrough beat=15 expected = 36da62ff94544131, actual =36da62ff94544131
[495000] SCOREBOARD MATCH: wdata passthrough beat=16 expected = 1def97dfb496b109, actual =1def97dfb496b109
[495000] SCOREBOARD MATCH: wdata passthrough beat=17 expected = c2720c61b077c88b, actual =c2720c61b077c88b
[495000] SCOREBOARD MATCH: wdata passthrough beat=18 expected = c4cc09bdc69e99a7, actual =c4cc09bdc69e99a7
[495000] SCOREBOARD MATCH: wdata passthrough beat=19 expected = fb354ab0f94c6f60, actual =fb354ab0f94c6f60
[495000] SCOREBOARD MATCH: wdata passthrough beat=20 expected = 29c437ece2bba19c, actual =29c437ece2bba19c
[495000] SCOREBOARD MATCH: wdata passthrough beat=21 expected = 295a3b433da75712, actual =295a3b433da75712
[495000] SCOREBOARD MATCH: wdata passthrough beat=22 expected = b6f3c672ee9041a9, actual =b6f3c672ee9041a9
[495000] SCOREBOARD MATCH: wdata passthrough beat=23 expected = d14be345a48f85f3, actual =d14be345a48f85f3
[495000] SCOREBOARD MATCH: wdata passthrough beat=24 expected = e236dd05e0b7fe5e, actual =e236dd05e0b7fe5e
[495000] SCOREBOARD MATCH: wdata passthrough beat=25 expected = cf484007faa61e88, actual =cf484007faa61e88
[495000] SCOREBOARD MATCH: wdata passthrough beat=26 expected = 9f35a47b192aa378, actual =9f35a47b192aa378
[495000] SCOREBOARD MATCH: wdata passthrough beat=27 expected = f9e2a1d6a094234c, actual =f9e2a1d6a094234c
[495000] SCOREBOARD MATCH: wdata passthrough beat=28 expected = 9b3a41d4016c8181, actual =9b3a41d4016c8181
[495000] SCOREBOARD MATCH: wdata passthrough beat=29 expected = 1a9724f9c92ae1de, actual =1a9724f9c92ae1de
[495000] SCOREBOARD MATCH: wdata passthrough beat=30 expected = e9bf052a3a6fe650, actual =e9bf052a3a6fe650
[495000] SCOREBOARD MATCH: wdata passthrough beat=31 expected = 3bdc67d19479c6cf, actual =3bdc67d19479c6cf
[495000] SCOREBOARD MATCH: wdata passthrough beat=32 expected = dda4a8ad04f946ff, actual =dda4a8ad04f946ff
[495000] SCOREBOARD MATCH: wdata passthrough beat=33 expected = 3f692d4fd6738cca, actual =3f692d4fd6738cca
[495000] SCOREBOARD MATCH: wdata passthrough beat=34 expected = eaed5399c763add8, actual =eaed5399c763add8
[495000] SCOREBOARD MATCH: wdata passthrough beat=35 expected = cc5cf4d7fb459520, actual =cc5cf4d7fb459520
[495000] SCOREBOARD MATCH: wdata passthrough beat=36 expected = d1b921eac891fc47, actual =d1b921eac891fc47
[495000] SCOREBOARD MATCH: wdata passthrough beat=37 expected = ff5aa1f0bc62226, actual =ff5aa1f0bc62226
[495000] SCOREBOARD MATCH: wdata passthrough beat=38 expected = 70bb746bca67583, actual =70bb746bca67583
[495000] SCOREBOARD MATCH: wdata passthrough beat=39 expected = 853871cadc529ef6, actual =853871cadc529ef6
[495000] SCOREBOARD MATCH: wdata passthrough beat=40 expected = e818c11cd8c4d930, actual =e818c11cd8c4d930
[495000] SCOREBOARD MATCH: wstrb size check expected = 29, actual =29
[495000] SCOREBOARD MATCH: wstrb passthrough beat=0 expected = e9, actual =e9
[495000] SCOREBOARD MATCH: wstrb passthrough beat=1 expected = b3, actual =b3
[495000] SCOREBOARD MATCH: wstrb passthrough beat=2 expected = 62, actual =62
[495000] SCOREBOARD MATCH: wstrb passthrough beat=3 expected = df, actual =df
[495000] SCOREBOARD MATCH: wstrb passthrough beat=4 expected = 7e, actual =7e
[495000] SCOREBOARD MATCH: wstrb passthrough beat=5 expected = 92, actual =92
[495000] SCOREBOARD MATCH: wstrb passthrough beat=6 expected = fb, actual =fb
[495000] SCOREBOARD MATCH: wstrb passthrough beat=7 expected = 67, actual =67
[495000] SCOREBOARD MATCH: wstrb passthrough beat=8 expected = 45, actual =45
[495000] SCOREBOARD MATCH: wstrb passthrough beat=9 expected = 5d, actual =5d
[495000] SCOREBOARD MATCH: wstrb passthrough beat=10 expected = 47, actual =47
[495000] SCOREBOARD MATCH: wstrb passthrough beat=11 expected = c3, actual =c3
[495000] SCOREBOARD MATCH: wstrb passthrough beat=12 expected = ef, actual =ef
[495000] SCOREBOARD MATCH: wstrb passthrough beat=13 expected = 42, actual =42
[495000] SCOREBOARD MATCH: wstrb passthrough beat=14 expected = 2b, actual =2b
[495000] SCOREBOARD MATCH: wstrb passthrough beat=15 expected = 35, actual =35
[495000] SCOREBOARD MATCH: wstrb passthrough beat=16 expected = a0, actual =a0
[495000] SCOREBOARD MATCH: wstrb passthrough beat=17 expected = 72, actual =72
[495000] SCOREBOARD MATCH: wstrb passthrough beat=18 expected = f8, actual =f8
[495000] SCOREBOARD MATCH: wstrb passthrough beat=19 expected = 8f, actual =8f
[495000] SCOREBOARD MATCH: wstrb passthrough beat=20 expected = b4, actual =b4
[495000] SCOREBOARD MATCH: wstrb passthrough beat=21 expected = 23, actual =23
[495000] SCOREBOARD MATCH: wstrb passthrough beat=22 expected = c4, actual =c4
[495000] SCOREBOARD MATCH: wstrb passthrough beat=23 expected = 54, actual =54
[495000] SCOREBOARD MATCH: wstrb passthrough beat=24 expected = 95, actual =95
[495000] SCOREBOARD MATCH: wstrb passthrough beat=25 expected = bd, actual =bd
[495000] SCOREBOARD MATCH: wstrb passthrough beat=26 expected = e4, actual =e4
[495000] SCOREBOARD MATCH: wstrb passthrough beat=27 expected = 4a, actual =4a
[495000] SCOREBOARD MATCH: wstrb passthrough beat=28 expected = e0, actual =e0
[495000] SCOREBOARD MATCH: wstrb passthrough beat=29 expected = a8, actual =a8
[495000] SCOREBOARD MATCH: wstrb passthrough beat=30 expected = 9e, actual =9e
[495000] SCOREBOARD MATCH: wstrb passthrough beat=31 expected = 76, actual =76
[495000] SCOREBOARD MATCH: wstrb passthrough beat=32 expected = 65, actual =65
[495000] SCOREBOARD MATCH: wstrb passthrough beat=33 expected = 82, actual =82
[495000] SCOREBOARD MATCH: wstrb passthrough beat=34 expected = c0, actual =c0
[495000] SCOREBOARD MATCH: wstrb passthrough beat=35 expected = 46, actual =46
[495000] SCOREBOARD MATCH: wstrb passthrough beat=36 expected = 2b, actual =2b
[495000] SCOREBOARD MATCH: wstrb passthrough beat=37 expected = 5e, actual =5e
[495000] SCOREBOARD MATCH: wstrb passthrough beat=38 expected = bc, actual =bc
[495000] SCOREBOARD MATCH: wstrb passthrough beat=39 expected = 90, actual =90
[495000] SCOREBOARD MATCH: wstrb passthrough beat=40 expected = e1, actual =e1
[495000] SCOREBOARD MATCH: bresp passthrough expected = 0, actual =0
[495000] SCOREBOARD MATCH: response routed to correct master (write) expected = 0, actual =0
[495000] [SCOREBOARD-M] mst_id=0 s_id=1 awaddr=10bcda58 awid=1011 awlen=40 awsize=6 awburst=1 wdata=[871cb0eaa739328e b970dfc688de2cb6 844681de3141a14c d87ad3da17a74eb4 a0857b6a0b6332c9 3ca4d41511ebb3a1 2993025524cbfd49 302f3012951fa7ef a70b5b90ca187dbf eee47b08ecd40427 81f3ac16d09e5de5 1ab6dba59f13ab1a 8be7af4128ff07a7 f99d658c899b56ad 28af01c80ddb5b58 36da62ff94544131 1def97dfb496b109 c2720c61b077c88b c4cc09bdc69e99a7 fb354ab0f94c6f60 29c437ece2bba19c 295a3b433da75712 b6f3c672ee9041a9 d14be345a48f85f3 e236dd05e0b7fe5e cf484007faa61e88 9f35a47b192aa378 f9e2a1d6a094234c 9b3a41d4016c8181 1a9724f9c92ae1de e9bf052a3a6fe650 3bdc67d19479c6cf dda4a8ad04f946ff 3f692d4fd6738cca eaed5399c763add8 cc5cf4d7fb459520 d1b921eac891fc47 ff5aa1f0bc62226 70bb746bca67583 853871cadc529ef6 e818c11cd8c4d930 ] wstrb=[e9 b3 62 df 7e 92 fb 67 45 5d 47 c3 ef 42 2b 35 a0 72 f8 8f b4 23 c4 54 95 bd e4 4a e0 a8 9e 76 65 82 c0 46 2b 5e bc 90 e1 ] bresp=0 bid=1011
[495000] [SCOREBOARD-S] mst_id=0 s_id=1 awaddr=10bcda58 awid=1011 awlen=40 awsize=6 awburst=1 wdata=[871cb0eaa739328e b970dfc688de2cb6 844681de3141a14c d87ad3da17a74eb4 a0857b6a0b6332c9 3ca4d41511ebb3a1 2993025524cbfd49 302f3012951fa7ef a70b5b90ca187dbf eee47b08ecd40427 81f3ac16d09e5de5 1ab6dba59f13ab1a 8be7af4128ff07a7 f99d658c899b56ad 28af01c80ddb5b58 36da62ff94544131 1def97dfb496b109 c2720c61b077c88b c4cc09bdc69e99a7 fb354ab0f94c6f60 29c437ece2bba19c 295a3b433da75712 b6f3c672ee9041a9 d14be345a48f85f3 e236dd05e0b7fe5e cf484007faa61e88 9f35a47b192aa378 f9e2a1d6a094234c 9b3a41d4016c8181 1a9724f9c92ae1de e9bf052a3a6fe650 3bdc67d19479c6cf dda4a8ad04f946ff 3f692d4fd6738cca eaed5399c763add8 cc5cf4d7fb459520 d1b921eac891fc47 ff5aa1f0bc62226 70bb746bca67583 853871cadc529ef6 e818c11cd8c4d930 ] wstrb=[e9 b3 62 df 7e 92 fb 67 45 5d 47 c3 ef 42 2b 35 a0 72 f8 8f b4 23 c4 54 95 bd e4 4a e0 a8 9e 76 65 82 c0 46 2b 5e bc 90 e1 ] bresp=0 bid=1011
[495000] SCOREBOARD: Transaction 5 received. pass=158 fail=0
[495000] SCOREBOARD: Expected 5 transactions completed, PASS=158 FAIL=0
[495000] ALL PASS. Total transactions: 5
[495000] ALL TRANSACTIONS MONITORED
$finish called at time : 515 ns : File "/home/nashita/Desktop/practice/axi_xbar/tb/top/axi_tb_top.sv" Line 220
exit
INFO: xsimkernel Simulation Memory Usage: 289464 KB (Peak: 337864 KB), Simulation CPU Usage: 1140 ms
INFO: [Common 17-206] Exiting xsim at Thu Sep 10 18:38:41 2026...
