#-----------------------------------------------------------
# xsim v2025.2 (64-bit)
# SW Build 6299465 on Fri Nov 14 12:34:56 MST 2025
# IP Build 6300035 on Fri Nov 14 10:48:45 MST 2025
# SharedData Build 6298862 on Thu Nov 13 04:50:51 MST 2025
# Start of session at: Tue Sep  8 16:04:03 2026
# Process ID         : 3980034
# Current directory  : /home/nashita/Desktop/practice/axi_xbar/sim
# Command line       : xsim -log regress_results/BT_run47.log -mode tcl -source {xsim.dir/tb_top_snap/xsim_script.tcl}
# Log file           : /home/nashita/Desktop/practice/axi_xbar/sim/regress_results/BT_run47.log
# Journal file       : /home/nashita/Desktop/practice/axi_xbar/sim/xsim.jou
# Running On         : vlsi-vivado
# Platform           : Ubuntu
# Operating System   : Ubuntu 24.04.4 LTS
# Processor Detail   : Intel(R) Core(TM) i5-10400 CPU @ 2.90GHz
# CPU Frequency      : 3999.981 MHz
# CPU Physical cores : 6
# CPU Logical cores  : 12
# Host memory        : 41875 MB
# Swap memory        : 27648 MB
# Total Virtual      : 69524 MB
# Available Virtual  : 60404 MB
#-----------------------------------------------------------
source xsim.dir/tb_top_snap/xsim_script.tcl
# xsim {tb_top_snap} -testplusarg BT -autoloadwcfg -runall -sv_seed 48
Time resolution is 1 ps
run -all
[0] RUNNING BASE TEST
[0] INSIDE THE BASE TEST CONSTRUCTOR
[0] ENV: before agent
[0] SLAVE CONSTRUCTED
[0] MASTER MONITOR CONSTRUCTED
[0] MASTER MONITOR CONSTRUCTED
[0] SLAVE MONITOR CONSTRUCTED
[0] SLAVE MONITOR CONSTRUCTED
[0] ARB MONITOR CONSTRUCTED
GENERATOR CONSTRUCTED
[0] ENV: after agent
[0] ENV: before scoreboard
[0] ENV: after scoreboard
[15000] [SEQUENCER] mst_id=1 s_id=0 awaddr=12a69810 awid=1011 awlen=1 awsize=3 awburst=1 wdata=[] wstrb=[] bresp=0 bid=0
[15000] [SEQUENCER] mst_id=1 s_id=0 awaddr=e4bba18 awid=1111 awlen=1 awsize=3 awburst=1 wdata=[] wstrb=[] bresp=0 bid=0
[15000] [SEQUENCER] mst_id=0 s_id=0 awaddr=58a0688 awid=1 awlen=1 awsize=3 awburst=1 wdata=[] wstrb=[] bresp=0 bid=0
[15000] [SEQUENCER] mst_id=0 s_id=0 awaddr=14c80820 awid=1011 awlen=1 awsize=3 awburst=1 wdata=[] wstrb=[] bresp=0 bid=0
[15000] [SEQUENCER] mst_id=1 s_id=0 awaddr=2bf60 awid=1010 awlen=1 awsize=3 awburst=1 wdata=[] wstrb=[] bresp=0 bid=0
[15000] [SEQUENCER] mst_id=1 s_id=0 awaddr=4f8d5c0 awid=1110 awlen=1 awsize=3 awburst=1 wdata=[] wstrb=[] bresp=0 bid=0
[15000] [SEQUENCER] READ mst_id=0 s_id=0 araddr=bf1f5e8 arid=2 arlen=1 arsize=3 arburst=1 rid=[] rresp=[] rdata=[]
[15000] [SEQUENCER] READ mst_id=0 s_id=0 araddr=27362e8 arid=3 arlen=1 arsize=3 arburst=1 rid=[] rresp=[] rdata=[]
[15000] [SEQUENCER] READ mst_id=1 s_id=0 araddr=723d898 arid=4 arlen=1 arsize=3 arburst=1 rid=[] rresp=[] rdata=[]
[15000] [SEQUENCER] READ mst_id=1 s_id=0 araddr=1df0eaa0 arid=5 arlen=1 arsize=3 arburst=1 rid=[] rresp=[] rdata=[]
[15000] MASTER_DRIVER1 received transaction, op=AXI_WRITE
[15000] MASTER_DRIVER0 received transaction, op=AXI_WRITE
[35000] MASTER 1 AW_VALID_RDY Handshake
[35000] MASTER 0 AW_VALID_RDY Handshake
[45000] ARB MONITOR: slave=0 m0_req=1 m1_req=0 winner=0
[45000] ARB MONITOR: slave=1 m0_req=0 m1_req=1 winner=1
[45000] AXI S1_AWVALID_RDY HANDSHAKE
[45000] AXI S0_AWVALID_RDY HANDSHAKE
[55000] MASTER 1 W_VALID_RDY Handshake beat=0 wlast=0
[55000] MASTER 0 W_VALID_RDY Handshake beat=0 wlast=0
[65000] MASTER_DRIVER0 received transaction, op=AXI_WRITE
[65000] MASTER_DRIVER1 received transaction, op=AXI_WRITE
[65000] MASTER 0 W_VALID_RDY Handshake beat=1 wlast=1
[65000] MASTER 1 W_VALID_RDY Handshake beat=1 wlast=1
[65000] AXI S1_WVALID_RDY HANDSHAKE
[65000] AXI S0_WVALID_RDY HANDSHAKE
[65000] S1 MEMORY WRITE beat=0 addr=12a69810 data=0000000000000000 id=1b
[65000] AXI S0_WVALID_RDY HANDSHAKE
[65000] S0 MEMORY WRITE beat=0 addr=058a0688 data=0000000000000000 id=01
[75000] AXI S0_WVALID_RDY HANDSHAKE
[75000] S0 MEMORY WRITE beat=1 addr=058a0690 data=0000000000000000 id=01
[75000] S1 MEMORY WRITE beat=1 addr=12a69818 data=0000000000000000 id=1b
[75000] AXI S0_WVALID_RDY HANDSHAKE
[75000] AXI S1_WVALID_RDY HANDSHAKE
[85000] MASTER 0 AW_VALID_RDY Handshake
[85000] MASTER 1 AW_VALID_RDY Handshake
[85000] AXI S1_BVALID_RDY HANDSHAKE
[85000] [SLAVE MONITOR] mst_id=1 s_id=1 awaddr=12a69810 awid=1011 awlen=1 awsize=3 awburst=1 wdata=[0 0 ] wstrb=[0 0 ] bresp=0 bid=11011
[85000] AXI S0_BVALID_RDY HANDSHAKE
[85000] [SLAVE MONITOR] mst_id=0 s_id=0 awaddr=58a0688 awid=1 awlen=1 awsize=3 awburst=1 wdata=[0 0 ] wstrb=[0 0 ] bresp=0 bid=1
[85000] SLAVE1 sent B resp, id=11
[85000] SLAVE0 sent B resp, id=1
[95000] AXI S0_AWVALID_RDY HANDSHAKE
[95000] AXI S1_AWVALID_RDY HANDSHAKE
[95000] ARB MONITOR: slave=0 m0_req=0 m1_req=1 winner=1
[95000] ARB MONITOR: slave=1 m0_req=1 m1_req=0 winner=0
[105000] MASTER 0 RECEIVED BRESP. BRESP=0
[105000] [MASTER DRIVER] mst_id=0 s_id=0 awaddr=58a0688 awid=1 awlen=1 awsize=3 awburst=1 wdata=[] wstrb=[] bresp=0 bid=1
[105000] MASTER 1 RECEIVED BRESP. BRESP=0
[105000] [MASTER DRIVER] mst_id=1 s_id=0 awaddr=12a69810 awid=1011 awlen=1 awsize=3 awburst=1 wdata=[] wstrb=[] bresp=0 bid=1011
[105000] MASTER 0 W_VALID_RDY Handshake beat=0 wlast=0
[105000] MASTER 0 B_VALID_RDY Handshake
[105000] [MASTER MONITOR] mst_id=0 s_id=0 awaddr=58a0688 awid=1 awlen=1 awsize=3 awburst=1 wdata=[0 0 ] wstrb=[0 0 ] bresp=0 bid=1
[105000] MASTER 1 W_VALID_RDY Handshake beat=0 wlast=0
[105000] MASTER 1 B_VALID_RDY Handshake
[105000] [MASTER MONITOR] mst_id=1 s_id=1 awaddr=12a69810 awid=1011 awlen=1 awsize=3 awburst=1 wdata=[0 0 ] wstrb=[0 0 ] bresp=0 bid=1011
[105000] SCOREBOARD MATCH: decode_err expected = 0, actual =0
[105000] SCOREBOARD MATCH: slave_id expected = 0, actual =0
[105000] SCOREBOARD MATCH: awaddr passthrough expected = 58a0688, actual =58a0688
[105000] SCOREBOARD MATCH: awlen passthrough expected = 1, actual =1
[105000] SCOREBOARD MATCH: awsize passthrough expected = 3, actual =3
[105000] SCOREBOARD MATCH: awburst passthrough expected = 1, actual =1
[105000] SCOREBOARD MATCH: wdata size check expected = 2, actual =2
[105000] SCOREBOARD MATCH: wdata passthrough beat=0 expected = 0, actual =0
[105000] SCOREBOARD MATCH: wdata passthrough beat=1 expected = 0, actual =0
[105000] SCOREBOARD MATCH: wstrb size check expected = 2, actual =2
[105000] SCOREBOARD MATCH: wstrb passthrough beat=0 expected = 0, actual =0
[105000] SCOREBOARD MATCH: wstrb passthrough beat=1 expected = 0, actual =0
[105000] SCOREBOARD MATCH: bresp passthrough expected = 0, actual =0
[105000] SCOREBOARD MATCH: response routed to correct master (write) expected = 0, actual =0
[105000] [SCOREBOARD-M] mst_id=0 s_id=0 awaddr=58a0688 awid=1 awlen=1 awsize=3 awburst=1 wdata=[0 0 ] wstrb=[0 0 ] bresp=0 bid=1
[105000] [SCOREBOARD-S] mst_id=0 s_id=0 awaddr=58a0688 awid=1 awlen=1 awsize=3 awburst=1 wdata=[0 0 ] wstrb=[0 0 ] bresp=0 bid=1
[105000] SCOREBOARD: Transaction 1 received. pass=14 fail=0
[105000] ALL PASS. Total transactions: 1
[105000] SCOREBOARD MATCH: decode_err expected = 0, actual =0
[105000] SCOREBOARD MATCH: slave_id expected = 1, actual =1
[105000] SCOREBOARD MATCH: awaddr passthrough expected = 12a69810, actual =12a69810
[105000] SCOREBOARD MATCH: awlen passthrough expected = 1, actual =1
[105000] SCOREBOARD MATCH: awsize passthrough expected = 3, actual =3
[105000] SCOREBOARD MATCH: awburst passthrough expected = 1, actual =1
[105000] SCOREBOARD MATCH: wdata size check expected = 2, actual =2
[105000] SCOREBOARD MATCH: wdata passthrough beat=0 expected = 0, actual =0
[105000] SCOREBOARD MATCH: wdata passthrough beat=1 expected = 0, actual =0
[105000] SCOREBOARD MATCH: wstrb size check expected = 2, actual =2
[105000] SCOREBOARD MATCH: wstrb passthrough beat=0 expected = 0, actual =0
[105000] SCOREBOARD MATCH: wstrb passthrough beat=1 expected = 0, actual =0
[105000] SCOREBOARD MATCH: bresp passthrough expected = 0, actual =0
[105000] SCOREBOARD MATCH: response routed to correct master (write) expected = 1, actual =1
[105000] [SCOREBOARD-M] mst_id=1 s_id=1 awaddr=12a69810 awid=1011 awlen=1 awsize=3 awburst=1 wdata=[0 0 ] wstrb=[0 0 ] bresp=0 bid=1011
[105000] [SCOREBOARD-S] mst_id=1 s_id=1 awaddr=12a69810 awid=1011 awlen=1 awsize=3 awburst=1 wdata=[0 0 ] wstrb=[0 0 ] bresp=0 bid=11011
[105000] SCOREBOARD: Transaction 2 received. pass=28 fail=0
[105000] ALL PASS. Total transactions: 2
[115000] AXI S0_WVALID_RDY HANDSHAKE
[115000] S0 MEMORY WRITE beat=0 addr=0e4bba18 data=0000000000000000 id=1f
[115000] S1 MEMORY WRITE beat=0 addr=14c80820 data=0000000000000000 id=0b
[115000] AXI S0_WVALID_RDY HANDSHAKE
[115000] AXI S1_WVALID_RDY HANDSHAKE
[115000] MASTER 1 W_VALID_RDY Handshake beat=1 wlast=1
[115000] MASTER 0 W_VALID_RDY Handshake beat=1 wlast=1
[115000] MASTER_DRIVER1 received transaction, op=AXI_WRITE
[115000] MASTER_DRIVER0 received transaction, op=AXI_READ
[125000] AXI S1_WVALID_RDY HANDSHAKE
[125000] AXI S0_WVALID_RDY HANDSHAKE
[125000] S1 MEMORY WRITE beat=1 addr=14c80828 data=0000000000000000 id=0b
[125000] AXI S0_WVALID_RDY HANDSHAKE
[125000] S0 MEMORY WRITE beat=1 addr=0e4bba20 data=0000000000000000 id=1f
[135000] SLAVE0 sent B resp, id=15
[135000] SLAVE1 sent B resp, id=11
[135000] AXI S0_BVALID_RDY HANDSHAKE
[135000] [SLAVE MONITOR] mst_id=1 s_id=0 awaddr=e4bba18 awid=1111 awlen=1 awsize=3 awburst=1 wdata=[0 0 ] wstrb=[0 0 ] bresp=0 bid=11111
[135000] AXI S1_BVALID_RDY HANDSHAKE
[135000] [SLAVE MONITOR] mst_id=0 s_id=1 awaddr=14c80820 awid=1011 awlen=1 awsize=3 awburst=1 wdata=[0 0 ] wstrb=[0 0 ] bresp=0 bid=1011
[135000] MASTER 1 AW_VALID_RDY Handshake
[135000] MASTER_DRIVER0 received transaction, op=AXI_READ
[145000] ARB MONITOR: slave=0 m0_req=0 m1_req=1 winner=1
[145000] ARB MONITOR: slave=0 m0_req=1 m1_req=0 winner=0
[145000] AXI S0_ARVALID_RDY HANDSHAKE
[145000] MEMORY READ MISS beat=0 addr=bf1f5e8 -> default data id=2
[145000] AXI S0_AWVALID_RDY HANDSHAKE
[155000] MEMORY READ MISS beat=1 addr=bf1f5f0 -> default data id=2
[155000] SLAVE 0 R_VALID_RDY Handshake beat=0 rlast=0
[155000] MASTER 1 W_VALID_RDY Handshake beat=0 wlast=0
[155000] MASTER 1 B_VALID_RDY Handshake
[155000] [MASTER MONITOR] mst_id=1 s_id=0 awaddr=e4bba18 awid=1111 awlen=1 awsize=3 awburst=1 wdata=[0 0 ] wstrb=[0 0 ] bresp=0 bid=1111
[155000] MASTER 0 B_VALID_RDY Handshake
[155000] [MASTER MONITOR] mst_id=0 s_id=1 awaddr=14c80820 awid=1011 awlen=1 awsize=3 awburst=1 wdata=[0 0 ] wstrb=[0 0 ] bresp=0 bid=1011
[155000] MASTER 1 RECEIVED BRESP. BRESP=0
[155000] [MASTER DRIVER] mst_id=1 s_id=0 awaddr=e4bba18 awid=1111 awlen=1 awsize=3 awburst=1 wdata=[] wstrb=[] bresp=0 bid=1111
[155000] MASTER 0 RECEIVED BRESP. BRESP=0
[155000] [MASTER DRIVER] mst_id=0 s_id=0 awaddr=14c80820 awid=1011 awlen=1 awsize=3 awburst=1 wdata=[] wstrb=[] bresp=0 bid=1011
[155000] SCOREBOARD MATCH: decode_err expected = 0, actual =0
[155000] SCOREBOARD MATCH: slave_id expected = 0, actual =0
[155000] SCOREBOARD MATCH: awaddr passthrough expected = e4bba18, actual =e4bba18
[155000] SCOREBOARD MATCH: awlen passthrough expected = 1, actual =1
[155000] SCOREBOARD MATCH: awsize passthrough expected = 3, actual =3
[155000] SCOREBOARD MATCH: awburst passthrough expected = 1, actual =1
[155000] SCOREBOARD MATCH: wdata size check expected = 2, actual =2
[155000] SCOREBOARD MATCH: wdata passthrough beat=0 expected = 0, actual =0
[155000] SCOREBOARD MATCH: wdata passthrough beat=1 expected = 0, actual =0
[155000] SCOREBOARD MATCH: wstrb size check expected = 2, actual =2
[155000] SCOREBOARD MATCH: wstrb passthrough beat=0 expected = 0, actual =0
[155000] SCOREBOARD MATCH: wstrb passthrough beat=1 expected = 0, actual =0
[155000] SCOREBOARD MATCH: bresp passthrough expected = 0, actual =0
[155000] SCOREBOARD MATCH: response routed to correct master (write) expected = 1, actual =1
[155000] [SCOREBOARD-M] mst_id=1 s_id=0 awaddr=e4bba18 awid=1111 awlen=1 awsize=3 awburst=1 wdata=[0 0 ] wstrb=[0 0 ] bresp=0 bid=1111
[155000] [SCOREBOARD-S] mst_id=1 s_id=0 awaddr=e4bba18 awid=1111 awlen=1 awsize=3 awburst=1 wdata=[0 0 ] wstrb=[0 0 ] bresp=0 bid=11111
[155000] SCOREBOARD: Transaction 3 received. pass=42 fail=0
[155000] ALL PASS. Total transactions: 3
[155000] SCOREBOARD MATCH: decode_err expected = 0, actual =0
[155000] SCOREBOARD MATCH: slave_id expected = 1, actual =1
[155000] SCOREBOARD MATCH: awaddr passthrough expected = 14c80820, actual =14c80820
[155000] SCOREBOARD MATCH: awlen passthrough expected = 1, actual =1
[155000] SCOREBOARD MATCH: awsize passthrough expected = 3, actual =3
[155000] SCOREBOARD MATCH: awburst passthrough expected = 1, actual =1
[155000] SCOREBOARD MATCH: wdata size check expected = 2, actual =2
[155000] SCOREBOARD MATCH: wdata passthrough beat=0 expected = 0, actual =0
[155000] SCOREBOARD MATCH: wdata passthrough beat=1 expected = 0, actual =0
[155000] SCOREBOARD MATCH: wstrb size check expected = 2, actual =2
[155000] SCOREBOARD MATCH: wstrb passthrough beat=0 expected = 0, actual =0
[155000] SCOREBOARD MATCH: wstrb passthrough beat=1 expected = 0, actual =0
[155000] SCOREBOARD MATCH: bresp passthrough expected = 0, actual =0
[155000] SCOREBOARD MATCH: response routed to correct master (write) expected = 0, actual =0
[155000] [SCOREBOARD-M] mst_id=0 s_id=1 awaddr=14c80820 awid=1011 awlen=1 awsize=3 awburst=1 wdata=[0 0 ] wstrb=[0 0 ] bresp=0 bid=1011
[155000] [SCOREBOARD-S] mst_id=0 s_id=1 awaddr=14c80820 awid=1011 awlen=1 awsize=3 awburst=1 wdata=[0 0 ] wstrb=[0 0 ] bresp=0 bid=1011
[155000] SCOREBOARD: Transaction 4 received. pass=56 fail=0
[155000] ALL PASS. Total transactions: 4
[165000] MASTER_DRIVER1 received transaction, op=AXI_WRITE
[165000] MASTER 1 W_VALID_RDY Handshake beat=1 wlast=1
[165000] SLAVE 0 R_VALID_RDY Handshake beat=1 rlast=1
[165000] [SLAVE MONITOR AR] READ mst_id=0 s_id=0 araddr=bf1f5e8 arid=2 arlen=1 arsize=3 arburst=1 rid=[22] rresp=[00] rdata=[baadf00d12345678baadf00d12345678]
[165000] AXI S0_WVALID_RDY HANDSHAKE
[165000] AXI S0_WVALID_RDY HANDSHAKE
[165000] S0 MEMORY WRITE beat=0 addr=0002bf60 data=0000000000000000 id=1a
[175000] AXI S0_WVALID_RDY HANDSHAKE
[175000] S0 MEMORY WRITE beat=1 addr=0002bf68 data=0000000000000000 id=1a
[175000] AXI S0_ARVALID_RDY HANDSHAKE
[175000] MEMORY READ MISS beat=0 addr=27362e8 -> default data id=3
[175000] AXI S0_WVALID_RDY HANDSHAKE
[175000] ARB MONITOR: slave=0 m0_req=1 m1_req=0 winner=0
[175000] MASTER 0 R_VALID_RDY Handshake beat=0 rlast=0
[185000] [MASTER DRIVER] READ mst_id=0 s_id=0 araddr=bf1f5e8 arid=2 arlen=1 arsize=3 arburst=1 rid=[22] rresp=[00] rdata=[baadf00d12345678baadf00d12345678]
[185000] MASTER 0 R_VALID_RDY Handshake beat=1 rlast=1
[185000] [MASTER MONITOR] READ mst_id=0 s_id=0 araddr=bf1f5e8 arid=2 arlen=1 arsize=3 arburst=1 rid=[22] rresp=[00] rdata=[baadf00d12345678baadf00d12345678]
[185000] MASTER 1 AW_VALID_RDY Handshake
[185000] SLAVE 0 R_VALID_RDY Handshake beat=0 rlast=0
[185000] AXI S0_BVALID_RDY HANDSHAKE
[185000] [SLAVE MONITOR] mst_id=1 s_id=0 awaddr=2bf60 awid=1010 awlen=1 awsize=3 awburst=1 wdata=[0 0 ] wstrb=[0 0 ] bresp=0 bid=11010
[185000] MEMORY READ MISS beat=1 addr=27362f0 -> default data id=3
[185000] SLAVE0 sent B resp, id=10
[185000] SCOREBOARD MATCH: decode_err expected = 0, actual =0
[185000] SCOREBOARD MATCH: slave_id expected = 0, actual =0
[185000] SCOREBOARD MATCH: araddr passthrough expected = bf1f5e8, actual =bf1f5e8
[185000] SCOREBOARD MATCH: arlen passthrough expected = 1, actual =1
[185000] SCOREBOARD MATCH: arsize passthrough expected = 3, actual =3
[185000] SCOREBOARD MATCH: arburst passthrough expected = 1, actual =1
[185000] SCOREBOARD MATCH: rdata size check expected = 2, actual =2
[185000] SCOREBOARD MATCH: rdata passthrough beat=0 expected = baadf00d12345678, actual =baadf00d12345678
[185000] SCOREBOARD MATCH: rdata passthrough beat=1 expected = baadf00d12345678, actual =baadf00d12345678
[185000] SCOREBOARD MATCH: rresp size check expected = 2, actual =2
[185000] SCOREBOARD MATCH: rresp passthrough beat=0 expected = 0, actual =0
[185000] SCOREBOARD MATCH: rresp passthrough beat=1 expected = 0, actual =0
[185000] SCOREBOARD MATCH: response routed to correct master (read beat 0) expected = 0, actual =0
[185000] SCOREBOARD MATCH: response routed to correct master (read beat 1) expected = 0, actual =0
[185000] [SCOREBOARD-M] READ mst_id=0 s_id=0 araddr=bf1f5e8 arid=2 arlen=1 arsize=3 arburst=1 rid=[22] rresp=[00] rdata=[baadf00d12345678baadf00d12345678]
[185000] [SCOREBOARD-S] READ mst_id=0 s_id=0 araddr=bf1f5e8 arid=2 arlen=1 arsize=3 arburst=1 rid=[22] rresp=[00] rdata=[baadf00d12345678baadf00d12345678]
[185000] SCOREBOARD: Transaction 5 received. pass=70 fail=0
[185000] ALL PASS. Total transactions: 5
[195000] AXI S0_AWVALID_RDY HANDSHAKE
[195000] SLAVE 0 R_VALID_RDY Handshake beat=1 rlast=1
[195000] [SLAVE MONITOR AR] READ mst_id=0 s_id=0 araddr=27362e8 arid=3 arlen=1 arsize=3 arburst=1 rid=[33] rresp=[00] rdata=[baadf00d12345678baadf00d12345678]
[195000] ARB MONITOR: slave=0 m0_req=0 m1_req=1 winner=1
[205000] MASTER 1 RECEIVED BRESP. BRESP=0
[205000] [MASTER DRIVER] mst_id=1 s_id=0 awaddr=2bf60 awid=1010 awlen=1 awsize=3 awburst=1 wdata=[] wstrb=[] bresp=0 bid=1010
[205000] MASTER 0 R_VALID_RDY Handshake beat=0 rlast=0
[205000] MASTER 1 W_VALID_RDY Handshake beat=0 wlast=0
[205000] MASTER 1 B_VALID_RDY Handshake
[205000] [MASTER MONITOR] mst_id=1 s_id=0 awaddr=2bf60 awid=1010 awlen=1 awsize=3 awburst=1 wdata=[0 0 ] wstrb=[0 0 ] bresp=0 bid=1010
[205000] SCOREBOARD MATCH: decode_err expected = 0, actual =0
[205000] SCOREBOARD MATCH: slave_id expected = 0, actual =0
[205000] SCOREBOARD MATCH: awaddr passthrough expected = 2bf60, actual =2bf60
[205000] SCOREBOARD MATCH: awlen passthrough expected = 1, actual =1
[205000] SCOREBOARD MATCH: awsize passthrough expected = 3, actual =3
[205000] SCOREBOARD MATCH: awburst passthrough expected = 1, actual =1
[205000] SCOREBOARD MATCH: wdata size check expected = 2, actual =2
[205000] SCOREBOARD MATCH: wdata passthrough beat=0 expected = 0, actual =0
[205000] SCOREBOARD MATCH: wdata passthrough beat=1 expected = 0, actual =0
[205000] SCOREBOARD MATCH: wstrb size check expected = 2, actual =2
[205000] SCOREBOARD MATCH: wstrb passthrough beat=0 expected = 0, actual =0
[205000] SCOREBOARD MATCH: wstrb passthrough beat=1 expected = 0, actual =0
[205000] SCOREBOARD MATCH: bresp passthrough expected = 0, actual =0
[205000] SCOREBOARD MATCH: response routed to correct master (write) expected = 1, actual =1
[205000] [SCOREBOARD-M] mst_id=1 s_id=0 awaddr=2bf60 awid=1010 awlen=1 awsize=3 awburst=1 wdata=[0 0 ] wstrb=[0 0 ] bresp=0 bid=1010
[205000] [SCOREBOARD-S] mst_id=1 s_id=0 awaddr=2bf60 awid=1010 awlen=1 awsize=3 awburst=1 wdata=[0 0 ] wstrb=[0 0 ] bresp=0 bid=11010
[205000] SCOREBOARD: Transaction 6 received. pass=84 fail=0
[205000] ALL PASS. Total transactions: 6
[215000] AXI S0_WVALID_RDY HANDSHAKE
[215000] S0 MEMORY WRITE beat=0 addr=04f8d5c0 data=0000000000000000 id=1e
[215000] AXI S0_WVALID_RDY HANDSHAKE
[215000] MASTER 1 W_VALID_RDY Handshake beat=1 wlast=1
[215000] MASTER 0 R_VALID_RDY Handshake beat=1 rlast=1
[215000] [MASTER MONITOR] READ mst_id=0 s_id=0 araddr=27362e8 arid=3 arlen=1 arsize=3 arburst=1 rid=[33] rresp=[00] rdata=[baadf00d12345678baadf00d12345678]
[215000] MASTER_DRIVER1 received transaction, op=AXI_READ
[215000] [MASTER DRIVER] READ mst_id=0 s_id=0 araddr=27362e8 arid=3 arlen=1 arsize=3 arburst=1 rid=[33] rresp=[00] rdata=[baadf00d12345678baadf00d12345678]
[215000] SCOREBOARD MATCH: decode_err expected = 0, actual =0
[215000] SCOREBOARD MATCH: slave_id expected = 0, actual =0
[215000] SCOREBOARD MATCH: araddr passthrough expected = 27362e8, actual =27362e8
[215000] SCOREBOARD MATCH: arlen passthrough expected = 1, actual =1
[215000] SCOREBOARD MATCH: arsize passthrough expected = 3, actual =3
[215000] SCOREBOARD MATCH: arburst passthrough expected = 1, actual =1
[215000] SCOREBOARD MATCH: rdata size check expected = 2, actual =2
[215000] SCOREBOARD MATCH: rdata passthrough beat=0 expected = baadf00d12345678, actual =baadf00d12345678
[215000] SCOREBOARD MATCH: rdata passthrough beat=1 expected = baadf00d12345678, actual =baadf00d12345678
[215000] SCOREBOARD MATCH: rresp size check expected = 2, actual =2
[215000] SCOREBOARD MATCH: rresp passthrough beat=0 expected = 0, actual =0
[215000] SCOREBOARD MATCH: rresp passthrough beat=1 expected = 0, actual =0
[215000] SCOREBOARD MATCH: response routed to correct master (read beat 0) expected = 0, actual =0
[215000] SCOREBOARD MATCH: response routed to correct master (read beat 1) expected = 0, actual =0
[215000] [SCOREBOARD-M] READ mst_id=0 s_id=0 araddr=27362e8 arid=3 arlen=1 arsize=3 arburst=1 rid=[33] rresp=[00] rdata=[baadf00d12345678baadf00d12345678]
[215000] [SCOREBOARD-S] READ mst_id=0 s_id=0 araddr=27362e8 arid=3 arlen=1 arsize=3 arburst=1 rid=[33] rresp=[00] rdata=[baadf00d12345678baadf00d12345678]
[215000] SCOREBOARD: Transaction 7 received. pass=98 fail=0
[215000] ALL PASS. Total transactions: 7
[225000] AXI S0_WVALID_RDY HANDSHAKE
[225000] AXI S0_WVALID_RDY HANDSHAKE
[225000] S0 MEMORY WRITE beat=1 addr=04f8d5c8 data=0000000000000000 id=1e
[235000] SLAVE0 sent B resp, id=14
[235000] AXI S0_BVALID_RDY HANDSHAKE
[235000] [SLAVE MONITOR] mst_id=1 s_id=0 awaddr=4f8d5c0 awid=1110 awlen=1 awsize=3 awburst=1 wdata=[0 0 ] wstrb=[0 0 ] bresp=0 bid=11110
[235000] MASTER_DRIVER1 received transaction, op=AXI_READ
[245000] ARB MONITOR: slave=0 m0_req=0 m1_req=1 winner=1
[245000] AXI S0_ARVALID_RDY HANDSHAKE
[245000] MEMORY READ MISS beat=0 addr=723d898 -> default data id=20
[255000] MEMORY READ MISS beat=1 addr=723d8a0 -> default data id=20
[255000] SLAVE 0 R_VALID_RDY Handshake beat=0 rlast=0
[255000] MASTER 1 B_VALID_RDY Handshake
[255000] [MASTER MONITOR] mst_id=1 s_id=0 awaddr=4f8d5c0 awid=1110 awlen=1 awsize=3 awburst=1 wdata=[0 0 ] wstrb=[0 0 ] bresp=0 bid=1110
[255000] MASTER 1 RECEIVED BRESP. BRESP=0
[255000] [MASTER DRIVER] mst_id=1 s_id=0 awaddr=4f8d5c0 awid=1110 awlen=1 awsize=3 awburst=1 wdata=[] wstrb=[] bresp=0 bid=1110
[255000] SCOREBOARD MATCH: decode_err expected = 0, actual =0
[255000] SCOREBOARD MATCH: slave_id expected = 0, actual =0
[255000] SCOREBOARD MATCH: awaddr passthrough expected = 4f8d5c0, actual =4f8d5c0
[255000] SCOREBOARD MATCH: awlen passthrough expected = 1, actual =1
[255000] SCOREBOARD MATCH: awsize passthrough expected = 3, actual =3
[255000] SCOREBOARD MATCH: awburst passthrough expected = 1, actual =1
[255000] SCOREBOARD MATCH: wdata size check expected = 2, actual =2
[255000] SCOREBOARD MATCH: wdata passthrough beat=0 expected = 0, actual =0
[255000] SCOREBOARD MATCH: wdata passthrough beat=1 expected = 0, actual =0
[255000] SCOREBOARD MATCH: wstrb size check expected = 2, actual =2
[255000] SCOREBOARD MATCH: wstrb passthrough beat=0 expected = 0, actual =0
[255000] SCOREBOARD MATCH: wstrb passthrough beat=1 expected = 0, actual =0
[255000] SCOREBOARD MATCH: bresp passthrough expected = 0, actual =0
[255000] SCOREBOARD MATCH: response routed to correct master (write) expected = 1, actual =1
[255000] [SCOREBOARD-M] mst_id=1 s_id=0 awaddr=4f8d5c0 awid=1110 awlen=1 awsize=3 awburst=1 wdata=[0 0 ] wstrb=[0 0 ] bresp=0 bid=1110
[255000] [SCOREBOARD-S] mst_id=1 s_id=0 awaddr=4f8d5c0 awid=1110 awlen=1 awsize=3 awburst=1 wdata=[0 0 ] wstrb=[0 0 ] bresp=0 bid=11110
[255000] SCOREBOARD: Transaction 8 received. pass=112 fail=0
[255000] ALL PASS. Total transactions: 8
[265000] ARB MONITOR: slave=1 m0_req=0 m1_req=1 winner=1
[265000] SLAVE 0 R_VALID_RDY Handshake beat=1 rlast=1
[265000] [SLAVE MONITOR AR] READ mst_id=1 s_id=0 araddr=723d898 arid=4 arlen=1 arsize=3 arburst=1 rid=[1414] rresp=[00] rdata=[baadf00d12345678baadf00d12345678]
[265000] AXI S0_ARVALID_RDY HANDSHAKE
[265000] MEMORY READ MISS beat=0 addr=1df0eaa0 -> default data id=21
[275000] MEMORY READ MISS beat=1 addr=1df0eaa8 -> default data id=21
[275000] SLAVE 1 R_VALID_RDY Handshake beat=0 rlast=0
[275000] MASTER 1 R_VALID_RDY Handshake beat=0 rlast=0
[285000] [MASTER DRIVER] READ mst_id=1 s_id=0 araddr=723d898 arid=4 arlen=1 arsize=3 arburst=1 rid=[44] rresp=[00] rdata=[baadf00d12345678baadf00d12345678]
[285000] MASTER 1 R_VALID_RDY Handshake beat=1 rlast=1
[285000] [MASTER MONITOR] READ mst_id=1 s_id=0 araddr=723d898 arid=4 arlen=1 arsize=3 arburst=1 rid=[44] rresp=[00] rdata=[baadf00d12345678baadf00d12345678]
[285000] SLAVE 1 R_VALID_RDY Handshake beat=1 rlast=1
[285000] [SLAVE MONITOR AR] READ mst_id=1 s_id=1 araddr=1df0eaa0 arid=5 arlen=1 arsize=3 arburst=1 rid=[1515] rresp=[00] rdata=[baadf00d12345678baadf00d12345678]
[285000] SCOREBOARD MATCH: decode_err expected = 0, actual =0
[285000] SCOREBOARD MATCH: slave_id expected = 0, actual =0
[285000] SCOREBOARD MATCH: araddr passthrough expected = 723d898, actual =723d898
[285000] SCOREBOARD MATCH: arlen passthrough expected = 1, actual =1
[285000] SCOREBOARD MATCH: arsize passthrough expected = 3, actual =3
[285000] SCOREBOARD MATCH: arburst passthrough expected = 1, actual =1
[285000] SCOREBOARD MATCH: rdata size check expected = 2, actual =2
[285000] SCOREBOARD MATCH: rdata passthrough beat=0 expected = baadf00d12345678, actual =baadf00d12345678
[285000] SCOREBOARD MATCH: rdata passthrough beat=1 expected = baadf00d12345678, actual =baadf00d12345678
[285000] SCOREBOARD MATCH: rresp size check expected = 2, actual =2
[285000] SCOREBOARD MATCH: rresp passthrough beat=0 expected = 0, actual =0
[285000] SCOREBOARD MATCH: rresp passthrough beat=1 expected = 0, actual =0
[285000] SCOREBOARD MATCH: response routed to correct master (read beat 0) expected = 1, actual =1
[285000] SCOREBOARD MATCH: response routed to correct master (read beat 1) expected = 1, actual =1
[285000] [SCOREBOARD-M] READ mst_id=1 s_id=0 araddr=723d898 arid=4 arlen=1 arsize=3 arburst=1 rid=[44] rresp=[00] rdata=[baadf00d12345678baadf00d12345678]
[285000] [SCOREBOARD-S] READ mst_id=1 s_id=0 araddr=723d898 arid=4 arlen=1 arsize=3 arburst=1 rid=[1414] rresp=[00] rdata=[baadf00d12345678baadf00d12345678]
[285000] SCOREBOARD: Transaction 9 received. pass=126 fail=0
[285000] ALL PASS. Total transactions: 9
[305000] MASTER 1 R_VALID_RDY Handshake beat=0 rlast=0
[315000] MASTER 1 R_VALID_RDY Handshake beat=1 rlast=1
[315000] [MASTER MONITOR] READ mst_id=1 s_id=1 araddr=1df0eaa0 arid=5 arlen=1 arsize=3 arburst=1 rid=[55] rresp=[00] rdata=[baadf00d12345678baadf00d12345678]
[315000] [MASTER DRIVER] READ mst_id=1 s_id=0 araddr=1df0eaa0 arid=5 arlen=1 arsize=3 arburst=1 rid=[55] rresp=[00] rdata=[baadf00d12345678baadf00d12345678]
[315000] SCOREBOARD MATCH: decode_err expected = 0, actual =0
[315000] SCOREBOARD MATCH: slave_id expected = 1, actual =1
[315000] SCOREBOARD MATCH: araddr passthrough expected = 1df0eaa0, actual =1df0eaa0
[315000] SCOREBOARD MATCH: arlen passthrough expected = 1, actual =1
[315000] SCOREBOARD MATCH: arsize passthrough expected = 3, actual =3
[315000] SCOREBOARD MATCH: arburst passthrough expected = 1, actual =1
[315000] SCOREBOARD MATCH: rdata size check expected = 2, actual =2
[315000] SCOREBOARD MATCH: rdata passthrough beat=0 expected = baadf00d12345678, actual =baadf00d12345678
[315000] SCOREBOARD MATCH: rdata passthrough beat=1 expected = baadf00d12345678, actual =baadf00d12345678
[315000] SCOREBOARD MATCH: rresp size check expected = 2, actual =2
[315000] SCOREBOARD MATCH: rresp passthrough beat=0 expected = 0, actual =0
[315000] SCOREBOARD MATCH: rresp passthrough beat=1 expected = 0, actual =0
[315000] SCOREBOARD MATCH: response routed to correct master (read beat 0) expected = 1, actual =1
[315000] SCOREBOARD MATCH: response routed to correct master (read beat 1) expected = 1, actual =1
[315000] [SCOREBOARD-M] READ mst_id=1 s_id=1 araddr=1df0eaa0 arid=5 arlen=1 arsize=3 arburst=1 rid=[55] rresp=[00] rdata=[baadf00d12345678baadf00d12345678]
[315000] [SCOREBOARD-S] READ mst_id=1 s_id=1 araddr=1df0eaa0 arid=5 arlen=1 arsize=3 arburst=1 rid=[1515] rresp=[00] rdata=[baadf00d12345678baadf00d12345678]
[315000] SCOREBOARD: Transaction 10 received. pass=140 fail=0
[315000] SCOREBOARD: Expected 10 transactions completed, PASS=140 FAIL=0
[315000] ALL PASS. Total transactions: 10
[315000] ALL TRANSACTIONS MONITORED
$finish called at time : 335 ns : File "/home/nashita/Desktop/practice/axi_xbar/tb/top/axi_tb_top.sv" Line 206
exit
INFO: xsimkernel Simulation Memory Usage: 289420 KB (Peak: 337824 KB), Simulation CPU Usage: 1180 ms
INFO: [Common 17-206] Exiting xsim at Tue Sep  8 16:04:06 2026...
