#-----------------------------------------------------------
# xsim v2025.2 (64-bit)
# SW Build 6299465 on Fri Nov 14 12:34:56 MST 2025
# IP Build 6300035 on Fri Nov 14 10:48:45 MST 2025
# SharedData Build 6298862 on Thu Nov 13 04:50:51 MST 2025
# Start of session at: Tue Sep  8 12:56:15 2026
# Process ID         : 3717936
# Current directory  : /home/nashita/Desktop/practice/axi_xbar/rtl
# Command line       : xsim -log regress_results/NOC_run3.log -mode tcl -source {xsim.dir/tb_top_snap/xsim_script.tcl}
# Log file           : /home/nashita/Desktop/practice/axi_xbar/rtl/regress_results/NOC_run3.log
# Journal file       : /home/nashita/Desktop/practice/axi_xbar/rtl/xsim.jou
# Running On         : vlsi-vivado
# Platform           : Ubuntu
# Operating System   : Ubuntu 24.04.4 LTS
# Processor Detail   : Intel(R) Core(TM) i5-10400 CPU @ 2.90GHz
# CPU Frequency      : 4002.972 MHz
# CPU Physical cores : 6
# CPU Logical cores  : 12
# Host memory        : 41875 MB
# Swap memory        : 27648 MB
# Total Virtual      : 69524 MB
# Available Virtual  : 61639 MB
#-----------------------------------------------------------
source xsim.dir/tb_top_snap/xsim_script.tcl
# xsim {tb_top_snap} -testplusarg NOC -autoloadwcfg -runall -sv_seed 4
Time resolution is 1 ps
run -all
[0] RUNNING CONCURRENT MASTER-SLAVE TEST
[0] INSIDE THE BASE TEST CONSTRUCTOR
[0] ENV: before agent
[0] SLAVE CONSTRUCTED
[0] MASTER MONITOR CONSTRUCTED
[0] MASTER MONITOR CONSTRUCTED
[0] SLAVE MONITOR CONSTRUCTED
[0] SLAVE MONITOR CONSTRUCTED
[0] ARB MONITOR CONSTRUCTED
GENERATOR CONSTRUCTED
[0] ENV: after agent
[0] ENV: before scoreboard
[0] ENV: after scoreboard
[15000] STARTING NO CONTENTION TEST
[20000] [GEN-DIRECTED] mst_id=0 s_id=0 awaddr=10 awid=0 awlen=0 awsize=3 awburst=1 wdata=[aaaaaaaaaaaaaaaa ] wstrb=[ff ] bresp=0 bid=0
[20000] [GEN-DIRECTED] mst_id=1 s_id=0 awaddr=10000010 awid=0 awlen=0 awsize=3 awburst=1 wdata=[bbbbbbbbbbbbbbbb ] wstrb=[ff ] bresp=0 bid=0
[20000] BOTH S0 ARBITRATION REQUESTS SUBMITTED
[20000] MASTER_DRIVER0 received transaction, op=AXI_WRITE
[20000] MASTER_DRIVER1 received transaction, op=AXI_WRITE
[35000] MASTER 1 AW_VALID_RDY Handshake
[35000] MASTER 0 AW_VALID_RDY Handshake
[45000] ARB MONITOR: slave=0 m0_req=1 m1_req=0 winner=0
[45000] ARB MONITOR: slave=1 m0_req=0 m1_req=1 winner=1
[45000] AXI S1_AWVALID_RDY HANDSHAKE
[45000] AXI S0_AWVALID_RDY HANDSHAKE
[55000] MASTER 1 W_VALID_RDY Handshake beat=0 wlast=1
[55000] MASTER 0 W_VALID_RDY Handshake beat=0 wlast=1
[65000] AXI S1_WVALID_RDY HANDSHAKE
[65000] AXI S0_WVALID_RDY HANDSHAKE
[65000] S1 MEMORY WRITE beat=0 addr=10000010 data=bbbbbbbbbbbbbbbb id=10
[65000] AXI S0_WVALID_RDY HANDSHAKE
[65000] S0 MEMORY WRITE beat=0 addr=00000010 data=aaaaaaaaaaaaaaaa id=00
[75000] SLAVE0 sent B resp, id=0
[75000] SLAVE1 sent B resp, id=0
[75000] AXI S0_BVALID_RDY HANDSHAKE
[75000] [SLAVE MONITOR] mst_id=0 s_id=0 awaddr=10 awid=0 awlen=0 awsize=3 awburst=1 wdata=[aaaaaaaaaaaaaaaa ] wstrb=[ff ] bresp=0 bid=0
[75000] AXI S1_BVALID_RDY HANDSHAKE
[75000] [SLAVE MONITOR] mst_id=1 s_id=1 awaddr=10000010 awid=0 awlen=0 awsize=3 awburst=1 wdata=[bbbbbbbbbbbbbbbb ] wstrb=[ff ] bresp=0 bid=10000
[95000] MASTER 1 B_VALID_RDY Handshake
[95000] [MASTER MONITOR] mst_id=1 s_id=1 awaddr=10000010 awid=0 awlen=0 awsize=3 awburst=1 wdata=[bbbbbbbbbbbbbbbb ] wstrb=[ff ] bresp=0 bid=0
[95000] MASTER 0 B_VALID_RDY Handshake
[95000] [MASTER MONITOR] mst_id=0 s_id=0 awaddr=10 awid=0 awlen=0 awsize=3 awburst=1 wdata=[aaaaaaaaaaaaaaaa ] wstrb=[ff ] bresp=0 bid=0
[95000] MASTER 0 RECEIVED BRESP. BRESP=0
[95000] [MASTER DRIVER] mst_id=0 s_id=0 awaddr=10 awid=0 awlen=0 awsize=3 awburst=1 wdata=[aaaaaaaaaaaaaaaa ] wstrb=[ff ] bresp=0 bid=0
[95000] MASTER 1 RECEIVED BRESP. BRESP=0
[95000] [MASTER DRIVER] mst_id=1 s_id=0 awaddr=10000010 awid=0 awlen=0 awsize=3 awburst=1 wdata=[bbbbbbbbbbbbbbbb ] wstrb=[ff ] bresp=0 bid=0
[95000] SCOREBOARD MATCH: decode_err expected = 0, actual =0
[95000] SCOREBOARD MATCH: slave_id expected = 1, actual =1
[95000] SCOREBOARD MATCH: awaddr passthrough expected = 10000010, actual =10000010
[95000] SCOREBOARD MATCH: awlen passthrough expected = 0, actual =0
[95000] SCOREBOARD MATCH: awsize passthrough expected = 3, actual =3
[95000] SCOREBOARD MATCH: awburst passthrough expected = 1, actual =1
[95000] SCOREBOARD MATCH: wdata size check expected = 1, actual =1
[95000] SCOREBOARD MATCH: wdata passthrough beat=0 expected = bbbbbbbbbbbbbbbb, actual =bbbbbbbbbbbbbbbb
[95000] SCOREBOARD MATCH: wstrb size check expected = 1, actual =1
[95000] SCOREBOARD MATCH: wstrb passthrough beat=0 expected = ff, actual =ff
[95000] SCOREBOARD MATCH: bresp passthrough expected = 0, actual =0
[95000] SCOREBOARD MATCH: response routed to correct master (write) expected = 1, actual =1
[95000] [SCOREBOARD-M] mst_id=1 s_id=1 awaddr=10000010 awid=0 awlen=0 awsize=3 awburst=1 wdata=[bbbbbbbbbbbbbbbb ] wstrb=[ff ] bresp=0 bid=0
[95000] [SCOREBOARD-S] mst_id=1 s_id=1 awaddr=10000010 awid=0 awlen=0 awsize=3 awburst=1 wdata=[bbbbbbbbbbbbbbbb ] wstrb=[ff ] bresp=0 bid=10000
[95000] SCOREBOARD: Transaction 1 received. pass=12 fail=0
[95000] SCOREBOARD: Expected 1 transactions completed, PASS=12 FAIL=0
[95000] ALL PASS. Total transactions: 1
[95000] SCOREBOARD MATCH: decode_err expected = 0, actual =0
[95000] SCOREBOARD MATCH: slave_id expected = 0, actual =0
[95000] SCOREBOARD MATCH: awaddr passthrough expected = 10, actual =10
[95000] SCOREBOARD MATCH: awlen passthrough expected = 0, actual =0
[95000] SCOREBOARD MATCH: awsize passthrough expected = 3, actual =3
[95000] SCOREBOARD MATCH: awburst passthrough expected = 1, actual =1
[95000] SCOREBOARD MATCH: wdata size check expected = 1, actual =1
[95000] SCOREBOARD MATCH: wdata passthrough beat=0 expected = aaaaaaaaaaaaaaaa, actual =aaaaaaaaaaaaaaaa
[95000] SCOREBOARD MATCH: wstrb size check expected = 1, actual =1
[95000] SCOREBOARD MATCH: wstrb passthrough beat=0 expected = ff, actual =ff
[95000] SCOREBOARD MATCH: bresp passthrough expected = 0, actual =0
[95000] SCOREBOARD MATCH: response routed to correct master (write) expected = 0, actual =0
[95000] [SCOREBOARD-M] mst_id=0 s_id=0 awaddr=10 awid=0 awlen=0 awsize=3 awburst=1 wdata=[aaaaaaaaaaaaaaaa ] wstrb=[ff ] bresp=0 bid=0
[95000] [SCOREBOARD-S] mst_id=0 s_id=0 awaddr=10 awid=0 awlen=0 awsize=3 awburst=1 wdata=[aaaaaaaaaaaaaaaa ] wstrb=[ff ] bresp=0 bid=0
[95000] SCOREBOARD: Transaction 2 received. pass=24 fail=0
[95000] SCOREBOARD: Expected 1 transactions completed, PASS=24 FAIL=0
[95000] ALL PASS. Total transactions: 2
[95000] ALL TRANSACTIONS MONITORED
$finish called at time : 115 ns : File "/home/nashita/Desktop/practice/axi_xbar/tb/axi_tb_top.sv" Line 206
exit
INFO: xsimkernel Simulation Memory Usage: 289412 KB (Peak: 337816 KB), Simulation CPU Usage: 1150 ms
INFO: [Common 17-206] Exiting xsim at Tue Sep  8 12:56:19 2026...
