ET (run 1 seed=2) : PASS
ET (run 2 seed=3) : PASS
ET (run 3 seed=4) : PASS
ET (run 4 seed=5) : PASS
ET (run 5 seed=6) : PASS
ET (run 6 seed=7) : PASS
ET (run 7 seed=8) : PASS
ET (run 8 seed=9) : PASS
ET (run 9 seed=10) : PASS
ET (run 10 seed=11) : PASS
AT (run 1 seed=2) : PASS
AT (run 2 seed=3) : PASS
AT (run 3 seed=4) : PASS
AT (run 4 seed=5) : PASS
AT (run 5 seed=6) : PASS
AT (run 6 seed=7) : PASS
AT (run 7 seed=8) : PASS
AT (run 8 seed=9) : PASS
AT (run 9 seed=10) : PASS
AT (run 10 seed=11) : PASS
NOC (run 1 seed=2) : PASS
NOC (run 2 seed=3) : PASS
NOC (run 3 seed=4) : PASS
NOC (run 4 seed=5) : PASS
NOC (run 5 seed=6) : PASS
NOC (run 6 seed=7) : PASS
NOC (run 7 seed=8) : PASS
NOC (run 8 seed=9) : PASS
NOC (run 9 seed=10) : PASS
NOC (run 10 seed=11) : PASS
WT (run 1 seed=2) : PASS
WT (run 2 seed=3) : PASS
WT (run 3 seed=4) : PASS
WT (run 4 seed=5) : PASS
WT (run 5 seed=6) : PASS
WT (run 6 seed=7) : PASS
WT (run 7 seed=8) : PASS
WT (run 8 seed=9) : PASS
WT (run 9 seed=10) : PASS
WT (run 10 seed=11) : PASS
RT (run 1 seed=2) : PASS
RT (run 2 seed=3) : PASS
RT (run 3 seed=4) : PASS
RT (run 4 seed=5) : PASS
RT (run 5 seed=6) : PASS
RT (run 6 seed=7) : PASS
RT (run 7 seed=8) : PASS
RT (run 8 seed=9) : PASS
RT (run 9 seed=10) : PASS
RT (run 10 seed=11) : PASS
WRT (run 1 seed=2) : PASS
WRT (run 2 seed=3) : PASS
WRT (run 3 seed=4) : PASS
WRT (run 4 seed=5) : PASS
WRT (run 5 seed=6) : PASS
WRT (run 6 seed=7) : PASS
WRT (run 7 seed=8) : PASS
WRT (run 8 seed=9) : PASS
WRT (run 9 seed=10) : PASS
WRT (run 10 seed=11) : PASS
BT (run 1 seed=2) : PASS
BT (run 2 seed=3) : PASS
BT (run 3 seed=4) : PASS
BT (run 4 seed=5)  : FAIL
BT (run 5 seed=6)  : FAIL
BT (run 6 seed=7)  : FAIL
BT (run 7 seed=8) : PASS
BT (run 8 seed=9)  : FAIL
BT (run 9 seed=10)  : FAIL
BT (run 10 seed=11) : PASS
